11/20 18:48:11.367: [sbi] ERROR: ogs_queue_push() failed:-4 (../lib/sbi/path.c:43)
11/20 18:49:23.799: [sock] ERROR: socket bind(2) [127.0.0.2]:2152 failed (98:Address already in use) (../lib/core/ogs-socket.c:111)
11/20 18:49:23.799: [sock] ERROR: udp_server() [127.0.0.2]:2152 failed (98:Address already in use) (../lib/core/ogs-udp.c:69)
11/20 18:49:23.799: [core] FATAL: test_gtpu_server: Assertion `sock' failed. (../tests/common/gtpu.c:51)
11/20 18:49:23.799: [core] FATAL: backtrace() returned 6 addresses (../lib/core/ogs-abort.c:37)
./build/tests/registration/registration(+0x3e01e) [0x5574ae81501e]
./build/tests/registration/registration(+0x34142) [0x5574ae80b142]
/home/test/build/tests/registration/../../lib/core/libogscore.so.2(+0x106f3) [0x7f04e3c956f3]
/lib/x86_64-linux-gnu/libpthread.so.0(+0x76db) [0x7f04e14d86db]
/lib/x86_64-linux-gnu/libc.so.6(clone+0x3f) [0x7f04e120161f]
11/20 18:49:29.823: [amf] ERROR: nas_5gs_send_authentication_request: Expectation `rv == OGS_OK' failed. (../src/amf/nas-path.c:372)
11/20 18:49:29.823: [gmm] ERROR: nas_5gs_send_authentication_request() failed (../src/amf/gmm-sm.c:676)
11/20 18:49:29.823: [amf] ERROR: [(null)] No NG Context - Group[3] Cause[0] Action[3] Duration[0] (../src/amf/ngap-path.c:359)
11/20 18:49:38.455: [sock] ERROR: socket bind(2) [127.0.0.2]:2152 failed (98:Address already in use) (../lib/core/ogs-socket.c:111)
11/20 18:49:38.455: [sock] ERROR: udp_server() [127.0.0.2]:2152 failed (98:Address already in use) (../lib/core/ogs-udp.c:69)
11/20 18:49:38.455: [core] FATAL: test_gtpu_server: Assertion `sock' failed. (../tests/common/gtpu.c:51)
11/20 18:49:38.455: [core] FATAL: backtrace() returned 6 addresses (../lib/core/ogs-abort.c:37)
./build/tests/registration/registration(+0x3e01e) [0x556ed809e01e]
./build/tests/registration/registration(+0x34142) [0x556ed8094142]
/home/test/build/tests/registration/../../lib/core/libogscore.so.2(+0x106f3) [0x7ff5176a56f3]
/lib/x86_64-linux-gnu/libpthread.so.0(+0x76db) [0x7ff514ee86db]
/lib/x86_64-linux-gnu/libc.so.6(clone+0x3f) [0x7ff514c1161f]
11/20 18:50:14.139: [thread] DEBUG: [0x5609d65bef10] thread started (../lib/core/ogs-thread.c:101)
11/20 18:50:14.139: [thread] DEBUG: [0x5609d65bef10] worker signal (../lib/core/ogs-thread.c:66)
Open5GS daemon v2.5.5

11/20 18:50:14.147: [app] INFO: Configuration: '/home/test/build/configs/sample.yaml' (../lib/app/ogs-init.c:126)
11/20 18:50:14.147: [app] INFO: File Logging: '/home/test/test.log' (../lib/app/ogs-init.c:129)
11/20 18:50:14.147: [app] INFO: LOG-LEVEL: 'debug' (../lib/app/ogs-init.c:132)
11/20 18:50:14.179: [sock] DEBUG: addr:127.0.0.10, port:7777 (../lib/core/ogs-sockaddr.c:140)
11/20 18:50:14.180: [sock] DEBUG: addr:::1, port:7777 (../lib/core/ogs-sockaddr.c:140)
11/20 18:50:14.180: [sock] DEBUG: socket create(2:1:6) (../lib/core/ogs-socket.c:92)
11/20 18:50:14.180: [sock] DEBUG: Turn on TCP_NODELAY (../lib/core/ogs-sockopt.c:139)
11/20 18:50:14.180: [sock] DEBUG: Turn on SO_REUSEADDR (../lib/core/ogs-sockopt.c:120)
11/20 18:50:14.180: [sock] DEBUG: socket bind 127.0.0.10:7777 (../lib/core/ogs-socket.c:117)
11/20 18:50:14.180: [sock] DEBUG: tcp_server() [127.0.0.10]:7777 (../lib/core/ogs-tcp.c:61)
11/20 18:50:14.180: [sbi] INFO: nghttp2_server() [127.0.0.10]:7777 (../lib/sbi/nghttp2-server.c:151)
11/20 18:50:14.180: [sock] DEBUG: socket create(10:1:6) (../lib/core/ogs-socket.c:92)
11/20 18:50:14.180: [sock] DEBUG: Turn on TCP_NODELAY (../lib/core/ogs-sockopt.c:139)
11/20 18:50:14.180: [sock] DEBUG: Turn on SO_REUSEADDR (../lib/core/ogs-sockopt.c:120)
11/20 18:50:14.180: [sock] DEBUG: socket bind ::1:7777 (../lib/core/ogs-socket.c:117)
11/20 18:50:14.180: [sock] DEBUG: tcp_server() [::1]:7777 (../lib/core/ogs-tcp.c:61)
11/20 18:50:14.180: [sbi] INFO: nghttp2_server() [::1]:7777 (../lib/sbi/nghttp2-server.c:151)
11/20 18:50:14.180: [thread] DEBUG: [0x55f7e3a3ac40] thread started (../lib/core/ogs-thread.c:101)
11/20 18:50:14.180: [app] INFO: NRF initialize...done (../src/nrf/app.c:31)
11/20 18:50:14.180: [thread] DEBUG: [0x55f7e3a3ac40] worker signal (../lib/core/ogs-thread.c:66)
11/20 18:50:14.180: [nrf] DEBUG: nrf_state_initial(): INIT (../src/nrf/nrf-sm.c:25)
11/20 18:50:14.180: [nrf] DEBUG: nrf_state_operational(): ENTRY (../src/nrf/nrf-sm.c:50)
11/20 18:50:14.189: [thread] DEBUG: [0x5609d65c0980] worker signal (../lib/core/ogs-thread.c:66)
11/20 18:50:14.189: [thread] DEBUG: [0x5609d65c0980] thread started (../lib/core/ogs-thread.c:101)
Open5GS daemon v2.5.5

11/20 18:50:14.195: [app] INFO: Configuration: '/home/test/build/configs/sample.yaml' (../lib/app/ogs-init.c:126)
11/20 18:50:14.195: [app] INFO: File Logging: '/home/test/test.log' (../lib/app/ogs-init.c:129)
11/20 18:50:14.195: [app] INFO: LOG-LEVEL: 'debug' (../lib/app/ogs-init.c:132)
11/20 18:50:14.240: [thread] DEBUG: [0x5609d65c0b90] worker signal (../lib/core/ogs-thread.c:66)
11/20 18:50:14.240: [thread] DEBUG: [0x5609d65c0b90] thread started (../lib/core/ogs-thread.c:101)
Open5GS daemon v2.5.5

11/20 18:50:14.256: [app] INFO: Configuration: '/home/test/build/configs/sample.yaml' (../lib/app/ogs-init.c:126)
11/20 18:50:14.256: [app] INFO: File Logging: '/home/test/test.log' (../lib/app/ogs-init.c:129)
11/20 18:50:14.256: [app] INFO: LOG-LEVEL: 'debug' (../lib/app/ogs-init.c:132)
11/20 18:50:14.291: [thread] DEBUG: [0x5609d65c0da0] thread started (../lib/core/ogs-thread.c:101)
11/20 18:50:14.291: [thread] DEBUG: [0x5609d65c0da0] worker signal (../lib/core/ogs-thread.c:66)
Open5GS daemon v2.5.5

11/20 18:50:14.306: [app] INFO: Configuration: '/home/test/build/configs/sample.yaml' (../lib/app/ogs-init.c:126)
11/20 18:50:14.306: [app] INFO: File Logging: '/home/test/test.log' (../lib/app/ogs-init.c:129)
11/20 18:50:14.306: [app] INFO: LOG-LEVEL: 'debug' (../lib/app/ogs-init.c:132)
11/20 18:50:14.341: [thread] DEBUG: [0x5609d65c0fb0] thread started (../lib/core/ogs-thread.c:101)
11/20 18:50:14.342: [thread] DEBUG: [0x5609d65c0fb0] worker signal (../lib/core/ogs-thread.c:66)
11/20 18:50:14.349: [sock] DEBUG: addr:127.0.0.5, port:7777 (../lib/core/ogs-sockaddr.c:140)
11/20 18:50:14.350: [sock] DEBUG: addr:127.0.0.10, port:7777 (../lib/core/ogs-sockaddr.c:140)
11/20 18:50:14.350: [sock] DEBUG: addr:::1, port:7777 (../lib/core/ogs-sockaddr.c:140)
11/20 18:50:14.350: [sock] DEBUG: addr:127.0.0.5, port:38412 (../lib/core/ogs-sockaddr.c:140)
11/20 18:50:14.350: [sock] DEBUG: addr:127.0.0.20, port:38412 (../lib/core/ogs-sockaddr.c:140)
11/20 18:50:14.350: [sock] DEBUG: addr:127.0.0.21, port:38412 (../lib/core/ogs-sockaddr.c:140)
11/20 18:50:14.350: [sock] DEBUG: addr:127.0.0.22, port:38412 (../lib/core/ogs-sockaddr.c:140)
11/20 18:50:14.350: [sock] DEBUG: addr:127.0.0.23, port:38412 (../lib/core/ogs-sockaddr.c:140)
11/20 18:50:14.350: [sock] DEBUG: addr:127.0.0.24, port:38412 (../lib/core/ogs-sockaddr.c:140)
11/20 18:50:14.350: [sock] DEBUG: addr:127.0.0.25, port:38412 (../lib/core/ogs-sockaddr.c:140)
11/20 18:50:14.350: [sock] DEBUG: addr:127.0.0.26, port:38412 (../lib/core/ogs-sockaddr.c:140)
11/20 18:50:14.350: [sock] DEBUG: addr:127.0.0.27, port:38412 (../lib/core/ogs-sockaddr.c:140)
11/20 18:50:14.350: [sock] DEBUG: addr:127.0.0.28, port:38412 (../lib/core/ogs-sockaddr.c:140)
Open5GS daemon v2.5.5

11/20 18:50:14.353: [app] INFO: Configuration: '/home/test/build/configs/sample.yaml' (../lib/app/ogs-init.c:126)
11/20 18:50:14.353: [app] INFO: File Logging: '/home/test/test.log' (../lib/app/ogs-init.c:129)
11/20 18:50:14.353: [app] INFO: LOG-LEVEL: 'debug' (../lib/app/ogs-init.c:132)
11/20 18:50:14.371: [sock] DEBUG: addr:127.0.0.7, port:2152 (../lib/core/ogs-sockaddr.c:140)
11/20 18:50:14.371: [sock] DEBUG: addr:127.0.0.4, port:8805 (../lib/core/ogs-sockaddr.c:140)
11/20 18:50:14.371: [sock] DEBUG: addr:127.0.0.7, port:8805 (../lib/core/ogs-sockaddr.c:140)
11/20 18:50:14.380: [sock] DEBUG: socket create(2:2:17) (../lib/core/ogs-socket.c:92)
11/20 18:50:14.380: [sock] DEBUG: socket bind 127.0.0.7:8805 (../lib/core/ogs-socket.c:117)
11/20 18:50:14.380: [sock] DEBUG: udp_server() [127.0.0.7]:8805 (../lib/core/ogs-udp.c:52)
11/20 18:50:14.380: [pfcp] INFO: pfcp_server() [127.0.0.7]:8805 (../lib/pfcp/path.c:31)
11/20 18:50:14.380: [upf] DEBUG: upf_pfcp_state_initial(): ENTRY (../src/upf/pfcp-sm.c:38)
11/20 18:50:14.380: [pfcp] INFO: ogs_pfcp_connect() [127.0.0.4]:8805 (../lib/pfcp/path.c:62)
11/20 18:50:14.380: [upf] DEBUG: upf_pfcp_state_will_associate(): ENTRY (../src/upf/pfcp-sm.c:79)
11/20 18:50:14.380: [pfcp] DEBUG: [1] LOCAL  Create  peer [127.0.0.4]:8805 (../lib/pfcp/xact.c:116)
11/20 18:50:14.380: [pfcp] DEBUG: Association Setup Request (../lib/pfcp/build.c:137)
11/20 18:50:14.380: [pfcp] DEBUG: [1] LOCAL  UPD TX-5  peer [127.0.0.4]:8805 (../lib/pfcp/xact.c:197)
11/20 18:50:14.380: [pfcp] DEBUG: [1] LOCAL  Commit  peer [127.0.0.4]:8805 (../lib/pfcp/xact.c:475)
11/20 18:50:14.380: [sock] DEBUG: socket create(2:2:17) (../lib/core/ogs-socket.c:92)
11/20 18:50:14.380: [sock] DEBUG: socket bind 127.0.0.7:2152 (../lib/core/ogs-socket.c:117)
11/20 18:50:14.380: [sock] DEBUG: udp_server() [127.0.0.7]:2152 (../lib/core/ogs-udp.c:52)
11/20 18:50:14.380: [gtp] INFO: gtp_server() [127.0.0.7]:2152 (../lib/gtp/path.c:31)
11/20 18:50:14.381: [thread] DEBUG: [0x5589628dda60] worker signal (../lib/core/ogs-thread.c:66)
11/20 18:50:14.381: [upf] DEBUG: upf_state_initial(): INIT (../src/upf/upf-sm.c:28)
11/20 18:50:14.381: [upf] DEBUG: upf_state_operational(): ENTRY (../src/upf/upf-sm.c:51)
11/20 18:50:14.381: [thread] DEBUG: [0x5589628dda60] thread started (../lib/core/ogs-thread.c:101)
11/20 18:50:14.381: [app] INFO: UPF initialize...done (../src/upf/app.c:31)
11/20 18:50:14.392: [thread] DEBUG: [0x5609d65c11c0] thread started (../lib/core/ogs-thread.c:101)
11/20 18:50:14.392: [thread] DEBUG: [0x5609d65c11c0] worker signal (../lib/core/ogs-thread.c:66)
11/20 18:50:14.392: [sock] DEBUG: addr:127.0.0.10, port:7777 (../lib/core/ogs-sockaddr.c:140)
11/20 18:50:14.393: [sock] DEBUG: addr:::1, port:7777 (../lib/core/ogs-sockaddr.c:140)
11/20 18:50:14.393: [sock] DEBUG: addr:127.0.0.11, port:7777 (../lib/core/ogs-sockaddr.c:140)
11/20 18:50:14.393: [sbi] DEBUG: ogs_sbi_nf_state_initial(): ENTRY (../lib/sbi/nf-sm.c:66)
11/20 18:50:14.393: [sbi] DEBUG: ogs_sbi_nf_state_registered(): ENTRY (../lib/sbi/nf-sm.c:204)
11/20 18:50:14.393: [sbi] INFO: NF Service [nausf-auth] (../lib/sbi/context.c:1401)
11/20 18:50:14.393: [sbi] DEBUG: ogs_sbi_nf_state_initial(): ENTRY (../lib/sbi/nf-sm.c:66)
11/20 18:50:14.393: [sbi] DEBUG: ogs_sbi_nf_state_will_register(): ENTRY (../lib/sbi/nf-sm.c:118)
11/20 18:50:14.393: [sbi] DEBUG: [PUT] http://[::1]:7777/nnrf-nfm/v1/nf-instances/39569a0e-6947-41ed-81b2-df72405de77b (../lib/sbi/client.c:625)
11/20 18:50:14.393: [sbi] DEBUG: SENDING...[731] (../lib/sbi/client.c:401)
11/20 18:50:14.393: [sbi] DEBUG: {
	"nfInstanceId":	"39569a0e-6947-41ed-81b2-df72405de77b",
	"nfType":	"AUSF",
	"nfStatus":	"REGISTERED",
	"ipv4Addresses":	["127.0.0.11"],
	"allowedNfTypes":	["AMF", "SCP"],
	"priority":	0,
	"capacity":	100,
	"load":	0,
	"nfServiceList":	{
		"3956b796-6947-41ed-81b2-df72405de77b":	{
			"serviceInstanceId":	"3956b796-6947-41ed-81b2-df72405de77b",
			"serviceName":	"nausf-auth",
			"versions":	[{
					"apiVersionInUri":	"v1",
					"apiFullVersion":	"1.0.0"
				}],
			"scheme":	"http",
			"nfServiceStatus":	"REGISTERED",
			"ipEndPoints":	[{
					"ipv4Address":	"127.0.0.11",
					"port":	7777
				}],
			"allowedNfTypes":	["AMF"],
			"priority":	0,
			"capacity":	100,
			"load":	0
		}
	},
	"nfProfileChangesSupportInd":	true
} (../lib/sbi/client.c:403)
11/20 18:50:14.393: [sock] DEBUG: socket create(2:1:6) (../lib/core/ogs-socket.c:92)
11/20 18:50:14.393: [sock] DEBUG: Turn on TCP_NODELAY (../lib/core/ogs-sockopt.c:139)
11/20 18:50:14.393: [sock] DEBUG: Turn on SO_REUSEADDR (../lib/core/ogs-sockopt.c:120)
11/20 18:50:14.393: [sock] DEBUG: socket bind 127.0.0.11:7777 (../lib/core/ogs-socket.c:117)
11/20 18:50:14.393: [sock] DEBUG: tcp_server() [127.0.0.11]:7777 (../lib/core/ogs-tcp.c:61)
11/20 18:50:14.393: [sbi] INFO: nghttp2_server() [127.0.0.11]:7777 (../lib/sbi/nghttp2-server.c:151)
11/20 18:50:14.393: [thread] DEBUG: [0x5635eece8420] thread started (../lib/core/ogs-thread.c:101)
11/20 18:50:14.393: [app] INFO: AUSF initialize...done (../src/ausf/app.c:31)
11/20 18:50:14.393: [thread] DEBUG: [0x5635eece8420] worker signal (../lib/core/ogs-thread.c:66)
11/20 18:50:14.393: [ausf] DEBUG: ausf_state_initial(): INIT (../src/ausf/ausf-sm.c:25)
11/20 18:50:14.393: [ausf] DEBUG: ausf_state_operational(): ENTRY (../src/ausf/ausf-sm.c:52)
0000: 00000604 00000000 00000300 04e200     ...............
11/20 18:50:14.394: [sbi] DEBUG: MAX_CONCURRENT_STREAMS = 100 (../lib/sbi/nghttp2-server.c:747)
11/20 18:50:14.394: [sbi] DEBUG: ENABLE_PUSH = false (../lib/sbi/nghttp2-server.c:749)
11/20 18:50:14.394: [sbi] DEBUG: STREAM added [1] (../lib/sbi/nghttp2-server.c:1122)
11/20 18:50:14.394: [sbi] DEBUG: MAX_CONCURRENT_STREAMS = 100 (../lib/sbi/nghttp2-server.c:747)
11/20 18:50:14.394: [sbi] DEBUG: ENABLE_PUSH = false (../lib/sbi/nghttp2-server.c:749)
11/20 18:50:14.394: [sbi] DEBUG: [PUT] /nnrf-nfm/v1/nf-instances/39569a0e-6947-41ed-81b2-df72405de77b (../lib/sbi/nghttp2-server.c:801)
11/20 18:50:14.394: [sbi] DEBUG: RECEIVED: 731 (../lib/sbi/nghttp2-server.c:805)
11/20 18:50:14.394: [sbi] DEBUG: {
	"nfInstanceId":	"39569a0e-6947-41ed-81b2-df72405de77b",
	"nfType":	"AUSF",
	"nfStatus":	"REGISTERED",
	"ipv4Addresses":	["127.0.0.11"],
	"allowedNfTypes":	["AMF", "SCP"],
	"priority":	0,
	"capacity":	100,
	"load":	0,
	"nfServiceList":	{
		"3956b796-6947-41ed-81b2-df72405de77b":	{
			"serviceInstanceId":	"3956b796-6947-41ed-81b2-df72405de77b",
			"serviceName":	"nausf-auth",
			"versions":	[{
					"apiVersionInUri":	"v1",
					"apiFullVersion":	"1.0.0"
				}],
			"scheme":	"http",
			"nfServiceStatus":	"REGISTERED",
			"ipEndPoints":	[{
					"ipv4Address":	"127.0.0.11",
					"port":	7777
				}],
			"allowedNfTypes":	["AMF"],
			"priority":	0,
			"capacity":	100,
			"load":	0
		}
	},
	"nfProfileChangesSupportInd":	true
} (../lib/sbi/nghttp2-server.c:806)
11/20 18:50:14.394: [nrf] DEBUG: nrf_state_operational(): OGS_EVENT_NAME_SBI_SERVER (../src/nrf/nrf-sm.c:50)
11/20 18:50:14.394: [sbi] DEBUG: ogs_sbi_nf_instance_add() (../lib/sbi/context.c:762)
11/20 18:50:14.394: [sbi] DEBUG: [REF] 1 (../lib/sbi/context.c:764)
11/20 18:50:14.394: [nrf] DEBUG: nrf_nf_state_initial(): ENTRY (../src/nrf/nf-sm.c:55)
11/20 18:50:14.394: [nrf] DEBUG: nrf_nf_state_will_register(): ENTRY (../src/nrf/nf-sm.c:93)
11/20 18:50:14.394: [nrf] DEBUG: nrf_nf_state_will_register(): OGS_EVENT_NAME_SBI_SERVER (../src/nrf/nf-sm.c:93)
11/20 18:50:14.394: [sock] DEBUG: addr:127.0.0.11, port:80 (../lib/core/ogs-sockaddr.c:140)
11/20 18:50:14.394: [sock] DEBUG: addr:127.0.0.11, port:7777 (../lib/core/ogs-sockaddr.c:140)
11/20 18:50:14.394: [sbi] DEBUG: STATUS [201] (../lib/sbi/nghttp2-server.c:357)
11/20 18:50:14.394: [sbi] DEBUG: SENDING...: 158 (../lib/sbi/nghttp2-server.c:365)
11/20 18:50:14.394: [sbi] DEBUG: {
	"nfInstanceId":	"39569a0e-6947-41ed-81b2-df72405de77b",
	"nfType":	"AUSF",
	"nfStatus":	"REGISTERED",
	"heartBeatTimer":	10,
	"nfProfileChangesInd":	true
} (../lib/sbi/nghttp2-server.c:366)
11/20 18:50:14.395: [sbi] DEBUG: STREAM closed [1] (../lib/sbi/nghttp2-server.c:852)
11/20 18:50:14.395: [nrf] DEBUG: nrf_nf_state_will_register(): EXIT (../src/nrf/nf-sm.c:93)
11/20 18:50:14.395: [nrf] DEBUG: nrf_nf_state_registered(): ENTRY (../src/nrf/nf-sm.c:183)
11/20 18:50:14.395: [nrf] INFO: [39569a0e-6947-41ed-81b2-df72405de77b] NF registered [Heartbeat:10s] (../src/nrf/nf-sm.c:191)
0000: 00000004 01000000 00                  .........
0000: 00006c01 04000000 01488210 03768bd5   ..l......H...v..
0010: 596a6f16 e53b8976 d76f6196 d07abe94   Yjo..;.v.oa..z..
0020: 1054d27e ea080212 8015c6c1 702d298b   .T.~........p-).
0030: 46ff0f0d 03313538 0f1fad62 aaac956a   F....158...b...j
0040: a5a58ee1 62a95635 4848ea21 50c32fb6   ....b.V5HH.!P./.
0050: e3e30156 71f69d59 a096459e 0c625a49   ...Vq..Y..E..bZI
0060: 5d13406e 42baec7f 5f8b1d75 d0620d26   ].@nB..._..u.b.&
0070: 3d4c7441 ea                           =LtA.
0000: 00009e00 01000000 017b0a09 226e6649   .........{.."nfI
0010: 6e737461 6e636549 64223a09 22333935   nstanceId":."395
0020: 36396130 652d3639 34372d34 3165642d   69a0e-6947-41ed-
0030: 38316232 2d646637 32343035 64653737   81b2-df72405de77
0040: 62222c0a 09226e66 54797065 223a0922   b",.."nfType":."
0050: 41555346 222c0a09 226e6653 74617475   AUSF",.."nfStatu
0060: 73223a09 22524547 49535445 52454422   s":."REGISTERED"
0070: 2c0a0922 68656172 74426561 7454696d   ,.."heartBeatTim
0080: 6572223a 0931302c 0a09226e 6650726f   er":.10,.."nfPro
0090: 66696c65 4368616e 67657349 6e64223a   fileChangesInd":
00a0: 09747275 650a7d                       .true.}
11/20 18:50:14.395: [sbi] DEBUG: [201:PUT] http://[::1]:7777/nnrf-nfm/v1/nf-instances/39569a0e-6947-41ed-81b2-df72405de77b (../lib/sbi/client.c:573)
11/20 18:50:14.395: [sbi] DEBUG: RECEIVED[158] (../lib/sbi/client.c:584)
11/20 18:50:14.395: [sbi] DEBUG: {
	"nfInstanceId":	"39569a0e-6947-41ed-81b2-df72405de77b",
	"nfType":	"AUSF",
	"nfStatus":	"REGISTERED",
	"heartBeatTimer":	10,
	"nfProfileChangesInd":	true
} (../lib/sbi/client.c:586)
11/20 18:50:14.395: [ausf] DEBUG: ausf_state_operational(): OGS_EVENT_NAME_SBI_CLIENT (../src/ausf/ausf-sm.c:52)
11/20 18:50:14.395: [sbi] DEBUG: ogs_sbi_nf_state_will_register(): OGS_EVENT_NAME_SBI_CLIENT (../lib/sbi/nf-sm.c:118)
11/20 18:50:14.395: [sbi] DEBUG: ogs_sbi_nf_state_will_register(): EXIT (../lib/sbi/nf-sm.c:118)
11/20 18:50:14.395: [sbi] DEBUG: ogs_sbi_nf_state_registered(): ENTRY (../lib/sbi/nf-sm.c:204)
11/20 18:50:14.395: [sbi] INFO: [39569a0e-6947-41ed-81b2-df72405de77b] NF registered [Heartbeat:10s] (../lib/sbi/nf-sm.c:216)
11/20 18:50:14.396: [sbi] DEBUG: [POST] http://[::1]:7777/nnrf-nfm/v1/subscriptions (../lib/sbi/client.c:625)
11/20 18:50:14.396: [sbi] DEBUG: SENDING...[263] (../lib/sbi/client.c:401)
11/20 18:50:14.396: [sbi] DEBUG: {
	"nfStatusNotificationUri":	"http://127.0.0.11:7777/nnrf-nfm/v1/nf-status-notify",
	"reqNfInstanceId":	"39569a0e-6947-41ed-81b2-df72405de77b",
	"subscrCond":	{
		"nfType":	"UDM",
		"serviceName":	"nudm-ueau"
	},
	"reqNfType":	"AUSF",
	"requesterFeatures":	"1"
} (../lib/sbi/client.c:403)
11/20 18:50:14.396: [sbi] DEBUG: STREAM added [3] (../lib/sbi/nghttp2-server.c:1122)
11/20 18:50:14.396: [sbi] DEBUG: [POST] /nnrf-nfm/v1/subscriptions (../lib/sbi/nghttp2-server.c:801)
11/20 18:50:14.396: [sbi] DEBUG: RECEIVED: 263 (../lib/sbi/nghttp2-server.c:805)
11/20 18:50:14.396: [sbi] DEBUG: {
	"nfStatusNotificationUri":	"http://127.0.0.11:7777/nnrf-nfm/v1/nf-status-notify",
	"reqNfInstanceId":	"39569a0e-6947-41ed-81b2-df72405de77b",
	"subscrCond":	{
		"nfType":	"UDM",
		"serviceName":	"nudm-ueau"
	},
	"reqNfType":	"AUSF",
	"requesterFeatures":	"1"
} (../lib/sbi/nghttp2-server.c:806)
11/20 18:50:14.396: [nrf] DEBUG: nrf_state_operational(): OGS_EVENT_NAME_SBI_SERVER (../src/nrf/nrf-sm.c:50)
11/20 18:50:14.396: [sock] DEBUG: addr:127.0.0.11, port:7777 (../lib/core/ogs-sockaddr.c:140)
11/20 18:50:14.396: [sbi] DEBUG: ogs_sbi_client_add() (../lib/sbi/client.c:112)
11/20 18:50:14.396: [sbi] DEBUG: [REF] 1 (../lib/sbi/client.c:113)
11/20 18:50:14.396: [nrf] DEBUG: [REF] 2 (../src/nrf/nnrf-handler.c:261)
11/20 18:50:14.396: [sbi] DEBUG: STATUS [201] (../lib/sbi/nghttp2-server.c:357)
11/20 18:50:14.396: [sbi] DEBUG: SENDING...: 378 (../lib/sbi/nghttp2-server.c:365)
11/20 18:50:14.396: [sbi] DEBUG: {
	"nfStatusNotificationUri":	"http://127.0.0.11:7777/nnrf-nfm/v1/nf-status-notify",
	"reqNfInstanceId":	"39569a0e-6947-41ed-81b2-df72405de77b",
	"subscrCond":	{
		"nfType":	"UDM",
		"serviceName":	"nudm-ueau"
	},
	"subscriptionId":	"39573f68-6947-41ed-91bc-55e0ddbb24e8",
	"validityTime":	"2022-11-21T18:50:14.396794-08:00",
	"reqNfType":	"AUSF",
	"nrfSupportedFeatures":	"1"
} (../lib/sbi/nghttp2-server.c:366)
11/20 18:50:14.396: [sbi] DEBUG: STREAM closed [3] (../lib/sbi/nghttp2-server.c:852)
0000: 00002001 04000000 03c1c0bf 0f0d0333   .. ............3
0010: 37380f1f 9362aaac 956aa5a5 8ee16116   78...b...j....a.
0020: c682586a d263d48f be                  ..Xj.c...
0000: 00017a00 01000000 037b0a09 226e6653   ..z......{.."nfS
0010: 74617475 734e6f74 69666963 6174696f   tatusNotificatio
0020: 6e557269 223a0922 68747470 3a2f2f31   nUri":."http://1
0030: 32372e30 2e302e31 313a3737 37372f6e   27.0.0.11:7777/n
0040: 6e72662d 6e666d2f 76312f6e 662d7374   nrf-nfm/v1/nf-st
0050: 61747573 2d6e6f74 69667922 2c0a0922   atus-notify",.."
0060: 7265714e 66496e73 74616e63 65496422   reqNfInstanceId"
0070: 3a092233 39353639 6130652d 36393437   :."39569a0e-6947
0080: 2d343165 642d3831 62322d64 66373234   -41ed-81b2-df724
0090: 30356465 37376222 2c0a0922 73756273   05de77b",.."subs
00a0: 6372436f 6e64223a 097b0a09 09226e66   crCond":.{..."nf
00b0: 54797065 223a0922 55444d22 2c0a0909   Type":."UDM",...
00c0: 22736572 76696365 4e616d65 223a0922   "serviceName":."
00d0: 6e75646d 2d756561 75220a09 7d2c0a09   nudm-ueau"..},..
00e0: 22737562 73637269 7074696f 6e496422   "subscriptionId"
00f0: 3a092233 39353733 6636382d 36393437   :."39573f68-6947
0100: 2d343165 642d3931 62632d35 35653064   -41ed-91bc-55e0d
0110: 64626232 34653822 2c0a0922 76616c69   dbb24e8",.."vali
0120: 64697479 54696d65 223a0922 32303232   dityTime":."2022
0130: 2d31312d 32315431 383a3530 3a31342e   -11-21T18:50:14.
0140: 33393637 39342d30 383a3030 222c0a09   396794-08:00",..
0150: 22726571 4e665479 7065223a 09224155   "reqNfType":."AU
0160: 5346222c 0a09226e 72665375 70706f72   SF",.."nrfSuppor
0170: 74656446 65617475 72657322 3a092231   tedFeatures":."1
0180: 220a7d                                ".}
11/20 18:50:14.397: [sbi] DEBUG: [201:POST] http://[::1]:7777/nnrf-nfm/v1/subscriptions (../lib/sbi/client.c:573)
11/20 18:50:14.397: [sbi] DEBUG: RECEIVED[378] (../lib/sbi/client.c:584)
11/20 18:50:14.397: [sbi] DEBUG: {
	"nfStatusNotificationUri":	"http://127.0.0.11:7777/nnrf-nfm/v1/nf-status-notify",
	"reqNfInstanceId":	"39569a0e-6947-41ed-81b2-df72405de77b",
	"subscrCond":	{
		"nfType":	"UDM",
		"serviceName":	"nudm-ueau"
	},
	"subscriptionId":	"39573f68-6947-41ed-91bc-55e0ddbb24e8",
	"validityTime":	"2022-11-21T18:50:14.396794-08:00",
	"reqNfType":	"AUSF",
	"nrfSupportedFeatures":	"1"
} (../lib/sbi/client.c:586)
11/20 18:50:14.397: [ausf] DEBUG: ausf_state_operational(): OGS_EVENT_NAME_SBI_CLIENT (../src/ausf/ausf-sm.c:52)
Open5GS daemon v2.5.5

11/20 18:50:14.404: [app] INFO: Configuration: '/home/test/build/configs/sample.yaml' (../lib/app/ogs-init.c:126)
11/20 18:50:14.404: [app] INFO: File Logging: '/home/test/test.log' (../lib/app/ogs-init.c:129)
11/20 18:50:14.404: [app] INFO: LOG-LEVEL: 'debug' (../lib/app/ogs-init.c:132)
11/20 18:50:14.442: [thread] DEBUG: [0x5609d65c13d0] worker signal (../lib/core/ogs-thread.c:66)
11/20 18:50:14.442: [thread] DEBUG: [0x5609d65c13d0] thread started (../lib/core/ogs-thread.c:101)
11/20 18:50:14.443: [sock] DEBUG: addr:127.0.0.10, port:7777 (../lib/core/ogs-sockaddr.c:140)
11/20 18:50:14.443: [sock] DEBUG: addr:::1, port:7777 (../lib/core/ogs-sockaddr.c:140)
11/20 18:50:14.443: [sock] DEBUG: addr:127.0.0.12, port:7777 (../lib/core/ogs-sockaddr.c:140)
11/20 18:50:14.443: [sbi] DEBUG: ogs_sbi_nf_state_initial(): ENTRY (../lib/sbi/nf-sm.c:66)
11/20 18:50:14.443: [sbi] DEBUG: ogs_sbi_nf_state_registered(): ENTRY (../lib/sbi/nf-sm.c:204)
11/20 18:50:14.443: [sbi] INFO: NF Service [nudm-ueau] (../lib/sbi/context.c:1401)
11/20 18:50:14.443: [sbi] INFO: NF Service [nudm-uecm] (../lib/sbi/context.c:1401)
11/20 18:50:14.443: [sbi] INFO: NF Service [nudm-sdm] (../lib/sbi/context.c:1401)
11/20 18:50:14.443: [sbi] DEBUG: ogs_sbi_nf_state_initial(): ENTRY (../lib/sbi/nf-sm.c:66)
11/20 18:50:14.443: [sbi] DEBUG: ogs_sbi_nf_state_will_register(): ENTRY (../lib/sbi/nf-sm.c:118)
11/20 18:50:14.443: [sbi] DEBUG: [PUT] http://[::1]:7777/nnrf-nfm/v1/nf-instances/395e3f34-6947-41ed-8187-9b18713ac801 (../lib/sbi/client.c:625)
11/20 18:50:14.443: [sbi] DEBUG: SENDING...[1651] (../lib/sbi/client.c:401)
11/20 18:50:14.443: [sbi] DEBUG: {
	"nfInstanceId":	"395e3f34-6947-41ed-8187-9b18713ac801",
	"nfType":	"UDM",
	"nfStatus":	"REGISTERED",
	"ipv4Addresses":	["127.0.0.12"],
	"allowedNfTypes":	["AMF", "SMF", "AUSF", "SCP"],
	"priority":	0,
	"capacity":	100,
	"load":	0,
	"nfServiceList":	{
		"395e5816-6947-41ed-8187-9b18713ac801":	{
			"serviceInstanceId":	"395e5816-6947-41ed-8187-9b18713ac801",
			"serviceName":	"nudm-ueau",
			"versions":	[{
					"apiVersionInUri":	"v1",
					"apiFullVersion":	"1.0.0"
				}],
			"scheme":	"http",
			"nfServiceStatus":	"REGISTERED",
			"ipEndPoints":	[{
					"ipv4Address":	"127.0.0.12",
					"port":	7777
				}],
			"allowedNfTypes":	["AUSF"],
			"priority":	0,
			"capacity":	100,
			"load":	0
		},
		"395e58a2-6947-41ed-8187-9b18713ac801":	{
			"serviceInstanceId":	"395e58a2-6947-41ed-8187-9b18713ac801",
			"serviceName":	"nudm-uecm",
			"versions":	[{
					"apiVersionInUri":	"v1",
					"apiFullVersion":	"1.0.0"
				}],
			"scheme":	"http",
			"nfServiceStatus":	"REGISTERED",
			"ipEndPoints":	[{
					"ipv4Address":	"127.0.0.12",
					"port":	7777
				}],
			"allowedNfTypes":	["AMF"],
			"priority":	0,
			"capacity":	100,
			"load":	0
		},
		"395e5910-6947-41ed-8187-9b18713ac801":	{
			"serviceInstanceId":	"395e5910-6947-41ed-8187-9b18713ac801",
			"serviceName":	"nudm-sdm",
			"versions":	[{
					"apiVersionInUri":	"v2",
					"apiFullVersion":	"2.0.0"
				}],
			"scheme":	"http",
			"nfServiceStatus":	"REGISTERED",
			"ipEndPoints":	[{
					"ipv4Address":	"127.0.0.12",
					"port":	7777
				}],
			"allowedNfTypes":	["AMF", "SMF"],
			"priority":	0,
			"capacity":	100,
			"load":	0
		}
	},
	"nfProfileChangesSupportInd":	true
} (../lib/sbi/client.c:403)
11/20 18:50:14.443: [sock] DEBUG: socket create(2:1:6) (../lib/core/ogs-socket.c:92)
11/20 18:50:14.443: [sock] DEBUG: Turn on TCP_NODELAY (../lib/core/ogs-sockopt.c:139)
11/20 18:50:14.443: [sock] DEBUG: Turn on SO_REUSEADDR (../lib/core/ogs-sockopt.c:120)
11/20 18:50:14.443: [sock] DEBUG: socket bind 127.0.0.12:7777 (../lib/core/ogs-socket.c:117)
11/20 18:50:14.443: [sock] DEBUG: tcp_server() [127.0.0.12]:7777 (../lib/core/ogs-tcp.c:61)
11/20 18:50:14.443: [sbi] INFO: nghttp2_server() [127.0.0.12]:7777 (../lib/sbi/nghttp2-server.c:151)
11/20 18:50:14.443: [thread] DEBUG: [0x5635d78bdde0] thread started (../lib/core/ogs-thread.c:101)
11/20 18:50:14.443: [app] INFO: UDM initialize...done (../src/udm/app.c:31)
11/20 18:50:14.443: [thread] DEBUG: [0x5635d78bdde0] worker signal (../lib/core/ogs-thread.c:66)
11/20 18:50:14.444: [udm] DEBUG: udm_state_initial(): INIT (../src/udm/udm-sm.c:25)
11/20 18:50:14.445: [udm] DEBUG: udm_state_operational(): ENTRY (../src/udm/udm-sm.c:53)
0000: 00000604 00000000 00000300 04e200     ...............
11/20 18:50:14.445: [sbi] DEBUG: MAX_CONCURRENT_STREAMS = 100 (../lib/sbi/nghttp2-server.c:747)
11/20 18:50:14.445: [sbi] DEBUG: ENABLE_PUSH = false (../lib/sbi/nghttp2-server.c:749)
11/20 18:50:14.445: [sbi] DEBUG: STREAM added [1] (../lib/sbi/nghttp2-server.c:1122)
11/20 18:50:14.445: [sbi] DEBUG: MAX_CONCURRENT_STREAMS = 100 (../lib/sbi/nghttp2-server.c:747)
11/20 18:50:14.445: [sbi] DEBUG: ENABLE_PUSH = false (../lib/sbi/nghttp2-server.c:749)
11/20 18:50:14.445: [sbi] DEBUG: [PUT] /nnrf-nfm/v1/nf-instances/395e3f34-6947-41ed-8187-9b18713ac801 (../lib/sbi/nghttp2-server.c:801)
11/20 18:50:14.445: [sbi] DEBUG: RECEIVED: 1651 (../lib/sbi/nghttp2-server.c:805)
11/20 18:50:14.445: [sbi] DEBUG: {
	"nfInstanceId":	"395e3f34-6947-41ed-8187-9b18713ac801",
	"nfType":	"UDM",
	"nfStatus":	"REGISTERED",
	"ipv4Addresses":	["127.0.0.12"],
	"allowedNfTypes":	["AMF", "SMF", "AUSF", "SCP"],
	"priority":	0,
	"capacity":	100,
	"load":	0,
	"nfServiceList":	{
		"395e5816-6947-41ed-8187-9b18713ac801":	{
			"serviceInstanceId":	"395e5816-6947-41ed-8187-9b18713ac801",
			"serviceName":	"nudm-ueau",
			"versions":	[{
					"apiVersionInUri":	"v1",
					"apiFullVersion":	"1.0.0"
				}],
			"scheme":	"http",
			"nfServiceStatus":	"REGISTERED",
			"ipEndPoints":	[{
					"ipv4Address":	"127.0.0.12",
					"port":	7777
				}],
			"allowedNfTypes":	["AUSF"],
			"priority":	0,
			"capacity":	100,
			"load":	0
		},
		"395e58a2-6947-41ed-8187-9b18713ac801":	{
			"serviceInstanceId":	"395e58a2-6947-41ed-8187-9b18713ac801",
			"serviceName":	"nudm-uecm",
			"versions":	[{
					"apiVersionInUri":	"v1",
					"apiFullVersion":	"1.0.0"
				}],
			"scheme":	"http",
			"nfServiceStatus":	"REGISTERED",
			"ipEndPoints":	[{
					"ipv4Address":	"127.0.0.12",
					"port":	7777
				}],
			"allowedNfTypes":	["AMF"],
			"priority":	0,
			"capacity":	100,
			"load":	0
		},
		"395e5910-6947-41ed-8187-9b18713ac801":	{
			"serviceInstanceId":	"395e5910-6947-41ed-8187-9b18713ac801",
			"serviceName":	"nudm-sdm",
			"versions":	[{
					"apiVersionInUri":	"v2",
					"apiFullVersion":	"2.0.0"
				}],
			"scheme":	"http",
			"nfServiceStatus":	"REGISTERED",
			"ipEndPoints":	[{
					"ipv4Address":	"127.0.0.12",
					"port":	7777
				}],
			"allowedNfTypes":	["AMF", "SMF"],
			"priority":	0,
			"capacity":	100,
			"load":	0
		}
	},
	"nfProfileChangesSupportInd":	true
} (../lib/sbi/nghttp2-server.c:806)
11/20 18:50:14.445: [nrf] DEBUG: nrf_state_operational(): OGS_EVENT_NAME_SBI_SERVER (../src/nrf/nrf-sm.c:50)
11/20 18:50:14.446: [sbi] DEBUG: ogs_sbi_nf_instance_add() (../lib/sbi/context.c:762)
11/20 18:50:14.446: [sbi] DEBUG: [REF] 1 (../lib/sbi/context.c:764)
11/20 18:50:14.446: [nrf] DEBUG: nrf_nf_state_initial(): ENTRY (../src/nrf/nf-sm.c:55)
11/20 18:50:14.446: [nrf] DEBUG: nrf_nf_state_will_register(): ENTRY (../src/nrf/nf-sm.c:93)
11/20 18:50:14.446: [nrf] DEBUG: nrf_nf_state_will_register(): OGS_EVENT_NAME_SBI_SERVER (../src/nrf/nf-sm.c:93)
11/20 18:50:14.446: [sock] DEBUG: addr:127.0.0.12, port:80 (../lib/core/ogs-sockaddr.c:140)
11/20 18:50:14.446: [sock] DEBUG: addr:127.0.0.12, port:7777 (../lib/core/ogs-sockaddr.c:140)
11/20 18:50:14.446: [sock] DEBUG: addr:127.0.0.12, port:7777 (../lib/core/ogs-sockaddr.c:140)
11/20 18:50:14.446: [sock] DEBUG: addr:127.0.0.12, port:7777 (../lib/core/ogs-sockaddr.c:140)
11/20 18:50:14.446: [sbi] DEBUG: STATUS [201] (../lib/sbi/nghttp2-server.c:357)
11/20 18:50:14.446: [sbi] DEBUG: SENDING...: 157 (../lib/sbi/nghttp2-server.c:365)
11/20 18:50:14.446: [sbi] DEBUG: {
	"nfInstanceId":	"395e3f34-6947-41ed-8187-9b18713ac801",
	"nfType":	"UDM",
	"nfStatus":	"REGISTERED",
	"heartBeatTimer":	10,
	"nfProfileChangesInd":	true
} (../lib/sbi/nghttp2-server.c:366)
11/20 18:50:14.446: [sbi] DEBUG: STREAM closed [1] (../lib/sbi/nghttp2-server.c:852)
11/20 18:50:14.446: [nrf] DEBUG: nrf_nf_state_will_register(): EXIT (../src/nrf/nf-sm.c:93)
11/20 18:50:14.446: [nrf] DEBUG: nrf_nf_state_registered(): ENTRY (../src/nrf/nf-sm.c:183)
11/20 18:50:14.446: [nrf] INFO: [395e3f34-6947-41ed-8187-9b18713ac801] NF registered [Heartbeat:10s] (../src/nrf/nf-sm.c:191)
11/20 18:50:14.446: [sbi] DEBUG: [POST] http://127.0.0.11:7777/nnrf-nfm/v1/nf-status-notify (../lib/sbi/client.c:625)
11/20 18:50:14.446: [sbi] DEBUG: SENDING...[950] (../lib/sbi/client.c:401)
11/20 18:50:14.446: [sbi] DEBUG: {
	"event":	"NF_REGISTERED",
	"nfInstanceUri":	"http://127.0.0.10:7777/nnrf-nfm/v1/nf-instances/395e3f34-6947-41ed-8187-9b18713ac801",
	"nfProfile":	{
		"nfInstanceId":	"395e3f34-6947-41ed-8187-9b18713ac801",
		"nfType":	"UDM",
		"nfStatus":	"REGISTERED",
		"heartBeatTimer":	10,
		"ipv4Addresses":	["127.0.0.12"],
		"allowedNfTypes":	["AMF", "SMF", "AUSF", "SCP"],
		"priority":	0,
		"capacity":	100,
		"load":	0,
		"nfServiceList":	{
			"395e5816-6947-41ed-8187-9b18713ac801":	{
				"serviceInstanceId":	"395e5816-6947-41ed-8187-9b18713ac801",
				"serviceName":	"nudm-ueau",
				"versions":	[{
						"apiVersionInUri":	"v1",
						"apiFullVersion":	"1.0.0"
					}],
				"scheme":	"http",
				"nfServiceStatus":	"REGISTERED",
				"ipEndPoints":	[{
						"ipv4Address":	"127.0.0.12",
						"port":	7777
					}],
				"allowedNfTypes":	["AUSF"],
				"priority":	0,
				"capacity":	100,
				"load":	0
			}
		},
		"nfProfileChangesSupportInd":	true
	}
} (../lib/sbi/client.c:403)
0000: 00000004 01000000 00                  .........
0000: 00006c01 04000000 01488210 03768bd5   ..l......H...v..
0010: 596a6f16 e53b8976 d76f6196 d07abe94   Yjo..;.v.oa..z..
0020: 1054d27e ea080212 8015c6c1 702d298b   .T.~........p-).
0030: 46ff0f0d 03313537 0f1fad62 aaac956a   F....157...b...j
0040: a5a58ee1 62a95635 4848ea21 50c32fb6   ....b.V5HH.!P./.
0050: 566565a5 9c7da756 68259167 82f3ab3f   Vee..}.Vh%.g...?
0060: 185e742c 8c8f003f 5f8b1d75 d0620d26   .^t,...?_..u.b.&
0070: 3d4c7441 ea                           =LtA.
0000: 00009d00 01000000 017b0a09 226e6649   .........{.."nfI
0010: 6e737461 6e636549 64223a09 22333935   nstanceId":."395
0020: 65336633 342d3639 34372d34 3165642d   e3f34-6947-41ed-
0030: 38313837 2d396231 38373133 61633830   8187-9b18713ac80
0040: 31222c0a 09226e66 54797065 223a0922   1",.."nfType":."
0050: 55444d22 2c0a0922 6e665374 61747573   UDM",.."nfStatus
0060: 223a0922 52454749 53544552 4544222c   ":."REGISTERED",
0070: 0a092268 65617274 42656174 54696d65   .."heartBeatTime
0080: 72223a09 31302c0a 09226e66 50726f66   r":.10,.."nfProf
0090: 696c6543 68616e67 6573496e 64223a09   ileChangesInd":.
00a0: 74727565 0a7d                         true.}
11/20 18:50:14.446: [sbi] DEBUG: MAX_CONCURRENT_STREAMS = 100 (../lib/sbi/nghttp2-server.c:747)
11/20 18:50:14.446: [sbi] DEBUG: ENABLE_PUSH = false (../lib/sbi/nghttp2-server.c:749)
11/20 18:50:14.446: [sbi] DEBUG: STREAM added [1] (../lib/sbi/nghttp2-server.c:1122)
11/20 18:50:14.446: [sbi] DEBUG: [POST] /nnrf-nfm/v1/nf-status-notify (../lib/sbi/nghttp2-server.c:801)
11/20 18:50:14.446: [sbi] DEBUG: RECEIVED: 950 (../lib/sbi/nghttp2-server.c:805)
11/20 18:50:14.446: [sbi] DEBUG: {
	"event":	"NF_REGISTERED",
	"nfInstanceUri":	"http://127.0.0.10:7777/nnrf-nfm/v1/nf-instances/395e3f34-6947-41ed-8187-9b18713ac801",
	"nfProfile":	{
		"nfInstanceId":	"395e3f34-6947-41ed-8187-9b18713ac801",
		"nfType":	"UDM",
		"nfStatus":	"REGISTERED",
		"heartBeatTimer":	10,
		"ipv4Addresses":	["127.0.0.12"],
		"allowedNfTypes":	["AMF", "SMF", "AUSF", "SCP"],
		"priority":	0,
		"capacity":	100,
		"load":	0,
		"nfServiceList":	{
			"395e5816-6947-41ed-8187-9b18713ac801":	{
				"serviceInstanceId":	"395e5816-6947-41ed-8187-9b18713ac801",
				"serviceName":	"nudm-ueau",
				"versions":	[{
						"apiVersionInUri":	"v1",
						"apiFullVersion":	"1.0.0"
					}],
				"scheme":	"http",
				"nfServiceStatus":	"REGISTERED",
				"ipEndPoints":	[{
						"ipv4Address":	"127.0.0.12",
						"port":	7777
					}],
				"allowedNfTypes":	["AUSF"],
				"priority":	0,
				"capacity":	100,
				"load":	0
			}
		},
		"nfProfileChangesSupportInd":	true
	}
} (../lib/sbi/nghttp2-server.c:806)
0000: 00000604 00000000 00000300 04e200     ...............
11/20 18:50:14.446: [ausf] DEBUG: ausf_state_operational(): OGS_EVENT_NAME_SBI_SERVER (../src/ausf/ausf-sm.c:52)
11/20 18:50:14.446: [sbi] DEBUG: ogs_sbi_nf_instance_add() (../lib/sbi/context.c:762)
11/20 18:50:14.446: [sbi] DEBUG: [REF] 1 (../lib/sbi/context.c:764)
11/20 18:50:14.446: [sbi] DEBUG: ogs_sbi_nf_state_initial(): ENTRY (../lib/sbi/nf-sm.c:66)
11/20 18:50:14.446: [sbi] DEBUG: ogs_sbi_nf_state_registered(): ENTRY (../lib/sbi/nf-sm.c:204)
11/20 18:50:14.446: [sbi] INFO: [395e3f34-6947-41ed-8187-9b18713ac801] (NRF-notify) NF registered (../lib/sbi/nnrf-handler.c:622)
11/20 18:50:14.446: [sock] DEBUG: addr:127.0.0.12, port:80 (../lib/core/ogs-sockaddr.c:140)
11/20 18:50:14.446: [sock] DEBUG: addr:127.0.0.12, port:7777 (../lib/core/ogs-sockaddr.c:140)
11/20 18:50:14.446: [sbi] INFO: [395e3f34-6947-41ed-8187-9b18713ac801] (NRF-notify) NF Profile updated (../lib/sbi/nnrf-handler.c:632)
11/20 18:50:14.446: [sbi] DEBUG: ogs_sbi_client_add() (../lib/sbi/client.c:112)
11/20 18:50:14.446: [sbi] DEBUG: [REF] 1 (../lib/sbi/client.c:113)
11/20 18:50:14.446: [sbi] DEBUG: [REF] 2 (../lib/sbi/context.c:1570)
11/20 18:50:14.446: [sbi] DEBUG: ogs_sbi_client_add() (../lib/sbi/client.c:112)
11/20 18:50:14.446: [sbi] DEBUG: [REF] 1 (../lib/sbi/client.c:113)
11/20 18:50:14.446: [sbi] DEBUG: [REF] 2 (../lib/sbi/context.c:1482)
11/20 18:50:14.446: [sbi] DEBUG: STATUS [204] (../lib/sbi/nghttp2-server.c:357)
11/20 18:50:14.446: [sbi] DEBUG: STREAM closed [1] (../lib/sbi/nghttp2-server.c:852)
11/20 18:50:14.447: [sbi] DEBUG: MAX_CONCURRENT_STREAMS = 100 (../lib/sbi/nghttp2-server.c:747)
11/20 18:50:14.447: [sbi] DEBUG: ENABLE_PUSH = false (../lib/sbi/nghttp2-server.c:749)
0000: 00000004 01000000 00                  .........
0000: 00002601 05000000 0189768b d5596a6f   ..&.......v..Yjo
0010: 16e53b89 76d76f61 96d07abe 941054d2   ..;.v.oa..z...T.
0020: 7eea0802 128015c6 c1702d29 8b46ff     ~........p-).F.
11/20 18:50:14.447: [sbi] DEBUG: [204:POST] http://127.0.0.11:7777/nnrf-nfm/v1/nf-status-notify (../lib/sbi/client.c:573)
11/20 18:50:14.447: [sbi] DEBUG: RECEIVED[0] (../lib/sbi/client.c:584)
11/20 18:50:14.448: [sbi] DEBUG: [201:PUT] http://[::1]:7777/nnrf-nfm/v1/nf-instances/395e3f34-6947-41ed-8187-9b18713ac801 (../lib/sbi/client.c:573)
11/20 18:50:14.448: [sbi] DEBUG: RECEIVED[157] (../lib/sbi/client.c:584)
11/20 18:50:14.448: [sbi] DEBUG: {
	"nfInstanceId":	"395e3f34-6947-41ed-8187-9b18713ac801",
	"nfType":	"UDM",
	"nfStatus":	"REGISTERED",
	"heartBeatTimer":	10,
	"nfProfileChangesInd":	true
} (../lib/sbi/client.c:586)
11/20 18:50:14.448: [udm] DEBUG: udm_state_operational(): OGS_EVENT_NAME_SBI_CLIENT (../src/udm/udm-sm.c:53)
11/20 18:50:14.448: [sbi] DEBUG: ogs_sbi_nf_state_will_register(): OGS_EVENT_NAME_SBI_CLIENT (../lib/sbi/nf-sm.c:118)
11/20 18:50:14.448: [sbi] DEBUG: ogs_sbi_nf_state_will_register(): EXIT (../lib/sbi/nf-sm.c:118)
11/20 18:50:14.448: [sbi] DEBUG: ogs_sbi_nf_state_registered(): ENTRY (../lib/sbi/nf-sm.c:204)
11/20 18:50:14.448: [sbi] INFO: [395e3f34-6947-41ed-8187-9b18713ac801] NF registered [Heartbeat:10s] (../lib/sbi/nf-sm.c:216)
11/20 18:50:14.449: [sbi] DEBUG: [POST] http://[::1]:7777/nnrf-nfm/v1/subscriptions (../lib/sbi/client.c:625)
11/20 18:50:14.449: [sbi] DEBUG: SENDING...[232] (../lib/sbi/client.c:401)
11/20 18:50:14.449: [sbi] DEBUG: {
	"nfStatusNotificationUri":	"http://127.0.0.12:7777/nnrf-nfm/v1/nf-status-notify",
	"reqNfInstanceId":	"395e3f34-6947-41ed-8187-9b18713ac801",
	"subscrCond":	{
		"nfType":	"UDR"
	},
	"reqNfType":	"UDM",
	"requesterFeatures":	"1"
} (../lib/sbi/client.c:403)
11/20 18:50:14.449: [sbi] DEBUG: STREAM added [3] (../lib/sbi/nghttp2-server.c:1122)
11/20 18:50:14.449: [sbi] DEBUG: [POST] /nnrf-nfm/v1/subscriptions (../lib/sbi/nghttp2-server.c:801)
11/20 18:50:14.449: [sbi] DEBUG: RECEIVED: 232 (../lib/sbi/nghttp2-server.c:805)
11/20 18:50:14.449: [sbi] DEBUG: {
	"nfStatusNotificationUri":	"http://127.0.0.12:7777/nnrf-nfm/v1/nf-status-notify",
	"reqNfInstanceId":	"395e3f34-6947-41ed-8187-9b18713ac801",
	"subscrCond":	{
		"nfType":	"UDR"
	},
	"reqNfType":	"UDM",
	"requesterFeatures":	"1"
} (../lib/sbi/nghttp2-server.c:806)
11/20 18:50:14.449: [nrf] DEBUG: nrf_state_operational(): OGS_EVENT_NAME_SBI_SERVER (../src/nrf/nrf-sm.c:50)
11/20 18:50:14.449: [sock] DEBUG: addr:127.0.0.12, port:7777 (../lib/core/ogs-sockaddr.c:140)
11/20 18:50:14.449: [sbi] DEBUG: ogs_sbi_client_add() (../lib/sbi/client.c:112)
11/20 18:50:14.449: [sbi] DEBUG: [REF] 1 (../lib/sbi/client.c:113)
11/20 18:50:14.449: [nrf] DEBUG: [REF] 2 (../src/nrf/nnrf-handler.c:261)
11/20 18:50:14.449: [sbi] DEBUG: STATUS [201] (../lib/sbi/nghttp2-server.c:357)
11/20 18:50:14.449: [sbi] DEBUG: SENDING...: 347 (../lib/sbi/nghttp2-server.c:365)
11/20 18:50:14.449: [sbi] DEBUG: {
	"nfStatusNotificationUri":	"http://127.0.0.12:7777/nnrf-nfm/v1/nf-status-notify",
	"reqNfInstanceId":	"395e3f34-6947-41ed-8187-9b18713ac801",
	"subscrCond":	{
		"nfType":	"UDR"
	},
	"subscriptionId":	"395f5af4-6947-41ed-91bc-55e0ddbb24e8",
	"validityTime":	"2022-11-21T18:50:14.449916-08:00",
	"reqNfType":	"UDM",
	"nrfSupportedFeatures":	"1"
} (../lib/sbi/nghttp2-server.c:366)
11/20 18:50:14.449: [sbi] DEBUG: STREAM closed [3] (../lib/sbi/nghttp2-server.c:852)
0000: 00002001 04000000 03c1c0bf 0f0d0333   .. ............3
0010: 34370f1f 9362aaac 956aa5a5 8ee16116   47...b...j....a.
0020: c682586a d263d48f be                  ..Xj.c...
0000: 00015b00 01000000 037b0a09 226e6653   ..[......{.."nfS
0010: 74617475 734e6f74 69666963 6174696f   tatusNotificatio
0020: 6e557269 223a0922 68747470 3a2f2f31   nUri":."http://1
0030: 32372e30 2e302e31 323a3737 37372f6e   27.0.0.12:7777/n
0040: 6e72662d 6e666d2f 76312f6e 662d7374   nrf-nfm/v1/nf-st
0050: 61747573 2d6e6f74 69667922 2c0a0922   atus-notify",.."
0060: 7265714e 66496e73 74616e63 65496422   reqNfInstanceId"
0070: 3a092233 39356533 6633342d 36393437   :."395e3f34-6947
0080: 2d343165 642d3831 38372d39 62313837   -41ed-8187-9b187
0090: 31336163 38303122 2c0a0922 73756273   13ac801",.."subs
00a0: 6372436f 6e64223a 097b0a09 09226e66   crCond":.{..."nf
00b0: 54797065 223a0922 55445222 0a097d2c   Type":."UDR"..},
00c0: 0a092273 75627363 72697074 696f6e49   .."subscriptionI
00d0: 64223a09 22333935 66356166 342d3639   d":."395f5af4-69
00e0: 34372d34 3165642d 39316263 2d353565   47-41ed-91bc-55e
00f0: 30646462 62323465 38222c0a 09227661   0ddbb24e8",.."va
0100: 6c696469 74795469 6d65223a 09223230   lidityTime":."20
0110: 32322d31 312d3231 5431383a 35303a31   22-11-21T18:50:1
0120: 342e3434 39393136 2d30383a 3030222c   4.449916-08:00",
0130: 0a092272 65714e66 54797065 223a0922   .."reqNfType":."
0140: 55444d22 2c0a0922 6e726653 7570706f   UDM",.."nrfSuppo
0150: 72746564 46656174 75726573 223a0922   rtedFeatures":."
0160: 31220a7d                              1".}
11/20 18:50:14.450: [sbi] DEBUG: [201:POST] http://[::1]:7777/nnrf-nfm/v1/subscriptions (../lib/sbi/client.c:573)
11/20 18:50:14.450: [sbi] DEBUG: RECEIVED[347] (../lib/sbi/client.c:584)
11/20 18:50:14.450: [sbi] DEBUG: {
	"nfStatusNotificationUri":	"http://127.0.0.12:7777/nnrf-nfm/v1/nf-status-notify",
	"reqNfInstanceId":	"395e3f34-6947-41ed-8187-9b18713ac801",
	"subscrCond":	{
		"nfType":	"UDR"
	},
	"subscriptionId":	"395f5af4-6947-41ed-91bc-55e0ddbb24e8",
	"validityTime":	"2022-11-21T18:50:14.449916-08:00",
	"reqNfType":	"UDM",
	"nrfSupportedFeatures":	"1"
} (../lib/sbi/client.c:586)
11/20 18:50:14.450: [udm] DEBUG: udm_state_operational(): OGS_EVENT_NAME_SBI_CLIENT (../src/udm/udm-sm.c:53)
Open5GS daemon v2.5.5

11/20 18:50:14.459: [app] INFO: Configuration: '/home/test/build/configs/sample.yaml' (../lib/app/ogs-init.c:126)
11/20 18:50:14.459: [app] INFO: File Logging: '/home/test/test.log' (../lib/app/ogs-init.c:129)
11/20 18:50:14.459: [app] INFO: LOG-LEVEL: 'debug' (../lib/app/ogs-init.c:132)
11/20 18:50:14.493: [thread] DEBUG: [0x5609d65c15e0] thread started (../lib/core/ogs-thread.c:101)
11/20 18:50:14.493: [thread] DEBUG: [0x5609d65c15e0] worker signal (../lib/core/ogs-thread.c:66)
Open5GS daemon v2.5.5

11/20 18:50:14.501: [app] INFO: Configuration: '/home/test/build/configs/sample.yaml' (../lib/app/ogs-init.c:126)
11/20 18:50:14.501: [app] INFO: File Logging: '/home/test/test.log' (../lib/app/ogs-init.c:129)
11/20 18:50:14.501: [app] INFO: LOG-LEVEL: 'debug' (../lib/app/ogs-init.c:132)
11/20 18:50:14.503: [sock] DEBUG: addr:127.0.0.10, port:7777 (../lib/core/ogs-sockaddr.c:140)
11/20 18:50:14.503: [sock] DEBUG: addr:::1, port:7777 (../lib/core/ogs-sockaddr.c:140)
11/20 18:50:14.503: [sock] DEBUG: addr:127.0.0.13, port:7777 (../lib/core/ogs-sockaddr.c:140)
11/20 18:50:14.505: [dbi] INFO: MongoDB URI: 'mongodb://localhost/open5gs' (../lib/dbi/ogs-mongoc.c:130)
11/20 18:50:14.505: [sbi] DEBUG: ogs_sbi_nf_state_initial(): ENTRY (../lib/sbi/nf-sm.c:66)
11/20 18:50:14.505: [sbi] DEBUG: ogs_sbi_nf_state_registered(): ENTRY (../lib/sbi/nf-sm.c:204)
11/20 18:50:14.505: [sbi] INFO: NF Service [npcf-am-policy-control] (../lib/sbi/context.c:1401)
11/20 18:50:14.505: [sbi] INFO: NF Service [npcf-smpolicycontrol] (../lib/sbi/context.c:1401)
11/20 18:50:14.505: [sbi] INFO: NF Service [npcf-policyauthorization] (../lib/sbi/context.c:1401)
11/20 18:50:14.505: [sbi] DEBUG: ogs_sbi_nf_state_initial(): ENTRY (../lib/sbi/nf-sm.c:66)
11/20 18:50:14.505: [sbi] DEBUG: ogs_sbi_nf_state_will_register(): ENTRY (../lib/sbi/nf-sm.c:118)
11/20 18:50:14.505: [sbi] DEBUG: [PUT] http://[::1]:7777/nnrf-nfm/v1/nf-instances/396727de-6947-41ed-b00f-37ef8d8ae97a (../lib/sbi/client.c:625)
11/20 18:50:14.505: [sbi] DEBUG: SENDING...[1645] (../lib/sbi/client.c:401)
11/20 18:50:14.505: [sbi] DEBUG: {
	"nfInstanceId":	"396727de-6947-41ed-b00f-37ef8d8ae97a",
	"nfType":	"PCF",
	"nfStatus":	"REGISTERED",
	"ipv4Addresses":	["127.0.0.13"],
	"allowedNfTypes":	["AMF", "SMF", "SCP"],
	"priority":	0,
	"capacity":	100,
	"load":	0,
	"nfServiceList":	{
		"3967ce50-6947-41ed-b00f-37ef8d8ae97a":	{
			"serviceInstanceId":	"3967ce50-6947-41ed-b00f-37ef8d8ae97a",
			"serviceName":	"npcf-am-policy-control",
			"versions":	[{
					"apiVersionInUri":	"v1",
					"apiFullVersion":	"1.0.0"
				}],
			"scheme":	"http",
			"nfServiceStatus":	"REGISTERED",
			"ipEndPoints":	[{
					"ipv4Address":	"127.0.0.13",
					"port":	7777
				}],
			"allowedNfTypes":	["AMF"],
			"priority":	0,
			"capacity":	100,
			"load":	0
		},
		"3967ceb4-6947-41ed-b00f-37ef8d8ae97a":	{
			"serviceInstanceId":	"3967ceb4-6947-41ed-b00f-37ef8d8ae97a",
			"serviceName":	"npcf-smpolicycontrol",
			"versions":	[{
					"apiVersionInUri":	"v1",
					"apiFullVersion":	"1.0.0"
				}],
			"scheme":	"http",
			"nfServiceStatus":	"REGISTERED",
			"ipEndPoints":	[{
					"ipv4Address":	"127.0.0.13",
					"port":	7777
				}],
			"allowedNfTypes":	["SMF"],
			"priority":	0,
			"capacity":	100,
			"load":	0
		},
		"3967cefa-6947-41ed-b00f-37ef8d8ae97a":	{
			"serviceInstanceId":	"3967cefa-6947-41ed-b00f-37ef8d8ae97a",
			"serviceName":	"npcf-policyauthorization",
			"versions":	[{
					"apiVersionInUri":	"v1",
					"apiFullVersion":	"1.0.0"
				}],
			"scheme":	"http",
			"nfServiceStatus":	"REGISTERED",
			"ipEndPoints":	[{
					"ipv4Address":	"127.0.0.13",
					"port":	7777
				}],
			"priority":	0,
			"capacity":	100,
			"load":	0
		}
	},
	"nfProfileChangesSupportInd":	true
} (../lib/sbi/client.c:403)
11/20 18:50:14.505: [sock] DEBUG: socket create(2:1:6) (../lib/core/ogs-socket.c:92)
11/20 18:50:14.505: [sock] DEBUG: Turn on TCP_NODELAY (../lib/core/ogs-sockopt.c:139)
11/20 18:50:14.505: [sock] DEBUG: Turn on SO_REUSEADDR (../lib/core/ogs-sockopt.c:120)
11/20 18:50:14.505: [sock] DEBUG: socket bind 127.0.0.13:7777 (../lib/core/ogs-socket.c:117)
11/20 18:50:14.505: [sock] DEBUG: tcp_server() [127.0.0.13]:7777 (../lib/core/ogs-tcp.c:61)
11/20 18:50:14.505: [sbi] INFO: nghttp2_server() [127.0.0.13]:7777 (../lib/sbi/nghttp2-server.c:151)
11/20 18:50:14.505: [thread] DEBUG: [0x55948e745f90] thread started (../lib/core/ogs-thread.c:101)
11/20 18:50:14.505: [app] INFO: PCF initialize...done (../src/pcf/app.c:31)
11/20 18:50:14.505: [thread] DEBUG: [0x55948e745f90] worker signal (../lib/core/ogs-thread.c:66)
11/20 18:50:14.505: [pcf] DEBUG: pcf_state_initial(): INIT (../src/pcf/pcf-sm.c:25)
11/20 18:50:14.505: [pcf] DEBUG: pcf_state_operational(): ENTRY (../src/pcf/pcf-sm.c:58)
0000: 00000604 00000000 00000300 04e200     ...............
11/20 18:50:14.505: [sbi] DEBUG: MAX_CONCURRENT_STREAMS = 100 (../lib/sbi/nghttp2-server.c:747)
11/20 18:50:14.505: [sbi] DEBUG: ENABLE_PUSH = false (../lib/sbi/nghttp2-server.c:749)
11/20 18:50:14.505: [sbi] DEBUG: STREAM added [1] (../lib/sbi/nghttp2-server.c:1122)
11/20 18:50:14.505: [sbi] DEBUG: MAX_CONCURRENT_STREAMS = 100 (../lib/sbi/nghttp2-server.c:747)
11/20 18:50:14.505: [sbi] DEBUG: ENABLE_PUSH = false (../lib/sbi/nghttp2-server.c:749)
11/20 18:50:14.506: [sbi] DEBUG: [PUT] /nnrf-nfm/v1/nf-instances/396727de-6947-41ed-b00f-37ef8d8ae97a (../lib/sbi/nghttp2-server.c:801)
11/20 18:50:14.506: [sbi] DEBUG: RECEIVED: 1645 (../lib/sbi/nghttp2-server.c:805)
11/20 18:50:14.506: [sbi] DEBUG: {
	"nfInstanceId":	"396727de-6947-41ed-b00f-37ef8d8ae97a",
	"nfType":	"PCF",
	"nfStatus":	"REGISTERED",
	"ipv4Addresses":	["127.0.0.13"],
	"allowedNfTypes":	["AMF", "SMF", "SCP"],
	"priority":	0,
	"capacity":	100,
	"load":	0,
	"nfServiceList":	{
		"3967ce50-6947-41ed-b00f-37ef8d8ae97a":	{
			"serviceInstanceId":	"3967ce50-6947-41ed-b00f-37ef8d8ae97a",
			"serviceName":	"npcf-am-policy-control",
			"versions":	[{
					"apiVersionInUri":	"v1",
					"apiFullVersion":	"1.0.0"
				}],
			"scheme":	"http",
			"nfServiceStatus":	"REGISTERED",
			"ipEndPoints":	[{
					"ipv4Address":	"127.0.0.13",
					"port":	7777
				}],
			"allowedNfTypes":	["AMF"],
			"priority":	0,
			"capacity":	100,
			"load":	0
		},
		"3967ceb4-6947-41ed-b00f-37ef8d8ae97a":	{
			"serviceInstanceId":	"3967ceb4-6947-41ed-b00f-37ef8d8ae97a",
			"serviceName":	"npcf-smpolicycontrol",
			"versions":	[{
					"apiVersionInUri":	"v1",
					"apiFullVersion":	"1.0.0"
				}],
			"scheme":	"http",
			"nfServiceStatus":	"REGISTERED",
			"ipEndPoints":	[{
					"ipv4Address":	"127.0.0.13",
					"port":	7777
				}],
			"allowedNfTypes":	["SMF"],
			"priority":	0,
			"capacity":	100,
			"load":	0
		},
		"3967cefa-6947-41ed-b00f-37ef8d8ae97a":	{
			"serviceInstanceId":	"3967cefa-6947-41ed-b00f-37ef8d8ae97a",
			"serviceName":	"npcf-policyauthorization",
			"versions":	[{
					"apiVersionInUri":	"v1",
					"apiFullVersion":	"1.0.0"
				}],
			"scheme":	"http",
			"nfServiceStatus":	"REGISTERED",
			"ipEndPoints":	[{
					"ipv4Address":	"127.0.0.13",
					"port":	7777
				}],
			"priority":	0,
			"capacity":	100,
			"load":	0
		}
	},
	"nfProfileChangesSupportInd":	true
} (../lib/sbi/nghttp2-server.c:806)
11/20 18:50:14.506: [nrf] DEBUG: nrf_state_operational(): OGS_EVENT_NAME_SBI_SERVER (../src/nrf/nrf-sm.c:50)
11/20 18:50:14.506: [sbi] DEBUG: ogs_sbi_nf_instance_add() (../lib/sbi/context.c:762)
11/20 18:50:14.506: [sbi] DEBUG: [REF] 1 (../lib/sbi/context.c:764)
11/20 18:50:14.506: [nrf] DEBUG: nrf_nf_state_initial(): ENTRY (../src/nrf/nf-sm.c:55)
11/20 18:50:14.506: [nrf] DEBUG: nrf_nf_state_will_register(): ENTRY (../src/nrf/nf-sm.c:93)
11/20 18:50:14.506: [nrf] DEBUG: nrf_nf_state_will_register(): OGS_EVENT_NAME_SBI_SERVER (../src/nrf/nf-sm.c:93)
11/20 18:50:14.506: [sock] DEBUG: addr:127.0.0.13, port:80 (../lib/core/ogs-sockaddr.c:140)
11/20 18:50:14.506: [sock] DEBUG: addr:127.0.0.13, port:7777 (../lib/core/ogs-sockaddr.c:140)
11/20 18:50:14.506: [sock] DEBUG: addr:127.0.0.13, port:7777 (../lib/core/ogs-sockaddr.c:140)
11/20 18:50:14.506: [sock] DEBUG: addr:127.0.0.13, port:7777 (../lib/core/ogs-sockaddr.c:140)
11/20 18:50:14.506: [sbi] DEBUG: STATUS [201] (../lib/sbi/nghttp2-server.c:357)
11/20 18:50:14.506: [sbi] DEBUG: SENDING...: 157 (../lib/sbi/nghttp2-server.c:365)
11/20 18:50:14.506: [sbi] DEBUG: {
	"nfInstanceId":	"396727de-6947-41ed-b00f-37ef8d8ae97a",
	"nfType":	"PCF",
	"nfStatus":	"REGISTERED",
	"heartBeatTimer":	10,
	"nfProfileChangesInd":	true
} (../lib/sbi/nghttp2-server.c:366)
11/20 18:50:14.506: [sbi] DEBUG: STREAM closed [1] (../lib/sbi/nghttp2-server.c:852)
11/20 18:50:14.506: [nrf] DEBUG: nrf_nf_state_will_register(): EXIT (../src/nrf/nf-sm.c:93)
11/20 18:50:14.506: [nrf] DEBUG: nrf_nf_state_registered(): ENTRY (../src/nrf/nf-sm.c:183)
11/20 18:50:14.506: [nrf] INFO: [396727de-6947-41ed-b00f-37ef8d8ae97a] NF registered [Heartbeat:10s] (../src/nrf/nf-sm.c:191)
0000: 00000004 01000000 00                  .........
0000: 00006c01 04000000 01488210 03768bd5   ..l......H...v..
0010: 596a6f16 e53b8976 d76f6196 d07abe94   Yjo..;.v.oa..z..
0020: 1054d27e ea080212 8015c6c1 702d298b   .T.~........p-).
0030: 46ff0f0d 03313537 0f1fad62 aaac956a   F....157...b...j
0040: a5a58ee1 62a95635 4848ea21 50c32fb8   ....b.V5HH.!P./.
0050: e89d90ab 38fb4eac d04b22d1 8012accb   ....8.N..K".....
0060: a595e91e 195f747f 5f8b1d75 d0620d26   ....._t._..u.b.&
0070: 3d4c7441 ea                           =LtA.
0000: 00009d00 01000000 017b0a09 226e6649   .........{.."nfI
0010: 6e737461 6e636549 64223a09 22333936   nstanceId":."396
0020: 37323764 652d3639 34372d34 3165642d   727de-6947-41ed-
0030: 62303066 2d333765 66386438 61653937   b00f-37ef8d8ae97
0040: 61222c0a 09226e66 54797065 223a0922   a",.."nfType":."
0050: 50434622 2c0a0922 6e665374 61747573   PCF",.."nfStatus
0060: 223a0922 52454749 53544552 4544222c   ":."REGISTERED",
0070: 0a092268 65617274 42656174 54696d65   .."heartBeatTime
0080: 72223a09 31302c0a 09226e66 50726f66   r":.10,.."nfProf
0090: 696c6543 68616e67 6573496e 64223a09   ileChangesInd":.
00a0: 74727565 0a7d                         true.}
11/20 18:50:14.506: [sbi] DEBUG: [201:PUT] http://[::1]:7777/nnrf-nfm/v1/nf-instances/396727de-6947-41ed-b00f-37ef8d8ae97a (../lib/sbi/client.c:573)
11/20 18:50:14.506: [sbi] DEBUG: RECEIVED[157] (../lib/sbi/client.c:584)
11/20 18:50:14.506: [sbi] DEBUG: {
	"nfInstanceId":	"396727de-6947-41ed-b00f-37ef8d8ae97a",
	"nfType":	"PCF",
	"nfStatus":	"REGISTERED",
	"heartBeatTimer":	10,
	"nfProfileChangesInd":	true
} (../lib/sbi/client.c:586)
11/20 18:50:14.506: [pcf] DEBUG: pcf_state_operational(): OGS_EVENT_NAME_SBI_CLIENT (../src/pcf/pcf-sm.c:58)
11/20 18:50:14.506: [sbi] DEBUG: ogs_sbi_nf_state_will_register(): OGS_EVENT_NAME_SBI_CLIENT (../lib/sbi/nf-sm.c:118)
11/20 18:50:14.506: [sbi] DEBUG: ogs_sbi_nf_state_will_register(): EXIT (../lib/sbi/nf-sm.c:118)
11/20 18:50:14.506: [sbi] DEBUG: ogs_sbi_nf_state_registered(): ENTRY (../lib/sbi/nf-sm.c:204)
11/20 18:50:14.506: [sbi] INFO: [396727de-6947-41ed-b00f-37ef8d8ae97a] NF registered [Heartbeat:10s] (../lib/sbi/nf-sm.c:216)
11/20 18:50:14.506: [sbi] DEBUG: [POST] http://[::1]:7777/nnrf-nfm/v1/subscriptions (../lib/sbi/client.c:625)
11/20 18:50:14.506: [sbi] DEBUG: SENDING...[268] (../lib/sbi/client.c:401)
11/20 18:50:14.506: [sbi] DEBUG: {
	"nfStatusNotificationUri":	"http://127.0.0.13:7777/nnrf-nfm/v1/nf-status-notify",
	"reqNfInstanceId":	"396727de-6947-41ed-b00f-37ef8d8ae97a",
	"subscrCond":	{
		"nfType":	"BSF",
		"serviceName":	"nbsf-management"
	},
	"reqNfType":	"PCF",
	"requesterFeatures":	"1"
} (../lib/sbi/client.c:403)
11/20 18:50:14.506: [sbi] DEBUG: [POST] http://[::1]:7777/nnrf-nfm/v1/subscriptions (../lib/sbi/client.c:625)
11/20 18:50:14.506: [sbi] DEBUG: SENDING...[260] (../lib/sbi/client.c:401)
11/20 18:50:14.506: [sbi] DEBUG: {
	"nfStatusNotificationUri":	"http://127.0.0.13:7777/nnrf-nfm/v1/nf-status-notify",
	"reqNfInstanceId":	"396727de-6947-41ed-b00f-37ef8d8ae97a",
	"subscrCond":	{
		"nfType":	"UDR",
		"serviceName":	"nudr-dr"
	},
	"reqNfType":	"PCF",
	"requesterFeatures":	"1"
} (../lib/sbi/client.c:403)
11/20 18:50:14.506: [sbi] DEBUG: STREAM added [3] (../lib/sbi/nghttp2-server.c:1122)
11/20 18:50:14.506: [sbi] DEBUG: [POST] /nnrf-nfm/v1/subscriptions (../lib/sbi/nghttp2-server.c:801)
11/20 18:50:14.506: [sbi] DEBUG: RECEIVED: 268 (../lib/sbi/nghttp2-server.c:805)
11/20 18:50:14.506: [sbi] DEBUG: {
	"nfStatusNotificationUri":	"http://127.0.0.13:7777/nnrf-nfm/v1/nf-status-notify",
	"reqNfInstanceId":	"396727de-6947-41ed-b00f-37ef8d8ae97a",
	"subscrCond":	{
		"nfType":	"BSF",
		"serviceName":	"nbsf-management"
	},
	"reqNfType":	"PCF",
	"requesterFeatures":	"1"
} (../lib/sbi/nghttp2-server.c:806)
11/20 18:50:14.506: [nrf] DEBUG: nrf_state_operational(): OGS_EVENT_NAME_SBI_SERVER (../src/nrf/nrf-sm.c:50)
11/20 18:50:14.506: [sock] DEBUG: addr:127.0.0.13, port:7777 (../lib/core/ogs-sockaddr.c:140)
11/20 18:50:14.506: [sbi] DEBUG: ogs_sbi_client_add() (../lib/sbi/client.c:112)
11/20 18:50:14.506: [sbi] DEBUG: [REF] 1 (../lib/sbi/client.c:113)
11/20 18:50:14.506: [nrf] DEBUG: [REF] 2 (../src/nrf/nnrf-handler.c:261)
11/20 18:50:14.507: [sbi] DEBUG: STATUS [201] (../lib/sbi/nghttp2-server.c:357)
11/20 18:50:14.507: [sbi] DEBUG: SENDING...: 383 (../lib/sbi/nghttp2-server.c:365)
11/20 18:50:14.507: [sbi] DEBUG: {
	"nfStatusNotificationUri":	"http://127.0.0.13:7777/nnrf-nfm/v1/nf-status-notify",
	"reqNfInstanceId":	"396727de-6947-41ed-b00f-37ef8d8ae97a",
	"subscrCond":	{
		"nfType":	"BSF",
		"serviceName":	"nbsf-management"
	},
	"subscriptionId":	"39681180-6947-41ed-91bc-55e0ddbb24e8",
	"validityTime":	"2022-11-21T18:50:14.506995-08:00",
	"reqNfType":	"PCF",
	"nrfSupportedFeatures":	"1"
} (../lib/sbi/nghttp2-server.c:366)
11/20 18:50:14.507: [sbi] DEBUG: STREAM closed [3] (../lib/sbi/nghttp2-server.c:852)
0000: 00002001 04000000 03c1c0bf 0f0d0333   .. ............3
0010: 38330f1f 9362aaac 956aa5a5 8ee16116   83...b...j....a.
0020: c682586a d263d48f be                  ..Xj.c...
0000: 00017f00 01000000 037b0a09 226e6653   .........{.."nfS
0010: 74617475 734e6f74 69666963 6174696f   tatusNotificatio
0020: 6e557269 223a0922 68747470 3a2f2f31   nUri":."http://1
0030: 32372e30 2e302e31 333a3737 37372f6e   27.0.0.13:7777/n
0040: 6e72662d 6e666d2f 76312f6e 662d7374   nrf-nfm/v1/nf-st
0050: 61747573 2d6e6f74 69667922 2c0a0922   atus-notify",.."
0060: 7265714e 66496e73 74616e63 65496422   reqNfInstanceId"
0070: 3a092233 39363732 3764652d 36393437   :."396727de-6947
0080: 2d343165 642d6230 30662d33 37656638   -41ed-b00f-37ef8
0090: 64386165 39376122 2c0a0922 73756273   d8ae97a",.."subs
00a0: 6372436f 6e64223a 097b0a09 09226e66   crCond":.{..."nf
00b0: 54797065 223a0922 42534622 2c0a0909   Type":."BSF",...
00c0: 22736572 76696365 4e616d65 223a0922   "serviceName":."
00d0: 6e627366 2d6d616e 6167656d 656e7422   nbsf-management"
00e0: 0a097d2c 0a092273 75627363 72697074   ..},.."subscript
00f0: 696f6e49 64223a09 22333936 38313138   ionId":."3968118
0100: 302d3639 34372d34 3165642d 39316263   0-6947-41ed-91bc
0110: 2d353565 30646462 62323465 38222c0a   -55e0ddbb24e8",.
0120: 09227661 6c696469 74795469 6d65223a   ."validityTime":
0130: 09223230 32322d31 312d3231 5431383a   ."2022-11-21T18:
0140: 35303a31 342e3530 36393935 2d30383a   50:14.506995-08:
0150: 3030222c 0a092272 65714e66 54797065   00",.."reqNfType
0160: 223a0922 50434622 2c0a0922 6e726653   ":."PCF",.."nrfS
0170: 7570706f 72746564 46656174 75726573   upportedFeatures
0180: 223a0922 31220a7d                     ":."1".}
0000: 00000604 00000000 00000300 04e200     ...............
11/20 18:50:14.507: [sbi] DEBUG: MAX_CONCURRENT_STREAMS = 100 (../lib/sbi/nghttp2-server.c:747)
11/20 18:50:14.507: [sbi] DEBUG: ENABLE_PUSH = false (../lib/sbi/nghttp2-server.c:749)
11/20 18:50:14.507: [sbi] DEBUG: STREAM added [1] (../lib/sbi/nghttp2-server.c:1122)
11/20 18:50:14.507: [sbi] DEBUG: MAX_CONCURRENT_STREAMS = 100 (../lib/sbi/nghttp2-server.c:747)
11/20 18:50:14.507: [sbi] DEBUG: ENABLE_PUSH = false (../lib/sbi/nghttp2-server.c:749)
11/20 18:50:14.507: [sbi] DEBUG: [POST] /nnrf-nfm/v1/subscriptions (../lib/sbi/nghttp2-server.c:801)
11/20 18:50:14.507: [sbi] DEBUG: RECEIVED: 260 (../lib/sbi/nghttp2-server.c:805)
11/20 18:50:14.507: [sbi] DEBUG: {
	"nfStatusNotificationUri":	"http://127.0.0.13:7777/nnrf-nfm/v1/nf-status-notify",
	"reqNfInstanceId":	"396727de-6947-41ed-b00f-37ef8d8ae97a",
	"subscrCond":	{
		"nfType":	"UDR",
		"serviceName":	"nudr-dr"
	},
	"reqNfType":	"PCF",
	"requesterFeatures":	"1"
} (../lib/sbi/nghttp2-server.c:806)
11/20 18:50:14.507: [nrf] DEBUG: nrf_state_operational(): OGS_EVENT_NAME_SBI_SERVER (../src/nrf/nrf-sm.c:50)
11/20 18:50:14.507: [sock] DEBUG: addr:127.0.0.13, port:7777 (../lib/core/ogs-sockaddr.c:140)
11/20 18:50:14.507: [nrf] DEBUG: [REF] 3 (../src/nrf/nnrf-handler.c:261)
11/20 18:50:14.507: [sbi] DEBUG: STATUS [201] (../lib/sbi/nghttp2-server.c:357)
11/20 18:50:14.507: [sbi] DEBUG: SENDING...: 375 (../lib/sbi/nghttp2-server.c:365)
11/20 18:50:14.507: [sbi] DEBUG: {
	"nfStatusNotificationUri":	"http://127.0.0.13:7777/nnrf-nfm/v1/nf-status-notify",
	"reqNfInstanceId":	"396727de-6947-41ed-b00f-37ef8d8ae97a",
	"subscrCond":	{
		"nfType":	"UDR",
		"serviceName":	"nudr-dr"
	},
	"subscriptionId":	"39682968-6947-41ed-91bc-55e0ddbb24e8",
	"validityTime":	"2022-11-21T18:50:14.507583-08:00",
	"reqNfType":	"PCF",
	"nrfSupportedFeatures":	"1"
} (../lib/sbi/nghttp2-server.c:366)
11/20 18:50:14.507: [sbi] DEBUG: STREAM closed [1] (../lib/sbi/nghttp2-server.c:852)
0000: 00000004 01000000 00                  .........
0000: 00005201 04000000 01488210 03768bd5   ..R......H...v..
0010: 596a6f16 e53b8976 d76f6196 d07abe94   Yjo..;.v.oa..z..
0020: 1054d27e ea080212 8015c6c1 702d298b   .T.~........p-).
0030: 46ff0f0d 03333735 0f1f9362 aaac956a   F....375...b...j
0040: a5a58ee1 6116c682 586ad263 d48f5f8b   ....a...Xj.c.._.
0050: 1d75d062 0d263d4c 7441ea              .u.b.&=LtA.
0000: 00017700 01000000 017b0a09 226e6653   ..w......{.."nfS
0010: 74617475 734e6f74 69666963 6174696f   tatusNotificatio
0020: 6e557269 223a0922 68747470 3a2f2f31   nUri":."http://1
0030: 32372e30 2e302e31 333a3737 37372f6e   27.0.0.13:7777/n
0040: 6e72662d 6e666d2f 76312f6e 662d7374   nrf-nfm/v1/nf-st
0050: 61747573 2d6e6f74 69667922 2c0a0922   atus-notify",.."
0060: 7265714e 66496e73 74616e63 65496422   reqNfInstanceId"
0070: 3a092233 39363732 3764652d 36393437   :."396727de-6947
0080: 2d343165 642d6230 30662d33 37656638   -41ed-b00f-37ef8
0090: 64386165 39376122 2c0a0922 73756273   d8ae97a",.."subs
00a0: 6372436f 6e64223a 097b0a09 09226e66   crCond":.{..."nf
00b0: 54797065 223a0922 55445222 2c0a0909   Type":."UDR",...
00c0: 22736572 76696365 4e616d65 223a0922   "serviceName":."
00d0: 6e756472 2d647222 0a097d2c 0a092273   nudr-dr"..},.."s
00e0: 75627363 72697074 696f6e49 64223a09   ubscriptionId":.
00f0: 22333936 38323936 382d3639 34372d34   "39682968-6947-4
0100: 3165642d 39316263 2d353565 30646462   1ed-91bc-55e0ddb
0110: 62323465 38222c0a 09227661 6c696469   b24e8",.."validi
0120: 74795469 6d65223a 09223230 32322d31   tyTime":."2022-1
0130: 312d3231 5431383a 35303a31 342e3530   1-21T18:50:14.50
0140: 37353833 2d30383a 3030222c 0a092272   7583-08:00",.."r
0150: 65714e66 54797065 223a0922 50434622   eqNfType":."PCF"
0160: 2c0a0922 6e726653 7570706f 72746564   ,.."nrfSupported
0170: 46656174 75726573 223a0922 31220a7d   Features":."1".}
11/20 18:50:14.507: [sbi] DEBUG: [201:POST] http://[::1]:7777/nnrf-nfm/v1/subscriptions (../lib/sbi/client.c:573)
11/20 18:50:14.507: [sbi] DEBUG: RECEIVED[375] (../lib/sbi/client.c:584)
11/20 18:50:14.507: [sbi] DEBUG: {
	"nfStatusNotificationUri":	"http://127.0.0.13:7777/nnrf-nfm/v1/nf-status-notify",
	"reqNfInstanceId":	"396727de-6947-41ed-b00f-37ef8d8ae97a",
	"subscrCond":	{
		"nfType":	"UDR",
		"serviceName":	"nudr-dr"
	},
	"subscriptionId":	"39682968-6947-41ed-91bc-55e0ddbb24e8",
	"validityTime":	"2022-11-21T18:50:14.507583-08:00",
	"reqNfType":	"PCF",
	"nrfSupportedFeatures":	"1"
} (../lib/sbi/client.c:586)
11/20 18:50:14.507: [pcf] DEBUG: pcf_state_operational(): OGS_EVENT_NAME_SBI_CLIENT (../src/pcf/pcf-sm.c:58)
11/20 18:50:14.507: [sbi] DEBUG: [201:POST] http://[::1]:7777/nnrf-nfm/v1/subscriptions (../lib/sbi/client.c:573)
11/20 18:50:14.507: [sbi] DEBUG: RECEIVED[383] (../lib/sbi/client.c:584)
11/20 18:50:14.507: [sbi] DEBUG: {
	"nfStatusNotificationUri":	"http://127.0.0.13:7777/nnrf-nfm/v1/nf-status-notify",
	"reqNfInstanceId":	"396727de-6947-41ed-b00f-37ef8d8ae97a",
	"subscrCond":	{
		"nfType":	"BSF",
		"serviceName":	"nbsf-management"
	},
	"subscriptionId":	"39681180-6947-41ed-91bc-55e0ddbb24e8",
	"validityTime":	"2022-11-21T18:50:14.506995-08:00",
	"reqNfType":	"PCF",
	"nrfSupportedFeatures":	"1"
} (../lib/sbi/client.c:586)
11/20 18:50:14.507: [pcf] DEBUG: pcf_state_operational(): OGS_EVENT_NAME_SBI_CLIENT (../src/pcf/pcf-sm.c:58)
11/20 18:50:14.533: [sock] DEBUG: addr:127.0.0.4, port:2123 (../lib/core/ogs-sockaddr.c:140)
11/20 18:50:14.533: [sock] DEBUG: addr:::1, port:2123 (../lib/core/ogs-sockaddr.c:140)
11/20 18:50:14.533: [sock] DEBUG: addr:127.0.0.4, port:2152 (../lib/core/ogs-sockaddr.c:140)
11/20 18:50:14.533: [sock] DEBUG: addr:::1, port:2152 (../lib/core/ogs-sockaddr.c:140)
11/20 18:50:14.533: [sock] DEBUG: addr:127.0.0.4, port:8805 (../lib/core/ogs-sockaddr.c:140)
11/20 18:50:14.534: [sock] DEBUG: addr:127.0.0.10, port:7777 (../lib/core/ogs-sockaddr.c:140)
11/20 18:50:14.534: [sock] DEBUG: addr:::1, port:7777 (../lib/core/ogs-sockaddr.c:140)
11/20 18:50:14.534: [sock] DEBUG: addr:127.0.0.14, port:7777 (../lib/core/ogs-sockaddr.c:140)
11/20 18:50:14.534: [sock] DEBUG: addr:127.0.0.10, port:7777 (../lib/core/ogs-sockaddr.c:140)
11/20 18:50:14.534: [sbi] DEBUG: ogs_sbi_nf_state_initial(): ENTRY (../lib/sbi/nf-sm.c:66)
11/20 18:50:14.534: [sbi] DEBUG: ogs_sbi_nf_state_registered(): ENTRY (../lib/sbi/nf-sm.c:204)
11/20 18:50:14.534: [sbi] INFO: NF Service [nnssf-nsselection] (../lib/sbi/context.c:1401)
11/20 18:50:14.534: [sbi] DEBUG: ogs_sbi_nf_state_initial(): ENTRY (../lib/sbi/nf-sm.c:66)
11/20 18:50:14.534: [sbi] DEBUG: ogs_sbi_nf_state_will_register(): ENTRY (../lib/sbi/nf-sm.c:118)
11/20 18:50:14.534: [sbi] DEBUG: [PUT] http://[::1]:7777/nnrf-nfm/v1/nf-instances/396c4750-6947-41ed-b7d7-e31a8ed842a9 (../lib/sbi/client.c:625)
11/20 18:50:14.534: [sbi] DEBUG: SENDING...[738] (../lib/sbi/client.c:401)
11/20 18:50:14.534: [sbi] DEBUG: {
	"nfInstanceId":	"396c4750-6947-41ed-b7d7-e31a8ed842a9",
	"nfType":	"NSSF",
	"nfStatus":	"REGISTERED",
	"ipv4Addresses":	["127.0.0.14"],
	"allowedNfTypes":	["AMF", "SCP"],
	"priority":	0,
	"capacity":	100,
	"load":	0,
	"nfServiceList":	{
		"396c4da4-6947-41ed-b7d7-e31a8ed842a9":	{
			"serviceInstanceId":	"396c4da4-6947-41ed-b7d7-e31a8ed842a9",
			"serviceName":	"nnssf-nsselection",
			"versions":	[{
					"apiVersionInUri":	"v2",
					"apiFullVersion":	"2.0.0"
				}],
			"scheme":	"http",
			"nfServiceStatus":	"REGISTERED",
			"ipEndPoints":	[{
					"ipv4Address":	"127.0.0.14",
					"port":	7777
				}],
			"allowedNfTypes":	["AMF"],
			"priority":	0,
			"capacity":	100,
			"load":	0
		}
	},
	"nfProfileChangesSupportInd":	true
} (../lib/sbi/client.c:403)
11/20 18:50:14.534: [sock] DEBUG: socket create(2:1:6) (../lib/core/ogs-socket.c:92)
11/20 18:50:14.534: [sock] DEBUG: Turn on TCP_NODELAY (../lib/core/ogs-sockopt.c:139)
11/20 18:50:14.534: [sock] DEBUG: Turn on SO_REUSEADDR (../lib/core/ogs-sockopt.c:120)
11/20 18:50:14.534: [sock] DEBUG: socket bind 127.0.0.14:7777 (../lib/core/ogs-socket.c:117)
11/20 18:50:14.534: [sock] DEBUG: tcp_server() [127.0.0.14]:7777 (../lib/core/ogs-tcp.c:61)
11/20 18:50:14.534: [sbi] INFO: nghttp2_server() [127.0.0.14]:7777 (../lib/sbi/nghttp2-server.c:151)
11/20 18:50:14.535: [thread] DEBUG: [0x55c4d0d4f320] thread started (../lib/core/ogs-thread.c:101)
11/20 18:50:14.535: [app] INFO: NSSF initialize...done (../src/nssf/app.c:31)
11/20 18:50:14.535: [thread] DEBUG: [0x55c4d0d4f320] worker signal (../lib/core/ogs-thread.c:66)
11/20 18:50:14.535: [nssf] DEBUG: nssf_state_initial(): INIT (../src/nssf/nssf-sm.c:26)
11/20 18:50:14.535: [nssf] DEBUG: nssf_state_operational(): ENTRY (../src/nssf/nssf-sm.c:53)
11/20 18:50:14.535: [sbi] DEBUG: MAX_CONCURRENT_STREAMS = 100 (../lib/sbi/nghttp2-server.c:747)
11/20 18:50:14.535: [sbi] DEBUG: ENABLE_PUSH = false (../lib/sbi/nghttp2-server.c:749)
0000: 00000604 00000000 00000300 04e200     ...............
11/20 18:50:14.535: [sbi] DEBUG: STREAM added [1] (../lib/sbi/nghttp2-server.c:1122)
11/20 18:50:14.535: [sbi] DEBUG: MAX_CONCURRENT_STREAMS = 100 (../lib/sbi/nghttp2-server.c:747)
11/20 18:50:14.535: [sbi] DEBUG: ENABLE_PUSH = false (../lib/sbi/nghttp2-server.c:749)
11/20 18:50:14.535: [sbi] DEBUG: [PUT] /nnrf-nfm/v1/nf-instances/396c4750-6947-41ed-b7d7-e31a8ed842a9 (../lib/sbi/nghttp2-server.c:801)
11/20 18:50:14.535: [sbi] DEBUG: RECEIVED: 738 (../lib/sbi/nghttp2-server.c:805)
11/20 18:50:14.535: [sbi] DEBUG: {
	"nfInstanceId":	"396c4750-6947-41ed-b7d7-e31a8ed842a9",
	"nfType":	"NSSF",
	"nfStatus":	"REGISTERED",
	"ipv4Addresses":	["127.0.0.14"],
	"allowedNfTypes":	["AMF", "SCP"],
	"priority":	0,
	"capacity":	100,
	"load":	0,
	"nfServiceList":	{
		"396c4da4-6947-41ed-b7d7-e31a8ed842a9":	{
			"serviceInstanceId":	"396c4da4-6947-41ed-b7d7-e31a8ed842a9",
			"serviceName":	"nnssf-nsselection",
			"versions":	[{
					"apiVersionInUri":	"v2",
					"apiFullVersion":	"2.0.0"
				}],
			"scheme":	"http",
			"nfServiceStatus":	"REGISTERED",
			"ipEndPoints":	[{
					"ipv4Address":	"127.0.0.14",
					"port":	7777
				}],
			"allowedNfTypes":	["AMF"],
			"priority":	0,
			"capacity":	100,
			"load":	0
		}
	},
	"nfProfileChangesSupportInd":	true
} (../lib/sbi/nghttp2-server.c:806)
11/20 18:50:14.535: [nrf] DEBUG: nrf_state_operational(): OGS_EVENT_NAME_SBI_SERVER (../src/nrf/nrf-sm.c:50)
11/20 18:50:14.535: [sbi] DEBUG: ogs_sbi_nf_instance_add() (../lib/sbi/context.c:762)
11/20 18:50:14.535: [sbi] DEBUG: [REF] 1 (../lib/sbi/context.c:764)
11/20 18:50:14.535: [nrf] DEBUG: nrf_nf_state_initial(): ENTRY (../src/nrf/nf-sm.c:55)
11/20 18:50:14.535: [nrf] DEBUG: nrf_nf_state_will_register(): ENTRY (../src/nrf/nf-sm.c:93)
11/20 18:50:14.535: [nrf] DEBUG: nrf_nf_state_will_register(): OGS_EVENT_NAME_SBI_SERVER (../src/nrf/nf-sm.c:93)
11/20 18:50:14.535: [sock] DEBUG: addr:127.0.0.14, port:80 (../lib/core/ogs-sockaddr.c:140)
11/20 18:50:14.535: [sock] DEBUG: addr:127.0.0.14, port:7777 (../lib/core/ogs-sockaddr.c:140)
11/20 18:50:14.535: [sbi] DEBUG: STATUS [201] (../lib/sbi/nghttp2-server.c:357)
11/20 18:50:14.535: [sbi] DEBUG: SENDING...: 158 (../lib/sbi/nghttp2-server.c:365)
11/20 18:50:14.535: [sbi] DEBUG: {
	"nfInstanceId":	"396c4750-6947-41ed-b7d7-e31a8ed842a9",
	"nfType":	"NSSF",
	"nfStatus":	"REGISTERED",
	"heartBeatTimer":	10,
	"nfProfileChangesInd":	true
} (../lib/sbi/nghttp2-server.c:366)
11/20 18:50:14.535: [sbi] DEBUG: STREAM closed [1] (../lib/sbi/nghttp2-server.c:852)
11/20 18:50:14.535: [nrf] DEBUG: nrf_nf_state_will_register(): EXIT (../src/nrf/nf-sm.c:93)
11/20 18:50:14.535: [nrf] DEBUG: nrf_nf_state_registered(): ENTRY (../src/nrf/nf-sm.c:183)
11/20 18:50:14.535: [nrf] INFO: [396c4750-6947-41ed-b7d7-e31a8ed842a9] NF registered [Heartbeat:10s] (../src/nrf/nf-sm.c:191)
0000: 00000004 01000000 00                  .........
0000: 00006c01 04000000 01488210 03768bd5   ..l......H...v..
0010: 596a6f16 e53b8976 d76f6196 d07abe94   Yjo..;.v.oa..z..
0020: 1054d27e ea080212 8015c6c1 702d298b   .T.~........p-).
0030: 46ff0f0d 03313538 5f8b1d75 d0620d26   F....158_..u.b.&
0040: 3d4c7441 ea0f1fad 62aaac95 6aa5a58e   =LtA....b...j...
0050: e162a956 354848ea 2150c32f b8469d6c   .b.V5HH.!P./.F.l
0060: 0b38fb4e acd04b22 d1bb23ab 15908de2   .8.N..K"..#.....
0070: c8f3421b ff                           ..B..
0000: 00009e00 01000000 017b0a09 226e6649   .........{.."nfI
0010: 6e737461 6e636549 64223a09 22333936   nstanceId":."396
0020: 63343735 302d3639 34372d34 3165642d   c4750-6947-41ed-
0030: 62376437 2d653331 61386564 38343261   b7d7-e31a8ed842a
0040: 39222c0a 09226e66 54797065 223a0922   9",.."nfType":."
0050: 4e535346 222c0a09 226e6653 74617475   NSSF",.."nfStatu
0060: 73223a09 22524547 49535445 52454422   s":."REGISTERED"
0070: 2c0a0922 68656172 74426561 7454696d   ,.."heartBeatTim
0080: 6572223a 0931302c 0a09226e 6650726f   er":.10,.."nfPro
0090: 66696c65 4368616e 67657349 6e64223a   fileChangesInd":
00a0: 09747275 650a7d                       .true.}
11/20 18:50:14.535: [sbi] DEBUG: [201:PUT] http://[::1]:7777/nnrf-nfm/v1/nf-instances/396c4750-6947-41ed-b7d7-e31a8ed842a9 (../lib/sbi/client.c:573)
11/20 18:50:14.535: [sbi] DEBUG: RECEIVED[158] (../lib/sbi/client.c:584)
11/20 18:50:14.535: [sbi] DEBUG: {
	"nfInstanceId":	"396c4750-6947-41ed-b7d7-e31a8ed842a9",
	"nfType":	"NSSF",
	"nfStatus":	"REGISTERED",
	"heartBeatTimer":	10,
	"nfProfileChangesInd":	true
} (../lib/sbi/client.c:586)
11/20 18:50:14.535: [nssf] DEBUG: nssf_state_operational(): OGS_EVENT_NAME_SBI_CLIENT (../src/nssf/nssf-sm.c:53)
11/20 18:50:14.535: [sbi] DEBUG: ogs_sbi_nf_state_will_register(): OGS_EVENT_NAME_SBI_CLIENT (../lib/sbi/nf-sm.c:118)
11/20 18:50:14.535: [sbi] DEBUG: ogs_sbi_nf_state_will_register(): EXIT (../lib/sbi/nf-sm.c:118)
11/20 18:50:14.535: [sbi] DEBUG: ogs_sbi_nf_state_registered(): ENTRY (../lib/sbi/nf-sm.c:204)
11/20 18:50:14.535: [sbi] INFO: [396c4750-6947-41ed-b7d7-e31a8ed842a9] NF registered [Heartbeat:10s] (../lib/sbi/nf-sm.c:216)
11/20 18:50:14.536: [sock] DEBUG: addr:127.0.0.7, port:8805 (../lib/core/ogs-sockaddr.c:140)
11/20 18:50:14.536: [sock] DEBUG: addr:127.0.0.4, port:7777 (../lib/core/ogs-sockaddr.c:140)
11/20 18:50:14.536: [sock] DEBUG: addr:127.0.0.10, port:7777 (../lib/core/ogs-sockaddr.c:140)
11/20 18:50:14.536: [sock] DEBUG: addr:::1, port:7777 (../lib/core/ogs-sockaddr.c:140)
11/20 18:50:14.543: [thread] DEBUG: [0x5609d65c17f0] thread started (../lib/core/ogs-thread.c:101)
11/20 18:50:14.543: [thread] DEBUG: [0x5609d65c17f0] worker signal (../lib/core/ogs-thread.c:66)
11/20 18:50:14.545: [diam] DEBUG: pid:Main in fd_core_initialize@core.c:188: libfdproto '1.5.0' initialized.
 ((null):0)
11/20 18:50:14.545: [diam] DEBUG: pid:Main in fd_core_initialize@core.c:223: libfdcore '1.5.0' initialized.
 ((null):0)
Open5GS daemon v2.5.5

11/20 18:50:14.551: [app] INFO: Configuration: '/home/test/build/configs/sample.yaml' (../lib/app/ogs-init.c:126)
11/20 18:50:14.551: [app] INFO: File Logging: '/home/test/test.log' (../lib/app/ogs-init.c:129)
11/20 18:50:14.551: [app] INFO: LOG-LEVEL: 'debug' (../lib/app/ogs-init.c:132)
11/20 18:50:14.567: [diam] DEBUG: pid:Main in fd_ext_load@extensions.c:215: All extensions loaded.
 ((null):0)
11/20 18:50:14.567: [diam] DEBUG: pid:Main in ogs_diam_config_init@config.c:196: freeDiameter configuration:
 ((null):0)
11/20 18:50:14.567: [diam] DEBUG: pid:Main in ogs_diam_config_init@config.c:196:   Default trace level .... : +5
 ((null):0)
11/20 18:50:14.567: [diam] DEBUG: pid:Main in ogs_diam_config_init@config.c:196:   Configuration file ..... : (null)
 ((null):0)
11/20 18:50:14.567: [diam] DEBUG: pid:Main in ogs_diam_config_init@config.c:196:   Diameter Identity ...... : smf.localdomain (l:15)
 ((null):0)
11/20 18:50:14.567: [diam] DEBUG: pid:Main in ogs_diam_config_init@config.c:196:   Diameter Realm ......... : localdomain (l:11)
 ((null):0)
11/20 18:50:14.567: [diam] DEBUG: pid:Main in ogs_diam_config_init@config.c:196:   Tc Timer ............... : 30
 ((null):0)
11/20 18:50:14.567: [diam] DEBUG: pid:Main in ogs_diam_config_init@config.c:196:   Tw Timer ............... : 30
 ((null):0)
11/20 18:50:14.567: [diam] DEBUG: pid:Main in ogs_diam_config_init@config.c:196:   Local port ............. : 3868
 ((null):0)
11/20 18:50:14.567: [diam] DEBUG: pid:Main in ogs_diam_config_init@config.c:196:   Local secure port ...... : 5868
 ((null):0)
11/20 18:50:14.567: [diam] DEBUG: pid:Main in ogs_diam_config_init@config.c:196:   Number of SCTP streams . : 30
 ((null):0)
11/20 18:50:14.567: [diam] DEBUG: pid:Main in ogs_diam_config_init@config.c:196:   Number of clients thr .. : 5
 ((null):0)
11/20 18:50:14.567: [diam] DEBUG: pid:Main in ogs_diam_config_init@config.c:196:   Number of app threads .. : 4
 ((null):0)
11/20 18:50:14.567: [diam] DEBUG: pid:Main in ogs_diam_config_init@config.c:196:   Minimal processing peers : 0
 ((null):0)
11/20 18:50:14.567: [diam] DEBUG: pid:Main in ogs_diam_config_init@config.c:196:   Number of rtin threads . : 1
 ((null):0)
11/20 18:50:14.567: [diam] DEBUG: pid:Main in ogs_diam_config_init@config.c:196:   Number of rtout threads  : 1
 ((null):0)
11/20 18:50:14.567: [diam] DEBUG: pid:Main in ogs_diam_config_init@config.c:196:   Incoming queue limit     : 20
 ((null):0)
11/20 18:50:14.567: [diam] DEBUG: pid:Main in ogs_diam_config_init@config.c:196:   Outgoing queue limit     : 30
 ((null):0)
11/20 18:50:14.567: [diam] DEBUG: pid:Main in ogs_diam_config_init@config.c:196:   Local queue limit        : 25
 ((null):0)
11/20 18:50:14.567: [diam] DEBUG: pid:Main in ogs_diam_config_init@config.c:196:   Local endpoints ........ : 127.0.0.4{C----}
 ((null):0)
11/20 18:50:14.567: [diam] DEBUG: pid:Main in ogs_diam_config_init@config.c:196:   Local applications ..... : (none)
 ((null):0)
11/20 18:50:14.567: [diam] DEBUG: pid:Main in ogs_diam_config_init@config.c:196:   Flags : - IP ........... : Enabled
 ((null):0)
11/20 18:50:14.567: [diam] DEBUG: pid:Main in ogs_diam_config_init@config.c:196:           - IPv6 ......... : Enabled
 ((null):0)
11/20 18:50:14.567: [diam] DEBUG: pid:Main in ogs_diam_config_init@config.c:196:           - Relay app .... : DISABLED
 ((null):0)
11/20 18:50:14.567: [diam] DEBUG: pid:Main in ogs_diam_config_init@config.c:196:           - TCP .......... : Enabled
 ((null):0)
11/20 18:50:14.567: [diam] DEBUG: pid:Main in ogs_diam_config_init@config.c:196:           - SCTP ......... : Enabled
 ((null):0)
11/20 18:50:14.567: [diam] DEBUG: pid:Main in ogs_diam_config_init@config.c:196:           - Pref. proto .. : SCTP
 ((null):0)
11/20 18:50:14.567: [diam] DEBUG: pid:Main in ogs_diam_config_init@config.c:196:           - TLS method ... : Separate port
 ((null):0)
11/20 18:50:14.567: [diam] DEBUG: pid:Main in ogs_diam_config_init@config.c:196:           - Client bind .. : Enabled
 ((null):0)
11/20 18:50:14.567: [diam] DEBUG: pid:Main in ogs_diam_config_init@config.c:196:   TLS :   - Certificate .. : (NONE)
 ((null):0)
11/20 18:50:14.567: [diam] DEBUG: pid:Main in ogs_diam_config_init@config.c:196:           - Private key .. : (NONE)
 ((null):0)
11/20 18:50:14.567: [diam] DEBUG: pid:Main in ogs_diam_config_init@config.c:196:           - CA (trust) ... : (none) (0 certs)
 ((null):0)
11/20 18:50:14.567: [diam] DEBUG: pid:Main in ogs_diam_config_init@config.c:196:           - CRL .......... : (none)
 ((null):0)
11/20 18:50:14.567: [diam] DEBUG: pid:Main in ogs_diam_config_init@config.c:196:           - Priority ..... : (default: 'NORMAL')
 ((null):0)
11/20 18:50:14.567: [diam] DEBUG: pid:Main in ogs_diam_config_init@config.c:196:           - DH bits ...... : 1024
 ((null):0)
11/20 18:50:14.567: [diam] DEBUG: pid:Main in ogs_diam_config_init@config.c:196:   Origin-State-Id ........ : 1668999014
 ((null):0)
11/20 18:50:14.573: [diam] DEBUG: pid:Main in fd_servers_start@server.c:464: Local server address(es): 127.0.0.4{C----}
 ((null):0)
11/20 18:50:14.573: [sock] DEBUG: socket create(2:2:17) (../lib/core/ogs-socket.c:92)
11/20 18:50:14.573: [sock] DEBUG: socket bind 127.0.0.4:2123 (../lib/core/ogs-socket.c:117)
11/20 18:50:14.573: [sock] DEBUG: udp_server() [127.0.0.4]:2123 (../lib/core/ogs-udp.c:52)
11/20 18:50:14.573: [gtp] INFO: gtp_server() [127.0.0.4]:2123 (../lib/gtp/path.c:31)
11/20 18:50:14.573: [sock] DEBUG: socket create(10:2:17) (../lib/core/ogs-socket.c:92)
11/20 18:50:14.573: [sock] DEBUG: socket bind ::1:2123 (../lib/core/ogs-socket.c:117)
11/20 18:50:14.573: [sock] DEBUG: udp_server() [::1]:2123 (../lib/core/ogs-udp.c:52)
11/20 18:50:14.573: [gtp] INFO: gtp_server() [::1]:2123 (../lib/gtp/path.c:31)
11/20 18:50:14.573: [sock] DEBUG: socket create(2:2:17) (../lib/core/ogs-socket.c:92)
11/20 18:50:14.573: [sock] DEBUG: socket bind 127.0.0.4:2152 (../lib/core/ogs-socket.c:117)
11/20 18:50:14.573: [sock] DEBUG: udp_server() [127.0.0.4]:2152 (../lib/core/ogs-udp.c:52)
11/20 18:50:14.573: [gtp] INFO: gtp_server() [127.0.0.4]:2152 (../lib/gtp/path.c:31)
11/20 18:50:14.573: [sock] DEBUG: socket create(10:2:17) (../lib/core/ogs-socket.c:92)
11/20 18:50:14.573: [sock] DEBUG: socket bind ::1:2152 (../lib/core/ogs-socket.c:117)
11/20 18:50:14.573: [sock] DEBUG: udp_server() [::1]:2152 (../lib/core/ogs-udp.c:52)
11/20 18:50:14.573: [gtp] INFO: gtp_server() [::1]:2152 (../lib/gtp/path.c:31)
11/20 18:50:14.573: [sock] DEBUG: socket create(2:2:17) (../lib/core/ogs-socket.c:92)
11/20 18:50:14.573: [sock] DEBUG: socket bind 127.0.0.4:8805 (../lib/core/ogs-socket.c:117)
11/20 18:50:14.573: [sock] DEBUG: udp_server() [127.0.0.4]:8805 (../lib/core/ogs-udp.c:52)
11/20 18:50:14.573: [pfcp] INFO: pfcp_server() [127.0.0.4]:8805 (../lib/pfcp/path.c:31)
11/20 18:50:14.573: [smf] DEBUG: smf_pfcp_state_initial(): ENTRY (../src/smf/pfcp-sm.c:35)
11/20 18:50:14.573: [pfcp] INFO: ogs_pfcp_connect() [127.0.0.7]:8805 (../lib/pfcp/path.c:62)
11/20 18:50:14.573: [smf] DEBUG: smf_pfcp_state_will_associate(): ENTRY (../src/smf/pfcp-sm.c:78)
11/20 18:50:14.573: [pfcp] DEBUG: [1] LOCAL  Create  peer [127.0.0.7]:8805 (../lib/pfcp/xact.c:116)
11/20 18:50:14.573: [pfcp] DEBUG: Association Setup Request (../lib/pfcp/build.c:64)
11/20 18:50:14.573: [pfcp] DEBUG: [1] LOCAL  UPD TX-5  peer [127.0.0.7]:8805 (../lib/pfcp/xact.c:197)
11/20 18:50:14.573: [pfcp] DEBUG: [1] LOCAL  Commit  peer [127.0.0.7]:8805 (../lib/pfcp/xact.c:475)
11/20 18:50:14.574: [sbi] DEBUG: ogs_sbi_nf_state_initial(): ENTRY (../lib/sbi/nf-sm.c:66)
11/20 18:50:14.574: [sbi] DEBUG: ogs_sbi_nf_state_registered(): ENTRY (../lib/sbi/nf-sm.c:204)
11/20 18:50:14.574: [sbi] INFO: NF Service [nsmf-pdusession] (../lib/sbi/context.c:1401)
11/20 18:50:14.574: [sbi] DEBUG: ogs_sbi_nf_state_initial(): ENTRY (../lib/sbi/nf-sm.c:66)
11/20 18:50:14.574: [sbi] DEBUG: ogs_sbi_nf_state_will_register(): ENTRY (../lib/sbi/nf-sm.c:118)
11/20 18:50:14.574: [upf] DEBUG: upf_state_operational(): UPF_EVT_N4_MESSAGE (../src/upf/upf-sm.c:51)
11/20 18:50:14.574: [pfcp] DEBUG: [1] Cannot find xact type 5 from PFCP peer [127.0.0.4]:8805 (../lib/pfcp/xact.c:797)
11/20 18:50:14.574: [pfcp] DEBUG: [1] REMOTE Create  peer [127.0.0.4]:8805 (../lib/pfcp/xact.c:159)
11/20 18:50:14.574: [pfcp] DEBUG: [1] REMOTE Receive peer [127.0.0.4]:8805 (../lib/pfcp/xact.c:704)
11/20 18:50:14.574: [pfcp] DEBUG: [1] REMOTE UPD RX-5  peer [127.0.0.4]:8805 (../lib/pfcp/xact.c:298)
11/20 18:50:14.574: [upf] DEBUG: upf_pfcp_state_will_associate(): UPF_EVT_N4_MESSAGE (../src/upf/pfcp-sm.c:79)
11/20 18:50:14.574: [pfcp] DEBUG: Association Setup Response (../lib/pfcp/build.c:193)
11/20 18:50:14.574: [sbi] DEBUG: [PUT] http://[::1]:7777/nnrf-nfm/v1/nf-instances/3960ca9c-6947-41ed-9c07-0ffc1a45571d (../lib/sbi/client.c:625)
11/20 18:50:14.574: [pfcp] DEBUG: [1] REMOTE UPD TX-6  peer [127.0.0.4]:8805 (../lib/pfcp/xact.c:197)
11/20 18:50:14.574: [pfcp] DEBUG: [1] REMOTE Commit  peer [127.0.0.4]:8805 (../lib/pfcp/xact.c:475)
11/20 18:50:14.574: [sbi] DEBUG: SENDING...[733] (../lib/sbi/client.c:401)
11/20 18:50:14.574: [sbi] DEBUG: {
	"nfInstanceId":	"3960ca9c-6947-41ed-9c07-0ffc1a45571d",
	"nfType":	"SMF",
	"nfStatus":	"REGISTERED",
	"ipv4Addresses":	["127.0.0.4"],
	"allowedNfTypes":	["AMF", "SCP"],
	"priority":	0,
	"capacity":	100,
	"load":	0,
	"nfServiceList":	{
		"39724e16-6947-41ed-9c07-0ffc1a45571d":	{
			"serviceInstanceId":	"39724e16-6947-41ed-9c07-0ffc1a45571d",
			"serviceName":	"nsmf-pdusession",
			"versions":	[{
					"apiVersionInUri":	"v1",
					"apiFullVersion":	"1.0.0"
				}],
			"scheme":	"http",
			"nfServiceStatus":	"REGISTERED",
			"ipEndPoints":	[{
					"ipv4Address":	"127.0.0.4",
					"port":	7777
				}],
			"allowedNfTypes":	["AMF"],
			"priority":	0,
			"capacity":	100,
			"load":	0
		}
	},
	"nfProfileChangesSupportInd":	true
} (../lib/sbi/client.c:403)
11/20 18:50:14.574: [upf] DEBUG: upf_pfcp_state_will_associate(): EXIT (../src/upf/pfcp-sm.c:79)
11/20 18:50:14.574: [upf] DEBUG: upf_pfcp_state_associated(): ENTRY (../src/upf/pfcp-sm.c:164)
11/20 18:50:14.574: [upf] INFO: PFCP associated [127.0.0.4]:8805 (../src/upf/pfcp-sm.c:175)
11/20 18:50:14.574: [sock] DEBUG: socket create(2:1:6) (../lib/core/ogs-socket.c:92)
11/20 18:50:14.574: [sock] DEBUG: Turn on TCP_NODELAY (../lib/core/ogs-sockopt.c:139)
11/20 18:50:14.574: [sock] DEBUG: Turn on SO_REUSEADDR (../lib/core/ogs-sockopt.c:120)
11/20 18:50:14.574: [sock] DEBUG: socket bind 127.0.0.4:7777 (../lib/core/ogs-socket.c:117)
11/20 18:50:14.574: [sock] DEBUG: tcp_server() [127.0.0.4]:7777 (../lib/core/ogs-tcp.c:61)
11/20 18:50:14.574: [sbi] INFO: nghttp2_server() [127.0.0.4]:7777 (../lib/sbi/nghttp2-server.c:151)
11/20 18:50:14.574: [diam] DEBUG: pid:ConnTo:pcrf.localdomain in md_hook_cb_tree@dbg_msg_dumps.c:150: CONNECT FAILED to pcrf.localdomain: All connection attempts failed, will retry later
 ((null):0)
11/20 18:50:14.574: [thread] DEBUG: [0x557298f3a290] worker signal (../lib/core/ogs-thread.c:66)
11/20 18:50:14.574: [thread] DEBUG: [0x557298f3a290] thread started (../lib/core/ogs-thread.c:101)
11/20 18:50:14.574: [app] INFO: SMF initialize...done (../src/smf/app.c:31)
11/20 18:50:14.574: [smf] DEBUG: smf_state_initial(): INIT (../src/smf/smf-sm.c:35)
11/20 18:50:14.575: [smf] DEBUG: smf_state_operational(): ENTRY (../src/smf/smf-sm.c:83)
11/20 18:50:14.575: [sbi] DEBUG: MAX_CONCURRENT_STREAMS = 100 (../lib/sbi/nghttp2-server.c:747)
11/20 18:50:14.575: [sbi] DEBUG: ENABLE_PUSH = false (../lib/sbi/nghttp2-server.c:749)
11/20 18:50:14.575: [smf] DEBUG: smf_state_operational(): SMF_EVT_N4_MESSAGE (../src/smf/smf-sm.c:83)
0000: 00000604 00000000 00000300 04e200     ...............
11/20 18:50:14.575: [sbi] DEBUG: STREAM added [1] (../lib/sbi/nghttp2-server.c:1122)
11/20 18:50:14.575: [sbi] DEBUG: [PUT] /nnrf-nfm/v1/nf-instances/3960ca9c-6947-41ed-9c07-0ffc1a45571d (../lib/sbi/nghttp2-server.c:801)
11/20 18:50:14.575: [sbi] DEBUG: RECEIVED: 733 (../lib/sbi/nghttp2-server.c:805)
11/20 18:50:14.575: [pfcp] DEBUG: [1] LOCAL  Find    peer [127.0.0.7]:8805 (../lib/pfcp/xact.c:790)
11/20 18:50:14.575: [sbi] DEBUG: {
	"nfInstanceId":	"3960ca9c-6947-41ed-9c07-0ffc1a45571d",
	"nfType":	"SMF",
	"nfStatus":	"REGISTERED",
	"ipv4Addresses":	["127.0.0.4"],
	"allowedNfTypes":	["AMF", "SCP"],
	"priority":	0,
	"capacity":	100,
	"load":	0,
	"nfServiceList":	{
		"39724e16-6947-41ed-9c07-0ffc1a45571d":	{
			"serviceInstanceId":	"39724e16-6947-41ed-9c07-0ffc1a45571d",
			"serviceName":	"nsmf-pdusession",
			"versions":	[{
					"apiVersionInUri":	"v1",
					"apiFullVersion":	"1.0.0"
				}],
			"scheme":	"http",
			"nfServiceStatus":	"REGISTERED",
			"ipEndPoints":	[{
					"ipv4Address":	"127.0.0.4",
					"port":	7777
				}],
			"allowedNfTypes":	["AMF"],
			"priority":	0,
			"capacity":	100,
			"load":	0
		}
	},
	"nfProfileChangesSupportInd":	true
} (../lib/sbi/nghttp2-server.c:806)
11/20 18:50:14.575: [nrf] DEBUG: nrf_state_operational(): OGS_EVENT_NAME_SBI_SERVER (../src/nrf/nrf-sm.c:50)
11/20 18:50:14.575: [pfcp] DEBUG: [1] LOCAL  Receive peer [127.0.0.7]:8805 (../lib/pfcp/xact.c:704)
11/20 18:50:14.575: [pfcp] DEBUG: [1] LOCAL  UPD RX-6  peer [127.0.0.7]:8805 (../lib/pfcp/xact.c:298)
11/20 18:50:14.575: [smf] DEBUG: smf_pfcp_state_will_associate(): SMF_EVT_N4_MESSAGE (../src/smf/pfcp-sm.c:78)
11/20 18:50:14.575: [pfcp] DEBUG: [1] LOCAL  Commit  peer [127.0.0.7]:8805 (../lib/pfcp/xact.c:475)
11/20 18:50:14.575: [pfcp] DEBUG: [1] LOCAL  Delete  peer [127.0.0.7]:8805 (../lib/pfcp/xact.c:813)
11/20 18:50:14.575: [smf] DEBUG: smf_pfcp_state_will_associate(): EXIT (../src/smf/pfcp-sm.c:78)
11/20 18:50:14.575: [smf] DEBUG: smf_pfcp_state_associated(): ENTRY (../src/smf/pfcp-sm.c:165)
11/20 18:50:14.575: [smf] INFO: PFCP associated [127.0.0.7]:8805 (../src/smf/pfcp-sm.c:176)
11/20 18:50:14.575: [sbi] DEBUG: ogs_sbi_nf_instance_add() (../lib/sbi/context.c:762)
11/20 18:50:14.575: [sbi] DEBUG: [REF] 1 (../lib/sbi/context.c:764)
11/20 18:50:14.575: [nrf] DEBUG: nrf_nf_state_initial(): ENTRY (../src/nrf/nf-sm.c:55)
11/20 18:50:14.575: [nrf] DEBUG: nrf_nf_state_will_register(): ENTRY (../src/nrf/nf-sm.c:93)
11/20 18:50:14.575: [nrf] DEBUG: nrf_nf_state_will_register(): OGS_EVENT_NAME_SBI_SERVER (../src/nrf/nf-sm.c:93)
11/20 18:50:14.575: [sock] DEBUG: addr:127.0.0.4, port:80 (../lib/core/ogs-sockaddr.c:140)
11/20 18:50:14.575: [sock] DEBUG: addr:127.0.0.4, port:7777 (../lib/core/ogs-sockaddr.c:140)
11/20 18:50:14.575: [sbi] DEBUG: STATUS [201] (../lib/sbi/nghttp2-server.c:357)
11/20 18:50:14.575: [sbi] DEBUG: SENDING...: 157 (../lib/sbi/nghttp2-server.c:365)
11/20 18:50:14.575: [sbi] DEBUG: {
	"nfInstanceId":	"3960ca9c-6947-41ed-9c07-0ffc1a45571d",
	"nfType":	"SMF",
	"nfStatus":	"REGISTERED",
	"heartBeatTimer":	10,
	"nfProfileChangesInd":	true
} (../lib/sbi/nghttp2-server.c:366)
11/20 18:50:14.575: [sbi] DEBUG: STREAM closed [1] (../lib/sbi/nghttp2-server.c:852)
11/20 18:50:14.575: [nrf] DEBUG: nrf_nf_state_will_register(): EXIT (../src/nrf/nf-sm.c:93)
11/20 18:50:14.575: [nrf] DEBUG: nrf_nf_state_registered(): ENTRY (../src/nrf/nf-sm.c:183)
11/20 18:50:14.575: [nrf] INFO: [3960ca9c-6947-41ed-9c07-0ffc1a45571d] NF registered [Heartbeat:10s] (../src/nrf/nf-sm.c:191)
11/20 18:50:14.575: [sbi] DEBUG: MAX_CONCURRENT_STREAMS = 100 (../lib/sbi/nghttp2-server.c:747)
11/20 18:50:14.575: [sbi] DEBUG: ENABLE_PUSH = false (../lib/sbi/nghttp2-server.c:749)
0000: 00000004 01000000 00                  .........
0000: 00006b01 04000000 01488210 03768bd5   ..k......H...v..
0010: 596a6f16 e53b8976 d76f6196 d07abe94   Yjo..;.v.oa..z..
0020: 1054d27e ea080212 8015c6c1 702d298b   .T.~........p-).
0030: 46ff0f0d 03313537 0f1fac62 aaac956a   F....157...b...j
0040: a5a58ee1 62a95635 4848ea21 50c32fb8   ....b.V5HH.!P./.
0050: 020df22c e3ed3ab3 412c8b3e 403ab025   ...,..:.A,.>@:.%
0060: 94811b4d b6e8645f 8b1d75d0 620d263d   ...M..d_..u.b.&=
0070: 4c7441ea                              LtA.
0000: 00009d00 01000000 017b0a09 226e6649   .........{.."nfI
0010: 6e737461 6e636549 64223a09 22333936   nstanceId":."396
0020: 30636139 632d3639 34372d34 3165642d   0ca9c-6947-41ed-
0030: 39633037 2d306666 63316134 35353731   9c07-0ffc1a45571
0040: 64222c0a 09226e66 54797065 223a0922   d",.."nfType":."
0050: 534d4622 2c0a0922 6e665374 61747573   SMF",.."nfStatus
0060: 223a0922 52454749 53544552 4544222c   ":."REGISTERED",
0070: 0a092268 65617274 42656174 54696d65   .."heartBeatTime
0080: 72223a09 31302c0a 09226e66 50726f66   r":.10,.."nfProf
0090: 696c6543 68616e67 6573496e 64223a09   ileChangesInd":.
00a0: 74727565 0a7d                         true.}
11/20 18:50:14.575: [sbi] DEBUG: [201:PUT] http://[::1]:7777/nnrf-nfm/v1/nf-instances/3960ca9c-6947-41ed-9c07-0ffc1a45571d (../lib/sbi/client.c:573)
11/20 18:50:14.575: [sbi] DEBUG: RECEIVED[157] (../lib/sbi/client.c:584)
11/20 18:50:14.575: [sbi] DEBUG: {
	"nfInstanceId":	"3960ca9c-6947-41ed-9c07-0ffc1a45571d",
	"nfType":	"SMF",
	"nfStatus":	"REGISTERED",
	"heartBeatTimer":	10,
	"nfProfileChangesInd":	true
} (../lib/sbi/client.c:586)
11/20 18:50:14.575: [smf] DEBUG: smf_state_operational(): OGS_EVENT_NAME_SBI_CLIENT (../src/smf/smf-sm.c:83)
11/20 18:50:14.575: [sbi] DEBUG: ogs_sbi_nf_state_will_register(): OGS_EVENT_NAME_SBI_CLIENT (../lib/sbi/nf-sm.c:118)
11/20 18:50:14.575: [sbi] DEBUG: ogs_sbi_nf_state_will_register(): EXIT (../lib/sbi/nf-sm.c:118)
11/20 18:50:14.575: [sbi] DEBUG: ogs_sbi_nf_state_registered(): ENTRY (../lib/sbi/nf-sm.c:204)
11/20 18:50:14.575: [sbi] INFO: [3960ca9c-6947-41ed-9c07-0ffc1a45571d] NF registered [Heartbeat:10s] (../lib/sbi/nf-sm.c:216)
11/20 18:50:14.575: [sbi] DEBUG: [POST] http://[::1]:7777/nnrf-nfm/v1/subscriptions (../lib/sbi/client.c:625)
11/20 18:50:14.575: [sbi] DEBUG: SENDING...[261] (../lib/sbi/client.c:401)
11/20 18:50:14.575: [sbi] DEBUG: {
	"nfStatusNotificationUri":	"http://127.0.0.4:7777/nnrf-nfm/v1/nf-status-notify",
	"reqNfInstanceId":	"3960ca9c-6947-41ed-9c07-0ffc1a45571d",
	"subscrCond":	{
		"nfType":	"AMF",
		"serviceName":	"namf-comm"
	},
	"reqNfType":	"SMF",
	"requesterFeatures":	"1"
} (../lib/sbi/client.c:403)
11/20 18:50:14.575: [sbi] DEBUG: [POST] http://[::1]:7777/nnrf-nfm/v1/subscriptions (../lib/sbi/client.c:625)
11/20 18:50:14.575: [sbi] DEBUG: SENDING...[272] (../lib/sbi/client.c:401)
11/20 18:50:14.575: [sbi] DEBUG: {
	"nfStatusNotificationUri":	"http://127.0.0.4:7777/nnrf-nfm/v1/nf-status-notify",
	"reqNfInstanceId":	"3960ca9c-6947-41ed-9c07-0ffc1a45571d",
	"subscrCond":	{
		"nfType":	"PCF",
		"serviceName":	"npcf-smpolicycontrol"
	},
	"reqNfType":	"SMF",
	"requesterFeatures":	"1"
} (../lib/sbi/client.c:403)
11/20 18:50:14.575: [sbi] DEBUG: [POST] http://[::1]:7777/nnrf-nfm/v1/subscriptions (../lib/sbi/client.c:625)
11/20 18:50:14.575: [sbi] DEBUG: SENDING...[260] (../lib/sbi/client.c:401)
11/20 18:50:14.575: [sbi] DEBUG: {
	"nfStatusNotificationUri":	"http://127.0.0.4:7777/nnrf-nfm/v1/nf-status-notify",
	"reqNfInstanceId":	"3960ca9c-6947-41ed-9c07-0ffc1a45571d",
	"subscrCond":	{
		"nfType":	"UDM",
		"serviceName":	"nudm-sdm"
	},
	"reqNfType":	"SMF",
	"requesterFeatures":	"1"
} (../lib/sbi/client.c:403)
11/20 18:50:14.576: [sbi] DEBUG: STREAM added [3] (../lib/sbi/nghttp2-server.c:1122)
11/20 18:50:14.576: [sbi] DEBUG: [POST] /nnrf-nfm/v1/subscriptions (../lib/sbi/nghttp2-server.c:801)
11/20 18:50:14.576: [sbi] DEBUG: RECEIVED: 261 (../lib/sbi/nghttp2-server.c:805)
11/20 18:50:14.576: [sbi] DEBUG: {
	"nfStatusNotificationUri":	"http://127.0.0.4:7777/nnrf-nfm/v1/nf-status-notify",
	"reqNfInstanceId":	"3960ca9c-6947-41ed-9c07-0ffc1a45571d",
	"subscrCond":	{
		"nfType":	"AMF",
		"serviceName":	"namf-comm"
	},
	"reqNfType":	"SMF",
	"requesterFeatures":	"1"
} (../lib/sbi/nghttp2-server.c:806)
11/20 18:50:14.576: [nrf] DEBUG: nrf_state_operational(): OGS_EVENT_NAME_SBI_SERVER (../src/nrf/nrf-sm.c:50)
11/20 18:50:14.576: [sock] DEBUG: addr:127.0.0.4, port:7777 (../lib/core/ogs-sockaddr.c:140)
11/20 18:50:14.576: [sbi] DEBUG: ogs_sbi_client_add() (../lib/sbi/client.c:112)
11/20 18:50:14.576: [sbi] DEBUG: [REF] 1 (../lib/sbi/client.c:113)
11/20 18:50:14.576: [nrf] DEBUG: [REF] 2 (../src/nrf/nnrf-handler.c:261)
11/20 18:50:14.576: [sbi] DEBUG: STATUS [201] (../lib/sbi/nghttp2-server.c:357)
11/20 18:50:14.576: [sbi] DEBUG: SENDING...: 376 (../lib/sbi/nghttp2-server.c:365)
11/20 18:50:14.576: [sbi] DEBUG: {
	"nfStatusNotificationUri":	"http://127.0.0.4:7777/nnrf-nfm/v1/nf-status-notify",
	"reqNfInstanceId":	"3960ca9c-6947-41ed-9c07-0ffc1a45571d",
	"subscrCond":	{
		"nfType":	"AMF",
		"serviceName":	"namf-comm"
	},
	"subscriptionId":	"3972a37a-6947-41ed-91bc-55e0ddbb24e8",
	"validityTime":	"2022-11-21T18:50:14.576266-08:00",
	"reqNfType":	"SMF",
	"nrfSupportedFeatures":	"1"
} (../lib/sbi/nghttp2-server.c:366)
11/20 18:50:14.576: [sbi] DEBUG: STREAM closed [3] (../lib/sbi/nghttp2-server.c:852)
0000: 00002001 04000000 03c1c0bf 0f0d0333   .. ............3
0010: 37360f1f 9362aaac 956aa5a5 8ee16116   76...b...j....a.
0020: c682586a d263d48f be                  ..Xj.c...
11/20 18:50:14.576: [sbi] DEBUG: [201:POST] http://[::1]:7777/nnrf-nfm/v1/subscriptions (../lib/sbi/client.c:573)
11/20 18:50:14.576: [sbi] DEBUG: RECEIVED[376] (../lib/sbi/client.c:584)
11/20 18:50:14.576: [sbi] DEBUG: {
	"nfStatusNotificationUri":	"http://127.0.0.4:7777/nnrf-nfm/v1/nf-status-notify",
	"reqNfInstanceId":	"3960ca9c-6947-41ed-9c07-0ffc1a45571d",
	"subscrCond":	{
		"nfType":	"AMF",
		"serviceName":	"namf-comm"
	},
	"subscriptionId":	"3972a37a-6947-41ed-91bc-55e0ddbb24e8",
	"validityTime":	"2022-11-21T18:50:14.576266-08:00",
	"reqNfType":	"SMF",
	"nrfSupportedFeatures":	"1"
} (../lib/sbi/client.c:586)
11/20 18:50:14.576: [smf] DEBUG: smf_state_operational(): OGS_EVENT_NAME_SBI_CLIENT (../src/smf/smf-sm.c:83)
0000: 00017800 01000000 037b0a09 226e6653   ..x......{.."nfS
0010: 74617475 734e6f74 69666963 6174696f   tatusNotificatio
0020: 6e557269 223a0922 68747470 3a2f2f31   nUri":."http://1
0030: 32372e30 2e302e34 3a373737 372f6e6e   27.0.0.4:7777/nn
0040: 72662d6e 666d2f76 312f6e66 2d737461   rf-nfm/v1/nf-sta
0050: 7475732d 6e6f7469 6679222c 0a092272   tus-notify",.."r
0060: 65714e66 496e7374 616e6365 4964223a   eqNfInstanceId":
0070: 09223339 36306361 39632d36 3934372d   ."3960ca9c-6947-
0080: 34316564 2d396330 372d3066 66633161   41ed-9c07-0ffc1a
0090: 34353537 3164222c 0a092273 75627363   45571d",.."subsc
00a0: 72436f6e 64223a09 7b0a0909 226e6654   rCond":.{..."nfT
00b0: 79706522 3a092241 4d46222c 0a090922   ype":."AMF",..."
00c0: 73657276 6963654e 616d6522 3a09226e   serviceName":."n
00d0: 616d662d 636f6d6d 220a097d 2c0a0922   amf-comm"..},.."
00e0: 73756273 63726970 74696f6e 4964223a   subscriptionId":
00f0: 09223339 37326133 37612d36 3934372d   ."3972a37a-6947-
0100: 34316564 2d393162 632d3535 65306464   41ed-91bc-55e0dd
0110: 62623234 6538222c 0a092276 616c6964   bb24e8",.."valid
0120: 69747954 696d6522 3a092232 3032322d   ityTime":."2022-
0130: 31312d32 31543138 3a35303a 31342e35   11-21T18:50:14.5
0140: 37363236 362d3038 3a303022 2c0a0922   76266-08:00",.."
0150: 7265714e 66547970 65223a09 22534d46   reqNfType":."SMF
0160: 222c0a09 226e7266 53757070 6f727465   ",.."nrfSupporte
0170: 64466561 74757265 73223a09 2231220a   dFeatures":."1".
0180: 7d                                    }
11/20 18:50:14.576: [sbi] DEBUG: MAX_CONCURRENT_STREAMS = 100 (../lib/sbi/nghttp2-server.c:747)
11/20 18:50:14.576: [sbi] DEBUG: ENABLE_PUSH = false (../lib/sbi/nghttp2-server.c:749)
11/20 18:50:14.576: [sbi] DEBUG: STREAM added [1] (../lib/sbi/nghttp2-server.c:1122)
11/20 18:50:14.576: [sbi] DEBUG: [POST] /nnrf-nfm/v1/subscriptions (../lib/sbi/nghttp2-server.c:801)
11/20 18:50:14.576: [sbi] DEBUG: RECEIVED: 272 (../lib/sbi/nghttp2-server.c:805)
11/20 18:50:14.576: [sbi] DEBUG: {
	"nfStatusNotificationUri":	"http://127.0.0.4:7777/nnrf-nfm/v1/nf-status-notify",
	"reqNfInstanceId":	"3960ca9c-6947-41ed-9c07-0ffc1a45571d",
	"subscrCond":	{
		"nfType":	"PCF",
		"serviceName":	"npcf-smpolicycontrol"
	},
	"reqNfType":	"SMF",
	"requesterFeatures":	"1"
} (../lib/sbi/nghttp2-server.c:806)
0000: 00000604 00000000 00000300 04e200     ...............
11/20 18:50:14.576: [nrf] DEBUG: nrf_state_operational(): OGS_EVENT_NAME_SBI_SERVER (../src/nrf/nrf-sm.c:50)
11/20 18:50:14.576: [sock] DEBUG: addr:127.0.0.4, port:7777 (../lib/core/ogs-sockaddr.c:140)
11/20 18:50:14.576: [nrf] DEBUG: [REF] 3 (../src/nrf/nnrf-handler.c:261)
11/20 18:50:14.576: [sbi] DEBUG: STATUS [201] (../lib/sbi/nghttp2-server.c:357)
11/20 18:50:14.576: [sbi] DEBUG: SENDING...: 387 (../lib/sbi/nghttp2-server.c:365)
11/20 18:50:14.576: [sbi] DEBUG: {
	"nfStatusNotificationUri":	"http://127.0.0.4:7777/nnrf-nfm/v1/nf-status-notify",
	"reqNfInstanceId":	"3960ca9c-6947-41ed-9c07-0ffc1a45571d",
	"subscrCond":	{
		"nfType":	"PCF",
		"serviceName":	"npcf-smpolicycontrol"
	},
	"subscriptionId":	"3972b270-6947-41ed-91bc-55e0ddbb24e8",
	"validityTime":	"2022-11-21T18:50:14.576617-08:00",
	"reqNfType":	"SMF",
	"nrfSupportedFeatures":	"1"
} (../lib/sbi/nghttp2-server.c:366)
11/20 18:50:14.576: [sbi] DEBUG: STREAM closed [1] (../lib/sbi/nghttp2-server.c:852)
11/20 18:50:14.576: [sbi] DEBUG: MAX_CONCURRENT_STREAMS = 100 (../lib/sbi/nghttp2-server.c:747)
11/20 18:50:14.576: [sbi] DEBUG: ENABLE_PUSH = false (../lib/sbi/nghttp2-server.c:749)
0000: 00000004 01000000 00                  .........
11/20 18:50:14.576: [sbi] DEBUG: MAX_CONCURRENT_STREAMS = 100 (../lib/sbi/nghttp2-server.c:747)
11/20 18:50:14.576: [sbi] DEBUG: ENABLE_PUSH = false (../lib/sbi/nghttp2-server.c:749)
11/20 18:50:14.576: [sbi] DEBUG: STREAM added [1] (../lib/sbi/nghttp2-server.c:1122)
11/20 18:50:14.576: [sbi] DEBUG: [POST] /nnrf-nfm/v1/subscriptions (../lib/sbi/nghttp2-server.c:801)
11/20 18:50:14.576: [sbi] DEBUG: RECEIVED: 260 (../lib/sbi/nghttp2-server.c:805)
11/20 18:50:14.576: [sbi] DEBUG: {
	"nfStatusNotificationUri":	"http://127.0.0.4:7777/nnrf-nfm/v1/nf-status-notify",
	"reqNfInstanceId":	"3960ca9c-6947-41ed-9c07-0ffc1a45571d",
	"subscrCond":	{
		"nfType":	"UDM",
		"serviceName":	"nudm-sdm"
	},
	"reqNfType":	"SMF",
	"requesterFeatures":	"1"
} (../lib/sbi/nghttp2-server.c:806)
0000: 00000604 00000000 00000300 04e200     ...............
11/20 18:50:14.576: [nrf] DEBUG: nrf_state_operational(): OGS_EVENT_NAME_SBI_SERVER (../src/nrf/nrf-sm.c:50)
11/20 18:50:14.576: [sock] DEBUG: addr:127.0.0.4, port:7777 (../lib/core/ogs-sockaddr.c:140)
11/20 18:50:14.576: [nrf] DEBUG: [REF] 4 (../src/nrf/nnrf-handler.c:261)
11/20 18:50:14.576: [sbi] DEBUG: STATUS [201] (../lib/sbi/nghttp2-server.c:357)
11/20 18:50:14.576: [sbi] DEBUG: SENDING...: 375 (../lib/sbi/nghttp2-server.c:365)
11/20 18:50:14.576: [sbi] DEBUG: {
	"nfStatusNotificationUri":	"http://127.0.0.4:7777/nnrf-nfm/v1/nf-status-notify",
	"reqNfInstanceId":	"3960ca9c-6947-41ed-9c07-0ffc1a45571d",
	"subscrCond":	{
		"nfType":	"UDM",
		"serviceName":	"nudm-sdm"
	},
	"subscriptionId":	"3972bb30-6947-41ed-91bc-55e0ddbb24e8",
	"validityTime":	"2022-11-21T18:50:14.576840-08:00",
	"reqNfType":	"SMF",
	"nrfSupportedFeatures":	"1"
} (../lib/sbi/nghttp2-server.c:366)
11/20 18:50:14.576: [sbi] DEBUG: STREAM closed [1] (../lib/sbi/nghttp2-server.c:852)
0000: 00005201 04000000 01488210 03768bd5   ..R......H...v..
0010: 596a6f16 e53b8976 d76f6196 d07abe94   Yjo..;.v.oa..z..
0020: 1054d27e ea080212 8015c6c1 702d298b   .T.~........p-).
0030: 46ff0f0d 03333837 0f1f9362 aaac956a   F....387...b...j
0040: a5a58ee1 6116c682 586ad263 d48f5f8b   ....a...Xj.c.._.
0050: 1d75d062 0d263d4c 7441ea              .u.b.&=LtA.
11/20 18:50:14.576: [sbi] DEBUG: MAX_CONCURRENT_STREAMS = 100 (../lib/sbi/nghttp2-server.c:747)
11/20 18:50:14.576: [sbi] DEBUG: ENABLE_PUSH = false (../lib/sbi/nghttp2-server.c:749)
0000: 00000004 01000000 00                  .........
11/20 18:50:14.576: [sbi] DEBUG: [201:POST] http://[::1]:7777/nnrf-nfm/v1/subscriptions (../lib/sbi/client.c:573)
11/20 18:50:14.577: [sbi] DEBUG: RECEIVED[387] (../lib/sbi/client.c:584)
11/20 18:50:14.577: [sbi] DEBUG: {
	"nfStatusNotificationUri":	"http://127.0.0.4:7777/nnrf-nfm/v1/nf-status-notify",
	"reqNfInstanceId":	"3960ca9c-6947-41ed-9c07-0ffc1a45571d",
	"subscrCond":	{
		"nfType":	"PCF",
		"serviceName":	"npcf-smpolicycontrol"
	},
	"subscriptionId":	"3972b270-6947-41ed-91bc-55e0ddbb24e8",
	"validityTime":	"2022-11-21T18:50:14.576617-08:00",
	"reqNfType":	"SMF",
	"nrfSupportedFeatures":	"1"
} (../lib/sbi/client.c:586)
11/20 18:50:14.577: [smf] DEBUG: smf_state_operational(): OGS_EVENT_NAME_SBI_CLIENT (../src/smf/smf-sm.c:83)
0000: 00018300 01000000 017b0a09 226e6653   .........{.."nfS
0010: 74617475 734e6f74 69666963 6174696f   tatusNotificatio
0020: 6e557269 223a0922 68747470 3a2f2f31   nUri":."http://1
0030: 32372e30 2e302e34 3a373737 372f6e6e   27.0.0.4:7777/nn
0040: 72662d6e 666d2f76 312f6e66 2d737461   rf-nfm/v1/nf-sta
0050: 7475732d 6e6f7469 6679222c 0a092272   tus-notify",.."r
0060: 65714e66 496e7374 616e6365 4964223a   eqNfInstanceId":
0070: 09223339 36306361 39632d36 3934372d   ."3960ca9c-6947-
0080: 34316564 2d396330 372d3066 66633161   41ed-9c07-0ffc1a
0090: 34353537 3164222c 0a092273 75627363   45571d",.."subsc
00a0: 72436f6e 64223a09 7b0a0909 226e6654   rCond":.{..."nfT
00b0: 79706522 3a092250 4346222c 0a090922   ype":."PCF",..."
00c0: 73657276 6963654e 616d6522 3a09226e   serviceName":."n
00d0: 7063662d 736d706f 6c696379 636f6e74   pcf-smpolicycont
00e0: 726f6c22 0a097d2c 0a092273 75627363   rol"..},.."subsc
00f0: 72697074 696f6e49 64223a09 22333937   riptionId":."397
0100: 32623237 302d3639 34372d34 3165642d   2b270-6947-41ed-
0110: 39316263 2d353565 30646462 62323465   91bc-55e0ddbb24e
0120: 38222c0a 09227661 6c696469 74795469   8",.."validityTi
0130: 6d65223a 09223230 32322d31 312d3231   me":."2022-11-21
0140: 5431383a 35303a31 342e3537 36363137   T18:50:14.576617
0150: 2d30383a 3030222c 0a092272 65714e66   -08:00",.."reqNf
0160: 54797065 223a0922 534d4622 2c0a0922   Type":."SMF",.."
0170: 6e726653 7570706f 72746564 46656174   nrfSupportedFeat
0180: 75726573 223a0922 31220a7d            ures":."1".}
0000: 00005201 04000000 01488210 03768bd5   ..R......H...v..
0010: 596a6f16 e53b8976 d76f6196 d07abe94   Yjo..;.v.oa..z..
0020: 1054d27e ea080212 8015c6c1 702d298b   .T.~........p-).
0030: 46ff0f0d 03333735 0f1f9362 aaac956a   F....375...b...j
0040: a5a58ee1 6116c682 586ad263 d48f5f8b   ....a...Xj.c.._.
0050: 1d75d062 0d263d4c 7441ea              .u.b.&=LtA.
11/20 18:50:14.577: [sbi] DEBUG: [201:POST] http://[::1]:7777/nnrf-nfm/v1/subscriptions (../lib/sbi/client.c:573)
11/20 18:50:14.577: [sbi] DEBUG: RECEIVED[375] (../lib/sbi/client.c:584)
0000: 00017700 01000000 017b0a09 226e6653   ..w......{.."nfS
0010: 74617475 734e6f74 69666963 6174696f   tatusNotificatio
0020: 6e557269 223a0922 68747470 3a2f2f31   nUri":."http://1
0030: 32372e30 2e302e34 3a373737 372f6e6e   27.0.0.4:7777/nn
0040: 72662d6e 666d2f76 312f6e66 2d737461   rf-nfm/v1/nf-sta
0050: 7475732d 6e6f7469 6679222c 0a092272   tus-notify",.."r
0060: 65714e66 496e7374 616e6365 4964223a   eqNfInstanceId":
0070: 09223339 36306361 39632d36 3934372d   ."3960ca9c-6947-
0080: 34316564 2d396330 372d3066 66633161   41ed-9c07-0ffc1a
0090: 34353537 3164222c 0a092273 75627363   45571d",.."subsc
00a0: 72436f6e 64223a09 7b0a0909 226e6654   rCond":.{..."nfT
00b0: 79706522 3a092255 444d222c 0a090922   ype":."UDM",..."
00c0: 73657276 6963654e 616d6522 3a09226e   serviceName":."n
00d0: 75646d2d 73646d22 0a097d2c 0a092273   udm-sdm"..},.."s
00e0: 75627363 72697074 696f6e49 64223a09   ubscriptionId":.
00f0: 22333937 32626233 302d3639 34372d34   "3972bb30-6947-4
0100: 3165642d 39316263 2d353565 30646462   1ed-91bc-55e0ddb
0110: 62323465 38222c0a 09227661 6c696469   b24e8",.."validi
0120: 74795469 6d65223a 09223230 32322d31   tyTime":."2022-1
0130: 312d3231 5431383a 35303a31 342e3537   1-21T18:50:14.57
0140: 36383430 2d30383a 3030222c 0a092272   6840-08:00",.."r
0150: 65714e66 54797065 223a0922 534d4622   eqNfType":."SMF"
0160: 2c0a0922 6e726653 7570706f 72746564   ,.."nrfSupported
0170: 46656174 75726573 223a0922 31220a7d   Features":."1".}
11/20 18:50:14.577: [sbi] DEBUG: {
	"nfStatusNotificationUri":	"http://127.0.0.4:7777/nnrf-nfm/v1/nf-status-notify",
	"reqNfInstanceId":	"3960ca9c-6947-41ed-9c07-0ffc1a45571d",
	"subscrCond":	{
		"nfType":	"UDM",
		"serviceName":	"nudm-sdm"
	},
	"subscriptionId":	"3972bb30-6947-41ed-91bc-55e0ddbb24e8",
	"validityTime":	"2022-11-21T18:50:14.576840-08:00",
	"reqNfType":	"SMF",
	"nrfSupportedFeatures":	"1"
} (../lib/sbi/client.c:586)
11/20 18:50:14.577: [smf] DEBUG: smf_state_operational(): OGS_EVENT_NAME_SBI_CLIENT (../src/smf/smf-sm.c:83)
11/20 18:50:14.592: [sock] DEBUG: addr:127.0.0.10, port:7777 (../lib/core/ogs-sockaddr.c:140)
11/20 18:50:14.592: [sock] DEBUG: addr:::1, port:7777 (../lib/core/ogs-sockaddr.c:140)
11/20 18:50:14.592: [sock] DEBUG: addr:127.0.0.15, port:7777 (../lib/core/ogs-sockaddr.c:140)
11/20 18:50:14.592: [sbi] DEBUG: ogs_sbi_nf_state_initial(): ENTRY (../lib/sbi/nf-sm.c:66)
11/20 18:50:14.592: [sbi] DEBUG: ogs_sbi_nf_state_registered(): ENTRY (../lib/sbi/nf-sm.c:204)
11/20 18:50:14.592: [sbi] INFO: NF Service [nbsf-management] (../lib/sbi/context.c:1401)
11/20 18:50:14.592: [sbi] DEBUG: ogs_sbi_nf_state_initial(): ENTRY (../lib/sbi/nf-sm.c:66)
11/20 18:50:14.592: [sbi] DEBUG: ogs_sbi_nf_state_will_register(): ENTRY (../lib/sbi/nf-sm.c:118)
11/20 18:50:14.592: [sbi] DEBUG: [PUT] http://[::1]:7777/nnrf-nfm/v1/nf-instances/3974e6ee-6947-41ed-829b-8bfef0cdae77 (../lib/sbi/client.c:625)
11/20 18:50:14.592: [sbi] DEBUG: SENDING...[747] (../lib/sbi/client.c:401)
11/20 18:50:14.592: [sbi] DEBUG: {
	"nfInstanceId":	"3974e6ee-6947-41ed-829b-8bfef0cdae77",
	"nfType":	"BSF",
	"nfStatus":	"REGISTERED",
	"ipv4Addresses":	["127.0.0.15"],
	"allowedNfTypes":	["PCF", "AF", "SCP"],
	"priority":	0,
	"capacity":	100,
	"load":	0,
	"nfServiceList":	{
		"397515ec-6947-41ed-829b-8bfef0cdae77":	{
			"serviceInstanceId":	"397515ec-6947-41ed-829b-8bfef0cdae77",
			"serviceName":	"nbsf-management",
			"versions":	[{
					"apiVersionInUri":	"v1",
					"apiFullVersion":	"1.0.0"
				}],
			"scheme":	"http",
			"nfServiceStatus":	"REGISTERED",
			"ipEndPoints":	[{
					"ipv4Address":	"127.0.0.15",
					"port":	7777
				}],
			"allowedNfTypes":	["PCF", "AF"],
			"priority":	0,
			"capacity":	100,
			"load":	0
		}
	},
	"nfProfileChangesSupportInd":	true
} (../lib/sbi/client.c:403)
11/20 18:50:14.593: [sock] DEBUG: socket create(2:1:6) (../lib/core/ogs-socket.c:92)
11/20 18:50:14.593: [sock] DEBUG: Turn on TCP_NODELAY (../lib/core/ogs-sockopt.c:139)
11/20 18:50:14.593: [sock] DEBUG: Turn on SO_REUSEADDR (../lib/core/ogs-sockopt.c:120)
11/20 18:50:14.593: [sock] DEBUG: socket bind 127.0.0.15:7777 (../lib/core/ogs-socket.c:117)
11/20 18:50:14.593: [sock] DEBUG: tcp_server() [127.0.0.15]:7777 (../lib/core/ogs-tcp.c:61)
11/20 18:50:14.593: [sbi] INFO: nghttp2_server() [127.0.0.15]:7777 (../lib/sbi/nghttp2-server.c:151)
11/20 18:50:14.593: [thread] DEBUG: [0x55560f446780] worker signal (../lib/core/ogs-thread.c:66)
11/20 18:50:14.593: [bsf] DEBUG: bsf_state_initial(): INIT (../src/bsf/bsf-sm.c:26)
11/20 18:50:14.593: [bsf] DEBUG: bsf_state_operational(): ENTRY (../src/bsf/bsf-sm.c:55)
11/20 18:50:14.593: [thread] DEBUG: [0x55560f446780] thread started (../lib/core/ogs-thread.c:101)
11/20 18:50:14.593: [app] INFO: BSF initialize...done (../src/bsf/app.c:31)
0000: 00000604 00000000 00000300 04e200     ...............
11/20 18:50:14.593: [sbi] DEBUG: MAX_CONCURRENT_STREAMS = 100 (../lib/sbi/nghttp2-server.c:747)
11/20 18:50:14.593: [sbi] DEBUG: ENABLE_PUSH = false (../lib/sbi/nghttp2-server.c:749)
11/20 18:50:14.593: [sbi] DEBUG: STREAM added [1] (../lib/sbi/nghttp2-server.c:1122)
11/20 18:50:14.593: [sbi] DEBUG: MAX_CONCURRENT_STREAMS = 100 (../lib/sbi/nghttp2-server.c:747)
11/20 18:50:14.593: [sbi] DEBUG: ENABLE_PUSH = false (../lib/sbi/nghttp2-server.c:749)
11/20 18:50:14.593: [sbi] DEBUG: [PUT] /nnrf-nfm/v1/nf-instances/3974e6ee-6947-41ed-829b-8bfef0cdae77 (../lib/sbi/nghttp2-server.c:801)
11/20 18:50:14.593: [sbi] DEBUG: RECEIVED: 747 (../lib/sbi/nghttp2-server.c:805)
11/20 18:50:14.593: [sbi] DEBUG: {
	"nfInstanceId":	"3974e6ee-6947-41ed-829b-8bfef0cdae77",
	"nfType":	"BSF",
	"nfStatus":	"REGISTERED",
	"ipv4Addresses":	["127.0.0.15"],
	"allowedNfTypes":	["PCF", "AF", "SCP"],
	"priority":	0,
	"capacity":	100,
	"load":	0,
	"nfServiceList":	{
		"397515ec-6947-41ed-829b-8bfef0cdae77":	{
			"serviceInstanceId":	"397515ec-6947-41ed-829b-8bfef0cdae77",
			"serviceName":	"nbsf-management",
			"versions":	[{
					"apiVersionInUri":	"v1",
					"apiFullVersion":	"1.0.0"
				}],
			"scheme":	"http",
			"nfServiceStatus":	"REGISTERED",
			"ipEndPoints":	[{
					"ipv4Address":	"127.0.0.15",
					"port":	7777
				}],
			"allowedNfTypes":	["PCF", "AF"],
			"priority":	0,
			"capacity":	100,
			"load":	0
		}
	},
	"nfProfileChangesSupportInd":	true
} (../lib/sbi/nghttp2-server.c:806)
11/20 18:50:14.593: [nrf] DEBUG: nrf_state_operational(): OGS_EVENT_NAME_SBI_SERVER (../src/nrf/nrf-sm.c:50)
11/20 18:50:14.593: [sbi] DEBUG: ogs_sbi_nf_instance_add() (../lib/sbi/context.c:762)
11/20 18:50:14.593: [sbi] DEBUG: [REF] 1 (../lib/sbi/context.c:764)
11/20 18:50:14.593: [nrf] DEBUG: nrf_nf_state_initial(): ENTRY (../src/nrf/nf-sm.c:55)
11/20 18:50:14.593: [nrf] DEBUG: nrf_nf_state_will_register(): ENTRY (../src/nrf/nf-sm.c:93)
11/20 18:50:14.593: [nrf] DEBUG: nrf_nf_state_will_register(): OGS_EVENT_NAME_SBI_SERVER (../src/nrf/nf-sm.c:93)
11/20 18:50:14.593: [sock] DEBUG: addr:127.0.0.15, port:80 (../lib/core/ogs-sockaddr.c:140)
11/20 18:50:14.593: [sock] DEBUG: addr:127.0.0.15, port:7777 (../lib/core/ogs-sockaddr.c:140)
11/20 18:50:14.593: [sbi] DEBUG: STATUS [201] (../lib/sbi/nghttp2-server.c:357)
11/20 18:50:14.593: [sbi] DEBUG: SENDING...: 157 (../lib/sbi/nghttp2-server.c:365)
11/20 18:50:14.593: [sbi] DEBUG: {
	"nfInstanceId":	"3974e6ee-6947-41ed-829b-8bfef0cdae77",
	"nfType":	"BSF",
	"nfStatus":	"REGISTERED",
	"heartBeatTimer":	10,
	"nfProfileChangesInd":	true
} (../lib/sbi/nghttp2-server.c:366)
11/20 18:50:14.594: [sbi] DEBUG: STREAM closed [1] (../lib/sbi/nghttp2-server.c:852)
11/20 18:50:14.594: [thread] DEBUG: [0x5609d65c1a00] thread started (../lib/core/ogs-thread.c:101)
11/20 18:50:14.594: [nrf] DEBUG: nrf_nf_state_will_register(): EXIT (../src/nrf/nf-sm.c:93)
11/20 18:50:14.594: [nrf] DEBUG: nrf_nf_state_registered(): ENTRY (../src/nrf/nf-sm.c:183)
11/20 18:50:14.594: [nrf] INFO: [3974e6ee-6947-41ed-829b-8bfef0cdae77] NF registered [Heartbeat:10s] (../src/nrf/nf-sm.c:191)
11/20 18:50:14.594: [thread] DEBUG: [0x5609d65c1a00] worker signal (../lib/core/ogs-thread.c:66)
11/20 18:50:14.594: [sbi] DEBUG: [POST] http://127.0.0.13:7777/nnrf-nfm/v1/nf-status-notify (../lib/sbi/client.c:625)
11/20 18:50:14.594: [sbi] DEBUG: SENDING...[952] (../lib/sbi/client.c:401)
11/20 18:50:14.594: [sbi] DEBUG: {
	"event":	"NF_REGISTERED",
	"nfInstanceUri":	"http://127.0.0.10:7777/nnrf-nfm/v1/nf-instances/3974e6ee-6947-41ed-829b-8bfef0cdae77",
	"nfProfile":	{
		"nfInstanceId":	"3974e6ee-6947-41ed-829b-8bfef0cdae77",
		"nfType":	"BSF",
		"nfStatus":	"REGISTERED",
		"heartBeatTimer":	10,
		"ipv4Addresses":	["127.0.0.15"],
		"allowedNfTypes":	["PCF", "AF", "SCP"],
		"priority":	0,
		"capacity":	100,
		"load":	0,
		"nfServiceList":	{
			"397515ec-6947-41ed-829b-8bfef0cdae77":	{
				"serviceInstanceId":	"397515ec-6947-41ed-829b-8bfef0cdae77",
				"serviceName":	"nbsf-management",
				"versions":	[{
						"apiVersionInUri":	"v1",
						"apiFullVersion":	"1.0.0"
					}],
				"scheme":	"http",
				"nfServiceStatus":	"REGISTERED",
				"ipEndPoints":	[{
						"ipv4Address":	"127.0.0.15",
						"port":	7777
					}],
				"allowedNfTypes":	["PCF", "AF"],
				"priority":	0,
				"capacity":	100,
				"load":	0
			}
		},
		"nfProfileChangesSupportInd":	true
	}
} (../lib/sbi/client.c:403)
0000: 00000004 01000000 00                  .........
0000: 00006c01 04000000 01488210 03768bd5   ..l......H...v..
0010: 596a6f16 e53b8976 d76f6196 d07abe94   Yjo..;.v.oa..z..
0020: 1054d27e ea080212 8015c6c1 702d298b   .T.~........p-).
0030: 46ff0f0d 03313537 0f1fad62 aaac956a   F....157...b...j
0040: a5a58ee1 62a95635 4848ea21 50c32fba   ....b.V5HH.!P./.
0050: d15c2956 71f69d59 a096459e 13f1acf4   .\)Vq..Y..E.....
0060: 72965012 4195d77f 5f8b1d75 d0620d26   r.P.A..._..u.b.&
0070: 3d4c7441 ea                           =LtA.
0000: 00009d00 01000000 017b0a09 226e6649   .........{.."nfI
0010: 6e737461 6e636549 64223a09 22333937   nstanceId":."397
0020: 34653665 652d3639 34372d34 3165642d   4e6ee-6947-41ed-
0030: 38323962 2d386266 65663063 64616537   829b-8bfef0cdae7
0040: 37222c0a 09226e66 54797065 223a0922   7",.."nfType":."
0050: 42534622 2c0a0922 6e665374 61747573   BSF",.."nfStatus
0060: 223a0922 52454749 53544552 4544222c   ":."REGISTERED",
0070: 0a092268 65617274 42656174 54696d65   .."heartBeatTime
0080: 72223a09 31302c0a 09226e66 50726f66   r":.10,.."nfProf
0090: 696c6543 68616e67 6573496e 64223a09   ileChangesInd":.
00a0: 74727565 0a7d                         true.}
11/20 18:50:14.594: [sbi] DEBUG: MAX_CONCURRENT_STREAMS = 100 (../lib/sbi/nghttp2-server.c:747)
11/20 18:50:14.594: [sbi] DEBUG: ENABLE_PUSH = false (../lib/sbi/nghttp2-server.c:749)
11/20 18:50:14.595: [sbi] DEBUG: STREAM added [1] (../lib/sbi/nghttp2-server.c:1122)
11/20 18:50:14.595: [sbi] DEBUG: [POST] /nnrf-nfm/v1/nf-status-notify (../lib/sbi/nghttp2-server.c:801)
11/20 18:50:14.595: [sbi] DEBUG: RECEIVED: 952 (../lib/sbi/nghttp2-server.c:805)
11/20 18:50:14.595: [sbi] DEBUG: {
	"event":	"NF_REGISTERED",
	"nfInstanceUri":	"http://127.0.0.10:7777/nnrf-nfm/v1/nf-instances/3974e6ee-6947-41ed-829b-8bfef0cdae77",
	"nfProfile":	{
		"nfInstanceId":	"3974e6ee-6947-41ed-829b-8bfef0cdae77",
		"nfType":	"BSF",
		"nfStatus":	"REGISTERED",
		"heartBeatTimer":	10,
		"ipv4Addresses":	["127.0.0.15"],
		"allowedNfTypes":	["PCF", "AF", "SCP"],
		"priority":	0,
		"capacity":	100,
		"load":	0,
		"nfServiceList":	{
			"397515ec-6947-41ed-829b-8bfef0cdae77":	{
				"serviceInstanceId":	"397515ec-6947-41ed-829b-8bfef0cdae77",
				"serviceName":	"nbsf-management",
				"versions":	[{
						"apiVersionInUri":	"v1",
						"apiFullVersion":	"1.0.0"
					}],
				"scheme":	"http",
				"nfServiceStatus":	"REGISTERED",
				"ipEndPoints":	[{
						"ipv4Address":	"127.0.0.15",
						"port":	7777
					}],
				"allowedNfTypes":	["PCF", "AF"],
				"priority":	0,
				"capacity":	100,
				"load":	0
			}
		},
		"nfProfileChangesSupportInd":	true
	}
} (../lib/sbi/nghttp2-server.c:806)
0000: 00000604 00000000 00000300 04e200     ...............
11/20 18:50:14.595: [pcf] DEBUG: pcf_state_operational(): OGS_EVENT_NAME_SBI_SERVER (../src/pcf/pcf-sm.c:58)
11/20 18:50:14.595: [sbi] DEBUG: ogs_sbi_nf_instance_add() (../lib/sbi/context.c:762)
11/20 18:50:14.595: [sbi] DEBUG: [REF] 1 (../lib/sbi/context.c:764)
11/20 18:50:14.595: [sbi] DEBUG: ogs_sbi_nf_state_initial(): ENTRY (../lib/sbi/nf-sm.c:66)
11/20 18:50:14.595: [sbi] DEBUG: ogs_sbi_nf_state_registered(): ENTRY (../lib/sbi/nf-sm.c:204)
11/20 18:50:14.595: [sbi] INFO: [3974e6ee-6947-41ed-829b-8bfef0cdae77] (NRF-notify) NF registered (../lib/sbi/nnrf-handler.c:622)
11/20 18:50:14.595: [sock] DEBUG: addr:127.0.0.15, port:80 (../lib/core/ogs-sockaddr.c:140)
11/20 18:50:14.595: [sock] DEBUG: addr:127.0.0.15, port:7777 (../lib/core/ogs-sockaddr.c:140)
11/20 18:50:14.595: [sbi] INFO: [3974e6ee-6947-41ed-829b-8bfef0cdae77] (NRF-notify) NF Profile updated (../lib/sbi/nnrf-handler.c:632)
11/20 18:50:14.595: [sbi] DEBUG: ogs_sbi_client_add() (../lib/sbi/client.c:112)
11/20 18:50:14.595: [sbi] DEBUG: [REF] 1 (../lib/sbi/client.c:113)
11/20 18:50:14.595: [sbi] DEBUG: [REF] 2 (../lib/sbi/context.c:1570)
11/20 18:50:14.595: [sbi] DEBUG: ogs_sbi_client_add() (../lib/sbi/client.c:112)
11/20 18:50:14.595: [sbi] DEBUG: [REF] 1 (../lib/sbi/client.c:113)
11/20 18:50:14.595: [sbi] DEBUG: [REF] 2 (../lib/sbi/context.c:1482)
11/20 18:50:14.595: [sbi] DEBUG: STATUS [204] (../lib/sbi/nghttp2-server.c:357)
11/20 18:50:14.595: [sbi] DEBUG: STREAM closed [1] (../lib/sbi/nghttp2-server.c:852)
0000: 00000004 01000000 00                  .........
0000: 00002601 05000000 0189768b d5596a6f   ..&.......v..Yjo
0010: 16e53b89 76d76f61 96d07abe 941054d2   ..;.v.oa..z...T.
0020: 7eea0802 128015c6 c1702d29 8b46ff     ~........p-).F.
11/20 18:50:14.595: [sbi] DEBUG: [204:POST] http://127.0.0.13:7777/nnrf-nfm/v1/nf-status-notify (../lib/sbi/client.c:573)
11/20 18:50:14.595: [sbi] DEBUG: RECEIVED[0] (../lib/sbi/client.c:584)
11/20 18:50:14.595: [sbi] DEBUG: MAX_CONCURRENT_STREAMS = 100 (../lib/sbi/nghttp2-server.c:747)
11/20 18:50:14.595: [sbi] DEBUG: ENABLE_PUSH = false (../lib/sbi/nghttp2-server.c:749)
11/20 18:50:14.595: [sbi] DEBUG: [201:PUT] http://[::1]:7777/nnrf-nfm/v1/nf-instances/3974e6ee-6947-41ed-829b-8bfef0cdae77 (../lib/sbi/client.c:573)
11/20 18:50:14.595: [sbi] DEBUG: RECEIVED[157] (../lib/sbi/client.c:584)
11/20 18:50:14.595: [sbi] DEBUG: {
	"nfInstanceId":	"3974e6ee-6947-41ed-829b-8bfef0cdae77",
	"nfType":	"BSF",
	"nfStatus":	"REGISTERED",
	"heartBeatTimer":	10,
	"nfProfileChangesInd":	true
} (../lib/sbi/client.c:586)
11/20 18:50:14.595: [bsf] DEBUG: bsf_state_operational(): OGS_EVENT_NAME_SBI_CLIENT (../src/bsf/bsf-sm.c:55)
11/20 18:50:14.595: [sbi] DEBUG: ogs_sbi_nf_state_will_register(): OGS_EVENT_NAME_SBI_CLIENT (../lib/sbi/nf-sm.c:118)
11/20 18:50:14.595: [sbi] DEBUG: ogs_sbi_nf_state_will_register(): EXIT (../lib/sbi/nf-sm.c:118)
11/20 18:50:14.595: [sbi] DEBUG: ogs_sbi_nf_state_registered(): ENTRY (../lib/sbi/nf-sm.c:204)
11/20 18:50:14.595: [sbi] INFO: [3974e6ee-6947-41ed-829b-8bfef0cdae77] NF registered [Heartbeat:10s] (../lib/sbi/nf-sm.c:216)
Open5GS daemon v2.5.5

11/20 18:50:14.606: [app] INFO: Configuration: '/home/test/build/configs/sample.yaml' (../lib/app/ogs-init.c:126)
11/20 18:50:14.606: [app] INFO: File Logging: '/home/test/test.log' (../lib/app/ogs-init.c:129)
11/20 18:50:14.606: [app] INFO: LOG-LEVEL: 'debug' (../lib/app/ogs-init.c:132)
11/20 18:50:14.638: [sock] DEBUG: addr:127.0.0.10, port:7777 (../lib/core/ogs-sockaddr.c:140)
11/20 18:50:14.638: [sock] DEBUG: addr:::1, port:7777 (../lib/core/ogs-sockaddr.c:140)
11/20 18:50:14.638: [sock] DEBUG: addr:127.0.0.20, port:7777 (../lib/core/ogs-sockaddr.c:140)
11/20 18:50:14.640: [dbi] INFO: MongoDB URI: 'mongodb://localhost/open5gs' (../lib/dbi/ogs-mongoc.c:130)
11/20 18:50:14.640: [sbi] DEBUG: ogs_sbi_nf_state_initial(): ENTRY (../lib/sbi/nf-sm.c:66)
11/20 18:50:14.640: [sbi] DEBUG: ogs_sbi_nf_state_registered(): ENTRY (../lib/sbi/nf-sm.c:204)
11/20 18:50:14.640: [sbi] INFO: NF Service [nudr-dr] (../lib/sbi/context.c:1401)
11/20 18:50:14.640: [sbi] DEBUG: ogs_sbi_nf_state_initial(): ENTRY (../lib/sbi/nf-sm.c:66)
11/20 18:50:14.640: [sbi] DEBUG: ogs_sbi_nf_state_will_register(): ENTRY (../lib/sbi/nf-sm.c:118)
11/20 18:50:14.640: [sbi] DEBUG: [PUT] http://[::1]:7777/nnrf-nfm/v1/nf-instances/397c18b0-6947-41ed-a025-3bf894ded894 (../lib/sbi/client.c:625)
11/20 18:50:14.640: [sbi] DEBUG: SENDING...[741] (../lib/sbi/client.c:401)
11/20 18:50:14.640: [sbi] DEBUG: {
	"nfInstanceId":	"397c18b0-6947-41ed-a025-3bf894ded894",
	"nfType":	"UDR",
	"nfStatus":	"REGISTERED",
	"ipv4Addresses":	["127.0.0.20"],
	"allowedNfTypes":	["PCF", "UDM", "SCP"],
	"priority":	0,
	"capacity":	100,
	"load":	0,
	"nfServiceList":	{
		"397c6478-6947-41ed-a025-3bf894ded894":	{
			"serviceInstanceId":	"397c6478-6947-41ed-a025-3bf894ded894",
			"serviceName":	"nudr-dr",
			"versions":	[{
					"apiVersionInUri":	"v1",
					"apiFullVersion":	"1.0.0"
				}],
			"scheme":	"http",
			"nfServiceStatus":	"REGISTERED",
			"ipEndPoints":	[{
					"ipv4Address":	"127.0.0.20",
					"port":	7777
				}],
			"allowedNfTypes":	["PCF", "UDM"],
			"priority":	0,
			"capacity":	100,
			"load":	0
		}
	},
	"nfProfileChangesSupportInd":	true
} (../lib/sbi/client.c:403)
11/20 18:50:14.640: [sock] DEBUG: socket create(2:1:6) (../lib/core/ogs-socket.c:92)
11/20 18:50:14.640: [sock] DEBUG: Turn on TCP_NODELAY (../lib/core/ogs-sockopt.c:139)
11/20 18:50:14.640: [sock] DEBUG: Turn on SO_REUSEADDR (../lib/core/ogs-sockopt.c:120)
11/20 18:50:14.640: [sock] DEBUG: socket bind 127.0.0.20:7777 (../lib/core/ogs-socket.c:117)
11/20 18:50:14.640: [sock] DEBUG: tcp_server() [127.0.0.20]:7777 (../lib/core/ogs-tcp.c:61)
11/20 18:50:14.640: [sbi] INFO: nghttp2_server() [127.0.0.20]:7777 (../lib/sbi/nghttp2-server.c:151)
11/20 18:50:14.640: [thread] DEBUG: [0x558ea8a24c30] thread started (../lib/core/ogs-thread.c:101)
11/20 18:50:14.640: [app] INFO: UDR initialize...done (../src/udr/app.c:31)
11/20 18:50:14.640: [thread] DEBUG: [0x558ea8a24c30] worker signal (../lib/core/ogs-thread.c:66)
11/20 18:50:14.640: [udr] DEBUG: udr_state_initial(): INIT (../src/udr/udr-sm.c:25)
11/20 18:50:14.640: [udr] DEBUG: udr_state_operational(): ENTRY (../src/udr/udr-sm.c:51)
11/20 18:50:14.640: [sbi] DEBUG: MAX_CONCURRENT_STREAMS = 100 (../lib/sbi/nghttp2-server.c:747)
11/20 18:50:14.640: [sbi] DEBUG: ENABLE_PUSH = false (../lib/sbi/nghttp2-server.c:749)
0000: 00000604 00000000 00000300 04e200     ...............
11/20 18:50:14.640: [sbi] DEBUG: STREAM added [1] (../lib/sbi/nghttp2-server.c:1122)
11/20 18:50:14.640: [sbi] DEBUG: MAX_CONCURRENT_STREAMS = 100 (../lib/sbi/nghttp2-server.c:747)
11/20 18:50:14.640: [sbi] DEBUG: ENABLE_PUSH = false (../lib/sbi/nghttp2-server.c:749)
11/20 18:50:14.640: [sbi] DEBUG: [PUT] /nnrf-nfm/v1/nf-instances/397c18b0-6947-41ed-a025-3bf894ded894 (../lib/sbi/nghttp2-server.c:801)
11/20 18:50:14.640: [sbi] DEBUG: RECEIVED: 741 (../lib/sbi/nghttp2-server.c:805)
11/20 18:50:14.640: [sbi] DEBUG: {
	"nfInstanceId":	"397c18b0-6947-41ed-a025-3bf894ded894",
	"nfType":	"UDR",
	"nfStatus":	"REGISTERED",
	"ipv4Addresses":	["127.0.0.20"],
	"allowedNfTypes":	["PCF", "UDM", "SCP"],
	"priority":	0,
	"capacity":	100,
	"load":	0,
	"nfServiceList":	{
		"397c6478-6947-41ed-a025-3bf894ded894":	{
			"serviceInstanceId":	"397c6478-6947-41ed-a025-3bf894ded894",
			"serviceName":	"nudr-dr",
			"versions":	[{
					"apiVersionInUri":	"v1",
					"apiFullVersion":	"1.0.0"
				}],
			"scheme":	"http",
			"nfServiceStatus":	"REGISTERED",
			"ipEndPoints":	[{
					"ipv4Address":	"127.0.0.20",
					"port":	7777
				}],
			"allowedNfTypes":	["PCF", "UDM"],
			"priority":	0,
			"capacity":	100,
			"load":	0
		}
	},
	"nfProfileChangesSupportInd":	true
} (../lib/sbi/nghttp2-server.c:806)
11/20 18:50:14.640: [nrf] DEBUG: nrf_state_operational(): OGS_EVENT_NAME_SBI_SERVER (../src/nrf/nrf-sm.c:50)
11/20 18:50:14.640: [sbi] DEBUG: ogs_sbi_nf_instance_add() (../lib/sbi/context.c:762)
11/20 18:50:14.640: [sbi] DEBUG: [REF] 1 (../lib/sbi/context.c:764)
11/20 18:50:14.640: [nrf] DEBUG: nrf_nf_state_initial(): ENTRY (../src/nrf/nf-sm.c:55)
11/20 18:50:14.640: [nrf] DEBUG: nrf_nf_state_will_register(): ENTRY (../src/nrf/nf-sm.c:93)
11/20 18:50:14.640: [nrf] DEBUG: nrf_nf_state_will_register(): OGS_EVENT_NAME_SBI_SERVER (../src/nrf/nf-sm.c:93)
11/20 18:50:14.640: [sock] DEBUG: addr:127.0.0.20, port:80 (../lib/core/ogs-sockaddr.c:140)
11/20 18:50:14.640: [sock] DEBUG: addr:127.0.0.20, port:7777 (../lib/core/ogs-sockaddr.c:140)
11/20 18:50:14.640: [sbi] DEBUG: STATUS [201] (../lib/sbi/nghttp2-server.c:357)
11/20 18:50:14.640: [sbi] DEBUG: SENDING...: 157 (../lib/sbi/nghttp2-server.c:365)
11/20 18:50:14.640: [sbi] DEBUG: {
	"nfInstanceId":	"397c18b0-6947-41ed-a025-3bf894ded894",
	"nfType":	"UDR",
	"nfStatus":	"REGISTERED",
	"heartBeatTimer":	10,
	"nfProfileChangesInd":	true
} (../lib/sbi/nghttp2-server.c:366)
11/20 18:50:14.640: [sbi] DEBUG: STREAM closed [1] (../lib/sbi/nghttp2-server.c:852)
11/20 18:50:14.640: [nrf] DEBUG: nrf_nf_state_will_register(): EXIT (../src/nrf/nf-sm.c:93)
11/20 18:50:14.640: [nrf] DEBUG: nrf_nf_state_registered(): ENTRY (../src/nrf/nf-sm.c:183)
11/20 18:50:14.640: [nrf] INFO: [397c18b0-6947-41ed-a025-3bf894ded894] NF registered [Heartbeat:10s] (../src/nrf/nf-sm.c:191)
11/20 18:50:14.641: [sbi] DEBUG: [POST] http://127.0.0.12:7777/nnrf-nfm/v1/nf-status-notify (../lib/sbi/client.c:625)
11/20 18:50:14.641: [sbi] DEBUG: SENDING...[946] (../lib/sbi/client.c:401)
11/20 18:50:14.641: [sbi] DEBUG: {
	"event":	"NF_REGISTERED",
	"nfInstanceUri":	"http://127.0.0.10:7777/nnrf-nfm/v1/nf-instances/397c18b0-6947-41ed-a025-3bf894ded894",
	"nfProfile":	{
		"nfInstanceId":	"397c18b0-6947-41ed-a025-3bf894ded894",
		"nfType":	"UDR",
		"nfStatus":	"REGISTERED",
		"heartBeatTimer":	10,
		"ipv4Addresses":	["127.0.0.20"],
		"allowedNfTypes":	["PCF", "UDM", "SCP"],
		"priority":	0,
		"capacity":	100,
		"load":	0,
		"nfServiceList":	{
			"397c6478-6947-41ed-a025-3bf894ded894":	{
				"serviceInstanceId":	"397c6478-6947-41ed-a025-3bf894ded894",
				"serviceName":	"nudr-dr",
				"versions":	[{
						"apiVersionInUri":	"v1",
						"apiFullVersion":	"1.0.0"
					}],
				"scheme":	"http",
				"nfServiceStatus":	"REGISTERED",
				"ipEndPoints":	[{
						"ipv4Address":	"127.0.0.20",
						"port":	7777
					}],
				"allowedNfTypes":	["PCF", "UDM"],
				"priority":	0,
				"capacity":	100,
				"load":	0
			}
		},
		"nfProfileChangesSupportInd":	true
	}
} (../lib/sbi/client.c:403)
11/20 18:50:14.641: [sbi] DEBUG: [POST] http://127.0.0.13:7777/nnrf-nfm/v1/nf-status-notify (../lib/sbi/client.c:625)
11/20 18:50:14.641: [sbi] DEBUG: SENDING...[946] (../lib/sbi/client.c:401)
11/20 18:50:14.641: [sbi] DEBUG: {
	"event":	"NF_REGISTERED",
	"nfInstanceUri":	"http://127.0.0.10:7777/nnrf-nfm/v1/nf-instances/397c18b0-6947-41ed-a025-3bf894ded894",
	"nfProfile":	{
		"nfInstanceId":	"397c18b0-6947-41ed-a025-3bf894ded894",
		"nfType":	"UDR",
		"nfStatus":	"REGISTERED",
		"heartBeatTimer":	10,
		"ipv4Addresses":	["127.0.0.20"],
		"allowedNfTypes":	["PCF", "UDM", "SCP"],
		"priority":	0,
		"capacity":	100,
		"load":	0,
		"nfServiceList":	{
			"397c6478-6947-41ed-a025-3bf894ded894":	{
				"serviceInstanceId":	"397c6478-6947-41ed-a025-3bf894ded894",
				"serviceName":	"nudr-dr",
				"versions":	[{
						"apiVersionInUri":	"v1",
						"apiFullVersion":	"1.0.0"
					}],
				"scheme":	"http",
				"nfServiceStatus":	"REGISTERED",
				"ipEndPoints":	[{
						"ipv4Address":	"127.0.0.20",
						"port":	7777
					}],
				"allowedNfTypes":	["PCF", "UDM"],
				"priority":	0,
				"capacity":	100,
				"load":	0
			}
		},
		"nfProfileChangesSupportInd":	true
	}
} (../lib/sbi/client.c:403)
0000: 00000004 01000000 00                  .........
0000: 00006c01 04000000 01488210 03768bd5   ..l......H...v..
0010: 596a6f16 e53b8976 d76f6196 d07abe94   Yjo..;.v.oa..z..
0020: 1054d27e ea080212 8015c6c1 702d298b   .T.~........p-).
0030: 46ff0f0d 03313537 0f1fad62 aaac956a   F....157...b...j
0040: a5a58ee1 62a95635 4848ea21 50c32fba   ....b.V5HH.!P./.
0050: 40bd1816 71f69d59 a0964586 0136b331   @...q..Y..E..6.1
0060: caf3ed48 591e7daf 5f8b1d75 d0620d26   ...HY.}._..u.b.&
0070: 3d4c7441 ea                           =LtA.
11/20 18:50:14.641: [sbi] DEBUG: [201:PUT] http://[::1]:7777/nnrf-nfm/v1/nf-instances/397c18b0-6947-41ed-a025-3bf894ded894 (../lib/sbi/client.c:573)
0000: 00009d00 01000000 017b0a09 226e6649   .........{.."nfI
0010: 6e737461 6e636549 64223a09 22333937   nstanceId":."397
0020: 63313862 302d3639 34372d34 3165642d   c18b0-6947-41ed-
0030: 61303235 2d336266 38393464 65643839   a025-3bf894ded89
0040: 34222c0a 09226e66 54797065 223a0922   4",.."nfType":."
0050: 55445222 2c0a0922 6e665374 61747573   UDR",.."nfStatus
0060: 223a0922 52454749 53544552 4544222c   ":."REGISTERED",
0070: 0a092268 65617274 42656174 54696d65   .."heartBeatTime
0080: 72223a09 31302c0a 09226e66 50726f66   r":.10,.."nfProf
0090: 696c6543 68616e67 6573496e 64223a09   ileChangesInd":.
00a0: 74727565 0a7d                         true.}
11/20 18:50:14.641: [sbi] DEBUG: RECEIVED[157] (../lib/sbi/client.c:584)
11/20 18:50:14.641: [sbi] DEBUG: {
	"nfInstanceId":	"397c18b0-6947-41ed-a025-3bf894ded894",
	"nfType":	"UDR",
	"nfStatus":	"REGISTERED",
	"heartBeatTimer":	10,
	"nfProfileChangesInd":	true
} (../lib/sbi/client.c:586)
11/20 18:50:14.641: [udr] DEBUG: udr_state_operational(): OGS_EVENT_NAME_SBI_CLIENT (../src/udr/udr-sm.c:51)
11/20 18:50:14.641: [sbi] DEBUG: STREAM added [3] (../lib/sbi/nghttp2-server.c:1122)
11/20 18:50:14.641: [sbi] DEBUG: MAX_CONCURRENT_STREAMS = 100 (../lib/sbi/nghttp2-server.c:747)
11/20 18:50:14.641: [sbi] DEBUG: [POST] /nnrf-nfm/v1/nf-status-notify (../lib/sbi/nghttp2-server.c:801)
11/20 18:50:14.641: [sbi] DEBUG: RECEIVED: 946 (../lib/sbi/nghttp2-server.c:805)
11/20 18:50:14.641: [sbi] DEBUG: {
	"event":	"NF_REGISTERED",
	"nfInstanceUri":	"http://127.0.0.10:7777/nnrf-nfm/v1/nf-instances/397c18b0-6947-41ed-a025-3bf894ded894",
	"nfProfile":	{
		"nfInstanceId":	"397c18b0-6947-41ed-a025-3bf894ded894",
		"nfType":	"UDR",
		"nfStatus":	"REGISTERED",
		"heartBeatTimer":	10,
		"ipv4Addresses":	["127.0.0.20"],
		"allowedNfTypes":	["PCF", "UDM", "SCP"],
		"priority":	0,
		"capacity":	100,
		"load":	0,
		"nfServiceList":	{
			"397c6478-6947-41ed-a025-3bf894ded894":	{
				"serviceInstanceId":	"397c6478-6947-41ed-a025-3bf894ded894",
				"serviceName":	"nudr-dr",
				"versions":	[{
						"apiVersionInUri":	"v1",
						"apiFullVersion":	"1.0.0"
					}],
				"scheme":	"http",
				"nfServiceStatus":	"REGISTERED",
				"ipEndPoints":	[{
						"ipv4Address":	"127.0.0.20",
						"port":	7777
					}],
				"allowedNfTypes":	["PCF", "UDM"],
				"priority":	0,
				"capacity":	100,
				"load":	0
			}
		},
		"nfProfileChangesSupportInd":	true
	}
} (../lib/sbi/nghttp2-server.c:806)
11/20 18:50:14.641: [sbi] DEBUG: ENABLE_PUSH = false (../lib/sbi/nghttp2-server.c:749)
11/20 18:50:14.641: [pcf] DEBUG: pcf_state_operational(): OGS_EVENT_NAME_SBI_SERVER (../src/pcf/pcf-sm.c:58)
11/20 18:50:14.641: [sbi] DEBUG: ogs_sbi_nf_state_will_register(): OGS_EVENT_NAME_SBI_CLIENT (../lib/sbi/nf-sm.c:118)
11/20 18:50:14.641: [sbi] DEBUG: ogs_sbi_nf_state_will_register(): EXIT (../lib/sbi/nf-sm.c:118)
11/20 18:50:14.641: [sbi] DEBUG: ogs_sbi_nf_state_registered(): ENTRY (../lib/sbi/nf-sm.c:204)
11/20 18:50:14.641: [sbi] INFO: [397c18b0-6947-41ed-a025-3bf894ded894] NF registered [Heartbeat:10s] (../lib/sbi/nf-sm.c:216)
11/20 18:50:14.641: [sbi] DEBUG: STREAM added [1] (../lib/sbi/nghttp2-server.c:1122)
11/20 18:50:14.641: [sbi] DEBUG: ogs_sbi_nf_instance_add() (../lib/sbi/context.c:762)
11/20 18:50:14.641: [sbi] DEBUG: [REF] 1 (../lib/sbi/context.c:764)
11/20 18:50:14.641: [sbi] DEBUG: ogs_sbi_nf_state_initial(): ENTRY (../lib/sbi/nf-sm.c:66)
11/20 18:50:14.641: [sbi] DEBUG: ogs_sbi_nf_state_registered(): ENTRY (../lib/sbi/nf-sm.c:204)
11/20 18:50:14.641: [sbi] INFO: [397c18b0-6947-41ed-a025-3bf894ded894] (NRF-notify) NF registered (../lib/sbi/nnrf-handler.c:622)
11/20 18:50:14.641: [sock] DEBUG: addr:127.0.0.20, port:80 (../lib/core/ogs-sockaddr.c:140)
11/20 18:50:14.641: [sbi] DEBUG: [POST] /nnrf-nfm/v1/nf-status-notify (../lib/sbi/nghttp2-server.c:801)
11/20 18:50:14.641: [sock] DEBUG: addr:127.0.0.20, port:7777 (../lib/core/ogs-sockaddr.c:140)
11/20 18:50:14.641: [sbi] INFO: [397c18b0-6947-41ed-a025-3bf894ded894] (NRF-notify) NF Profile updated (../lib/sbi/nnrf-handler.c:632)
11/20 18:50:14.641: [sbi] DEBUG: RECEIVED: 946 (../lib/sbi/nghttp2-server.c:805)
11/20 18:50:14.641: [sbi] DEBUG: ogs_sbi_client_add() (../lib/sbi/client.c:112)
11/20 18:50:14.641: [sbi] DEBUG: [REF] 1 (../lib/sbi/client.c:113)
11/20 18:50:14.641: [sbi] DEBUG: {
	"event":	"NF_REGISTERED",
	"nfInstanceUri":	"http://127.0.0.10:7777/nnrf-nfm/v1/nf-instances/397c18b0-6947-41ed-a025-3bf894ded894",
	"nfProfile":	{
		"nfInstanceId":	"397c18b0-6947-41ed-a025-3bf894ded894",
		"nfType":	"UDR",
		"nfStatus":	"REGISTERED",
		"heartBeatTimer":	10,
		"ipv4Addresses":	["127.0.0.20"],
		"allowedNfTypes":	["PCF", "UDM", "SCP"],
		"priority":	0,
		"capacity":	100,
		"load":	0,
		"nfServiceList":	{
			"397c6478-6947-41ed-a025-3bf894ded894":	{
				"serviceInstanceId":	"397c6478-6947-41ed-a025-3bf894ded894",
				"serviceName":	"nudr-dr",
				"versions":	[{
						"apiVersionInUri":	"v1",
						"apiFullVersion":	"1.0.0"
					}],
				"scheme":	"http",
				"nfServiceStatus":	"REGISTERED",
				"ipEndPoints":	[{
						"ipv4Address":	"127.0.0.20",
						"port":	7777
					}],
				"allowedNfTypes":	["PCF", "UDM"],
				"priority":	0,
				"capacity":	100,
				"load":	0
			}
		},
		"nfProfileChangesSupportInd":	true
	}
} (../lib/sbi/nghttp2-server.c:806)
11/20 18:50:14.641: [sbi] DEBUG: [REF] 2 (../lib/sbi/context.c:1570)
11/20 18:50:14.641: [sbi] DEBUG: ogs_sbi_client_add() (../lib/sbi/client.c:112)
11/20 18:50:14.641: [sbi] DEBUG: [REF] 1 (../lib/sbi/client.c:113)
11/20 18:50:14.641: [sbi] DEBUG: [REF] 2 (../lib/sbi/context.c:1482)
11/20 18:50:14.641: [sbi] DEBUG: STATUS [204] (../lib/sbi/nghttp2-server.c:357)
11/20 18:50:14.641: [sbi] DEBUG: STREAM closed [3] (../lib/sbi/nghttp2-server.c:852)
0000: 00000301 05000000 0389bfbe            ............
11/20 18:50:14.641: [sbi] DEBUG: [204:POST] http://127.0.0.13:7777/nnrf-nfm/v1/nf-status-notify (../lib/sbi/client.c:573)
11/20 18:50:14.641: [sbi] DEBUG: RECEIVED[0] (../lib/sbi/client.c:584)
0000: 00000604 00000000 00000300 04e200     ...............
11/20 18:50:14.641: [udm] DEBUG: udm_state_operational(): OGS_EVENT_NAME_SBI_SERVER (../src/udm/udm-sm.c:53)
11/20 18:50:14.642: [sbi] DEBUG: ogs_sbi_nf_instance_add() (../lib/sbi/context.c:762)
11/20 18:50:14.642: [sbi] DEBUG: [REF] 1 (../lib/sbi/context.c:764)
11/20 18:50:14.642: [sbi] DEBUG: ogs_sbi_nf_state_initial(): ENTRY (../lib/sbi/nf-sm.c:66)
11/20 18:50:14.642: [sbi] DEBUG: ogs_sbi_nf_state_registered(): ENTRY (../lib/sbi/nf-sm.c:204)
11/20 18:50:14.642: [sbi] INFO: [397c18b0-6947-41ed-a025-3bf894ded894] (NRF-notify) NF registered (../lib/sbi/nnrf-handler.c:622)
11/20 18:50:14.642: [sock] DEBUG: addr:127.0.0.20, port:80 (../lib/core/ogs-sockaddr.c:140)
11/20 18:50:14.642: [sock] DEBUG: addr:127.0.0.20, port:7777 (../lib/core/ogs-sockaddr.c:140)
11/20 18:50:14.642: [sbi] INFO: [397c18b0-6947-41ed-a025-3bf894ded894] (NRF-notify) NF Profile updated (../lib/sbi/nnrf-handler.c:632)
11/20 18:50:14.642: [sbi] DEBUG: ogs_sbi_client_add() (../lib/sbi/client.c:112)
11/20 18:50:14.642: [sbi] DEBUG: [REF] 1 (../lib/sbi/client.c:113)
11/20 18:50:14.642: [sbi] DEBUG: [REF] 2 (../lib/sbi/context.c:1570)
11/20 18:50:14.642: [sbi] DEBUG: ogs_sbi_client_add() (../lib/sbi/client.c:112)
11/20 18:50:14.642: [sbi] DEBUG: [REF] 1 (../lib/sbi/client.c:113)
11/20 18:50:14.643: [sbi] DEBUG: [REF] 2 (../lib/sbi/context.c:1482)
11/20 18:50:14.643: [sbi] DEBUG: STATUS [204] (../lib/sbi/nghttp2-server.c:357)
11/20 18:50:14.643: [sbi] DEBUG: STREAM closed [1] (../lib/sbi/nghttp2-server.c:852)
11/20 18:50:14.643: [sbi] DEBUG: MAX_CONCURRENT_STREAMS = 100 (../lib/sbi/nghttp2-server.c:747)
11/20 18:50:14.643: [sbi] DEBUG: ENABLE_PUSH = false (../lib/sbi/nghttp2-server.c:749)
0000: 00000004 01000000 00                  .........
11/20 18:50:14.643: [sbi] DEBUG: [204:POST] http://127.0.0.12:7777/nnrf-nfm/v1/nf-status-notify (../lib/sbi/client.c:573)
11/20 18:50:14.643: [sbi] DEBUG: RECEIVED[0] (../lib/sbi/client.c:584)
0000: 00002601 05000000 0189768b d5596a6f   ..&.......v..Yjo
0010: 16e53b89 76d76f61 96d07abe 941054d2   ..;.v.oa..z...T.
0020: 7eea0802 128015c6 c1702d29 8b46ff     ~........p-).F.
11/20 18:50:15.155: [sock] DEBUG: addr:127.0.0.2, port:2152 (../lib/core/ogs-sockaddr.c:140)
11/20 18:50:15.155: [sock] DEBUG: addr:fd69:f21d:873c:fa::2, port:2152 (../lib/core/ogs-sockaddr.c:140)
11/20 18:50:15.155: [sock] DEBUG: addr:127.0.0.3, port:2152 (../lib/core/ogs-sockaddr.c:140)
11/20 18:50:15.155: [sock] DEBUG: addr:fd69:f21d:873c:fa::3, port:2152 (../lib/core/ogs-sockaddr.c:140)
11/20 18:50:15.155: [sock] DEBUG: addr:127.0.0.2, port:36412 (../lib/core/ogs-sockaddr.c:140)
11/20 18:50:15.155: [sock] DEBUG: addr:127.0.0.5, port:38412 (../lib/core/ogs-sockaddr.c:140)
11/20 18:50:15.155: [sock] DEBUG: addr:127.0.0.20, port:38412 (../lib/core/ogs-sockaddr.c:140)
11/20 18:50:15.155: [sock] DEBUG: addr:127.0.0.21, port:38412 (../lib/core/ogs-sockaddr.c:140)
11/20 18:50:15.155: [sock] DEBUG: addr:127.0.0.22, port:38412 (../lib/core/ogs-sockaddr.c:140)
11/20 18:50:15.155: [sock] DEBUG: addr:127.0.0.23, port:38412 (../lib/core/ogs-sockaddr.c:140)
11/20 18:50:15.155: [sock] DEBUG: addr:127.0.0.24, port:38412 (../lib/core/ogs-sockaddr.c:140)
11/20 18:50:15.155: [sock] DEBUG: addr:127.0.0.25, port:38412 (../lib/core/ogs-sockaddr.c:140)
11/20 18:50:15.155: [sock] DEBUG: addr:127.0.0.26, port:38412 (../lib/core/ogs-sockaddr.c:140)
11/20 18:50:15.155: [sock] DEBUG: addr:127.0.0.27, port:38412 (../lib/core/ogs-sockaddr.c:140)
11/20 18:50:15.155: [sock] DEBUG: addr:127.0.0.28, port:38412 (../lib/core/ogs-sockaddr.c:140)
11/20 18:50:15.155: [core] WARNING: unknown key `ngap` (../tests/common/context.c:548)
11/20 18:50:15.155: [core] WARNING: unknown key `guami` (../tests/common/context.c:548)
11/20 18:50:15.155: [core] WARNING: unknown key `security` (../tests/common/context.c:548)
11/20 18:50:15.155: [core] WARNING: unknown key `network_name` (../tests/common/context.c:548)
11/20 18:50:15.156: [core] WARNING: unknown key `amf_name` (../tests/common/context.c:548)
11/20 18:50:15.156: [thread] DEBUG: [0x5609d65c3530] thread started (../lib/core/ogs-thread.c:101)
11/20 18:50:15.156: [thread] DEBUG: [0x5609d65c3530] worker signal (../lib/core/ogs-thread.c:66)
11/20 18:50:15.156: [thread] DEBUG: [0x5609d65c3740] thread started (../lib/core/ogs-thread.c:101)
11/20 18:50:15.156: [thread] DEBUG: [0x5609d65c3740] worker signal (../lib/core/ogs-thread.c:66)
11/20 18:50:16.470: [sbi] DEBUG: ogs_sbi_nf_state_initial(): ENTRY (../lib/sbi/nf-sm.c:66)
11/20 18:50:16.471: [sbi] DEBUG: ogs_sbi_nf_state_registered(): ENTRY (../lib/sbi/nf-sm.c:204)
11/20 18:50:16.471: [sbi] INFO: NF Service [namf-comm] (../lib/sbi/context.c:1401)
11/20 18:50:16.471: [sbi] DEBUG: ogs_sbi_nf_state_initial(): ENTRY (../lib/sbi/nf-sm.c:66)
11/20 18:50:16.471: [sbi] DEBUG: ogs_sbi_nf_state_will_register(): ENTRY (../lib/sbi/nf-sm.c:118)
11/20 18:50:16.471: [sbi] DEBUG: [PUT] http://[::1]:7777/nnrf-nfm/v1/nf-instances/394fdae8-6947-41ed-b1de-d514f6e17eae (../lib/sbi/client.c:625)
11/20 18:50:16.471: [sbi] DEBUG: SENDING...[996] (../lib/sbi/client.c:401)
11/20 18:50:16.471: [sbi] DEBUG: {
	"nfInstanceId":	"394fdae8-6947-41ed-b1de-d514f6e17eae",
	"nfType":	"AMF",
	"nfStatus":	"REGISTERED",
	"ipv4Addresses":	["127.0.0.5"],
	"allowedNfTypes":	["SMF", "SCP"],
	"priority":	0,
	"capacity":	100,
	"load":	0,
	"amfInfo":	{
		"amfSetId":	"001",
		"amfRegionId":	"02",
		"guamiList":	[{
				"plmnId":	{
					"mcc":	"999",
					"mnc":	"70"
				},
				"amfId":	"020040"
			}],
		"taiList":	[{
				"plmnId":	{
					"mcc":	"999",
					"mnc":	"70"
				},
				"tac":	"000001"
			}]
	},
	"nfServiceList":	{
		"3a93c2f2-6947-41ed-b1de-d514f6e17eae":	{
			"serviceInstanceId":	"3a93c2f2-6947-41ed-b1de-d514f6e17eae",
			"serviceName":	"namf-comm",
			"versions":	[{
					"apiVersionInUri":	"v1",
					"apiFullVersion":	"1.0.0"
				}],
			"scheme":	"http",
			"nfServiceStatus":	"REGISTERED",
			"ipEndPoints":	[{
					"ipv4Address":	"127.0.0.5",
					"port":	7777
				}],
			"allowedNfTypes":	["SMF"],
			"priority":	0,
			"capacity":	100,
			"load":	0
		}
	},
	"nfProfileChangesSupportInd":	true
} (../lib/sbi/client.c:403)
11/20 18:50:16.471: [sock] DEBUG: socket create(2:1:6) (../lib/core/ogs-socket.c:92)
11/20 18:50:16.471: [sock] DEBUG: Turn on TCP_NODELAY (../lib/core/ogs-sockopt.c:139)
11/20 18:50:16.471: [sock] DEBUG: Turn on SO_REUSEADDR (../lib/core/ogs-sockopt.c:120)
11/20 18:50:16.471: [sock] DEBUG: socket bind 127.0.0.5:7777 (../lib/core/ogs-socket.c:117)
11/20 18:50:16.471: [sock] DEBUG: tcp_server() [127.0.0.5]:7777 (../lib/core/ogs-tcp.c:61)
11/20 18:50:16.471: [sbi] INFO: nghttp2_server() [127.0.0.5]:7777 (../lib/sbi/nghttp2-server.c:151)
11/20 18:50:16.471: [sock] DEBUG: socket create(2:1:132) (../lib/core/ogs-socket.c:92)
11/20 18:50:16.471: [sock] DEBUG: sizes of 'struct sctp_event_subscribe': compile-time 10, kernel: 13 (../lib/sctp/ogs-lksctp.c:320)
11/20 18:50:16.471: [sock] DEBUG: OLD spp_flags = 0x29 hbinter = 30000 pathmax = 5, sackdelay = 200 (../lib/sctp/ogs-lksctp.c:517)
11/20 18:50:16.471: [sock] DEBUG: sizes of 'struct sctp_paddrparams': compile-time 152, kernel: 156 (../lib/sctp/ogs-lksctp.c:447)
11/20 18:50:16.471: [sock] DEBUG: NEW spp_flags = 0x29 hbinter = 5000 pathmax = 5, sackdelay = 200 (../lib/sctp/ogs-lksctp.c:549)
11/20 18:50:16.471: [sock] DEBUG: OLD RTO (initial:3000 max:60000 min:1000) (../lib/sctp/ogs-lksctp.c:580)
11/20 18:50:16.471: [sock] DEBUG: New RTO (initial:3000 max:5000 min:1000) (../lib/sctp/ogs-lksctp.c:596)
11/20 18:50:16.471: [sock] DEBUG: Old INITMSG (numout:10 maxin:65535 maxattempt:8 maxinit_to:60000) (../lib/sctp/ogs-lksctp.c:623)
11/20 18:50:16.471: [sock] DEBUG: New INITMSG (numout:30 maxin:65535 maxattempt:4 maxinit_to:8000) (../lib/sctp/ogs-lksctp.c:641)
11/20 18:50:16.471: [sock] DEBUG: Turn on SCTP_NODELAY (../lib/sctp/ogs-lksctp.c:650)
11/20 18:50:16.471: [sock] DEBUG: Turn on SO_REUSEADDR (../lib/core/ogs-sockopt.c:120)
11/20 18:50:16.471: [sock] DEBUG: socket bind 127.0.0.5:38412 (../lib/core/ogs-socket.c:117)
11/20 18:50:16.471: [sock] DEBUG: sctp_server() [127.0.0.5]:38412 (../lib/sctp/ogs-lksctp.c:101)
11/20 18:50:16.471: [amf] INFO: ngap_server() [127.0.0.5]:38412 (../src/amf/ngap-sctp.c:62)
11/20 18:50:16.471: [sock] DEBUG: socket create(2:1:132) (../lib/core/ogs-socket.c:92)
11/20 18:50:16.471: [sock] DEBUG: OLD spp_flags = 0x29 hbinter = 30000 pathmax = 5, sackdelay = 200 (../lib/sctp/ogs-lksctp.c:517)
11/20 18:50:16.471: [sock] DEBUG: NEW spp_flags = 0x29 hbinter = 5000 pathmax = 5, sackdelay = 200 (../lib/sctp/ogs-lksctp.c:549)
11/20 18:50:16.471: [sock] DEBUG: OLD RTO (initial:3000 max:60000 min:1000) (../lib/sctp/ogs-lksctp.c:580)
11/20 18:50:16.471: [sock] DEBUG: New RTO (initial:3000 max:5000 min:1000) (../lib/sctp/ogs-lksctp.c:596)
11/20 18:50:16.471: [sock] DEBUG: Old INITMSG (numout:10 maxin:65535 maxattempt:8 maxinit_to:60000) (../lib/sctp/ogs-lksctp.c:623)
11/20 18:50:16.471: [sock] DEBUG: New INITMSG (numout:30 maxin:65535 maxattempt:4 maxinit_to:8000) (../lib/sctp/ogs-lksctp.c:641)
11/20 18:50:16.471: [sock] DEBUG: Turn on SCTP_NODELAY (../lib/sctp/ogs-lksctp.c:650)
11/20 18:50:16.471: [sock] DEBUG: Turn on SO_REUSEADDR (../lib/core/ogs-sockopt.c:120)
11/20 18:50:16.471: [sock] DEBUG: socket bind 127.0.0.20:38412 (../lib/core/ogs-socket.c:117)
11/20 18:50:16.471: [sock] DEBUG: sctp_server() [127.0.0.20]:38412 (../lib/sctp/ogs-lksctp.c:101)
11/20 18:50:16.471: [amf] INFO: ngap_server() [127.0.0.20]:38412 (../src/amf/ngap-sctp.c:62)
11/20 18:50:16.471: [sock] DEBUG: socket create(2:1:132) (../lib/core/ogs-socket.c:92)
11/20 18:50:16.471: [sock] DEBUG: OLD spp_flags = 0x29 hbinter = 30000 pathmax = 5, sackdelay = 200 (../lib/sctp/ogs-lksctp.c:517)
11/20 18:50:16.471: [sock] DEBUG: NEW spp_flags = 0x29 hbinter = 5000 pathmax = 5, sackdelay = 200 (../lib/sctp/ogs-lksctp.c:549)
11/20 18:50:16.471: [sock] DEBUG: OLD RTO (initial:3000 max:60000 min:1000) (../lib/sctp/ogs-lksctp.c:580)
11/20 18:50:16.471: [sock] DEBUG: New RTO (initial:3000 max:5000 min:1000) (../lib/sctp/ogs-lksctp.c:596)
11/20 18:50:16.471: [sock] DEBUG: Old INITMSG (numout:10 maxin:65535 maxattempt:8 maxinit_to:60000) (../lib/sctp/ogs-lksctp.c:623)
11/20 18:50:16.471: [sock] DEBUG: New INITMSG (numout:30 maxin:65535 maxattempt:4 maxinit_to:8000) (../lib/sctp/ogs-lksctp.c:641)
11/20 18:50:16.471: [sock] DEBUG: Turn on SCTP_NODELAY (../lib/sctp/ogs-lksctp.c:650)
11/20 18:50:16.471: [sock] DEBUG: Turn on SO_REUSEADDR (../lib/core/ogs-sockopt.c:120)
11/20 18:50:16.471: [sock] DEBUG: socket bind 127.0.0.21:38412 (../lib/core/ogs-socket.c:117)
11/20 18:50:16.471: [sock] DEBUG: sctp_server() [127.0.0.21]:38412 (../lib/sctp/ogs-lksctp.c:101)
11/20 18:50:16.471: [amf] INFO: ngap_server() [127.0.0.21]:38412 (../src/amf/ngap-sctp.c:62)
11/20 18:50:16.471: [sock] DEBUG: socket create(2:1:132) (../lib/core/ogs-socket.c:92)
11/20 18:50:16.471: [sock] DEBUG: OLD spp_flags = 0x29 hbinter = 30000 pathmax = 5, sackdelay = 200 (../lib/sctp/ogs-lksctp.c:517)
11/20 18:50:16.471: [sock] DEBUG: NEW spp_flags = 0x29 hbinter = 5000 pathmax = 5, sackdelay = 200 (../lib/sctp/ogs-lksctp.c:549)
11/20 18:50:16.471: [sock] DEBUG: OLD RTO (initial:3000 max:60000 min:1000) (../lib/sctp/ogs-lksctp.c:580)
11/20 18:50:16.471: [sock] DEBUG: New RTO (initial:3000 max:5000 min:1000) (../lib/sctp/ogs-lksctp.c:596)
11/20 18:50:16.471: [sock] DEBUG: Old INITMSG (numout:10 maxin:65535 maxattempt:8 maxinit_to:60000) (../lib/sctp/ogs-lksctp.c:623)
11/20 18:50:16.471: [sock] DEBUG: New INITMSG (numout:30 maxin:65535 maxattempt:4 maxinit_to:8000) (../lib/sctp/ogs-lksctp.c:641)
11/20 18:50:16.471: [sock] DEBUG: Turn on SCTP_NODELAY (../lib/sctp/ogs-lksctp.c:650)
11/20 18:50:16.471: [sock] DEBUG: Turn on SO_REUSEADDR (../lib/core/ogs-sockopt.c:120)
11/20 18:50:16.471: [sock] DEBUG: socket bind 127.0.0.22:38412 (../lib/core/ogs-socket.c:117)
11/20 18:50:16.471: [sock] DEBUG: sctp_server() [127.0.0.22]:38412 (../lib/sctp/ogs-lksctp.c:101)
11/20 18:50:16.471: [amf] INFO: ngap_server() [127.0.0.22]:38412 (../src/amf/ngap-sctp.c:62)
11/20 18:50:16.471: [sock] DEBUG: socket create(2:1:132) (../lib/core/ogs-socket.c:92)
11/20 18:50:16.471: [sock] DEBUG: OLD spp_flags = 0x29 hbinter = 30000 pathmax = 5, sackdelay = 200 (../lib/sctp/ogs-lksctp.c:517)
11/20 18:50:16.471: [sock] DEBUG: NEW spp_flags = 0x29 hbinter = 5000 pathmax = 5, sackdelay = 200 (../lib/sctp/ogs-lksctp.c:549)
11/20 18:50:16.471: [sock] DEBUG: OLD RTO (initial:3000 max:60000 min:1000) (../lib/sctp/ogs-lksctp.c:580)
11/20 18:50:16.471: [sock] DEBUG: New RTO (initial:3000 max:5000 min:1000) (../lib/sctp/ogs-lksctp.c:596)
11/20 18:50:16.471: [sock] DEBUG: Old INITMSG (numout:10 maxin:65535 maxattempt:8 maxinit_to:60000) (../lib/sctp/ogs-lksctp.c:623)
11/20 18:50:16.471: [sock] DEBUG: New INITMSG (numout:30 maxin:65535 maxattempt:4 maxinit_to:8000) (../lib/sctp/ogs-lksctp.c:641)
11/20 18:50:16.471: [sock] DEBUG: Turn on SCTP_NODELAY (../lib/sctp/ogs-lksctp.c:650)
11/20 18:50:16.471: [sock] DEBUG: Turn on SO_REUSEADDR (../lib/core/ogs-sockopt.c:120)
11/20 18:50:16.471: [sock] DEBUG: socket bind 127.0.0.23:38412 (../lib/core/ogs-socket.c:117)
11/20 18:50:16.471: [sock] DEBUG: sctp_server() [127.0.0.23]:38412 (../lib/sctp/ogs-lksctp.c:101)
11/20 18:50:16.471: [amf] INFO: ngap_server() [127.0.0.23]:38412 (../src/amf/ngap-sctp.c:62)
11/20 18:50:16.471: [sock] DEBUG: socket create(2:1:132) (../lib/core/ogs-socket.c:92)
11/20 18:50:16.471: [sock] DEBUG: OLD spp_flags = 0x29 hbinter = 30000 pathmax = 5, sackdelay = 200 (../lib/sctp/ogs-lksctp.c:517)
11/20 18:50:16.471: [sock] DEBUG: NEW spp_flags = 0x29 hbinter = 5000 pathmax = 5, sackdelay = 200 (../lib/sctp/ogs-lksctp.c:549)
11/20 18:50:16.471: [sock] DEBUG: OLD RTO (initial:3000 max:60000 min:1000) (../lib/sctp/ogs-lksctp.c:580)
11/20 18:50:16.471: [sock] DEBUG: New RTO (initial:3000 max:5000 min:1000) (../lib/sctp/ogs-lksctp.c:596)
11/20 18:50:16.471: [sock] DEBUG: Old INITMSG (numout:10 maxin:65535 maxattempt:8 maxinit_to:60000) (../lib/sctp/ogs-lksctp.c:623)
11/20 18:50:16.471: [sock] DEBUG: New INITMSG (numout:30 maxin:65535 maxattempt:4 maxinit_to:8000) (../lib/sctp/ogs-lksctp.c:641)
11/20 18:50:16.471: [sock] DEBUG: Turn on SCTP_NODELAY (../lib/sctp/ogs-lksctp.c:650)
11/20 18:50:16.471: [sock] DEBUG: Turn on SO_REUSEADDR (../lib/core/ogs-sockopt.c:120)
11/20 18:50:16.471: [sock] DEBUG: socket bind 127.0.0.24:38412 (../lib/core/ogs-socket.c:117)
11/20 18:50:16.471: [sock] DEBUG: sctp_server() [127.0.0.24]:38412 (../lib/sctp/ogs-lksctp.c:101)
11/20 18:50:16.471: [amf] INFO: ngap_server() [127.0.0.24]:38412 (../src/amf/ngap-sctp.c:62)
11/20 18:50:16.471: [sock] DEBUG: socket create(2:1:132) (../lib/core/ogs-socket.c:92)
11/20 18:50:16.471: [sock] DEBUG: OLD spp_flags = 0x29 hbinter = 30000 pathmax = 5, sackdelay = 200 (../lib/sctp/ogs-lksctp.c:517)
11/20 18:50:16.471: [sock] DEBUG: NEW spp_flags = 0x29 hbinter = 5000 pathmax = 5, sackdelay = 200 (../lib/sctp/ogs-lksctp.c:549)
11/20 18:50:16.471: [sock] DEBUG: OLD RTO (initial:3000 max:60000 min:1000) (../lib/sctp/ogs-lksctp.c:580)
11/20 18:50:16.471: [sock] DEBUG: New RTO (initial:3000 max:5000 min:1000) (../lib/sctp/ogs-lksctp.c:596)
11/20 18:50:16.471: [sock] DEBUG: Old INITMSG (numout:10 maxin:65535 maxattempt:8 maxinit_to:60000) (../lib/sctp/ogs-lksctp.c:623)
11/20 18:50:16.471: [sock] DEBUG: New INITMSG (numout:30 maxin:65535 maxattempt:4 maxinit_to:8000) (../lib/sctp/ogs-lksctp.c:641)
11/20 18:50:16.471: [sock] DEBUG: Turn on SCTP_NODELAY (../lib/sctp/ogs-lksctp.c:650)
11/20 18:50:16.471: [sock] DEBUG: Turn on SO_REUSEADDR (../lib/core/ogs-sockopt.c:120)
11/20 18:50:16.471: [sock] DEBUG: socket bind 127.0.0.25:38412 (../lib/core/ogs-socket.c:117)
11/20 18:50:16.471: [sock] DEBUG: sctp_server() [127.0.0.25]:38412 (../lib/sctp/ogs-lksctp.c:101)
11/20 18:50:16.471: [amf] INFO: ngap_server() [127.0.0.25]:38412 (../src/amf/ngap-sctp.c:62)
11/20 18:50:16.471: [sock] DEBUG: socket create(2:1:132) (../lib/core/ogs-socket.c:92)
11/20 18:50:16.471: [sock] DEBUG: OLD spp_flags = 0x29 hbinter = 30000 pathmax = 5, sackdelay = 200 (../lib/sctp/ogs-lksctp.c:517)
11/20 18:50:16.471: [sock] DEBUG: NEW spp_flags = 0x29 hbinter = 5000 pathmax = 5, sackdelay = 200 (../lib/sctp/ogs-lksctp.c:549)
11/20 18:50:16.471: [sock] DEBUG: OLD RTO (initial:3000 max:60000 min:1000) (../lib/sctp/ogs-lksctp.c:580)
11/20 18:50:16.471: [sock] DEBUG: New RTO (initial:3000 max:5000 min:1000) (../lib/sctp/ogs-lksctp.c:596)
11/20 18:50:16.472: [sock] DEBUG: Old INITMSG (numout:10 maxin:65535 maxattempt:8 maxinit_to:60000) (../lib/sctp/ogs-lksctp.c:623)
11/20 18:50:16.472: [sock] DEBUG: New INITMSG (numout:30 maxin:65535 maxattempt:4 maxinit_to:8000) (../lib/sctp/ogs-lksctp.c:641)
11/20 18:50:16.472: [sock] DEBUG: Turn on SCTP_NODELAY (../lib/sctp/ogs-lksctp.c:650)
11/20 18:50:16.472: [sock] DEBUG: Turn on SO_REUSEADDR (../lib/core/ogs-sockopt.c:120)
11/20 18:50:16.472: [sock] DEBUG: socket bind 127.0.0.26:38412 (../lib/core/ogs-socket.c:117)
11/20 18:50:16.472: [sock] DEBUG: sctp_server() [127.0.0.26]:38412 (../lib/sctp/ogs-lksctp.c:101)
11/20 18:50:16.472: [amf] INFO: ngap_server() [127.0.0.26]:38412 (../src/amf/ngap-sctp.c:62)
11/20 18:50:16.472: [sock] DEBUG: socket create(2:1:132) (../lib/core/ogs-socket.c:92)
11/20 18:50:16.472: [sock] DEBUG: OLD spp_flags = 0x29 hbinter = 30000 pathmax = 5, sackdelay = 200 (../lib/sctp/ogs-lksctp.c:517)
11/20 18:50:16.472: [sock] DEBUG: NEW spp_flags = 0x29 hbinter = 5000 pathmax = 5, sackdelay = 200 (../lib/sctp/ogs-lksctp.c:549)
11/20 18:50:16.472: [sock] DEBUG: OLD RTO (initial:3000 max:60000 min:1000) (../lib/sctp/ogs-lksctp.c:580)
11/20 18:50:16.472: [sock] DEBUG: New RTO (initial:3000 max:5000 min:1000) (../lib/sctp/ogs-lksctp.c:596)
11/20 18:50:16.472: [sock] DEBUG: Old INITMSG (numout:10 maxin:65535 maxattempt:8 maxinit_to:60000) (../lib/sctp/ogs-lksctp.c:623)
11/20 18:50:16.472: [sock] DEBUG: New INITMSG (numout:30 maxin:65535 maxattempt:4 maxinit_to:8000) (../lib/sctp/ogs-lksctp.c:641)
11/20 18:50:16.472: [sock] DEBUG: Turn on SCTP_NODELAY (../lib/sctp/ogs-lksctp.c:650)
11/20 18:50:16.472: [sock] DEBUG: Turn on SO_REUSEADDR (../lib/core/ogs-sockopt.c:120)
11/20 18:50:16.472: [sock] DEBUG: socket bind 127.0.0.27:38412 (../lib/core/ogs-socket.c:117)
11/20 18:50:16.472: [sock] DEBUG: sctp_server() [127.0.0.27]:38412 (../lib/sctp/ogs-lksctp.c:101)
11/20 18:50:16.472: [amf] INFO: ngap_server() [127.0.0.27]:38412 (../src/amf/ngap-sctp.c:62)
11/20 18:50:16.472: [sock] DEBUG: socket create(2:1:132) (../lib/core/ogs-socket.c:92)
11/20 18:50:16.472: [sock] DEBUG: OLD spp_flags = 0x29 hbinter = 30000 pathmax = 5, sackdelay = 200 (../lib/sctp/ogs-lksctp.c:517)
11/20 18:50:16.472: [sock] DEBUG: NEW spp_flags = 0x29 hbinter = 5000 pathmax = 5, sackdelay = 200 (../lib/sctp/ogs-lksctp.c:549)
11/20 18:50:16.472: [sock] DEBUG: OLD RTO (initial:3000 max:60000 min:1000) (../lib/sctp/ogs-lksctp.c:580)
11/20 18:50:16.472: [sock] DEBUG: New RTO (initial:3000 max:5000 min:1000) (../lib/sctp/ogs-lksctp.c:596)
11/20 18:50:16.472: [sock] DEBUG: Old INITMSG (numout:10 maxin:65535 maxattempt:8 maxinit_to:60000) (../lib/sctp/ogs-lksctp.c:623)
11/20 18:50:16.472: [sock] DEBUG: New INITMSG (numout:30 maxin:65535 maxattempt:4 maxinit_to:8000) (../lib/sctp/ogs-lksctp.c:641)
11/20 18:50:16.472: [sock] DEBUG: Turn on SCTP_NODELAY (../lib/sctp/ogs-lksctp.c:650)
11/20 18:50:16.472: [sock] DEBUG: Turn on SO_REUSEADDR (../lib/core/ogs-sockopt.c:120)
11/20 18:50:16.472: [sock] DEBUG: socket bind 127.0.0.28:38412 (../lib/core/ogs-socket.c:117)
11/20 18:50:16.472: [sock] DEBUG: sctp_server() [127.0.0.28]:38412 (../lib/sctp/ogs-lksctp.c:101)
11/20 18:50:16.472: [amf] INFO: ngap_server() [127.0.0.28]:38412 (../src/amf/ngap-sctp.c:62)
11/20 18:50:16.472: [thread] DEBUG: [0x55d19d5c7000] thread started (../lib/core/ogs-thread.c:101)
11/20 18:50:16.472: [sctp] INFO: AMF initialize...done (../src/amf/app.c:33)
11/20 18:50:16.472: [thread] DEBUG: [0x55d19d5c7000] worker signal (../lib/core/ogs-thread.c:66)
11/20 18:50:16.472: [amf] DEBUG: amf_state_initial(): INIT (../src/amf/amf-sm.c:32)
11/20 18:50:16.472: [amf] DEBUG: amf_state_operational(): ENTRY (../src/amf/amf-sm.c:78)
11/20 18:50:16.472: [sbi] DEBUG: MAX_CONCURRENT_STREAMS = 100 (../lib/sbi/nghttp2-server.c:747)
11/20 18:50:16.472: [sbi] DEBUG: ENABLE_PUSH = false (../lib/sbi/nghttp2-server.c:749)
11/20 18:50:16.472: [sbi] DEBUG: STREAM added [1] (../lib/sbi/nghttp2-server.c:1122)
0000: 00000604 00000000 00000300 04e200     ...............
11/20 18:50:16.472: [sbi] DEBUG: [PUT] /nnrf-nfm/v1/nf-instances/394fdae8-6947-41ed-b1de-d514f6e17eae (../lib/sbi/nghttp2-server.c:801)
11/20 18:50:16.472: [sbi] DEBUG: RECEIVED: 996 (../lib/sbi/nghttp2-server.c:805)
11/20 18:50:16.472: [sbi] DEBUG: {
	"nfInstanceId":	"394fdae8-6947-41ed-b1de-d514f6e17eae",
	"nfType":	"AMF",
	"nfStatus":	"REGISTERED",
	"ipv4Addresses":	["127.0.0.5"],
	"allowedNfTypes":	["SMF", "SCP"],
	"priority":	0,
	"capacity":	100,
	"load":	0,
	"amfInfo":	{
		"amfSetId":	"001",
		"amfRegionId":	"02",
		"guamiList":	[{
				"plmnId":	{
					"mcc":	"999",
					"mnc":	"70"
				},
				"amfId":	"020040"
			}],
		"taiList":	[{
				"plmnId":	{
					"mcc":	"999",
					"mnc":	"70"
				},
				"tac":	"000001"
			}]
	},
	"nfServiceList":	{
		"3a93c2f2-6947-41ed-b1de-d514f6e17eae":	{
			"serviceInstanceId":	"3a93c2f2-6947-41ed-b1de-d514f6e17eae",
			"serviceName":	"namf-comm",
			"versions":	[{
					"apiVersionInUri":	"v1",
					"apiFullVersion":	"1.0.0"
				}],
			"scheme":	"http",
			"nfServiceStatus":	"REGISTERED",
			"ipEndPoints":	[{
					"ipv4Address":	"127.0.0.5",
					"port":	7777
				}],
			"allowedNfTypes":	["SMF"],
			"priority":	0,
			"capacity":	100,
			"load":	0
		}
	},
	"nfProfileChangesSupportInd":	true
} (../lib/sbi/nghttp2-server.c:806)
11/20 18:50:16.472: [sbi] DEBUG: MAX_CONCURRENT_STREAMS = 100 (../lib/sbi/nghttp2-server.c:747)
11/20 18:50:16.472: [sbi] DEBUG: ENABLE_PUSH = false (../lib/sbi/nghttp2-server.c:749)
11/20 18:50:16.472: [nrf] DEBUG: nrf_state_operational(): OGS_EVENT_NAME_SBI_SERVER (../src/nrf/nrf-sm.c:50)
11/20 18:50:16.472: [sbi] DEBUG: ogs_sbi_nf_instance_add() (../lib/sbi/context.c:762)
11/20 18:50:16.472: [sbi] DEBUG: [REF] 1 (../lib/sbi/context.c:764)
11/20 18:50:16.472: [nrf] DEBUG: nrf_nf_state_initial(): ENTRY (../src/nrf/nf-sm.c:55)
11/20 18:50:16.472: [nrf] DEBUG: nrf_nf_state_will_register(): ENTRY (../src/nrf/nf-sm.c:93)
11/20 18:50:16.472: [nrf] DEBUG: nrf_nf_state_will_register(): OGS_EVENT_NAME_SBI_SERVER (../src/nrf/nf-sm.c:93)
11/20 18:50:16.472: [sock] DEBUG: addr:127.0.0.5, port:80 (../lib/core/ogs-sockaddr.c:140)
11/20 18:50:16.472: [sock] DEBUG: addr:127.0.0.5, port:7777 (../lib/core/ogs-sockaddr.c:140)
11/20 18:50:16.472: [sbi] DEBUG: STATUS [201] (../lib/sbi/nghttp2-server.c:357)
11/20 18:50:16.472: [sbi] DEBUG: SENDING...: 157 (../lib/sbi/nghttp2-server.c:365)
11/20 18:50:16.472: [sbi] DEBUG: {
	"nfInstanceId":	"394fdae8-6947-41ed-b1de-d514f6e17eae",
	"nfType":	"AMF",
	"nfStatus":	"REGISTERED",
	"heartBeatTimer":	10,
	"nfProfileChangesInd":	true
} (../lib/sbi/nghttp2-server.c:366)
11/20 18:50:16.472: [sbi] DEBUG: STREAM closed [1] (../lib/sbi/nghttp2-server.c:852)
11/20 18:50:16.472: [nrf] DEBUG: nrf_nf_state_will_register(): EXIT (../src/nrf/nf-sm.c:93)
11/20 18:50:16.473: [nrf] DEBUG: nrf_nf_state_registered(): ENTRY (../src/nrf/nf-sm.c:183)
11/20 18:50:16.473: [nrf] INFO: [394fdae8-6947-41ed-b1de-d514f6e17eae] NF registered [Heartbeat:10s] (../src/nrf/nf-sm.c:191)
11/20 18:50:16.473: [sbi] DEBUG: [POST] http://127.0.0.4:7777/nnrf-nfm/v1/nf-status-notify (../lib/sbi/client.c:625)
11/20 18:50:16.473: [sbi] DEBUG: SENDING...[932] (../lib/sbi/client.c:401)
11/20 18:50:16.473: [sbi] DEBUG: {
	"event":	"NF_REGISTERED",
	"nfInstanceUri":	"http://127.0.0.10:7777/nnrf-nfm/v1/nf-instances/394fdae8-6947-41ed-b1de-d514f6e17eae",
	"nfProfile":	{
		"nfInstanceId":	"394fdae8-6947-41ed-b1de-d514f6e17eae",
		"nfType":	"AMF",
		"nfStatus":	"REGISTERED",
		"heartBeatTimer":	10,
		"ipv4Addresses":	["127.0.0.5"],
		"allowedNfTypes":	["SMF", "SCP"],
		"priority":	0,
		"capacity":	100,
		"load":	0,
		"nfServiceList":	{
			"3a93c2f2-6947-41ed-b1de-d514f6e17eae":	{
				"serviceInstanceId":	"3a93c2f2-6947-41ed-b1de-d514f6e17eae",
				"serviceName":	"namf-comm",
				"versions":	[{
						"apiVersionInUri":	"v1",
						"apiFullVersion":	"1.0.0"
					}],
				"scheme":	"http",
				"nfServiceStatus":	"REGISTERED",
				"ipEndPoints":	[{
						"ipv4Address":	"127.0.0.5",
						"port":	7777
					}],
				"allowedNfTypes":	["SMF"],
				"priority":	0,
				"capacity":	100,
				"load":	0
			}
		},
		"nfProfileChangesSupportInd":	true
	}
} (../lib/sbi/client.c:403)
0000: 00000004 01000000 00                  .........
11/20 18:50:16.473: [sbi] DEBUG: MAX_CONCURRENT_STREAMS = 100 (../lib/sbi/nghttp2-server.c:747)
11/20 18:50:16.473: [sbi] DEBUG: ENABLE_PUSH = false (../lib/sbi/nghttp2-server.c:749)
11/20 18:50:16.473: [sbi] DEBUG: STREAM added [1] (../lib/sbi/nghttp2-server.c:1122)
0000: 00006c01 04000000 01488210 03768bd5   ..l......H...v..
0010: 596a6f16 e53b8976 d76f6196 d07abe94   Yjo..;.v.oa..z..
0020: 1054d27e ea080212 8015c6c1 702e298b   .T.~........p.).
0030: 46ff0f0d 03313537 0f1fad62 aaac956a   F....157...b...j
0040: a5a58ee1 62a95635 4848ea21 50c32fb5   ....b.V5HH.!P./.
0050: 2c832bcb 38fb4eac d04b22d1 8642ad23   ,.+.8.N..K"..B.#
0060: 616a570a 174a32ff 5f8b1d75 d0620d26   ajW..J2._..u.b.&
0070: 3d4c7441 ea                           =LtA.
11/20 18:50:16.473: [sbi] DEBUG: [POST] /nnrf-nfm/v1/nf-status-notify (../lib/sbi/nghttp2-server.c:801)
11/20 18:50:16.473: [sbi] DEBUG: RECEIVED: 932 (../lib/sbi/nghttp2-server.c:805)
11/20 18:50:16.473: [sbi] DEBUG: {
	"event":	"NF_REGISTERED",
	"nfInstanceUri":	"http://127.0.0.10:7777/nnrf-nfm/v1/nf-instances/394fdae8-6947-41ed-b1de-d514f6e17eae",
	"nfProfile":	{
		"nfInstanceId":	"394fdae8-6947-41ed-b1de-d514f6e17eae",
		"nfType":	"AMF",
		"nfStatus":	"REGISTERED",
		"heartBeatTimer":	10,
		"ipv4Addresses":	["127.0.0.5"],
		"allowedNfTypes":	["SMF", "SCP"],
		"priority":	0,
		"capacity":	100,
		"load":	0,
		"nfServiceList":	{
			"3a93c2f2-6947-41ed-b1de-d514f6e17eae":	{
				"serviceInstanceId":	"3a93c2f2-6947-41ed-b1de-d514f6e17eae",
				"serviceName":	"namf-comm",
				"versions":	[{
						"apiVersionInUri":	"v1",
						"apiFullVersion":	"1.0.0"
					}],
				"scheme":	"http",
				"nfServiceStatus":	"REGISTERED",
				"ipEndPoints":	[{
						"ipv4Address":	"127.0.0.5",
						"port":	7777
					}],
				"allowedNfTypes":	["SMF"],
				"priority":	0,
				"capacity":	100,
				"load":	0
			}
		},
		"nfProfileChangesSupportInd":	true
	}
} (../lib/sbi/nghttp2-server.c:806)
11/20 18:50:16.473: [sbi] DEBUG: [201:PUT] http://[::1]:7777/nnrf-nfm/v1/nf-instances/394fdae8-6947-41ed-b1de-d514f6e17eae (../lib/sbi/client.c:573)
11/20 18:50:16.473: [sbi] DEBUG: RECEIVED[157] (../lib/sbi/client.c:584)
11/20 18:50:16.473: [sbi] DEBUG: {
	"nfInstanceId":	"394fdae8-6947-41ed-b1de-d514f6e17eae",
	"nfType":	"AMF",
	"nfStatus":	"REGISTERED",
	"heartBeatTimer":	10,
	"nfProfileChangesInd":	true
} (../lib/sbi/client.c:586)
0000: 00009d00 01000000 017b0a09 226e6649   .........{.."nfI
0010: 6e737461 6e636549 64223a09 22333934   nstanceId":."394
0020: 66646165 382d3639 34372d34 3165642d   fdae8-6947-41ed-
0030: 62316465 2d643531 34663665 31376561   b1de-d514f6e17ea
0040: 65222c0a 09226e66 54797065 223a0922   e",.."nfType":."
0050: 414d4622 2c0a0922 6e665374 61747573   AMF",.."nfStatus
0060: 223a0922 52454749 53544552 4544222c   ":."REGISTERED",
0070: 0a092268 65617274 42656174 54696d65   .."heartBeatTime
0080: 72223a09 31302c0a 09226e66 50726f66   r":.10,.."nfProf
0090: 696c6543 68616e67 6573496e 64223a09   ileChangesInd":.
00a0: 74727565 0a7d                         true.}
0000: 00000604 00000000 00000300 04e200     ...............
11/20 18:50:16.473: [smf] DEBUG: smf_state_operational(): OGS_EVENT_NAME_SBI_SERVER (../src/smf/smf-sm.c:83)
11/20 18:50:16.473: [amf] DEBUG: amf_state_operational(): OGS_EVENT_NAME_SBI_CLIENT (../src/amf/amf-sm.c:78)
11/20 18:50:16.473: [sbi] DEBUG: ogs_sbi_nf_state_will_register(): OGS_EVENT_NAME_SBI_CLIENT (../lib/sbi/nf-sm.c:118)
11/20 18:50:16.473: [sbi] DEBUG: ogs_sbi_nf_state_will_register(): EXIT (../lib/sbi/nf-sm.c:118)
11/20 18:50:16.473: [sbi] DEBUG: ogs_sbi_nf_state_registered(): ENTRY (../lib/sbi/nf-sm.c:204)
11/20 18:50:16.473: [sbi] INFO: [394fdae8-6947-41ed-b1de-d514f6e17eae] NF registered [Heartbeat:10s] (../lib/sbi/nf-sm.c:216)
11/20 18:50:16.473: [sbi] DEBUG: ogs_sbi_nf_instance_add() (../lib/sbi/context.c:762)
11/20 18:50:16.473: [sbi] DEBUG: [REF] 1 (../lib/sbi/context.c:764)
11/20 18:50:16.473: [sbi] DEBUG: ogs_sbi_nf_state_initial(): ENTRY (../lib/sbi/nf-sm.c:66)
11/20 18:50:16.473: [sbi] DEBUG: ogs_sbi_nf_state_registered(): ENTRY (../lib/sbi/nf-sm.c:204)
11/20 18:50:16.473: [sbi] INFO: [394fdae8-6947-41ed-b1de-d514f6e17eae] (NRF-notify) NF registered (../lib/sbi/nnrf-handler.c:622)
11/20 18:50:16.473: [sbi] DEBUG: [POST] http://[::1]:7777/nnrf-nfm/v1/subscriptions (../lib/sbi/client.c:625)
11/20 18:50:16.473: [sock] DEBUG: addr:127.0.0.5, port:80 (../lib/core/ogs-sockaddr.c:140)
11/20 18:50:16.473: [sock] DEBUG: addr:127.0.0.5, port:7777 (../lib/core/ogs-sockaddr.c:140)
11/20 18:50:16.473: [sbi] INFO: [394fdae8-6947-41ed-b1de-d514f6e17eae] (NRF-notify) NF Profile updated (../lib/sbi/nnrf-handler.c:632)
11/20 18:50:16.473: [sbi] DEBUG: SENDING...[263] (../lib/sbi/client.c:401)
11/20 18:50:16.473: [sbi] DEBUG: ogs_sbi_client_add() (../lib/sbi/client.c:112)
11/20 18:50:16.473: [sbi] DEBUG: {
	"nfStatusNotificationUri":	"http://127.0.0.5:7777/nnrf-nfm/v1/nf-status-notify",
	"reqNfInstanceId":	"394fdae8-6947-41ed-b1de-d514f6e17eae",
	"subscrCond":	{
		"nfType":	"AUSF",
		"serviceName":	"nausf-auth"
	},
	"reqNfType":	"AMF",
	"requesterFeatures":	"1"
} (../lib/sbi/client.c:403)
11/20 18:50:16.473: [sbi] DEBUG: [REF] 1 (../lib/sbi/client.c:113)
11/20 18:50:16.473: [sbi] DEBUG: [POST] http://[::1]:7777/nnrf-nfm/v1/subscriptions (../lib/sbi/client.c:625)
11/20 18:50:16.473: [sbi] DEBUG: [REF] 2 (../lib/sbi/context.c:1570)
11/20 18:50:16.473: [sbi] DEBUG: ogs_sbi_client_add() (../lib/sbi/client.c:112)
11/20 18:50:16.473: [sbi] DEBUG: [REF] 1 (../lib/sbi/client.c:113)
11/20 18:50:16.473: [sbi] DEBUG: SENDING...[261] (../lib/sbi/client.c:401)
11/20 18:50:16.473: [sbi] DEBUG: {
	"nfStatusNotificationUri":	"http://127.0.0.5:7777/nnrf-nfm/v1/nf-status-notify",
	"reqNfInstanceId":	"394fdae8-6947-41ed-b1de-d514f6e17eae",
	"subscrCond":	{
		"nfType":	"UDM",
		"serviceName":	"nudm-uecm"
	},
	"reqNfType":	"AMF",
	"requesterFeatures":	"1"
} (../lib/sbi/client.c:403)
11/20 18:50:16.473: [sbi] DEBUG: [REF] 2 (../lib/sbi/context.c:1482)
11/20 18:50:16.473: [sbi] DEBUG: [POST] http://[::1]:7777/nnrf-nfm/v1/subscriptions (../lib/sbi/client.c:625)
11/20 18:50:16.473: [sbi] DEBUG: STATUS [204] (../lib/sbi/nghttp2-server.c:357)
11/20 18:50:16.473: [sbi] DEBUG: STREAM closed [1] (../lib/sbi/nghttp2-server.c:852)
11/20 18:50:16.473: [sbi] DEBUG: SENDING...[260] (../lib/sbi/client.c:401)
11/20 18:50:16.473: [sbi] DEBUG: {
	"nfStatusNotificationUri":	"http://127.0.0.5:7777/nnrf-nfm/v1/nf-status-notify",
	"reqNfInstanceId":	"394fdae8-6947-41ed-b1de-d514f6e17eae",
	"subscrCond":	{
		"nfType":	"UDM",
		"serviceName":	"nudm-sdm"
	},
	"reqNfType":	"AMF",
	"requesterFeatures":	"1"
} (../lib/sbi/client.c:403)
11/20 18:50:16.473: [sbi] DEBUG: [POST] http://[::1]:7777/nnrf-nfm/v1/subscriptions (../lib/sbi/client.c:625)
11/20 18:50:16.473: [sbi] DEBUG: MAX_CONCURRENT_STREAMS = 100 (../lib/sbi/nghttp2-server.c:747)
11/20 18:50:16.473: [sbi] DEBUG: ENABLE_PUSH = false (../lib/sbi/nghttp2-server.c:749)
11/20 18:50:16.473: [sbi] DEBUG: SENDING...[274] (../lib/sbi/client.c:401)
11/20 18:50:16.473: [sbi] DEBUG: {
	"nfStatusNotificationUri":	"http://127.0.0.5:7777/nnrf-nfm/v1/nf-status-notify",
	"reqNfInstanceId":	"394fdae8-6947-41ed-b1de-d514f6e17eae",
	"subscrCond":	{
		"nfType":	"PCF",
		"serviceName":	"npcf-am-policy-control"
	},
	"reqNfType":	"AMF",
	"requesterFeatures":	"1"
} (../lib/sbi/client.c:403)
11/20 18:50:16.473: [sbi] DEBUG: [POST] http://[::1]:7777/nnrf-nfm/v1/subscriptions (../lib/sbi/client.c:625)
0000: 00000004 01000000 00                  .........
11/20 18:50:16.473: [sbi] DEBUG: SENDING...[267] (../lib/sbi/client.c:401)
11/20 18:50:16.473: [sbi] DEBUG: {
	"nfStatusNotificationUri":	"http://127.0.0.5:7777/nnrf-nfm/v1/nf-status-notify",
	"reqNfInstanceId":	"394fdae8-6947-41ed-b1de-d514f6e17eae",
	"subscrCond":	{
		"nfType":	"SMF",
		"serviceName":	"nsmf-pdusession"
	},
	"reqNfType":	"AMF",
	"requesterFeatures":	"1"
} (../lib/sbi/client.c:403)
0000: 00002601 05000000 0189768b d5596a6f   ..&.......v..Yjo
0010: 16e53b89 76d76f61 96d07abe 941054d2   ..;.v.oa..z...T.
0020: 7eea0802 128015c6 c1702e29 8b46ff     ~........p.).F.
11/20 18:50:16.473: [sbi] DEBUG: [POST] http://[::1]:7777/nnrf-nfm/v1/subscriptions (../lib/sbi/client.c:625)
11/20 18:50:16.473: [sbi] DEBUG: [204:POST] http://127.0.0.4:7777/nnrf-nfm/v1/nf-status-notify (../lib/sbi/client.c:573)
11/20 18:50:16.473: [sbi] DEBUG: RECEIVED[0] (../lib/sbi/client.c:584)
11/20 18:50:16.473: [sbi] DEBUG: SENDING...[270] (../lib/sbi/client.c:401)
11/20 18:50:16.473: [sbi] DEBUG: {
	"nfStatusNotificationUri":	"http://127.0.0.5:7777/nnrf-nfm/v1/nf-status-notify",
	"reqNfInstanceId":	"394fdae8-6947-41ed-b1de-d514f6e17eae",
	"subscrCond":	{
		"nfType":	"NSSF",
		"serviceName":	"nnssf-nsselection"
	},
	"reqNfType":	"AMF",
	"requesterFeatures":	"1"
} (../lib/sbi/client.c:403)
11/20 18:50:16.474: [sbi] DEBUG: STREAM added [3] (../lib/sbi/nghttp2-server.c:1122)
11/20 18:50:16.474: [sbi] DEBUG: [POST] /nnrf-nfm/v1/subscriptions (../lib/sbi/nghttp2-server.c:801)
11/20 18:50:16.474: [sbi] DEBUG: RECEIVED: 263 (../lib/sbi/nghttp2-server.c:805)
11/20 18:50:16.474: [sbi] DEBUG: {
	"nfStatusNotificationUri":	"http://127.0.0.5:7777/nnrf-nfm/v1/nf-status-notify",
	"reqNfInstanceId":	"394fdae8-6947-41ed-b1de-d514f6e17eae",
	"subscrCond":	{
		"nfType":	"AUSF",
		"serviceName":	"nausf-auth"
	},
	"reqNfType":	"AMF",
	"requesterFeatures":	"1"
} (../lib/sbi/nghttp2-server.c:806)
11/20 18:50:16.474: [nrf] DEBUG: nrf_state_operational(): OGS_EVENT_NAME_SBI_SERVER (../src/nrf/nrf-sm.c:50)
11/20 18:50:16.474: [sock] DEBUG: addr:127.0.0.5, port:7777 (../lib/core/ogs-sockaddr.c:140)
11/20 18:50:16.474: [sbi] DEBUG: ogs_sbi_client_add() (../lib/sbi/client.c:112)
11/20 18:50:16.474: [sbi] DEBUG: [REF] 1 (../lib/sbi/client.c:113)
11/20 18:50:16.474: [nrf] DEBUG: [REF] 2 (../src/nrf/nnrf-handler.c:261)
11/20 18:50:16.474: [sbi] DEBUG: STATUS [201] (../lib/sbi/nghttp2-server.c:357)
11/20 18:50:16.474: [sbi] DEBUG: SENDING...: 378 (../lib/sbi/nghttp2-server.c:365)
11/20 18:50:16.474: [sbi] DEBUG: {
	"nfStatusNotificationUri":	"http://127.0.0.5:7777/nnrf-nfm/v1/nf-status-notify",
	"reqNfInstanceId":	"394fdae8-6947-41ed-b1de-d514f6e17eae",
	"subscrCond":	{
		"nfType":	"AUSF",
		"serviceName":	"nausf-auth"
	},
	"subscriptionId":	"3a943e9e-6947-41ed-91bc-55e0ddbb24e8",
	"validityTime":	"2022-11-21T18:50:16.474244-08:00",
	"reqNfType":	"AMF",
	"nrfSupportedFeatures":	"1"
} (../lib/sbi/nghttp2-server.c:366)
11/20 18:50:16.474: [sbi] DEBUG: STREAM closed [3] (../lib/sbi/nghttp2-server.c:852)
0000: 00002001 04000000 03c1c0bf 0f0d0333   .. ............3
0010: 37380f1f 9362aaac 956aa5a5 8ee16116   78...b...j....a.
0020: c682586a d263d48f be                  ..Xj.c...
0000: 00017a00 01000000 037b0a09 226e6653   ..z......{.."nfS
0010: 74617475 734e6f74 69666963 6174696f   tatusNotificatio
0020: 6e557269 223a0922 68747470 3a2f2f31   nUri":."http://1
0030: 32372e30 2e302e35 3a373737 372f6e6e   27.0.0.5:7777/nn
0040: 72662d6e 666d2f76 312f6e66 2d737461   rf-nfm/v1/nf-sta
0050: 7475732d 6e6f7469 6679222c 0a092272   tus-notify",.."r
0060: 65714e66 496e7374 616e6365 4964223a   eqNfInstanceId":
0070: 09223339 34666461 65382d36 3934372d   ."394fdae8-6947-
0080: 34316564 2d623164 652d6435 31346636   41ed-b1de-d514f6
0090: 65313765 6165222c 0a092273 75627363   e17eae",.."subsc
00a0: 72436f6e 64223a09 7b0a0909 226e6654   rCond":.{..."nfT
00b0: 79706522 3a092241 55534622 2c0a0909   ype":."AUSF",...
00c0: 22736572 76696365 4e616d65 223a0922   "serviceName":."
00d0: 6e617573 662d6175 7468220a 097d2c0a   nausf-auth"..},.
00e0: 09227375 62736372 69707469 6f6e4964   ."subscriptionId
00f0: 223a0922 33613934 33653965 2d363934   ":."3a943e9e-694
0100: 372d3431 65642d39 3162632d 35356530   7-41ed-91bc-55e0
0110: 64646262 32346538 222c0a09 2276616c   ddbb24e8",.."val
0120: 69646974 7954696d 65223a09 22323032   idityTime":."202
0130: 322d3131 2d323154 31383a35 303a3136   2-11-21T18:50:16
0140: 2e343734 3234342d 30383a30 30222c0a   .474244-08:00",.
0150: 09227265 714e6654 79706522 3a092241   ."reqNfType":."A
0160: 4d46222c 0a09226e 72665375 70706f72   MF",.."nrfSuppor
0170: 74656446 65617475 72657322 3a092231   tedFeatures":."1
0180: 220a7d                                ".}
11/20 18:50:16.474: [sbi] DEBUG: MAX_CONCURRENT_STREAMS = 100 (../lib/sbi/nghttp2-server.c:747)
11/20 18:50:16.474: [sbi] DEBUG: ENABLE_PUSH = false (../lib/sbi/nghttp2-server.c:749)
11/20 18:50:16.474: [sbi] DEBUG: STREAM added [1] (../lib/sbi/nghttp2-server.c:1122)
11/20 18:50:16.474: [sbi] DEBUG: [201:POST] http://[::1]:7777/nnrf-nfm/v1/subscriptions (../lib/sbi/client.c:573)
11/20 18:50:16.474: [sbi] DEBUG: RECEIVED[378] (../lib/sbi/client.c:584)
11/20 18:50:16.474: [sbi] DEBUG: {
	"nfStatusNotificationUri":	"http://127.0.0.5:7777/nnrf-nfm/v1/nf-status-notify",
	"reqNfInstanceId":	"394fdae8-6947-41ed-b1de-d514f6e17eae",
	"subscrCond":	{
		"nfType":	"AUSF",
		"serviceName":	"nausf-auth"
	},
	"subscriptionId":	"3a943e9e-6947-41ed-91bc-55e0ddbb24e8",
	"validityTime":	"2022-11-21T18:50:16.474244-08:00",
	"reqNfType":	"AMF",
	"nrfSupportedFeatures":	"1"
} (../lib/sbi/client.c:586)
11/20 18:50:16.474: [amf] DEBUG: amf_state_operational(): OGS_EVENT_NAME_SBI_CLIENT (../src/amf/amf-sm.c:78)
11/20 18:50:16.474: [sbi] DEBUG: [POST] /nnrf-nfm/v1/subscriptions (../lib/sbi/nghttp2-server.c:801)
11/20 18:50:16.474: [sbi] DEBUG: RECEIVED: 261 (../lib/sbi/nghttp2-server.c:805)
11/20 18:50:16.474: [sbi] DEBUG: {
	"nfStatusNotificationUri":	"http://127.0.0.5:7777/nnrf-nfm/v1/nf-status-notify",
	"reqNfInstanceId":	"394fdae8-6947-41ed-b1de-d514f6e17eae",
	"subscrCond":	{
		"nfType":	"UDM",
		"serviceName":	"nudm-uecm"
	},
	"reqNfType":	"AMF",
	"requesterFeatures":	"1"
} (../lib/sbi/nghttp2-server.c:806)
0000: 00000604 00000000 00000300 04e200     ...............
11/20 18:50:16.474: [nrf] DEBUG: nrf_state_operational(): OGS_EVENT_NAME_SBI_SERVER (../src/nrf/nrf-sm.c:50)
11/20 18:50:16.474: [sock] DEBUG: addr:127.0.0.5, port:7777 (../lib/core/ogs-sockaddr.c:140)
11/20 18:50:16.474: [nrf] DEBUG: [REF] 3 (../src/nrf/nnrf-handler.c:261)
11/20 18:50:16.474: [sbi] DEBUG: STATUS [201] (../lib/sbi/nghttp2-server.c:357)
11/20 18:50:16.474: [sbi] DEBUG: SENDING...: 376 (../lib/sbi/nghttp2-server.c:365)
11/20 18:50:16.474: [sbi] DEBUG: {
	"nfStatusNotificationUri":	"http://127.0.0.5:7777/nnrf-nfm/v1/nf-status-notify",
	"reqNfInstanceId":	"394fdae8-6947-41ed-b1de-d514f6e17eae",
	"subscrCond":	{
		"nfType":	"UDM",
		"serviceName":	"nudm-uecm"
	},
	"subscriptionId":	"3a94514a-6947-41ed-91bc-55e0ddbb24e8",
	"validityTime":	"2022-11-21T18:50:16.474680-08:00",
	"reqNfType":	"AMF",
	"nrfSupportedFeatures":	"1"
} (../lib/sbi/nghttp2-server.c:366)
11/20 18:50:16.474: [sbi] DEBUG: STREAM closed [1] (../lib/sbi/nghttp2-server.c:852)
11/20 18:50:16.474: [sbi] DEBUG: MAX_CONCURRENT_STREAMS = 100 (../lib/sbi/nghttp2-server.c:747)
11/20 18:50:16.474: [sbi] DEBUG: ENABLE_PUSH = false (../lib/sbi/nghttp2-server.c:749)
0000: 00000004 01000000 00                  .........
11/20 18:50:16.474: [sbi] DEBUG: MAX_CONCURRENT_STREAMS = 100 (../lib/sbi/nghttp2-server.c:747)
11/20 18:50:16.474: [sbi] DEBUG: ENABLE_PUSH = false (../lib/sbi/nghttp2-server.c:749)
11/20 18:50:16.474: [sbi] DEBUG: STREAM added [1] (../lib/sbi/nghttp2-server.c:1122)
11/20 18:50:16.474: [sbi] DEBUG: [POST] /nnrf-nfm/v1/subscriptions (../lib/sbi/nghttp2-server.c:801)
11/20 18:50:16.474: [sbi] DEBUG: RECEIVED: 260 (../lib/sbi/nghttp2-server.c:805)
11/20 18:50:16.474: [sbi] DEBUG: {
	"nfStatusNotificationUri":	"http://127.0.0.5:7777/nnrf-nfm/v1/nf-status-notify",
	"reqNfInstanceId":	"394fdae8-6947-41ed-b1de-d514f6e17eae",
	"subscrCond":	{
		"nfType":	"UDM",
		"serviceName":	"nudm-sdm"
	},
	"reqNfType":	"AMF",
	"requesterFeatures":	"1"
} (../lib/sbi/nghttp2-server.c:806)
0000: 00000604 00000000 00000300 04e200     ...............
11/20 18:50:16.474: [nrf] DEBUG: nrf_state_operational(): OGS_EVENT_NAME_SBI_SERVER (../src/nrf/nrf-sm.c:50)
11/20 18:50:16.474: [sock] DEBUG: addr:127.0.0.5, port:7777 (../lib/core/ogs-sockaddr.c:140)
11/20 18:50:16.474: [nrf] DEBUG: [REF] 4 (../src/nrf/nnrf-handler.c:261)
11/20 18:50:16.475: [sbi] DEBUG: STATUS [201] (../lib/sbi/nghttp2-server.c:357)
11/20 18:50:16.475: [sbi] DEBUG: SENDING...: 375 (../lib/sbi/nghttp2-server.c:365)
11/20 18:50:16.475: [sbi] DEBUG: {
	"nfStatusNotificationUri":	"http://127.0.0.5:7777/nnrf-nfm/v1/nf-status-notify",
	"reqNfInstanceId":	"394fdae8-6947-41ed-b1de-d514f6e17eae",
	"subscrCond":	{
		"nfType":	"UDM",
		"serviceName":	"nudm-sdm"
	},
	"subscriptionId":	"3a945d8e-6947-41ed-91bc-55e0ddbb24e8",
	"validityTime":	"2022-11-21T18:50:16.474993-08:00",
	"reqNfType":	"AMF",
	"nrfSupportedFeatures":	"1"
} (../lib/sbi/nghttp2-server.c:366)
11/20 18:50:16.475: [sbi] DEBUG: STREAM closed [1] (../lib/sbi/nghttp2-server.c:852)
0000: 00005201 04000000 01488210 03768bd5   ..R......H...v..
0010: 596a6f16 e53b8976 d76f6196 d07abe94   Yjo..;.v.oa..z..
0020: 1054d27e ea080212 8015c6c1 702e298b   .T.~........p.).
0030: 46ff0f0d 03333736 0f1f9362 aaac956a   F....376...b...j
0040: a5a58ee1 6116c682 586ad263 d48f5f8b   ....a...Xj.c.._.
0050: 1d75d062 0d263d4c 7441ea              .u.b.&=LtA.
11/20 18:50:16.475: [sbi] DEBUG: MAX_CONCURRENT_STREAMS = 100 (../lib/sbi/nghttp2-server.c:747)
11/20 18:50:16.475: [sbi] DEBUG: ENABLE_PUSH = false (../lib/sbi/nghttp2-server.c:749)
0000: 00000004 01000000 00                  .........
11/20 18:50:16.475: [sbi] DEBUG: MAX_CONCURRENT_STREAMS = 100 (../lib/sbi/nghttp2-server.c:747)
11/20 18:50:16.475: [sbi] DEBUG: ENABLE_PUSH = false (../lib/sbi/nghttp2-server.c:749)
11/20 18:50:16.475: [sbi] DEBUG: STREAM added [1] (../lib/sbi/nghttp2-server.c:1122)
11/20 18:50:16.475: [sbi] DEBUG: [POST] /nnrf-nfm/v1/subscriptions (../lib/sbi/nghttp2-server.c:801)
11/20 18:50:16.475: [sbi] DEBUG: RECEIVED: 274 (../lib/sbi/nghttp2-server.c:805)
11/20 18:50:16.475: [sbi] DEBUG: {
	"nfStatusNotificationUri":	"http://127.0.0.5:7777/nnrf-nfm/v1/nf-status-notify",
	"reqNfInstanceId":	"394fdae8-6947-41ed-b1de-d514f6e17eae",
	"subscrCond":	{
		"nfType":	"PCF",
		"serviceName":	"npcf-am-policy-control"
	},
	"reqNfType":	"AMF",
	"requesterFeatures":	"1"
} (../lib/sbi/nghttp2-server.c:806)
0000: 00000604 00000000 00000300 04e200     ...............
11/20 18:50:16.475: [nrf] DEBUG: nrf_state_operational(): OGS_EVENT_NAME_SBI_SERVER (../src/nrf/nrf-sm.c:50)
11/20 18:50:16.475: [sock] DEBUG: addr:127.0.0.5, port:7777 (../lib/core/ogs-sockaddr.c:140)
11/20 18:50:16.475: [nrf] DEBUG: [REF] 5 (../src/nrf/nnrf-handler.c:261)
11/20 18:50:16.475: [sbi] DEBUG: STATUS [201] (../lib/sbi/nghttp2-server.c:357)
11/20 18:50:16.475: [sbi] DEBUG: SENDING...: 389 (../lib/sbi/nghttp2-server.c:365)
11/20 18:50:16.475: [sbi] DEBUG: {
	"nfStatusNotificationUri":	"http://127.0.0.5:7777/nnrf-nfm/v1/nf-status-notify",
	"reqNfInstanceId":	"394fdae8-6947-41ed-b1de-d514f6e17eae",
	"subscrCond":	{
		"nfType":	"PCF",
		"serviceName":	"npcf-am-policy-control"
	},
	"subscriptionId":	"3a946c2a-6947-41ed-91bc-55e0ddbb24e8",
	"validityTime":	"2022-11-21T18:50:16.475368-08:00",
	"reqNfType":	"AMF",
	"nrfSupportedFeatures":	"1"
} (../lib/sbi/nghttp2-server.c:366)
11/20 18:50:16.475: [sbi] DEBUG: STREAM closed [1] (../lib/sbi/nghttp2-server.c:852)
11/20 18:50:16.475: [sbi] DEBUG: [201:POST] http://[::1]:7777/nnrf-nfm/v1/subscriptions (../lib/sbi/client.c:573)
11/20 18:50:16.475: [sbi] DEBUG: RECEIVED[376] (../lib/sbi/client.c:584)
11/20 18:50:16.475: [sbi] DEBUG: {
	"nfStatusNotificationUri":	"http://127.0.0.5:7777/nnrf-nfm/v1/nf-status-notify",
	"reqNfInstanceId":	"394fdae8-6947-41ed-b1de-d514f6e17eae",
	"subscrCond":	{
		"nfType":	"UDM",
		"serviceName":	"nudm-uecm"
	},
	"subscriptionId":	"3a94514a-6947-41ed-91bc-55e0ddbb24e8",
	"validityTime":	"2022-11-21T18:50:16.474680-08:00",
	"reqNfType":	"AMF",
	"nrfSupportedFeatures":	"1"
} (../lib/sbi/client.c:586)
11/20 18:50:16.475: [amf] DEBUG: amf_state_operational(): OGS_EVENT_NAME_SBI_CLIENT (../src/amf/amf-sm.c:78)
0000: 00017800 01000000 017b0a09 226e6653   ..x......{.."nfS
0010: 74617475 734e6f74 69666963 6174696f   tatusNotificatio
0020: 6e557269 223a0922 68747470 3a2f2f31   nUri":."http://1
0030: 32372e30 2e302e35 3a373737 372f6e6e   27.0.0.5:7777/nn
0040: 72662d6e 666d2f76 312f6e66 2d737461   rf-nfm/v1/nf-sta
0050: 7475732d 6e6f7469 6679222c 0a092272   tus-notify",.."r
0060: 65714e66 496e7374 616e6365 4964223a   eqNfInstanceId":
0070: 09223339 34666461 65382d36 3934372d   ."394fdae8-6947-
0080: 34316564 2d623164 652d6435 31346636   41ed-b1de-d514f6
0090: 65313765 6165222c 0a092273 75627363   e17eae",.."subsc
00a0: 72436f6e 64223a09 7b0a0909 226e6654   rCond":.{..."nfT
00b0: 79706522 3a092255 444d222c 0a090922   ype":."UDM",..."
00c0: 73657276 6963654e 616d6522 3a09226e   serviceName":."n
00d0: 75646d2d 7565636d 220a097d 2c0a0922   udm-uecm"..},.."
00e0: 73756273 63726970 74696f6e 4964223a   subscriptionId":
00f0: 09223361 39343531 34612d36 3934372d   ."3a94514a-6947-
0100: 34316564 2d393162 632d3535 65306464   41ed-91bc-55e0dd
0110: 62623234 6538222c 0a092276 616c6964   bb24e8",.."valid
0120: 69747954 696d6522 3a092232 3032322d   ityTime":."2022-
0130: 31312d32 31543138 3a35303a 31362e34   11-21T18:50:16.4
0140: 37343638 302d3038 3a303022 2c0a0922   74680-08:00",.."
0150: 7265714e 66547970 65223a09 22414d46   reqNfType":."AMF
0160: 222c0a09 226e7266 53757070 6f727465   ",.."nrfSupporte
0170: 64466561 74757265 73223a09 2231220a   dFeatures":."1".
0180: 7d                                    }
0000: 00005201 04000000 01488210 03768bd5   ..R......H...v..
0010: 596a6f16 e53b8976 d76f6196 d07abe94   Yjo..;.v.oa..z..
0020: 1054d27e ea080212 8015c6c1 702e298b   .T.~........p.).
0030: 46ff0f0d 03333735 5f8b1d75 d0620d26   F....375_..u.b.&
0040: 3d4c7441 ea0f1f93 62aaac95 6aa5a58e   =LtA....b...j...
0050: e16116c6 82586ad2 63d48f              .a...Xj.c..
11/20 18:50:16.475: [sbi] DEBUG: MAX_CONCURRENT_STREAMS = 100 (../lib/sbi/nghttp2-server.c:747)
11/20 18:50:16.475: [sbi] DEBUG: ENABLE_PUSH = false (../lib/sbi/nghttp2-server.c:749)
0000: 00000004 01000000 00                  .........
11/20 18:50:16.475: [sbi] DEBUG: MAX_CONCURRENT_STREAMS = 100 (../lib/sbi/nghttp2-server.c:747)
11/20 18:50:16.475: [sbi] DEBUG: ENABLE_PUSH = false (../lib/sbi/nghttp2-server.c:749)
11/20 18:50:16.475: [sbi] DEBUG: STREAM added [1] (../lib/sbi/nghttp2-server.c:1122)
11/20 18:50:16.475: [sbi] DEBUG: [POST] /nnrf-nfm/v1/subscriptions (../lib/sbi/nghttp2-server.c:801)
11/20 18:50:16.475: [sbi] DEBUG: RECEIVED: 267 (../lib/sbi/nghttp2-server.c:805)
11/20 18:50:16.475: [sbi] DEBUG: {
	"nfStatusNotificationUri":	"http://127.0.0.5:7777/nnrf-nfm/v1/nf-status-notify",
	"reqNfInstanceId":	"394fdae8-6947-41ed-b1de-d514f6e17eae",
	"subscrCond":	{
		"nfType":	"SMF",
		"serviceName":	"nsmf-pdusession"
	},
	"reqNfType":	"AMF",
	"requesterFeatures":	"1"
} (../lib/sbi/nghttp2-server.c:806)
0000: 00000604 00000000 00000300 04e200     ...............
11/20 18:50:16.475: [nrf] DEBUG: nrf_state_operational(): OGS_EVENT_NAME_SBI_SERVER (../src/nrf/nrf-sm.c:50)
11/20 18:50:16.475: [sock] DEBUG: addr:127.0.0.5, port:7777 (../lib/core/ogs-sockaddr.c:140)
11/20 18:50:16.475: [nrf] DEBUG: [REF] 6 (../src/nrf/nnrf-handler.c:261)
11/20 18:50:16.475: [sbi] DEBUG: STATUS [201] (../lib/sbi/nghttp2-server.c:357)
11/20 18:50:16.475: [sbi] DEBUG: SENDING...: 382 (../lib/sbi/nghttp2-server.c:365)
11/20 18:50:16.475: [sbi] DEBUG: {
	"nfStatusNotificationUri":	"http://127.0.0.5:7777/nnrf-nfm/v1/nf-status-notify",
	"reqNfInstanceId":	"394fdae8-6947-41ed-b1de-d514f6e17eae",
	"subscrCond":	{
		"nfType":	"SMF",
		"serviceName":	"nsmf-pdusession"
	},
	"subscriptionId":	"3a947f9e-6947-41ed-91bc-55e0ddbb24e8",
	"validityTime":	"2022-11-21T18:50:16.475872-08:00",
	"reqNfType":	"AMF",
	"nrfSupportedFeatures":	"1"
} (../lib/sbi/nghttp2-server.c:366)
11/20 18:50:16.475: [sbi] DEBUG: STREAM closed [1] (../lib/sbi/nghttp2-server.c:852)
11/20 18:50:16.475: [sbi] DEBUG: [201:POST] http://[::1]:7777/nnrf-nfm/v1/subscriptions (../lib/sbi/client.c:573)
11/20 18:50:16.475: [sbi] DEBUG: RECEIVED[375] (../lib/sbi/client.c:584)
11/20 18:50:16.476: [sbi] DEBUG: {
	"nfStatusNotificationUri":	"http://127.0.0.5:7777/nnrf-nfm/v1/nf-status-notify",
	"reqNfInstanceId":	"394fdae8-6947-41ed-b1de-d514f6e17eae",
	"subscrCond":	{
		"nfType":	"UDM",
		"serviceName":	"nudm-sdm"
	},
	"subscriptionId":	"3a945d8e-6947-41ed-91bc-55e0ddbb24e8",
	"validityTime":	"2022-11-21T18:50:16.474993-08:00",
	"reqNfType":	"AMF",
	"nrfSupportedFeatures":	"1"
} (../lib/sbi/client.c:586)
11/20 18:50:16.476: [amf] DEBUG: amf_state_operational(): OGS_EVENT_NAME_SBI_CLIENT (../src/amf/amf-sm.c:78)
0000: 00017700 01000000 017b0a09 226e6653   ..w......{.."nfS
0010: 74617475 734e6f74 69666963 6174696f   tatusNotificatio
0020: 6e557269 223a0922 68747470 3a2f2f31   nUri":."http://1
0030: 32372e30 2e302e35 3a373737 372f6e6e   27.0.0.5:7777/nn
0040: 72662d6e 666d2f76 312f6e66 2d737461   rf-nfm/v1/nf-sta
0050: 7475732d 6e6f7469 6679222c 0a092272   tus-notify",.."r
0060: 65714e66 496e7374 616e6365 4964223a   eqNfInstanceId":
0070: 09223339 34666461 65382d36 3934372d   ."394fdae8-6947-
0080: 34316564 2d623164 652d6435 31346636   41ed-b1de-d514f6
0090: 65313765 6165222c 0a092273 75627363   e17eae",.."subsc
00a0: 72436f6e 64223a09 7b0a0909 226e6654   rCond":.{..."nfT
00b0: 79706522 3a092255 444d222c 0a090922   ype":."UDM",..."
00c0: 73657276 6963654e 616d6522 3a09226e   serviceName":."n
00d0: 75646d2d 73646d22 0a097d2c 0a092273   udm-sdm"..},.."s
00e0: 75627363 72697074 696f6e49 64223a09   ubscriptionId":.
00f0: 22336139 34356438 652d3639 34372d34   "3a945d8e-6947-4
0100: 3165642d 39316263 2d353565 30646462   1ed-91bc-55e0ddb
0110: 62323465 38222c0a 09227661 6c696469   b24e8",.."validi
0120: 74795469 6d65223a 09223230 32322d31   tyTime":."2022-1
0130: 312d3231 5431383a 35303a31 362e3437   1-21T18:50:16.47
0140: 34393933 2d30383a 3030222c 0a092272   4993-08:00",.."r
0150: 65714e66 54797065 223a0922 414d4622   eqNfType":."AMF"
0160: 2c0a0922 6e726653 7570706f 72746564   ,.."nrfSupported
0170: 46656174 75726573 223a0922 31220a7d   Features":."1".}
0000: 00005201 04000000 01488210 03768bd5   ..R......H...v..
0010: 596a6f16 e53b8976 d76f6196 d07abe94   Yjo..;.v.oa..z..
0020: 1054d27e ea080212 8015c6c1 702e298b   .T.~........p.).
0030: 46ff0f0d 03333839 0f1f9362 aaac956a   F....389...b...j
0040: a5a58ee1 6116c682 586ad263 d48f5f8b   ....a...Xj.c.._.
0050: 1d75d062 0d263d4c 7441ea              .u.b.&=LtA.
11/20 18:50:16.476: [sbi] DEBUG: MAX_CONCURRENT_STREAMS = 100 (../lib/sbi/nghttp2-server.c:747)
11/20 18:50:16.476: [sbi] DEBUG: ENABLE_PUSH = false (../lib/sbi/nghttp2-server.c:749)
0000: 00000004 01000000 00                  .........
11/20 18:50:16.476: [sbi] DEBUG: MAX_CONCURRENT_STREAMS = 100 (../lib/sbi/nghttp2-server.c:747)
11/20 18:50:16.476: [sbi] DEBUG: ENABLE_PUSH = false (../lib/sbi/nghttp2-server.c:749)
11/20 18:50:16.476: [sbi] DEBUG: STREAM added [1] (../lib/sbi/nghttp2-server.c:1122)
11/20 18:50:16.476: [sbi] DEBUG: [POST] /nnrf-nfm/v1/subscriptions (../lib/sbi/nghttp2-server.c:801)
11/20 18:50:16.476: [sbi] DEBUG: RECEIVED: 270 (../lib/sbi/nghttp2-server.c:805)
11/20 18:50:16.476: [sbi] DEBUG: {
	"nfStatusNotificationUri":	"http://127.0.0.5:7777/nnrf-nfm/v1/nf-status-notify",
	"reqNfInstanceId":	"394fdae8-6947-41ed-b1de-d514f6e17eae",
	"subscrCond":	{
		"nfType":	"NSSF",
		"serviceName":	"nnssf-nsselection"
	},
	"reqNfType":	"AMF",
	"requesterFeatures":	"1"
} (../lib/sbi/nghttp2-server.c:806)
0000: 00000604 00000000 00000300 04e200     ...............
11/20 18:50:16.476: [nrf] DEBUG: nrf_state_operational(): OGS_EVENT_NAME_SBI_SERVER (../src/nrf/nrf-sm.c:50)
11/20 18:50:16.476: [sock] DEBUG: addr:127.0.0.5, port:7777 (../lib/core/ogs-sockaddr.c:140)
11/20 18:50:16.476: [nrf] DEBUG: [REF] 7 (../src/nrf/nnrf-handler.c:261)
11/20 18:50:16.476: [sbi] DEBUG: STATUS [201] (../lib/sbi/nghttp2-server.c:357)
11/20 18:50:16.476: [sbi] DEBUG: SENDING...: 385 (../lib/sbi/nghttp2-server.c:365)
11/20 18:50:16.476: [sbi] DEBUG: {
	"nfStatusNotificationUri":	"http://127.0.0.5:7777/nnrf-nfm/v1/nf-status-notify",
	"reqNfInstanceId":	"394fdae8-6947-41ed-b1de-d514f6e17eae",
	"subscrCond":	{
		"nfType":	"NSSF",
		"serviceName":	"nnssf-nsselection"
	},
	"subscriptionId":	"3a9492d6-6947-41ed-91bc-55e0ddbb24e8",
	"validityTime":	"2022-11-21T18:50:16.476366-08:00",
	"reqNfType":	"AMF",
	"nrfSupportedFeatures":	"1"
} (../lib/sbi/nghttp2-server.c:366)
11/20 18:50:16.476: [sbi] DEBUG: STREAM closed [1] (../lib/sbi/nghttp2-server.c:852)
11/20 18:50:16.476: [sbi] DEBUG: [201:POST] http://[::1]:7777/nnrf-nfm/v1/subscriptions (../lib/sbi/client.c:573)
11/20 18:50:16.476: [sbi] DEBUG: RECEIVED[389] (../lib/sbi/client.c:584)
11/20 18:50:16.476: [sbi] DEBUG: {
	"nfStatusNotificationUri":	"http://127.0.0.5:7777/nnrf-nfm/v1/nf-status-notify",
	"reqNfInstanceId":	"394fdae8-6947-41ed-b1de-d514f6e17eae",
	"subscrCond":	{
		"nfType":	"PCF",
		"serviceName":	"npcf-am-policy-control"
	},
	"subscriptionId":	"3a946c2a-6947-41ed-91bc-55e0ddbb24e8",
	"validityTime":	"2022-11-21T18:50:16.475368-08:00",
	"reqNfType":	"AMF",
	"nrfSupportedFeatures":	"1"
} (../lib/sbi/client.c:586)
11/20 18:50:16.476: [amf] DEBUG: amf_state_operational(): OGS_EVENT_NAME_SBI_CLIENT (../src/amf/amf-sm.c:78)
0000: 00018500 01000000 017b0a09 226e6653   .........{.."nfS
0010: 74617475 734e6f74 69666963 6174696f   tatusNotificatio
0020: 6e557269 223a0922 68747470 3a2f2f31   nUri":."http://1
0030: 32372e30 2e302e35 3a373737 372f6e6e   27.0.0.5:7777/nn
0040: 72662d6e 666d2f76 312f6e66 2d737461   rf-nfm/v1/nf-sta
0050: 7475732d 6e6f7469 6679222c 0a092272   tus-notify",.."r
0060: 65714e66 496e7374 616e6365 4964223a   eqNfInstanceId":
0070: 09223339 34666461 65382d36 3934372d   ."394fdae8-6947-
0080: 34316564 2d623164 652d6435 31346636   41ed-b1de-d514f6
0090: 65313765 6165222c 0a092273 75627363   e17eae",.."subsc
00a0: 72436f6e 64223a09 7b0a0909 226e6654   rCond":.{..."nfT
00b0: 79706522 3a092250 4346222c 0a090922   ype":."PCF",..."
00c0: 73657276 6963654e 616d6522 3a09226e   serviceName":."n
00d0: 7063662d 616d2d70 6f6c6963 792d636f   pcf-am-policy-co
00e0: 6e74726f 6c220a09 7d2c0a09 22737562   ntrol"..},.."sub
00f0: 73637269 7074696f 6e496422 3a092233   scriptionId":."3
0100: 61393436 6332612d 36393437 2d343165   a946c2a-6947-41e
0110: 642d3931 62632d35 35653064 64626232   d-91bc-55e0ddbb2
0120: 34653822 2c0a0922 76616c69 64697479   4e8",.."validity
0130: 54696d65 223a0922 32303232 2d31312d   Time":."2022-11-
0140: 32315431 383a3530 3a31362e 34373533   21T18:50:16.4753
0150: 36382d30 383a3030 222c0a09 22726571   68-08:00",.."req
0160: 4e665479 7065223a 0922414d 46222c0a   NfType":."AMF",.
0170: 09226e72 66537570 706f7274 65644665   ."nrfSupportedFe
0180: 61747572 6573223a 09223122 0a7d       atures":."1".}
0000: 00005201 04000000 01488210 03768bd5   ..R......H...v..
0010: 596a6f16 e53b8976 d76f6196 d07abe94   Yjo..;.v.oa..z..
0020: 1054d27e ea080212 8015c6c1 702e298b   .T.~........p.).
0030: 46ff0f0d 03333832 0f1f9362 aaac956a   F....382...b...j
0040: a5a58ee1 6116c682 586ad263 d48f5f8b   ....a...Xj.c.._.
0050: 1d75d062 0d263d4c 7441ea              .u.b.&=LtA.
11/20 18:50:16.476: [sbi] DEBUG: MAX_CONCURRENT_STREAMS = 100 (../lib/sbi/nghttp2-server.c:747)
11/20 18:50:16.476: [sbi] DEBUG: ENABLE_PUSH = false (../lib/sbi/nghttp2-server.c:749)
0000: 00000004 01000000 00                  .........
11/20 18:50:16.476: [sbi] DEBUG: [201:POST] http://[::1]:7777/nnrf-nfm/v1/subscriptions (../lib/sbi/client.c:573)
11/20 18:50:16.476: [sbi] DEBUG: RECEIVED[382] (../lib/sbi/client.c:584)
11/20 18:50:16.476: [sbi] DEBUG: {
	"nfStatusNotificationUri":	"http://127.0.0.5:7777/nnrf-nfm/v1/nf-status-notify",
	"reqNfInstanceId":	"394fdae8-6947-41ed-b1de-d514f6e17eae",
	"subscrCond":	{
		"nfType":	"SMF",
		"serviceName":	"nsmf-pdusession"
	},
	"subscriptionId":	"3a947f9e-6947-41ed-91bc-55e0ddbb24e8",
	"validityTime":	"2022-11-21T18:50:16.475872-08:00",
	"reqNfType":	"AMF",
	"nrfSupportedFeatures":	"1"
} (../lib/sbi/client.c:586)
11/20 18:50:16.476: [amf] DEBUG: amf_state_operational(): OGS_EVENT_NAME_SBI_CLIENT (../src/amf/amf-sm.c:78)
0000: 00017e00 01000000 017b0a09 226e6653   ..~......{.."nfS
0010: 74617475 734e6f74 69666963 6174696f   tatusNotificatio
0020: 6e557269 223a0922 68747470 3a2f2f31   nUri":."http://1
0030: 32372e30 2e302e35 3a373737 372f6e6e   27.0.0.5:7777/nn
0040: 72662d6e 666d2f76 312f6e66 2d737461   rf-nfm/v1/nf-sta
0050: 7475732d 6e6f7469 6679222c 0a092272   tus-notify",.."r
0060: 65714e66 496e7374 616e6365 4964223a   eqNfInstanceId":
0070: 09223339 34666461 65382d36 3934372d   ."394fdae8-6947-
0080: 34316564 2d623164 652d6435 31346636   41ed-b1de-d514f6
0090: 65313765 6165222c 0a092273 75627363   e17eae",.."subsc
00a0: 72436f6e 64223a09 7b0a0909 226e6654   rCond":.{..."nfT
00b0: 79706522 3a092253 4d46222c 0a090922   ype":."SMF",..."
00c0: 73657276 6963654e 616d6522 3a09226e   serviceName":."n
00d0: 736d662d 70647573 65737369 6f6e220a   smf-pdusession".
00e0: 097d2c0a 09227375 62736372 69707469   .},.."subscripti
00f0: 6f6e4964 223a0922 33613934 37663965   onId":."3a947f9e
0100: 2d363934 372d3431 65642d39 3162632d   -6947-41ed-91bc-
0110: 35356530 64646262 32346538 222c0a09   55e0ddbb24e8",..
0120: 2276616c 69646974 7954696d 65223a09   "validityTime":.
0130: 22323032 322d3131 2d323154 31383a35   "2022-11-21T18:5
0140: 303a3136 2e343735 3837322d 30383a30   0:16.475872-08:0
0150: 30222c0a 09227265 714e6654 79706522   0",.."reqNfType"
0160: 3a092241 4d46222c 0a09226e 72665375   :."AMF",.."nrfSu
0170: 70706f72 74656446 65617475 72657322   pportedFeatures"
0180: 3a092231 220a7d                       :."1".}
0000: 00005201 04000000 01488210 03768bd5   ..R......H...v..
0010: 596a6f16 e53b8976 d76f6196 d07abe94   Yjo..;.v.oa..z..
0020: 1054d27e ea080212 8015c6c1 702e298b   .T.~........p.).
0030: 46ff0f0d 03333835 0f1f9362 aaac956a   F....385...b...j
0040: a5a58ee1 6116c682 586ad263 d48f5f8b   ....a...Xj.c.._.
0050: 1d75d062 0d263d4c 7441ea              .u.b.&=LtA.
11/20 18:50:16.476: [sbi] DEBUG: [201:POST] http://[::1]:7777/nnrf-nfm/v1/subscriptions (../lib/sbi/client.c:573)
11/20 18:50:16.476: [sbi] DEBUG: RECEIVED[385] (../lib/sbi/client.c:584)
11/20 18:50:16.476: [sbi] DEBUG: {
	"nfStatusNotificationUri":	"http://127.0.0.5:7777/nnrf-nfm/v1/nf-status-notify",
	"reqNfInstanceId":	"394fdae8-6947-41ed-b1de-d514f6e17eae",
	"subscrCond":	{
		"nfType":	"NSSF",
		"serviceName":	"nnssf-nsselection"
	},
	"subscriptionId":	"3a9492d6-6947-41ed-91bc-55e0ddbb24e8",
	"validityTime":	"2022-11-21T18:50:16.476366-08:00",
	"reqNfType":	"AMF",
	"nrfSupportedFeatures":	"1"
} (../lib/sbi/client.c:586)
11/20 18:50:16.476: [amf] DEBUG: amf_state_operational(): OGS_EVENT_NAME_SBI_CLIENT (../src/amf/amf-sm.c:78)
0000: 00018100 01000000 017b0a09 226e6653   .........{.."nfS
0010: 74617475 734e6f74 69666963 6174696f   tatusNotificatio
0020: 6e557269 223a0922 68747470 3a2f2f31   nUri":."http://1
0030: 32372e30 2e302e35 3a373737 372f6e6e   27.0.0.5:7777/nn
0040: 72662d6e 666d2f76 312f6e66 2d737461   rf-nfm/v1/nf-sta
0050: 7475732d 6e6f7469 6679222c 0a092272   tus-notify",.."r
0060: 65714e66 496e7374 616e6365 4964223a   eqNfInstanceId":
0070: 09223339 34666461 65382d36 3934372d   ."394fdae8-6947-
0080: 34316564 2d623164 652d6435 31346636   41ed-b1de-d514f6
0090: 65313765 6165222c 0a092273 75627363   e17eae",.."subsc
00a0: 72436f6e 64223a09 7b0a0909 226e6654   rCond":.{..."nfT
00b0: 79706522 3a09224e 53534622 2c0a0909   ype":."NSSF",...
00c0: 22736572 76696365 4e616d65 223a0922   "serviceName":."
00d0: 6e6e7373 662d6e73 73656c65 6374696f   nnssf-nsselectio
00e0: 6e220a09 7d2c0a09 22737562 73637269   n"..},.."subscri
00f0: 7074696f 6e496422 3a092233 61393439   ptionId":."3a949
0100: 3264362d 36393437 2d343165 642d3931   2d6-6947-41ed-91
0110: 62632d35 35653064 64626232 34653822   bc-55e0ddbb24e8"
0120: 2c0a0922 76616c69 64697479 54696d65   ,.."validityTime
0130: 223a0922 32303232 2d31312d 32315431   ":."2022-11-21T1
0140: 383a3530 3a31362e 34373633 36362d30   8:50:16.476366-0
0150: 383a3030 222c0a09 22726571 4e665479   8:00",.."reqNfTy
0160: 7065223a 0922414d 46222c0a 09226e72   pe":."AMF",.."nr
0170: 66537570 706f7274 65644665 61747572   fSupportedFeatur
0180: 6573223a 09223122 0a7d                es":."1".}
11/20 18:50:16.477: [sbi] DEBUG: connection closed [::1]:47678 (../lib/sbi/nghttp2-server.c:618)
11/20 18:50:16.883: [pfcp] DEBUG: [1] LOCAL  Response Timeout for step 1 type 5 peer [127.0.0.4]:8805 (../lib/pfcp/xact.c:596)
11/20 18:50:16.883: [smf] DEBUG: smf_state_operational(): SMF_EVT_N4_MESSAGE (../src/smf/smf-sm.c:83)
11/20 18:50:16.884: [pfcp] DEBUG: [1] Cannot find xact type 5 from PFCP peer [127.0.0.7]:8805 (../lib/pfcp/xact.c:797)
11/20 18:50:16.884: [pfcp] DEBUG: [1] REMOTE Create  peer [127.0.0.7]:8805 (../lib/pfcp/xact.c:159)
11/20 18:50:16.884: [pfcp] DEBUG: [1] REMOTE Receive peer [127.0.0.7]:8805 (../lib/pfcp/xact.c:704)
11/20 18:50:16.884: [pfcp] DEBUG: [1] REMOTE UPD RX-5  peer [127.0.0.7]:8805 (../lib/pfcp/xact.c:298)
11/20 18:50:16.884: [smf] DEBUG: smf_pfcp_state_associated(): SMF_EVT_N4_MESSAGE (../src/smf/pfcp-sm.c:165)
11/20 18:50:16.884: [smf] WARNING: PFCP[REQ] has already been associated [127.0.0.7]:8805 (../src/smf/pfcp-sm.c:219)
11/20 18:50:16.884: [pfcp] DEBUG: Association Setup Response (../lib/pfcp/build.c:97)
11/20 18:50:16.884: [pfcp] DEBUG: [1] REMOTE UPD TX-6  peer [127.0.0.7]:8805 (../lib/pfcp/xact.c:197)
11/20 18:50:16.884: [pfcp] DEBUG: [1] REMOTE Commit  peer [127.0.0.7]:8805 (../lib/pfcp/xact.c:475)
11/20 18:50:16.884: [upf] DEBUG: upf_state_operational(): UPF_EVT_N4_MESSAGE (../src/upf/upf-sm.c:51)
11/20 18:50:16.884: [pfcp] DEBUG: [1] LOCAL  Find    peer [127.0.0.4]:8805 (../lib/pfcp/xact.c:790)
11/20 18:50:16.884: [pfcp] DEBUG: [1] LOCAL  Receive peer [127.0.0.4]:8805 (../lib/pfcp/xact.c:704)
11/20 18:50:16.884: [pfcp] DEBUG: [1] LOCAL  UPD RX-6  peer [127.0.0.4]:8805 (../lib/pfcp/xact.c:298)
11/20 18:50:16.884: [upf] DEBUG: upf_pfcp_state_associated(): UPF_EVT_N4_MESSAGE (../src/upf/pfcp-sm.c:164)
11/20 18:50:16.884: [upf] WARNING: PFCP[RSP] has already been associated [127.0.0.4]:8805 (../src/upf/pfcp-sm.c:215)
11/20 18:50:16.884: [pfcp] DEBUG: [1] LOCAL  Commit  peer [127.0.0.4]:8805 (../lib/pfcp/xact.c:475)
11/20 18:50:16.884: [pfcp] DEBUG: [1] LOCAL  Delete  peer [127.0.0.4]:8805 (../lib/pfcp/xact.c:813)
11/20 18:50:19.156: [sock] DEBUG: socket create(2:1:132) (../lib/core/ogs-socket.c:92)
11/20 18:50:19.156: [sock] DEBUG: sizes of 'struct sctp_event_subscribe': compile-time 10, kernel: 13 (../lib/sctp/ogs-lksctp.c:320)
11/20 18:50:19.156: [sock] DEBUG: socket create(2:1:132) (../lib/core/ogs-socket.c:92)
11/20 18:50:19.157: [sock] DEBUG: OLD spp_flags = 0x29 hbinter = 30000 pathmax = 5, sackdelay = 200 (../lib/sctp/ogs-lksctp.c:517)
11/20 18:50:19.157: [sock] DEBUG: OLD spp_flags = 0x29 hbinter = 30000 pathmax = 5, sackdelay = 200 (../lib/sctp/ogs-lksctp.c:517)
11/20 18:50:19.157: [sock] DEBUG: sizes of 'struct sctp_paddrparams': compile-time 152, kernel: 156 (../lib/sctp/ogs-lksctp.c:447)
11/20 18:50:19.157: [sock] DEBUG: NEW spp_flags = 0x29 hbinter = 5000 pathmax = 5, sackdelay = 200 (../lib/sctp/ogs-lksctp.c:549)
11/20 18:50:19.157: [sock] DEBUG: NEW spp_flags = 0x29 hbinter = 5000 pathmax = 5, sackdelay = 200 (../lib/sctp/ogs-lksctp.c:549)
11/20 18:50:19.157: [sock] DEBUG: OLD RTO (initial:3000 max:60000 min:1000) (../lib/sctp/ogs-lksctp.c:580)
11/20 18:50:19.157: [sock] DEBUG: OLD RTO (initial:3000 max:60000 min:1000) (../lib/sctp/ogs-lksctp.c:580)
11/20 18:50:19.157: [sock] DEBUG: New RTO (initial:3000 max:5000 min:1000) (../lib/sctp/ogs-lksctp.c:596)
11/20 18:50:19.157: [sock] DEBUG: New RTO (initial:3000 max:5000 min:1000) (../lib/sctp/ogs-lksctp.c:596)
11/20 18:50:19.157: [sock] DEBUG: Old INITMSG (numout:10 maxin:65535 maxattempt:8 maxinit_to:60000) (../lib/sctp/ogs-lksctp.c:623)
11/20 18:50:19.157: [sock] DEBUG: Old INITMSG (numout:10 maxin:65535 maxattempt:8 maxinit_to:60000) (../lib/sctp/ogs-lksctp.c:623)
11/20 18:50:19.157: [sock] DEBUG: New INITMSG (numout:30 maxin:65535 maxattempt:4 maxinit_to:8000) (../lib/sctp/ogs-lksctp.c:641)
11/20 18:50:19.157: [sock] DEBUG: Turn on SCTP_NODELAY (../lib/sctp/ogs-lksctp.c:650)
11/20 18:50:19.157: [sock] DEBUG: New INITMSG (numout:30 maxin:65535 maxattempt:4 maxinit_to:8000) (../lib/sctp/ogs-lksctp.c:641)
11/20 18:50:19.157: [sock] DEBUG: Turn on SCTP_NODELAY (../lib/sctp/ogs-lksctp.c:650)
11/20 18:50:19.158: [sock] DEBUG: socket connect 127.0.0.5:38412
 (../lib/core/ogs-socket.c:142)
11/20 18:50:19.158: [sock] DEBUG: socket connect 127.0.0.5:38412
 (../lib/core/ogs-socket.c:142)
11/20 18:50:19.158: [amf] INFO: gNB-N2 accepted[127.0.0.1]:40817 in ng-path module (../src/amf/ngap-sctp.c:114)
11/20 18:50:19.158: [sock] DEBUG: sctp_client() [127.0.0.5]:38412 (../lib/sctp/ogs-lksctp.c:168)
11/20 18:50:19.158: [amf] DEBUG: amf_state_operational(): AMF_EVENT_NGAP_LO_ACCEPT (../src/amf/amf-sm.c:78)
11/20 18:50:19.158: [amf] INFO: gNB-N2 accepted[127.0.0.1] in master_sm module (../src/amf/amf-sm.c:665)
11/20 18:50:19.158: [amf] DEBUG: ngap_state_initial(): ENTRY (../src/amf/ngap-sm.c:28)
11/20 18:50:19.158: [amf] DEBUG: ngap_state_operational(): ENTRY (../src/amf/ngap-sm.c:53)
11/20 18:50:19.158: [amf] INFO: [Added] Number of gNBs is now 1 (../src/amf/context.c:974)
11/20 18:50:19.158: [amf] INFO: gNB-N2 accepted[127.0.0.1]:53202 in ng-path module (../src/amf/ngap-sctp.c:114)
11/20 18:50:19.158: [sock] DEBUG: socket create(2:2:17) (../lib/core/ogs-socket.c:92)
11/20 18:50:19.158: [amf] DEBUG: SCTP_ASSOC_CHANGE:[T:32769, F:0x0, S:0, I/O:30/30] (../src/amf/ngap-sctp.c:158)
11/20 18:50:19.158: [amf] DEBUG: SCTP_COMM_UP (../src/amf/ngap-sctp.c:161)
11/20 18:50:19.158: [sock] DEBUG: socket bind 127.0.0.2:2152 (../lib/core/ogs-socket.c:117)
11/20 18:50:19.158: [amf] DEBUG: amf_state_operational(): AMF_EVENT_NGAP_LO_ACCEPT (../src/amf/amf-sm.c:78)
11/20 18:50:19.158: [amf] INFO: gNB-N2 accepted[127.0.0.1] in master_sm module (../src/amf/amf-sm.c:665)
11/20 18:50:19.158: [amf] DEBUG: ngap_state_initial(): ENTRY (../src/amf/ngap-sm.c:28)
11/20 18:50:19.158: [amf] DEBUG: ngap_state_operational(): ENTRY (../src/amf/ngap-sm.c:53)
11/20 18:50:19.158: [amf] INFO: [Added] Number of gNBs is now 2 (../src/amf/context.c:974)
11/20 18:50:19.158: [sock] DEBUG: udp_server() [127.0.0.2]:2152 (../lib/core/ogs-udp.c:52)
11/20 18:50:19.158: [amf] DEBUG: amf_state_operational(): AMF_EVENT_NGAP_LO_SCTP_COMM_UP (../src/amf/amf-sm.c:78)
11/20 18:50:19.158: [amf] INFO: gNB-N2[127.0.0.1] max_num_of_ostreams : 30 (../src/amf/amf-sm.c:704)
11/20 18:50:19.158: [amf] DEBUG: SCTP_ASSOC_CHANGE:[T:32769, F:0x0, S:0, I/O:30/30] (../src/amf/ngap-sctp.c:158)
11/20 18:50:19.158: [amf] DEBUG: SCTP_COMM_UP (../src/amf/ngap-sctp.c:161)
11/20 18:50:19.158: [amf] DEBUG: amf_state_operational(): AMF_EVENT_NGAP_LO_SCTP_COMM_UP (../src/amf/amf-sm.c:78)
11/20 18:50:19.158: [amf] INFO: gNB-N2[127.0.0.1] max_num_of_ostreams : 30 (../src/amf/amf-sm.c:704)
11/20 18:50:19.158: [sock] DEBUG: sctp_client() [127.0.0.5]:38412 (../lib/sctp/ogs-lksctp.c:168)
11/20 18:50:19.158: [sock] DEBUG: socket create(2:2:17) (../lib/core/ogs-socket.c:92)
11/20 18:50:19.158: [sock] ERROR: socket bind(2) [127.0.0.2]:2152 failed (98:Address already in use) (../lib/core/ogs-socket.c:111)
11/20 18:50:19.158: [sock] ERROR: udp_server() [127.0.0.2]:2152 failed (98:Address already in use) (../lib/core/ogs-udp.c:69)
11/20 18:50:19.158: [core] FATAL: test_gtpu_server: Assertion `sock' failed. (../tests/common/gtpu.c:51)
11/20 18:50:19.158: [amf] DEBUG: amf_state_operational(): AMF_EVENT_NGAP_MESSAGE (../src/amf/amf-sm.c:78)
11/20 18:50:19.158: [core] FATAL: backtrace() returned 6 addresses (../lib/core/ogs-abort.c:37)
./build/tests/registration/registration(+0x3e01e) [0x5609d5b4901e]
11/20 18:50:19.158: [amf] DEBUG: ngap_state_operational(): AMF_EVENT_NGAP_MESSAGE (../src/amf/ngap-sm.c:53)
11/20 18:50:19.158: [amf] DEBUG: NGSetupRequest (../src/amf/ngap-handler.c:128)
11/20 18:50:19.158: [amf] DEBUG:     IP[127.0.0.1] GNB_ID[0x4000] (../src/amf/ngap-handler.c:176)
11/20 18:50:19.158: [amf] DEBUG:     PagingDRX[0] (../src/amf/ngap-handler.c:179)
11/20 18:50:19.158: [amf] DEBUG:     TAC[1] (../src/amf/ngap-handler.c:202)
11/20 18:50:19.158: [amf] DEBUG:     PLMN_ID[MCC:999 MNC:70] (../src/amf/ngap-handler.c:234)
11/20 18:50:19.158: [amf] DEBUG:     S_NSSAI[SST:1 SD:0xffffff] (../src/amf/ngap-handler.c:271)
11/20 18:50:19.158: [amf] DEBUG:     TAC[1] (../src/amf/ngap-handler.c:40)
11/20 18:50:19.158: [amf] DEBUG:     PLMN_ID[MCC:999 MNC:70] (../src/amf/ngap-handler.c:45)
11/20 18:50:19.158: [amf] DEBUG:     SERVED_TAI_INDEX[0] (../src/amf/ngap-handler.c:46)
11/20 18:50:19.158: [amf] DEBUG:     PLMN_ID[MCC:999 MNC:70] (../src/amf/ngap-handler.c:72)
11/20 18:50:19.158: [amf] DEBUG:     S_NSSAI[SST:1 SD:0xffffff] (../src/amf/ngap-handler.c:76)
11/20 18:50:19.158: [amf] DEBUG: NG-Setup response (../src/amf/ngap-path.c:254)
11/20 18:50:19.158: [amf] DEBUG: NGSetupResponse (../src/amf/ngap-build.c:36)
./build/tests/registration/registration(+0x34142) [0x5609d5b3f142]
/home/test/build/tests/registration/../../lib/core/libogscore.so.2(+0x106f3) [0x7f96033bf6f3]
11/20 18:50:19.158: [amf] DEBUG:     IP[127.0.0.1] RAN_ID[16384] (../src/amf/ngap-path.c:71)
/lib/x86_64-linux-gnu/libpthread.so.0(+0x76db) [0x7f9600c026db]
/lib/x86_64-linux-gnu/libc.so.6(clone+0x3f) [0x7f960092b61f]
11/20 18:50:19.286: [amf] DEBUG: SCTP_SHUTDOWN_EVENT:[T:32773, F:0x0, L:12] (../src/amf/ngap-sctp.c:191)
11/20 18:50:19.286: [amf] DEBUG: amf_state_operational(): AMF_EVENT_NGAP_LO_CONNREFUSED (../src/amf/amf-sm.c:78)
11/20 18:50:19.286: [amf] INFO: gNB-N2[127.0.0.1] connection refused!!! (../src/amf/amf-sm.c:716)
11/20 18:50:19.286: [amf] DEBUG: ngap_state_operational(): EXIT (../src/amf/ngap-sm.c:53)
11/20 18:50:19.286: [amf] DEBUG: ngap_state_final(): EXIT (../src/amf/ngap-sm.c:37)
11/20 18:50:19.286: [amf] INFO: [Removed] Number of gNBs is now 1 (../src/amf/context.c:1001)
11/20 18:50:19.286: [amf] DEBUG: SCTP_SHUTDOWN_EVENT:[T:32773, F:0x0, L:12] (../src/amf/ngap-sctp.c:191)
11/20 18:50:19.286: [amf] DEBUG: amf_state_operational(): AMF_EVENT_NGAP_LO_CONNREFUSED (../src/amf/amf-sm.c:78)
11/20 18:50:19.286: [amf] INFO: gNB-N2[127.0.0.1] connection refused!!! (../src/amf/amf-sm.c:716)
11/20 18:50:19.286: [amf] DEBUG: ngap_state_operational(): EXIT (../src/amf/ngap-sm.c:53)
11/20 18:50:19.286: [amf] DEBUG: ngap_state_final(): EXIT (../src/amf/ngap-sm.c:37)
11/20 18:50:19.286: [amf] INFO: [Removed] Number of gNBs is now 0 (../src/amf/context.c:1001)
11/20 18:50:22.078: [pfcp] DEBUG: [1] REMOTE Holding Timeout for step 2 type 6 peer [127.0.0.4]:8805 (../lib/pfcp/xact.c:647)
11/20 18:50:22.078: [pfcp] DEBUG: [1] REMOTE Delete Transaction for step 2 type 6 peer [127.0.0.4]:8805 (../lib/pfcp/xact.c:660)
11/20 18:50:22.078: [pfcp] DEBUG: [1] REMOTE Delete  peer [127.0.0.4]:8805 (../lib/pfcp/xact.c:813)
11/20 18:50:24.392: [pfcp] DEBUG: [1] REMOTE Holding Timeout for step 2 type 6 peer [127.0.0.7]:8805 (../lib/pfcp/xact.c:647)
11/20 18:50:24.392: [pfcp] DEBUG: [1] REMOTE Delete Transaction for step 2 type 6 peer [127.0.0.7]:8805 (../lib/pfcp/xact.c:660)
11/20 18:50:24.392: [pfcp] DEBUG: [1] REMOTE Delete  peer [127.0.0.7]:8805 (../lib/pfcp/xact.c:813)
11/20 18:50:24.406: [ausf] DEBUG: ausf_state_operational(): OGS_EVENT_NAME_SBI_TIMER (../src/ausf/ausf-sm.c:52)
11/20 18:50:24.406: [sbi] DEBUG: ogs_sbi_nf_state_registered(): OGS_EVENT_NAME_SBI_TIMER (../lib/sbi/nf-sm.c:204)
11/20 18:50:24.406: [sbi] DEBUG: [PATCH] http://[::1]:7777/nnrf-nfm/v1/nf-instances/39569a0e-6947-41ed-81b2-df72405de77b (../lib/sbi/client.c:625)
11/20 18:50:24.406: [sbi] DEBUG: SENDING...[72] (../lib/sbi/client.c:401)
11/20 18:50:24.406: [sbi] DEBUG: [{
		"op":	"replace",
		"path":	"/nfStatus",
		"value":	"REGISTERED"
	}] (../lib/sbi/client.c:403)
11/20 18:50:24.406: [sbi] DEBUG: STREAM added [5] (../lib/sbi/nghttp2-server.c:1122)
11/20 18:50:24.406: [sbi] DEBUG: [PATCH] /nnrf-nfm/v1/nf-instances/39569a0e-6947-41ed-81b2-df72405de77b (../lib/sbi/nghttp2-server.c:801)
11/20 18:50:24.406: [sbi] DEBUG: RECEIVED: 72 (../lib/sbi/nghttp2-server.c:805)
11/20 18:50:24.406: [sbi] DEBUG: [{
		"op":	"replace",
		"path":	"/nfStatus",
		"value":	"REGISTERED"
	}] (../lib/sbi/nghttp2-server.c:806)
11/20 18:50:24.406: [nrf] DEBUG: nrf_state_operational(): OGS_EVENT_NAME_SBI_SERVER (../src/nrf/nrf-sm.c:50)
11/20 18:50:24.406: [nrf] DEBUG: nrf_nf_state_registered(): OGS_EVENT_NAME_SBI_SERVER (../src/nrf/nf-sm.c:183)
11/20 18:50:24.406: [sbi] DEBUG: STATUS [204] (../lib/sbi/nghttp2-server.c:357)
11/20 18:50:24.406: [sbi] DEBUG: STREAM closed [5] (../lib/sbi/nghttp2-server.c:852)
0000: 00001a01 05000000 0589c061 96d07abe   ...........a..z.
0010: 941054d2 7eea0802 128015c6 c1704d29   ..T.~........pM)
0020: 8b46ff                                .F.
11/20 18:50:24.406: [sbi] DEBUG: [204:PATCH] http://[::1]:7777/nnrf-nfm/v1/nf-instances/39569a0e-6947-41ed-81b2-df72405de77b (../lib/sbi/client.c:573)
11/20 18:50:24.406: [sbi] DEBUG: RECEIVED[0] (../lib/sbi/client.c:584)
11/20 18:50:24.406: [ausf] DEBUG: ausf_state_operational(): OGS_EVENT_NAME_SBI_CLIENT (../src/ausf/ausf-sm.c:52)
11/20 18:50:24.406: [sbi] DEBUG: ogs_sbi_nf_state_registered(): OGS_EVENT_NAME_SBI_CLIENT (../lib/sbi/nf-sm.c:204)
11/20 18:50:24.459: [udm] DEBUG: udm_state_operational(): OGS_EVENT_NAME_SBI_TIMER (../src/udm/udm-sm.c:53)
11/20 18:50:24.459: [sbi] DEBUG: ogs_sbi_nf_state_registered(): OGS_EVENT_NAME_SBI_TIMER (../lib/sbi/nf-sm.c:204)
11/20 18:50:24.459: [sbi] DEBUG: [PATCH] http://[::1]:7777/nnrf-nfm/v1/nf-instances/395e3f34-6947-41ed-8187-9b18713ac801 (../lib/sbi/client.c:625)
11/20 18:50:24.460: [sbi] DEBUG: SENDING...[72] (../lib/sbi/client.c:401)
11/20 18:50:24.460: [sbi] DEBUG: [{
		"op":	"replace",
		"path":	"/nfStatus",
		"value":	"REGISTERED"
	}] (../lib/sbi/client.c:403)
11/20 18:50:24.460: [sbi] DEBUG: STREAM added [5] (../lib/sbi/nghttp2-server.c:1122)
11/20 18:50:24.460: [sbi] DEBUG: [PATCH] /nnrf-nfm/v1/nf-instances/395e3f34-6947-41ed-8187-9b18713ac801 (../lib/sbi/nghttp2-server.c:801)
11/20 18:50:24.460: [sbi] DEBUG: RECEIVED: 72 (../lib/sbi/nghttp2-server.c:805)
11/20 18:50:24.460: [sbi] DEBUG: [{
		"op":	"replace",
		"path":	"/nfStatus",
		"value":	"REGISTERED"
	}] (../lib/sbi/nghttp2-server.c:806)
11/20 18:50:24.460: [nrf] DEBUG: nrf_state_operational(): OGS_EVENT_NAME_SBI_SERVER (../src/nrf/nrf-sm.c:50)
11/20 18:50:24.460: [nrf] DEBUG: nrf_nf_state_registered(): OGS_EVENT_NAME_SBI_SERVER (../src/nrf/nf-sm.c:183)
11/20 18:50:24.460: [sbi] DEBUG: STATUS [204] (../lib/sbi/nghttp2-server.c:357)
11/20 18:50:24.460: [sbi] DEBUG: STREAM closed [5] (../lib/sbi/nghttp2-server.c:852)
0000: 00001a01 05000000 0589c061 96d07abe   ...........a..z.
0010: 941054d2 7eea0802 128015c6 c1704d29   ..T.~........pM)
0020: 8b46ff                                .F.
11/20 18:50:24.460: [sbi] DEBUG: [204:PATCH] http://[::1]:7777/nnrf-nfm/v1/nf-instances/395e3f34-6947-41ed-8187-9b18713ac801 (../lib/sbi/client.c:573)
11/20 18:50:24.460: [sbi] DEBUG: RECEIVED[0] (../lib/sbi/client.c:584)
11/20 18:50:24.460: [udm] DEBUG: udm_state_operational(): OGS_EVENT_NAME_SBI_CLIENT (../src/udm/udm-sm.c:53)
11/20 18:50:24.460: [sbi] DEBUG: ogs_sbi_nf_state_registered(): OGS_EVENT_NAME_SBI_CLIENT (../lib/sbi/nf-sm.c:204)
11/20 18:50:24.516: [pcf] DEBUG: pcf_state_operational(): OGS_EVENT_NAME_SBI_TIMER (../src/pcf/pcf-sm.c:58)
11/20 18:50:24.516: [sbi] DEBUG: ogs_sbi_nf_state_registered(): OGS_EVENT_NAME_SBI_TIMER (../lib/sbi/nf-sm.c:204)
11/20 18:50:24.516: [sbi] DEBUG: [PATCH] http://[::1]:7777/nnrf-nfm/v1/nf-instances/396727de-6947-41ed-b00f-37ef8d8ae97a (../lib/sbi/client.c:625)
11/20 18:50:24.516: [sbi] DEBUG: SENDING...[72] (../lib/sbi/client.c:401)
11/20 18:50:24.516: [sbi] DEBUG: [{
		"op":	"replace",
		"path":	"/nfStatus",
		"value":	"REGISTERED"
	}] (../lib/sbi/client.c:403)
11/20 18:50:24.516: [sbi] DEBUG: STREAM added [5] (../lib/sbi/nghttp2-server.c:1122)
11/20 18:50:24.516: [sbi] DEBUG: [PATCH] /nnrf-nfm/v1/nf-instances/396727de-6947-41ed-b00f-37ef8d8ae97a (../lib/sbi/nghttp2-server.c:801)
11/20 18:50:24.516: [sbi] DEBUG: RECEIVED: 72 (../lib/sbi/nghttp2-server.c:805)
11/20 18:50:24.516: [sbi] DEBUG: [{
		"op":	"replace",
		"path":	"/nfStatus",
		"value":	"REGISTERED"
	}] (../lib/sbi/nghttp2-server.c:806)
11/20 18:50:24.516: [nrf] DEBUG: nrf_state_operational(): OGS_EVENT_NAME_SBI_SERVER (../src/nrf/nrf-sm.c:50)
11/20 18:50:24.516: [nrf] DEBUG: nrf_nf_state_registered(): OGS_EVENT_NAME_SBI_SERVER (../src/nrf/nf-sm.c:183)
11/20 18:50:24.516: [sbi] DEBUG: STATUS [204] (../lib/sbi/nghttp2-server.c:357)
11/20 18:50:24.517: [sbi] DEBUG: STREAM closed [5] (../lib/sbi/nghttp2-server.c:852)
11/20 18:50:24.517: [sbi] DEBUG: [204:PATCH] http://[::1]:7777/nnrf-nfm/v1/nf-instances/396727de-6947-41ed-b00f-37ef8d8ae97a (../lib/sbi/client.c:573)
11/20 18:50:24.517: [sbi] DEBUG: RECEIVED[0] (../lib/sbi/client.c:584)
11/20 18:50:24.517: [pcf] DEBUG: pcf_state_operational(): OGS_EVENT_NAME_SBI_CLIENT (../src/pcf/pcf-sm.c:58)
11/20 18:50:24.517: [sbi] DEBUG: ogs_sbi_nf_state_registered(): OGS_EVENT_NAME_SBI_CLIENT (../lib/sbi/nf-sm.c:204)
0000: 00001a01 05000000 0589c061 96d07abe   ...........a..z.
0010: 941054d2 7eea0802 128015c6 c1704d29   ..T.~........pM)
0020: 8b46ff                                .F.
11/20 18:50:24.546: [nssf] DEBUG: nssf_state_operational(): OGS_EVENT_NAME_SBI_TIMER (../src/nssf/nssf-sm.c:53)
11/20 18:50:24.546: [sbi] DEBUG: ogs_sbi_nf_state_registered(): OGS_EVENT_NAME_SBI_TIMER (../lib/sbi/nf-sm.c:204)
11/20 18:50:24.546: [sbi] DEBUG: [PATCH] http://[::1]:7777/nnrf-nfm/v1/nf-instances/396c4750-6947-41ed-b7d7-e31a8ed842a9 (../lib/sbi/client.c:625)
11/20 18:50:24.546: [sbi] DEBUG: SENDING...[72] (../lib/sbi/client.c:401)
11/20 18:50:24.546: [sbi] DEBUG: [{
		"op":	"replace",
		"path":	"/nfStatus",
		"value":	"REGISTERED"
	}] (../lib/sbi/client.c:403)
11/20 18:50:24.546: [sbi] DEBUG: STREAM added [3] (../lib/sbi/nghttp2-server.c:1122)
11/20 18:50:24.546: [sbi] DEBUG: [PATCH] /nnrf-nfm/v1/nf-instances/396c4750-6947-41ed-b7d7-e31a8ed842a9 (../lib/sbi/nghttp2-server.c:801)
11/20 18:50:24.546: [sbi] DEBUG: RECEIVED: 72 (../lib/sbi/nghttp2-server.c:805)
11/20 18:50:24.546: [sbi] DEBUG: [{
		"op":	"replace",
		"path":	"/nfStatus",
		"value":	"REGISTERED"
	}] (../lib/sbi/nghttp2-server.c:806)
11/20 18:50:24.546: [nrf] DEBUG: nrf_state_operational(): OGS_EVENT_NAME_SBI_SERVER (../src/nrf/nrf-sm.c:50)
11/20 18:50:24.546: [nrf] DEBUG: nrf_nf_state_registered(): OGS_EVENT_NAME_SBI_SERVER (../src/nrf/nf-sm.c:183)
11/20 18:50:24.546: [sbi] DEBUG: STATUS [204] (../lib/sbi/nghttp2-server.c:357)
11/20 18:50:24.546: [sbi] DEBUG: STREAM closed [3] (../lib/sbi/nghttp2-server.c:852)
0000: 00001a01 05000000 0389c061 96d07abe   ...........a..z.
0010: 941054d2 7eea0802 128015c6 c1704d29   ..T.~........pM)
0020: 8b46ff                                .F.
11/20 18:50:24.546: [sbi] DEBUG: [204:PATCH] http://[::1]:7777/nnrf-nfm/v1/nf-instances/396c4750-6947-41ed-b7d7-e31a8ed842a9 (../lib/sbi/client.c:573)
11/20 18:50:24.546: [sbi] DEBUG: RECEIVED[0] (../lib/sbi/client.c:584)
11/20 18:50:24.546: [nssf] DEBUG: nssf_state_operational(): OGS_EVENT_NAME_SBI_CLIENT (../src/nssf/nssf-sm.c:53)
11/20 18:50:24.546: [sbi] DEBUG: ogs_sbi_nf_state_registered(): OGS_EVENT_NAME_SBI_CLIENT (../lib/sbi/nf-sm.c:204)
11/20 18:50:24.576: [smf] DEBUG: smf_state_operational(): OGS_EVENT_NAME_SBI_TIMER (../src/smf/smf-sm.c:83)
11/20 18:50:24.576: [sbi] DEBUG: ogs_sbi_nf_state_registered(): OGS_EVENT_NAME_SBI_TIMER (../lib/sbi/nf-sm.c:204)
11/20 18:50:24.576: [sbi] DEBUG: [PATCH] http://[::1]:7777/nnrf-nfm/v1/nf-instances/3960ca9c-6947-41ed-9c07-0ffc1a45571d (../lib/sbi/client.c:625)
11/20 18:50:24.576: [sbi] DEBUG: SENDING...[72] (../lib/sbi/client.c:401)
11/20 18:50:24.576: [sbi] DEBUG: [{
		"op":	"replace",
		"path":	"/nfStatus",
		"value":	"REGISTERED"
	}] (../lib/sbi/client.c:403)
11/20 18:50:24.577: [sbi] DEBUG: STREAM added [5] (../lib/sbi/nghttp2-server.c:1122)
11/20 18:50:24.577: [sbi] DEBUG: [PATCH] /nnrf-nfm/v1/nf-instances/3960ca9c-6947-41ed-9c07-0ffc1a45571d (../lib/sbi/nghttp2-server.c:801)
11/20 18:50:24.577: [sbi] DEBUG: RECEIVED: 72 (../lib/sbi/nghttp2-server.c:805)
11/20 18:50:24.577: [sbi] DEBUG: [{
		"op":	"replace",
		"path":	"/nfStatus",
		"value":	"REGISTERED"
	}] (../lib/sbi/nghttp2-server.c:806)
11/20 18:50:24.577: [nrf] DEBUG: nrf_state_operational(): OGS_EVENT_NAME_SBI_SERVER (../src/nrf/nrf-sm.c:50)
11/20 18:50:24.577: [nrf] DEBUG: nrf_nf_state_registered(): OGS_EVENT_NAME_SBI_SERVER (../src/nrf/nf-sm.c:183)
11/20 18:50:24.577: [sbi] DEBUG: STATUS [204] (../lib/sbi/nghttp2-server.c:357)
11/20 18:50:24.577: [sbi] DEBUG: STREAM closed [5] (../lib/sbi/nghttp2-server.c:852)
0000: 00001a01 05000000 0589c061 96d07abe   ...........a..z.
0010: 941054d2 7eea0802 128015c6 c1704d29   ..T.~........pM)
0020: 8b46ff                                .F.
11/20 18:50:24.577: [sbi] DEBUG: [204:PATCH] http://[::1]:7777/nnrf-nfm/v1/nf-instances/3960ca9c-6947-41ed-9c07-0ffc1a45571d (../lib/sbi/client.c:573)
11/20 18:50:24.577: [sbi] DEBUG: RECEIVED[0] (../lib/sbi/client.c:584)
11/20 18:50:24.577: [smf] DEBUG: smf_state_operational(): OGS_EVENT_NAME_SBI_CLIENT (../src/smf/smf-sm.c:83)
11/20 18:50:24.577: [sbi] DEBUG: ogs_sbi_nf_state_registered(): OGS_EVENT_NAME_SBI_CLIENT (../lib/sbi/nf-sm.c:204)
11/20 18:50:24.605: [bsf] DEBUG: bsf_state_operational(): OGS_EVENT_NAME_SBI_TIMER (../src/bsf/bsf-sm.c:55)
11/20 18:50:24.605: [sbi] DEBUG: ogs_sbi_nf_state_registered(): OGS_EVENT_NAME_SBI_TIMER (../lib/sbi/nf-sm.c:204)
11/20 18:50:24.605: [sbi] DEBUG: [PATCH] http://[::1]:7777/nnrf-nfm/v1/nf-instances/3974e6ee-6947-41ed-829b-8bfef0cdae77 (../lib/sbi/client.c:625)
11/20 18:50:24.605: [sbi] DEBUG: SENDING...[72] (../lib/sbi/client.c:401)
11/20 18:50:24.605: [sbi] DEBUG: [{
		"op":	"replace",
		"path":	"/nfStatus",
		"value":	"REGISTERED"
	}] (../lib/sbi/client.c:403)
11/20 18:50:24.606: [sbi] DEBUG: STREAM added [3] (../lib/sbi/nghttp2-server.c:1122)
11/20 18:50:24.606: [sbi] DEBUG: [PATCH] /nnrf-nfm/v1/nf-instances/3974e6ee-6947-41ed-829b-8bfef0cdae77 (../lib/sbi/nghttp2-server.c:801)
11/20 18:50:24.606: [sbi] DEBUG: RECEIVED: 72 (../lib/sbi/nghttp2-server.c:805)
11/20 18:50:24.606: [sbi] DEBUG: [{
		"op":	"replace",
		"path":	"/nfStatus",
		"value":	"REGISTERED"
	}] (../lib/sbi/nghttp2-server.c:806)
11/20 18:50:24.606: [nrf] DEBUG: nrf_state_operational(): OGS_EVENT_NAME_SBI_SERVER (../src/nrf/nrf-sm.c:50)
11/20 18:50:24.606: [nrf] DEBUG: nrf_nf_state_registered(): OGS_EVENT_NAME_SBI_SERVER (../src/nrf/nf-sm.c:183)
11/20 18:50:24.606: [sbi] DEBUG: STATUS [204] (../lib/sbi/nghttp2-server.c:357)
11/20 18:50:24.606: [sbi] DEBUG: STREAM closed [3] (../lib/sbi/nghttp2-server.c:852)
11/20 18:50:24.606: [sbi] DEBUG: [204:PATCH] http://[::1]:7777/nnrf-nfm/v1/nf-instances/3974e6ee-6947-41ed-829b-8bfef0cdae77 (../lib/sbi/client.c:573)
11/20 18:50:24.606: [sbi] DEBUG: RECEIVED[0] (../lib/sbi/client.c:584)
11/20 18:50:24.606: [bsf] DEBUG: bsf_state_operational(): OGS_EVENT_NAME_SBI_CLIENT (../src/bsf/bsf-sm.c:55)
11/20 18:50:24.606: [sbi] DEBUG: ogs_sbi_nf_state_registered(): OGS_EVENT_NAME_SBI_CLIENT (../lib/sbi/nf-sm.c:204)
0000: 00001a01 05000000 0389c061 96d07abe   ...........a..z.
0010: 941054d2 7eea0802 128015c6 c1704d29   ..T.~........pM)
0020: 8b46ff                                .F.
11/20 18:50:24.654: [sbi] DEBUG: connection closed [::1]:47674 (../lib/sbi/nghttp2-server.c:618)
11/20 18:50:25.577: [smf] DEBUG: smf_state_operational(): SMF_EVT_N4_TIMER (../src/smf/smf-sm.c:83)
11/20 18:50:25.577: [smf] DEBUG: smf_pfcp_state_associated(): SMF_EVT_N4_TIMER (../src/smf/pfcp-sm.c:165)
11/20 18:50:25.577: [pfcp] DEBUG: [2] LOCAL  Create  peer [127.0.0.7]:8805 (../lib/pfcp/xact.c:116)
11/20 18:50:25.577: [pfcp] DEBUG: Heartbeat Request (../lib/pfcp/build.c:27)
11/20 18:50:25.577: [pfcp] DEBUG: [2] LOCAL  UPD TX-1  peer [127.0.0.7]:8805 (../lib/pfcp/xact.c:197)
11/20 18:50:25.577: [pfcp] DEBUG: [2] LOCAL  Commit  peer [127.0.0.7]:8805 (../lib/pfcp/xact.c:475)
11/20 18:50:25.577: [upf] DEBUG: upf_state_operational(): UPF_EVT_N4_MESSAGE (../src/upf/upf-sm.c:51)
11/20 18:50:25.577: [pfcp] DEBUG: [2] Cannot find xact type 1 from PFCP peer [127.0.0.4]:8805 (../lib/pfcp/xact.c:797)
11/20 18:50:25.577: [pfcp] DEBUG: [2] REMOTE Create  peer [127.0.0.4]:8805 (../lib/pfcp/xact.c:159)
11/20 18:50:25.577: [pfcp] DEBUG: [2] REMOTE Receive peer [127.0.0.4]:8805 (../lib/pfcp/xact.c:704)
11/20 18:50:25.577: [pfcp] DEBUG: [2] REMOTE UPD RX-1  peer [127.0.0.4]:8805 (../lib/pfcp/xact.c:298)
11/20 18:50:25.577: [upf] DEBUG: upf_pfcp_state_associated(): UPF_EVT_N4_MESSAGE (../src/upf/pfcp-sm.c:164)
11/20 18:50:25.577: [pfcp] DEBUG: Heartbeat Response (../lib/pfcp/build.c:44)
11/20 18:50:25.577: [pfcp] DEBUG: [2] REMOTE UPD TX-2  peer [127.0.0.4]:8805 (../lib/pfcp/xact.c:197)
11/20 18:50:25.577: [pfcp] DEBUG: [2] REMOTE Commit  peer [127.0.0.4]:8805 (../lib/pfcp/xact.c:475)
11/20 18:50:25.577: [upf] DEBUG: upf_state_operational(): UPF_EVT_N4_TIMER (../src/upf/upf-sm.c:51)
11/20 18:50:25.577: [upf] DEBUG: upf_pfcp_state_associated(): UPF_EVT_N4_TIMER (../src/upf/pfcp-sm.c:164)
11/20 18:50:25.577: [smf] DEBUG: smf_state_operational(): SMF_EVT_N4_MESSAGE (../src/smf/smf-sm.c:83)
11/20 18:50:25.578: [pfcp] DEBUG: [2] LOCAL  Create  peer [127.0.0.4]:8805 (../lib/pfcp/xact.c:116)
11/20 18:50:25.578: [pfcp] DEBUG: [2] LOCAL  Find    peer [127.0.0.7]:8805 (../lib/pfcp/xact.c:790)
11/20 18:50:25.578: [pfcp] DEBUG: Heartbeat Request (../lib/pfcp/build.c:27)
11/20 18:50:25.578: [pfcp] DEBUG: [2] LOCAL  Receive peer [127.0.0.7]:8805 (../lib/pfcp/xact.c:704)
11/20 18:50:25.578: [pfcp] DEBUG: [2] LOCAL  UPD RX-2  peer [127.0.0.7]:8805 (../lib/pfcp/xact.c:298)
11/20 18:50:25.578: [smf] DEBUG: smf_pfcp_state_associated(): SMF_EVT_N4_MESSAGE (../src/smf/pfcp-sm.c:165)
11/20 18:50:25.578: [pfcp] DEBUG: [2] LOCAL  UPD TX-1  peer [127.0.0.4]:8805 (../lib/pfcp/xact.c:197)
11/20 18:50:25.578: [pfcp] DEBUG: [2] LOCAL  Commit  peer [127.0.0.7]:8805 (../lib/pfcp/xact.c:475)
11/20 18:50:25.578: [pfcp] DEBUG: [2] LOCAL  Delete  peer [127.0.0.7]:8805 (../lib/pfcp/xact.c:813)
11/20 18:50:25.578: [pfcp] DEBUG: [2] LOCAL  Commit  peer [127.0.0.4]:8805 (../lib/pfcp/xact.c:475)
11/20 18:50:25.578: [smf] DEBUG: smf_state_operational(): SMF_EVT_N4_MESSAGE (../src/smf/smf-sm.c:83)
11/20 18:50:25.578: [pfcp] DEBUG: [2] Cannot find xact type 1 from PFCP peer [127.0.0.7]:8805 (../lib/pfcp/xact.c:797)
11/20 18:50:25.578: [pfcp] DEBUG: [2] REMOTE Create  peer [127.0.0.7]:8805 (../lib/pfcp/xact.c:159)
11/20 18:50:25.578: [pfcp] DEBUG: [2] REMOTE Receive peer [127.0.0.7]:8805 (../lib/pfcp/xact.c:704)
11/20 18:50:25.578: [pfcp] DEBUG: [2] REMOTE UPD RX-1  peer [127.0.0.7]:8805 (../lib/pfcp/xact.c:298)
11/20 18:50:25.578: [smf] DEBUG: smf_pfcp_state_associated(): SMF_EVT_N4_MESSAGE (../src/smf/pfcp-sm.c:165)
11/20 18:50:25.578: [pfcp] DEBUG: Heartbeat Response (../lib/pfcp/build.c:44)
11/20 18:50:25.578: [pfcp] DEBUG: [2] REMOTE UPD TX-2  peer [127.0.0.7]:8805 (../lib/pfcp/xact.c:197)
11/20 18:50:25.578: [pfcp] DEBUG: [2] REMOTE Commit  peer [127.0.0.7]:8805 (../lib/pfcp/xact.c:475)
11/20 18:50:25.578: [upf] DEBUG: upf_state_operational(): UPF_EVT_N4_MESSAGE (../src/upf/upf-sm.c:51)
11/20 18:50:25.578: [pfcp] DEBUG: [2] LOCAL  Find    peer [127.0.0.4]:8805 (../lib/pfcp/xact.c:790)
11/20 18:50:25.578: [pfcp] DEBUG: [2] LOCAL  Receive peer [127.0.0.4]:8805 (../lib/pfcp/xact.c:704)
11/20 18:50:25.578: [pfcp] DEBUG: [2] LOCAL  UPD RX-2  peer [127.0.0.4]:8805 (../lib/pfcp/xact.c:298)
11/20 18:50:25.578: [upf] DEBUG: upf_pfcp_state_associated(): UPF_EVT_N4_MESSAGE (../src/upf/pfcp-sm.c:164)
11/20 18:50:25.578: [pfcp] DEBUG: [2] LOCAL  Commit  peer [127.0.0.4]:8805 (../lib/pfcp/xact.c:475)
11/20 18:50:25.578: [pfcp] DEBUG: [2] LOCAL  Delete  peer [127.0.0.4]:8805 (../lib/pfcp/xact.c:813)
11/20 18:50:25.642: [nrf] DEBUG: nrf_state_operational(): OGS_EVENT_NAME_SBI_TIMER (../src/nrf/nrf-sm.c:50)
11/20 18:50:25.642: [nrf] WARNING: [397c18b0-6947-41ed-a025-3bf894ded894] No heartbeat (../src/nrf/nrf-sm.c:244)
11/20 18:50:25.642: [nrf] DEBUG: nrf_nf_state_registered(): EXIT (../src/nrf/nf-sm.c:183)
11/20 18:50:25.642: [nrf] INFO: [397c18b0-6947-41ed-a025-3bf894ded894] NF de-registered (../src/nrf/nf-sm.c:205)
11/20 18:50:25.642: [sbi] DEBUG: [POST] http://127.0.0.12:7777/nnrf-nfm/v1/nf-status-notify (../lib/sbi/client.c:625)
11/20 18:50:25.642: [sbi] DEBUG: SENDING...[137] (../lib/sbi/client.c:401)
11/20 18:50:25.642: [sbi] DEBUG: {
	"event":	"NF_DEREGISTERED",
	"nfInstanceUri":	"http://127.0.0.10:7777/nnrf-nfm/v1/nf-instances/397c18b0-6947-41ed-a025-3bf894ded894"
} (../lib/sbi/client.c:403)
11/20 18:50:25.642: [sbi] DEBUG: [POST] http://127.0.0.13:7777/nnrf-nfm/v1/nf-status-notify (../lib/sbi/client.c:625)
11/20 18:50:25.642: [sbi] DEBUG: SENDING...[137] (../lib/sbi/client.c:401)
11/20 18:50:25.642: [sbi] DEBUG: {
	"event":	"NF_DEREGISTERED",
	"nfInstanceUri":	"http://127.0.0.10:7777/nnrf-nfm/v1/nf-instances/397c18b0-6947-41ed-a025-3bf894ded894"
} (../lib/sbi/client.c:403)
11/20 18:50:25.643: [nrf] DEBUG: nrf_nf_state_final(): EXIT (../src/nrf/nf-sm.c:74)
11/20 18:50:25.643: [sbi] DEBUG: ogs_sbi_nf_instance_remove() (../lib/sbi/context.c:870)
11/20 18:50:25.643: [sbi] DEBUG: STREAM added [3] (../lib/sbi/nghttp2-server.c:1122)
11/20 18:50:25.643: [sbi] DEBUG: [POST] /nnrf-nfm/v1/nf-status-notify (../lib/sbi/nghttp2-server.c:801)
11/20 18:50:25.643: [sbi] DEBUG: RECEIVED: 137 (../lib/sbi/nghttp2-server.c:805)
11/20 18:50:25.643: [sbi] DEBUG: {
	"event":	"NF_DEREGISTERED",
	"nfInstanceUri":	"http://127.0.0.10:7777/nnrf-nfm/v1/nf-instances/397c18b0-6947-41ed-a025-3bf894ded894"
} (../lib/sbi/nghttp2-server.c:806)
11/20 18:50:25.643: [udm] DEBUG: udm_state_operational(): OGS_EVENT_NAME_SBI_SERVER (../src/udm/udm-sm.c:53)
11/20 18:50:25.643: [sbi] INFO: [397c18b0-6947-41ed-a025-3bf894ded894] NF removed (../lib/sbi/nnrf-handler.c:647)
11/20 18:50:25.643: [sbi] DEBUG: ogs_sbi_nf_state_registered(): EXIT (../lib/sbi/nf-sm.c:204)
11/20 18:50:25.643: [sbi] DEBUG: ogs_sbi_nf_state_final(): EXIT (../lib/sbi/nf-sm.c:99)
11/20 18:50:25.643: [sbi] DEBUG: ogs_sbi_nf_instance_remove() (../lib/sbi/context.c:870)
11/20 18:50:25.643: [sbi] DEBUG: ogs_sbi_client_remove() [127.0.0.20:7777] (../lib/sbi/client.c:153)
11/20 18:50:25.643: [sbi] DEBUG: [UNREF] 2 (../lib/sbi/client.c:157)
11/20 18:50:25.643: [sbi] DEBUG: ogs_sbi_client_remove() [127.0.0.20:80] (../lib/sbi/client.c:153)
11/20 18:50:25.643: [sbi] DEBUG: [UNREF] 2 (../lib/sbi/client.c:157)
11/20 18:50:25.643: [sbi] DEBUG: STATUS [204] (../lib/sbi/nghttp2-server.c:357)
11/20 18:50:25.643: [sbi] DEBUG: STREAM closed [3] (../lib/sbi/nghttp2-server.c:852)
11/20 18:50:25.643: [sbi] DEBUG: STREAM added [5] (../lib/sbi/nghttp2-server.c:1122)
0000: 00001a01 05000000 0389bf61 96d07abe   ...........a..z.
0010: 941054d2 7eea0802 128015c6 c1704da9   ..T.~........pM.
0020: 8b46ff                                .F.
11/20 18:50:25.643: [sbi] DEBUG: [POST] /nnrf-nfm/v1/nf-status-notify (../lib/sbi/nghttp2-server.c:801)
11/20 18:50:25.643: [sbi] DEBUG: RECEIVED: 137 (../lib/sbi/nghttp2-server.c:805)
11/20 18:50:25.643: [sbi] DEBUG: {
	"event":	"NF_DEREGISTERED",
	"nfInstanceUri":	"http://127.0.0.10:7777/nnrf-nfm/v1/nf-instances/397c18b0-6947-41ed-a025-3bf894ded894"
} (../lib/sbi/nghttp2-server.c:806)
11/20 18:50:25.643: [pcf] DEBUG: pcf_state_operational(): OGS_EVENT_NAME_SBI_SERVER (../src/pcf/pcf-sm.c:58)
11/20 18:50:25.643: [sbi] INFO: [397c18b0-6947-41ed-a025-3bf894ded894] NF removed (../lib/sbi/nnrf-handler.c:647)
11/20 18:50:25.643: [sbi] DEBUG: ogs_sbi_nf_state_registered(): EXIT (../lib/sbi/nf-sm.c:204)
11/20 18:50:25.643: [sbi] DEBUG: ogs_sbi_nf_state_final(): EXIT (../lib/sbi/nf-sm.c:99)
11/20 18:50:25.643: [sbi] DEBUG: ogs_sbi_nf_instance_remove() (../lib/sbi/context.c:870)
11/20 18:50:25.643: [sbi] DEBUG: ogs_sbi_client_remove() [127.0.0.20:7777] (../lib/sbi/client.c:153)
11/20 18:50:25.643: [sbi] DEBUG: [UNREF] 2 (../lib/sbi/client.c:157)
11/20 18:50:25.643: [sbi] DEBUG: ogs_sbi_client_remove() [127.0.0.20:80] (../lib/sbi/client.c:153)
11/20 18:50:25.643: [sbi] DEBUG: [UNREF] 2 (../lib/sbi/client.c:157)
11/20 18:50:25.644: [sbi] DEBUG: STATUS [204] (../lib/sbi/nghttp2-server.c:357)
11/20 18:50:25.644: [sbi] DEBUG: STREAM closed [5] (../lib/sbi/nghttp2-server.c:852)
0000: 00001a01 05000000 0589bf61 96d07abe   ...........a..z.
0010: 941054d2 7eea0802 128015c6 c1704da9   ..T.~........pM.
0020: 8b46ff                                .F.
11/20 18:50:25.644: [sbi] DEBUG: [204:POST] http://127.0.0.12:7777/nnrf-nfm/v1/nf-status-notify (../lib/sbi/client.c:573)
11/20 18:50:25.644: [sbi] DEBUG: RECEIVED[0] (../lib/sbi/client.c:584)
11/20 18:50:25.644: [sbi] DEBUG: [204:POST] http://127.0.0.13:7777/nnrf-nfm/v1/nf-status-notify (../lib/sbi/client.c:573)
11/20 18:50:25.644: [sbi] DEBUG: RECEIVED[0] (../lib/sbi/client.c:584)
11/20 18:50:26.479: [amf] DEBUG: amf_state_operational(): OGS_EVENT_NAME_SBI_TIMER (../src/amf/amf-sm.c:78)
11/20 18:50:26.479: [sbi] DEBUG: ogs_sbi_nf_state_registered(): OGS_EVENT_NAME_SBI_TIMER (../lib/sbi/nf-sm.c:204)
11/20 18:50:26.479: [sbi] DEBUG: [PATCH] http://[::1]:7777/nnrf-nfm/v1/nf-instances/394fdae8-6947-41ed-b1de-d514f6e17eae (../lib/sbi/client.c:625)
11/20 18:50:26.479: [sbi] DEBUG: SENDING...[72] (../lib/sbi/client.c:401)
11/20 18:50:26.479: [sbi] DEBUG: [{
		"op":	"replace",
		"path":	"/nfStatus",
		"value":	"REGISTERED"
	}] (../lib/sbi/client.c:403)
11/20 18:50:26.479: [sbi] DEBUG: STREAM added [3] (../lib/sbi/nghttp2-server.c:1122)
11/20 18:50:26.479: [sbi] DEBUG: [PATCH] /nnrf-nfm/v1/nf-instances/394fdae8-6947-41ed-b1de-d514f6e17eae (../lib/sbi/nghttp2-server.c:801)
11/20 18:50:26.479: [sbi] DEBUG: RECEIVED: 72 (../lib/sbi/nghttp2-server.c:805)
11/20 18:50:26.479: [sbi] DEBUG: [{
		"op":	"replace",
		"path":	"/nfStatus",
		"value":	"REGISTERED"
	}] (../lib/sbi/nghttp2-server.c:806)
11/20 18:50:26.480: [nrf] DEBUG: nrf_state_operational(): OGS_EVENT_NAME_SBI_SERVER (../src/nrf/nrf-sm.c:50)
11/20 18:50:26.480: [nrf] DEBUG: nrf_nf_state_registered(): OGS_EVENT_NAME_SBI_SERVER (../src/nrf/nf-sm.c:183)
11/20 18:50:26.480: [sbi] DEBUG: STATUS [204] (../lib/sbi/nghttp2-server.c:357)
11/20 18:50:26.480: [sbi] DEBUG: STREAM closed [3] (../lib/sbi/nghttp2-server.c:852)
0000: 00001a01 05000000 0389c061 96d07abe   ...........a..z.
0010: 941054d2 7eea0802 128015c6 c1704e29   ..T.~........pN)
0020: 8b46ff                                .F.
11/20 18:50:26.480: [sbi] DEBUG: [204:PATCH] http://[::1]:7777/nnrf-nfm/v1/nf-instances/394fdae8-6947-41ed-b1de-d514f6e17eae (../lib/sbi/client.c:573)
11/20 18:50:26.480: [sbi] DEBUG: connection closed [::1]:47684 (../lib/sbi/nghttp2-server.c:618)
11/20 18:50:26.480: [sbi] DEBUG: RECEIVED[0] (../lib/sbi/client.c:584)
11/20 18:50:26.480: [amf] DEBUG: amf_state_operational(): OGS_EVENT_NAME_SBI_CLIENT (../src/amf/amf-sm.c:78)
11/20 18:50:26.480: [sbi] DEBUG: ogs_sbi_nf_state_registered(): OGS_EVENT_NAME_SBI_CLIENT (../lib/sbi/nf-sm.c:204)
11/20 18:50:33.083: [pfcp] DEBUG: [2] REMOTE Holding Timeout for step 2 type 2 peer [127.0.0.4]:8805 (../lib/pfcp/xact.c:647)
11/20 18:50:33.083: [pfcp] DEBUG: [2] REMOTE Delete Transaction for step 2 type 2 peer [127.0.0.4]:8805 (../lib/pfcp/xact.c:660)
11/20 18:50:33.083: [pfcp] DEBUG: [2] REMOTE Delete  peer [127.0.0.4]:8805 (../lib/pfcp/xact.c:813)
11/20 18:50:33.085: [pfcp] DEBUG: [2] REMOTE Holding Timeout for step 2 type 2 peer [127.0.0.7]:8805 (../lib/pfcp/xact.c:647)
11/20 18:50:33.085: [pfcp] DEBUG: [2] REMOTE Delete Transaction for step 2 type 2 peer [127.0.0.7]:8805 (../lib/pfcp/xact.c:660)
11/20 18:50:33.085: [pfcp] DEBUG: [2] REMOTE Delete  peer [127.0.0.7]:8805 (../lib/pfcp/xact.c:813)
11/20 18:50:34.416: [ausf] DEBUG: ausf_state_operational(): OGS_EVENT_NAME_SBI_TIMER (../src/ausf/ausf-sm.c:52)
11/20 18:50:34.416: [sbi] DEBUG: ogs_sbi_nf_state_registered(): OGS_EVENT_NAME_SBI_TIMER (../lib/sbi/nf-sm.c:204)
11/20 18:50:34.416: [sbi] DEBUG: [PATCH] http://[::1]:7777/nnrf-nfm/v1/nf-instances/39569a0e-6947-41ed-81b2-df72405de77b (../lib/sbi/client.c:625)
11/20 18:50:34.416: [sbi] DEBUG: SENDING...[72] (../lib/sbi/client.c:401)
11/20 18:50:34.416: [sbi] DEBUG: [{
		"op":	"replace",
		"path":	"/nfStatus",
		"value":	"REGISTERED"
	}] (../lib/sbi/client.c:403)
11/20 18:50:34.417: [sbi] DEBUG: STREAM added [7] (../lib/sbi/nghttp2-server.c:1122)
11/20 18:50:34.417: [sbi] DEBUG: [PATCH] /nnrf-nfm/v1/nf-instances/39569a0e-6947-41ed-81b2-df72405de77b (../lib/sbi/nghttp2-server.c:801)
11/20 18:50:34.417: [sbi] DEBUG: RECEIVED: 72 (../lib/sbi/nghttp2-server.c:805)
11/20 18:50:34.417: [sbi] DEBUG: [{
		"op":	"replace",
		"path":	"/nfStatus",
		"value":	"REGISTERED"
	}] (../lib/sbi/nghttp2-server.c:806)
11/20 18:50:34.417: [nrf] DEBUG: nrf_state_operational(): OGS_EVENT_NAME_SBI_SERVER (../src/nrf/nrf-sm.c:50)
11/20 18:50:34.417: [nrf] DEBUG: nrf_nf_state_registered(): OGS_EVENT_NAME_SBI_SERVER (../src/nrf/nf-sm.c:183)
11/20 18:50:34.417: [sbi] DEBUG: STATUS [204] (../lib/sbi/nghttp2-server.c:357)
11/20 18:50:34.417: [sbi] DEBUG: STREAM closed [7] (../lib/sbi/nghttp2-server.c:852)
0000: 00001a01 05000000 0789c161 96d07abe   ...........a..z.
0010: 941054d2 7eea0802 128015c6 c1719694   ..T.~........q..
0020: c5a37f                                ...
11/20 18:50:34.417: [sbi] DEBUG: [204:PATCH] http://[::1]:7777/nnrf-nfm/v1/nf-instances/39569a0e-6947-41ed-81b2-df72405de77b (../lib/sbi/client.c:573)
11/20 18:50:34.417: [sbi] DEBUG: RECEIVED[0] (../lib/sbi/client.c:584)
11/20 18:50:34.417: [ausf] DEBUG: ausf_state_operational(): OGS_EVENT_NAME_SBI_CLIENT (../src/ausf/ausf-sm.c:52)
11/20 18:50:34.417: [sbi] DEBUG: ogs_sbi_nf_state_registered(): OGS_EVENT_NAME_SBI_CLIENT (../lib/sbi/nf-sm.c:204)
11/20 18:50:34.469: [udm] DEBUG: udm_state_operational(): OGS_EVENT_NAME_SBI_TIMER (../src/udm/udm-sm.c:53)
11/20 18:50:34.469: [sbi] DEBUG: ogs_sbi_nf_state_registered(): OGS_EVENT_NAME_SBI_TIMER (../lib/sbi/nf-sm.c:204)
11/20 18:50:34.469: [sbi] DEBUG: [PATCH] http://[::1]:7777/nnrf-nfm/v1/nf-instances/395e3f34-6947-41ed-8187-9b18713ac801 (../lib/sbi/client.c:625)
11/20 18:50:34.469: [sbi] DEBUG: SENDING...[72] (../lib/sbi/client.c:401)
11/20 18:50:34.469: [sbi] DEBUG: [{
		"op":	"replace",
		"path":	"/nfStatus",
		"value":	"REGISTERED"
	}] (../lib/sbi/client.c:403)
11/20 18:50:34.470: [sbi] DEBUG: STREAM added [7] (../lib/sbi/nghttp2-server.c:1122)
11/20 18:50:34.470: [sbi] DEBUG: [PATCH] /nnrf-nfm/v1/nf-instances/395e3f34-6947-41ed-8187-9b18713ac801 (../lib/sbi/nghttp2-server.c:801)
11/20 18:50:34.470: [sbi] DEBUG: RECEIVED: 72 (../lib/sbi/nghttp2-server.c:805)
11/20 18:50:34.470: [sbi] DEBUG: [{
		"op":	"replace",
		"path":	"/nfStatus",
		"value":	"REGISTERED"
	}] (../lib/sbi/nghttp2-server.c:806)
11/20 18:50:34.470: [nrf] DEBUG: nrf_state_operational(): OGS_EVENT_NAME_SBI_SERVER (../src/nrf/nrf-sm.c:50)
11/20 18:50:34.470: [nrf] DEBUG: nrf_nf_state_registered(): OGS_EVENT_NAME_SBI_SERVER (../src/nrf/nf-sm.c:183)
11/20 18:50:34.470: [sbi] DEBUG: STATUS [204] (../lib/sbi/nghttp2-server.c:357)
11/20 18:50:34.470: [sbi] DEBUG: STREAM closed [7] (../lib/sbi/nghttp2-server.c:852)
0000: 00001a01 05000000 0789c161 96d07abe   ...........a..z.
0010: 941054d2 7eea0802 128015c6 c1719694   ..T.~........q..
0020: c5a37f                                ...
11/20 18:50:34.470: [sbi] DEBUG: [204:PATCH] http://[::1]:7777/nnrf-nfm/v1/nf-instances/395e3f34-6947-41ed-8187-9b18713ac801 (../lib/sbi/client.c:573)
11/20 18:50:34.470: [sbi] DEBUG: RECEIVED[0] (../lib/sbi/client.c:584)
11/20 18:50:34.470: [udm] DEBUG: udm_state_operational(): OGS_EVENT_NAME_SBI_CLIENT (../src/udm/udm-sm.c:53)
11/20 18:50:34.470: [sbi] DEBUG: ogs_sbi_nf_state_registered(): OGS_EVENT_NAME_SBI_CLIENT (../lib/sbi/nf-sm.c:204)
11/20 18:50:34.526: [pcf] DEBUG: pcf_state_operational(): OGS_EVENT_NAME_SBI_TIMER (../src/pcf/pcf-sm.c:58)
11/20 18:50:34.526: [sbi] DEBUG: ogs_sbi_nf_state_registered(): OGS_EVENT_NAME_SBI_TIMER (../lib/sbi/nf-sm.c:204)
11/20 18:50:34.526: [sbi] DEBUG: [PATCH] http://[::1]:7777/nnrf-nfm/v1/nf-instances/396727de-6947-41ed-b00f-37ef8d8ae97a (../lib/sbi/client.c:625)
11/20 18:50:34.526: [sbi] DEBUG: SENDING...[72] (../lib/sbi/client.c:401)
11/20 18:50:34.526: [sbi] DEBUG: [{
		"op":	"replace",
		"path":	"/nfStatus",
		"value":	"REGISTERED"
	}] (../lib/sbi/client.c:403)
11/20 18:50:34.526: [sbi] DEBUG: STREAM added [7] (../lib/sbi/nghttp2-server.c:1122)
11/20 18:50:34.526: [sbi] DEBUG: [PATCH] /nnrf-nfm/v1/nf-instances/396727de-6947-41ed-b00f-37ef8d8ae97a (../lib/sbi/nghttp2-server.c:801)
11/20 18:50:34.526: [sbi] DEBUG: RECEIVED: 72 (../lib/sbi/nghttp2-server.c:805)
11/20 18:50:34.526: [sbi] DEBUG: [{
		"op":	"replace",
		"path":	"/nfStatus",
		"value":	"REGISTERED"
	}] (../lib/sbi/nghttp2-server.c:806)
11/20 18:50:34.526: [nrf] DEBUG: nrf_state_operational(): OGS_EVENT_NAME_SBI_SERVER (../src/nrf/nrf-sm.c:50)
11/20 18:50:34.526: [nrf] DEBUG: nrf_nf_state_registered(): OGS_EVENT_NAME_SBI_SERVER (../src/nrf/nf-sm.c:183)
11/20 18:50:34.526: [sbi] DEBUG: STATUS [204] (../lib/sbi/nghttp2-server.c:357)
11/20 18:50:34.526: [sbi] DEBUG: STREAM closed [7] (../lib/sbi/nghttp2-server.c:852)
11/20 18:50:34.526: [sbi] DEBUG: [204:PATCH] http://[::1]:7777/nnrf-nfm/v1/nf-instances/396727de-6947-41ed-b00f-37ef8d8ae97a (../lib/sbi/client.c:573)
11/20 18:50:34.526: [sbi] DEBUG: RECEIVED[0] (../lib/sbi/client.c:584)
11/20 18:50:34.526: [pcf] DEBUG: pcf_state_operational(): OGS_EVENT_NAME_SBI_CLIENT (../src/pcf/pcf-sm.c:58)
11/20 18:50:34.526: [sbi] DEBUG: ogs_sbi_nf_state_registered(): OGS_EVENT_NAME_SBI_CLIENT (../lib/sbi/nf-sm.c:204)
0000: 00001a01 05000000 0789c161 96d07abe   ...........a..z.
0010: 941054d2 7eea0802 128015c6 c1719694   ..T.~........q..
0020: c5a37f                                ...
11/20 18:50:34.557: [nssf] DEBUG: nssf_state_operational(): OGS_EVENT_NAME_SBI_TIMER (../src/nssf/nssf-sm.c:53)
11/20 18:50:34.557: [sbi] DEBUG: ogs_sbi_nf_state_registered(): OGS_EVENT_NAME_SBI_TIMER (../lib/sbi/nf-sm.c:204)
11/20 18:50:34.557: [sbi] DEBUG: [PATCH] http://[::1]:7777/nnrf-nfm/v1/nf-instances/396c4750-6947-41ed-b7d7-e31a8ed842a9 (../lib/sbi/client.c:625)
11/20 18:50:34.557: [sbi] DEBUG: SENDING...[72] (../lib/sbi/client.c:401)
11/20 18:50:34.557: [sbi] DEBUG: [{
		"op":	"replace",
		"path":	"/nfStatus",
		"value":	"REGISTERED"
	}] (../lib/sbi/client.c:403)
11/20 18:50:34.557: [sbi] DEBUG: STREAM added [5] (../lib/sbi/nghttp2-server.c:1122)
11/20 18:50:34.557: [sbi] DEBUG: [PATCH] /nnrf-nfm/v1/nf-instances/396c4750-6947-41ed-b7d7-e31a8ed842a9 (../lib/sbi/nghttp2-server.c:801)
11/20 18:50:34.557: [sbi] DEBUG: RECEIVED: 72 (../lib/sbi/nghttp2-server.c:805)
11/20 18:50:34.557: [sbi] DEBUG: [{
		"op":	"replace",
		"path":	"/nfStatus",
		"value":	"REGISTERED"
	}] (../lib/sbi/nghttp2-server.c:806)
11/20 18:50:34.557: [nrf] DEBUG: nrf_state_operational(): OGS_EVENT_NAME_SBI_SERVER (../src/nrf/nrf-sm.c:50)
11/20 18:50:34.557: [nrf] DEBUG: nrf_nf_state_registered(): OGS_EVENT_NAME_SBI_SERVER (../src/nrf/nf-sm.c:183)
11/20 18:50:34.557: [sbi] DEBUG: STATUS [204] (../lib/sbi/nghttp2-server.c:357)
11/20 18:50:34.557: [sbi] DEBUG: STREAM closed [5] (../lib/sbi/nghttp2-server.c:852)
11/20 18:50:34.557: [sbi] DEBUG: [204:PATCH] http://[::1]:7777/nnrf-nfm/v1/nf-instances/396c4750-6947-41ed-b7d7-e31a8ed842a9 (../lib/sbi/client.c:573)
11/20 18:50:34.557: [sbi] DEBUG: RECEIVED[0] (../lib/sbi/client.c:584)
11/20 18:50:34.557: [nssf] DEBUG: nssf_state_operational(): OGS_EVENT_NAME_SBI_CLIENT (../src/nssf/nssf-sm.c:53)
0000: 00001a01 05000000 0589c161 96d07abe   ...........a..z.
0010: 941054d2 7eea0802 128015c6 c1719694   ..T.~........q..
0020: c5a37f                                ...
11/20 18:50:34.557: [sbi] DEBUG: ogs_sbi_nf_state_registered(): OGS_EVENT_NAME_SBI_CLIENT (../lib/sbi/nf-sm.c:204)
11/20 18:50:34.578: [smf] DEBUG: smf_state_operational(): OGS_EVENT_NAME_SBI_TIMER (../src/smf/smf-sm.c:83)
11/20 18:50:34.578: [sbi] DEBUG: ogs_sbi_nf_state_registered(): OGS_EVENT_NAME_SBI_TIMER (../lib/sbi/nf-sm.c:204)
11/20 18:50:34.578: [sbi] DEBUG: [PATCH] http://[::1]:7777/nnrf-nfm/v1/nf-instances/3960ca9c-6947-41ed-9c07-0ffc1a45571d (../lib/sbi/client.c:625)
11/20 18:50:34.578: [sbi] DEBUG: SENDING...[72] (../lib/sbi/client.c:401)
11/20 18:50:34.578: [sbi] DEBUG: [{
		"op":	"replace",
		"path":	"/nfStatus",
		"value":	"REGISTERED"
	}] (../lib/sbi/client.c:403)
11/20 18:50:34.578: [sbi] DEBUG: STREAM added [7] (../lib/sbi/nghttp2-server.c:1122)
11/20 18:50:34.578: [sbi] DEBUG: [PATCH] /nnrf-nfm/v1/nf-instances/3960ca9c-6947-41ed-9c07-0ffc1a45571d (../lib/sbi/nghttp2-server.c:801)
11/20 18:50:34.578: [sbi] DEBUG: RECEIVED: 72 (../lib/sbi/nghttp2-server.c:805)
11/20 18:50:34.578: [sbi] DEBUG: [{
		"op":	"replace",
		"path":	"/nfStatus",
		"value":	"REGISTERED"
	}] (../lib/sbi/nghttp2-server.c:806)
11/20 18:50:34.578: [nrf] DEBUG: nrf_state_operational(): OGS_EVENT_NAME_SBI_SERVER (../src/nrf/nrf-sm.c:50)
11/20 18:50:34.578: [nrf] DEBUG: nrf_nf_state_registered(): OGS_EVENT_NAME_SBI_SERVER (../src/nrf/nf-sm.c:183)
11/20 18:50:34.579: [sbi] DEBUG: STATUS [204] (../lib/sbi/nghttp2-server.c:357)
11/20 18:50:34.579: [sbi] DEBUG: STREAM closed [7] (../lib/sbi/nghttp2-server.c:852)
11/20 18:50:34.579: [sbi] DEBUG: [204:PATCH] http://[::1]:7777/nnrf-nfm/v1/nf-instances/3960ca9c-6947-41ed-9c07-0ffc1a45571d (../lib/sbi/client.c:573)
0000: 00001a01 05000000 0789c161 96d07abe   ...........a..z.
0010: 941054d2 7eea0802 128015c6 c1719694   ..T.~........q..
0020: c5a37f                                ...
11/20 18:50:34.579: [sbi] DEBUG: RECEIVED[0] (../lib/sbi/client.c:584)
11/20 18:50:34.579: [smf] DEBUG: smf_state_operational(): OGS_EVENT_NAME_SBI_CLIENT (../src/smf/smf-sm.c:83)
11/20 18:50:34.579: [sbi] DEBUG: ogs_sbi_nf_state_registered(): OGS_EVENT_NAME_SBI_CLIENT (../lib/sbi/nf-sm.c:204)
11/20 18:50:34.618: [sbi] DEBUG: connection closed [::1]:47668 (../lib/sbi/nghttp2-server.c:618)
11/20 18:50:35.608: [nrf] DEBUG: nrf_state_operational(): OGS_EVENT_NAME_SBI_TIMER (../src/nrf/nrf-sm.c:50)
11/20 18:50:35.608: [nrf] WARNING: [3974e6ee-6947-41ed-829b-8bfef0cdae77] No heartbeat (../src/nrf/nrf-sm.c:244)
11/20 18:50:35.608: [nrf] DEBUG: nrf_nf_state_registered(): EXIT (../src/nrf/nf-sm.c:183)
11/20 18:50:35.608: [nrf] INFO: [3974e6ee-6947-41ed-829b-8bfef0cdae77] NF de-registered (../src/nrf/nf-sm.c:205)
11/20 18:50:35.608: [sbi] DEBUG: [POST] http://127.0.0.13:7777/nnrf-nfm/v1/nf-status-notify (../lib/sbi/client.c:625)
11/20 18:50:35.608: [sbi] DEBUG: SENDING...[137] (../lib/sbi/client.c:401)
11/20 18:50:35.608: [sbi] DEBUG: {
	"event":	"NF_DEREGISTERED",
	"nfInstanceUri":	"http://127.0.0.10:7777/nnrf-nfm/v1/nf-instances/3974e6ee-6947-41ed-829b-8bfef0cdae77"
} (../lib/sbi/client.c:403)
11/20 18:50:35.608: [nrf] DEBUG: nrf_nf_state_final(): EXIT (../src/nrf/nf-sm.c:74)
11/20 18:50:35.608: [sbi] DEBUG: ogs_sbi_nf_instance_remove() (../lib/sbi/context.c:870)
11/20 18:50:35.608: [sbi] DEBUG: STREAM added [7] (../lib/sbi/nghttp2-server.c:1122)
11/20 18:50:35.608: [sbi] DEBUG: [POST] /nnrf-nfm/v1/nf-status-notify (../lib/sbi/nghttp2-server.c:801)
11/20 18:50:35.608: [sbi] DEBUG: RECEIVED: 137 (../lib/sbi/nghttp2-server.c:805)
11/20 18:50:35.608: [sbi] DEBUG: {
	"event":	"NF_DEREGISTERED",
	"nfInstanceUri":	"http://127.0.0.10:7777/nnrf-nfm/v1/nf-instances/3974e6ee-6947-41ed-829b-8bfef0cdae77"
} (../lib/sbi/nghttp2-server.c:806)
11/20 18:50:35.608: [pcf] DEBUG: pcf_state_operational(): OGS_EVENT_NAME_SBI_SERVER (../src/pcf/pcf-sm.c:58)
11/20 18:50:35.608: [sbi] INFO: [3974e6ee-6947-41ed-829b-8bfef0cdae77] NF removed (../lib/sbi/nnrf-handler.c:647)
11/20 18:50:35.608: [sbi] DEBUG: ogs_sbi_nf_state_registered(): EXIT (../lib/sbi/nf-sm.c:204)
11/20 18:50:35.608: [sbi] DEBUG: ogs_sbi_nf_state_final(): EXIT (../lib/sbi/nf-sm.c:99)
11/20 18:50:35.608: [sbi] DEBUG: ogs_sbi_nf_instance_remove() (../lib/sbi/context.c:870)
11/20 18:50:35.608: [sbi] DEBUG: ogs_sbi_client_remove() [127.0.0.15:7777] (../lib/sbi/client.c:153)
11/20 18:50:35.608: [sbi] DEBUG: [UNREF] 2 (../lib/sbi/client.c:157)
11/20 18:50:35.608: [sbi] DEBUG: ogs_sbi_client_remove() [127.0.0.15:80] (../lib/sbi/client.c:153)
11/20 18:50:35.609: [sbi] DEBUG: [UNREF] 2 (../lib/sbi/client.c:157)
11/20 18:50:35.609: [sbi] DEBUG: STATUS [204] (../lib/sbi/nghttp2-server.c:357)
11/20 18:50:35.609: [sbi] DEBUG: STREAM closed [7] (../lib/sbi/nghttp2-server.c:852)
0000: 00001a01 05000000 0789c061 96d07abe   ...........a..z.
0010: 941054d2 7eea0802 128015c6 c17196d4   ..T.~........q..
0020: c5a37f                                ...
11/20 18:50:35.609: [sbi] DEBUG: [204:POST] http://127.0.0.13:7777/nnrf-nfm/v1/nf-status-notify (../lib/sbi/client.c:573)
11/20 18:50:35.609: [sbi] DEBUG: RECEIVED[0] (../lib/sbi/client.c:584)
11/20 18:50:36.489: [amf] DEBUG: amf_state_operational(): OGS_EVENT_NAME_SBI_TIMER (../src/amf/amf-sm.c:78)
11/20 18:50:36.489: [sbi] DEBUG: ogs_sbi_nf_state_registered(): OGS_EVENT_NAME_SBI_TIMER (../lib/sbi/nf-sm.c:204)
11/20 18:50:36.489: [sbi] DEBUG: [PATCH] http://[::1]:7777/nnrf-nfm/v1/nf-instances/394fdae8-6947-41ed-b1de-d514f6e17eae (../lib/sbi/client.c:625)
11/20 18:50:36.489: [sbi] DEBUG: SENDING...[72] (../lib/sbi/client.c:401)
11/20 18:50:36.489: [sbi] DEBUG: [{
		"op":	"replace",
		"path":	"/nfStatus",
		"value":	"REGISTERED"
	}] (../lib/sbi/client.c:403)
11/20 18:50:36.490: [sbi] DEBUG: STREAM added [5] (../lib/sbi/nghttp2-server.c:1122)
11/20 18:50:36.490: [sbi] DEBUG: [PATCH] /nnrf-nfm/v1/nf-instances/394fdae8-6947-41ed-b1de-d514f6e17eae (../lib/sbi/nghttp2-server.c:801)
11/20 18:50:36.490: [sbi] DEBUG: RECEIVED: 72 (../lib/sbi/nghttp2-server.c:805)
11/20 18:50:36.490: [sbi] DEBUG: [{
		"op":	"replace",
		"path":	"/nfStatus",
		"value":	"REGISTERED"
	}] (../lib/sbi/nghttp2-server.c:806)
11/20 18:50:36.490: [nrf] DEBUG: nrf_state_operational(): OGS_EVENT_NAME_SBI_SERVER (../src/nrf/nrf-sm.c:50)
11/20 18:50:36.490: [nrf] DEBUG: nrf_nf_state_registered(): OGS_EVENT_NAME_SBI_SERVER (../src/nrf/nf-sm.c:183)
11/20 18:50:36.490: [sbi] DEBUG: STATUS [204] (../lib/sbi/nghttp2-server.c:357)
11/20 18:50:36.490: [sbi] DEBUG: STREAM closed [5] (../lib/sbi/nghttp2-server.c:852)
0000: 00001a01 05000000 0589c161 96d07abe   ...........a..z.
0010: 941054d2 7eea0802 128015c6 c1719714   ..T.~........q..
0020: c5a37f                                ...
11/20 18:50:36.490: [sbi] DEBUG: [204:PATCH] http://[::1]:7777/nnrf-nfm/v1/nf-instances/394fdae8-6947-41ed-b1de-d514f6e17eae (../lib/sbi/client.c:573)
11/20 18:50:36.490: [sbi] DEBUG: RECEIVED[0] (../lib/sbi/client.c:584)
11/20 18:50:36.490: [amf] DEBUG: amf_state_operational(): OGS_EVENT_NAME_SBI_CLIENT (../src/amf/amf-sm.c:78)
11/20 18:50:36.490: [sbi] DEBUG: ogs_sbi_nf_state_registered(): OGS_EVENT_NAME_SBI_CLIENT (../lib/sbi/nf-sm.c:204)
11/20 18:50:36.580: [smf] DEBUG: smf_state_operational(): SMF_EVT_N4_TIMER (../src/smf/smf-sm.c:83)
11/20 18:50:36.580: [smf] DEBUG: smf_pfcp_state_associated(): SMF_EVT_N4_TIMER (../src/smf/pfcp-sm.c:165)
11/20 18:50:36.580: [pfcp] DEBUG: [3] LOCAL  Create  peer [127.0.0.7]:8805 (../lib/pfcp/xact.c:116)
11/20 18:50:36.580: [pfcp] DEBUG: Heartbeat Request (../lib/pfcp/build.c:27)
11/20 18:50:36.580: [pfcp] DEBUG: [3] LOCAL  UPD TX-1  peer [127.0.0.7]:8805 (../lib/pfcp/xact.c:197)
11/20 18:50:36.580: [pfcp] DEBUG: [3] LOCAL  Commit  peer [127.0.0.7]:8805 (../lib/pfcp/xact.c:475)
11/20 18:50:36.580: [upf] DEBUG: upf_state_operational(): UPF_EVT_N4_MESSAGE (../src/upf/upf-sm.c:51)
11/20 18:50:36.580: [pfcp] DEBUG: [3] Cannot find xact type 1 from PFCP peer [127.0.0.4]:8805 (../lib/pfcp/xact.c:797)
11/20 18:50:36.580: [pfcp] DEBUG: [3] REMOTE Create  peer [127.0.0.4]:8805 (../lib/pfcp/xact.c:159)
11/20 18:50:36.580: [pfcp] DEBUG: [3] REMOTE Receive peer [127.0.0.4]:8805 (../lib/pfcp/xact.c:704)
11/20 18:50:36.580: [pfcp] DEBUG: [3] REMOTE UPD RX-1  peer [127.0.0.4]:8805 (../lib/pfcp/xact.c:298)
11/20 18:50:36.580: [upf] DEBUG: upf_pfcp_state_associated(): UPF_EVT_N4_MESSAGE (../src/upf/pfcp-sm.c:164)
11/20 18:50:36.580: [pfcp] DEBUG: Heartbeat Response (../lib/pfcp/build.c:44)
11/20 18:50:36.580: [pfcp] DEBUG: [3] REMOTE UPD TX-2  peer [127.0.0.4]:8805 (../lib/pfcp/xact.c:197)
11/20 18:50:36.580: [pfcp] DEBUG: [3] REMOTE Commit  peer [127.0.0.4]:8805 (../lib/pfcp/xact.c:475)
11/20 18:50:36.580: [upf] DEBUG: upf_state_operational(): UPF_EVT_N4_TIMER (../src/upf/upf-sm.c:51)
11/20 18:50:36.580: [upf] DEBUG: upf_pfcp_state_associated(): UPF_EVT_N4_TIMER (../src/upf/pfcp-sm.c:164)
11/20 18:50:36.580: [pfcp] DEBUG: [3] LOCAL  Create  peer [127.0.0.4]:8805 (../lib/pfcp/xact.c:116)
11/20 18:50:36.580: [pfcp] DEBUG: Heartbeat Request (../lib/pfcp/build.c:27)
11/20 18:50:36.580: [pfcp] DEBUG: [3] LOCAL  UPD TX-1  peer [127.0.0.4]:8805 (../lib/pfcp/xact.c:197)
11/20 18:50:36.580: [pfcp] DEBUG: [3] LOCAL  Commit  peer [127.0.0.4]:8805 (../lib/pfcp/xact.c:475)
11/20 18:50:36.580: [smf] DEBUG: smf_state_operational(): SMF_EVT_N4_MESSAGE (../src/smf/smf-sm.c:83)
11/20 18:50:36.580: [pfcp] DEBUG: [3] LOCAL  Find    peer [127.0.0.7]:8805 (../lib/pfcp/xact.c:790)
11/20 18:50:36.580: [pfcp] DEBUG: [3] LOCAL  Receive peer [127.0.0.7]:8805 (../lib/pfcp/xact.c:704)
11/20 18:50:36.580: [pfcp] DEBUG: [3] LOCAL  UPD RX-2  peer [127.0.0.7]:8805 (../lib/pfcp/xact.c:298)
11/20 18:50:36.580: [smf] DEBUG: smf_pfcp_state_associated(): SMF_EVT_N4_MESSAGE (../src/smf/pfcp-sm.c:165)
11/20 18:50:36.580: [pfcp] DEBUG: [3] LOCAL  Commit  peer [127.0.0.7]:8805 (../lib/pfcp/xact.c:475)
11/20 18:50:36.580: [pfcp] DEBUG: [3] LOCAL  Delete  peer [127.0.0.7]:8805 (../lib/pfcp/xact.c:813)
11/20 18:50:36.580: [smf] DEBUG: smf_state_operational(): SMF_EVT_N4_MESSAGE (../src/smf/smf-sm.c:83)
11/20 18:50:36.580: [pfcp] DEBUG: [3] Cannot find xact type 1 from PFCP peer [127.0.0.7]:8805 (../lib/pfcp/xact.c:797)
11/20 18:50:36.580: [pfcp] DEBUG: [3] REMOTE Create  peer [127.0.0.7]:8805 (../lib/pfcp/xact.c:159)
11/20 18:50:36.580: [pfcp] DEBUG: [3] REMOTE Receive peer [127.0.0.7]:8805 (../lib/pfcp/xact.c:704)
11/20 18:50:36.580: [pfcp] DEBUG: [3] REMOTE UPD RX-1  peer [127.0.0.7]:8805 (../lib/pfcp/xact.c:298)
11/20 18:50:36.580: [smf] DEBUG: smf_pfcp_state_associated(): SMF_EVT_N4_MESSAGE (../src/smf/pfcp-sm.c:165)
11/20 18:50:36.580: [pfcp] DEBUG: Heartbeat Response (../lib/pfcp/build.c:44)
11/20 18:50:36.580: [pfcp] DEBUG: [3] REMOTE UPD TX-2  peer [127.0.0.7]:8805 (../lib/pfcp/xact.c:197)
11/20 18:50:36.580: [pfcp] DEBUG: [3] REMOTE Commit  peer [127.0.0.7]:8805 (../lib/pfcp/xact.c:475)
11/20 18:50:36.580: [upf] DEBUG: upf_state_operational(): UPF_EVT_N4_MESSAGE (../src/upf/upf-sm.c:51)
11/20 18:50:36.580: [pfcp] DEBUG: [3] LOCAL  Find    peer [127.0.0.4]:8805 (../lib/pfcp/xact.c:790)
11/20 18:50:36.581: [pfcp] DEBUG: [3] LOCAL  Receive peer [127.0.0.4]:8805 (../lib/pfcp/xact.c:704)
11/20 18:50:36.581: [pfcp] DEBUG: [3] LOCAL  UPD RX-2  peer [127.0.0.4]:8805 (../lib/pfcp/xact.c:298)
11/20 18:50:36.581: [upf] DEBUG: upf_pfcp_state_associated(): UPF_EVT_N4_MESSAGE (../src/upf/pfcp-sm.c:164)
11/20 18:50:36.581: [pfcp] DEBUG: [3] LOCAL  Commit  peer [127.0.0.4]:8805 (../lib/pfcp/xact.c:475)
11/20 18:50:36.581: [pfcp] DEBUG: [3] LOCAL  Delete  peer [127.0.0.4]:8805 (../lib/pfcp/xact.c:813)
11/20 18:50:44.088: [pfcp] DEBUG: [3] REMOTE Holding Timeout for step 2 type 2 peer [127.0.0.7]:8805 (../lib/pfcp/xact.c:647)
11/20 18:50:44.088: [pfcp] DEBUG: [3] REMOTE Delete Transaction for step 2 type 2 peer [127.0.0.7]:8805 (../lib/pfcp/xact.c:660)
11/20 18:50:44.088: [pfcp] DEBUG: [3] REMOTE Delete  peer [127.0.0.7]:8805 (../lib/pfcp/xact.c:813)
11/20 18:50:44.088: [pfcp] DEBUG: [3] REMOTE Holding Timeout for step 2 type 2 peer [127.0.0.4]:8805 (../lib/pfcp/xact.c:647)
11/20 18:50:44.088: [pfcp] DEBUG: [3] REMOTE Delete Transaction for step 2 type 2 peer [127.0.0.4]:8805 (../lib/pfcp/xact.c:660)
11/20 18:50:44.088: [pfcp] DEBUG: [3] REMOTE Delete  peer [127.0.0.4]:8805 (../lib/pfcp/xact.c:813)
11/20 18:50:44.419: [ausf] DEBUG: ausf_state_operational(): OGS_EVENT_NAME_SBI_TIMER (../src/ausf/ausf-sm.c:52)
11/20 18:50:44.419: [sbi] DEBUG: ogs_sbi_nf_state_registered(): OGS_EVENT_NAME_SBI_TIMER (../lib/sbi/nf-sm.c:204)
11/20 18:50:44.419: [sbi] DEBUG: [PATCH] http://[::1]:7777/nnrf-nfm/v1/nf-instances/39569a0e-6947-41ed-81b2-df72405de77b (../lib/sbi/client.c:625)
11/20 18:50:44.419: [sbi] DEBUG: SENDING...[72] (../lib/sbi/client.c:401)
11/20 18:50:44.419: [sbi] DEBUG: [{
		"op":	"replace",
		"path":	"/nfStatus",
		"value":	"REGISTERED"
	}] (../lib/sbi/client.c:403)
11/20 18:50:44.419: [sbi] DEBUG: STREAM added [9] (../lib/sbi/nghttp2-server.c:1122)
11/20 18:50:44.420: [sbi] DEBUG: [PATCH] /nnrf-nfm/v1/nf-instances/39569a0e-6947-41ed-81b2-df72405de77b (../lib/sbi/nghttp2-server.c:801)
11/20 18:50:44.420: [sbi] DEBUG: RECEIVED: 72 (../lib/sbi/nghttp2-server.c:805)
11/20 18:50:44.420: [sbi] DEBUG: [{
		"op":	"replace",
		"path":	"/nfStatus",
		"value":	"REGISTERED"
	}] (../lib/sbi/nghttp2-server.c:806)
11/20 18:50:44.420: [nrf] DEBUG: nrf_state_operational(): OGS_EVENT_NAME_SBI_SERVER (../src/nrf/nrf-sm.c:50)
11/20 18:50:44.420: [nrf] DEBUG: nrf_nf_state_registered(): OGS_EVENT_NAME_SBI_SERVER (../src/nrf/nf-sm.c:183)
11/20 18:50:44.420: [sbi] DEBUG: STATUS [204] (../lib/sbi/nghttp2-server.c:357)
11/20 18:50:44.420: [sbi] DEBUG: STREAM closed [9] (../lib/sbi/nghttp2-server.c:852)
0000: 00001a01 05000000 0989c261 96d07abe   ...........a..z.
0010: 941054d2 7eea0802 128015c6 c171a694   ..T.~........q..
0020: c5a37f                                ...
11/20 18:50:44.420: [sbi] DEBUG: [204:PATCH] http://[::1]:7777/nnrf-nfm/v1/nf-instances/39569a0e-6947-41ed-81b2-df72405de77b (../lib/sbi/client.c:573)
11/20 18:50:44.420: [sbi] DEBUG: RECEIVED[0] (../lib/sbi/client.c:584)
11/20 18:50:44.420: [ausf] DEBUG: ausf_state_operational(): OGS_EVENT_NAME_SBI_CLIENT (../src/ausf/ausf-sm.c:52)
11/20 18:50:44.420: [sbi] DEBUG: ogs_sbi_nf_state_registered(): OGS_EVENT_NAME_SBI_CLIENT (../lib/sbi/nf-sm.c:204)
11/20 18:50:44.480: [udm] DEBUG: udm_state_operational(): OGS_EVENT_NAME_SBI_TIMER (../src/udm/udm-sm.c:53)
11/20 18:50:44.480: [sbi] DEBUG: ogs_sbi_nf_state_registered(): OGS_EVENT_NAME_SBI_TIMER (../lib/sbi/nf-sm.c:204)
11/20 18:50:44.480: [sbi] DEBUG: [PATCH] http://[::1]:7777/nnrf-nfm/v1/nf-instances/395e3f34-6947-41ed-8187-9b18713ac801 (../lib/sbi/client.c:625)
11/20 18:50:44.480: [sbi] DEBUG: SENDING...[72] (../lib/sbi/client.c:401)
11/20 18:50:44.480: [sbi] DEBUG: [{
		"op":	"replace",
		"path":	"/nfStatus",
		"value":	"REGISTERED"
	}] (../lib/sbi/client.c:403)
11/20 18:50:44.481: [sbi] DEBUG: STREAM added [9] (../lib/sbi/nghttp2-server.c:1122)
11/20 18:50:44.481: [sbi] DEBUG: [PATCH] /nnrf-nfm/v1/nf-instances/395e3f34-6947-41ed-8187-9b18713ac801 (../lib/sbi/nghttp2-server.c:801)
11/20 18:50:44.481: [sbi] DEBUG: RECEIVED: 72 (../lib/sbi/nghttp2-server.c:805)
11/20 18:50:44.481: [sbi] DEBUG: [{
		"op":	"replace",
		"path":	"/nfStatus",
		"value":	"REGISTERED"
	}] (../lib/sbi/nghttp2-server.c:806)
11/20 18:50:44.481: [nrf] DEBUG: nrf_state_operational(): OGS_EVENT_NAME_SBI_SERVER (../src/nrf/nrf-sm.c:50)
11/20 18:50:44.481: [nrf] DEBUG: nrf_nf_state_registered(): OGS_EVENT_NAME_SBI_SERVER (../src/nrf/nf-sm.c:183)
11/20 18:50:44.481: [sbi] DEBUG: STATUS [204] (../lib/sbi/nghttp2-server.c:357)
11/20 18:50:44.481: [sbi] DEBUG: STREAM closed [9] (../lib/sbi/nghttp2-server.c:852)
11/20 18:50:44.481: [sbi] DEBUG: [204:PATCH] http://[::1]:7777/nnrf-nfm/v1/nf-instances/395e3f34-6947-41ed-8187-9b18713ac801 (../lib/sbi/client.c:573)
0000: 00001a01 05000000 0989c261 96d07abe   ...........a..z.
0010: 941054d2 7eea0802 128015c6 c171a694   ..T.~........q..
0020: c5a37f                                ...
11/20 18:50:44.481: [sbi] DEBUG: RECEIVED[0] (../lib/sbi/client.c:584)
11/20 18:50:44.481: [udm] DEBUG: udm_state_operational(): OGS_EVENT_NAME_SBI_CLIENT (../src/udm/udm-sm.c:53)
11/20 18:50:44.481: [sbi] DEBUG: ogs_sbi_nf_state_registered(): OGS_EVENT_NAME_SBI_CLIENT (../lib/sbi/nf-sm.c:204)
11/20 18:50:44.535: [pcf] DEBUG: pcf_state_operational(): OGS_EVENT_NAME_SBI_TIMER (../src/pcf/pcf-sm.c:58)
11/20 18:50:44.535: [sbi] DEBUG: ogs_sbi_nf_state_registered(): OGS_EVENT_NAME_SBI_TIMER (../lib/sbi/nf-sm.c:204)
11/20 18:50:44.535: [sbi] DEBUG: [PATCH] http://[::1]:7777/nnrf-nfm/v1/nf-instances/396727de-6947-41ed-b00f-37ef8d8ae97a (../lib/sbi/client.c:625)
11/20 18:50:44.535: [sbi] DEBUG: SENDING...[72] (../lib/sbi/client.c:401)
11/20 18:50:44.535: [sbi] DEBUG: [{
		"op":	"replace",
		"path":	"/nfStatus",
		"value":	"REGISTERED"
	}] (../lib/sbi/client.c:403)
11/20 18:50:44.535: [sbi] DEBUG: STREAM added [9] (../lib/sbi/nghttp2-server.c:1122)
11/20 18:50:44.535: [sbi] DEBUG: [PATCH] /nnrf-nfm/v1/nf-instances/396727de-6947-41ed-b00f-37ef8d8ae97a (../lib/sbi/nghttp2-server.c:801)
11/20 18:50:44.535: [sbi] DEBUG: RECEIVED: 72 (../lib/sbi/nghttp2-server.c:805)
11/20 18:50:44.535: [sbi] DEBUG: [{
		"op":	"replace",
		"path":	"/nfStatus",
		"value":	"REGISTERED"
	}] (../lib/sbi/nghttp2-server.c:806)
11/20 18:50:44.535: [nrf] DEBUG: nrf_state_operational(): OGS_EVENT_NAME_SBI_SERVER (../src/nrf/nrf-sm.c:50)
11/20 18:50:44.535: [nrf] DEBUG: nrf_nf_state_registered(): OGS_EVENT_NAME_SBI_SERVER (../src/nrf/nf-sm.c:183)
11/20 18:50:44.536: [sbi] DEBUG: STATUS [204] (../lib/sbi/nghttp2-server.c:357)
11/20 18:50:44.536: [sbi] DEBUG: STREAM closed [9] (../lib/sbi/nghttp2-server.c:852)
11/20 18:50:44.536: [sbi] DEBUG: [204:PATCH] http://[::1]:7777/nnrf-nfm/v1/nf-instances/396727de-6947-41ed-b00f-37ef8d8ae97a (../lib/sbi/client.c:573)
11/20 18:50:44.536: [sbi] DEBUG: RECEIVED[0] (../lib/sbi/client.c:584)
11/20 18:50:44.536: [pcf] DEBUG: pcf_state_operational(): OGS_EVENT_NAME_SBI_CLIENT (../src/pcf/pcf-sm.c:58)
11/20 18:50:44.536: [sbi] DEBUG: ogs_sbi_nf_state_registered(): OGS_EVENT_NAME_SBI_CLIENT (../lib/sbi/nf-sm.c:204)
0000: 00001a01 05000000 0989c261 96d07abe   ...........a..z.
0010: 941054d2 7eea0802 128015c6 c171a694   ..T.~........q..
0020: c5a37f                                ...
11/20 18:50:44.570: [sbi] DEBUG: connection closed [::1]:47658 (../lib/sbi/nghttp2-server.c:618)
11/20 18:50:44.579: [smf] DEBUG: smf_state_operational(): OGS_EVENT_NAME_SBI_TIMER (../src/smf/smf-sm.c:83)
11/20 18:50:44.579: [sbi] DEBUG: ogs_sbi_nf_state_registered(): OGS_EVENT_NAME_SBI_TIMER (../lib/sbi/nf-sm.c:204)
11/20 18:50:44.579: [sbi] DEBUG: [PATCH] http://[::1]:7777/nnrf-nfm/v1/nf-instances/3960ca9c-6947-41ed-9c07-0ffc1a45571d (../lib/sbi/client.c:625)
11/20 18:50:44.580: [sbi] DEBUG: SENDING...[72] (../lib/sbi/client.c:401)
11/20 18:50:44.580: [sbi] DEBUG: [{
		"op":	"replace",
		"path":	"/nfStatus",
		"value":	"REGISTERED"
	}] (../lib/sbi/client.c:403)
11/20 18:50:44.580: [sbi] DEBUG: STREAM added [9] (../lib/sbi/nghttp2-server.c:1122)
11/20 18:50:44.580: [sbi] DEBUG: [PATCH] /nnrf-nfm/v1/nf-instances/3960ca9c-6947-41ed-9c07-0ffc1a45571d (../lib/sbi/nghttp2-server.c:801)
11/20 18:50:44.580: [sbi] DEBUG: RECEIVED: 72 (../lib/sbi/nghttp2-server.c:805)
11/20 18:50:44.580: [sbi] DEBUG: [{
		"op":	"replace",
		"path":	"/nfStatus",
		"value":	"REGISTERED"
	}] (../lib/sbi/nghttp2-server.c:806)
11/20 18:50:44.580: [nrf] DEBUG: nrf_state_operational(): OGS_EVENT_NAME_SBI_SERVER (../src/nrf/nrf-sm.c:50)
11/20 18:50:44.580: [nrf] DEBUG: nrf_nf_state_registered(): OGS_EVENT_NAME_SBI_SERVER (../src/nrf/nf-sm.c:183)
11/20 18:50:44.580: [sbi] DEBUG: STATUS [204] (../lib/sbi/nghttp2-server.c:357)
11/20 18:50:44.580: [sbi] DEBUG: STREAM closed [9] (../lib/sbi/nghttp2-server.c:852)
11/20 18:50:44.580: [sbi] DEBUG: [204:PATCH] http://[::1]:7777/nnrf-nfm/v1/nf-instances/3960ca9c-6947-41ed-9c07-0ffc1a45571d (../lib/sbi/client.c:573)
0000: 00001a01 05000000 0989c261 96d07abe   ...........a..z.
0010: 941054d2 7eea0802 128015c6 c171a694   ..T.~........q..
0020: c5a37f                                ...
11/20 18:50:44.580: [sbi] DEBUG: RECEIVED[0] (../lib/sbi/client.c:584)
11/20 18:50:44.580: [smf] DEBUG: smf_state_operational(): OGS_EVENT_NAME_SBI_CLIENT (../src/smf/smf-sm.c:83)
11/20 18:50:44.580: [sbi] DEBUG: ogs_sbi_nf_state_registered(): OGS_EVENT_NAME_SBI_CLIENT (../lib/sbi/nf-sm.c:204)
11/20 18:50:45.257: [diam] DEBUG: pid:ConnTo:pcrf.localdomain in md_hook_cb_tree@dbg_msg_dumps.c:150: CONNECT FAILED to pcrf.localdomain: All connection attempts failed, will retry later
 ((null):0)
11/20 18:50:45.558: [nrf] DEBUG: nrf_state_operational(): OGS_EVENT_NAME_SBI_TIMER (../src/nrf/nrf-sm.c:50)
11/20 18:50:45.558: [nrf] WARNING: [396c4750-6947-41ed-b7d7-e31a8ed842a9] No heartbeat (../src/nrf/nrf-sm.c:244)
11/20 18:50:45.558: [nrf] DEBUG: nrf_nf_state_registered(): EXIT (../src/nrf/nf-sm.c:183)
11/20 18:50:45.558: [nrf] INFO: [396c4750-6947-41ed-b7d7-e31a8ed842a9] NF de-registered (../src/nrf/nf-sm.c:205)
11/20 18:50:45.558: [sbi] DEBUG: [POST] http://127.0.0.5:7777/nnrf-nfm/v1/nf-status-notify (../lib/sbi/client.c:625)
11/20 18:50:45.558: [sbi] DEBUG: SENDING...[137] (../lib/sbi/client.c:401)
11/20 18:50:45.558: [sbi] DEBUG: {
	"event":	"NF_DEREGISTERED",
	"nfInstanceUri":	"http://127.0.0.10:7777/nnrf-nfm/v1/nf-instances/396c4750-6947-41ed-b7d7-e31a8ed842a9"
} (../lib/sbi/client.c:403)
11/20 18:50:45.558: [nrf] DEBUG: nrf_nf_state_final(): EXIT (../src/nrf/nf-sm.c:74)
11/20 18:50:45.558: [sbi] DEBUG: ogs_sbi_nf_instance_remove() (../lib/sbi/context.c:870)
11/20 18:50:45.560: [sbi] DEBUG: MAX_CONCURRENT_STREAMS = 100 (../lib/sbi/nghttp2-server.c:747)
11/20 18:50:45.560: [sbi] DEBUG: ENABLE_PUSH = false (../lib/sbi/nghttp2-server.c:749)
11/20 18:50:45.560: [sbi] DEBUG: STREAM added [1] (../lib/sbi/nghttp2-server.c:1122)
11/20 18:50:45.560: [sbi] DEBUG: [POST] /nnrf-nfm/v1/nf-status-notify (../lib/sbi/nghttp2-server.c:801)
11/20 18:50:45.560: [sbi] DEBUG: RECEIVED: 137 (../lib/sbi/nghttp2-server.c:805)
11/20 18:50:45.560: [sbi] DEBUG: {
	"event":	"NF_DEREGISTERED",
	"nfInstanceUri":	"http://127.0.0.10:7777/nnrf-nfm/v1/nf-instances/396c4750-6947-41ed-b7d7-e31a8ed842a9"
} (../lib/sbi/nghttp2-server.c:806)
0000: 00000604 00000000 00000300 04e200     ...............
11/20 18:50:45.560: [amf] DEBUG: amf_state_operational(): OGS_EVENT_NAME_SBI_SERVER (../src/amf/amf-sm.c:78)
11/20 18:50:45.561: [sbi] WARNING: [396c4750-6947-41ed-b7d7-e31a8ed842a9] (NRF-notify) Not found (../lib/sbi/nnrf-handler.c:653)
11/20 18:50:45.561: [sbi] DEBUG: STATUS [404] (../lib/sbi/nghttp2-server.c:357)
11/20 18:50:45.561: [sbi] DEBUG: SENDING...: 151 (../lib/sbi/nghttp2-server.c:365)
11/20 18:50:45.561: [sbi] DEBUG: {
	"type":	"/nnrf-nfm/v1",
	"title":	"Not found",
	"status":	404,
	"detail":	"396c4750-6947-41ed-b7d7-e31a8ed842a9",
	"instance":	"/nf-status-notify"
} (../lib/sbi/nghttp2-server.c:366)
11/20 18:50:45.561: [sbi] DEBUG: STREAM closed [1] (../lib/sbi/nghttp2-server.c:852)
11/20 18:50:45.561: [sbi] DEBUG: MAX_CONCURRENT_STREAMS = 100 (../lib/sbi/nghttp2-server.c:747)
11/20 18:50:45.561: [sbi] DEBUG: ENABLE_PUSH = false (../lib/sbi/nghttp2-server.c:749)
0000: 00000004 01000000 00                  .........
0000: 00003f01 04000000 018d768b d5596a6f   ..?.......v..Yjo
0010: 16e53b89 76d76f61 96d07abe 941054d2   ..;.v.oa..z...T.
0020: 7eea0802 128015c6 c171a6d4 c5a37f0f   ~........q......
0030: 0d820b61 5f921d75 d0620d26 3d4c5761   ...a_..u.b.&=LWa
0040: e3a0b4ff be883d5f                     ......=_
0000: 00009700 01000000 017b0a09 22747970   .........{.."typ
0010: 65223a09 222f6e6e 72662d6e 666d2f76   e":."/nnrf-nfm/v
0020: 31222c0a 09227469 746c6522 3a09224e   1",.."title":."N
0030: 6f742066 6f756e64 222c0a09 22737461   ot found",.."sta
0040: 74757322 3a093430 342c0a09 22646574   tus":.404,.."det
0050: 61696c22 3a092233 39366334 3735302d   ail":."396c4750-
0060: 36393437 2d343165 642d6237 64372d65   6947-41ed-b7d7-e
0070: 33316138 65643834 32613922 2c0a0922   31a8ed842a9",.."
0080: 696e7374 616e6365 223a0922 2f6e662d   instance":."/nf-
0090: 73746174 75732d6e 6f746966 79220a7d   status-notify".}
11/20 18:50:45.561: [sbi] DEBUG: [404:POST] http://127.0.0.5:7777/nnrf-nfm/v1/nf-status-notify (../lib/sbi/client.c:573)
11/20 18:50:45.561: [sbi] DEBUG: RECEIVED[151] (../lib/sbi/client.c:584)
11/20 18:50:45.561: [sbi] DEBUG: {
	"type":	"/nnrf-nfm/v1",
	"title":	"Not found",
	"status":	404,
	"detail":	"396c4750-6947-41ed-b7d7-e31a8ed842a9",
	"instance":	"/nf-status-notify"
} (../lib/sbi/client.c:586)
11/20 18:50:45.561: [nrf] WARNING: Subscription notification failed [404] (../src/nrf/sbi-path.c:46)
11/20 18:50:46.491: [amf] DEBUG: amf_state_operational(): OGS_EVENT_NAME_SBI_TIMER (../src/amf/amf-sm.c:78)
11/20 18:50:46.491: [sbi] DEBUG: ogs_sbi_nf_state_registered(): OGS_EVENT_NAME_SBI_TIMER (../lib/sbi/nf-sm.c:204)
11/20 18:50:46.491: [sbi] DEBUG: [PATCH] http://[::1]:7777/nnrf-nfm/v1/nf-instances/394fdae8-6947-41ed-b1de-d514f6e17eae (../lib/sbi/client.c:625)
11/20 18:50:46.491: [sbi] DEBUG: SENDING...[72] (../lib/sbi/client.c:401)
11/20 18:50:46.491: [sbi] DEBUG: [{
		"op":	"replace",
		"path":	"/nfStatus",
		"value":	"REGISTERED"
	}] (../lib/sbi/client.c:403)
11/20 18:50:46.491: [sbi] DEBUG: STREAM added [7] (../lib/sbi/nghttp2-server.c:1122)
11/20 18:50:46.491: [sbi] DEBUG: [PATCH] /nnrf-nfm/v1/nf-instances/394fdae8-6947-41ed-b1de-d514f6e17eae (../lib/sbi/nghttp2-server.c:801)
11/20 18:50:46.491: [sbi] DEBUG: RECEIVED: 72 (../lib/sbi/nghttp2-server.c:805)
11/20 18:50:46.491: [sbi] DEBUG: [{
		"op":	"replace",
		"path":	"/nfStatus",
		"value":	"REGISTERED"
	}] (../lib/sbi/nghttp2-server.c:806)
11/20 18:50:46.492: [nrf] DEBUG: nrf_state_operational(): OGS_EVENT_NAME_SBI_SERVER (../src/nrf/nrf-sm.c:50)
11/20 18:50:46.492: [nrf] DEBUG: nrf_nf_state_registered(): OGS_EVENT_NAME_SBI_SERVER (../src/nrf/nf-sm.c:183)
11/20 18:50:46.492: [sbi] DEBUG: STATUS [204] (../lib/sbi/nghttp2-server.c:357)
11/20 18:50:46.492: [sbi] DEBUG: STREAM closed [7] (../lib/sbi/nghttp2-server.c:852)
0000: 00001a01 05000000 0789c261 96d07abe   ...........a..z.
0010: 941054d2 7eea0802 128015c6 c171a714   ..T.~........q..
0020: c5a37f                                ...
11/20 18:50:46.492: [sbi] DEBUG: [204:PATCH] http://[::1]:7777/nnrf-nfm/v1/nf-instances/394fdae8-6947-41ed-b1de-d514f6e17eae (../lib/sbi/client.c:573)
11/20 18:50:46.492: [sbi] DEBUG: RECEIVED[0] (../lib/sbi/client.c:584)
11/20 18:50:46.492: [amf] DEBUG: amf_state_operational(): OGS_EVENT_NAME_SBI_CLIENT (../src/amf/amf-sm.c:78)
11/20 18:50:46.492: [sbi] DEBUG: ogs_sbi_nf_state_registered(): OGS_EVENT_NAME_SBI_CLIENT (../lib/sbi/nf-sm.c:204)
11/20 18:50:47.583: [upf] DEBUG: upf_state_operational(): UPF_EVT_N4_TIMER (../src/upf/upf-sm.c:51)
11/20 18:50:47.583: [upf] DEBUG: upf_pfcp_state_associated(): UPF_EVT_N4_TIMER (../src/upf/pfcp-sm.c:164)
11/20 18:50:47.583: [pfcp] DEBUG: [4] LOCAL  Create  peer [127.0.0.4]:8805 (../lib/pfcp/xact.c:116)
11/20 18:50:47.583: [pfcp] DEBUG: Heartbeat Request (../lib/pfcp/build.c:27)
11/20 18:50:47.583: [pfcp] DEBUG: [4] LOCAL  UPD TX-1  peer [127.0.0.4]:8805 (../lib/pfcp/xact.c:197)
11/20 18:50:47.583: [pfcp] DEBUG: [4] LOCAL  Commit  peer [127.0.0.4]:8805 (../lib/pfcp/xact.c:475)
11/20 18:50:47.583: [smf] DEBUG: smf_state_operational(): SMF_EVT_N4_MESSAGE (../src/smf/smf-sm.c:83)
11/20 18:50:47.583: [pfcp] DEBUG: [4] Cannot find xact type 1 from PFCP peer [127.0.0.7]:8805 (../lib/pfcp/xact.c:797)
11/20 18:50:47.583: [pfcp] DEBUG: [4] REMOTE Create  peer [127.0.0.7]:8805 (../lib/pfcp/xact.c:159)
11/20 18:50:47.583: [pfcp] DEBUG: [4] REMOTE Receive peer [127.0.0.7]:8805 (../lib/pfcp/xact.c:704)
11/20 18:50:47.583: [pfcp] DEBUG: [4] REMOTE UPD RX-1  peer [127.0.0.7]:8805 (../lib/pfcp/xact.c:298)
11/20 18:50:47.583: [smf] DEBUG: smf_pfcp_state_associated(): SMF_EVT_N4_MESSAGE (../src/smf/pfcp-sm.c:165)
11/20 18:50:47.583: [pfcp] DEBUG: Heartbeat Response (../lib/pfcp/build.c:44)
11/20 18:50:47.584: [pfcp] DEBUG: [4] REMOTE UPD TX-2  peer [127.0.0.7]:8805 (../lib/pfcp/xact.c:197)
11/20 18:50:47.584: [pfcp] DEBUG: [4] REMOTE Commit  peer [127.0.0.7]:8805 (../lib/pfcp/xact.c:475)
11/20 18:50:47.584: [upf] DEBUG: upf_state_operational(): UPF_EVT_N4_MESSAGE (../src/upf/upf-sm.c:51)
11/20 18:50:47.584: [smf] DEBUG: smf_state_operational(): SMF_EVT_N4_TIMER (../src/smf/smf-sm.c:83)
11/20 18:50:47.584: [smf] DEBUG: smf_pfcp_state_associated(): SMF_EVT_N4_TIMER (../src/smf/pfcp-sm.c:165)
11/20 18:50:47.584: [pfcp] DEBUG: [4] LOCAL  Find    peer [127.0.0.4]:8805 (../lib/pfcp/xact.c:790)
11/20 18:50:47.584: [pfcp] DEBUG: [4] LOCAL  Receive peer [127.0.0.4]:8805 (../lib/pfcp/xact.c:704)
11/20 18:50:47.584: [pfcp] DEBUG: [4] LOCAL  Create  peer [127.0.0.7]:8805 (../lib/pfcp/xact.c:116)
11/20 18:50:47.584: [pfcp] DEBUG: [4] LOCAL  UPD RX-2  peer [127.0.0.4]:8805 (../lib/pfcp/xact.c:298)
11/20 18:50:47.584: [upf] DEBUG: upf_pfcp_state_associated(): UPF_EVT_N4_MESSAGE (../src/upf/pfcp-sm.c:164)
11/20 18:50:47.584: [pfcp] DEBUG: Heartbeat Request (../lib/pfcp/build.c:27)
11/20 18:50:47.584: [pfcp] DEBUG: [4] LOCAL  Commit  peer [127.0.0.4]:8805 (../lib/pfcp/xact.c:475)
11/20 18:50:47.584: [pfcp] DEBUG: [4] LOCAL  Delete  peer [127.0.0.4]:8805 (../lib/pfcp/xact.c:813)
11/20 18:50:47.584: [pfcp] DEBUG: [4] LOCAL  UPD TX-1  peer [127.0.0.7]:8805 (../lib/pfcp/xact.c:197)
11/20 18:50:47.584: [pfcp] DEBUG: [4] LOCAL  Commit  peer [127.0.0.7]:8805 (../lib/pfcp/xact.c:475)
11/20 18:50:47.584: [upf] DEBUG: upf_state_operational(): UPF_EVT_N4_MESSAGE (../src/upf/upf-sm.c:51)
11/20 18:50:47.584: [pfcp] DEBUG: [4] Cannot find xact type 1 from PFCP peer [127.0.0.4]:8805 (../lib/pfcp/xact.c:797)
11/20 18:50:47.584: [pfcp] DEBUG: [4] REMOTE Create  peer [127.0.0.4]:8805 (../lib/pfcp/xact.c:159)
11/20 18:50:47.584: [pfcp] DEBUG: [4] REMOTE Receive peer [127.0.0.4]:8805 (../lib/pfcp/xact.c:704)
11/20 18:50:47.584: [pfcp] DEBUG: [4] REMOTE UPD RX-1  peer [127.0.0.4]:8805 (../lib/pfcp/xact.c:298)
11/20 18:50:47.584: [upf] DEBUG: upf_pfcp_state_associated(): UPF_EVT_N4_MESSAGE (../src/upf/pfcp-sm.c:164)
11/20 18:50:47.584: [pfcp] DEBUG: Heartbeat Response (../lib/pfcp/build.c:44)
11/20 18:50:47.584: [pfcp] DEBUG: [4] REMOTE UPD TX-2  peer [127.0.0.4]:8805 (../lib/pfcp/xact.c:197)
11/20 18:50:47.584: [pfcp] DEBUG: [4] REMOTE Commit  peer [127.0.0.4]:8805 (../lib/pfcp/xact.c:475)
11/20 18:50:47.584: [smf] DEBUG: smf_state_operational(): SMF_EVT_N4_MESSAGE (../src/smf/smf-sm.c:83)
11/20 18:50:47.584: [pfcp] DEBUG: [4] LOCAL  Find    peer [127.0.0.7]:8805 (../lib/pfcp/xact.c:790)
11/20 18:50:47.584: [pfcp] DEBUG: [4] LOCAL  Receive peer [127.0.0.7]:8805 (../lib/pfcp/xact.c:704)
11/20 18:50:47.584: [pfcp] DEBUG: [4] LOCAL  UPD RX-2  peer [127.0.0.7]:8805 (../lib/pfcp/xact.c:298)
11/20 18:50:47.584: [smf] DEBUG: smf_pfcp_state_associated(): SMF_EVT_N4_MESSAGE (../src/smf/pfcp-sm.c:165)
11/20 18:50:47.584: [pfcp] DEBUG: [4] LOCAL  Commit  peer [127.0.0.7]:8805 (../lib/pfcp/xact.c:475)
11/20 18:50:47.584: [pfcp] DEBUG: [4] LOCAL  Delete  peer [127.0.0.7]:8805 (../lib/pfcp/xact.c:813)
11/20 18:50:54.429: [ausf] DEBUG: ausf_state_operational(): OGS_EVENT_NAME_SBI_TIMER (../src/ausf/ausf-sm.c:52)
11/20 18:50:54.429: [sbi] DEBUG: ogs_sbi_nf_state_registered(): OGS_EVENT_NAME_SBI_TIMER (../lib/sbi/nf-sm.c:204)
11/20 18:50:54.429: [sbi] DEBUG: [PATCH] http://[::1]:7777/nnrf-nfm/v1/nf-instances/39569a0e-6947-41ed-81b2-df72405de77b (../lib/sbi/client.c:625)
11/20 18:50:54.429: [sbi] DEBUG: SENDING...[72] (../lib/sbi/client.c:401)
11/20 18:50:54.429: [sbi] DEBUG: [{
		"op":	"replace",
		"path":	"/nfStatus",
		"value":	"REGISTERED"
	}] (../lib/sbi/client.c:403)
11/20 18:50:54.430: [sbi] DEBUG: STREAM added [11] (../lib/sbi/nghttp2-server.c:1122)
11/20 18:50:54.430: [sbi] DEBUG: [PATCH] /nnrf-nfm/v1/nf-instances/39569a0e-6947-41ed-81b2-df72405de77b (../lib/sbi/nghttp2-server.c:801)
11/20 18:50:54.430: [sbi] DEBUG: RECEIVED: 72 (../lib/sbi/nghttp2-server.c:805)
11/20 18:50:54.430: [sbi] DEBUG: [{
		"op":	"replace",
		"path":	"/nfStatus",
		"value":	"REGISTERED"
	}] (../lib/sbi/nghttp2-server.c:806)
11/20 18:50:54.430: [nrf] DEBUG: nrf_state_operational(): OGS_EVENT_NAME_SBI_SERVER (../src/nrf/nrf-sm.c:50)
11/20 18:50:54.430: [nrf] DEBUG: nrf_nf_state_registered(): OGS_EVENT_NAME_SBI_SERVER (../src/nrf/nf-sm.c:183)
11/20 18:50:54.430: [sbi] DEBUG: STATUS [204] (../lib/sbi/nghttp2-server.c:357)
11/20 18:50:54.430: [sbi] DEBUG: STREAM closed [11] (../lib/sbi/nghttp2-server.c:852)
0000: 00001a01 05000000 0b89c361 96d07abe   ...........a..z.
0010: 941054d2 7eea0802 128015c6 c171b694   ..T.~........q..
0020: c5a37f                                ...
11/20 18:50:54.430: [sbi] DEBUG: [204:PATCH] http://[::1]:7777/nnrf-nfm/v1/nf-instances/39569a0e-6947-41ed-81b2-df72405de77b (../lib/sbi/client.c:573)
11/20 18:50:54.430: [sbi] DEBUG: RECEIVED[0] (../lib/sbi/client.c:584)
11/20 18:50:54.430: [ausf] DEBUG: ausf_state_operational(): OGS_EVENT_NAME_SBI_CLIENT (../src/ausf/ausf-sm.c:52)
11/20 18:50:54.430: [sbi] DEBUG: ogs_sbi_nf_state_registered(): OGS_EVENT_NAME_SBI_CLIENT (../lib/sbi/nf-sm.c:204)
11/20 18:50:54.491: [udm] DEBUG: udm_state_operational(): OGS_EVENT_NAME_SBI_TIMER (../src/udm/udm-sm.c:53)
11/20 18:50:54.491: [sbi] DEBUG: ogs_sbi_nf_state_registered(): OGS_EVENT_NAME_SBI_TIMER (../lib/sbi/nf-sm.c:204)
11/20 18:50:54.491: [sbi] DEBUG: [PATCH] http://[::1]:7777/nnrf-nfm/v1/nf-instances/395e3f34-6947-41ed-8187-9b18713ac801 (../lib/sbi/client.c:625)
11/20 18:50:54.491: [sbi] DEBUG: SENDING...[72] (../lib/sbi/client.c:401)
11/20 18:50:54.491: [sbi] DEBUG: [{
		"op":	"replace",
		"path":	"/nfStatus",
		"value":	"REGISTERED"
	}] (../lib/sbi/client.c:403)
11/20 18:50:54.491: [sbi] DEBUG: STREAM added [11] (../lib/sbi/nghttp2-server.c:1122)
11/20 18:50:54.491: [sbi] DEBUG: [PATCH] /nnrf-nfm/v1/nf-instances/395e3f34-6947-41ed-8187-9b18713ac801 (../lib/sbi/nghttp2-server.c:801)
11/20 18:50:54.491: [sbi] DEBUG: RECEIVED: 72 (../lib/sbi/nghttp2-server.c:805)
11/20 18:50:54.491: [sbi] DEBUG: [{
		"op":	"replace",
		"path":	"/nfStatus",
		"value":	"REGISTERED"
	}] (../lib/sbi/nghttp2-server.c:806)
11/20 18:50:54.491: [nrf] DEBUG: nrf_state_operational(): OGS_EVENT_NAME_SBI_SERVER (../src/nrf/nrf-sm.c:50)
11/20 18:50:54.491: [nrf] DEBUG: nrf_nf_state_registered(): OGS_EVENT_NAME_SBI_SERVER (../src/nrf/nf-sm.c:183)
11/20 18:50:54.491: [sbi] DEBUG: STATUS [204] (../lib/sbi/nghttp2-server.c:357)
11/20 18:50:54.492: [sbi] DEBUG: STREAM closed [11] (../lib/sbi/nghttp2-server.c:852)
0000: 00001a01 05000000 0b89c361 96d07abe   ...........a..z.
0010: 941054d2 7eea0802 128015c6 c171b694   ..T.~........q..
0020: c5a37f                                ...
11/20 18:50:54.492: [sbi] DEBUG: [204:PATCH] http://[::1]:7777/nnrf-nfm/v1/nf-instances/395e3f34-6947-41ed-8187-9b18713ac801 (../lib/sbi/client.c:573)
11/20 18:50:54.492: [sbi] DEBUG: RECEIVED[0] (../lib/sbi/client.c:584)
11/20 18:50:54.492: [udm] DEBUG: udm_state_operational(): OGS_EVENT_NAME_SBI_CLIENT (../src/udm/udm-sm.c:53)
11/20 18:50:54.492: [sbi] DEBUG: ogs_sbi_nf_state_registered(): OGS_EVENT_NAME_SBI_CLIENT (../lib/sbi/nf-sm.c:204)
11/20 18:50:54.553: [sbi] DEBUG: connection closed [::1]:47656 (../lib/sbi/nghttp2-server.c:618)
11/20 18:50:54.553: [sbi] DEBUG: connection closed [::1]:47654 (../lib/sbi/nghttp2-server.c:618)
11/20 18:50:54.587: [smf] DEBUG: smf_state_operational(): OGS_EVENT_NAME_SBI_TIMER (../src/smf/smf-sm.c:83)
11/20 18:50:54.587: [sbi] DEBUG: ogs_sbi_nf_state_registered(): OGS_EVENT_NAME_SBI_TIMER (../lib/sbi/nf-sm.c:204)
11/20 18:50:54.587: [sbi] DEBUG: [PATCH] http://[::1]:7777/nnrf-nfm/v1/nf-instances/3960ca9c-6947-41ed-9c07-0ffc1a45571d (../lib/sbi/client.c:625)
11/20 18:50:54.587: [sbi] DEBUG: SENDING...[72] (../lib/sbi/client.c:401)
11/20 18:50:54.587: [sbi] DEBUG: [{
		"op":	"replace",
		"path":	"/nfStatus",
		"value":	"REGISTERED"
	}] (../lib/sbi/client.c:403)
11/20 18:50:54.587: [sbi] DEBUG: STREAM added [11] (../lib/sbi/nghttp2-server.c:1122)
11/20 18:50:54.587: [sbi] DEBUG: [PATCH] /nnrf-nfm/v1/nf-instances/3960ca9c-6947-41ed-9c07-0ffc1a45571d (../lib/sbi/nghttp2-server.c:801)
11/20 18:50:54.587: [sbi] DEBUG: RECEIVED: 72 (../lib/sbi/nghttp2-server.c:805)
11/20 18:50:54.587: [sbi] DEBUG: [{
		"op":	"replace",
		"path":	"/nfStatus",
		"value":	"REGISTERED"
	}] (../lib/sbi/nghttp2-server.c:806)
11/20 18:50:54.587: [nrf] DEBUG: nrf_state_operational(): OGS_EVENT_NAME_SBI_SERVER (../src/nrf/nrf-sm.c:50)
11/20 18:50:54.587: [nrf] DEBUG: nrf_nf_state_registered(): OGS_EVENT_NAME_SBI_SERVER (../src/nrf/nf-sm.c:183)
11/20 18:50:54.587: [sbi] DEBUG: STATUS [204] (../lib/sbi/nghttp2-server.c:357)
11/20 18:50:54.587: [sbi] DEBUG: STREAM closed [11] (../lib/sbi/nghttp2-server.c:852)
0000: 00001a01 05000000 0b89c361 96d07abe   ...........a..z.
0010: 941054d2 7eea0802 128015c6 c171b694   ..T.~........q..
0020: c5a37f                                ...
11/20 18:50:54.587: [sbi] DEBUG: [204:PATCH] http://[::1]:7777/nnrf-nfm/v1/nf-instances/3960ca9c-6947-41ed-9c07-0ffc1a45571d (../lib/sbi/client.c:573)
11/20 18:50:54.587: [sbi] DEBUG: RECEIVED[0] (../lib/sbi/client.c:584)
11/20 18:50:54.587: [smf] DEBUG: smf_state_operational(): OGS_EVENT_NAME_SBI_CLIENT (../src/smf/smf-sm.c:83)
11/20 18:50:54.587: [sbi] DEBUG: ogs_sbi_nf_state_registered(): OGS_EVENT_NAME_SBI_CLIENT (../lib/sbi/nf-sm.c:204)
11/20 18:50:55.085: [pfcp] DEBUG: [4] REMOTE Holding Timeout for step 2 type 2 peer [127.0.0.7]:8805 (../lib/pfcp/xact.c:647)
11/20 18:50:55.085: [pfcp] DEBUG: [4] REMOTE Delete Transaction for step 2 type 2 peer [127.0.0.7]:8805 (../lib/pfcp/xact.c:660)
11/20 18:50:55.085: [pfcp] DEBUG: [4] REMOTE Delete  peer [127.0.0.7]:8805 (../lib/pfcp/xact.c:813)
11/20 18:50:55.087: [pfcp] DEBUG: [4] REMOTE Holding Timeout for step 2 type 2 peer [127.0.0.4]:8805 (../lib/pfcp/xact.c:647)
11/20 18:50:55.087: [pfcp] DEBUG: [4] REMOTE Delete Transaction for step 2 type 2 peer [127.0.0.4]:8805 (../lib/pfcp/xact.c:660)
11/20 18:50:55.087: [pfcp] DEBUG: [4] REMOTE Delete  peer [127.0.0.4]:8805 (../lib/pfcp/xact.c:813)
11/20 18:50:55.537: [nrf] DEBUG: nrf_state_operational(): OGS_EVENT_NAME_SBI_TIMER (../src/nrf/nrf-sm.c:50)
11/20 18:50:55.537: [nrf] WARNING: [396727de-6947-41ed-b00f-37ef8d8ae97a] No heartbeat (../src/nrf/nrf-sm.c:244)
11/20 18:50:55.537: [nrf] DEBUG: nrf_nf_state_registered(): EXIT (../src/nrf/nf-sm.c:183)
11/20 18:50:55.537: [nrf] INFO: [396727de-6947-41ed-b00f-37ef8d8ae97a] NF de-registered (../src/nrf/nf-sm.c:205)
11/20 18:50:55.537: [sbi] DEBUG: [POST] http://127.0.0.4:7777/nnrf-nfm/v1/nf-status-notify (../lib/sbi/client.c:625)
11/20 18:50:55.537: [sbi] DEBUG: SENDING...[137] (../lib/sbi/client.c:401)
11/20 18:50:55.537: [sbi] DEBUG: {
	"event":	"NF_DEREGISTERED",
	"nfInstanceUri":	"http://127.0.0.10:7777/nnrf-nfm/v1/nf-instances/396727de-6947-41ed-b00f-37ef8d8ae97a"
} (../lib/sbi/client.c:403)
11/20 18:50:55.537: [sbi] DEBUG: [POST] http://127.0.0.5:7777/nnrf-nfm/v1/nf-status-notify (../lib/sbi/client.c:625)
11/20 18:50:55.537: [sbi] DEBUG: SENDING...[137] (../lib/sbi/client.c:401)
11/20 18:50:55.537: [sbi] DEBUG: {
	"event":	"NF_DEREGISTERED",
	"nfInstanceUri":	"http://127.0.0.10:7777/nnrf-nfm/v1/nf-instances/396727de-6947-41ed-b00f-37ef8d8ae97a"
} (../lib/sbi/client.c:403)
11/20 18:50:55.537: [nrf] DEBUG: nrf_nf_state_final(): EXIT (../src/nrf/nf-sm.c:74)
11/20 18:50:55.537: [sbi] DEBUG: ogs_sbi_nf_instance_remove() (../lib/sbi/context.c:870)
11/20 18:50:55.537: [sbi] DEBUG: ogs_sbi_client_remove() [127.0.0.13:7777] (../lib/sbi/client.c:153)
11/20 18:50:55.537: [sbi] DEBUG: [UNREF] 3 (../lib/sbi/client.c:157)
11/20 18:50:55.537: [sbi] DEBUG: ogs_sbi_client_remove() [127.0.0.13:7777] (../lib/sbi/client.c:153)
11/20 18:50:55.537: [sbi] DEBUG: [UNREF] 2 (../lib/sbi/client.c:157)
11/20 18:50:55.537: [sbi] DEBUG: STREAM added [3] (../lib/sbi/nghttp2-server.c:1122)
11/20 18:50:55.538: [sbi] DEBUG: STREAM added [3] (../lib/sbi/nghttp2-server.c:1122)
11/20 18:50:55.538: [sbi] DEBUG: [POST] /nnrf-nfm/v1/nf-status-notify (../lib/sbi/nghttp2-server.c:801)
11/20 18:50:55.538: [sbi] DEBUG: RECEIVED: 137 (../lib/sbi/nghttp2-server.c:805)
11/20 18:50:55.538: [sbi] DEBUG: {
	"event":	"NF_DEREGISTERED",
	"nfInstanceUri":	"http://127.0.0.10:7777/nnrf-nfm/v1/nf-instances/396727de-6947-41ed-b00f-37ef8d8ae97a"
} (../lib/sbi/nghttp2-server.c:806)
11/20 18:50:55.538: [amf] DEBUG: amf_state_operational(): OGS_EVENT_NAME_SBI_SERVER (../src/amf/amf-sm.c:78)
11/20 18:50:55.538: [sbi] DEBUG: [POST] /nnrf-nfm/v1/nf-status-notify (../lib/sbi/nghttp2-server.c:801)
11/20 18:50:55.538: [sbi] WARNING: [396727de-6947-41ed-b00f-37ef8d8ae97a] (NRF-notify) Not found (../lib/sbi/nnrf-handler.c:653)
11/20 18:50:55.538: [sbi] DEBUG: RECEIVED: 137 (../lib/sbi/nghttp2-server.c:805)
11/20 18:50:55.538: [sbi] DEBUG: STATUS [404] (../lib/sbi/nghttp2-server.c:357)
11/20 18:50:55.538: [sbi] DEBUG: SENDING...: 151 (../lib/sbi/nghttp2-server.c:365)
11/20 18:50:55.538: [sbi] DEBUG: {
	"type":	"/nnrf-nfm/v1",
	"title":	"Not found",
	"status":	404,
	"detail":	"396727de-6947-41ed-b00f-37ef8d8ae97a",
	"instance":	"/nf-status-notify"
} (../lib/sbi/nghttp2-server.c:366)
11/20 18:50:55.538: [sbi] DEBUG: {
	"event":	"NF_DEREGISTERED",
	"nfInstanceUri":	"http://127.0.0.10:7777/nnrf-nfm/v1/nf-instances/396727de-6947-41ed-b00f-37ef8d8ae97a"
} (../lib/sbi/nghttp2-server.c:806)
11/20 18:50:55.538: [sbi] DEBUG: STREAM closed [3] (../lib/sbi/nghttp2-server.c:852)
11/20 18:50:55.538: [smf] DEBUG: smf_state_operational(): OGS_EVENT_NAME_SBI_SERVER (../src/smf/smf-sm.c:83)
0000: 00002001 04000000 038dc061 96d07abe   .. ........a..z.
0010: 941054d2 7eea0802 128015c6 c171b6d4   ..T.~........q..
0020: c5a37f0f 0d820b61 bf                  .......a.
11/20 18:50:55.538: [sbi] WARNING: [396727de-6947-41ed-b00f-37ef8d8ae97a] (NRF-notify) Not found (../lib/sbi/nnrf-handler.c:653)
11/20 18:50:55.538: [sbi] DEBUG: [404:POST] http://127.0.0.5:7777/nnrf-nfm/v1/nf-status-notify (../lib/sbi/client.c:573)
11/20 18:50:55.538: [sbi] DEBUG: RECEIVED[151] (../lib/sbi/client.c:584)
0000: 00009700 01000000 037b0a09 22747970   .........{.."typ
0010: 65223a09 222f6e6e 72662d6e 666d2f76   e":."/nnrf-nfm/v
0020: 31222c0a 09227469 746c6522 3a09224e   1",.."title":."N
0030: 6f742066 6f756e64 222c0a09 22737461   ot found",.."sta
0040: 74757322 3a093430 342c0a09 22646574   tus":.404,.."det
0050: 61696c22 3a092233 39363732 3764652d   ail":."396727de-
0060: 36393437 2d343165 642d6230 30662d33   6947-41ed-b00f-3
0070: 37656638 64386165 39376122 2c0a0922   7ef8d8ae97a",.."
0080: 696e7374 616e6365 223a0922 2f6e662d   instance":."/nf-
0090: 73746174 75732d6e 6f746966 79220a7d   status-notify".}
11/20 18:50:55.538: [sbi] DEBUG: {
	"type":	"/nnrf-nfm/v1",
	"title":	"Not found",
	"status":	404,
	"detail":	"396727de-6947-41ed-b00f-37ef8d8ae97a",
	"instance":	"/nf-status-notify"
} (../lib/sbi/client.c:586)
11/20 18:50:55.538: [nrf] WARNING: Subscription notification failed [404] (../src/nrf/sbi-path.c:46)
11/20 18:50:55.538: [sbi] DEBUG: STATUS [404] (../lib/sbi/nghttp2-server.c:357)
11/20 18:50:55.538: [sbi] DEBUG: SENDING...: 151 (../lib/sbi/nghttp2-server.c:365)
11/20 18:50:55.538: [sbi] DEBUG: {
	"type":	"/nnrf-nfm/v1",
	"title":	"Not found",
	"status":	404,
	"detail":	"396727de-6947-41ed-b00f-37ef8d8ae97a",
	"instance":	"/nf-status-notify"
} (../lib/sbi/nghttp2-server.c:366)
11/20 18:50:55.538: [sbi] DEBUG: STREAM closed [3] (../lib/sbi/nghttp2-server.c:852)
0000: 00003301 04000000 038dbf61 96d07abe   ..3........a..z.
0010: 941054d2 7eea0802 128015c6 c171b6d4   ..T.~........q..
0020: c5a37f0f 0d820b61 5f921d75 d0620d26   .......a_..u.b.&
0030: 3d4c5761 e3a0b4ff be883d5f            =LWa......=_
11/20 18:50:55.538: [sbi] DEBUG: [404:POST] http://127.0.0.4:7777/nnrf-nfm/v1/nf-status-notify (../lib/sbi/client.c:573)
11/20 18:50:55.538: [sbi] DEBUG: RECEIVED[151] (../lib/sbi/client.c:584)
11/20 18:50:55.538: [sbi] DEBUG: {
	"type":	"/nnrf-nfm/v1",
	"title":	"Not found",
	"status":	404,
	"detail":	"396727de-6947-41ed-b00f-37ef8d8ae97a",
	"instance":	"/nf-status-notify"
} (../lib/sbi/client.c:586)
11/20 18:50:55.538: [nrf] WARNING: Subscription notification failed [404] (../src/nrf/sbi-path.c:46)
0000: 00009700 01000000 037b0a09 22747970   .........{.."typ
0010: 65223a09 222f6e6e 72662d6e 666d2f76   e":."/nnrf-nfm/v
0020: 31222c0a 09227469 746c6522 3a09224e   1",.."title":."N
0030: 6f742066 6f756e64 222c0a09 22737461   ot found",.."sta
0040: 74757322 3a093430 342c0a09 22646574   tus":.404,.."det
0050: 61696c22 3a092233 39363732 3764652d   ail":."396727de-
0060: 36393437 2d343165 642d6230 30662d33   6947-41ed-b00f-3
0070: 37656638 64386165 39376122 2c0a0922   7ef8d8ae97a",.."
0080: 696e7374 616e6365 223a0922 2f6e662d   instance":."/nf-
0090: 73746174 75732d6e 6f746966 79220a7d   status-notify".}
11/20 18:50:56.493: [amf] DEBUG: amf_state_operational(): OGS_EVENT_NAME_SBI_TIMER (../src/amf/amf-sm.c:78)
11/20 18:50:56.493: [sbi] DEBUG: ogs_sbi_nf_state_registered(): OGS_EVENT_NAME_SBI_TIMER (../lib/sbi/nf-sm.c:204)
11/20 18:50:56.493: [sbi] DEBUG: [PATCH] http://[::1]:7777/nnrf-nfm/v1/nf-instances/394fdae8-6947-41ed-b1de-d514f6e17eae (../lib/sbi/client.c:625)
11/20 18:50:56.493: [sbi] DEBUG: SENDING...[72] (../lib/sbi/client.c:401)
11/20 18:50:56.493: [sbi] DEBUG: [{
		"op":	"replace",
		"path":	"/nfStatus",
		"value":	"REGISTERED"
	}] (../lib/sbi/client.c:403)
11/20 18:50:56.493: [sbi] DEBUG: STREAM added [9] (../lib/sbi/nghttp2-server.c:1122)
11/20 18:50:56.493: [sbi] DEBUG: [PATCH] /nnrf-nfm/v1/nf-instances/394fdae8-6947-41ed-b1de-d514f6e17eae (../lib/sbi/nghttp2-server.c:801)
11/20 18:50:56.493: [sbi] DEBUG: RECEIVED: 72 (../lib/sbi/nghttp2-server.c:805)
11/20 18:50:56.493: [sbi] DEBUG: [{
		"op":	"replace",
		"path":	"/nfStatus",
		"value":	"REGISTERED"
	}] (../lib/sbi/nghttp2-server.c:806)
11/20 18:50:56.493: [nrf] DEBUG: nrf_state_operational(): OGS_EVENT_NAME_SBI_SERVER (../src/nrf/nrf-sm.c:50)
11/20 18:50:56.493: [nrf] DEBUG: nrf_nf_state_registered(): OGS_EVENT_NAME_SBI_SERVER (../src/nrf/nf-sm.c:183)
11/20 18:50:56.493: [sbi] DEBUG: STATUS [204] (../lib/sbi/nghttp2-server.c:357)
11/20 18:50:56.493: [sbi] DEBUG: STREAM closed [9] (../lib/sbi/nghttp2-server.c:852)
0000: 00001a01 05000000 0989c361 96d07abe   ...........a..z.
0010: 941054d2 7eea0802 128015c6 c171b714   ..T.~........q..
0020: c5a37f                                ...
11/20 18:50:56.493: [sbi] DEBUG: [204:PATCH] http://[::1]:7777/nnrf-nfm/v1/nf-instances/394fdae8-6947-41ed-b1de-d514f6e17eae (../lib/sbi/client.c:573)
11/20 18:50:56.493: [sbi] DEBUG: RECEIVED[0] (../lib/sbi/client.c:584)
11/20 18:50:56.493: [amf] DEBUG: amf_state_operational(): OGS_EVENT_NAME_SBI_CLIENT (../src/amf/amf-sm.c:78)
11/20 18:50:56.493: [sbi] DEBUG: ogs_sbi_nf_state_registered(): OGS_EVENT_NAME_SBI_CLIENT (../lib/sbi/nf-sm.c:204)
11/20 18:50:58.587: [smf] DEBUG: smf_state_operational(): SMF_EVT_N4_TIMER (../src/smf/smf-sm.c:83)
11/20 18:50:58.587: [smf] DEBUG: smf_pfcp_state_associated(): SMF_EVT_N4_TIMER (../src/smf/pfcp-sm.c:165)
11/20 18:50:58.587: [pfcp] DEBUG: [5] LOCAL  Create  peer [127.0.0.7]:8805 (../lib/pfcp/xact.c:116)
11/20 18:50:58.587: [pfcp] DEBUG: Heartbeat Request (../lib/pfcp/build.c:27)
11/20 18:50:58.587: [pfcp] DEBUG: [5] LOCAL  UPD TX-1  peer [127.0.0.7]:8805 (../lib/pfcp/xact.c:197)
11/20 18:50:58.587: [pfcp] DEBUG: [5] LOCAL  Commit  peer [127.0.0.7]:8805 (../lib/pfcp/xact.c:475)
11/20 18:50:58.588: [upf] DEBUG: upf_state_operational(): UPF_EVT_N4_MESSAGE (../src/upf/upf-sm.c:51)
11/20 18:50:58.588: [pfcp] DEBUG: [5] Cannot find xact type 1 from PFCP peer [127.0.0.4]:8805 (../lib/pfcp/xact.c:797)
11/20 18:50:58.588: [pfcp] DEBUG: [5] REMOTE Create  peer [127.0.0.4]:8805 (../lib/pfcp/xact.c:159)
11/20 18:50:58.588: [pfcp] DEBUG: [5] REMOTE Receive peer [127.0.0.4]:8805 (../lib/pfcp/xact.c:704)
11/20 18:50:58.588: [pfcp] DEBUG: [5] REMOTE UPD RX-1  peer [127.0.0.4]:8805 (../lib/pfcp/xact.c:298)
11/20 18:50:58.588: [upf] DEBUG: upf_pfcp_state_associated(): UPF_EVT_N4_MESSAGE (../src/upf/pfcp-sm.c:164)
11/20 18:50:58.588: [pfcp] DEBUG: Heartbeat Response (../lib/pfcp/build.c:44)
11/20 18:50:58.588: [pfcp] DEBUG: [5] REMOTE UPD TX-2  peer [127.0.0.4]:8805 (../lib/pfcp/xact.c:197)
11/20 18:50:58.588: [pfcp] DEBUG: [5] REMOTE Commit  peer [127.0.0.4]:8805 (../lib/pfcp/xact.c:475)
11/20 18:50:58.588: [upf] DEBUG: upf_state_operational(): UPF_EVT_N4_TIMER (../src/upf/upf-sm.c:51)
11/20 18:50:58.588: [smf] DEBUG: smf_state_operational(): SMF_EVT_N4_MESSAGE (../src/smf/smf-sm.c:83)
11/20 18:50:58.588: [upf] DEBUG: upf_pfcp_state_associated(): UPF_EVT_N4_TIMER (../src/upf/pfcp-sm.c:164)
11/20 18:50:58.588: [pfcp] DEBUG: [5] LOCAL  Find    peer [127.0.0.7]:8805 (../lib/pfcp/xact.c:790)
11/20 18:50:58.588: [pfcp] DEBUG: [5] LOCAL  Create  peer [127.0.0.4]:8805 (../lib/pfcp/xact.c:116)
11/20 18:50:58.588: [pfcp] DEBUG: [5] LOCAL  Receive peer [127.0.0.7]:8805 (../lib/pfcp/xact.c:704)
11/20 18:50:58.588: [pfcp] DEBUG: [5] LOCAL  UPD RX-2  peer [127.0.0.7]:8805 (../lib/pfcp/xact.c:298)
11/20 18:50:58.588: [pfcp] DEBUG: Heartbeat Request (../lib/pfcp/build.c:27)
11/20 18:50:58.588: [smf] DEBUG: smf_pfcp_state_associated(): SMF_EVT_N4_MESSAGE (../src/smf/pfcp-sm.c:165)
11/20 18:50:58.588: [pfcp] DEBUG: [5] LOCAL  Commit  peer [127.0.0.7]:8805 (../lib/pfcp/xact.c:475)
11/20 18:50:58.588: [pfcp] DEBUG: [5] LOCAL  Delete  peer [127.0.0.7]:8805 (../lib/pfcp/xact.c:813)
11/20 18:50:58.588: [pfcp] DEBUG: [5] LOCAL  UPD TX-1  peer [127.0.0.4]:8805 (../lib/pfcp/xact.c:197)
11/20 18:50:58.588: [pfcp] DEBUG: [5] LOCAL  Commit  peer [127.0.0.4]:8805 (../lib/pfcp/xact.c:475)
11/20 18:50:58.588: [smf] DEBUG: smf_state_operational(): SMF_EVT_N4_MESSAGE (../src/smf/smf-sm.c:83)
11/20 18:50:58.588: [pfcp] DEBUG: [5] Cannot find xact type 1 from PFCP peer [127.0.0.7]:8805 (../lib/pfcp/xact.c:797)
11/20 18:50:58.588: [pfcp] DEBUG: [5] REMOTE Create  peer [127.0.0.7]:8805 (../lib/pfcp/xact.c:159)
11/20 18:50:58.588: [pfcp] DEBUG: [5] REMOTE Receive peer [127.0.0.7]:8805 (../lib/pfcp/xact.c:704)
11/20 18:50:58.588: [pfcp] DEBUG: [5] REMOTE UPD RX-1  peer [127.0.0.7]:8805 (../lib/pfcp/xact.c:298)
11/20 18:50:58.588: [smf] DEBUG: smf_pfcp_state_associated(): SMF_EVT_N4_MESSAGE (../src/smf/pfcp-sm.c:165)
11/20 18:50:58.588: [pfcp] DEBUG: Heartbeat Response (../lib/pfcp/build.c:44)
11/20 18:50:58.588: [pfcp] DEBUG: [5] REMOTE UPD TX-2  peer [127.0.0.7]:8805 (../lib/pfcp/xact.c:197)
11/20 18:50:58.588: [pfcp] DEBUG: [5] REMOTE Commit  peer [127.0.0.7]:8805 (../lib/pfcp/xact.c:475)
11/20 18:50:58.588: [upf] DEBUG: upf_state_operational(): UPF_EVT_N4_MESSAGE (../src/upf/upf-sm.c:51)
11/20 18:50:58.588: [pfcp] DEBUG: [5] LOCAL  Find    peer [127.0.0.4]:8805 (../lib/pfcp/xact.c:790)
11/20 18:50:58.588: [pfcp] DEBUG: [5] LOCAL  Receive peer [127.0.0.4]:8805 (../lib/pfcp/xact.c:704)
11/20 18:50:58.588: [pfcp] DEBUG: [5] LOCAL  UPD RX-2  peer [127.0.0.4]:8805 (../lib/pfcp/xact.c:298)
11/20 18:50:58.588: [upf] DEBUG: upf_pfcp_state_associated(): UPF_EVT_N4_MESSAGE (../src/upf/pfcp-sm.c:164)
11/20 18:50:58.588: [pfcp] DEBUG: [5] LOCAL  Commit  peer [127.0.0.4]:8805 (../lib/pfcp/xact.c:475)
11/20 18:50:58.589: [pfcp] DEBUG: [5] LOCAL  Delete  peer [127.0.0.4]:8805 (../lib/pfcp/xact.c:813)
11/20 18:51:04.440: [ausf] DEBUG: ausf_state_operational(): OGS_EVENT_NAME_SBI_TIMER (../src/ausf/ausf-sm.c:52)
11/20 18:51:04.440: [sbi] DEBUG: ogs_sbi_nf_state_registered(): OGS_EVENT_NAME_SBI_TIMER (../lib/sbi/nf-sm.c:204)
11/20 18:51:04.440: [sbi] DEBUG: [PATCH] http://[::1]:7777/nnrf-nfm/v1/nf-instances/39569a0e-6947-41ed-81b2-df72405de77b (../lib/sbi/client.c:625)
11/20 18:51:04.440: [sbi] DEBUG: SENDING...[72] (../lib/sbi/client.c:401)
11/20 18:51:04.440: [sbi] DEBUG: [{
		"op":	"replace",
		"path":	"/nfStatus",
		"value":	"REGISTERED"
	}] (../lib/sbi/client.c:403)
11/20 18:51:04.441: [sbi] DEBUG: STREAM added [13] (../lib/sbi/nghttp2-server.c:1122)
11/20 18:51:04.441: [sbi] DEBUG: [PATCH] /nnrf-nfm/v1/nf-instances/39569a0e-6947-41ed-81b2-df72405de77b (../lib/sbi/nghttp2-server.c:801)
11/20 18:51:04.441: [sbi] DEBUG: RECEIVED: 72 (../lib/sbi/nghttp2-server.c:805)
11/20 18:51:04.441: [sbi] DEBUG: [{
		"op":	"replace",
		"path":	"/nfStatus",
		"value":	"REGISTERED"
	}] (../lib/sbi/nghttp2-server.c:806)
11/20 18:51:04.441: [nrf] DEBUG: nrf_state_operational(): OGS_EVENT_NAME_SBI_SERVER (../src/nrf/nrf-sm.c:50)
11/20 18:51:04.441: [nrf] DEBUG: nrf_nf_state_registered(): OGS_EVENT_NAME_SBI_SERVER (../src/nrf/nf-sm.c:183)
11/20 18:51:04.441: [sbi] DEBUG: STATUS [204] (../lib/sbi/nghttp2-server.c:357)
11/20 18:51:04.441: [sbi] DEBUG: STREAM closed [13] (../lib/sbi/nghttp2-server.c:852)
11/20 18:51:04.441: [sbi] DEBUG: [204:PATCH] http://[::1]:7777/nnrf-nfm/v1/nf-instances/39569a0e-6947-41ed-81b2-df72405de77b (../lib/sbi/client.c:573)
0000: 00001a01 05000000 0d89c461 96d07abe   ...........a..z.
0010: 941054d2 7eea0802 128015c6 c3700d29   ..T.~........p.)
0020: 8b46ff                                .F.
11/20 18:51:04.441: [sbi] DEBUG: RECEIVED[0] (../lib/sbi/client.c:584)
11/20 18:51:04.441: [ausf] DEBUG: ausf_state_operational(): OGS_EVENT_NAME_SBI_CLIENT (../src/ausf/ausf-sm.c:52)
11/20 18:51:04.441: [sbi] DEBUG: ogs_sbi_nf_state_registered(): OGS_EVENT_NAME_SBI_CLIENT (../lib/sbi/nf-sm.c:204)
11/20 18:51:04.509: [sbi] DEBUG: connection closed [::1]:47648 (../lib/sbi/nghttp2-server.c:618)
11/20 18:51:04.593: [smf] DEBUG: smf_state_operational(): OGS_EVENT_NAME_SBI_TIMER (../src/smf/smf-sm.c:83)
11/20 18:51:04.593: [sbi] DEBUG: ogs_sbi_nf_state_registered(): OGS_EVENT_NAME_SBI_TIMER (../lib/sbi/nf-sm.c:204)
11/20 18:51:04.593: [sbi] DEBUG: [PATCH] http://[::1]:7777/nnrf-nfm/v1/nf-instances/3960ca9c-6947-41ed-9c07-0ffc1a45571d (../lib/sbi/client.c:625)
11/20 18:51:04.593: [sbi] DEBUG: SENDING...[72] (../lib/sbi/client.c:401)
11/20 18:51:04.593: [sbi] DEBUG: [{
		"op":	"replace",
		"path":	"/nfStatus",
		"value":	"REGISTERED"
	}] (../lib/sbi/client.c:403)
11/20 18:51:04.594: [sbi] DEBUG: STREAM added [13] (../lib/sbi/nghttp2-server.c:1122)
11/20 18:51:04.594: [sbi] DEBUG: [PATCH] /nnrf-nfm/v1/nf-instances/3960ca9c-6947-41ed-9c07-0ffc1a45571d (../lib/sbi/nghttp2-server.c:801)
11/20 18:51:04.594: [sbi] DEBUG: RECEIVED: 72 (../lib/sbi/nghttp2-server.c:805)
11/20 18:51:04.594: [sbi] DEBUG: [{
		"op":	"replace",
		"path":	"/nfStatus",
		"value":	"REGISTERED"
	}] (../lib/sbi/nghttp2-server.c:806)
11/20 18:51:04.594: [nrf] DEBUG: nrf_state_operational(): OGS_EVENT_NAME_SBI_SERVER (../src/nrf/nrf-sm.c:50)
11/20 18:51:04.594: [nrf] DEBUG: nrf_nf_state_registered(): OGS_EVENT_NAME_SBI_SERVER (../src/nrf/nf-sm.c:183)
11/20 18:51:04.594: [sbi] DEBUG: STATUS [204] (../lib/sbi/nghttp2-server.c:357)
11/20 18:51:04.594: [sbi] DEBUG: STREAM closed [13] (../lib/sbi/nghttp2-server.c:852)
11/20 18:51:04.594: [sbi] DEBUG: [204:PATCH] http://[::1]:7777/nnrf-nfm/v1/nf-instances/3960ca9c-6947-41ed-9c07-0ffc1a45571d (../lib/sbi/client.c:573)
11/20 18:51:04.594: [sbi] DEBUG: RECEIVED[0] (../lib/sbi/client.c:584)
0000: 00001a01 05000000 0d89c461 96d07abe   ...........a..z.
0010: 941054d2 7eea0802 128015c6 c3700d29   ..T.~........p.)
0020: 8b46ff                                .F.
11/20 18:51:04.594: [smf] DEBUG: smf_state_operational(): OGS_EVENT_NAME_SBI_CLIENT (../src/smf/smf-sm.c:83)
11/20 18:51:04.594: [sbi] DEBUG: ogs_sbi_nf_state_registered(): OGS_EVENT_NAME_SBI_CLIENT (../lib/sbi/nf-sm.c:204)
11/20 18:52:09.134: [thread] DEBUG: [0x5588d824ef10] thread started (../lib/core/ogs-thread.c:101)
11/20 18:52:09.134: [thread] DEBUG: [0x5588d824ef10] worker signal (../lib/core/ogs-thread.c:66)
Open5GS daemon v2.5.5

11/20 18:52:09.148: [app] INFO: Configuration: '/home/test/build/configs/sample.yaml' (../lib/app/ogs-init.c:126)
11/20 18:52:09.148: [app] INFO: File Logging: '/home/test/test.log' (../lib/app/ogs-init.c:129)
11/20 18:52:09.148: [app] INFO: LOG-LEVEL: 'debug' (../lib/app/ogs-init.c:132)
11/20 18:52:09.184: [thread] DEBUG: [0x5588d8250980] worker signal (../lib/core/ogs-thread.c:66)
11/20 18:52:09.184: [thread] DEBUG: [0x5588d8250980] thread started (../lib/core/ogs-thread.c:101)
11/20 18:52:09.188: [sock] DEBUG: addr:127.0.0.10, port:7777 (../lib/core/ogs-sockaddr.c:140)
11/20 18:52:09.188: [sock] DEBUG: addr:::1, port:7777 (../lib/core/ogs-sockaddr.c:140)
11/20 18:52:09.188: [sock] DEBUG: socket create(2:1:6) (../lib/core/ogs-socket.c:92)
11/20 18:52:09.188: [sock] DEBUG: Turn on TCP_NODELAY (../lib/core/ogs-sockopt.c:139)
11/20 18:52:09.188: [sock] DEBUG: Turn on SO_REUSEADDR (../lib/core/ogs-sockopt.c:120)
11/20 18:52:09.188: [sock] DEBUG: socket bind 127.0.0.10:7777 (../lib/core/ogs-socket.c:117)
11/20 18:52:09.188: [sock] DEBUG: tcp_server() [127.0.0.10]:7777 (../lib/core/ogs-tcp.c:61)
11/20 18:52:09.188: [sbi] INFO: nghttp2_server() [127.0.0.10]:7777 (../lib/sbi/nghttp2-server.c:151)
11/20 18:52:09.188: [sock] DEBUG: socket create(10:1:6) (../lib/core/ogs-socket.c:92)
11/20 18:52:09.188: [sock] DEBUG: Turn on TCP_NODELAY (../lib/core/ogs-sockopt.c:139)
11/20 18:52:09.188: [sock] DEBUG: Turn on SO_REUSEADDR (../lib/core/ogs-sockopt.c:120)
11/20 18:52:09.188: [sock] DEBUG: socket bind ::1:7777 (../lib/core/ogs-socket.c:117)
11/20 18:52:09.188: [sock] DEBUG: tcp_server() [::1]:7777 (../lib/core/ogs-tcp.c:61)
11/20 18:52:09.188: [sbi] INFO: nghttp2_server() [::1]:7777 (../lib/sbi/nghttp2-server.c:151)
11/20 18:52:09.188: [thread] DEBUG: [0x55d7d8f56c40] thread started (../lib/core/ogs-thread.c:101)
11/20 18:52:09.188: [thread] DEBUG: [0x55d7d8f56c40] worker signal (../lib/core/ogs-thread.c:66)
11/20 18:52:09.188: [app] INFO: NRF initialize...done (../src/nrf/app.c:31)
11/20 18:52:09.188: [nrf] DEBUG: nrf_state_initial(): INIT (../src/nrf/nrf-sm.c:25)
11/20 18:52:09.188: [nrf] DEBUG: nrf_state_operational(): ENTRY (../src/nrf/nrf-sm.c:50)
Open5GS daemon v2.5.5

11/20 18:52:09.195: [app] INFO: Configuration: '/home/test/build/configs/sample.yaml' (../lib/app/ogs-init.c:126)
11/20 18:52:09.195: [app] INFO: File Logging: '/home/test/test.log' (../lib/app/ogs-init.c:129)
11/20 18:52:09.196: [app] INFO: LOG-LEVEL: 'debug' (../lib/app/ogs-init.c:132)
11/20 18:52:09.235: [thread] DEBUG: [0x5588d8250b90] worker signal (../lib/core/ogs-thread.c:66)
11/20 18:52:09.235: [thread] DEBUG: [0x5588d8250b90] thread started (../lib/core/ogs-thread.c:101)
Open5GS daemon v2.5.5

11/20 18:52:09.256: [app] INFO: Configuration: '/home/test/build/configs/sample.yaml' (../lib/app/ogs-init.c:126)
11/20 18:52:09.256: [app] INFO: File Logging: '/home/test/test.log' (../lib/app/ogs-init.c:129)
11/20 18:52:09.256: [app] INFO: LOG-LEVEL: 'debug' (../lib/app/ogs-init.c:132)
11/20 18:52:09.285: [thread] DEBUG: [0x5588d8250da0] thread started (../lib/core/ogs-thread.c:101)
11/20 18:52:09.285: [thread] DEBUG: [0x5588d8250da0] worker signal (../lib/core/ogs-thread.c:66)
Open5GS daemon v2.5.5

11/20 18:52:09.303: [app] INFO: Configuration: '/home/test/build/configs/sample.yaml' (../lib/app/ogs-init.c:126)
11/20 18:52:09.303: [app] INFO: File Logging: '/home/test/test.log' (../lib/app/ogs-init.c:129)
11/20 18:52:09.303: [app] INFO: LOG-LEVEL: 'debug' (../lib/app/ogs-init.c:132)
11/20 18:52:09.336: [thread] DEBUG: [0x5588d8250fb0] thread started (../lib/core/ogs-thread.c:101)
11/20 18:52:09.336: [thread] DEBUG: [0x5588d8250fb0] worker signal (../lib/core/ogs-thread.c:66)
Open5GS daemon v2.5.5

11/20 18:52:09.345: [app] INFO: Configuration: '/home/test/build/configs/sample.yaml' (../lib/app/ogs-init.c:126)
11/20 18:52:09.345: [app] INFO: File Logging: '/home/test/test.log' (../lib/app/ogs-init.c:129)
11/20 18:52:09.345: [app] INFO: LOG-LEVEL: 'debug' (../lib/app/ogs-init.c:132)
11/20 18:52:09.346: [sock] DEBUG: addr:127.0.0.5, port:7777 (../lib/core/ogs-sockaddr.c:140)
11/20 18:52:09.346: [sock] DEBUG: addr:127.0.0.10, port:7777 (../lib/core/ogs-sockaddr.c:140)
11/20 18:52:09.346: [sock] DEBUG: addr:::1, port:7777 (../lib/core/ogs-sockaddr.c:140)
11/20 18:52:09.346: [sock] DEBUG: addr:127.0.0.5, port:38412 (../lib/core/ogs-sockaddr.c:140)
11/20 18:52:09.346: [sock] DEBUG: addr:127.0.0.20, port:38412 (../lib/core/ogs-sockaddr.c:140)
11/20 18:52:09.346: [sock] DEBUG: addr:127.0.0.21, port:38412 (../lib/core/ogs-sockaddr.c:140)
11/20 18:52:09.346: [sock] DEBUG: addr:127.0.0.22, port:38412 (../lib/core/ogs-sockaddr.c:140)
11/20 18:52:09.346: [sock] DEBUG: addr:127.0.0.23, port:38412 (../lib/core/ogs-sockaddr.c:140)
11/20 18:52:09.346: [sock] DEBUG: addr:127.0.0.24, port:38412 (../lib/core/ogs-sockaddr.c:140)
11/20 18:52:09.346: [sock] DEBUG: addr:127.0.0.25, port:38412 (../lib/core/ogs-sockaddr.c:140)
11/20 18:52:09.346: [sock] DEBUG: addr:127.0.0.26, port:38412 (../lib/core/ogs-sockaddr.c:140)
11/20 18:52:09.346: [sock] DEBUG: addr:127.0.0.27, port:38412 (../lib/core/ogs-sockaddr.c:140)
11/20 18:52:09.346: [sock] DEBUG: addr:127.0.0.28, port:38412 (../lib/core/ogs-sockaddr.c:140)
11/20 18:52:09.369: [sock] DEBUG: addr:127.0.0.7, port:2152 (../lib/core/ogs-sockaddr.c:140)
11/20 18:52:09.369: [sock] DEBUG: addr:127.0.0.4, port:8805 (../lib/core/ogs-sockaddr.c:140)
11/20 18:52:09.369: [sock] DEBUG: addr:127.0.0.7, port:8805 (../lib/core/ogs-sockaddr.c:140)
11/20 18:52:09.378: [sock] DEBUG: socket create(2:2:17) (../lib/core/ogs-socket.c:92)
11/20 18:52:09.378: [sock] DEBUG: socket bind 127.0.0.7:8805 (../lib/core/ogs-socket.c:117)
11/20 18:52:09.378: [sock] DEBUG: udp_server() [127.0.0.7]:8805 (../lib/core/ogs-udp.c:52)
11/20 18:52:09.378: [pfcp] INFO: pfcp_server() [127.0.0.7]:8805 (../lib/pfcp/path.c:31)
11/20 18:52:09.378: [upf] DEBUG: upf_pfcp_state_initial(): ENTRY (../src/upf/pfcp-sm.c:38)
11/20 18:52:09.378: [pfcp] INFO: ogs_pfcp_connect() [127.0.0.4]:8805 (../lib/pfcp/path.c:62)
11/20 18:52:09.378: [upf] DEBUG: upf_pfcp_state_will_associate(): ENTRY (../src/upf/pfcp-sm.c:79)
11/20 18:52:09.378: [pfcp] DEBUG: [1] LOCAL  Create  peer [127.0.0.4]:8805 (../lib/pfcp/xact.c:116)
11/20 18:52:09.378: [pfcp] DEBUG: Association Setup Request (../lib/pfcp/build.c:137)
11/20 18:52:09.378: [pfcp] DEBUG: [1] LOCAL  UPD TX-5  peer [127.0.0.4]:8805 (../lib/pfcp/xact.c:197)
11/20 18:52:09.378: [pfcp] DEBUG: [1] LOCAL  Commit  peer [127.0.0.4]:8805 (../lib/pfcp/xact.c:475)
11/20 18:52:09.378: [sock] DEBUG: socket create(2:2:17) (../lib/core/ogs-socket.c:92)
11/20 18:52:09.378: [sock] DEBUG: socket bind 127.0.0.7:2152 (../lib/core/ogs-socket.c:117)
11/20 18:52:09.378: [sock] DEBUG: udp_server() [127.0.0.7]:2152 (../lib/core/ogs-udp.c:52)
11/20 18:52:09.378: [gtp] INFO: gtp_server() [127.0.0.7]:2152 (../lib/gtp/path.c:31)
11/20 18:52:09.381: [thread] DEBUG: [0x55e0d86bda60] thread started (../lib/core/ogs-thread.c:101)
11/20 18:52:09.381: [app] INFO: UPF initialize...done (../src/upf/app.c:31)
11/20 18:52:09.381: [thread] DEBUG: [0x55e0d86bda60] worker signal (../lib/core/ogs-thread.c:66)
11/20 18:52:09.381: [upf] DEBUG: upf_state_initial(): INIT (../src/upf/upf-sm.c:28)
11/20 18:52:09.381: [upf] DEBUG: upf_state_operational(): ENTRY (../src/upf/upf-sm.c:51)
11/20 18:52:09.385: [sock] DEBUG: addr:127.0.0.10, port:7777 (../lib/core/ogs-sockaddr.c:140)
11/20 18:52:09.385: [sock] DEBUG: addr:::1, port:7777 (../lib/core/ogs-sockaddr.c:140)
11/20 18:52:09.385: [sock] DEBUG: addr:127.0.0.11, port:7777 (../lib/core/ogs-sockaddr.c:140)
11/20 18:52:09.385: [sbi] DEBUG: ogs_sbi_nf_state_initial(): ENTRY (../lib/sbi/nf-sm.c:66)
11/20 18:52:09.385: [sbi] DEBUG: ogs_sbi_nf_state_registered(): ENTRY (../lib/sbi/nf-sm.c:204)
11/20 18:52:09.385: [sbi] INFO: NF Service [nausf-auth] (../lib/sbi/context.c:1401)
11/20 18:52:09.385: [sbi] DEBUG: ogs_sbi_nf_state_initial(): ENTRY (../lib/sbi/nf-sm.c:66)
11/20 18:52:09.385: [sbi] DEBUG: ogs_sbi_nf_state_will_register(): ENTRY (../lib/sbi/nf-sm.c:118)
11/20 18:52:09.385: [sbi] DEBUG: [PUT] http://[::1]:7777/nnrf-nfm/v1/nf-instances/7de115d2-6947-41ed-a85d-7bd62ae74332 (../lib/sbi/client.c:625)
11/20 18:52:09.385: [sbi] DEBUG: SENDING...[731] (../lib/sbi/client.c:401)
11/20 18:52:09.385: [sbi] DEBUG: {
	"nfInstanceId":	"7de115d2-6947-41ed-a85d-7bd62ae74332",
	"nfType":	"AUSF",
	"nfStatus":	"REGISTERED",
	"ipv4Addresses":	["127.0.0.11"],
	"allowedNfTypes":	["AMF", "SCP"],
	"priority":	0,
	"capacity":	100,
	"load":	0,
	"nfServiceList":	{
		"7de12716-6947-41ed-a85d-7bd62ae74332":	{
			"serviceInstanceId":	"7de12716-6947-41ed-a85d-7bd62ae74332",
			"serviceName":	"nausf-auth",
			"versions":	[{
					"apiVersionInUri":	"v1",
					"apiFullVersion":	"1.0.0"
				}],
			"scheme":	"http",
			"nfServiceStatus":	"REGISTERED",
			"ipEndPoints":	[{
					"ipv4Address":	"127.0.0.11",
					"port":	7777
				}],
			"allowedNfTypes":	["AMF"],
			"priority":	0,
			"capacity":	100,
			"load":	0
		}
	},
	"nfProfileChangesSupportInd":	true
} (../lib/sbi/client.c:403)
11/20 18:52:09.386: [sock] DEBUG: socket create(2:1:6) (../lib/core/ogs-socket.c:92)
11/20 18:52:09.386: [sock] DEBUG: Turn on TCP_NODELAY (../lib/core/ogs-sockopt.c:139)
11/20 18:52:09.386: [sock] DEBUG: Turn on SO_REUSEADDR (../lib/core/ogs-sockopt.c:120)
11/20 18:52:09.386: [sock] DEBUG: socket bind 127.0.0.11:7777 (../lib/core/ogs-socket.c:117)
11/20 18:52:09.386: [sock] DEBUG: tcp_server() [127.0.0.11]:7777 (../lib/core/ogs-tcp.c:61)
11/20 18:52:09.386: [sbi] INFO: nghttp2_server() [127.0.0.11]:7777 (../lib/sbi/nghttp2-server.c:151)
11/20 18:52:09.386: [thread] DEBUG: [0x55811e284420] thread started (../lib/core/ogs-thread.c:101)
11/20 18:52:09.386: [app] INFO: AUSF initialize...done (../src/ausf/app.c:31)
11/20 18:52:09.386: [thread] DEBUG: [0x5588d82511c0] worker signal (../lib/core/ogs-thread.c:66)
11/20 18:52:09.386: [thread] DEBUG: [0x5588d82511c0] thread started (../lib/core/ogs-thread.c:101)
11/20 18:52:09.386: [thread] DEBUG: [0x55811e284420] worker signal (../lib/core/ogs-thread.c:66)
11/20 18:52:09.386: [ausf] DEBUG: ausf_state_initial(): INIT (../src/ausf/ausf-sm.c:25)
11/20 18:52:09.386: [ausf] DEBUG: ausf_state_operational(): ENTRY (../src/ausf/ausf-sm.c:52)
0000: 00000604 00000000 00000300 04e200     ...............
11/20 18:52:09.387: [sbi] DEBUG: MAX_CONCURRENT_STREAMS = 100 (../lib/sbi/nghttp2-server.c:747)
11/20 18:52:09.387: [sbi] DEBUG: ENABLE_PUSH = false (../lib/sbi/nghttp2-server.c:749)
11/20 18:52:09.387: [sbi] DEBUG: STREAM added [1] (../lib/sbi/nghttp2-server.c:1122)
11/20 18:52:09.387: [sbi] DEBUG: MAX_CONCURRENT_STREAMS = 100 (../lib/sbi/nghttp2-server.c:747)
11/20 18:52:09.387: [sbi] DEBUG: ENABLE_PUSH = false (../lib/sbi/nghttp2-server.c:749)
11/20 18:52:09.387: [sbi] DEBUG: [PUT] /nnrf-nfm/v1/nf-instances/7de115d2-6947-41ed-a85d-7bd62ae74332 (../lib/sbi/nghttp2-server.c:801)
11/20 18:52:09.387: [sbi] DEBUG: RECEIVED: 731 (../lib/sbi/nghttp2-server.c:805)
11/20 18:52:09.387: [sbi] DEBUG: {
	"nfInstanceId":	"7de115d2-6947-41ed-a85d-7bd62ae74332",
	"nfType":	"AUSF",
	"nfStatus":	"REGISTERED",
	"ipv4Addresses":	["127.0.0.11"],
	"allowedNfTypes":	["AMF", "SCP"],
	"priority":	0,
	"capacity":	100,
	"load":	0,
	"nfServiceList":	{
		"7de12716-6947-41ed-a85d-7bd62ae74332":	{
			"serviceInstanceId":	"7de12716-6947-41ed-a85d-7bd62ae74332",
			"serviceName":	"nausf-auth",
			"versions":	[{
					"apiVersionInUri":	"v1",
					"apiFullVersion":	"1.0.0"
				}],
			"scheme":	"http",
			"nfServiceStatus":	"REGISTERED",
			"ipEndPoints":	[{
					"ipv4Address":	"127.0.0.11",
					"port":	7777
				}],
			"allowedNfTypes":	["AMF"],
			"priority":	0,
			"capacity":	100,
			"load":	0
		}
	},
	"nfProfileChangesSupportInd":	true
} (../lib/sbi/nghttp2-server.c:806)
11/20 18:52:09.387: [nrf] DEBUG: nrf_state_operational(): OGS_EVENT_NAME_SBI_SERVER (../src/nrf/nrf-sm.c:50)
11/20 18:52:09.387: [sbi] DEBUG: ogs_sbi_nf_instance_add() (../lib/sbi/context.c:762)
11/20 18:52:09.387: [sbi] DEBUG: [REF] 1 (../lib/sbi/context.c:764)
11/20 18:52:09.387: [nrf] DEBUG: nrf_nf_state_initial(): ENTRY (../src/nrf/nf-sm.c:55)
11/20 18:52:09.387: [nrf] DEBUG: nrf_nf_state_will_register(): ENTRY (../src/nrf/nf-sm.c:93)
11/20 18:52:09.387: [nrf] DEBUG: nrf_nf_state_will_register(): OGS_EVENT_NAME_SBI_SERVER (../src/nrf/nf-sm.c:93)
11/20 18:52:09.387: [sock] DEBUG: addr:127.0.0.11, port:80 (../lib/core/ogs-sockaddr.c:140)
11/20 18:52:09.387: [sock] DEBUG: addr:127.0.0.11, port:7777 (../lib/core/ogs-sockaddr.c:140)
11/20 18:52:09.387: [sbi] DEBUG: STATUS [201] (../lib/sbi/nghttp2-server.c:357)
11/20 18:52:09.387: [sbi] DEBUG: SENDING...: 158 (../lib/sbi/nghttp2-server.c:365)
11/20 18:52:09.387: [sbi] DEBUG: {
	"nfInstanceId":	"7de115d2-6947-41ed-a85d-7bd62ae74332",
	"nfType":	"AUSF",
	"nfStatus":	"REGISTERED",
	"heartBeatTimer":	10,
	"nfProfileChangesInd":	true
} (../lib/sbi/nghttp2-server.c:366)
11/20 18:52:09.387: [sbi] DEBUG: STREAM closed [1] (../lib/sbi/nghttp2-server.c:852)
11/20 18:52:09.387: [nrf] DEBUG: nrf_nf_state_will_register(): EXIT (../src/nrf/nf-sm.c:93)
11/20 18:52:09.387: [nrf] DEBUG: nrf_nf_state_registered(): ENTRY (../src/nrf/nf-sm.c:183)
11/20 18:52:09.387: [nrf] INFO: [7de115d2-6947-41ed-a85d-7bd62ae74332] NF registered [Heartbeat:10s] (../src/nrf/nf-sm.c:191)
0000: 00000004 01000000 00                  .........
0000: 00006c01 04000000 01488210 03768bd5   ..l......H...v..
0010: 596a6f16 e53b8976 d76f6196 d07abe94   Yjo..;.v.oa..z..
0020: 1054d27e ea080212 8015c6c5 700fa98b   .T.~........p...
0030: 46ff0f0d 03313538 0f1fad62 aaac956a   F....158...b...j
0040: a5a58ee1 62a95635 4848ea21 50c3b214   ....b.V5HH.!P...
0050: 216e412c e3ed3ab3 412c8b0d e6e459d8   !nA,..:.A,....Y.
0060: e470432b ad32c8bf 5f8b1d75 d0620d26   .pC+.2.._..u.b.&
0070: 3d4c7441 ea                           =LtA.
0000: 00009e00 01000000 017b0a09 226e6649   .........{.."nfI
0010: 6e737461 6e636549 64223a09 22376465   nstanceId":."7de
0020: 31313564 322d3639 34372d34 3165642d   115d2-6947-41ed-
0030: 61383564 2d376264 36326165 37343333   a85d-7bd62ae7433
0040: 32222c0a 09226e66 54797065 223a0922   2",.."nfType":."
0050: 41555346 222c0a09 226e6653 74617475   AUSF",.."nfStatu
0060: 73223a09 22524547 49535445 52454422   s":."REGISTERED"
0070: 2c0a0922 68656172 74426561 7454696d   ,.."heartBeatTim
0080: 6572223a 0931302c 0a09226e 6650726f   er":.10,.."nfPro
0090: 66696c65 4368616e 67657349 6e64223a   fileChangesInd":
00a0: 09747275 650a7d                       .true.}
11/20 18:52:09.388: [sbi] DEBUG: [201:PUT] http://[::1]:7777/nnrf-nfm/v1/nf-instances/7de115d2-6947-41ed-a85d-7bd62ae74332 (../lib/sbi/client.c:573)
11/20 18:52:09.388: [sbi] DEBUG: RECEIVED[158] (../lib/sbi/client.c:584)
11/20 18:52:09.388: [sbi] DEBUG: {
	"nfInstanceId":	"7de115d2-6947-41ed-a85d-7bd62ae74332",
	"nfType":	"AUSF",
	"nfStatus":	"REGISTERED",
	"heartBeatTimer":	10,
	"nfProfileChangesInd":	true
} (../lib/sbi/client.c:586)
11/20 18:52:09.388: [ausf] DEBUG: ausf_state_operational(): OGS_EVENT_NAME_SBI_CLIENT (../src/ausf/ausf-sm.c:52)
11/20 18:52:09.388: [sbi] DEBUG: ogs_sbi_nf_state_will_register(): OGS_EVENT_NAME_SBI_CLIENT (../lib/sbi/nf-sm.c:118)
11/20 18:52:09.388: [sbi] DEBUG: ogs_sbi_nf_state_will_register(): EXIT (../lib/sbi/nf-sm.c:118)
11/20 18:52:09.388: [sbi] DEBUG: ogs_sbi_nf_state_registered(): ENTRY (../lib/sbi/nf-sm.c:204)
11/20 18:52:09.388: [sbi] INFO: [7de115d2-6947-41ed-a85d-7bd62ae74332] NF registered [Heartbeat:10s] (../lib/sbi/nf-sm.c:216)
11/20 18:52:09.388: [sbi] DEBUG: [POST] http://[::1]:7777/nnrf-nfm/v1/subscriptions (../lib/sbi/client.c:625)
11/20 18:52:09.388: [sbi] DEBUG: SENDING...[263] (../lib/sbi/client.c:401)
11/20 18:52:09.388: [sbi] DEBUG: {
	"nfStatusNotificationUri":	"http://127.0.0.11:7777/nnrf-nfm/v1/nf-status-notify",
	"reqNfInstanceId":	"7de115d2-6947-41ed-a85d-7bd62ae74332",
	"subscrCond":	{
		"nfType":	"UDM",
		"serviceName":	"nudm-ueau"
	},
	"reqNfType":	"AUSF",
	"requesterFeatures":	"1"
} (../lib/sbi/client.c:403)
11/20 18:52:09.389: [sbi] DEBUG: STREAM added [3] (../lib/sbi/nghttp2-server.c:1122)
11/20 18:52:09.389: [sbi] DEBUG: [POST] /nnrf-nfm/v1/subscriptions (../lib/sbi/nghttp2-server.c:801)
11/20 18:52:09.389: [sbi] DEBUG: RECEIVED: 263 (../lib/sbi/nghttp2-server.c:805)
11/20 18:52:09.389: [sbi] DEBUG: {
	"nfStatusNotificationUri":	"http://127.0.0.11:7777/nnrf-nfm/v1/nf-status-notify",
	"reqNfInstanceId":	"7de115d2-6947-41ed-a85d-7bd62ae74332",
	"subscrCond":	{
		"nfType":	"UDM",
		"serviceName":	"nudm-ueau"
	},
	"reqNfType":	"AUSF",
	"requesterFeatures":	"1"
} (../lib/sbi/nghttp2-server.c:806)
11/20 18:52:09.389: [nrf] DEBUG: nrf_state_operational(): OGS_EVENT_NAME_SBI_SERVER (../src/nrf/nrf-sm.c:50)
11/20 18:52:09.389: [sock] DEBUG: addr:127.0.0.11, port:7777 (../lib/core/ogs-sockaddr.c:140)
11/20 18:52:09.389: [sbi] DEBUG: ogs_sbi_client_add() (../lib/sbi/client.c:112)
11/20 18:52:09.389: [sbi] DEBUG: [REF] 1 (../lib/sbi/client.c:113)
11/20 18:52:09.389: [nrf] DEBUG: [REF] 2 (../src/nrf/nnrf-handler.c:261)
11/20 18:52:09.389: [sbi] DEBUG: STATUS [201] (../lib/sbi/nghttp2-server.c:357)
11/20 18:52:09.389: [sbi] DEBUG: SENDING...: 378 (../lib/sbi/nghttp2-server.c:365)
11/20 18:52:09.389: [sbi] DEBUG: {
	"nfStatusNotificationUri":	"http://127.0.0.11:7777/nnrf-nfm/v1/nf-status-notify",
	"reqNfInstanceId":	"7de115d2-6947-41ed-a85d-7bd62ae74332",
	"subscrCond":	{
		"nfType":	"UDM",
		"serviceName":	"nudm-ueau"
	},
	"subscriptionId":	"7de1b870-6947-41ed-b0d0-81e95e955baa",
	"validityTime":	"2022-11-21T18:52:09.389405-08:00",
	"reqNfType":	"AUSF",
	"nrfSupportedFeatures":	"1"
} (../lib/sbi/nghttp2-server.c:366)
11/20 18:52:09.389: [sbi] DEBUG: STREAM closed [3] (../lib/sbi/nghttp2-server.c:852)
0000: 00002001 04000000 03c1c0bf 0f0d0333   .. ............3
0010: 3738be0f 1f9362aa ac956aa5 a58ee161   78....b...j....a
0020: 16c68258 6ad263d4 8f                  ...Xj.c..
11/20 18:52:09.389: [sbi] DEBUG: [201:POST] http://[::1]:7777/nnrf-nfm/v1/subscriptions (../lib/sbi/client.c:573)
11/20 18:52:09.389: [sbi] DEBUG: RECEIVED[378] (../lib/sbi/client.c:584)
11/20 18:52:09.389: [sbi] DEBUG: {
	"nfStatusNotificationUri":	"http://127.0.0.11:7777/nnrf-nfm/v1/nf-status-notify",
	"reqNfInstanceId":	"7de115d2-6947-41ed-a85d-7bd62ae74332",
	"subscrCond":	{
		"nfType":	"UDM",
		"serviceName":	"nudm-ueau"
	},
	"subscriptionId":	"7de1b870-6947-41ed-b0d0-81e95e955baa",
	"validityTime":	"2022-11-21T18:52:09.389405-08:00",
	"reqNfType":	"AUSF",
	"nrfSupportedFeatures":	"1"
} (../lib/sbi/client.c:586)
0000: 00017a00 01000000 037b0a09 226e6653   ..z......{.."nfS
0010: 74617475 734e6f74 69666963 6174696f   tatusNotificatio
0020: 6e557269 223a0922 68747470 3a2f2f31   nUri":."http://1
0030: 32372e30 2e302e31 313a3737 37372f6e   27.0.0.11:7777/n
0040: 6e72662d 6e666d2f 76312f6e 662d7374   nrf-nfm/v1/nf-st
0050: 61747573 2d6e6f74 69667922 2c0a0922   atus-notify",.."
0060: 7265714e 66496e73 74616e63 65496422   reqNfInstanceId"
0070: 3a092237 64653131 3564322d 36393437   :."7de115d2-6947
0080: 2d343165 642d6138 35642d37 62643632   -41ed-a85d-7bd62
0090: 61653734 33333222 2c0a0922 73756273   ae74332",.."subs
00a0: 6372436f 6e64223a 097b0a09 09226e66   crCond":.{..."nf
00b0: 54797065 223a0922 55444d22 2c0a0909   Type":."UDM",...
00c0: 22736572 76696365 4e616d65 223a0922   "serviceName":."
00d0: 6e75646d 2d756561 75220a09 7d2c0a09   nudm-ueau"..},..
00e0: 22737562 73637269 7074696f 6e496422   "subscriptionId"
00f0: 3a092237 64653162 3837302d 36393437   :."7de1b870-6947
0100: 2d343165 642d6230 64302d38 31653935   -41ed-b0d0-81e95
0110: 65393535 62616122 2c0a0922 76616c69   e955baa",.."vali
0120: 64697479 54696d65 223a0922 32303232   dityTime":."2022
0130: 2d31312d 32315431 383a3532 3a30392e   -11-21T18:52:09.
0140: 33383934 30352d30 383a3030 222c0a09   389405-08:00",..
0150: 22726571 4e665479 7065223a 09224155   "reqNfType":."AU
0160: 5346222c 0a09226e 72665375 70706f72   SF",.."nrfSuppor
0170: 74656446 65617475 72657322 3a092231   tedFeatures":."1
0180: 220a7d                                ".}
11/20 18:52:09.389: [ausf] DEBUG: ausf_state_operational(): OGS_EVENT_NAME_SBI_CLIENT (../src/ausf/ausf-sm.c:52)
Open5GS daemon v2.5.5

11/20 18:52:09.396: [app] INFO: Configuration: '/home/test/build/configs/sample.yaml' (../lib/app/ogs-init.c:126)
11/20 18:52:09.396: [app] INFO: File Logging: '/home/test/test.log' (../lib/app/ogs-init.c:129)
11/20 18:52:09.396: [app] INFO: LOG-LEVEL: 'debug' (../lib/app/ogs-init.c:132)
11/20 18:52:09.437: [thread] DEBUG: [0x5588d82513d0] thread started (../lib/core/ogs-thread.c:101)
11/20 18:52:09.437: [thread] DEBUG: [0x5588d82513d0] worker signal (../lib/core/ogs-thread.c:66)
11/20 18:52:09.438: [sock] DEBUG: addr:127.0.0.10, port:7777 (../lib/core/ogs-sockaddr.c:140)
11/20 18:52:09.438: [sock] DEBUG: addr:::1, port:7777 (../lib/core/ogs-sockaddr.c:140)
11/20 18:52:09.438: [sock] DEBUG: addr:127.0.0.12, port:7777 (../lib/core/ogs-sockaddr.c:140)
11/20 18:52:09.438: [sbi] DEBUG: ogs_sbi_nf_state_initial(): ENTRY (../lib/sbi/nf-sm.c:66)
11/20 18:52:09.438: [sbi] DEBUG: ogs_sbi_nf_state_registered(): ENTRY (../lib/sbi/nf-sm.c:204)
11/20 18:52:09.438: [sbi] INFO: NF Service [nudm-ueau] (../lib/sbi/context.c:1401)
11/20 18:52:09.438: [sbi] INFO: NF Service [nudm-uecm] (../lib/sbi/context.c:1401)
11/20 18:52:09.438: [sbi] INFO: NF Service [nudm-sdm] (../lib/sbi/context.c:1401)
11/20 18:52:09.438: [sbi] DEBUG: ogs_sbi_nf_state_initial(): ENTRY (../lib/sbi/nf-sm.c:66)
11/20 18:52:09.438: [sbi] DEBUG: ogs_sbi_nf_state_will_register(): ENTRY (../lib/sbi/nf-sm.c:118)
11/20 18:52:09.438: [sbi] DEBUG: [PUT] http://[::1]:7777/nnrf-nfm/v1/nf-instances/7de92560-6947-41ed-aeda-453c1cb18a59 (../lib/sbi/client.c:625)
11/20 18:52:09.438: [sbi] DEBUG: SENDING...[1651] (../lib/sbi/client.c:401)
11/20 18:52:09.438: [sbi] DEBUG: {
	"nfInstanceId":	"7de92560-6947-41ed-aeda-453c1cb18a59",
	"nfType":	"UDM",
	"nfStatus":	"REGISTERED",
	"ipv4Addresses":	["127.0.0.12"],
	"allowedNfTypes":	["AMF", "SMF", "AUSF", "SCP"],
	"priority":	0,
	"capacity":	100,
	"load":	0,
	"nfServiceList":	{
		"7de939ce-6947-41ed-aeda-453c1cb18a59":	{
			"serviceInstanceId":	"7de939ce-6947-41ed-aeda-453c1cb18a59",
			"serviceName":	"nudm-ueau",
			"versions":	[{
					"apiVersionInUri":	"v1",
					"apiFullVersion":	"1.0.0"
				}],
			"scheme":	"http",
			"nfServiceStatus":	"REGISTERED",
			"ipEndPoints":	[{
					"ipv4Address":	"127.0.0.12",
					"port":	7777
				}],
			"allowedNfTypes":	["AUSF"],
			"priority":	0,
			"capacity":	100,
			"load":	0
		},
		"7de93a3c-6947-41ed-aeda-453c1cb18a59":	{
			"serviceInstanceId":	"7de93a3c-6947-41ed-aeda-453c1cb18a59",
			"serviceName":	"nudm-uecm",
			"versions":	[{
					"apiVersionInUri":	"v1",
					"apiFullVersion":	"1.0.0"
				}],
			"scheme":	"http",
			"nfServiceStatus":	"REGISTERED",
			"ipEndPoints":	[{
					"ipv4Address":	"127.0.0.12",
					"port":	7777
				}],
			"allowedNfTypes":	["AMF"],
			"priority":	0,
			"capacity":	100,
			"load":	0
		},
		"7de93a8c-6947-41ed-aeda-453c1cb18a59":	{
			"serviceInstanceId":	"7de93a8c-6947-41ed-aeda-453c1cb18a59",
			"serviceName":	"nudm-sdm",
			"versions":	[{
					"apiVersionInUri":	"v2",
					"apiFullVersion":	"2.0.0"
				}],
			"scheme":	"http",
			"nfServiceStatus":	"REGISTERED",
			"ipEndPoints":	[{
					"ipv4Address":	"127.0.0.12",
					"port":	7777
				}],
			"allowedNfTypes":	["AMF", "SMF"],
			"priority":	0,
			"capacity":	100,
			"load":	0
		}
	},
	"nfProfileChangesSupportInd":	true
} (../lib/sbi/client.c:403)
11/20 18:52:09.438: [sock] DEBUG: socket create(2:1:6) (../lib/core/ogs-socket.c:92)
11/20 18:52:09.438: [sock] DEBUG: Turn on TCP_NODELAY (../lib/core/ogs-sockopt.c:139)
11/20 18:52:09.438: [sock] DEBUG: Turn on SO_REUSEADDR (../lib/core/ogs-sockopt.c:120)
11/20 18:52:09.438: [sock] DEBUG: socket bind 127.0.0.12:7777 (../lib/core/ogs-socket.c:117)
11/20 18:52:09.438: [sock] DEBUG: tcp_server() [127.0.0.12]:7777 (../lib/core/ogs-tcp.c:61)
11/20 18:52:09.438: [sbi] INFO: nghttp2_server() [127.0.0.12]:7777 (../lib/sbi/nghttp2-server.c:151)
11/20 18:52:09.439: [thread] DEBUG: [0x56375a12bde0] thread started (../lib/core/ogs-thread.c:101)
11/20 18:52:09.439: [app] INFO: UDM initialize...done (../src/udm/app.c:31)
11/20 18:52:09.439: [thread] DEBUG: [0x56375a12bde0] worker signal (../lib/core/ogs-thread.c:66)
11/20 18:52:09.439: [udm] DEBUG: udm_state_initial(): INIT (../src/udm/udm-sm.c:25)
11/20 18:52:09.439: [udm] DEBUG: udm_state_operational(): ENTRY (../src/udm/udm-sm.c:53)
0000: 00000604 00000000 00000300 04e200     ...............
11/20 18:52:09.439: [sbi] DEBUG: MAX_CONCURRENT_STREAMS = 100 (../lib/sbi/nghttp2-server.c:747)
11/20 18:52:09.439: [sbi] DEBUG: ENABLE_PUSH = false (../lib/sbi/nghttp2-server.c:749)
11/20 18:52:09.439: [sbi] DEBUG: STREAM added [1] (../lib/sbi/nghttp2-server.c:1122)
11/20 18:52:09.440: [sbi] DEBUG: MAX_CONCURRENT_STREAMS = 100 (../lib/sbi/nghttp2-server.c:747)
11/20 18:52:09.440: [sbi] DEBUG: ENABLE_PUSH = false (../lib/sbi/nghttp2-server.c:749)
11/20 18:52:09.440: [sbi] DEBUG: [PUT] /nnrf-nfm/v1/nf-instances/7de92560-6947-41ed-aeda-453c1cb18a59 (../lib/sbi/nghttp2-server.c:801)
11/20 18:52:09.440: [sbi] DEBUG: RECEIVED: 1651 (../lib/sbi/nghttp2-server.c:805)
11/20 18:52:09.440: [sbi] DEBUG: {
	"nfInstanceId":	"7de92560-6947-41ed-aeda-453c1cb18a59",
	"nfType":	"UDM",
	"nfStatus":	"REGISTERED",
	"ipv4Addresses":	["127.0.0.12"],
	"allowedNfTypes":	["AMF", "SMF", "AUSF", "SCP"],
	"priority":	0,
	"capacity":	100,
	"load":	0,
	"nfServiceList":	{
		"7de939ce-6947-41ed-aeda-453c1cb18a59":	{
			"serviceInstanceId":	"7de939ce-6947-41ed-aeda-453c1cb18a59",
			"serviceName":	"nudm-ueau",
			"versions":	[{
					"apiVersionInUri":	"v1",
					"apiFullVersion":	"1.0.0"
				}],
			"scheme":	"http",
			"nfServiceStatus":	"REGISTERED",
			"ipEndPoints":	[{
					"ipv4Address":	"127.0.0.12",
					"port":	7777
				}],
			"allowedNfTypes":	["AUSF"],
			"priority":	0,
			"capacity":	100,
			"load":	0
		},
		"7de93a3c-6947-41ed-aeda-453c1cb18a59":	{
			"serviceInstanceId":	"7de93a3c-6947-41ed-aeda-453c1cb18a59",
			"serviceName":	"nudm-uecm",
			"versions":	[{
					"apiVersionInUri":	"v1",
					"apiFullVersion":	"1.0.0"
				}],
			"scheme":	"http",
			"nfServiceStatus":	"REGISTERED",
			"ipEndPoints":	[{
					"ipv4Address":	"127.0.0.12",
					"port":	7777
				}],
			"allowedNfTypes":	["AMF"],
			"priority":	0,
			"capacity":	100,
			"load":	0
		},
		"7de93a8c-6947-41ed-aeda-453c1cb18a59":	{
			"serviceInstanceId":	"7de93a8c-6947-41ed-aeda-453c1cb18a59",
			"serviceName":	"nudm-sdm",
			"versions":	[{
					"apiVersionInUri":	"v2",
					"apiFullVersion":	"2.0.0"
				}],
			"scheme":	"http",
			"nfServiceStatus":	"REGISTERED",
			"ipEndPoints":	[{
					"ipv4Address":	"127.0.0.12",
					"port":	7777
				}],
			"allowedNfTypes":	["AMF", "SMF"],
			"priority":	0,
			"capacity":	100,
			"load":	0
		}
	},
	"nfProfileChangesSupportInd":	true
} (../lib/sbi/nghttp2-server.c:806)
11/20 18:52:09.440: [nrf] DEBUG: nrf_state_operational(): OGS_EVENT_NAME_SBI_SERVER (../src/nrf/nrf-sm.c:50)
11/20 18:52:09.440: [sbi] DEBUG: ogs_sbi_nf_instance_add() (../lib/sbi/context.c:762)
11/20 18:52:09.440: [sbi] DEBUG: [REF] 1 (../lib/sbi/context.c:764)
11/20 18:52:09.440: [nrf] DEBUG: nrf_nf_state_initial(): ENTRY (../src/nrf/nf-sm.c:55)
11/20 18:52:09.440: [nrf] DEBUG: nrf_nf_state_will_register(): ENTRY (../src/nrf/nf-sm.c:93)
11/20 18:52:09.440: [nrf] DEBUG: nrf_nf_state_will_register(): OGS_EVENT_NAME_SBI_SERVER (../src/nrf/nf-sm.c:93)
11/20 18:52:09.440: [sock] DEBUG: addr:127.0.0.12, port:80 (../lib/core/ogs-sockaddr.c:140)
11/20 18:52:09.440: [sock] DEBUG: addr:127.0.0.12, port:7777 (../lib/core/ogs-sockaddr.c:140)
11/20 18:52:09.440: [sock] DEBUG: addr:127.0.0.12, port:7777 (../lib/core/ogs-sockaddr.c:140)
11/20 18:52:09.440: [sock] DEBUG: addr:127.0.0.12, port:7777 (../lib/core/ogs-sockaddr.c:140)
11/20 18:52:09.440: [sbi] DEBUG: STATUS [201] (../lib/sbi/nghttp2-server.c:357)
11/20 18:52:09.440: [sbi] DEBUG: SENDING...: 157 (../lib/sbi/nghttp2-server.c:365)
11/20 18:52:09.440: [sbi] DEBUG: {
	"nfInstanceId":	"7de92560-6947-41ed-aeda-453c1cb18a59",
	"nfType":	"UDM",
	"nfStatus":	"REGISTERED",
	"heartBeatTimer":	10,
	"nfProfileChangesInd":	true
} (../lib/sbi/nghttp2-server.c:366)
11/20 18:52:09.440: [sbi] DEBUG: STREAM closed [1] (../lib/sbi/nghttp2-server.c:852)
11/20 18:52:09.440: [nrf] DEBUG: nrf_nf_state_will_register(): EXIT (../src/nrf/nf-sm.c:93)
11/20 18:52:09.440: [nrf] DEBUG: nrf_nf_state_registered(): ENTRY (../src/nrf/nf-sm.c:183)
11/20 18:52:09.440: [nrf] INFO: [7de92560-6947-41ed-aeda-453c1cb18a59] NF registered [Heartbeat:10s] (../src/nrf/nf-sm.c:191)
11/20 18:52:09.440: [sbi] DEBUG: [POST] http://127.0.0.11:7777/nnrf-nfm/v1/nf-status-notify (../lib/sbi/client.c:625)
11/20 18:52:09.440: [sbi] DEBUG: SENDING...[950] (../lib/sbi/client.c:401)
11/20 18:52:09.440: [sbi] DEBUG: {
	"event":	"NF_REGISTERED",
	"nfInstanceUri":	"http://127.0.0.10:7777/nnrf-nfm/v1/nf-instances/7de92560-6947-41ed-aeda-453c1cb18a59",
	"nfProfile":	{
		"nfInstanceId":	"7de92560-6947-41ed-aeda-453c1cb18a59",
		"nfType":	"UDM",
		"nfStatus":	"REGISTERED",
		"heartBeatTimer":	10,
		"ipv4Addresses":	["127.0.0.12"],
		"allowedNfTypes":	["AMF", "SMF", "AUSF", "SCP"],
		"priority":	0,
		"capacity":	100,
		"load":	0,
		"nfServiceList":	{
			"7de939ce-6947-41ed-aeda-453c1cb18a59":	{
				"serviceInstanceId":	"7de939ce-6947-41ed-aeda-453c1cb18a59",
				"serviceName":	"nudm-ueau",
				"versions":	[{
						"apiVersionInUri":	"v1",
						"apiFullVersion":	"1.0.0"
					}],
				"scheme":	"http",
				"nfServiceStatus":	"REGISTERED",
				"ipEndPoints":	[{
						"ipv4Address":	"127.0.0.12",
						"port":	7777
					}],
				"allowedNfTypes":	["AUSF"],
				"priority":	0,
				"capacity":	100,
				"load":	0
			}
		},
		"nfProfileChangesSupportInd":	true
	}
} (../lib/sbi/client.c:403)
0000: 00000004 01000000 00                  .........
0000: 00006b01 04000000 01488210 03768bd5   ..k......H...v..
0010: 596a6f16 e53b8976 d76f6196 d07abe94   Yjo..;.v.oa..z..
0020: 1054d27e ea080212 8015c6c5 700fa98b   .T.~........p...
0030: 46ff0f0d 03313537 0f1fac62 aaac956a   F....157...b...j
0040: a5a58ee1 62a95635 4848ea21 50c3b215   ....b.V5HH.!P...
0050: f136e016 71f69d59 a0964586 5906b34d   .6..q..Y..E.Y..M
0060: b2409230 bc36df5f 8b1d75d0 620d263d   .@.0.6._..u.b.&=
0070: 4c7441ea                              LtA.
0000: 00009d00 01000000 017b0a09 226e6649   .........{.."nfI
0010: 6e737461 6e636549 64223a09 22376465   nstanceId":."7de
0020: 39323536 302d3639 34372d34 3165642d   92560-6947-41ed-
0030: 61656461 2d343533 63316362 31386135   aeda-453c1cb18a5
0040: 39222c0a 09226e66 54797065 223a0922   9",.."nfType":."
0050: 55444d22 2c0a0922 6e665374 61747573   UDM",.."nfStatus
0060: 223a0922 52454749 53544552 4544222c   ":."REGISTERED",
0070: 0a092268 65617274 42656174 54696d65   .."heartBeatTime
0080: 72223a09 31302c0a 09226e66 50726f66   r":.10,.."nfProf
0090: 696c6543 68616e67 6573496e 64223a09   ileChangesInd":.
00a0: 74727565 0a7d                         true.}
11/20 18:52:09.440: [sbi] DEBUG: MAX_CONCURRENT_STREAMS = 100 (../lib/sbi/nghttp2-server.c:747)
11/20 18:52:09.440: [sbi] DEBUG: ENABLE_PUSH = false (../lib/sbi/nghttp2-server.c:749)
11/20 18:52:09.440: [sbi] DEBUG: STREAM added [1] (../lib/sbi/nghttp2-server.c:1122)
11/20 18:52:09.440: [sbi] DEBUG: [POST] /nnrf-nfm/v1/nf-status-notify (../lib/sbi/nghttp2-server.c:801)
11/20 18:52:09.440: [sbi] DEBUG: RECEIVED: 950 (../lib/sbi/nghttp2-server.c:805)
11/20 18:52:09.440: [sbi] DEBUG: {
	"event":	"NF_REGISTERED",
	"nfInstanceUri":	"http://127.0.0.10:7777/nnrf-nfm/v1/nf-instances/7de92560-6947-41ed-aeda-453c1cb18a59",
	"nfProfile":	{
		"nfInstanceId":	"7de92560-6947-41ed-aeda-453c1cb18a59",
		"nfType":	"UDM",
		"nfStatus":	"REGISTERED",
		"heartBeatTimer":	10,
		"ipv4Addresses":	["127.0.0.12"],
		"allowedNfTypes":	["AMF", "SMF", "AUSF", "SCP"],
		"priority":	0,
		"capacity":	100,
		"load":	0,
		"nfServiceList":	{
			"7de939ce-6947-41ed-aeda-453c1cb18a59":	{
				"serviceInstanceId":	"7de939ce-6947-41ed-aeda-453c1cb18a59",
				"serviceName":	"nudm-ueau",
				"versions":	[{
						"apiVersionInUri":	"v1",
						"apiFullVersion":	"1.0.0"
					}],
				"scheme":	"http",
				"nfServiceStatus":	"REGISTERED",
				"ipEndPoints":	[{
						"ipv4Address":	"127.0.0.12",
						"port":	7777
					}],
				"allowedNfTypes":	["AUSF"],
				"priority":	0,
				"capacity":	100,
				"load":	0
			}
		},
		"nfProfileChangesSupportInd":	true
	}
} (../lib/sbi/nghttp2-server.c:806)
0000: 00000604 00000000 00000300 04e200     ...............
11/20 18:52:09.441: [ausf] DEBUG: ausf_state_operational(): OGS_EVENT_NAME_SBI_SERVER (../src/ausf/ausf-sm.c:52)
11/20 18:52:09.441: [sbi] DEBUG: ogs_sbi_nf_instance_add() (../lib/sbi/context.c:762)
11/20 18:52:09.441: [sbi] DEBUG: [REF] 1 (../lib/sbi/context.c:764)
11/20 18:52:09.441: [sbi] DEBUG: ogs_sbi_nf_state_initial(): ENTRY (../lib/sbi/nf-sm.c:66)
11/20 18:52:09.441: [sbi] DEBUG: ogs_sbi_nf_state_registered(): ENTRY (../lib/sbi/nf-sm.c:204)
11/20 18:52:09.441: [sbi] INFO: [7de92560-6947-41ed-aeda-453c1cb18a59] (NRF-notify) NF registered (../lib/sbi/nnrf-handler.c:622)
11/20 18:52:09.441: [sock] DEBUG: addr:127.0.0.12, port:80 (../lib/core/ogs-sockaddr.c:140)
11/20 18:52:09.441: [sock] DEBUG: addr:127.0.0.12, port:7777 (../lib/core/ogs-sockaddr.c:140)
11/20 18:52:09.441: [sbi] INFO: [7de92560-6947-41ed-aeda-453c1cb18a59] (NRF-notify) NF Profile updated (../lib/sbi/nnrf-handler.c:632)
11/20 18:52:09.441: [sbi] DEBUG: ogs_sbi_client_add() (../lib/sbi/client.c:112)
11/20 18:52:09.441: [sbi] DEBUG: [REF] 1 (../lib/sbi/client.c:113)
11/20 18:52:09.441: [sbi] DEBUG: [REF] 2 (../lib/sbi/context.c:1570)
11/20 18:52:09.441: [sbi] DEBUG: ogs_sbi_client_add() (../lib/sbi/client.c:112)
11/20 18:52:09.441: [sbi] DEBUG: [REF] 1 (../lib/sbi/client.c:113)
11/20 18:52:09.441: [sbi] DEBUG: [REF] 2 (../lib/sbi/context.c:1482)
11/20 18:52:09.441: [sbi] DEBUG: STATUS [204] (../lib/sbi/nghttp2-server.c:357)
11/20 18:52:09.441: [sbi] DEBUG: STREAM closed [1] (../lib/sbi/nghttp2-server.c:852)
11/20 18:52:09.441: [sbi] DEBUG: MAX_CONCURRENT_STREAMS = 100 (../lib/sbi/nghttp2-server.c:747)
11/20 18:52:09.441: [sbi] DEBUG: ENABLE_PUSH = false (../lib/sbi/nghttp2-server.c:749)
0000: 00000004 01000000 00                  .........
11/20 18:52:09.442: [sbi] DEBUG: [204:POST] http://127.0.0.11:7777/nnrf-nfm/v1/nf-status-notify (../lib/sbi/client.c:573)
11/20 18:52:09.442: [sbi] DEBUG: RECEIVED[0] (../lib/sbi/client.c:584)
0000: 00002601 05000000 0189768b d5596a6f   ..&.......v..Yjo
0010: 16e53b89 76d76f61 96d07abe 941054d2   ..;.v.oa..z...T.
0020: 7eea0802 128015c6 c5700fa9 8b46ff     ~........p...F.
11/20 18:52:09.442: [sbi] DEBUG: [201:PUT] http://[::1]:7777/nnrf-nfm/v1/nf-instances/7de92560-6947-41ed-aeda-453c1cb18a59 (../lib/sbi/client.c:573)
11/20 18:52:09.442: [sbi] DEBUG: RECEIVED[157] (../lib/sbi/client.c:584)
11/20 18:52:09.442: [sbi] DEBUG: {
	"nfInstanceId":	"7de92560-6947-41ed-aeda-453c1cb18a59",
	"nfType":	"UDM",
	"nfStatus":	"REGISTERED",
	"heartBeatTimer":	10,
	"nfProfileChangesInd":	true
} (../lib/sbi/client.c:586)
11/20 18:52:09.442: [udm] DEBUG: udm_state_operational(): OGS_EVENT_NAME_SBI_CLIENT (../src/udm/udm-sm.c:53)
11/20 18:52:09.442: [sbi] DEBUG: ogs_sbi_nf_state_will_register(): OGS_EVENT_NAME_SBI_CLIENT (../lib/sbi/nf-sm.c:118)
11/20 18:52:09.442: [sbi] DEBUG: ogs_sbi_nf_state_will_register(): EXIT (../lib/sbi/nf-sm.c:118)
11/20 18:52:09.442: [sbi] DEBUG: ogs_sbi_nf_state_registered(): ENTRY (../lib/sbi/nf-sm.c:204)
11/20 18:52:09.442: [sbi] INFO: [7de92560-6947-41ed-aeda-453c1cb18a59] NF registered [Heartbeat:10s] (../lib/sbi/nf-sm.c:216)
11/20 18:52:09.442: [sbi] DEBUG: [POST] http://[::1]:7777/nnrf-nfm/v1/subscriptions (../lib/sbi/client.c:625)
11/20 18:52:09.442: [sbi] DEBUG: SENDING...[232] (../lib/sbi/client.c:401)
11/20 18:52:09.442: [sbi] DEBUG: {
	"nfStatusNotificationUri":	"http://127.0.0.12:7777/nnrf-nfm/v1/nf-status-notify",
	"reqNfInstanceId":	"7de92560-6947-41ed-aeda-453c1cb18a59",
	"subscrCond":	{
		"nfType":	"UDR"
	},
	"reqNfType":	"UDM",
	"requesterFeatures":	"1"
} (../lib/sbi/client.c:403)
11/20 18:52:09.443: [sbi] DEBUG: STREAM added [3] (../lib/sbi/nghttp2-server.c:1122)
11/20 18:52:09.443: [sbi] DEBUG: [POST] /nnrf-nfm/v1/subscriptions (../lib/sbi/nghttp2-server.c:801)
11/20 18:52:09.443: [sbi] DEBUG: RECEIVED: 232 (../lib/sbi/nghttp2-server.c:805)
11/20 18:52:09.443: [sbi] DEBUG: {
	"nfStatusNotificationUri":	"http://127.0.0.12:7777/nnrf-nfm/v1/nf-status-notify",
	"reqNfInstanceId":	"7de92560-6947-41ed-aeda-453c1cb18a59",
	"subscrCond":	{
		"nfType":	"UDR"
	},
	"reqNfType":	"UDM",
	"requesterFeatures":	"1"
} (../lib/sbi/nghttp2-server.c:806)
11/20 18:52:09.443: [nrf] DEBUG: nrf_state_operational(): OGS_EVENT_NAME_SBI_SERVER (../src/nrf/nrf-sm.c:50)
11/20 18:52:09.443: [sock] DEBUG: addr:127.0.0.12, port:7777 (../lib/core/ogs-sockaddr.c:140)
11/20 18:52:09.443: [sbi] DEBUG: ogs_sbi_client_add() (../lib/sbi/client.c:112)
11/20 18:52:09.443: [sbi] DEBUG: [REF] 1 (../lib/sbi/client.c:113)
11/20 18:52:09.443: [nrf] DEBUG: [REF] 2 (../src/nrf/nnrf-handler.c:261)
11/20 18:52:09.443: [sbi] DEBUG: STATUS [201] (../lib/sbi/nghttp2-server.c:357)
11/20 18:52:09.443: [sbi] DEBUG: SENDING...: 347 (../lib/sbi/nghttp2-server.c:365)
11/20 18:52:09.443: [sbi] DEBUG: {
	"nfStatusNotificationUri":	"http://127.0.0.12:7777/nnrf-nfm/v1/nf-status-notify",
	"reqNfInstanceId":	"7de92560-6947-41ed-aeda-453c1cb18a59",
	"subscrCond":	{
		"nfType":	"UDR"
	},
	"subscriptionId":	"7de9f22e-6947-41ed-b0d0-81e95e955baa",
	"validityTime":	"2022-11-21T18:52:09.443227-08:00",
	"reqNfType":	"UDM",
	"nrfSupportedFeatures":	"1"
} (../lib/sbi/nghttp2-server.c:366)
11/20 18:52:09.443: [sbi] DEBUG: STREAM closed [3] (../lib/sbi/nghttp2-server.c:852)
0000: 00002001 04000000 03c1c0bf 0f0d0333   .. ............3
0010: 34370f1f 9362aaac 956aa5a5 8ee16116   47...b...j....a.
0020: c682586a d263d48f be                  ..Xj.c...
0000: 00015b00 01000000 037b0a09 226e6653   ..[......{.."nfS
0010: 74617475 734e6f74 69666963 6174696f   tatusNotificatio
0020: 6e557269 223a0922 68747470 3a2f2f31   nUri":."http://1
0030: 32372e30 2e302e31 323a3737 37372f6e   27.0.0.12:7777/n
0040: 6e72662d 6e666d2f 76312f6e 662d7374   nrf-nfm/v1/nf-st
0050: 61747573 2d6e6f74 69667922 2c0a0922   atus-notify",.."
0060: 7265714e 66496e73 74616e63 65496422   reqNfInstanceId"
0070: 3a092237 64653932 3536302d 36393437   :."7de92560-6947
0080: 2d343165 642d6165 64612d34 35336331   -41ed-aeda-453c1
0090: 63623138 61353922 2c0a0922 73756273   cb18a59",.."subs
00a0: 6372436f 6e64223a 097b0a09 09226e66   crCond":.{..."nf
00b0: 54797065 223a0922 55445222 0a097d2c   Type":."UDR"..},
00c0: 0a092273 75627363 72697074 696f6e49   .."subscriptionI
00d0: 64223a09 22376465 39663232 652d3639   d":."7de9f22e-69
00e0: 34372d34 3165642d 62306430 2d383165   47-41ed-b0d0-81e
00f0: 39356539 35356261 61222c0a 09227661   95e955baa",.."va
0100: 6c696469 74795469 6d65223a 09223230   lidityTime":."20
0110: 32322d31 312d3231 5431383a 35323a30   22-11-21T18:52:0
0120: 392e3434 33323237 2d30383a 3030222c   9.443227-08:00",
0130: 0a092272 65714e66 54797065 223a0922   .."reqNfType":."
0140: 55444d22 2c0a0922 6e726653 7570706f   UDM",.."nrfSuppo
0150: 72746564 46656174 75726573 223a0922   rtedFeatures":."
0160: 31220a7d                              1".}
11/20 18:52:09.443: [sbi] DEBUG: [201:POST] http://[::1]:7777/nnrf-nfm/v1/subscriptions (../lib/sbi/client.c:573)
11/20 18:52:09.443: [sbi] DEBUG: RECEIVED[347] (../lib/sbi/client.c:584)
11/20 18:52:09.443: [sbi] DEBUG: {
	"nfStatusNotificationUri":	"http://127.0.0.12:7777/nnrf-nfm/v1/nf-status-notify",
	"reqNfInstanceId":	"7de92560-6947-41ed-aeda-453c1cb18a59",
	"subscrCond":	{
		"nfType":	"UDR"
	},
	"subscriptionId":	"7de9f22e-6947-41ed-b0d0-81e95e955baa",
	"validityTime":	"2022-11-21T18:52:09.443227-08:00",
	"reqNfType":	"UDM",
	"nrfSupportedFeatures":	"1"
} (../lib/sbi/client.c:586)
11/20 18:52:09.443: [udm] DEBUG: udm_state_operational(): OGS_EVENT_NAME_SBI_CLIENT (../src/udm/udm-sm.c:53)
Open5GS daemon v2.5.5

11/20 18:52:09.463: [app] INFO: Configuration: '/home/test/build/configs/sample.yaml' (../lib/app/ogs-init.c:126)
11/20 18:52:09.463: [app] INFO: File Logging: '/home/test/test.log' (../lib/app/ogs-init.c:129)
11/20 18:52:09.463: [app] INFO: LOG-LEVEL: 'debug' (../lib/app/ogs-init.c:132)
11/20 18:52:09.487: [thread] DEBUG: [0x5588d82515e0] worker signal (../lib/core/ogs-thread.c:66)
11/20 18:52:09.487: [thread] DEBUG: [0x5588d82515e0] thread started (../lib/core/ogs-thread.c:101)
Open5GS daemon v2.5.5

11/20 18:52:09.505: [app] INFO: Configuration: '/home/test/build/configs/sample.yaml' (../lib/app/ogs-init.c:126)
11/20 18:52:09.505: [app] INFO: File Logging: '/home/test/test.log' (../lib/app/ogs-init.c:129)
11/20 18:52:09.505: [app] INFO: LOG-LEVEL: 'debug' (../lib/app/ogs-init.c:132)
11/20 18:52:09.512: [sock] DEBUG: addr:127.0.0.10, port:7777 (../lib/core/ogs-sockaddr.c:140)
11/20 18:52:09.512: [sock] DEBUG: addr:::1, port:7777 (../lib/core/ogs-sockaddr.c:140)
11/20 18:52:09.512: [sock] DEBUG: addr:127.0.0.13, port:7777 (../lib/core/ogs-sockaddr.c:140)
11/20 18:52:09.516: [dbi] INFO: MongoDB URI: 'mongodb://localhost/open5gs' (../lib/dbi/ogs-mongoc.c:130)
11/20 18:52:09.516: [sbi] DEBUG: ogs_sbi_nf_state_initial(): ENTRY (../lib/sbi/nf-sm.c:66)
11/20 18:52:09.516: [sbi] DEBUG: ogs_sbi_nf_state_registered(): ENTRY (../lib/sbi/nf-sm.c:204)
11/20 18:52:09.516: [sbi] INFO: NF Service [npcf-am-policy-control] (../lib/sbi/context.c:1401)
11/20 18:52:09.516: [sbi] INFO: NF Service [npcf-smpolicycontrol] (../lib/sbi/context.c:1401)
11/20 18:52:09.516: [sbi] INFO: NF Service [npcf-policyauthorization] (../lib/sbi/context.c:1401)
11/20 18:52:09.516: [sbi] DEBUG: ogs_sbi_nf_state_initial(): ENTRY (../lib/sbi/nf-sm.c:66)
11/20 18:52:09.516: [sbi] DEBUG: ogs_sbi_nf_state_will_register(): ENTRY (../lib/sbi/nf-sm.c:118)
11/20 18:52:09.516: [sbi] DEBUG: [PUT] http://[::1]:7777/nnrf-nfm/v1/nf-instances/7df42a78-6947-41ed-a590-cdd967883434 (../lib/sbi/client.c:625)
11/20 18:52:09.516: [sbi] DEBUG: SENDING...[1645] (../lib/sbi/client.c:401)
11/20 18:52:09.516: [sbi] DEBUG: {
	"nfInstanceId":	"7df42a78-6947-41ed-a590-cdd967883434",
	"nfType":	"PCF",
	"nfStatus":	"REGISTERED",
	"ipv4Addresses":	["127.0.0.13"],
	"allowedNfTypes":	["AMF", "SMF", "SCP"],
	"priority":	0,
	"capacity":	100,
	"load":	0,
	"nfServiceList":	{
		"7df517b2-6947-41ed-a590-cdd967883434":	{
			"serviceInstanceId":	"7df517b2-6947-41ed-a590-cdd967883434",
			"serviceName":	"npcf-am-policy-control",
			"versions":	[{
					"apiVersionInUri":	"v1",
					"apiFullVersion":	"1.0.0"
				}],
			"scheme":	"http",
			"nfServiceStatus":	"REGISTERED",
			"ipEndPoints":	[{
					"ipv4Address":	"127.0.0.13",
					"port":	7777
				}],
			"allowedNfTypes":	["AMF"],
			"priority":	0,
			"capacity":	100,
			"load":	0
		},
		"7df5183e-6947-41ed-a590-cdd967883434":	{
			"serviceInstanceId":	"7df5183e-6947-41ed-a590-cdd967883434",
			"serviceName":	"npcf-smpolicycontrol",
			"versions":	[{
					"apiVersionInUri":	"v1",
					"apiFullVersion":	"1.0.0"
				}],
			"scheme":	"http",
			"nfServiceStatus":	"REGISTERED",
			"ipEndPoints":	[{
					"ipv4Address":	"127.0.0.13",
					"port":	7777
				}],
			"allowedNfTypes":	["SMF"],
			"priority":	0,
			"capacity":	100,
			"load":	0
		},
		"7df518ac-6947-41ed-a590-cdd967883434":	{
			"serviceInstanceId":	"7df518ac-6947-41ed-a590-cdd967883434",
			"serviceName":	"npcf-policyauthorization",
			"versions":	[{
					"apiVersionInUri":	"v1",
					"apiFullVersion":	"1.0.0"
				}],
			"scheme":	"http",
			"nfServiceStatus":	"REGISTERED",
			"ipEndPoints":	[{
					"ipv4Address":	"127.0.0.13",
					"port":	7777
				}],
			"priority":	0,
			"capacity":	100,
			"load":	0
		}
	},
	"nfProfileChangesSupportInd":	true
} (../lib/sbi/client.c:403)
11/20 18:52:09.516: [sock] DEBUG: socket create(2:1:6) (../lib/core/ogs-socket.c:92)
11/20 18:52:09.516: [sock] DEBUG: Turn on TCP_NODELAY (../lib/core/ogs-sockopt.c:139)
11/20 18:52:09.516: [sock] DEBUG: Turn on SO_REUSEADDR (../lib/core/ogs-sockopt.c:120)
11/20 18:52:09.516: [sock] DEBUG: socket bind 127.0.0.13:7777 (../lib/core/ogs-socket.c:117)
11/20 18:52:09.516: [sock] DEBUG: tcp_server() [127.0.0.13]:7777 (../lib/core/ogs-tcp.c:61)
11/20 18:52:09.516: [sbi] INFO: nghttp2_server() [127.0.0.13]:7777 (../lib/sbi/nghttp2-server.c:151)
11/20 18:52:09.516: [thread] DEBUG: [0x55b7fd243f90] thread started (../lib/core/ogs-thread.c:101)
11/20 18:52:09.516: [app] INFO: PCF initialize...done (../src/pcf/app.c:31)
11/20 18:52:09.516: [thread] DEBUG: [0x55b7fd243f90] worker signal (../lib/core/ogs-thread.c:66)
11/20 18:52:09.517: [pcf] DEBUG: pcf_state_initial(): INIT (../src/pcf/pcf-sm.c:25)
11/20 18:52:09.517: [pcf] DEBUG: pcf_state_operational(): ENTRY (../src/pcf/pcf-sm.c:58)
0000: 00000604 00000000 00000300 04e200     ...............
11/20 18:52:09.517: [sbi] DEBUG: MAX_CONCURRENT_STREAMS = 100 (../lib/sbi/nghttp2-server.c:747)
11/20 18:52:09.517: [sbi] DEBUG: ENABLE_PUSH = false (../lib/sbi/nghttp2-server.c:749)
11/20 18:52:09.517: [sbi] DEBUG: STREAM added [1] (../lib/sbi/nghttp2-server.c:1122)
11/20 18:52:09.517: [sbi] DEBUG: MAX_CONCURRENT_STREAMS = 100 (../lib/sbi/nghttp2-server.c:747)
11/20 18:52:09.517: [sbi] DEBUG: ENABLE_PUSH = false (../lib/sbi/nghttp2-server.c:749)
11/20 18:52:09.517: [sbi] DEBUG: [PUT] /nnrf-nfm/v1/nf-instances/7df42a78-6947-41ed-a590-cdd967883434 (../lib/sbi/nghttp2-server.c:801)
11/20 18:52:09.517: [sbi] DEBUG: RECEIVED: 1645 (../lib/sbi/nghttp2-server.c:805)
11/20 18:52:09.517: [sbi] DEBUG: {
	"nfInstanceId":	"7df42a78-6947-41ed-a590-cdd967883434",
	"nfType":	"PCF",
	"nfStatus":	"REGISTERED",
	"ipv4Addresses":	["127.0.0.13"],
	"allowedNfTypes":	["AMF", "SMF", "SCP"],
	"priority":	0,
	"capacity":	100,
	"load":	0,
	"nfServiceList":	{
		"7df517b2-6947-41ed-a590-cdd967883434":	{
			"serviceInstanceId":	"7df517b2-6947-41ed-a590-cdd967883434",
			"serviceName":	"npcf-am-policy-control",
			"versions":	[{
					"apiVersionInUri":	"v1",
					"apiFullVersion":	"1.0.0"
				}],
			"scheme":	"http",
			"nfServiceStatus":	"REGISTERED",
			"ipEndPoints":	[{
					"ipv4Address":	"127.0.0.13",
					"port":	7777
				}],
			"allowedNfTypes":	["AMF"],
			"priority":	0,
			"capacity":	100,
			"load":	0
		},
		"7df5183e-6947-41ed-a590-cdd967883434":	{
			"serviceInstanceId":	"7df5183e-6947-41ed-a590-cdd967883434",
			"serviceName":	"npcf-smpolicycontrol",
			"versions":	[{
					"apiVersionInUri":	"v1",
					"apiFullVersion":	"1.0.0"
				}],
			"scheme":	"http",
			"nfServiceStatus":	"REGISTERED",
			"ipEndPoints":	[{
					"ipv4Address":	"127.0.0.13",
					"port":	7777
				}],
			"allowedNfTypes":	["SMF"],
			"priority":	0,
			"capacity":	100,
			"load":	0
		},
		"7df518ac-6947-41ed-a590-cdd967883434":	{
			"serviceInstanceId":	"7df518ac-6947-41ed-a590-cdd967883434",
			"serviceName":	"npcf-policyauthorization",
			"versions":	[{
					"apiVersionInUri":	"v1",
					"apiFullVersion":	"1.0.0"
				}],
			"scheme":	"http",
			"nfServiceStatus":	"REGISTERED",
			"ipEndPoints":	[{
					"ipv4Address":	"127.0.0.13",
					"port":	7777
				}],
			"priority":	0,
			"capacity":	100,
			"load":	0
		}
	},
	"nfProfileChangesSupportInd":	true
} (../lib/sbi/nghttp2-server.c:806)
11/20 18:52:09.517: [nrf] DEBUG: nrf_state_operational(): OGS_EVENT_NAME_SBI_SERVER (../src/nrf/nrf-sm.c:50)
11/20 18:52:09.517: [sbi] DEBUG: ogs_sbi_nf_instance_add() (../lib/sbi/context.c:762)
11/20 18:52:09.517: [sbi] DEBUG: [REF] 1 (../lib/sbi/context.c:764)
11/20 18:52:09.517: [nrf] DEBUG: nrf_nf_state_initial(): ENTRY (../src/nrf/nf-sm.c:55)
11/20 18:52:09.517: [nrf] DEBUG: nrf_nf_state_will_register(): ENTRY (../src/nrf/nf-sm.c:93)
11/20 18:52:09.517: [nrf] DEBUG: nrf_nf_state_will_register(): OGS_EVENT_NAME_SBI_SERVER (../src/nrf/nf-sm.c:93)
11/20 18:52:09.517: [sock] DEBUG: addr:127.0.0.13, port:80 (../lib/core/ogs-sockaddr.c:140)
11/20 18:52:09.517: [sock] DEBUG: addr:127.0.0.13, port:7777 (../lib/core/ogs-sockaddr.c:140)
11/20 18:52:09.517: [sock] DEBUG: addr:127.0.0.13, port:7777 (../lib/core/ogs-sockaddr.c:140)
11/20 18:52:09.517: [sock] DEBUG: addr:127.0.0.13, port:7777 (../lib/core/ogs-sockaddr.c:140)
11/20 18:52:09.517: [sbi] DEBUG: STATUS [201] (../lib/sbi/nghttp2-server.c:357)
11/20 18:52:09.517: [sbi] DEBUG: SENDING...: 157 (../lib/sbi/nghttp2-server.c:365)
11/20 18:52:09.517: [sbi] DEBUG: {
	"nfInstanceId":	"7df42a78-6947-41ed-a590-cdd967883434",
	"nfType":	"PCF",
	"nfStatus":	"REGISTERED",
	"heartBeatTimer":	10,
	"nfProfileChangesInd":	true
} (../lib/sbi/nghttp2-server.c:366)
11/20 18:52:09.517: [sbi] DEBUG: STREAM closed [1] (../lib/sbi/nghttp2-server.c:852)
11/20 18:52:09.517: [nrf] DEBUG: nrf_nf_state_will_register(): EXIT (../src/nrf/nf-sm.c:93)
11/20 18:52:09.517: [nrf] DEBUG: nrf_nf_state_registered(): ENTRY (../src/nrf/nf-sm.c:183)
11/20 18:52:09.517: [nrf] INFO: [7df42a78-6947-41ed-a590-cdd967883434] NF registered [Heartbeat:10s] (../src/nrf/nf-sm.c:191)
0000: 00000004 01000000 00                  .........
0000: 00006c01 04000000 01488210 03768bd5   ..l......H...v..
0010: 596a6f16 e53b8976 d76f6196 d07abe94   Yjo..;.v.oa..z..
0020: 1054d27e ea080212 8015c6c5 700fa98b   .T.~........p...
0030: 46ff0f0d 03313537 0f1fad62 aaac956a   F....157...b...j
0040: a5a58ee1 62a95635 4848ea21 50c3b24a   ....b.V5HH.!P..J
0050: d086ebcb 38fb4eac d04b22c3 6df02c49   ....8.N..K".m.,I
0060: 247dc75e 7996996b 5f8b1d75 d0620d26   $}.^y..k_..u.b.&
0070: 3d4c7441 ea                           =LtA.
0000: 00009d00 01000000 017b0a09 226e6649   .........{.."nfI
0010: 6e737461 6e636549 64223a09 22376466   nstanceId":."7df
0020: 34326137 382d3639 34372d34 3165642d   42a78-6947-41ed-
0030: 61353930 2d636464 39363738 38333433   a590-cdd96788343
0040: 34222c0a 09226e66 54797065 223a0922   4",.."nfType":."
0050: 50434622 2c0a0922 6e665374 61747573   PCF",.."nfStatus
0060: 223a0922 52454749 53544552 4544222c   ":."REGISTERED",
0070: 0a092268 65617274 42656174 54696d65   .."heartBeatTime
0080: 72223a09 31302c0a 09226e66 50726f66   r":.10,.."nfProf
0090: 696c6543 68616e67 6573496e 64223a09   ileChangesInd":.
00a0: 74727565 0a7d                         true.}
11/20 18:52:09.518: [sbi] DEBUG: [201:PUT] http://[::1]:7777/nnrf-nfm/v1/nf-instances/7df42a78-6947-41ed-a590-cdd967883434 (../lib/sbi/client.c:573)
11/20 18:52:09.518: [sbi] DEBUG: RECEIVED[157] (../lib/sbi/client.c:584)
11/20 18:52:09.518: [sbi] DEBUG: {
	"nfInstanceId":	"7df42a78-6947-41ed-a590-cdd967883434",
	"nfType":	"PCF",
	"nfStatus":	"REGISTERED",
	"heartBeatTimer":	10,
	"nfProfileChangesInd":	true
} (../lib/sbi/client.c:586)
11/20 18:52:09.518: [pcf] DEBUG: pcf_state_operational(): OGS_EVENT_NAME_SBI_CLIENT (../src/pcf/pcf-sm.c:58)
11/20 18:52:09.518: [sbi] DEBUG: ogs_sbi_nf_state_will_register(): OGS_EVENT_NAME_SBI_CLIENT (../lib/sbi/nf-sm.c:118)
11/20 18:52:09.518: [sbi] DEBUG: ogs_sbi_nf_state_will_register(): EXIT (../lib/sbi/nf-sm.c:118)
11/20 18:52:09.518: [sbi] DEBUG: ogs_sbi_nf_state_registered(): ENTRY (../lib/sbi/nf-sm.c:204)
11/20 18:52:09.518: [sbi] INFO: [7df42a78-6947-41ed-a590-cdd967883434] NF registered [Heartbeat:10s] (../lib/sbi/nf-sm.c:216)
11/20 18:52:09.518: [sbi] DEBUG: [POST] http://[::1]:7777/nnrf-nfm/v1/subscriptions (../lib/sbi/client.c:625)
11/20 18:52:09.518: [sbi] DEBUG: SENDING...[268] (../lib/sbi/client.c:401)
11/20 18:52:09.518: [sbi] DEBUG: {
	"nfStatusNotificationUri":	"http://127.0.0.13:7777/nnrf-nfm/v1/nf-status-notify",
	"reqNfInstanceId":	"7df42a78-6947-41ed-a590-cdd967883434",
	"subscrCond":	{
		"nfType":	"BSF",
		"serviceName":	"nbsf-management"
	},
	"reqNfType":	"PCF",
	"requesterFeatures":	"1"
} (../lib/sbi/client.c:403)
11/20 18:52:09.518: [sbi] DEBUG: [POST] http://[::1]:7777/nnrf-nfm/v1/subscriptions (../lib/sbi/client.c:625)
11/20 18:52:09.518: [sbi] DEBUG: SENDING...[260] (../lib/sbi/client.c:401)
11/20 18:52:09.518: [sbi] DEBUG: {
	"nfStatusNotificationUri":	"http://127.0.0.13:7777/nnrf-nfm/v1/nf-status-notify",
	"reqNfInstanceId":	"7df42a78-6947-41ed-a590-cdd967883434",
	"subscrCond":	{
		"nfType":	"UDR",
		"serviceName":	"nudr-dr"
	},
	"reqNfType":	"PCF",
	"requesterFeatures":	"1"
} (../lib/sbi/client.c:403)
11/20 18:52:09.519: [sbi] DEBUG: STREAM added [3] (../lib/sbi/nghttp2-server.c:1122)
11/20 18:52:09.519: [sbi] DEBUG: [POST] /nnrf-nfm/v1/subscriptions (../lib/sbi/nghttp2-server.c:801)
11/20 18:52:09.519: [sbi] DEBUG: RECEIVED: 268 (../lib/sbi/nghttp2-server.c:805)
11/20 18:52:09.519: [sbi] DEBUG: {
	"nfStatusNotificationUri":	"http://127.0.0.13:7777/nnrf-nfm/v1/nf-status-notify",
	"reqNfInstanceId":	"7df42a78-6947-41ed-a590-cdd967883434",
	"subscrCond":	{
		"nfType":	"BSF",
		"serviceName":	"nbsf-management"
	},
	"reqNfType":	"PCF",
	"requesterFeatures":	"1"
} (../lib/sbi/nghttp2-server.c:806)
11/20 18:52:09.519: [nrf] DEBUG: nrf_state_operational(): OGS_EVENT_NAME_SBI_SERVER (../src/nrf/nrf-sm.c:50)
11/20 18:52:09.519: [sock] DEBUG: addr:127.0.0.13, port:7777 (../lib/core/ogs-sockaddr.c:140)
11/20 18:52:09.519: [sbi] DEBUG: ogs_sbi_client_add() (../lib/sbi/client.c:112)
11/20 18:52:09.519: [sbi] DEBUG: [REF] 1 (../lib/sbi/client.c:113)
11/20 18:52:09.519: [nrf] DEBUG: [REF] 2 (../src/nrf/nnrf-handler.c:261)
11/20 18:52:09.519: [sbi] DEBUG: STATUS [201] (../lib/sbi/nghttp2-server.c:357)
11/20 18:52:09.519: [sbi] DEBUG: SENDING...: 383 (../lib/sbi/nghttp2-server.c:365)
11/20 18:52:09.519: [sbi] DEBUG: {
	"nfStatusNotificationUri":	"http://127.0.0.13:7777/nnrf-nfm/v1/nf-status-notify",
	"reqNfInstanceId":	"7df42a78-6947-41ed-a590-cdd967883434",
	"subscrCond":	{
		"nfType":	"BSF",
		"serviceName":	"nbsf-management"
	},
	"subscriptionId":	"7df58e54-6947-41ed-b0d0-81e95e955baa",
	"validityTime":	"2022-11-21T18:52:09.519341-08:00",
	"reqNfType":	"PCF",
	"nrfSupportedFeatures":	"1"
} (../lib/sbi/nghttp2-server.c:366)
11/20 18:52:09.519: [sbi] DEBUG: STREAM closed [3] (../lib/sbi/nghttp2-server.c:852)
0000: 00002001 04000000 03c1c0bf 0f0d0333   .. ............3
0010: 38330f1f 9362aaac 956aa5a5 8ee16116   83...b...j....a.
0020: c682586a d263d48f be                  ..Xj.c...
0000: 00017f00 01000000 037b0a09 226e6653   .........{.."nfS
0010: 74617475 734e6f74 69666963 6174696f   tatusNotificatio
0020: 6e557269 223a0922 68747470 3a2f2f31   nUri":."http://1
0030: 32372e30 2e302e31 333a3737 37372f6e   27.0.0.13:7777/n
0040: 6e72662d 6e666d2f 76312f6e 662d7374   nrf-nfm/v1/nf-st
0050: 61747573 2d6e6f74 69667922 2c0a0922   atus-notify",.."
0060: 7265714e 66496e73 74616e63 65496422   reqNfInstanceId"
0070: 3a092237 64663432 6137382d 36393437   :."7df42a78-6947
0080: 2d343165 642d6135 39302d63 64643936   -41ed-a590-cdd96
0090: 37383833 34333422 2c0a0922 73756273   7883434",.."subs
00a0: 6372436f 6e64223a 097b0a09 09226e66   crCond":.{..."nf
00b0: 54797065 223a0922 42534622 2c0a0909   Type":."BSF",...
00c0: 22736572 76696365 4e616d65 223a0922   "serviceName":."
00d0: 6e627366 2d6d616e 6167656d 656e7422   nbsf-management"
00e0: 0a097d2c 0a092273 75627363 72697074   ..},.."subscript
00f0: 696f6e49 64223a09 22376466 35386535   ionId":."7df58e5
0100: 342d3639 34372d34 3165642d 62306430   4-6947-41ed-b0d0
0110: 2d383165 39356539 35356261 61222c0a   -81e95e955baa",.
0120: 09227661 6c696469 74795469 6d65223a   ."validityTime":
0130: 09223230 32322d31 312d3231 5431383a   ."2022-11-21T18:
0140: 35323a30 392e3531 39333431 2d30383a   52:09.519341-08:
0150: 3030222c 0a092272 65714e66 54797065   00",.."reqNfType
0160: 223a0922 50434622 2c0a0922 6e726653   ":."PCF",.."nrfS
0170: 7570706f 72746564 46656174 75726573   upportedFeatures
0180: 223a0922 31220a7d                     ":."1".}
11/20 18:52:09.519: [sbi] DEBUG: MAX_CONCURRENT_STREAMS = 100 (../lib/sbi/nghttp2-server.c:747)
11/20 18:52:09.519: [sbi] DEBUG: ENABLE_PUSH = false (../lib/sbi/nghttp2-server.c:749)
11/20 18:52:09.519: [sbi] DEBUG: STREAM added [1] (../lib/sbi/nghttp2-server.c:1122)
11/20 18:52:09.519: [sbi] DEBUG: [POST] /nnrf-nfm/v1/subscriptions (../lib/sbi/nghttp2-server.c:801)
11/20 18:52:09.519: [sbi] DEBUG: RECEIVED: 260 (../lib/sbi/nghttp2-server.c:805)
11/20 18:52:09.519: [sbi] DEBUG: {
	"nfStatusNotificationUri":	"http://127.0.0.13:7777/nnrf-nfm/v1/nf-status-notify",
	"reqNfInstanceId":	"7df42a78-6947-41ed-a590-cdd967883434",
	"subscrCond":	{
		"nfType":	"UDR",
		"serviceName":	"nudr-dr"
	},
	"reqNfType":	"PCF",
	"requesterFeatures":	"1"
} (../lib/sbi/nghttp2-server.c:806)
0000: 00000604 00000000 00000300 04e200     ...............
11/20 18:52:09.519: [nrf] DEBUG: nrf_state_operational(): OGS_EVENT_NAME_SBI_SERVER (../src/nrf/nrf-sm.c:50)
11/20 18:52:09.519: [sock] DEBUG: addr:127.0.0.13, port:7777 (../lib/core/ogs-sockaddr.c:140)
11/20 18:52:09.519: [nrf] DEBUG: [REF] 3 (../src/nrf/nnrf-handler.c:261)
11/20 18:52:09.519: [sbi] DEBUG: STATUS [201] (../lib/sbi/nghttp2-server.c:357)
11/20 18:52:09.519: [sbi] DEBUG: SENDING...: 375 (../lib/sbi/nghttp2-server.c:365)
11/20 18:52:09.519: [sbi] DEBUG: {
	"nfStatusNotificationUri":	"http://127.0.0.13:7777/nnrf-nfm/v1/nf-status-notify",
	"reqNfInstanceId":	"7df42a78-6947-41ed-a590-cdd967883434",
	"subscrCond":	{
		"nfType":	"UDR",
		"serviceName":	"nudr-dr"
	},
	"subscriptionId":	"7df59d68-6947-41ed-b0d0-81e95e955baa",
	"validityTime":	"2022-11-21T18:52:09.519668-08:00",
	"reqNfType":	"PCF",
	"nrfSupportedFeatures":	"1"
} (../lib/sbi/nghttp2-server.c:366)
11/20 18:52:09.519: [sbi] DEBUG: STREAM closed [1] (../lib/sbi/nghttp2-server.c:852)
11/20 18:52:09.519: [sbi] DEBUG: [201:POST] http://[::1]:7777/nnrf-nfm/v1/subscriptions (../lib/sbi/client.c:573)
11/20 18:52:09.519: [sbi] DEBUG: RECEIVED[383] (../lib/sbi/client.c:584)
11/20 18:52:09.519: [sbi] DEBUG: MAX_CONCURRENT_STREAMS = 100 (../lib/sbi/nghttp2-server.c:747)
11/20 18:52:09.519: [sbi] DEBUG: ENABLE_PUSH = false (../lib/sbi/nghttp2-server.c:749)
11/20 18:52:09.519: [sbi] DEBUG: {
	"nfStatusNotificationUri":	"http://127.0.0.13:7777/nnrf-nfm/v1/nf-status-notify",
	"reqNfInstanceId":	"7df42a78-6947-41ed-a590-cdd967883434",
	"subscrCond":	{
		"nfType":	"BSF",
		"serviceName":	"nbsf-management"
	},
	"subscriptionId":	"7df58e54-6947-41ed-b0d0-81e95e955baa",
	"validityTime":	"2022-11-21T18:52:09.519341-08:00",
	"reqNfType":	"PCF",
	"nrfSupportedFeatures":	"1"
} (../lib/sbi/client.c:586)
0000: 00000004 01000000 00                  .........
11/20 18:52:09.519: [pcf] DEBUG: pcf_state_operational(): OGS_EVENT_NAME_SBI_CLIENT (../src/pcf/pcf-sm.c:58)
0000: 00005201 04000000 01488210 03768bd5   ..R......H...v..
0010: 596a6f16 e53b8976 d76f6196 d07abe94   Yjo..;.v.oa..z..
0020: 1054d27e ea080212 8015c6c5 700fa98b   .T.~........p...
0030: 46ff0f0d 03333735 0f1f9362 aaac956a   F....375...b...j
0040: a5a58ee1 6116c682 586ad263 d48f5f8b   ....a...Xj.c.._.
0050: 1d75d062 0d263d4c 7441ea              .u.b.&=LtA.
0000: 00017700 01000000 017b0a09 226e6653   ..w......{.."nfS
0010: 74617475 734e6f74 69666963 6174696f   tatusNotificatio
0020: 6e557269 223a0922 68747470 3a2f2f31   nUri":."http://1
0030: 32372e30 2e302e31 333a3737 37372f6e   27.0.0.13:7777/n
0040: 6e72662d 6e666d2f 76312f6e 662d7374   nrf-nfm/v1/nf-st
0050: 61747573 2d6e6f74 69667922 2c0a0922   atus-notify",.."
0060: 7265714e 66496e73 74616e63 65496422   reqNfInstanceId"
0070: 3a092237 64663432 6137382d 36393437   :."7df42a78-6947
0080: 2d343165 642d6135 39302d63 64643936   -41ed-a590-cdd96
0090: 37383833 34333422 2c0a0922 73756273   7883434",.."subs
00a0: 6372436f 6e64223a 097b0a09 09226e66   crCond":.{..."nf
00b0: 54797065 223a0922 55445222 2c0a0909   Type":."UDR",...
00c0: 22736572 76696365 4e616d65 223a0922   "serviceName":."
00d0: 6e756472 2d647222 0a097d2c 0a092273   nudr-dr"..},.."s
00e0: 75627363 72697074 696f6e49 64223a09   ubscriptionId":.
00f0: 22376466 35396436 382d3639 34372d34   "7df59d68-6947-4
0100: 3165642d 62306430 2d383165 39356539   1ed-b0d0-81e95e9
0110: 35356261 61222c0a 09227661 6c696469   55baa",.."validi
0120: 74795469 6d65223a 09223230 32322d31   tyTime":."2022-1
0130: 312d3231 5431383a 35323a30 392e3531   1-21T18:52:09.51
0140: 39363638 2d30383a 3030222c 0a092272   9668-08:00",.."r
0150: 65714e66 54797065 223a0922 50434622   eqNfType":."PCF"
0160: 2c0a0922 6e726653 7570706f 72746564   ,.."nrfSupported
0170: 46656174 75726573 223a0922 31220a7d   Features":."1".}
11/20 18:52:09.520: [sbi] DEBUG: [201:POST] http://[::1]:7777/nnrf-nfm/v1/subscriptions (../lib/sbi/client.c:573)
11/20 18:52:09.520: [sbi] DEBUG: RECEIVED[375] (../lib/sbi/client.c:584)
11/20 18:52:09.520: [sbi] DEBUG: {
	"nfStatusNotificationUri":	"http://127.0.0.13:7777/nnrf-nfm/v1/nf-status-notify",
	"reqNfInstanceId":	"7df42a78-6947-41ed-a590-cdd967883434",
	"subscrCond":	{
		"nfType":	"UDR",
		"serviceName":	"nudr-dr"
	},
	"subscriptionId":	"7df59d68-6947-41ed-b0d0-81e95e955baa",
	"validityTime":	"2022-11-21T18:52:09.519668-08:00",
	"reqNfType":	"PCF",
	"nrfSupportedFeatures":	"1"
} (../lib/sbi/client.c:586)
11/20 18:52:09.520: [pcf] DEBUG: pcf_state_operational(): OGS_EVENT_NAME_SBI_CLIENT (../src/pcf/pcf-sm.c:58)
11/20 18:52:09.537: [thread] DEBUG: [0x5588d82517f0] thread started (../lib/core/ogs-thread.c:101)
11/20 18:52:09.537: [thread] DEBUG: [0x5588d82517f0] worker signal (../lib/core/ogs-thread.c:66)
11/20 18:52:09.538: [sock] DEBUG: addr:127.0.0.10, port:7777 (../lib/core/ogs-sockaddr.c:140)
11/20 18:52:09.538: [sock] DEBUG: addr:::1, port:7777 (../lib/core/ogs-sockaddr.c:140)
11/20 18:52:09.538: [sock] DEBUG: addr:127.0.0.14, port:7777 (../lib/core/ogs-sockaddr.c:140)
11/20 18:52:09.539: [sock] DEBUG: addr:127.0.0.10, port:7777 (../lib/core/ogs-sockaddr.c:140)
11/20 18:52:09.539: [sbi] DEBUG: ogs_sbi_nf_state_initial(): ENTRY (../lib/sbi/nf-sm.c:66)
11/20 18:52:09.539: [sbi] DEBUG: ogs_sbi_nf_state_registered(): ENTRY (../lib/sbi/nf-sm.c:204)
11/20 18:52:09.539: [sbi] INFO: NF Service [nnssf-nsselection] (../lib/sbi/context.c:1401)
11/20 18:52:09.539: [sbi] DEBUG: ogs_sbi_nf_state_initial(): ENTRY (../lib/sbi/nf-sm.c:66)
11/20 18:52:09.539: [sbi] DEBUG: ogs_sbi_nf_state_will_register(): ENTRY (../lib/sbi/nf-sm.c:118)
11/20 18:52:09.539: [sbi] DEBUG: [PUT] http://[::1]:7777/nnrf-nfm/v1/nf-instances/7df88c08-6947-41ed-a6d2-3b1beb80ef79 (../lib/sbi/client.c:625)
11/20 18:52:09.539: [sbi] DEBUG: SENDING...[738] (../lib/sbi/client.c:401)
11/20 18:52:09.539: [sbi] DEBUG: {
	"nfInstanceId":	"7df88c08-6947-41ed-a6d2-3b1beb80ef79",
	"nfType":	"NSSF",
	"nfStatus":	"REGISTERED",
	"ipv4Addresses":	["127.0.0.14"],
	"allowedNfTypes":	["AMF", "SCP"],
	"priority":	0,
	"capacity":	100,
	"load":	0,
	"nfServiceList":	{
		"7df8936a-6947-41ed-a6d2-3b1beb80ef79":	{
			"serviceInstanceId":	"7df8936a-6947-41ed-a6d2-3b1beb80ef79",
			"serviceName":	"nnssf-nsselection",
			"versions":	[{
					"apiVersionInUri":	"v2",
					"apiFullVersion":	"2.0.0"
				}],
			"scheme":	"http",
			"nfServiceStatus":	"REGISTERED",
			"ipEndPoints":	[{
					"ipv4Address":	"127.0.0.14",
					"port":	7777
				}],
			"allowedNfTypes":	["AMF"],
			"priority":	0,
			"capacity":	100,
			"load":	0
		}
	},
	"nfProfileChangesSupportInd":	true
} (../lib/sbi/client.c:403)
11/20 18:52:09.539: [sock] DEBUG: socket create(2:1:6) (../lib/core/ogs-socket.c:92)
11/20 18:52:09.539: [sock] DEBUG: Turn on TCP_NODELAY (../lib/core/ogs-sockopt.c:139)
11/20 18:52:09.539: [sock] DEBUG: Turn on SO_REUSEADDR (../lib/core/ogs-sockopt.c:120)
11/20 18:52:09.539: [sock] DEBUG: socket bind 127.0.0.14:7777 (../lib/core/ogs-socket.c:117)
11/20 18:52:09.539: [sock] DEBUG: tcp_server() [127.0.0.14]:7777 (../lib/core/ogs-tcp.c:61)
11/20 18:52:09.539: [sbi] INFO: nghttp2_server() [127.0.0.14]:7777 (../lib/sbi/nghttp2-server.c:151)
11/20 18:52:09.539: [thread] DEBUG: [0x55f42e8ee320] thread started (../lib/core/ogs-thread.c:101)
11/20 18:52:09.539: [app] INFO: NSSF initialize...done (../src/nssf/app.c:31)
11/20 18:52:09.539: [thread] DEBUG: [0x55f42e8ee320] worker signal (../lib/core/ogs-thread.c:66)
11/20 18:52:09.539: [nssf] DEBUG: nssf_state_initial(): INIT (../src/nssf/nssf-sm.c:26)
11/20 18:52:09.539: [nssf] DEBUG: nssf_state_operational(): ENTRY (../src/nssf/nssf-sm.c:53)
0000: 00000604 00000000 00000300 04e200     ...............
11/20 18:52:09.539: [sbi] DEBUG: MAX_CONCURRENT_STREAMS = 100 (../lib/sbi/nghttp2-server.c:747)
11/20 18:52:09.539: [sbi] DEBUG: ENABLE_PUSH = false (../lib/sbi/nghttp2-server.c:749)
11/20 18:52:09.539: [sbi] DEBUG: STREAM added [1] (../lib/sbi/nghttp2-server.c:1122)
11/20 18:52:09.539: [sbi] DEBUG: MAX_CONCURRENT_STREAMS = 100 (../lib/sbi/nghttp2-server.c:747)
11/20 18:52:09.539: [sbi] DEBUG: ENABLE_PUSH = false (../lib/sbi/nghttp2-server.c:749)
11/20 18:52:09.539: [sbi] DEBUG: [PUT] /nnrf-nfm/v1/nf-instances/7df88c08-6947-41ed-a6d2-3b1beb80ef79 (../lib/sbi/nghttp2-server.c:801)
11/20 18:52:09.539: [sbi] DEBUG: RECEIVED: 738 (../lib/sbi/nghttp2-server.c:805)
11/20 18:52:09.539: [sbi] DEBUG: {
	"nfInstanceId":	"7df88c08-6947-41ed-a6d2-3b1beb80ef79",
	"nfType":	"NSSF",
	"nfStatus":	"REGISTERED",
	"ipv4Addresses":	["127.0.0.14"],
	"allowedNfTypes":	["AMF", "SCP"],
	"priority":	0,
	"capacity":	100,
	"load":	0,
	"nfServiceList":	{
		"7df8936a-6947-41ed-a6d2-3b1beb80ef79":	{
			"serviceInstanceId":	"7df8936a-6947-41ed-a6d2-3b1beb80ef79",
			"serviceName":	"nnssf-nsselection",
			"versions":	[{
					"apiVersionInUri":	"v2",
					"apiFullVersion":	"2.0.0"
				}],
			"scheme":	"http",
			"nfServiceStatus":	"REGISTERED",
			"ipEndPoints":	[{
					"ipv4Address":	"127.0.0.14",
					"port":	7777
				}],
			"allowedNfTypes":	["AMF"],
			"priority":	0,
			"capacity":	100,
			"load":	0
		}
	},
	"nfProfileChangesSupportInd":	true
} (../lib/sbi/nghttp2-server.c:806)
11/20 18:52:09.539: [nrf] DEBUG: nrf_state_operational(): OGS_EVENT_NAME_SBI_SERVER (../src/nrf/nrf-sm.c:50)
11/20 18:52:09.539: [sbi] DEBUG: ogs_sbi_nf_instance_add() (../lib/sbi/context.c:762)
11/20 18:52:09.539: [sbi] DEBUG: [REF] 1 (../lib/sbi/context.c:764)
11/20 18:52:09.539: [nrf] DEBUG: nrf_nf_state_initial(): ENTRY (../src/nrf/nf-sm.c:55)
11/20 18:52:09.539: [nrf] DEBUG: nrf_nf_state_will_register(): ENTRY (../src/nrf/nf-sm.c:93)
11/20 18:52:09.539: [nrf] DEBUG: nrf_nf_state_will_register(): OGS_EVENT_NAME_SBI_SERVER (../src/nrf/nf-sm.c:93)
11/20 18:52:09.539: [sock] DEBUG: addr:127.0.0.14, port:80 (../lib/core/ogs-sockaddr.c:140)
11/20 18:52:09.539: [sock] DEBUG: addr:127.0.0.14, port:7777 (../lib/core/ogs-sockaddr.c:140)
11/20 18:52:09.539: [sbi] DEBUG: STATUS [201] (../lib/sbi/nghttp2-server.c:357)
11/20 18:52:09.539: [sbi] DEBUG: SENDING...: 158 (../lib/sbi/nghttp2-server.c:365)
11/20 18:52:09.539: [sbi] DEBUG: {
	"nfInstanceId":	"7df88c08-6947-41ed-a6d2-3b1beb80ef79",
	"nfType":	"NSSF",
	"nfStatus":	"REGISTERED",
	"heartBeatTimer":	10,
	"nfProfileChangesInd":	true
} (../lib/sbi/nghttp2-server.c:366)
11/20 18:52:09.539: [sbi] DEBUG: STREAM closed [1] (../lib/sbi/nghttp2-server.c:852)
11/20 18:52:09.539: [nrf] DEBUG: nrf_nf_state_will_register(): EXIT (../src/nrf/nf-sm.c:93)
11/20 18:52:09.539: [nrf] DEBUG: nrf_nf_state_registered(): ENTRY (../src/nrf/nf-sm.c:183)
11/20 18:52:09.539: [nrf] INFO: [7df88c08-6947-41ed-a6d2-3b1beb80ef79] NF registered [Heartbeat:10s] (../src/nrf/nf-sm.c:191)
0000: 00000004 01000000 00                  .........
0000: 00006c01 04000000 01488210 03768bd5   ..l......H...v..
0010: 596a6f16 e53b8976 d76f6196 d07abe94   Yjo..;.v.oa..z..
0020: 1054d27e ea080212 8015c6c5 700fa98b   .T.~........p...
0030: 46ff0f0d 03313538 0f1fad62 aaac956a   F....158...b...j
0040: a5a58ee1 62a95635 4848ea21 50c3b24a   ....b.V5HH.!P..J
0050: f3c403cb 38fb4eac d04b22c3 72412ccc   ....8.N..K".rA,.
0060: 618cb1bc 02caebff 5f8b1d75 d0620d26   a......._..u.b.&
0070: 3d4c7441 ea                           =LtA.
11/20 18:52:09.539: [sbi] DEBUG: [201:PUT] http://[::1]:7777/nnrf-nfm/v1/nf-instances/7df88c08-6947-41ed-a6d2-3b1beb80ef79 (../lib/sbi/client.c:573)
0000: 00009e00 01000000 017b0a09 226e6649   .........{.."nfI
0010: 6e737461 6e636549 64223a09 22376466   nstanceId":."7df
0020: 38386330 382d3639 34372d34 3165642d   88c08-6947-41ed-
0030: 61366432 2d336231 62656238 30656637   a6d2-3b1beb80ef7
0040: 39222c0a 09226e66 54797065 223a0922   9",.."nfType":."
0050: 4e535346 222c0a09 226e6653 74617475   NSSF",.."nfStatu
0060: 73223a09 22524547 49535445 52454422   s":."REGISTERED"
0070: 2c0a0922 68656172 74426561 7454696d   ,.."heartBeatTim
0080: 6572223a 0931302c 0a09226e 6650726f   er":.10,.."nfPro
0090: 66696c65 4368616e 67657349 6e64223a   fileChangesInd":
00a0: 09747275 650a7d                       .true.}
11/20 18:52:09.539: [sbi] DEBUG: RECEIVED[158] (../lib/sbi/client.c:584)
11/20 18:52:09.539: [sbi] DEBUG: {
	"nfInstanceId":	"7df88c08-6947-41ed-a6d2-3b1beb80ef79",
	"nfType":	"NSSF",
	"nfStatus":	"REGISTERED",
	"heartBeatTimer":	10,
	"nfProfileChangesInd":	true
} (../lib/sbi/client.c:586)
11/20 18:52:09.539: [nssf] DEBUG: nssf_state_operational(): OGS_EVENT_NAME_SBI_CLIENT (../src/nssf/nssf-sm.c:53)
11/20 18:52:09.539: [sbi] DEBUG: ogs_sbi_nf_state_will_register(): OGS_EVENT_NAME_SBI_CLIENT (../lib/sbi/nf-sm.c:118)
11/20 18:52:09.539: [sbi] DEBUG: ogs_sbi_nf_state_will_register(): EXIT (../lib/sbi/nf-sm.c:118)
11/20 18:52:09.539: [sbi] DEBUG: ogs_sbi_nf_state_registered(): ENTRY (../lib/sbi/nf-sm.c:204)
11/20 18:52:09.539: [sbi] INFO: [7df88c08-6947-41ed-a6d2-3b1beb80ef79] NF registered [Heartbeat:10s] (../lib/sbi/nf-sm.c:216)
11/20 18:52:09.547: [sock] DEBUG: addr:127.0.0.4, port:2123 (../lib/core/ogs-sockaddr.c:140)
11/20 18:52:09.547: [sock] DEBUG: addr:::1, port:2123 (../lib/core/ogs-sockaddr.c:140)
11/20 18:52:09.547: [sock] DEBUG: addr:127.0.0.4, port:2152 (../lib/core/ogs-sockaddr.c:140)
11/20 18:52:09.547: [sock] DEBUG: addr:::1, port:2152 (../lib/core/ogs-sockaddr.c:140)
11/20 18:52:09.547: [sock] DEBUG: addr:127.0.0.4, port:8805 (../lib/core/ogs-sockaddr.c:140)
11/20 18:52:09.549: [sock] DEBUG: addr:127.0.0.7, port:8805 (../lib/core/ogs-sockaddr.c:140)
11/20 18:52:09.549: [sock] DEBUG: addr:127.0.0.4, port:7777 (../lib/core/ogs-sockaddr.c:140)
11/20 18:52:09.549: [sock] DEBUG: addr:127.0.0.10, port:7777 (../lib/core/ogs-sockaddr.c:140)
11/20 18:52:09.549: [sock] DEBUG: addr:::1, port:7777 (../lib/core/ogs-sockaddr.c:140)
Open5GS daemon v2.5.5

11/20 18:52:09.557: [app] INFO: Configuration: '/home/test/build/configs/sample.yaml' (../lib/app/ogs-init.c:126)
11/20 18:52:09.557: [app] INFO: File Logging: '/home/test/test.log' (../lib/app/ogs-init.c:129)
11/20 18:52:09.557: [app] INFO: LOG-LEVEL: 'debug' (../lib/app/ogs-init.c:132)
11/20 18:52:09.559: [diam] DEBUG: pid:Main in fd_core_initialize@core.c:188: libfdproto '1.5.0' initialized.
 ((null):0)
11/20 18:52:09.560: [diam] DEBUG: pid:Main in fd_core_initialize@core.c:223: libfdcore '1.5.0' initialized.
 ((null):0)
11/20 18:52:09.585: [diam] DEBUG: pid:Main in fd_ext_load@extensions.c:215: All extensions loaded.
 ((null):0)
11/20 18:52:09.585: [diam] DEBUG: pid:Main in ogs_diam_config_init@config.c:196: freeDiameter configuration:
 ((null):0)
11/20 18:52:09.585: [diam] DEBUG: pid:Main in ogs_diam_config_init@config.c:196:   Default trace level .... : +5
 ((null):0)
11/20 18:52:09.585: [diam] DEBUG: pid:Main in ogs_diam_config_init@config.c:196:   Configuration file ..... : (null)
 ((null):0)
11/20 18:52:09.585: [diam] DEBUG: pid:Main in ogs_diam_config_init@config.c:196:   Diameter Identity ...... : smf.localdomain (l:15)
 ((null):0)
11/20 18:52:09.585: [diam] DEBUG: pid:Main in ogs_diam_config_init@config.c:196:   Diameter Realm ......... : localdomain (l:11)
 ((null):0)
11/20 18:52:09.585: [diam] DEBUG: pid:Main in ogs_diam_config_init@config.c:196:   Tc Timer ............... : 30
 ((null):0)
11/20 18:52:09.585: [diam] DEBUG: pid:Main in ogs_diam_config_init@config.c:196:   Tw Timer ............... : 30
 ((null):0)
11/20 18:52:09.585: [diam] DEBUG: pid:Main in ogs_diam_config_init@config.c:196:   Local port ............. : 3868
 ((null):0)
11/20 18:52:09.585: [diam] DEBUG: pid:Main in ogs_diam_config_init@config.c:196:   Local secure port ...... : 5868
 ((null):0)
11/20 18:52:09.585: [diam] DEBUG: pid:Main in ogs_diam_config_init@config.c:196:   Number of SCTP streams . : 30
 ((null):0)
11/20 18:52:09.585: [diam] DEBUG: pid:Main in ogs_diam_config_init@config.c:196:   Number of clients thr .. : 5
 ((null):0)
11/20 18:52:09.585: [diam] DEBUG: pid:Main in ogs_diam_config_init@config.c:196:   Number of app threads .. : 4
 ((null):0)
11/20 18:52:09.585: [diam] DEBUG: pid:Main in ogs_diam_config_init@config.c:196:   Minimal processing peers : 0
 ((null):0)
11/20 18:52:09.585: [diam] DEBUG: pid:Main in ogs_diam_config_init@config.c:196:   Number of rtin threads . : 1
 ((null):0)
11/20 18:52:09.585: [diam] DEBUG: pid:Main in ogs_diam_config_init@config.c:196:   Number of rtout threads  : 1
 ((null):0)
11/20 18:52:09.585: [diam] DEBUG: pid:Main in ogs_diam_config_init@config.c:196:   Incoming queue limit     : 20
 ((null):0)
11/20 18:52:09.585: [diam] DEBUG: pid:Main in ogs_diam_config_init@config.c:196:   Outgoing queue limit     : 30
 ((null):0)
11/20 18:52:09.585: [diam] DEBUG: pid:Main in ogs_diam_config_init@config.c:196:   Local queue limit        : 25
 ((null):0)
11/20 18:52:09.585: [diam] DEBUG: pid:Main in ogs_diam_config_init@config.c:196:   Local endpoints ........ : 127.0.0.4{C----}
 ((null):0)
11/20 18:52:09.585: [diam] DEBUG: pid:Main in ogs_diam_config_init@config.c:196:   Local applications ..... : (none)
 ((null):0)
11/20 18:52:09.585: [diam] DEBUG: pid:Main in ogs_diam_config_init@config.c:196:   Flags : - IP ........... : Enabled
 ((null):0)
11/20 18:52:09.585: [diam] DEBUG: pid:Main in ogs_diam_config_init@config.c:196:           - IPv6 ......... : Enabled
 ((null):0)
11/20 18:52:09.585: [diam] DEBUG: pid:Main in ogs_diam_config_init@config.c:196:           - Relay app .... : DISABLED
 ((null):0)
11/20 18:52:09.585: [diam] DEBUG: pid:Main in ogs_diam_config_init@config.c:196:           - TCP .......... : Enabled
 ((null):0)
11/20 18:52:09.585: [diam] DEBUG: pid:Main in ogs_diam_config_init@config.c:196:           - SCTP ......... : Enabled
 ((null):0)
11/20 18:52:09.585: [diam] DEBUG: pid:Main in ogs_diam_config_init@config.c:196:           - Pref. proto .. : SCTP
 ((null):0)
11/20 18:52:09.585: [diam] DEBUG: pid:Main in ogs_diam_config_init@config.c:196:           - TLS method ... : Separate port
 ((null):0)
11/20 18:52:09.585: [diam] DEBUG: pid:Main in ogs_diam_config_init@config.c:196:           - Client bind .. : Enabled
 ((null):0)
11/20 18:52:09.585: [diam] DEBUG: pid:Main in ogs_diam_config_init@config.c:196:   TLS :   - Certificate .. : (NONE)
 ((null):0)
11/20 18:52:09.585: [diam] DEBUG: pid:Main in ogs_diam_config_init@config.c:196:           - Private key .. : (NONE)
 ((null):0)
11/20 18:52:09.585: [diam] DEBUG: pid:Main in ogs_diam_config_init@config.c:196:           - CA (trust) ... : (none) (0 certs)
 ((null):0)
11/20 18:52:09.585: [diam] DEBUG: pid:Main in ogs_diam_config_init@config.c:196:           - CRL .......... : (none)
 ((null):0)
11/20 18:52:09.585: [diam] DEBUG: pid:Main in ogs_diam_config_init@config.c:196:           - Priority ..... : (default: 'NORMAL')
 ((null):0)
11/20 18:52:09.585: [diam] DEBUG: pid:Main in ogs_diam_config_init@config.c:196:           - DH bits ...... : 1024
 ((null):0)
11/20 18:52:09.585: [diam] DEBUG: pid:Main in ogs_diam_config_init@config.c:196:   Origin-State-Id ........ : 1668999129
 ((null):0)
11/20 18:52:09.588: [thread] DEBUG: [0x5588d8251a00] thread started (../lib/core/ogs-thread.c:101)
11/20 18:52:09.588: [thread] DEBUG: [0x5588d8251a00] worker signal (../lib/core/ogs-thread.c:66)
11/20 18:52:09.591: [diam] DEBUG: pid:Main in fd_servers_start@server.c:464: Local server address(es): 127.0.0.4{C----}
 ((null):0)
11/20 18:52:09.591: [sock] DEBUG: socket create(2:2:17) (../lib/core/ogs-socket.c:92)
11/20 18:52:09.591: [sock] DEBUG: socket bind 127.0.0.4:2123 (../lib/core/ogs-socket.c:117)
11/20 18:52:09.591: [sock] DEBUG: udp_server() [127.0.0.4]:2123 (../lib/core/ogs-udp.c:52)
11/20 18:52:09.591: [gtp] INFO: gtp_server() [127.0.0.4]:2123 (../lib/gtp/path.c:31)
11/20 18:52:09.591: [sock] DEBUG: socket create(10:2:17) (../lib/core/ogs-socket.c:92)
11/20 18:52:09.591: [sock] DEBUG: socket bind ::1:2123 (../lib/core/ogs-socket.c:117)
11/20 18:52:09.591: [sock] DEBUG: udp_server() [::1]:2123 (../lib/core/ogs-udp.c:52)
11/20 18:52:09.591: [gtp] INFO: gtp_server() [::1]:2123 (../lib/gtp/path.c:31)
11/20 18:52:09.591: [sock] DEBUG: socket create(2:2:17) (../lib/core/ogs-socket.c:92)
11/20 18:52:09.591: [sock] DEBUG: socket bind 127.0.0.4:2152 (../lib/core/ogs-socket.c:117)
11/20 18:52:09.591: [sock] DEBUG: udp_server() [127.0.0.4]:2152 (../lib/core/ogs-udp.c:52)
11/20 18:52:09.591: [gtp] INFO: gtp_server() [127.0.0.4]:2152 (../lib/gtp/path.c:31)
11/20 18:52:09.591: [sock] DEBUG: socket create(10:2:17) (../lib/core/ogs-socket.c:92)
11/20 18:52:09.591: [sock] DEBUG: socket bind ::1:2152 (../lib/core/ogs-socket.c:117)
11/20 18:52:09.591: [sock] DEBUG: udp_server() [::1]:2152 (../lib/core/ogs-udp.c:52)
11/20 18:52:09.591: [gtp] INFO: gtp_server() [::1]:2152 (../lib/gtp/path.c:31)
11/20 18:52:09.591: [sock] DEBUG: socket create(2:2:17) (../lib/core/ogs-socket.c:92)
11/20 18:52:09.591: [sock] DEBUG: socket bind 127.0.0.4:8805 (../lib/core/ogs-socket.c:117)
11/20 18:52:09.591: [sock] DEBUG: udp_server() [127.0.0.4]:8805 (../lib/core/ogs-udp.c:52)
11/20 18:52:09.591: [pfcp] INFO: pfcp_server() [127.0.0.4]:8805 (../lib/pfcp/path.c:31)
11/20 18:52:09.591: [smf] DEBUG: smf_pfcp_state_initial(): ENTRY (../src/smf/pfcp-sm.c:35)
11/20 18:52:09.591: [pfcp] INFO: ogs_pfcp_connect() [127.0.0.7]:8805 (../lib/pfcp/path.c:62)
11/20 18:52:09.591: [smf] DEBUG: smf_pfcp_state_will_associate(): ENTRY (../src/smf/pfcp-sm.c:78)
11/20 18:52:09.591: [pfcp] DEBUG: [1] LOCAL  Create  peer [127.0.0.7]:8805 (../lib/pfcp/xact.c:116)
11/20 18:52:09.591: [pfcp] DEBUG: Association Setup Request (../lib/pfcp/build.c:64)
11/20 18:52:09.591: [pfcp] DEBUG: [1] LOCAL  UPD TX-5  peer [127.0.0.7]:8805 (../lib/pfcp/xact.c:197)
11/20 18:52:09.591: [pfcp] DEBUG: [1] LOCAL  Commit  peer [127.0.0.7]:8805 (../lib/pfcp/xact.c:475)
11/20 18:52:09.591: [sbi] DEBUG: ogs_sbi_nf_state_initial(): ENTRY (../lib/sbi/nf-sm.c:66)
11/20 18:52:09.591: [sbi] DEBUG: ogs_sbi_nf_state_registered(): ENTRY (../lib/sbi/nf-sm.c:204)
11/20 18:52:09.591: [sbi] INFO: NF Service [nsmf-pdusession] (../lib/sbi/context.c:1401)
11/20 18:52:09.591: [sbi] DEBUG: ogs_sbi_nf_state_initial(): ENTRY (../lib/sbi/nf-sm.c:66)
11/20 18:52:09.591: [sbi] DEBUG: ogs_sbi_nf_state_will_register(): ENTRY (../lib/sbi/nf-sm.c:118)
11/20 18:52:09.591: [sbi] DEBUG: [PUT] http://[::1]:7777/nnrf-nfm/v1/nf-instances/7dede140-6947-41ed-b984-b79611f9b6e4 (../lib/sbi/client.c:625)
11/20 18:52:09.591: [upf] DEBUG: upf_state_operational(): UPF_EVT_N4_MESSAGE (../src/upf/upf-sm.c:51)
11/20 18:52:09.591: [sbi] DEBUG: SENDING...[733] (../lib/sbi/client.c:401)
11/20 18:52:09.591: [sbi] DEBUG: {
	"nfInstanceId":	"7dede140-6947-41ed-b984-b79611f9b6e4",
	"nfType":	"SMF",
	"nfStatus":	"REGISTERED",
	"ipv4Addresses":	["127.0.0.4"],
	"allowedNfTypes":	["AMF", "SCP"],
	"priority":	0,
	"capacity":	100,
	"load":	0,
	"nfServiceList":	{
		"7e009b8c-6947-41ed-b984-b79611f9b6e4":	{
			"serviceInstanceId":	"7e009b8c-6947-41ed-b984-b79611f9b6e4",
			"serviceName":	"nsmf-pdusession",
			"versions":	[{
					"apiVersionInUri":	"v1",
					"apiFullVersion":	"1.0.0"
				}],
			"scheme":	"http",
			"nfServiceStatus":	"REGISTERED",
			"ipEndPoints":	[{
					"ipv4Address":	"127.0.0.4",
					"port":	7777
				}],
			"allowedNfTypes":	["AMF"],
			"priority":	0,
			"capacity":	100,
			"load":	0
		}
	},
	"nfProfileChangesSupportInd":	true
} (../lib/sbi/client.c:403)
11/20 18:52:09.591: [sock] DEBUG: socket create(2:1:6) (../lib/core/ogs-socket.c:92)
11/20 18:52:09.591: [sock] DEBUG: Turn on TCP_NODELAY (../lib/core/ogs-sockopt.c:139)
11/20 18:52:09.591: [sock] DEBUG: Turn on SO_REUSEADDR (../lib/core/ogs-sockopt.c:120)
11/20 18:52:09.591: [sock] DEBUG: socket bind 127.0.0.4:7777 (../lib/core/ogs-socket.c:117)
11/20 18:52:09.591: [sock] DEBUG: tcp_server() [127.0.0.4]:7777 (../lib/core/ogs-tcp.c:61)
11/20 18:52:09.591: [sbi] INFO: nghttp2_server() [127.0.0.4]:7777 (../lib/sbi/nghttp2-server.c:151)
11/20 18:52:09.592: [pfcp] DEBUG: [1] Cannot find xact type 5 from PFCP peer [127.0.0.4]:8805 (../lib/pfcp/xact.c:797)
11/20 18:52:09.592: [pfcp] DEBUG: [1] REMOTE Create  peer [127.0.0.4]:8805 (../lib/pfcp/xact.c:159)
11/20 18:52:09.592: [pfcp] DEBUG: [1] REMOTE Receive peer [127.0.0.4]:8805 (../lib/pfcp/xact.c:704)
11/20 18:52:09.592: [pfcp] DEBUG: [1] REMOTE UPD RX-5  peer [127.0.0.4]:8805 (../lib/pfcp/xact.c:298)
11/20 18:52:09.592: [upf] DEBUG: upf_pfcp_state_will_associate(): UPF_EVT_N4_MESSAGE (../src/upf/pfcp-sm.c:79)
11/20 18:52:09.592: [pfcp] DEBUG: Association Setup Response (../lib/pfcp/build.c:193)
11/20 18:52:09.592: [pfcp] DEBUG: [1] REMOTE UPD TX-6  peer [127.0.0.4]:8805 (../lib/pfcp/xact.c:197)
11/20 18:52:09.592: [pfcp] DEBUG: [1] REMOTE Commit  peer [127.0.0.4]:8805 (../lib/pfcp/xact.c:475)
11/20 18:52:09.592: [upf] DEBUG: upf_pfcp_state_will_associate(): EXIT (../src/upf/pfcp-sm.c:79)
11/20 18:52:09.592: [upf] DEBUG: upf_pfcp_state_associated(): ENTRY (../src/upf/pfcp-sm.c:164)
11/20 18:52:09.592: [upf] INFO: PFCP associated [127.0.0.4]:8805 (../src/upf/pfcp-sm.c:175)
11/20 18:52:09.592: [diam] DEBUG: pid:ConnTo:pcrf.localdomain in md_hook_cb_tree@dbg_msg_dumps.c:150: CONNECT FAILED to pcrf.localdomain: All connection attempts failed, will retry later
 ((null):0)
11/20 18:52:09.592: [thread] DEBUG: [0x560b2bcb7290] worker signal (../lib/core/ogs-thread.c:66)
11/20 18:52:09.592: [smf] DEBUG: smf_state_initial(): INIT (../src/smf/smf-sm.c:35)
11/20 18:52:09.592: [smf] DEBUG: smf_state_operational(): ENTRY (../src/smf/smf-sm.c:83)
11/20 18:52:09.592: [sbi] DEBUG: MAX_CONCURRENT_STREAMS = 100 (../lib/sbi/nghttp2-server.c:747)
11/20 18:52:09.592: [sbi] DEBUG: ENABLE_PUSH = false (../lib/sbi/nghttp2-server.c:749)
0000: 00000604 00000000 00000300 04e200     ...............
11/20 18:52:09.592: [smf] DEBUG: smf_state_operational(): SMF_EVT_N4_MESSAGE (../src/smf/smf-sm.c:83)
11/20 18:52:09.592: [sbi] DEBUG: STREAM added [1] (../lib/sbi/nghttp2-server.c:1122)
11/20 18:52:09.592: [sbi] DEBUG: [PUT] /nnrf-nfm/v1/nf-instances/7dede140-6947-41ed-b984-b79611f9b6e4 (../lib/sbi/nghttp2-server.c:801)
11/20 18:52:09.592: [sbi] DEBUG: RECEIVED: 733 (../lib/sbi/nghttp2-server.c:805)
11/20 18:52:09.592: [sbi] DEBUG: {
	"nfInstanceId":	"7dede140-6947-41ed-b984-b79611f9b6e4",
	"nfType":	"SMF",
	"nfStatus":	"REGISTERED",
	"ipv4Addresses":	["127.0.0.4"],
	"allowedNfTypes":	["AMF", "SCP"],
	"priority":	0,
	"capacity":	100,
	"load":	0,
	"nfServiceList":	{
		"7e009b8c-6947-41ed-b984-b79611f9b6e4":	{
			"serviceInstanceId":	"7e009b8c-6947-41ed-b984-b79611f9b6e4",
			"serviceName":	"nsmf-pdusession",
			"versions":	[{
					"apiVersionInUri":	"v1",
					"apiFullVersion":	"1.0.0"
				}],
			"scheme":	"http",
			"nfServiceStatus":	"REGISTERED",
			"ipEndPoints":	[{
					"ipv4Address":	"127.0.0.4",
					"port":	7777
				}],
			"allowedNfTypes":	["AMF"],
			"priority":	0,
			"capacity":	100,
			"load":	0
		}
	},
	"nfProfileChangesSupportInd":	true
} (../lib/sbi/nghttp2-server.c:806)
11/20 18:52:09.592: [nrf] DEBUG: nrf_state_operational(): OGS_EVENT_NAME_SBI_SERVER (../src/nrf/nrf-sm.c:50)
11/20 18:52:09.592: [pfcp] DEBUG: [1] LOCAL  Find    peer [127.0.0.7]:8805 (../lib/pfcp/xact.c:790)
11/20 18:52:09.592: [pfcp] DEBUG: [1] LOCAL  Receive peer [127.0.0.7]:8805 (../lib/pfcp/xact.c:704)
11/20 18:52:09.592: [pfcp] DEBUG: [1] LOCAL  UPD RX-6  peer [127.0.0.7]:8805 (../lib/pfcp/xact.c:298)
11/20 18:52:09.592: [smf] DEBUG: smf_pfcp_state_will_associate(): SMF_EVT_N4_MESSAGE (../src/smf/pfcp-sm.c:78)
11/20 18:52:09.592: [pfcp] DEBUG: [1] LOCAL  Commit  peer [127.0.0.7]:8805 (../lib/pfcp/xact.c:475)
11/20 18:52:09.592: [pfcp] DEBUG: [1] LOCAL  Delete  peer [127.0.0.7]:8805 (../lib/pfcp/xact.c:813)
11/20 18:52:09.592: [smf] DEBUG: smf_pfcp_state_will_associate(): EXIT (../src/smf/pfcp-sm.c:78)
11/20 18:52:09.592: [smf] DEBUG: smf_pfcp_state_associated(): ENTRY (../src/smf/pfcp-sm.c:165)
11/20 18:52:09.592: [sbi] DEBUG: ogs_sbi_nf_instance_add() (../lib/sbi/context.c:762)
11/20 18:52:09.592: [smf] INFO: PFCP associated [127.0.0.7]:8805 (../src/smf/pfcp-sm.c:176)
11/20 18:52:09.592: [sbi] DEBUG: [REF] 1 (../lib/sbi/context.c:764)
11/20 18:52:09.592: [nrf] DEBUG: nrf_nf_state_initial(): ENTRY (../src/nrf/nf-sm.c:55)
11/20 18:52:09.592: [nrf] DEBUG: nrf_nf_state_will_register(): ENTRY (../src/nrf/nf-sm.c:93)
11/20 18:52:09.592: [nrf] DEBUG: nrf_nf_state_will_register(): OGS_EVENT_NAME_SBI_SERVER (../src/nrf/nf-sm.c:93)
11/20 18:52:09.592: [sock] DEBUG: addr:127.0.0.4, port:80 (../lib/core/ogs-sockaddr.c:140)
11/20 18:52:09.592: [thread] DEBUG: [0x560b2bcb7290] thread started (../lib/core/ogs-thread.c:101)
11/20 18:52:09.592: [app] INFO: SMF initialize...done (../src/smf/app.c:31)
11/20 18:52:09.592: [sock] DEBUG: addr:127.0.0.4, port:7777 (../lib/core/ogs-sockaddr.c:140)
11/20 18:52:09.593: [sbi] DEBUG: STATUS [201] (../lib/sbi/nghttp2-server.c:357)
11/20 18:52:09.593: [sbi] DEBUG: SENDING...: 157 (../lib/sbi/nghttp2-server.c:365)
11/20 18:52:09.593: [sbi] DEBUG: {
	"nfInstanceId":	"7dede140-6947-41ed-b984-b79611f9b6e4",
	"nfType":	"SMF",
	"nfStatus":	"REGISTERED",
	"heartBeatTimer":	10,
	"nfProfileChangesInd":	true
} (../lib/sbi/nghttp2-server.c:366)
11/20 18:52:09.593: [sbi] DEBUG: STREAM closed [1] (../lib/sbi/nghttp2-server.c:852)
11/20 18:52:09.593: [nrf] DEBUG: nrf_nf_state_will_register(): EXIT (../src/nrf/nf-sm.c:93)
11/20 18:52:09.593: [nrf] DEBUG: nrf_nf_state_registered(): ENTRY (../src/nrf/nf-sm.c:183)
11/20 18:52:09.593: [nrf] INFO: [7dede140-6947-41ed-b984-b79611f9b6e4] NF registered [Heartbeat:10s] (../src/nrf/nf-sm.c:191)
11/20 18:52:09.593: [sbi] DEBUG: MAX_CONCURRENT_STREAMS = 100 (../lib/sbi/nghttp2-server.c:747)
11/20 18:52:09.593: [sbi] DEBUG: ENABLE_PUSH = false (../lib/sbi/nghttp2-server.c:749)
0000: 00000004 01000000 00                  .........
0000: 00006c01 04000000 01488210 03768bd5   ..l......H...v..
0010: 596a6f16 e53b8976 d76f6196 d07abe94   Yjo..;.v.oa..z..
0020: 1054d27e ea080212 8015c6c5 700fa98b   .T.~........p...
0030: 46ff0f0d 03313537 5f8b1d75 d0620d26   F....157_..u.b.&
0040: 3d4c7441 ea0f1fad 62aaac95 6aa5a58e   =LtA....b...j...
0050: e162a956 354848ea 2150c3b2 164285a0   .b.V5HH.!P...B..
0060: 2ce3ed3a b3412c8b 46fbcd2d 1bafb810   ,..:.A,.F..-....
0070: cafc6e15 af                           ..n..
11/20 18:52:09.593: [sbi] DEBUG: [201:PUT] http://[::1]:7777/nnrf-nfm/v1/nf-instances/7dede140-6947-41ed-b984-b79611f9b6e4 (../lib/sbi/client.c:573)
11/20 18:52:09.593: [sbi] DEBUG: RECEIVED[157] (../lib/sbi/client.c:584)
0000: 00009d00 01000000 017b0a09 226e6649   .........{.."nfI
0010: 6e737461 6e636549 64223a09 22376465   nstanceId":."7de
0020: 64653134 302d3639 34372d34 3165642d   de140-6947-41ed-
0030: 62393834 2d623739 36313166 39623665   b984-b79611f9b6e
0040: 34222c0a 09226e66 54797065 223a0922   4",.."nfType":."
0050: 534d4622 2c0a0922 6e665374 61747573   SMF",.."nfStatus
0060: 223a0922 52454749 53544552 4544222c   ":."REGISTERED",
0070: 0a092268 65617274 42656174 54696d65   .."heartBeatTime
0080: 72223a09 31302c0a 09226e66 50726f66   r":.10,.."nfProf
0090: 696c6543 68616e67 6573496e 64223a09   ileChangesInd":.
00a0: 74727565 0a7d                         true.}
11/20 18:52:09.593: [sbi] DEBUG: {
	"nfInstanceId":	"7dede140-6947-41ed-b984-b79611f9b6e4",
	"nfType":	"SMF",
	"nfStatus":	"REGISTERED",
	"heartBeatTimer":	10,
	"nfProfileChangesInd":	true
} (../lib/sbi/client.c:586)
11/20 18:52:09.593: [smf] DEBUG: smf_state_operational(): OGS_EVENT_NAME_SBI_CLIENT (../src/smf/smf-sm.c:83)
11/20 18:52:09.593: [sbi] DEBUG: ogs_sbi_nf_state_will_register(): OGS_EVENT_NAME_SBI_CLIENT (../lib/sbi/nf-sm.c:118)
11/20 18:52:09.593: [sbi] DEBUG: ogs_sbi_nf_state_will_register(): EXIT (../lib/sbi/nf-sm.c:118)
11/20 18:52:09.593: [sbi] DEBUG: ogs_sbi_nf_state_registered(): ENTRY (../lib/sbi/nf-sm.c:204)
11/20 18:52:09.593: [sbi] INFO: [7dede140-6947-41ed-b984-b79611f9b6e4] NF registered [Heartbeat:10s] (../lib/sbi/nf-sm.c:216)
11/20 18:52:09.593: [sbi] DEBUG: [POST] http://[::1]:7777/nnrf-nfm/v1/subscriptions (../lib/sbi/client.c:625)
11/20 18:52:09.593: [sbi] DEBUG: SENDING...[261] (../lib/sbi/client.c:401)
11/20 18:52:09.593: [sbi] DEBUG: {
	"nfStatusNotificationUri":	"http://127.0.0.4:7777/nnrf-nfm/v1/nf-status-notify",
	"reqNfInstanceId":	"7dede140-6947-41ed-b984-b79611f9b6e4",
	"subscrCond":	{
		"nfType":	"AMF",
		"serviceName":	"namf-comm"
	},
	"reqNfType":	"SMF",
	"requesterFeatures":	"1"
} (../lib/sbi/client.c:403)
11/20 18:52:09.593: [sbi] DEBUG: [POST] http://[::1]:7777/nnrf-nfm/v1/subscriptions (../lib/sbi/client.c:625)
11/20 18:52:09.593: [sbi] DEBUG: SENDING...[272] (../lib/sbi/client.c:401)
11/20 18:52:09.593: [sbi] DEBUG: {
	"nfStatusNotificationUri":	"http://127.0.0.4:7777/nnrf-nfm/v1/nf-status-notify",
	"reqNfInstanceId":	"7dede140-6947-41ed-b984-b79611f9b6e4",
	"subscrCond":	{
		"nfType":	"PCF",
		"serviceName":	"npcf-smpolicycontrol"
	},
	"reqNfType":	"SMF",
	"requesterFeatures":	"1"
} (../lib/sbi/client.c:403)
11/20 18:52:09.593: [sbi] DEBUG: [POST] http://[::1]:7777/nnrf-nfm/v1/subscriptions (../lib/sbi/client.c:625)
11/20 18:52:09.593: [sbi] DEBUG: SENDING...[260] (../lib/sbi/client.c:401)
11/20 18:52:09.593: [sbi] DEBUG: {
	"nfStatusNotificationUri":	"http://127.0.0.4:7777/nnrf-nfm/v1/nf-status-notify",
	"reqNfInstanceId":	"7dede140-6947-41ed-b984-b79611f9b6e4",
	"subscrCond":	{
		"nfType":	"UDM",
		"serviceName":	"nudm-sdm"
	},
	"reqNfType":	"SMF",
	"requesterFeatures":	"1"
} (../lib/sbi/client.c:403)
11/20 18:52:09.593: [sbi] DEBUG: STREAM added [3] (../lib/sbi/nghttp2-server.c:1122)
11/20 18:52:09.593: [sbi] DEBUG: [POST] /nnrf-nfm/v1/subscriptions (../lib/sbi/nghttp2-server.c:801)
11/20 18:52:09.593: [sbi] DEBUG: RECEIVED: 261 (../lib/sbi/nghttp2-server.c:805)
11/20 18:52:09.593: [sbi] DEBUG: {
	"nfStatusNotificationUri":	"http://127.0.0.4:7777/nnrf-nfm/v1/nf-status-notify",
	"reqNfInstanceId":	"7dede140-6947-41ed-b984-b79611f9b6e4",
	"subscrCond":	{
		"nfType":	"AMF",
		"serviceName":	"namf-comm"
	},
	"reqNfType":	"SMF",
	"requesterFeatures":	"1"
} (../lib/sbi/nghttp2-server.c:806)
11/20 18:52:09.593: [nrf] DEBUG: nrf_state_operational(): OGS_EVENT_NAME_SBI_SERVER (../src/nrf/nrf-sm.c:50)
11/20 18:52:09.593: [sock] DEBUG: addr:127.0.0.4, port:7777 (../lib/core/ogs-sockaddr.c:140)
11/20 18:52:09.593: [sbi] DEBUG: ogs_sbi_client_add() (../lib/sbi/client.c:112)
11/20 18:52:09.593: [sbi] DEBUG: [REF] 1 (../lib/sbi/client.c:113)
11/20 18:52:09.593: [nrf] DEBUG: [REF] 2 (../src/nrf/nnrf-handler.c:261)
11/20 18:52:09.593: [sbi] DEBUG: STATUS [201] (../lib/sbi/nghttp2-server.c:357)
11/20 18:52:09.593: [sbi] DEBUG: SENDING...: 376 (../lib/sbi/nghttp2-server.c:365)
11/20 18:52:09.593: [sbi] DEBUG: {
	"nfStatusNotificationUri":	"http://127.0.0.4:7777/nnrf-nfm/v1/nf-status-notify",
	"reqNfInstanceId":	"7dede140-6947-41ed-b984-b79611f9b6e4",
	"subscrCond":	{
		"nfType":	"AMF",
		"serviceName":	"namf-comm"
	},
	"subscriptionId":	"7e00e6aa-6947-41ed-b0d0-81e95e955baa",
	"validityTime":	"2022-11-21T18:52:09.593665-08:00",
	"reqNfType":	"SMF",
	"nrfSupportedFeatures":	"1"
} (../lib/sbi/nghttp2-server.c:366)
11/20 18:52:09.593: [sbi] DEBUG: STREAM closed [3] (../lib/sbi/nghttp2-server.c:852)
0000: 00002001 04000000 03c1c0bf 0f0d0333   .. ............3
0010: 37360f1f 9362aaac 956aa5a5 8ee16116   76...b...j....a.
0020: c682586a d263d48f be                  ..Xj.c...
11/20 18:52:09.593: [sbi] DEBUG: [201:POST] http://[::1]:7777/nnrf-nfm/v1/subscriptions (../lib/sbi/client.c:573)
11/20 18:52:09.593: [sbi] DEBUG: RECEIVED[376] (../lib/sbi/client.c:584)
11/20 18:52:09.593: [sbi] DEBUG: {
	"nfStatusNotificationUri":	"http://127.0.0.4:7777/nnrf-nfm/v1/nf-status-notify",
	"reqNfInstanceId":	"7dede140-6947-41ed-b984-b79611f9b6e4",
	"subscrCond":	{
		"nfType":	"AMF",
		"serviceName":	"namf-comm"
	},
	"subscriptionId":	"7e00e6aa-6947-41ed-b0d0-81e95e955baa",
	"validityTime":	"2022-11-21T18:52:09.593665-08:00",
	"reqNfType":	"SMF",
	"nrfSupportedFeatures":	"1"
} (../lib/sbi/client.c:586)
11/20 18:52:09.593: [smf] DEBUG: smf_state_operational(): OGS_EVENT_NAME_SBI_CLIENT (../src/smf/smf-sm.c:83)
0000: 00017800 01000000 037b0a09 226e6653   ..x......{.."nfS
0010: 74617475 734e6f74 69666963 6174696f   tatusNotificatio
0020: 6e557269 223a0922 68747470 3a2f2f31   nUri":."http://1
0030: 32372e30 2e302e34 3a373737 372f6e6e   27.0.0.4:7777/nn
0040: 72662d6e 666d2f76 312f6e66 2d737461   rf-nfm/v1/nf-sta
0050: 7475732d 6e6f7469 6679222c 0a092272   tus-notify",.."r
0060: 65714e66 496e7374 616e6365 4964223a   eqNfInstanceId":
0070: 09223764 65646531 34302d36 3934372d   ."7dede140-6947-
0080: 34316564 2d623938 342d6237 39363131   41ed-b984-b79611
0090: 66396236 6534222c 0a092273 75627363   f9b6e4",.."subsc
00a0: 72436f6e 64223a09 7b0a0909 226e6654   rCond":.{..."nfT
00b0: 79706522 3a092241 4d46222c 0a090922   ype":."AMF",..."
00c0: 73657276 6963654e 616d6522 3a09226e   serviceName":."n
00d0: 616d662d 636f6d6d 220a097d 2c0a0922   amf-comm"..},.."
00e0: 73756273 63726970 74696f6e 4964223a   subscriptionId":
00f0: 09223765 30306536 61612d36 3934372d   ."7e00e6aa-6947-
0100: 34316564 2d623064 302d3831 65393565   41ed-b0d0-81e95e
0110: 39353562 6161222c 0a092276 616c6964   955baa",.."valid
0120: 69747954 696d6522 3a092232 3032322d   ityTime":."2022-
0130: 31312d32 31543138 3a35323a 30392e35   11-21T18:52:09.5
0140: 39333636 352d3038 3a303022 2c0a0922   93665-08:00",.."
0150: 7265714e 66547970 65223a09 22534d46   reqNfType":."SMF
0160: 222c0a09 226e7266 53757070 6f727465   ",.."nrfSupporte
0170: 64466561 74757265 73223a09 2231220a   dFeatures":."1".
0180: 7d                                    }
11/20 18:52:09.593: [sbi] DEBUG: MAX_CONCURRENT_STREAMS = 100 (../lib/sbi/nghttp2-server.c:747)
11/20 18:52:09.593: [sbi] DEBUG: ENABLE_PUSH = false (../lib/sbi/nghttp2-server.c:749)
11/20 18:52:09.593: [sbi] DEBUG: STREAM added [1] (../lib/sbi/nghttp2-server.c:1122)
11/20 18:52:09.593: [sbi] DEBUG: [POST] /nnrf-nfm/v1/subscriptions (../lib/sbi/nghttp2-server.c:801)
11/20 18:52:09.593: [sbi] DEBUG: RECEIVED: 272 (../lib/sbi/nghttp2-server.c:805)
11/20 18:52:09.593: [sbi] DEBUG: {
	"nfStatusNotificationUri":	"http://127.0.0.4:7777/nnrf-nfm/v1/nf-status-notify",
	"reqNfInstanceId":	"7dede140-6947-41ed-b984-b79611f9b6e4",
	"subscrCond":	{
		"nfType":	"PCF",
		"serviceName":	"npcf-smpolicycontrol"
	},
	"reqNfType":	"SMF",
	"requesterFeatures":	"1"
} (../lib/sbi/nghttp2-server.c:806)
0000: 00000604 00000000 00000300 04e200     ...............
11/20 18:52:09.593: [nrf] DEBUG: nrf_state_operational(): OGS_EVENT_NAME_SBI_SERVER (../src/nrf/nrf-sm.c:50)
11/20 18:52:09.593: [sock] DEBUG: addr:127.0.0.4, port:7777 (../lib/core/ogs-sockaddr.c:140)
11/20 18:52:09.593: [nrf] DEBUG: [REF] 3 (../src/nrf/nnrf-handler.c:261)
11/20 18:52:09.594: [sbi] DEBUG: STATUS [201] (../lib/sbi/nghttp2-server.c:357)
11/20 18:52:09.594: [sbi] DEBUG: SENDING...: 387 (../lib/sbi/nghttp2-server.c:365)
11/20 18:52:09.594: [sbi] DEBUG: {
	"nfStatusNotificationUri":	"http://127.0.0.4:7777/nnrf-nfm/v1/nf-status-notify",
	"reqNfInstanceId":	"7dede140-6947-41ed-b984-b79611f9b6e4",
	"subscrCond":	{
		"nfType":	"PCF",
		"serviceName":	"npcf-smpolicycontrol"
	},
	"subscriptionId":	"7e00f47e-6947-41ed-b0d0-81e95e955baa",
	"validityTime":	"2022-11-21T18:52:09.593987-08:00",
	"reqNfType":	"SMF",
	"nrfSupportedFeatures":	"1"
} (../lib/sbi/nghttp2-server.c:366)
11/20 18:52:09.594: [sbi] DEBUG: STREAM closed [1] (../lib/sbi/nghttp2-server.c:852)
11/20 18:52:09.594: [sbi] DEBUG: MAX_CONCURRENT_STREAMS = 100 (../lib/sbi/nghttp2-server.c:747)
11/20 18:52:09.594: [sbi] DEBUG: ENABLE_PUSH = false (../lib/sbi/nghttp2-server.c:749)
0000: 00000004 01000000 00                  .........
11/20 18:52:09.594: [sbi] DEBUG: MAX_CONCURRENT_STREAMS = 100 (../lib/sbi/nghttp2-server.c:747)
11/20 18:52:09.594: [sbi] DEBUG: ENABLE_PUSH = false (../lib/sbi/nghttp2-server.c:749)
11/20 18:52:09.594: [sbi] DEBUG: STREAM added [1] (../lib/sbi/nghttp2-server.c:1122)
11/20 18:52:09.594: [sbi] DEBUG: [POST] /nnrf-nfm/v1/subscriptions (../lib/sbi/nghttp2-server.c:801)
11/20 18:52:09.594: [sbi] DEBUG: RECEIVED: 260 (../lib/sbi/nghttp2-server.c:805)
11/20 18:52:09.594: [sbi] DEBUG: {
	"nfStatusNotificationUri":	"http://127.0.0.4:7777/nnrf-nfm/v1/nf-status-notify",
	"reqNfInstanceId":	"7dede140-6947-41ed-b984-b79611f9b6e4",
	"subscrCond":	{
		"nfType":	"UDM",
		"serviceName":	"nudm-sdm"
	},
	"reqNfType":	"SMF",
	"requesterFeatures":	"1"
} (../lib/sbi/nghttp2-server.c:806)
0000: 00000604 00000000 00000300 04e200     ...............
11/20 18:52:09.594: [nrf] DEBUG: nrf_state_operational(): OGS_EVENT_NAME_SBI_SERVER (../src/nrf/nrf-sm.c:50)
11/20 18:52:09.594: [sock] DEBUG: addr:127.0.0.4, port:7777 (../lib/core/ogs-sockaddr.c:140)
11/20 18:52:09.594: [nrf] DEBUG: [REF] 4 (../src/nrf/nnrf-handler.c:261)
11/20 18:52:09.594: [sbi] DEBUG: STATUS [201] (../lib/sbi/nghttp2-server.c:357)
11/20 18:52:09.594: [sbi] DEBUG: SENDING...: 375 (../lib/sbi/nghttp2-server.c:365)
11/20 18:52:09.594: [sbi] DEBUG: {
	"nfStatusNotificationUri":	"http://127.0.0.4:7777/nnrf-nfm/v1/nf-status-notify",
	"reqNfInstanceId":	"7dede140-6947-41ed-b984-b79611f9b6e4",
	"subscrCond":	{
		"nfType":	"UDM",
		"serviceName":	"nudm-sdm"
	},
	"subscriptionId":	"7e00fbf4-6947-41ed-b0d0-81e95e955baa",
	"validityTime":	"2022-11-21T18:52:09.594177-08:00",
	"reqNfType":	"SMF",
	"nrfSupportedFeatures":	"1"
} (../lib/sbi/nghttp2-server.c:366)
11/20 18:52:09.594: [sbi] DEBUG: STREAM closed [1] (../lib/sbi/nghttp2-server.c:852)
0000: 00005201 04000000 01488210 03768bd5   ..R......H...v..
0010: 596a6f16 e53b8976 d76f6196 d07abe94   Yjo..;.v.oa..z..
0020: 1054d27e ea080212 8015c6c5 700fa98b   .T.~........p...
0030: 46ff0f0d 03333837 0f1f9362 aaac956a   F....387...b...j
0040: a5a58ee1 6116c682 586ad263 d48f5f8b   ....a...Xj.c.._.
0050: 1d75d062 0d263d4c 7441ea              .u.b.&=LtA.
11/20 18:52:09.594: [sbi] DEBUG: MAX_CONCURRENT_STREAMS = 100 (../lib/sbi/nghttp2-server.c:747)
11/20 18:52:09.594: [sbi] DEBUG: ENABLE_PUSH = false (../lib/sbi/nghttp2-server.c:749)
0000: 00000004 01000000 00                  .........
11/20 18:52:09.594: [sbi] DEBUG: [201:POST] http://[::1]:7777/nnrf-nfm/v1/subscriptions (../lib/sbi/client.c:573)
11/20 18:52:09.594: [sbi] DEBUG: RECEIVED[387] (../lib/sbi/client.c:584)
11/20 18:52:09.594: [sbi] DEBUG: {
	"nfStatusNotificationUri":	"http://127.0.0.4:7777/nnrf-nfm/v1/nf-status-notify",
	"reqNfInstanceId":	"7dede140-6947-41ed-b984-b79611f9b6e4",
	"subscrCond":	{
		"nfType":	"PCF",
		"serviceName":	"npcf-smpolicycontrol"
	},
	"subscriptionId":	"7e00f47e-6947-41ed-b0d0-81e95e955baa",
	"validityTime":	"2022-11-21T18:52:09.593987-08:00",
	"reqNfType":	"SMF",
	"nrfSupportedFeatures":	"1"
} (../lib/sbi/client.c:586)
11/20 18:52:09.594: [smf] DEBUG: smf_state_operational(): OGS_EVENT_NAME_SBI_CLIENT (../src/smf/smf-sm.c:83)
0000: 00018300 01000000 017b0a09 226e6653   .........{.."nfS
0010: 74617475 734e6f74 69666963 6174696f   tatusNotificatio
0020: 6e557269 223a0922 68747470 3a2f2f31   nUri":."http://1
0030: 32372e30 2e302e34 3a373737 372f6e6e   27.0.0.4:7777/nn
0040: 72662d6e 666d2f76 312f6e66 2d737461   rf-nfm/v1/nf-sta
0050: 7475732d 6e6f7469 6679222c 0a092272   tus-notify",.."r
0060: 65714e66 496e7374 616e6365 4964223a   eqNfInstanceId":
0070: 09223764 65646531 34302d36 3934372d   ."7dede140-6947-
0080: 34316564 2d623938 342d6237 39363131   41ed-b984-b79611
0090: 66396236 6534222c 0a092273 75627363   f9b6e4",.."subsc
00a0: 72436f6e 64223a09 7b0a0909 226e6654   rCond":.{..."nfT
00b0: 79706522 3a092250 4346222c 0a090922   ype":."PCF",..."
00c0: 73657276 6963654e 616d6522 3a09226e   serviceName":."n
00d0: 7063662d 736d706f 6c696379 636f6e74   pcf-smpolicycont
00e0: 726f6c22 0a097d2c 0a092273 75627363   rol"..},.."subsc
00f0: 72697074 696f6e49 64223a09 22376530   riptionId":."7e0
0100: 30663437 652d3639 34372d34 3165642d   0f47e-6947-41ed-
0110: 62306430 2d383165 39356539 35356261   b0d0-81e95e955ba
0120: 61222c0a 09227661 6c696469 74795469   a",.."validityTi
0130: 6d65223a 09223230 32322d31 312d3231   me":."2022-11-21
0140: 5431383a 35323a30 392e3539 33393837   T18:52:09.593987
0150: 2d30383a 3030222c 0a092272 65714e66   -08:00",.."reqNf
0160: 54797065 223a0922 534d4622 2c0a0922   Type":."SMF",.."
0170: 6e726653 7570706f 72746564 46656174   nrfSupportedFeat
0180: 75726573 223a0922 31220a7d            ures":."1".}
0000: 00005201 04000000 01488210 03768bd5   ..R......H...v..
0010: 596a6f16 e53b8976 d76f6196 d07abe94   Yjo..;.v.oa..z..
0020: 1054d27e ea080212 8015c6c5 700fa98b   .T.~........p...
0030: 46ff0f0d 03333735 0f1f9362 aaac956a   F....375...b...j
0040: a5a58ee1 6116c682 586ad263 d48f5f8b   ....a...Xj.c.._.
0050: 1d75d062 0d263d4c 7441ea              .u.b.&=LtA.
11/20 18:52:09.594: [sbi] DEBUG: [201:POST] http://[::1]:7777/nnrf-nfm/v1/subscriptions (../lib/sbi/client.c:573)
11/20 18:52:09.594: [sbi] DEBUG: RECEIVED[375] (../lib/sbi/client.c:584)
11/20 18:52:09.594: [sbi] DEBUG: {
	"nfStatusNotificationUri":	"http://127.0.0.4:7777/nnrf-nfm/v1/nf-status-notify",
	"reqNfInstanceId":	"7dede140-6947-41ed-b984-b79611f9b6e4",
	"subscrCond":	{
		"nfType":	"UDM",
		"serviceName":	"nudm-sdm"
	},
	"subscriptionId":	"7e00fbf4-6947-41ed-b0d0-81e95e955baa",
	"validityTime":	"2022-11-21T18:52:09.594177-08:00",
	"reqNfType":	"SMF",
	"nrfSupportedFeatures":	"1"
} (../lib/sbi/client.c:586)
11/20 18:52:09.594: [smf] DEBUG: smf_state_operational(): OGS_EVENT_NAME_SBI_CLIENT (../src/smf/smf-sm.c:83)
0000: 00017700 01000000 017b0a09 226e6653   ..w......{.."nfS
0010: 74617475 734e6f74 69666963 6174696f   tatusNotificatio
0020: 6e557269 223a0922 68747470 3a2f2f31   nUri":."http://1
0030: 32372e30 2e302e34 3a373737 372f6e6e   27.0.0.4:7777/nn
0040: 72662d6e 666d2f76 312f6e66 2d737461   rf-nfm/v1/nf-sta
0050: 7475732d 6e6f7469 6679222c 0a092272   tus-notify",.."r
0060: 65714e66 496e7374 616e6365 4964223a   eqNfInstanceId":
0070: 09223764 65646531 34302d36 3934372d   ."7dede140-6947-
0080: 34316564 2d623938 342d6237 39363131   41ed-b984-b79611
0090: 66396236 6534222c 0a092273 75627363   f9b6e4",.."subsc
00a0: 72436f6e 64223a09 7b0a0909 226e6654   rCond":.{..."nfT
00b0: 79706522 3a092255 444d222c 0a090922   ype":."UDM",..."
00c0: 73657276 6963654e 616d6522 3a09226e   serviceName":."n
00d0: 75646d2d 73646d22 0a097d2c 0a092273   udm-sdm"..},.."s
00e0: 75627363 72697074 696f6e49 64223a09   ubscriptionId":.
00f0: 22376530 30666266 342d3639 34372d34   "7e00fbf4-6947-4
0100: 3165642d 62306430 2d383165 39356539   1ed-b0d0-81e95e9
0110: 35356261 61222c0a 09227661 6c696469   55baa",.."validi
0120: 74795469 6d65223a 09223230 32322d31   tyTime":."2022-1
0130: 312d3231 5431383a 35323a30 392e3539   1-21T18:52:09.59
0140: 34313737 2d30383a 3030222c 0a092272   4177-08:00",.."r
0150: 65714e66 54797065 223a0922 534d4622   eqNfType":."SMF"
0160: 2c0a0922 6e726653 7570706f 72746564   ,.."nrfSupported
0170: 46656174 75726573 223a0922 31220a7d   Features":."1".}
11/20 18:52:09.607: [sock] DEBUG: addr:127.0.0.10, port:7777 (../lib/core/ogs-sockaddr.c:140)
11/20 18:52:09.607: [sock] DEBUG: addr:::1, port:7777 (../lib/core/ogs-sockaddr.c:140)
11/20 18:52:09.607: [sock] DEBUG: addr:127.0.0.15, port:7777 (../lib/core/ogs-sockaddr.c:140)
11/20 18:52:09.607: [sbi] DEBUG: ogs_sbi_nf_state_initial(): ENTRY (../lib/sbi/nf-sm.c:66)
11/20 18:52:09.607: [sbi] DEBUG: ogs_sbi_nf_state_registered(): ENTRY (../lib/sbi/nf-sm.c:204)
11/20 18:52:09.607: [sbi] INFO: NF Service [nbsf-management] (../lib/sbi/context.c:1401)
11/20 18:52:09.607: [sbi] DEBUG: ogs_sbi_nf_state_initial(): ENTRY (../lib/sbi/nf-sm.c:66)
11/20 18:52:09.607: [sbi] DEBUG: ogs_sbi_nf_state_will_register(): ENTRY (../lib/sbi/nf-sm.c:118)
11/20 18:52:09.607: [sbi] DEBUG: [PUT] http://[::1]:7777/nnrf-nfm/v1/nf-instances/7e02d348-6947-41ed-be4c-317cb1907fa6 (../lib/sbi/client.c:625)
11/20 18:52:09.607: [sbi] DEBUG: SENDING...[747] (../lib/sbi/client.c:401)
11/20 18:52:09.607: [sbi] DEBUG: {
	"nfInstanceId":	"7e02d348-6947-41ed-be4c-317cb1907fa6",
	"nfType":	"BSF",
	"nfStatus":	"REGISTERED",
	"ipv4Addresses":	["127.0.0.15"],
	"allowedNfTypes":	["PCF", "AF", "SCP"],
	"priority":	0,
	"capacity":	100,
	"load":	0,
	"nfServiceList":	{
		"7e02fdb4-6947-41ed-be4c-317cb1907fa6":	{
			"serviceInstanceId":	"7e02fdb4-6947-41ed-be4c-317cb1907fa6",
			"serviceName":	"nbsf-management",
			"versions":	[{
					"apiVersionInUri":	"v1",
					"apiFullVersion":	"1.0.0"
				}],
			"scheme":	"http",
			"nfServiceStatus":	"REGISTERED",
			"ipEndPoints":	[{
					"ipv4Address":	"127.0.0.15",
					"port":	7777
				}],
			"allowedNfTypes":	["PCF", "AF"],
			"priority":	0,
			"capacity":	100,
			"load":	0
		}
	},
	"nfProfileChangesSupportInd":	true
} (../lib/sbi/client.c:403)
11/20 18:52:09.607: [sock] DEBUG: socket create(2:1:6) (../lib/core/ogs-socket.c:92)
11/20 18:52:09.607: [sock] DEBUG: Turn on TCP_NODELAY (../lib/core/ogs-sockopt.c:139)
11/20 18:52:09.608: [sock] DEBUG: Turn on SO_REUSEADDR (../lib/core/ogs-sockopt.c:120)
11/20 18:52:09.608: [sock] DEBUG: socket bind 127.0.0.15:7777 (../lib/core/ogs-socket.c:117)
11/20 18:52:09.608: [sock] DEBUG: tcp_server() [127.0.0.15]:7777 (../lib/core/ogs-tcp.c:61)
11/20 18:52:09.608: [sbi] INFO: nghttp2_server() [127.0.0.15]:7777 (../lib/sbi/nghttp2-server.c:151)
11/20 18:52:09.608: [thread] DEBUG: [0x55a0d5629780] thread started (../lib/core/ogs-thread.c:101)
11/20 18:52:09.608: [app] INFO: BSF initialize...done (../src/bsf/app.c:31)
11/20 18:52:09.608: [thread] DEBUG: [0x55a0d5629780] worker signal (../lib/core/ogs-thread.c:66)
11/20 18:52:09.608: [bsf] DEBUG: bsf_state_initial(): INIT (../src/bsf/bsf-sm.c:26)
11/20 18:52:09.608: [bsf] DEBUG: bsf_state_operational(): ENTRY (../src/bsf/bsf-sm.c:55)
0000: 00000604 00000000 00000300 04e200     ...............
11/20 18:52:09.608: [sbi] DEBUG: MAX_CONCURRENT_STREAMS = 100 (../lib/sbi/nghttp2-server.c:747)
11/20 18:52:09.609: [sbi] DEBUG: ENABLE_PUSH = false (../lib/sbi/nghttp2-server.c:749)
11/20 18:52:09.609: [sbi] DEBUG: STREAM added [1] (../lib/sbi/nghttp2-server.c:1122)
11/20 18:52:09.609: [sbi] DEBUG: MAX_CONCURRENT_STREAMS = 100 (../lib/sbi/nghttp2-server.c:747)
11/20 18:52:09.609: [sbi] DEBUG: ENABLE_PUSH = false (../lib/sbi/nghttp2-server.c:749)
11/20 18:52:09.609: [sbi] DEBUG: [PUT] /nnrf-nfm/v1/nf-instances/7e02d348-6947-41ed-be4c-317cb1907fa6 (../lib/sbi/nghttp2-server.c:801)
11/20 18:52:09.609: [sbi] DEBUG: RECEIVED: 747 (../lib/sbi/nghttp2-server.c:805)
11/20 18:52:09.609: [sbi] DEBUG: {
	"nfInstanceId":	"7e02d348-6947-41ed-be4c-317cb1907fa6",
	"nfType":	"BSF",
	"nfStatus":	"REGISTERED",
	"ipv4Addresses":	["127.0.0.15"],
	"allowedNfTypes":	["PCF", "AF", "SCP"],
	"priority":	0,
	"capacity":	100,
	"load":	0,
	"nfServiceList":	{
		"7e02fdb4-6947-41ed-be4c-317cb1907fa6":	{
			"serviceInstanceId":	"7e02fdb4-6947-41ed-be4c-317cb1907fa6",
			"serviceName":	"nbsf-management",
			"versions":	[{
					"apiVersionInUri":	"v1",
					"apiFullVersion":	"1.0.0"
				}],
			"scheme":	"http",
			"nfServiceStatus":	"REGISTERED",
			"ipEndPoints":	[{
					"ipv4Address":	"127.0.0.15",
					"port":	7777
				}],
			"allowedNfTypes":	["PCF", "AF"],
			"priority":	0,
			"capacity":	100,
			"load":	0
		}
	},
	"nfProfileChangesSupportInd":	true
} (../lib/sbi/nghttp2-server.c:806)
11/20 18:52:09.609: [nrf] DEBUG: nrf_state_operational(): OGS_EVENT_NAME_SBI_SERVER (../src/nrf/nrf-sm.c:50)
11/20 18:52:09.609: [sbi] DEBUG: ogs_sbi_nf_instance_add() (../lib/sbi/context.c:762)
11/20 18:52:09.609: [sbi] DEBUG: [REF] 1 (../lib/sbi/context.c:764)
11/20 18:52:09.609: [nrf] DEBUG: nrf_nf_state_initial(): ENTRY (../src/nrf/nf-sm.c:55)
11/20 18:52:09.609: [nrf] DEBUG: nrf_nf_state_will_register(): ENTRY (../src/nrf/nf-sm.c:93)
11/20 18:52:09.609: [nrf] DEBUG: nrf_nf_state_will_register(): OGS_EVENT_NAME_SBI_SERVER (../src/nrf/nf-sm.c:93)
11/20 18:52:09.609: [sock] DEBUG: addr:127.0.0.15, port:80 (../lib/core/ogs-sockaddr.c:140)
11/20 18:52:09.609: [sock] DEBUG: addr:127.0.0.15, port:7777 (../lib/core/ogs-sockaddr.c:140)
11/20 18:52:09.609: [sbi] DEBUG: STATUS [201] (../lib/sbi/nghttp2-server.c:357)
11/20 18:52:09.609: [sbi] DEBUG: SENDING...: 157 (../lib/sbi/nghttp2-server.c:365)
11/20 18:52:09.609: [sbi] DEBUG: {
	"nfInstanceId":	"7e02d348-6947-41ed-be4c-317cb1907fa6",
	"nfType":	"BSF",
	"nfStatus":	"REGISTERED",
	"heartBeatTimer":	10,
	"nfProfileChangesInd":	true
} (../lib/sbi/nghttp2-server.c:366)
11/20 18:52:09.609: [sbi] DEBUG: STREAM closed [1] (../lib/sbi/nghttp2-server.c:852)
11/20 18:52:09.609: [nrf] DEBUG: nrf_nf_state_will_register(): EXIT (../src/nrf/nf-sm.c:93)
11/20 18:52:09.609: [nrf] DEBUG: nrf_nf_state_registered(): ENTRY (../src/nrf/nf-sm.c:183)
11/20 18:52:09.609: [nrf] INFO: [7e02d348-6947-41ed-be4c-317cb1907fa6] NF registered [Heartbeat:10s] (../src/nrf/nf-sm.c:191)
11/20 18:52:09.609: [sbi] DEBUG: [POST] http://127.0.0.13:7777/nnrf-nfm/v1/nf-status-notify (../lib/sbi/client.c:625)
11/20 18:52:09.609: [sbi] DEBUG: SENDING...[952] (../lib/sbi/client.c:401)
11/20 18:52:09.609: [sbi] DEBUG: {
	"event":	"NF_REGISTERED",
	"nfInstanceUri":	"http://127.0.0.10:7777/nnrf-nfm/v1/nf-instances/7e02d348-6947-41ed-be4c-317cb1907fa6",
	"nfProfile":	{
		"nfInstanceId":	"7e02d348-6947-41ed-be4c-317cb1907fa6",
		"nfType":	"BSF",
		"nfStatus":	"REGISTERED",
		"heartBeatTimer":	10,
		"ipv4Addresses":	["127.0.0.15"],
		"allowedNfTypes":	["PCF", "AF", "SCP"],
		"priority":	0,
		"capacity":	100,
		"load":	0,
		"nfServiceList":	{
			"7e02fdb4-6947-41ed-be4c-317cb1907fa6":	{
				"serviceInstanceId":	"7e02fdb4-6947-41ed-be4c-317cb1907fa6",
				"serviceName":	"nbsf-management",
				"versions":	[{
						"apiVersionInUri":	"v1",
						"apiFullVersion":	"1.0.0"
					}],
				"scheme":	"http",
				"nfServiceStatus":	"REGISTERED",
				"ipEndPoints":	[{
						"ipv4Address":	"127.0.0.15",
						"port":	7777
					}],
				"allowedNfTypes":	["PCF", "AF"],
				"priority":	0,
				"capacity":	100,
				"load":	0
			}
		},
		"nfProfileChangesSupportInd":	true
	}
} (../lib/sbi/client.c:403)
0000: 00000004 01000000 00                  .........
0000: 00006c01 04000000 01488210 03768bd5   ..l......H...v..
0010: 596a6f16 e53b8976 d76f6196 d07abe94   Yjo..;.v.oa..z..
0020: 1054d27e ea080212 8015c6c5 700fa98b   .T.~........p...
0030: 46ff0f0d 03313537 0f1fad62 aaac956a   F....157...b...j
0040: a5a58ee1 62a95635 4848ea21 50c3a500   ....b.V5HH.!P...
0050: a465a796 71f69d59 a09645a3 2b445990   .e..q..Y..E.+DY.
0060: ba48c2f8 1d946e7f 5f8b1d75 d0620d26   .H....n._..u.b.&
0070: 3d4c7441 ea                           =LtA.
0000: 00009d00 01000000 017b0a09 226e6649   .........{.."nfI
0010: 6e737461 6e636549 64223a09 22376530   nstanceId":."7e0
0020: 32643334 382d3639 34372d34 3165642d   2d348-6947-41ed-
0030: 62653463 2d333137 63623139 30376661   be4c-317cb1907fa
0040: 36222c0a 09226e66 54797065 223a0922   6",.."nfType":."
0050: 42534622 2c0a0922 6e665374 61747573   BSF",.."nfStatus
0060: 223a0922 52454749 53544552 4544222c   ":."REGISTERED",
0070: 0a092268 65617274 42656174 54696d65   .."heartBeatTime
0080: 72223a09 31302c0a 09226e66 50726f66   r":.10,.."nfProf
0090: 696c6543 68616e67 6573496e 64223a09   ileChangesInd":.
00a0: 74727565 0a7d                         true.}
11/20 18:52:09.609: [sbi] DEBUG: MAX_CONCURRENT_STREAMS = 100 (../lib/sbi/nghttp2-server.c:747)
11/20 18:52:09.609: [sbi] DEBUG: [201:PUT] http://[::1]:7777/nnrf-nfm/v1/nf-instances/7e02d348-6947-41ed-be4c-317cb1907fa6 (../lib/sbi/client.c:573)
11/20 18:52:09.609: [sbi] DEBUG: ENABLE_PUSH = false (../lib/sbi/nghttp2-server.c:749)
11/20 18:52:09.609: [sbi] DEBUG: STREAM added [1] (../lib/sbi/nghttp2-server.c:1122)
11/20 18:52:09.609: [sbi] DEBUG: RECEIVED[157] (../lib/sbi/client.c:584)
11/20 18:52:09.609: [sbi] DEBUG: {
	"nfInstanceId":	"7e02d348-6947-41ed-be4c-317cb1907fa6",
	"nfType":	"BSF",
	"nfStatus":	"REGISTERED",
	"heartBeatTimer":	10,
	"nfProfileChangesInd":	true
} (../lib/sbi/client.c:586)
11/20 18:52:09.609: [sbi] DEBUG: [POST] /nnrf-nfm/v1/nf-status-notify (../lib/sbi/nghttp2-server.c:801)
11/20 18:52:09.610: [sbi] DEBUG: RECEIVED: 952 (../lib/sbi/nghttp2-server.c:805)
11/20 18:52:09.610: [sbi] DEBUG: {
	"event":	"NF_REGISTERED",
	"nfInstanceUri":	"http://127.0.0.10:7777/nnrf-nfm/v1/nf-instances/7e02d348-6947-41ed-be4c-317cb1907fa6",
	"nfProfile":	{
		"nfInstanceId":	"7e02d348-6947-41ed-be4c-317cb1907fa6",
		"nfType":	"BSF",
		"nfStatus":	"REGISTERED",
		"heartBeatTimer":	10,
		"ipv4Addresses":	["127.0.0.15"],
		"allowedNfTypes":	["PCF", "AF", "SCP"],
		"priority":	0,
		"capacity":	100,
		"load":	0,
		"nfServiceList":	{
			"7e02fdb4-6947-41ed-be4c-317cb1907fa6":	{
				"serviceInstanceId":	"7e02fdb4-6947-41ed-be4c-317cb1907fa6",
				"serviceName":	"nbsf-management",
				"versions":	[{
						"apiVersionInUri":	"v1",
						"apiFullVersion":	"1.0.0"
					}],
				"scheme":	"http",
				"nfServiceStatus":	"REGISTERED",
				"ipEndPoints":	[{
						"ipv4Address":	"127.0.0.15",
						"port":	7777
					}],
				"allowedNfTypes":	["PCF", "AF"],
				"priority":	0,
				"capacity":	100,
				"load":	0
			}
		},
		"nfProfileChangesSupportInd":	true
	}
} (../lib/sbi/nghttp2-server.c:806)
11/20 18:52:09.610: [bsf] DEBUG: bsf_state_operational(): OGS_EVENT_NAME_SBI_CLIENT (../src/bsf/bsf-sm.c:55)
0000: 00000604 00000000 00000300 04e200     ...............
11/20 18:52:09.610: [pcf] DEBUG: pcf_state_operational(): OGS_EVENT_NAME_SBI_SERVER (../src/pcf/pcf-sm.c:58)
11/20 18:52:09.610: [sbi] DEBUG: ogs_sbi_nf_state_will_register(): OGS_EVENT_NAME_SBI_CLIENT (../lib/sbi/nf-sm.c:118)
11/20 18:52:09.610: [sbi] DEBUG: ogs_sbi_nf_state_will_register(): EXIT (../lib/sbi/nf-sm.c:118)
11/20 18:52:09.610: [sbi] DEBUG: ogs_sbi_nf_state_registered(): ENTRY (../lib/sbi/nf-sm.c:204)
11/20 18:52:09.610: [sbi] INFO: [7e02d348-6947-41ed-be4c-317cb1907fa6] NF registered [Heartbeat:10s] (../lib/sbi/nf-sm.c:216)
11/20 18:52:09.610: [sbi] DEBUG: ogs_sbi_nf_instance_add() (../lib/sbi/context.c:762)
11/20 18:52:09.610: [sbi] DEBUG: [REF] 1 (../lib/sbi/context.c:764)
11/20 18:52:09.610: [sbi] DEBUG: ogs_sbi_nf_state_initial(): ENTRY (../lib/sbi/nf-sm.c:66)
11/20 18:52:09.610: [sbi] DEBUG: ogs_sbi_nf_state_registered(): ENTRY (../lib/sbi/nf-sm.c:204)
11/20 18:52:09.610: [sbi] INFO: [7e02d348-6947-41ed-be4c-317cb1907fa6] (NRF-notify) NF registered (../lib/sbi/nnrf-handler.c:622)
11/20 18:52:09.610: [sock] DEBUG: addr:127.0.0.15, port:80 (../lib/core/ogs-sockaddr.c:140)
11/20 18:52:09.610: [sock] DEBUG: addr:127.0.0.15, port:7777 (../lib/core/ogs-sockaddr.c:140)
11/20 18:52:09.610: [sbi] INFO: [7e02d348-6947-41ed-be4c-317cb1907fa6] (NRF-notify) NF Profile updated (../lib/sbi/nnrf-handler.c:632)
11/20 18:52:09.610: [sbi] DEBUG: ogs_sbi_client_add() (../lib/sbi/client.c:112)
11/20 18:52:09.610: [sbi] DEBUG: [REF] 1 (../lib/sbi/client.c:113)
11/20 18:52:09.610: [sbi] DEBUG: [REF] 2 (../lib/sbi/context.c:1570)
11/20 18:52:09.610: [sbi] DEBUG: ogs_sbi_client_add() (../lib/sbi/client.c:112)
11/20 18:52:09.610: [sbi] DEBUG: [REF] 1 (../lib/sbi/client.c:113)
11/20 18:52:09.610: [sbi] DEBUG: [REF] 2 (../lib/sbi/context.c:1482)
11/20 18:52:09.610: [sbi] DEBUG: STATUS [204] (../lib/sbi/nghttp2-server.c:357)
11/20 18:52:09.610: [sbi] DEBUG: STREAM closed [1] (../lib/sbi/nghttp2-server.c:852)
11/20 18:52:09.611: [sbi] DEBUG: MAX_CONCURRENT_STREAMS = 100 (../lib/sbi/nghttp2-server.c:747)
11/20 18:52:09.611: [sbi] DEBUG: ENABLE_PUSH = false (../lib/sbi/nghttp2-server.c:749)
0000: 00000004 01000000 00                  .........
11/20 18:52:09.611: [sbi] DEBUG: [204:POST] http://127.0.0.13:7777/nnrf-nfm/v1/nf-status-notify (../lib/sbi/client.c:573)
11/20 18:52:09.611: [sbi] DEBUG: RECEIVED[0] (../lib/sbi/client.c:584)
0000: 00002601 05000000 0189768b d5596a6f   ..&.......v..Yjo
0010: 16e53b89 76d76f61 96d07abe 941054d2   ..;.v.oa..z...T.
0020: 7eea0802 128015c6 c5700fa9 8b46ff     ~........p...F.
Open5GS daemon v2.5.5

11/20 18:52:09.614: [app] INFO: Configuration: '/home/test/build/configs/sample.yaml' (../lib/app/ogs-init.c:126)
11/20 18:52:09.614: [app] INFO: File Logging: '/home/test/test.log' (../lib/app/ogs-init.c:129)
11/20 18:52:09.614: [app] INFO: LOG-LEVEL: 'debug' (../lib/app/ogs-init.c:132)
11/20 18:52:09.654: [sock] DEBUG: addr:127.0.0.10, port:7777 (../lib/core/ogs-sockaddr.c:140)
11/20 18:52:09.654: [sock] DEBUG: addr:::1, port:7777 (../lib/core/ogs-sockaddr.c:140)
11/20 18:52:09.654: [sock] DEBUG: addr:127.0.0.20, port:7777 (../lib/core/ogs-sockaddr.c:140)
11/20 18:52:09.658: [dbi] INFO: MongoDB URI: 'mongodb://localhost/open5gs' (../lib/dbi/ogs-mongoc.c:130)
11/20 18:52:09.658: [sbi] DEBUG: ogs_sbi_nf_state_initial(): ENTRY (../lib/sbi/nf-sm.c:66)
11/20 18:52:09.658: [sbi] DEBUG: ogs_sbi_nf_state_registered(): ENTRY (../lib/sbi/nf-sm.c:204)
11/20 18:52:09.658: [sbi] INFO: NF Service [nudr-dr] (../lib/sbi/context.c:1401)
11/20 18:52:09.658: [sbi] DEBUG: ogs_sbi_nf_state_initial(): ENTRY (../lib/sbi/nf-sm.c:66)
11/20 18:52:09.658: [sbi] DEBUG: ogs_sbi_nf_state_will_register(): ENTRY (../lib/sbi/nf-sm.c:118)
11/20 18:52:09.658: [sbi] DEBUG: [PUT] http://[::1]:7777/nnrf-nfm/v1/nf-instances/7e0a2cc4-6947-41ed-b66f-63e3ed58556d (../lib/sbi/client.c:625)
11/20 18:52:09.658: [sbi] DEBUG: SENDING...[741] (../lib/sbi/client.c:401)
11/20 18:52:09.658: [sbi] DEBUG: {
	"nfInstanceId":	"7e0a2cc4-6947-41ed-b66f-63e3ed58556d",
	"nfType":	"UDR",
	"nfStatus":	"REGISTERED",
	"ipv4Addresses":	["127.0.0.20"],
	"allowedNfTypes":	["PCF", "UDM", "SCP"],
	"priority":	0,
	"capacity":	100,
	"load":	0,
	"nfServiceList":	{
		"7e0abf36-6947-41ed-b66f-63e3ed58556d":	{
			"serviceInstanceId":	"7e0abf36-6947-41ed-b66f-63e3ed58556d",
			"serviceName":	"nudr-dr",
			"versions":	[{
					"apiVersionInUri":	"v1",
					"apiFullVersion":	"1.0.0"
				}],
			"scheme":	"http",
			"nfServiceStatus":	"REGISTERED",
			"ipEndPoints":	[{
					"ipv4Address":	"127.0.0.20",
					"port":	7777
				}],
			"allowedNfTypes":	["PCF", "UDM"],
			"priority":	0,
			"capacity":	100,
			"load":	0
		}
	},
	"nfProfileChangesSupportInd":	true
} (../lib/sbi/client.c:403)
11/20 18:52:09.658: [sock] DEBUG: socket create(2:1:6) (../lib/core/ogs-socket.c:92)
11/20 18:52:09.658: [sock] DEBUG: Turn on TCP_NODELAY (../lib/core/ogs-sockopt.c:139)
11/20 18:52:09.658: [sock] DEBUG: Turn on SO_REUSEADDR (../lib/core/ogs-sockopt.c:120)
11/20 18:52:09.658: [sock] DEBUG: socket bind 127.0.0.20:7777 (../lib/core/ogs-socket.c:117)
11/20 18:52:09.658: [sock] DEBUG: tcp_server() [127.0.0.20]:7777 (../lib/core/ogs-tcp.c:61)
11/20 18:52:09.658: [sbi] INFO: nghttp2_server() [127.0.0.20]:7777 (../lib/sbi/nghttp2-server.c:151)
11/20 18:52:09.658: [thread] DEBUG: [0x55ba7cc91c30] thread started (../lib/core/ogs-thread.c:101)
11/20 18:52:09.658: [app] INFO: UDR initialize...done (../src/udr/app.c:31)
11/20 18:52:09.658: [thread] DEBUG: [0x55ba7cc91c30] worker signal (../lib/core/ogs-thread.c:66)
11/20 18:52:09.658: [udr] DEBUG: udr_state_initial(): INIT (../src/udr/udr-sm.c:25)
11/20 18:52:09.658: [udr] DEBUG: udr_state_operational(): ENTRY (../src/udr/udr-sm.c:51)
0000: 00000604 00000000 00000300 04e200     ...............
11/20 18:52:09.658: [sbi] DEBUG: MAX_CONCURRENT_STREAMS = 100 (../lib/sbi/nghttp2-server.c:747)
11/20 18:52:09.658: [sbi] DEBUG: ENABLE_PUSH = false (../lib/sbi/nghttp2-server.c:749)
11/20 18:52:09.658: [sbi] DEBUG: STREAM added [1] (../lib/sbi/nghttp2-server.c:1122)
11/20 18:52:09.659: [sbi] DEBUG: MAX_CONCURRENT_STREAMS = 100 (../lib/sbi/nghttp2-server.c:747)
11/20 18:52:09.659: [sbi] DEBUG: ENABLE_PUSH = false (../lib/sbi/nghttp2-server.c:749)
11/20 18:52:09.659: [sbi] DEBUG: [PUT] /nnrf-nfm/v1/nf-instances/7e0a2cc4-6947-41ed-b66f-63e3ed58556d (../lib/sbi/nghttp2-server.c:801)
11/20 18:52:09.659: [sbi] DEBUG: RECEIVED: 741 (../lib/sbi/nghttp2-server.c:805)
11/20 18:52:09.659: [sbi] DEBUG: {
	"nfInstanceId":	"7e0a2cc4-6947-41ed-b66f-63e3ed58556d",
	"nfType":	"UDR",
	"nfStatus":	"REGISTERED",
	"ipv4Addresses":	["127.0.0.20"],
	"allowedNfTypes":	["PCF", "UDM", "SCP"],
	"priority":	0,
	"capacity":	100,
	"load":	0,
	"nfServiceList":	{
		"7e0abf36-6947-41ed-b66f-63e3ed58556d":	{
			"serviceInstanceId":	"7e0abf36-6947-41ed-b66f-63e3ed58556d",
			"serviceName":	"nudr-dr",
			"versions":	[{
					"apiVersionInUri":	"v1",
					"apiFullVersion":	"1.0.0"
				}],
			"scheme":	"http",
			"nfServiceStatus":	"REGISTERED",
			"ipEndPoints":	[{
					"ipv4Address":	"127.0.0.20",
					"port":	7777
				}],
			"allowedNfTypes":	["PCF", "UDM"],
			"priority":	0,
			"capacity":	100,
			"load":	0
		}
	},
	"nfProfileChangesSupportInd":	true
} (../lib/sbi/nghttp2-server.c:806)
11/20 18:52:09.659: [nrf] DEBUG: nrf_state_operational(): OGS_EVENT_NAME_SBI_SERVER (../src/nrf/nrf-sm.c:50)
11/20 18:52:09.659: [sbi] DEBUG: ogs_sbi_nf_instance_add() (../lib/sbi/context.c:762)
11/20 18:52:09.659: [sbi] DEBUG: [REF] 1 (../lib/sbi/context.c:764)
11/20 18:52:09.659: [nrf] DEBUG: nrf_nf_state_initial(): ENTRY (../src/nrf/nf-sm.c:55)
11/20 18:52:09.659: [nrf] DEBUG: nrf_nf_state_will_register(): ENTRY (../src/nrf/nf-sm.c:93)
11/20 18:52:09.659: [nrf] DEBUG: nrf_nf_state_will_register(): OGS_EVENT_NAME_SBI_SERVER (../src/nrf/nf-sm.c:93)
11/20 18:52:09.659: [sock] DEBUG: addr:127.0.0.20, port:80 (../lib/core/ogs-sockaddr.c:140)
11/20 18:52:09.659: [sock] DEBUG: addr:127.0.0.20, port:7777 (../lib/core/ogs-sockaddr.c:140)
11/20 18:52:09.659: [sbi] DEBUG: STATUS [201] (../lib/sbi/nghttp2-server.c:357)
11/20 18:52:09.659: [sbi] DEBUG: SENDING...: 157 (../lib/sbi/nghttp2-server.c:365)
11/20 18:52:09.659: [sbi] DEBUG: {
	"nfInstanceId":	"7e0a2cc4-6947-41ed-b66f-63e3ed58556d",
	"nfType":	"UDR",
	"nfStatus":	"REGISTERED",
	"heartBeatTimer":	10,
	"nfProfileChangesInd":	true
} (../lib/sbi/nghttp2-server.c:366)
11/20 18:52:09.659: [sbi] DEBUG: STREAM closed [1] (../lib/sbi/nghttp2-server.c:852)
11/20 18:52:09.659: [nrf] DEBUG: nrf_nf_state_will_register(): EXIT (../src/nrf/nf-sm.c:93)
11/20 18:52:09.659: [nrf] DEBUG: nrf_nf_state_registered(): ENTRY (../src/nrf/nf-sm.c:183)
11/20 18:52:09.659: [nrf] INFO: [7e0a2cc4-6947-41ed-b66f-63e3ed58556d] NF registered [Heartbeat:10s] (../src/nrf/nf-sm.c:191)
11/20 18:52:09.659: [sbi] DEBUG: [POST] http://127.0.0.12:7777/nnrf-nfm/v1/nf-status-notify (../lib/sbi/client.c:625)
11/20 18:52:09.659: [sbi] DEBUG: SENDING...[946] (../lib/sbi/client.c:401)
11/20 18:52:09.659: [sbi] DEBUG: {
	"event":	"NF_REGISTERED",
	"nfInstanceUri":	"http://127.0.0.10:7777/nnrf-nfm/v1/nf-instances/7e0a2cc4-6947-41ed-b66f-63e3ed58556d",
	"nfProfile":	{
		"nfInstanceId":	"7e0a2cc4-6947-41ed-b66f-63e3ed58556d",
		"nfType":	"UDR",
		"nfStatus":	"REGISTERED",
		"heartBeatTimer":	10,
		"ipv4Addresses":	["127.0.0.20"],
		"allowedNfTypes":	["PCF", "UDM", "SCP"],
		"priority":	0,
		"capacity":	100,
		"load":	0,
		"nfServiceList":	{
			"7e0abf36-6947-41ed-b66f-63e3ed58556d":	{
				"serviceInstanceId":	"7e0abf36-6947-41ed-b66f-63e3ed58556d",
				"serviceName":	"nudr-dr",
				"versions":	[{
						"apiVersionInUri":	"v1",
						"apiFullVersion":	"1.0.0"
					}],
				"scheme":	"http",
				"nfServiceStatus":	"REGISTERED",
				"ipEndPoints":	[{
						"ipv4Address":	"127.0.0.20",
						"port":	7777
					}],
				"allowedNfTypes":	["PCF", "UDM"],
				"priority":	0,
				"capacity":	100,
				"load":	0
			}
		},
		"nfProfileChangesSupportInd":	true
	}
} (../lib/sbi/client.c:403)
11/20 18:52:09.659: [sbi] DEBUG: [POST] http://127.0.0.13:7777/nnrf-nfm/v1/nf-status-notify (../lib/sbi/client.c:625)
11/20 18:52:09.659: [sbi] DEBUG: SENDING...[946] (../lib/sbi/client.c:401)
11/20 18:52:09.659: [sbi] DEBUG: {
	"event":	"NF_REGISTERED",
	"nfInstanceUri":	"http://127.0.0.10:7777/nnrf-nfm/v1/nf-instances/7e0a2cc4-6947-41ed-b66f-63e3ed58556d",
	"nfProfile":	{
		"nfInstanceId":	"7e0a2cc4-6947-41ed-b66f-63e3ed58556d",
		"nfType":	"UDR",
		"nfStatus":	"REGISTERED",
		"heartBeatTimer":	10,
		"ipv4Addresses":	["127.0.0.20"],
		"allowedNfTypes":	["PCF", "UDM", "SCP"],
		"priority":	0,
		"capacity":	100,
		"load":	0,
		"nfServiceList":	{
			"7e0abf36-6947-41ed-b66f-63e3ed58556d":	{
				"serviceInstanceId":	"7e0abf36-6947-41ed-b66f-63e3ed58556d",
				"serviceName":	"nudr-dr",
				"versions":	[{
						"apiVersionInUri":	"v1",
						"apiFullVersion":	"1.0.0"
					}],
				"scheme":	"http",
				"nfServiceStatus":	"REGISTERED",
				"ipEndPoints":	[{
						"ipv4Address":	"127.0.0.20",
						"port":	7777
					}],
				"allowedNfTypes":	["PCF", "UDM"],
				"priority":	0,
				"capacity":	100,
				"load":	0
			}
		},
		"nfProfileChangesSupportInd":	true
	}
} (../lib/sbi/client.c:403)
0000: 00000004 01000000 00                  .........
11/20 18:52:09.659: [sbi] DEBUG: MAX_CONCURRENT_STREAMS = 100 (../lib/sbi/nghttp2-server.c:747)
11/20 18:52:09.659: [sbi] DEBUG: ENABLE_PUSH = false (../lib/sbi/nghttp2-server.c:749)
11/20 18:52:09.659: [sbi] DEBUG: STREAM added [1] (../lib/sbi/nghttp2-server.c:1122)
11/20 18:52:09.659: [sbi] DEBUG: [POST] /nnrf-nfm/v1/nf-status-notify (../lib/sbi/nghttp2-server.c:801)
11/20 18:52:09.659: [sbi] DEBUG: RECEIVED: 946 (../lib/sbi/nghttp2-server.c:805)
11/20 18:52:09.659: [sbi] DEBUG: {
	"event":	"NF_REGISTERED",
	"nfInstanceUri":	"http://127.0.0.10:7777/nnrf-nfm/v1/nf-instances/7e0a2cc4-6947-41ed-b66f-63e3ed58556d",
	"nfProfile":	{
		"nfInstanceId":	"7e0a2cc4-6947-41ed-b66f-63e3ed58556d",
		"nfType":	"UDR",
		"nfStatus":	"REGISTERED",
		"heartBeatTimer":	10,
		"ipv4Addresses":	["127.0.0.20"],
		"allowedNfTypes":	["PCF", "UDM", "SCP"],
		"priority":	0,
		"capacity":	100,
		"load":	0,
		"nfServiceList":	{
			"7e0abf36-6947-41ed-b66f-63e3ed58556d":	{
				"serviceInstanceId":	"7e0abf36-6947-41ed-b66f-63e3ed58556d",
				"serviceName":	"nudr-dr",
				"versions":	[{
						"apiVersionInUri":	"v1",
						"apiFullVersion":	"1.0.0"
					}],
				"scheme":	"http",
				"nfServiceStatus":	"REGISTERED",
				"ipEndPoints":	[{
						"ipv4Address":	"127.0.0.20",
						"port":	7777
					}],
				"allowedNfTypes":	["PCF", "UDM"],
				"priority":	0,
				"capacity":	100,
				"load":	0
			}
		},
		"nfProfileChangesSupportInd":	true
	}
} (../lib/sbi/nghttp2-server.c:806)
0000: 00000604 00000000 00000300 04e200     ...............
11/20 18:52:09.659: [udm] DEBUG: udm_state_operational(): OGS_EVENT_NAME_SBI_SERVER (../src/udm/udm-sm.c:53)
0000: 00006c01 04000000 01488210 03768bd5   ..l......H...v..
0010: 596a6f16 e53b8976 d76f6196 d07abe94   Yjo..;.v.oa..z..
0020: 1054d27e ea080212 8015c6c5 700fa98b   .T.~........p...
0030: 46ff0f0d 03313537 0f1fad62 aaac956a   F....157...b...j
0040: a5a58ee1 62a95635 4848ea21 50c3a500   ....b.V5HH.!P...
0050: c44234b3 8fb4eacd 04b22d1b 8e4ab38c   .B4.......-..J..
0060: 9592c8db cdb6e49f 5f8b1d75 d0620d26   ........_..u.b.&
0070: 3d4c7441 ea                           =LtA.
11/20 18:52:09.659: [sbi] DEBUG: STREAM added [3] (../lib/sbi/nghttp2-server.c:1122)
11/20 18:52:09.659: [sbi] DEBUG: ogs_sbi_nf_instance_add() (../lib/sbi/context.c:762)
11/20 18:52:09.660: [sbi] DEBUG: [REF] 1 (../lib/sbi/context.c:764)
11/20 18:52:09.660: [sbi] DEBUG: [201:PUT] http://[::1]:7777/nnrf-nfm/v1/nf-instances/7e0a2cc4-6947-41ed-b66f-63e3ed58556d (../lib/sbi/client.c:573)
11/20 18:52:09.660: [sbi] DEBUG: ogs_sbi_nf_state_initial(): ENTRY (../lib/sbi/nf-sm.c:66)
11/20 18:52:09.660: [sbi] DEBUG: [POST] /nnrf-nfm/v1/nf-status-notify (../lib/sbi/nghttp2-server.c:801)
11/20 18:52:09.660: [sbi] DEBUG: ogs_sbi_nf_state_registered(): ENTRY (../lib/sbi/nf-sm.c:204)
11/20 18:52:09.660: [sbi] DEBUG: RECEIVED[157] (../lib/sbi/client.c:584)
0000: 00009d00 01000000 017b0a09 226e6649   .........{.."nfI
0010: 6e737461 6e636549 64223a09 22376530   nstanceId":."7e0
0020: 61326363 342d3639 34372d34 3165642d   a2cc4-6947-41ed-
0030: 62363666 2d363365 33656435 38353536   b66f-63e3ed58556
0040: 64222c0a 09226e66 54797065 223a0922   d",.."nfType":."
0050: 55445222 2c0a0922 6e665374 61747573   UDR",.."nfStatus
0060: 223a0922 52454749 53544552 4544222c   ":."REGISTERED",
0070: 0a092268 65617274 42656174 54696d65   .."heartBeatTime
0080: 72223a09 31302c0a 09226e66 50726f66   r":.10,.."nfProf
0090: 696c6543 68616e67 6573496e 64223a09   ileChangesInd":.
00a0: 74727565 0a7d                         true.}
11/20 18:52:09.660: [sbi] INFO: [7e0a2cc4-6947-41ed-b66f-63e3ed58556d] (NRF-notify) NF registered (../lib/sbi/nnrf-handler.c:622)
11/20 18:52:09.660: [sbi] DEBUG: {
	"nfInstanceId":	"7e0a2cc4-6947-41ed-b66f-63e3ed58556d",
	"nfType":	"UDR",
	"nfStatus":	"REGISTERED",
	"heartBeatTimer":	10,
	"nfProfileChangesInd":	true
} (../lib/sbi/client.c:586)
11/20 18:52:09.660: [sbi] DEBUG: RECEIVED: 946 (../lib/sbi/nghttp2-server.c:805)
11/20 18:52:09.660: [sock] DEBUG: addr:127.0.0.20, port:80 (../lib/core/ogs-sockaddr.c:140)
11/20 18:52:09.660: [sock] DEBUG: addr:127.0.0.20, port:7777 (../lib/core/ogs-sockaddr.c:140)
11/20 18:52:09.660: [sbi] DEBUG: {
	"event":	"NF_REGISTERED",
	"nfInstanceUri":	"http://127.0.0.10:7777/nnrf-nfm/v1/nf-instances/7e0a2cc4-6947-41ed-b66f-63e3ed58556d",
	"nfProfile":	{
		"nfInstanceId":	"7e0a2cc4-6947-41ed-b66f-63e3ed58556d",
		"nfType":	"UDR",
		"nfStatus":	"REGISTERED",
		"heartBeatTimer":	10,
		"ipv4Addresses":	["127.0.0.20"],
		"allowedNfTypes":	["PCF", "UDM", "SCP"],
		"priority":	0,
		"capacity":	100,
		"load":	0,
		"nfServiceList":	{
			"7e0abf36-6947-41ed-b66f-63e3ed58556d":	{
				"serviceInstanceId":	"7e0abf36-6947-41ed-b66f-63e3ed58556d",
				"serviceName":	"nudr-dr",
				"versions":	[{
						"apiVersionInUri":	"v1",
						"apiFullVersion":	"1.0.0"
					}],
				"scheme":	"http",
				"nfServiceStatus":	"REGISTERED",
				"ipEndPoints":	[{
						"ipv4Address":	"127.0.0.20",
						"port":	7777
					}],
				"allowedNfTypes":	["PCF", "UDM"],
				"priority":	0,
				"capacity":	100,
				"load":	0
			}
		},
		"nfProfileChangesSupportInd":	true
	}
} (../lib/sbi/nghttp2-server.c:806)
11/20 18:52:09.660: [sbi] INFO: [7e0a2cc4-6947-41ed-b66f-63e3ed58556d] (NRF-notify) NF Profile updated (../lib/sbi/nnrf-handler.c:632)
11/20 18:52:09.660: [udr] DEBUG: udr_state_operational(): OGS_EVENT_NAME_SBI_CLIENT (../src/udr/udr-sm.c:51)
11/20 18:52:09.660: [sbi] DEBUG: ogs_sbi_client_add() (../lib/sbi/client.c:112)
11/20 18:52:09.660: [sbi] DEBUG: [REF] 1 (../lib/sbi/client.c:113)
11/20 18:52:09.660: [pcf] DEBUG: pcf_state_operational(): OGS_EVENT_NAME_SBI_SERVER (../src/pcf/pcf-sm.c:58)
11/20 18:52:09.660: [sbi] DEBUG: [REF] 2 (../lib/sbi/context.c:1570)
11/20 18:52:09.660: [sbi] DEBUG: ogs_sbi_client_add() (../lib/sbi/client.c:112)
11/20 18:52:09.660: [sbi] DEBUG: [REF] 1 (../lib/sbi/client.c:113)
11/20 18:52:09.660: [sbi] DEBUG: ogs_sbi_nf_state_will_register(): OGS_EVENT_NAME_SBI_CLIENT (../lib/sbi/nf-sm.c:118)
11/20 18:52:09.660: [sbi] DEBUG: ogs_sbi_nf_state_will_register(): EXIT (../lib/sbi/nf-sm.c:118)
11/20 18:52:09.660: [sbi] DEBUG: [REF] 2 (../lib/sbi/context.c:1482)
11/20 18:52:09.660: [sbi] DEBUG: ogs_sbi_nf_state_registered(): ENTRY (../lib/sbi/nf-sm.c:204)
11/20 18:52:09.660: [sbi] INFO: [7e0a2cc4-6947-41ed-b66f-63e3ed58556d] NF registered [Heartbeat:10s] (../lib/sbi/nf-sm.c:216)
11/20 18:52:09.660: [sbi] DEBUG: STATUS [204] (../lib/sbi/nghttp2-server.c:357)
11/20 18:52:09.660: [sbi] DEBUG: STREAM closed [1] (../lib/sbi/nghttp2-server.c:852)
11/20 18:52:09.660: [sbi] DEBUG: MAX_CONCURRENT_STREAMS = 100 (../lib/sbi/nghttp2-server.c:747)
11/20 18:52:09.660: [sbi] DEBUG: ENABLE_PUSH = false (../lib/sbi/nghttp2-server.c:749)
0000: 00000004 01000000 00                  .........
0000: 00002601 05000000 0189768b d5596a6f   ..&.......v..Yjo
0010: 16e53b89 76d76f61 96d07abe 941054d2   ..;.v.oa..z...T.
0020: 7eea0802 128015c6 c5700fa9 8b46ff     ~........p...F.
11/20 18:52:09.660: [sbi] DEBUG: [204:POST] http://127.0.0.12:7777/nnrf-nfm/v1/nf-status-notify (../lib/sbi/client.c:573)
11/20 18:52:09.660: [sbi] DEBUG: ogs_sbi_nf_instance_add() (../lib/sbi/context.c:762)
11/20 18:52:09.660: [sbi] DEBUG: RECEIVED[0] (../lib/sbi/client.c:584)
11/20 18:52:09.660: [sbi] DEBUG: [REF] 1 (../lib/sbi/context.c:764)
11/20 18:52:09.660: [sbi] DEBUG: ogs_sbi_nf_state_initial(): ENTRY (../lib/sbi/nf-sm.c:66)
11/20 18:52:09.660: [sbi] DEBUG: ogs_sbi_nf_state_registered(): ENTRY (../lib/sbi/nf-sm.c:204)
11/20 18:52:09.660: [sbi] INFO: [7e0a2cc4-6947-41ed-b66f-63e3ed58556d] (NRF-notify) NF registered (../lib/sbi/nnrf-handler.c:622)
11/20 18:52:09.660: [sock] DEBUG: addr:127.0.0.20, port:80 (../lib/core/ogs-sockaddr.c:140)
11/20 18:52:09.660: [sock] DEBUG: addr:127.0.0.20, port:7777 (../lib/core/ogs-sockaddr.c:140)
11/20 18:52:09.660: [sbi] INFO: [7e0a2cc4-6947-41ed-b66f-63e3ed58556d] (NRF-notify) NF Profile updated (../lib/sbi/nnrf-handler.c:632)
11/20 18:52:09.660: [sbi] DEBUG: ogs_sbi_client_add() (../lib/sbi/client.c:112)
11/20 18:52:09.660: [sbi] DEBUG: [REF] 1 (../lib/sbi/client.c:113)
11/20 18:52:09.660: [sbi] DEBUG: [REF] 2 (../lib/sbi/context.c:1570)
11/20 18:52:09.660: [sbi] DEBUG: ogs_sbi_client_add() (../lib/sbi/client.c:112)
11/20 18:52:09.660: [sbi] DEBUG: [REF] 1 (../lib/sbi/client.c:113)
11/20 18:52:09.660: [sbi] DEBUG: [REF] 2 (../lib/sbi/context.c:1482)
11/20 18:52:09.660: [sbi] DEBUG: STATUS [204] (../lib/sbi/nghttp2-server.c:357)
11/20 18:52:09.660: [sbi] DEBUG: STREAM closed [3] (../lib/sbi/nghttp2-server.c:852)
11/20 18:52:09.660: [sbi] DEBUG: [204:POST] http://127.0.0.13:7777/nnrf-nfm/v1/nf-status-notify (../lib/sbi/client.c:573)
11/20 18:52:09.660: [sbi] DEBUG: RECEIVED[0] (../lib/sbi/client.c:584)
0000: 00000301 05000000 0389bfbe            ............
11/20 18:52:10.146: [sock] DEBUG: addr:127.0.0.2, port:2152 (../lib/core/ogs-sockaddr.c:140)
11/20 18:52:10.147: [sock] DEBUG: addr:fd69:f21d:873c:fa::2, port:2152 (../lib/core/ogs-sockaddr.c:140)
11/20 18:52:10.147: [sock] DEBUG: addr:127.0.0.3, port:2152 (../lib/core/ogs-sockaddr.c:140)
11/20 18:52:10.147: [sock] DEBUG: addr:fd69:f21d:873c:fa::3, port:2152 (../lib/core/ogs-sockaddr.c:140)
11/20 18:52:10.147: [sock] DEBUG: addr:127.0.0.2, port:36412 (../lib/core/ogs-sockaddr.c:140)
11/20 18:52:10.147: [sock] DEBUG: addr:127.0.0.5, port:38412 (../lib/core/ogs-sockaddr.c:140)
11/20 18:52:10.147: [sock] DEBUG: addr:127.0.0.20, port:38412 (../lib/core/ogs-sockaddr.c:140)
11/20 18:52:10.147: [sock] DEBUG: addr:127.0.0.21, port:38412 (../lib/core/ogs-sockaddr.c:140)
11/20 18:52:10.147: [sock] DEBUG: addr:127.0.0.22, port:38412 (../lib/core/ogs-sockaddr.c:140)
11/20 18:52:10.147: [sock] DEBUG: addr:127.0.0.23, port:38412 (../lib/core/ogs-sockaddr.c:140)
11/20 18:52:10.147: [sock] DEBUG: addr:127.0.0.24, port:38412 (../lib/core/ogs-sockaddr.c:140)
11/20 18:52:10.147: [sock] DEBUG: addr:127.0.0.25, port:38412 (../lib/core/ogs-sockaddr.c:140)
11/20 18:52:10.147: [sock] DEBUG: addr:127.0.0.26, port:38412 (../lib/core/ogs-sockaddr.c:140)
11/20 18:52:10.147: [sock] DEBUG: addr:127.0.0.27, port:38412 (../lib/core/ogs-sockaddr.c:140)
11/20 18:52:10.147: [sock] DEBUG: addr:127.0.0.28, port:38412 (../lib/core/ogs-sockaddr.c:140)
11/20 18:52:10.147: [core] WARNING: unknown key `ngap` (../tests/common/context.c:548)
11/20 18:52:10.147: [core] WARNING: unknown key `guami` (../tests/common/context.c:548)
11/20 18:52:10.147: [core] WARNING: unknown key `security` (../tests/common/context.c:548)
11/20 18:52:10.147: [core] WARNING: unknown key `network_name` (../tests/common/context.c:548)
11/20 18:52:10.147: [core] WARNING: unknown key `amf_name` (../tests/common/context.c:548)
11/20 18:52:10.148: [thread] DEBUG: [0x5588d8253530] worker signal (../lib/core/ogs-thread.c:66)
11/20 18:52:10.148: [thread] DEBUG: [0x5588d8253530] thread started (../lib/core/ogs-thread.c:101)
11/20 18:52:10.148: [thread] DEBUG: [0x5588d8253740] worker signal (../lib/core/ogs-thread.c:66)
11/20 18:52:10.148: [thread] DEBUG: [0x5588d8253740] thread started (../lib/core/ogs-thread.c:101)
11/20 18:52:11.479: [sbi] DEBUG: ogs_sbi_nf_state_initial(): ENTRY (../lib/sbi/nf-sm.c:66)
11/20 18:52:11.479: [sbi] DEBUG: ogs_sbi_nf_state_registered(): ENTRY (../lib/sbi/nf-sm.c:204)
11/20 18:52:11.480: [sbi] INFO: NF Service [namf-comm] (../lib/sbi/context.c:1401)
11/20 18:52:11.480: [sbi] DEBUG: ogs_sbi_nf_state_initial(): ENTRY (../lib/sbi/nf-sm.c:66)
11/20 18:52:11.480: [sbi] DEBUG: ogs_sbi_nf_state_will_register(): ENTRY (../lib/sbi/nf-sm.c:118)
11/20 18:52:11.480: [sbi] DEBUG: [PUT] http://[::1]:7777/nnrf-nfm/v1/nf-instances/7ddada50-6947-41ed-ab85-e385b1ff7a33 (../lib/sbi/client.c:625)
11/20 18:52:11.480: [sbi] DEBUG: SENDING...[996] (../lib/sbi/client.c:401)
11/20 18:52:11.480: [sbi] DEBUG: {
	"nfInstanceId":	"7ddada50-6947-41ed-ab85-e385b1ff7a33",
	"nfType":	"AMF",
	"nfStatus":	"REGISTERED",
	"ipv4Addresses":	["127.0.0.5"],
	"allowedNfTypes":	["SMF", "SCP"],
	"priority":	0,
	"capacity":	100,
	"load":	0,
	"amfInfo":	{
		"amfSetId":	"001",
		"amfRegionId":	"02",
		"guamiList":	[{
				"plmnId":	{
					"mcc":	"999",
					"mnc":	"70"
				},
				"amfId":	"020040"
			}],
		"taiList":	[{
				"plmnId":	{
					"mcc":	"999",
					"mnc":	"70"
				},
				"tac":	"000001"
			}]
	},
	"nfServiceList":	{
		"7f20bdb2-6947-41ed-ab85-e385b1ff7a33":	{
			"serviceInstanceId":	"7f20bdb2-6947-41ed-ab85-e385b1ff7a33",
			"serviceName":	"namf-comm",
			"versions":	[{
					"apiVersionInUri":	"v1",
					"apiFullVersion":	"1.0.0"
				}],
			"scheme":	"http",
			"nfServiceStatus":	"REGISTERED",
			"ipEndPoints":	[{
					"ipv4Address":	"127.0.0.5",
					"port":	7777
				}],
			"allowedNfTypes":	["SMF"],
			"priority":	0,
			"capacity":	100,
			"load":	0
		}
	},
	"nfProfileChangesSupportInd":	true
} (../lib/sbi/client.c:403)
11/20 18:52:11.480: [sock] DEBUG: socket create(2:1:6) (../lib/core/ogs-socket.c:92)
11/20 18:52:11.480: [sock] DEBUG: Turn on TCP_NODELAY (../lib/core/ogs-sockopt.c:139)
11/20 18:52:11.480: [sock] DEBUG: Turn on SO_REUSEADDR (../lib/core/ogs-sockopt.c:120)
11/20 18:52:11.480: [sock] DEBUG: socket bind 127.0.0.5:7777 (../lib/core/ogs-socket.c:117)
11/20 18:52:11.480: [sock] DEBUG: tcp_server() [127.0.0.5]:7777 (../lib/core/ogs-tcp.c:61)
11/20 18:52:11.480: [sbi] INFO: nghttp2_server() [127.0.0.5]:7777 (../lib/sbi/nghttp2-server.c:151)
11/20 18:52:11.480: [sock] DEBUG: socket create(2:1:132) (../lib/core/ogs-socket.c:92)
11/20 18:52:11.480: [sock] DEBUG: sizes of 'struct sctp_event_subscribe': compile-time 10, kernel: 13 (../lib/sctp/ogs-lksctp.c:320)
11/20 18:52:11.480: [sock] DEBUG: OLD spp_flags = 0x29 hbinter = 30000 pathmax = 5, sackdelay = 200 (../lib/sctp/ogs-lksctp.c:517)
11/20 18:52:11.480: [sock] DEBUG: sizes of 'struct sctp_paddrparams': compile-time 152, kernel: 156 (../lib/sctp/ogs-lksctp.c:447)
11/20 18:52:11.480: [sock] DEBUG: NEW spp_flags = 0x29 hbinter = 5000 pathmax = 5, sackdelay = 200 (../lib/sctp/ogs-lksctp.c:549)
11/20 18:52:11.480: [sock] DEBUG: OLD RTO (initial:3000 max:60000 min:1000) (../lib/sctp/ogs-lksctp.c:580)
11/20 18:52:11.480: [sock] DEBUG: New RTO (initial:3000 max:5000 min:1000) (../lib/sctp/ogs-lksctp.c:596)
11/20 18:52:11.480: [sock] DEBUG: Old INITMSG (numout:10 maxin:65535 maxattempt:8 maxinit_to:60000) (../lib/sctp/ogs-lksctp.c:623)
11/20 18:52:11.480: [sock] DEBUG: New INITMSG (numout:30 maxin:65535 maxattempt:4 maxinit_to:8000) (../lib/sctp/ogs-lksctp.c:641)
11/20 18:52:11.480: [sock] DEBUG: Turn on SCTP_NODELAY (../lib/sctp/ogs-lksctp.c:650)
11/20 18:52:11.480: [sock] DEBUG: Turn on SO_REUSEADDR (../lib/core/ogs-sockopt.c:120)
11/20 18:52:11.480: [sock] DEBUG: socket bind 127.0.0.5:38412 (../lib/core/ogs-socket.c:117)
11/20 18:52:11.480: [sock] DEBUG: sctp_server() [127.0.0.5]:38412 (../lib/sctp/ogs-lksctp.c:101)
11/20 18:52:11.480: [amf] INFO: ngap_server() [127.0.0.5]:38412 (../src/amf/ngap-sctp.c:62)
11/20 18:52:11.480: [sock] DEBUG: socket create(2:1:132) (../lib/core/ogs-socket.c:92)
11/20 18:52:11.480: [sock] DEBUG: OLD spp_flags = 0x29 hbinter = 30000 pathmax = 5, sackdelay = 200 (../lib/sctp/ogs-lksctp.c:517)
11/20 18:52:11.480: [sock] DEBUG: NEW spp_flags = 0x29 hbinter = 5000 pathmax = 5, sackdelay = 200 (../lib/sctp/ogs-lksctp.c:549)
11/20 18:52:11.480: [sock] DEBUG: OLD RTO (initial:3000 max:60000 min:1000) (../lib/sctp/ogs-lksctp.c:580)
11/20 18:52:11.480: [sock] DEBUG: New RTO (initial:3000 max:5000 min:1000) (../lib/sctp/ogs-lksctp.c:596)
11/20 18:52:11.480: [sock] DEBUG: Old INITMSG (numout:10 maxin:65535 maxattempt:8 maxinit_to:60000) (../lib/sctp/ogs-lksctp.c:623)
11/20 18:52:11.480: [sock] DEBUG: New INITMSG (numout:30 maxin:65535 maxattempt:4 maxinit_to:8000) (../lib/sctp/ogs-lksctp.c:641)
11/20 18:52:11.480: [sock] DEBUG: Turn on SCTP_NODELAY (../lib/sctp/ogs-lksctp.c:650)
11/20 18:52:11.480: [sock] DEBUG: Turn on SO_REUSEADDR (../lib/core/ogs-sockopt.c:120)
11/20 18:52:11.480: [sock] DEBUG: socket bind 127.0.0.20:38412 (../lib/core/ogs-socket.c:117)
11/20 18:52:11.480: [sock] DEBUG: sctp_server() [127.0.0.20]:38412 (../lib/sctp/ogs-lksctp.c:101)
11/20 18:52:11.480: [amf] INFO: ngap_server() [127.0.0.20]:38412 (../src/amf/ngap-sctp.c:62)
11/20 18:52:11.480: [sock] DEBUG: socket create(2:1:132) (../lib/core/ogs-socket.c:92)
11/20 18:52:11.480: [sock] DEBUG: OLD spp_flags = 0x29 hbinter = 30000 pathmax = 5, sackdelay = 200 (../lib/sctp/ogs-lksctp.c:517)
11/20 18:52:11.480: [sock] DEBUG: NEW spp_flags = 0x29 hbinter = 5000 pathmax = 5, sackdelay = 200 (../lib/sctp/ogs-lksctp.c:549)
11/20 18:52:11.480: [sock] DEBUG: OLD RTO (initial:3000 max:60000 min:1000) (../lib/sctp/ogs-lksctp.c:580)
11/20 18:52:11.480: [sock] DEBUG: New RTO (initial:3000 max:5000 min:1000) (../lib/sctp/ogs-lksctp.c:596)
11/20 18:52:11.480: [sock] DEBUG: Old INITMSG (numout:10 maxin:65535 maxattempt:8 maxinit_to:60000) (../lib/sctp/ogs-lksctp.c:623)
11/20 18:52:11.480: [sock] DEBUG: New INITMSG (numout:30 maxin:65535 maxattempt:4 maxinit_to:8000) (../lib/sctp/ogs-lksctp.c:641)
11/20 18:52:11.480: [sock] DEBUG: Turn on SCTP_NODELAY (../lib/sctp/ogs-lksctp.c:650)
11/20 18:52:11.480: [sock] DEBUG: Turn on SO_REUSEADDR (../lib/core/ogs-sockopt.c:120)
11/20 18:52:11.480: [sock] DEBUG: socket bind 127.0.0.21:38412 (../lib/core/ogs-socket.c:117)
11/20 18:52:11.480: [sock] DEBUG: sctp_server() [127.0.0.21]:38412 (../lib/sctp/ogs-lksctp.c:101)
11/20 18:52:11.480: [amf] INFO: ngap_server() [127.0.0.21]:38412 (../src/amf/ngap-sctp.c:62)
11/20 18:52:11.480: [sock] DEBUG: socket create(2:1:132) (../lib/core/ogs-socket.c:92)
11/20 18:52:11.480: [sock] DEBUG: OLD spp_flags = 0x29 hbinter = 30000 pathmax = 5, sackdelay = 200 (../lib/sctp/ogs-lksctp.c:517)
11/20 18:52:11.480: [sock] DEBUG: NEW spp_flags = 0x29 hbinter = 5000 pathmax = 5, sackdelay = 200 (../lib/sctp/ogs-lksctp.c:549)
11/20 18:52:11.480: [sock] DEBUG: OLD RTO (initial:3000 max:60000 min:1000) (../lib/sctp/ogs-lksctp.c:580)
11/20 18:52:11.480: [sock] DEBUG: New RTO (initial:3000 max:5000 min:1000) (../lib/sctp/ogs-lksctp.c:596)
11/20 18:52:11.480: [sock] DEBUG: Old INITMSG (numout:10 maxin:65535 maxattempt:8 maxinit_to:60000) (../lib/sctp/ogs-lksctp.c:623)
11/20 18:52:11.480: [sock] DEBUG: New INITMSG (numout:30 maxin:65535 maxattempt:4 maxinit_to:8000) (../lib/sctp/ogs-lksctp.c:641)
11/20 18:52:11.480: [sock] DEBUG: Turn on SCTP_NODELAY (../lib/sctp/ogs-lksctp.c:650)
11/20 18:52:11.480: [sock] DEBUG: Turn on SO_REUSEADDR (../lib/core/ogs-sockopt.c:120)
11/20 18:52:11.480: [sock] DEBUG: socket bind 127.0.0.22:38412 (../lib/core/ogs-socket.c:117)
11/20 18:52:11.480: [sock] DEBUG: sctp_server() [127.0.0.22]:38412 (../lib/sctp/ogs-lksctp.c:101)
11/20 18:52:11.480: [amf] INFO: ngap_server() [127.0.0.22]:38412 (../src/amf/ngap-sctp.c:62)
11/20 18:52:11.480: [sock] DEBUG: socket create(2:1:132) (../lib/core/ogs-socket.c:92)
11/20 18:52:11.480: [sock] DEBUG: OLD spp_flags = 0x29 hbinter = 30000 pathmax = 5, sackdelay = 200 (../lib/sctp/ogs-lksctp.c:517)
11/20 18:52:11.480: [sock] DEBUG: NEW spp_flags = 0x29 hbinter = 5000 pathmax = 5, sackdelay = 200 (../lib/sctp/ogs-lksctp.c:549)
11/20 18:52:11.480: [sock] DEBUG: OLD RTO (initial:3000 max:60000 min:1000) (../lib/sctp/ogs-lksctp.c:580)
11/20 18:52:11.480: [sock] DEBUG: New RTO (initial:3000 max:5000 min:1000) (../lib/sctp/ogs-lksctp.c:596)
11/20 18:52:11.480: [sock] DEBUG: Old INITMSG (numout:10 maxin:65535 maxattempt:8 maxinit_to:60000) (../lib/sctp/ogs-lksctp.c:623)
11/20 18:52:11.480: [sock] DEBUG: New INITMSG (numout:30 maxin:65535 maxattempt:4 maxinit_to:8000) (../lib/sctp/ogs-lksctp.c:641)
11/20 18:52:11.480: [sock] DEBUG: Turn on SCTP_NODELAY (../lib/sctp/ogs-lksctp.c:650)
11/20 18:52:11.480: [sock] DEBUG: Turn on SO_REUSEADDR (../lib/core/ogs-sockopt.c:120)
11/20 18:52:11.480: [sock] DEBUG: socket bind 127.0.0.23:38412 (../lib/core/ogs-socket.c:117)
11/20 18:52:11.480: [sock] DEBUG: sctp_server() [127.0.0.23]:38412 (../lib/sctp/ogs-lksctp.c:101)
11/20 18:52:11.480: [amf] INFO: ngap_server() [127.0.0.23]:38412 (../src/amf/ngap-sctp.c:62)
11/20 18:52:11.480: [sock] DEBUG: socket create(2:1:132) (../lib/core/ogs-socket.c:92)
11/20 18:52:11.480: [sock] DEBUG: OLD spp_flags = 0x29 hbinter = 30000 pathmax = 5, sackdelay = 200 (../lib/sctp/ogs-lksctp.c:517)
11/20 18:52:11.480: [sock] DEBUG: NEW spp_flags = 0x29 hbinter = 5000 pathmax = 5, sackdelay = 200 (../lib/sctp/ogs-lksctp.c:549)
11/20 18:52:11.480: [sock] DEBUG: OLD RTO (initial:3000 max:60000 min:1000) (../lib/sctp/ogs-lksctp.c:580)
11/20 18:52:11.480: [sock] DEBUG: New RTO (initial:3000 max:5000 min:1000) (../lib/sctp/ogs-lksctp.c:596)
11/20 18:52:11.480: [sock] DEBUG: Old INITMSG (numout:10 maxin:65535 maxattempt:8 maxinit_to:60000) (../lib/sctp/ogs-lksctp.c:623)
11/20 18:52:11.480: [sock] DEBUG: New INITMSG (numout:30 maxin:65535 maxattempt:4 maxinit_to:8000) (../lib/sctp/ogs-lksctp.c:641)
11/20 18:52:11.480: [sock] DEBUG: Turn on SCTP_NODELAY (../lib/sctp/ogs-lksctp.c:650)
11/20 18:52:11.480: [sock] DEBUG: Turn on SO_REUSEADDR (../lib/core/ogs-sockopt.c:120)
11/20 18:52:11.480: [sock] DEBUG: socket bind 127.0.0.24:38412 (../lib/core/ogs-socket.c:117)
11/20 18:52:11.480: [sock] DEBUG: sctp_server() [127.0.0.24]:38412 (../lib/sctp/ogs-lksctp.c:101)
11/20 18:52:11.480: [amf] INFO: ngap_server() [127.0.0.24]:38412 (../src/amf/ngap-sctp.c:62)
11/20 18:52:11.480: [sock] DEBUG: socket create(2:1:132) (../lib/core/ogs-socket.c:92)
11/20 18:52:11.480: [sock] DEBUG: OLD spp_flags = 0x29 hbinter = 30000 pathmax = 5, sackdelay = 200 (../lib/sctp/ogs-lksctp.c:517)
11/20 18:52:11.480: [sock] DEBUG: NEW spp_flags = 0x29 hbinter = 5000 pathmax = 5, sackdelay = 200 (../lib/sctp/ogs-lksctp.c:549)
11/20 18:52:11.480: [sock] DEBUG: OLD RTO (initial:3000 max:60000 min:1000) (../lib/sctp/ogs-lksctp.c:580)
11/20 18:52:11.480: [sock] DEBUG: New RTO (initial:3000 max:5000 min:1000) (../lib/sctp/ogs-lksctp.c:596)
11/20 18:52:11.480: [sock] DEBUG: Old INITMSG (numout:10 maxin:65535 maxattempt:8 maxinit_to:60000) (../lib/sctp/ogs-lksctp.c:623)
11/20 18:52:11.480: [sock] DEBUG: New INITMSG (numout:30 maxin:65535 maxattempt:4 maxinit_to:8000) (../lib/sctp/ogs-lksctp.c:641)
11/20 18:52:11.480: [sock] DEBUG: Turn on SCTP_NODELAY (../lib/sctp/ogs-lksctp.c:650)
11/20 18:52:11.480: [sock] DEBUG: Turn on SO_REUSEADDR (../lib/core/ogs-sockopt.c:120)
11/20 18:52:11.480: [sock] DEBUG: socket bind 127.0.0.25:38412 (../lib/core/ogs-socket.c:117)
11/20 18:52:11.480: [sock] DEBUG: sctp_server() [127.0.0.25]:38412 (../lib/sctp/ogs-lksctp.c:101)
11/20 18:52:11.480: [amf] INFO: ngap_server() [127.0.0.25]:38412 (../src/amf/ngap-sctp.c:62)
11/20 18:52:11.480: [sock] DEBUG: socket create(2:1:132) (../lib/core/ogs-socket.c:92)
11/20 18:52:11.480: [sock] DEBUG: OLD spp_flags = 0x29 hbinter = 30000 pathmax = 5, sackdelay = 200 (../lib/sctp/ogs-lksctp.c:517)
11/20 18:52:11.480: [sock] DEBUG: NEW spp_flags = 0x29 hbinter = 5000 pathmax = 5, sackdelay = 200 (../lib/sctp/ogs-lksctp.c:549)
11/20 18:52:11.480: [sock] DEBUG: OLD RTO (initial:3000 max:60000 min:1000) (../lib/sctp/ogs-lksctp.c:580)
11/20 18:52:11.480: [sock] DEBUG: New RTO (initial:3000 max:5000 min:1000) (../lib/sctp/ogs-lksctp.c:596)
11/20 18:52:11.480: [sock] DEBUG: Old INITMSG (numout:10 maxin:65535 maxattempt:8 maxinit_to:60000) (../lib/sctp/ogs-lksctp.c:623)
11/20 18:52:11.480: [sock] DEBUG: New INITMSG (numout:30 maxin:65535 maxattempt:4 maxinit_to:8000) (../lib/sctp/ogs-lksctp.c:641)
11/20 18:52:11.480: [sock] DEBUG: Turn on SCTP_NODELAY (../lib/sctp/ogs-lksctp.c:650)
11/20 18:52:11.480: [sock] DEBUG: Turn on SO_REUSEADDR (../lib/core/ogs-sockopt.c:120)
11/20 18:52:11.481: [sock] DEBUG: socket bind 127.0.0.26:38412 (../lib/core/ogs-socket.c:117)
11/20 18:52:11.481: [sock] DEBUG: sctp_server() [127.0.0.26]:38412 (../lib/sctp/ogs-lksctp.c:101)
11/20 18:52:11.481: [amf] INFO: ngap_server() [127.0.0.26]:38412 (../src/amf/ngap-sctp.c:62)
11/20 18:52:11.481: [sock] DEBUG: socket create(2:1:132) (../lib/core/ogs-socket.c:92)
11/20 18:52:11.481: [sock] DEBUG: OLD spp_flags = 0x29 hbinter = 30000 pathmax = 5, sackdelay = 200 (../lib/sctp/ogs-lksctp.c:517)
11/20 18:52:11.481: [sock] DEBUG: NEW spp_flags = 0x29 hbinter = 5000 pathmax = 5, sackdelay = 200 (../lib/sctp/ogs-lksctp.c:549)
11/20 18:52:11.481: [sock] DEBUG: OLD RTO (initial:3000 max:60000 min:1000) (../lib/sctp/ogs-lksctp.c:580)
11/20 18:52:11.481: [sock] DEBUG: New RTO (initial:3000 max:5000 min:1000) (../lib/sctp/ogs-lksctp.c:596)
11/20 18:52:11.481: [sock] DEBUG: Old INITMSG (numout:10 maxin:65535 maxattempt:8 maxinit_to:60000) (../lib/sctp/ogs-lksctp.c:623)
11/20 18:52:11.481: [sock] DEBUG: New INITMSG (numout:30 maxin:65535 maxattempt:4 maxinit_to:8000) (../lib/sctp/ogs-lksctp.c:641)
11/20 18:52:11.481: [sock] DEBUG: Turn on SCTP_NODELAY (../lib/sctp/ogs-lksctp.c:650)
11/20 18:52:11.481: [sock] DEBUG: Turn on SO_REUSEADDR (../lib/core/ogs-sockopt.c:120)
11/20 18:52:11.481: [sock] DEBUG: socket bind 127.0.0.27:38412 (../lib/core/ogs-socket.c:117)
11/20 18:52:11.481: [sock] DEBUG: sctp_server() [127.0.0.27]:38412 (../lib/sctp/ogs-lksctp.c:101)
11/20 18:52:11.481: [amf] INFO: ngap_server() [127.0.0.27]:38412 (../src/amf/ngap-sctp.c:62)
11/20 18:52:11.481: [sock] DEBUG: socket create(2:1:132) (../lib/core/ogs-socket.c:92)
11/20 18:52:11.481: [sock] DEBUG: OLD spp_flags = 0x29 hbinter = 30000 pathmax = 5, sackdelay = 200 (../lib/sctp/ogs-lksctp.c:517)
11/20 18:52:11.481: [sock] DEBUG: NEW spp_flags = 0x29 hbinter = 5000 pathmax = 5, sackdelay = 200 (../lib/sctp/ogs-lksctp.c:549)
11/20 18:52:11.481: [sock] DEBUG: OLD RTO (initial:3000 max:60000 min:1000) (../lib/sctp/ogs-lksctp.c:580)
11/20 18:52:11.481: [sock] DEBUG: New RTO (initial:3000 max:5000 min:1000) (../lib/sctp/ogs-lksctp.c:596)
11/20 18:52:11.481: [sock] DEBUG: Old INITMSG (numout:10 maxin:65535 maxattempt:8 maxinit_to:60000) (../lib/sctp/ogs-lksctp.c:623)
11/20 18:52:11.481: [sock] DEBUG: New INITMSG (numout:30 maxin:65535 maxattempt:4 maxinit_to:8000) (../lib/sctp/ogs-lksctp.c:641)
11/20 18:52:11.481: [sock] DEBUG: Turn on SCTP_NODELAY (../lib/sctp/ogs-lksctp.c:650)
11/20 18:52:11.481: [sock] DEBUG: Turn on SO_REUSEADDR (../lib/core/ogs-sockopt.c:120)
11/20 18:52:11.481: [sock] DEBUG: socket bind 127.0.0.28:38412 (../lib/core/ogs-socket.c:117)
11/20 18:52:11.481: [sock] DEBUG: sctp_server() [127.0.0.28]:38412 (../lib/sctp/ogs-lksctp.c:101)
11/20 18:52:11.481: [amf] INFO: ngap_server() [127.0.0.28]:38412 (../src/amf/ngap-sctp.c:62)
11/20 18:52:11.481: [thread] DEBUG: [0x561dba24e3e0] thread started (../lib/core/ogs-thread.c:101)
11/20 18:52:11.481: [sctp] INFO: AMF initialize...done (../src/amf/app.c:33)
11/20 18:52:11.481: [thread] DEBUG: [0x561dba24e3e0] worker signal (../lib/core/ogs-thread.c:66)
11/20 18:52:11.481: [amf] DEBUG: amf_state_initial(): INIT (../src/amf/amf-sm.c:32)
11/20 18:52:11.481: [amf] DEBUG: amf_state_operational(): ENTRY (../src/amf/amf-sm.c:78)
0000: 00000604 00000000 00000300 04e200     ...............
11/20 18:52:11.481: [sbi] DEBUG: MAX_CONCURRENT_STREAMS = 100 (../lib/sbi/nghttp2-server.c:747)
11/20 18:52:11.481: [sbi] DEBUG: ENABLE_PUSH = false (../lib/sbi/nghttp2-server.c:749)
11/20 18:52:11.481: [sbi] DEBUG: STREAM added [1] (../lib/sbi/nghttp2-server.c:1122)
11/20 18:52:11.481: [sbi] DEBUG: MAX_CONCURRENT_STREAMS = 100 (../lib/sbi/nghttp2-server.c:747)
11/20 18:52:11.481: [sbi] DEBUG: ENABLE_PUSH = false (../lib/sbi/nghttp2-server.c:749)
11/20 18:52:11.481: [sbi] DEBUG: [PUT] /nnrf-nfm/v1/nf-instances/7ddada50-6947-41ed-ab85-e385b1ff7a33 (../lib/sbi/nghttp2-server.c:801)
11/20 18:52:11.481: [sbi] DEBUG: RECEIVED: 996 (../lib/sbi/nghttp2-server.c:805)
11/20 18:52:11.481: [sbi] DEBUG: {
	"nfInstanceId":	"7ddada50-6947-41ed-ab85-e385b1ff7a33",
	"nfType":	"AMF",
	"nfStatus":	"REGISTERED",
	"ipv4Addresses":	["127.0.0.5"],
	"allowedNfTypes":	["SMF", "SCP"],
	"priority":	0,
	"capacity":	100,
	"load":	0,
	"amfInfo":	{
		"amfSetId":	"001",
		"amfRegionId":	"02",
		"guamiList":	[{
				"plmnId":	{
					"mcc":	"999",
					"mnc":	"70"
				},
				"amfId":	"020040"
			}],
		"taiList":	[{
				"plmnId":	{
					"mcc":	"999",
					"mnc":	"70"
				},
				"tac":	"000001"
			}]
	},
	"nfServiceList":	{
		"7f20bdb2-6947-41ed-ab85-e385b1ff7a33":	{
			"serviceInstanceId":	"7f20bdb2-6947-41ed-ab85-e385b1ff7a33",
			"serviceName":	"namf-comm",
			"versions":	[{
					"apiVersionInUri":	"v1",
					"apiFullVersion":	"1.0.0"
				}],
			"scheme":	"http",
			"nfServiceStatus":	"REGISTERED",
			"ipEndPoints":	[{
					"ipv4Address":	"127.0.0.5",
					"port":	7777
				}],
			"allowedNfTypes":	["SMF"],
			"priority":	0,
			"capacity":	100,
			"load":	0
		}
	},
	"nfProfileChangesSupportInd":	true
} (../lib/sbi/nghttp2-server.c:806)
11/20 18:52:11.481: [nrf] DEBUG: nrf_state_operational(): OGS_EVENT_NAME_SBI_SERVER (../src/nrf/nrf-sm.c:50)
11/20 18:52:11.481: [sbi] DEBUG: ogs_sbi_nf_instance_add() (../lib/sbi/context.c:762)
11/20 18:52:11.481: [sbi] DEBUG: [REF] 1 (../lib/sbi/context.c:764)
11/20 18:52:11.481: [nrf] DEBUG: nrf_nf_state_initial(): ENTRY (../src/nrf/nf-sm.c:55)
11/20 18:52:11.481: [nrf] DEBUG: nrf_nf_state_will_register(): ENTRY (../src/nrf/nf-sm.c:93)
11/20 18:52:11.481: [nrf] DEBUG: nrf_nf_state_will_register(): OGS_EVENT_NAME_SBI_SERVER (../src/nrf/nf-sm.c:93)
11/20 18:52:11.481: [sock] DEBUG: addr:127.0.0.5, port:80 (../lib/core/ogs-sockaddr.c:140)
11/20 18:52:11.481: [sock] DEBUG: addr:127.0.0.5, port:7777 (../lib/core/ogs-sockaddr.c:140)
11/20 18:52:11.481: [sbi] DEBUG: STATUS [201] (../lib/sbi/nghttp2-server.c:357)
11/20 18:52:11.481: [sbi] DEBUG: SENDING...: 157 (../lib/sbi/nghttp2-server.c:365)
11/20 18:52:11.481: [sbi] DEBUG: {
	"nfInstanceId":	"7ddada50-6947-41ed-ab85-e385b1ff7a33",
	"nfType":	"AMF",
	"nfStatus":	"REGISTERED",
	"heartBeatTimer":	10,
	"nfProfileChangesInd":	true
} (../lib/sbi/nghttp2-server.c:366)
11/20 18:52:11.481: [sbi] DEBUG: STREAM closed [1] (../lib/sbi/nghttp2-server.c:852)
11/20 18:52:11.481: [nrf] DEBUG: nrf_nf_state_will_register(): EXIT (../src/nrf/nf-sm.c:93)
11/20 18:52:11.481: [nrf] DEBUG: nrf_nf_state_registered(): ENTRY (../src/nrf/nf-sm.c:183)
11/20 18:52:11.481: [nrf] INFO: [7ddada50-6947-41ed-ab85-e385b1ff7a33] NF registered [Heartbeat:10s] (../src/nrf/nf-sm.c:191)
11/20 18:52:11.482: [sbi] DEBUG: [POST] http://127.0.0.4:7777/nnrf-nfm/v1/nf-status-notify (../lib/sbi/client.c:625)
11/20 18:52:11.482: [sbi] DEBUG: SENDING...[932] (../lib/sbi/client.c:401)
11/20 18:52:11.482: [sbi] DEBUG: {
	"event":	"NF_REGISTERED",
	"nfInstanceUri":	"http://127.0.0.10:7777/nnrf-nfm/v1/nf-instances/7ddada50-6947-41ed-ab85-e385b1ff7a33",
	"nfProfile":	{
		"nfInstanceId":	"7ddada50-6947-41ed-ab85-e385b1ff7a33",
		"nfType":	"AMF",
		"nfStatus":	"REGISTERED",
		"heartBeatTimer":	10,
		"ipv4Addresses":	["127.0.0.5"],
		"allowedNfTypes":	["SMF", "SCP"],
		"priority":	0,
		"capacity":	100,
		"load":	0,
		"nfServiceList":	{
			"7f20bdb2-6947-41ed-ab85-e385b1ff7a33":	{
				"serviceInstanceId":	"7f20bdb2-6947-41ed-ab85-e385b1ff7a33",
				"serviceName":	"namf-comm",
				"versions":	[{
						"apiVersionInUri":	"v1",
						"apiFullVersion":	"1.0.0"
					}],
				"scheme":	"http",
				"nfServiceStatus":	"REGISTERED",
				"ipEndPoints":	[{
						"ipv4Address":	"127.0.0.5",
						"port":	7777
					}],
				"allowedNfTypes":	["SMF"],
				"priority":	0,
				"capacity":	100,
				"load":	0
			}
		},
		"nfProfileChangesSupportInd":	true
	}
} (../lib/sbi/client.c:403)
0000: 00000004 01000000 00                  .........
0000: 00006c01 04000000 01488210 03768bd5   ..l......H...v..
0010: 596a6f16 e53b8976 d76f6196 d07abe94   Yjo..;.v.oa..z..
0020: 1054d27e ea080212 8015c6c5 70215316   .T.~........p!S.
0030: 8dff0f0d 03313537 0f1fad62 aaac956a   .....157...b...j
0040: a5a58ee1 62a95635 4848ea21 50c3b248   ....b.V5HH.!P..H
0050: 3906d816 71f69d59 a0964587 1bcdac56   9...q..Y..E....V
0060: 5e6e30cb 2ba3659f 5f8b1d75 d0620d26   ^n0.+.e._..u.b.&
0070: 3d4c7441 ea                           =LtA.
11/20 18:52:11.482: [sbi] DEBUG: MAX_CONCURRENT_STREAMS = 100 (../lib/sbi/nghttp2-server.c:747)
11/20 18:52:11.482: [sbi] DEBUG: ENABLE_PUSH = false (../lib/sbi/nghttp2-server.c:749)
0000: 00009d00 01000000 017b0a09 226e6649   .........{.."nfI
0010: 6e737461 6e636549 64223a09 22376464   nstanceId":."7dd
0020: 61646135 302d3639 34372d34 3165642d   ada50-6947-41ed-
0030: 61623835 2d653338 35623166 66376133   ab85-e385b1ff7a3
0040: 33222c0a 09226e66 54797065 223a0922   3",.."nfType":."
0050: 414d4622 2c0a0922 6e665374 61747573   AMF",.."nfStatus
0060: 223a0922 52454749 53544552 4544222c   ":."REGISTERED",
0070: 0a092268 65617274 42656174 54696d65   .."heartBeatTime
0080: 72223a09 31302c0a 09226e66 50726f66   r":.10,.."nfProf
0090: 696c6543 68616e67 6573496e 64223a09   ileChangesInd":.
00a0: 74727565 0a7d                         true.}
11/20 18:52:11.482: [sbi] DEBUG: STREAM added [1] (../lib/sbi/nghttp2-server.c:1122)
11/20 18:52:11.482: [sbi] DEBUG: [POST] /nnrf-nfm/v1/nf-status-notify (../lib/sbi/nghttp2-server.c:801)
11/20 18:52:11.482: [sbi] DEBUG: RECEIVED: 932 (../lib/sbi/nghttp2-server.c:805)
11/20 18:52:11.482: [sbi] DEBUG: {
	"event":	"NF_REGISTERED",
	"nfInstanceUri":	"http://127.0.0.10:7777/nnrf-nfm/v1/nf-instances/7ddada50-6947-41ed-ab85-e385b1ff7a33",
	"nfProfile":	{
		"nfInstanceId":	"7ddada50-6947-41ed-ab85-e385b1ff7a33",
		"nfType":	"AMF",
		"nfStatus":	"REGISTERED",
		"heartBeatTimer":	10,
		"ipv4Addresses":	["127.0.0.5"],
		"allowedNfTypes":	["SMF", "SCP"],
		"priority":	0,
		"capacity":	100,
		"load":	0,
		"nfServiceList":	{
			"7f20bdb2-6947-41ed-ab85-e385b1ff7a33":	{
				"serviceInstanceId":	"7f20bdb2-6947-41ed-ab85-e385b1ff7a33",
				"serviceName":	"namf-comm",
				"versions":	[{
						"apiVersionInUri":	"v1",
						"apiFullVersion":	"1.0.0"
					}],
				"scheme":	"http",
				"nfServiceStatus":	"REGISTERED",
				"ipEndPoints":	[{
						"ipv4Address":	"127.0.0.5",
						"port":	7777
					}],
				"allowedNfTypes":	["SMF"],
				"priority":	0,
				"capacity":	100,
				"load":	0
			}
		},
		"nfProfileChangesSupportInd":	true
	}
} (../lib/sbi/nghttp2-server.c:806)
0000: 00000604 00000000 00000300 04e200     ...............
11/20 18:52:11.482: [smf] DEBUG: smf_state_operational(): OGS_EVENT_NAME_SBI_SERVER (../src/smf/smf-sm.c:83)
11/20 18:52:11.482: [sbi] DEBUG: [201:PUT] http://[::1]:7777/nnrf-nfm/v1/nf-instances/7ddada50-6947-41ed-ab85-e385b1ff7a33 (../lib/sbi/client.c:573)
11/20 18:52:11.482: [sbi] DEBUG: RECEIVED[157] (../lib/sbi/client.c:584)
11/20 18:52:11.482: [sbi] DEBUG: {
	"nfInstanceId":	"7ddada50-6947-41ed-ab85-e385b1ff7a33",
	"nfType":	"AMF",
	"nfStatus":	"REGISTERED",
	"heartBeatTimer":	10,
	"nfProfileChangesInd":	true
} (../lib/sbi/client.c:586)
11/20 18:52:11.482: [amf] DEBUG: amf_state_operational(): OGS_EVENT_NAME_SBI_CLIENT (../src/amf/amf-sm.c:78)
11/20 18:52:11.482: [sbi] DEBUG: ogs_sbi_nf_instance_add() (../lib/sbi/context.c:762)
11/20 18:52:11.482: [sbi] DEBUG: [REF] 1 (../lib/sbi/context.c:764)
11/20 18:52:11.482: [sbi] DEBUG: ogs_sbi_nf_state_initial(): ENTRY (../lib/sbi/nf-sm.c:66)
11/20 18:52:11.482: [sbi] DEBUG: ogs_sbi_nf_state_registered(): ENTRY (../lib/sbi/nf-sm.c:204)
11/20 18:52:11.482: [sbi] DEBUG: ogs_sbi_nf_state_will_register(): OGS_EVENT_NAME_SBI_CLIENT (../lib/sbi/nf-sm.c:118)
11/20 18:52:11.482: [sbi] INFO: [7ddada50-6947-41ed-ab85-e385b1ff7a33] (NRF-notify) NF registered (../lib/sbi/nnrf-handler.c:622)
11/20 18:52:11.482: [sbi] DEBUG: ogs_sbi_nf_state_will_register(): EXIT (../lib/sbi/nf-sm.c:118)
11/20 18:52:11.482: [sbi] DEBUG: ogs_sbi_nf_state_registered(): ENTRY (../lib/sbi/nf-sm.c:204)
11/20 18:52:11.482: [sbi] INFO: [7ddada50-6947-41ed-ab85-e385b1ff7a33] NF registered [Heartbeat:10s] (../lib/sbi/nf-sm.c:216)
11/20 18:52:11.482: [sock] DEBUG: addr:127.0.0.5, port:80 (../lib/core/ogs-sockaddr.c:140)
11/20 18:52:11.482: [sock] DEBUG: addr:127.0.0.5, port:7777 (../lib/core/ogs-sockaddr.c:140)
11/20 18:52:11.482: [sbi] INFO: [7ddada50-6947-41ed-ab85-e385b1ff7a33] (NRF-notify) NF Profile updated (../lib/sbi/nnrf-handler.c:632)
11/20 18:52:11.482: [sbi] DEBUG: ogs_sbi_client_add() (../lib/sbi/client.c:112)
11/20 18:52:11.482: [sbi] DEBUG: [POST] http://[::1]:7777/nnrf-nfm/v1/subscriptions (../lib/sbi/client.c:625)
11/20 18:52:11.482: [sbi] DEBUG: [REF] 1 (../lib/sbi/client.c:113)
11/20 18:52:11.482: [sbi] DEBUG: SENDING...[263] (../lib/sbi/client.c:401)
11/20 18:52:11.482: [sbi] DEBUG: {
	"nfStatusNotificationUri":	"http://127.0.0.5:7777/nnrf-nfm/v1/nf-status-notify",
	"reqNfInstanceId":	"7ddada50-6947-41ed-ab85-e385b1ff7a33",
	"subscrCond":	{
		"nfType":	"AUSF",
		"serviceName":	"nausf-auth"
	},
	"reqNfType":	"AMF",
	"requesterFeatures":	"1"
} (../lib/sbi/client.c:403)
11/20 18:52:11.482: [sbi] DEBUG: [REF] 2 (../lib/sbi/context.c:1570)
11/20 18:52:11.482: [sbi] DEBUG: ogs_sbi_client_add() (../lib/sbi/client.c:112)
11/20 18:52:11.482: [sbi] DEBUG: [REF] 1 (../lib/sbi/client.c:113)
11/20 18:52:11.482: [sbi] DEBUG: [POST] http://[::1]:7777/nnrf-nfm/v1/subscriptions (../lib/sbi/client.c:625)
11/20 18:52:11.482: [sbi] DEBUG: SENDING...[261] (../lib/sbi/client.c:401)
11/20 18:52:11.482: [sbi] DEBUG: {
	"nfStatusNotificationUri":	"http://127.0.0.5:7777/nnrf-nfm/v1/nf-status-notify",
	"reqNfInstanceId":	"7ddada50-6947-41ed-ab85-e385b1ff7a33",
	"subscrCond":	{
		"nfType":	"UDM",
		"serviceName":	"nudm-uecm"
	},
	"reqNfType":	"AMF",
	"requesterFeatures":	"1"
} (../lib/sbi/client.c:403)
11/20 18:52:11.482: [sbi] DEBUG: [REF] 2 (../lib/sbi/context.c:1482)
11/20 18:52:11.482: [sbi] DEBUG: [POST] http://[::1]:7777/nnrf-nfm/v1/subscriptions (../lib/sbi/client.c:625)
11/20 18:52:11.482: [sbi] DEBUG: STATUS [204] (../lib/sbi/nghttp2-server.c:357)
11/20 18:52:11.482: [sbi] DEBUG: SENDING...[260] (../lib/sbi/client.c:401)
11/20 18:52:11.482: [sbi] DEBUG: {
	"nfStatusNotificationUri":	"http://127.0.0.5:7777/nnrf-nfm/v1/nf-status-notify",
	"reqNfInstanceId":	"7ddada50-6947-41ed-ab85-e385b1ff7a33",
	"subscrCond":	{
		"nfType":	"UDM",
		"serviceName":	"nudm-sdm"
	},
	"reqNfType":	"AMF",
	"requesterFeatures":	"1"
} (../lib/sbi/client.c:403)
11/20 18:52:11.482: [sbi] DEBUG: STREAM closed [1] (../lib/sbi/nghttp2-server.c:852)
11/20 18:52:11.482: [sbi] DEBUG: [POST] http://[::1]:7777/nnrf-nfm/v1/subscriptions (../lib/sbi/client.c:625)
11/20 18:52:11.482: [sbi] DEBUG: SENDING...[274] (../lib/sbi/client.c:401)
11/20 18:52:11.482: [sbi] DEBUG: {
	"nfStatusNotificationUri":	"http://127.0.0.5:7777/nnrf-nfm/v1/nf-status-notify",
	"reqNfInstanceId":	"7ddada50-6947-41ed-ab85-e385b1ff7a33",
	"subscrCond":	{
		"nfType":	"PCF",
		"serviceName":	"npcf-am-policy-control"
	},
	"reqNfType":	"AMF",
	"requesterFeatures":	"1"
} (../lib/sbi/client.c:403)
11/20 18:52:11.482: [sbi] DEBUG: MAX_CONCURRENT_STREAMS = 100 (../lib/sbi/nghttp2-server.c:747)
11/20 18:52:11.482: [sbi] DEBUG: ENABLE_PUSH = false (../lib/sbi/nghttp2-server.c:749)
0000: 00000004 01000000 00                  .........
0000: 00002601 05000000 0189768b d5596a6f   ..&.......v..Yjo
0010: 16e53b89 76d76f61 96d07abe 941054d2   ..;.v.oa..z...T.
0020: 7eea0802 128015c6 c5702153 168dff     ~........p!S...
11/20 18:52:11.482: [sbi] DEBUG: [204:POST] http://127.0.0.4:7777/nnrf-nfm/v1/nf-status-notify (../lib/sbi/client.c:573)
11/20 18:52:11.482: [sbi] DEBUG: RECEIVED[0] (../lib/sbi/client.c:584)
11/20 18:52:11.483: [sbi] DEBUG: [POST] http://[::1]:7777/nnrf-nfm/v1/subscriptions (../lib/sbi/client.c:625)
11/20 18:52:11.483: [sbi] DEBUG: SENDING...[267] (../lib/sbi/client.c:401)
11/20 18:52:11.483: [sbi] DEBUG: {
	"nfStatusNotificationUri":	"http://127.0.0.5:7777/nnrf-nfm/v1/nf-status-notify",
	"reqNfInstanceId":	"7ddada50-6947-41ed-ab85-e385b1ff7a33",
	"subscrCond":	{
		"nfType":	"SMF",
		"serviceName":	"nsmf-pdusession"
	},
	"reqNfType":	"AMF",
	"requesterFeatures":	"1"
} (../lib/sbi/client.c:403)
11/20 18:52:11.483: [sbi] DEBUG: [POST] http://[::1]:7777/nnrf-nfm/v1/subscriptions (../lib/sbi/client.c:625)
11/20 18:52:11.483: [sbi] DEBUG: SENDING...[270] (../lib/sbi/client.c:401)
11/20 18:52:11.483: [sbi] DEBUG: {
	"nfStatusNotificationUri":	"http://127.0.0.5:7777/nnrf-nfm/v1/nf-status-notify",
	"reqNfInstanceId":	"7ddada50-6947-41ed-ab85-e385b1ff7a33",
	"subscrCond":	{
		"nfType":	"NSSF",
		"serviceName":	"nnssf-nsselection"
	},
	"reqNfType":	"AMF",
	"requesterFeatures":	"1"
} (../lib/sbi/client.c:403)
11/20 18:52:11.483: [sbi] DEBUG: STREAM added [3] (../lib/sbi/nghttp2-server.c:1122)
11/20 18:52:11.483: [sbi] DEBUG: [POST] /nnrf-nfm/v1/subscriptions (../lib/sbi/nghttp2-server.c:801)
11/20 18:52:11.483: [sbi] DEBUG: RECEIVED: 263 (../lib/sbi/nghttp2-server.c:805)
11/20 18:52:11.483: [sbi] DEBUG: {
	"nfStatusNotificationUri":	"http://127.0.0.5:7777/nnrf-nfm/v1/nf-status-notify",
	"reqNfInstanceId":	"7ddada50-6947-41ed-ab85-e385b1ff7a33",
	"subscrCond":	{
		"nfType":	"AUSF",
		"serviceName":	"nausf-auth"
	},
	"reqNfType":	"AMF",
	"requesterFeatures":	"1"
} (../lib/sbi/nghttp2-server.c:806)
11/20 18:52:11.483: [nrf] DEBUG: nrf_state_operational(): OGS_EVENT_NAME_SBI_SERVER (../src/nrf/nrf-sm.c:50)
11/20 18:52:11.483: [sock] DEBUG: addr:127.0.0.5, port:7777 (../lib/core/ogs-sockaddr.c:140)
11/20 18:52:11.483: [sbi] DEBUG: ogs_sbi_client_add() (../lib/sbi/client.c:112)
11/20 18:52:11.483: [sbi] DEBUG: [REF] 1 (../lib/sbi/client.c:113)
11/20 18:52:11.483: [nrf] DEBUG: [REF] 2 (../src/nrf/nnrf-handler.c:261)
11/20 18:52:11.483: [sbi] DEBUG: STATUS [201] (../lib/sbi/nghttp2-server.c:357)
11/20 18:52:11.483: [sbi] DEBUG: SENDING...: 378 (../lib/sbi/nghttp2-server.c:365)
11/20 18:52:11.483: [sbi] DEBUG: {
	"nfStatusNotificationUri":	"http://127.0.0.5:7777/nnrf-nfm/v1/nf-status-notify",
	"reqNfInstanceId":	"7ddada50-6947-41ed-ab85-e385b1ff7a33",
	"subscrCond":	{
		"nfType":	"AUSF",
		"serviceName":	"nausf-auth"
	},
	"subscriptionId":	"7f2142aa-6947-41ed-b0d0-81e95e955baa",
	"validityTime":	"2022-11-21T18:52:11.483459-08:00",
	"reqNfType":	"AMF",
	"nrfSupportedFeatures":	"1"
} (../lib/sbi/nghttp2-server.c:366)
11/20 18:52:11.483: [sbi] DEBUG: STREAM closed [3] (../lib/sbi/nghttp2-server.c:852)
0000: 00002001 04000000 03c1c0bf 0f0d0333   .. ............3
0010: 37380f1f 9362aaac 956aa5a5 8ee16116   78...b...j....a.
0020: c682586a d263d48f be                  ..Xj.c...
0000: 00017a00 01000000 037b0a09 226e6653   ..z......{.."nfS
0010: 74617475 734e6f74 69666963 6174696f   tatusNotificatio
0020: 6e557269 223a0922 68747470 3a2f2f31   nUri":."http://1
0030: 32372e30 2e302e35 3a373737 372f6e6e   27.0.0.5:7777/nn
0040: 72662d6e 666d2f76 312f6e66 2d737461   rf-nfm/v1/nf-sta
0050: 7475732d 6e6f7469 6679222c 0a092272   tus-notify",.."r
0060: 65714e66 496e7374 616e6365 4964223a   eqNfInstanceId":
0070: 09223764 64616461 35302d36 3934372d   ."7ddada50-6947-
0080: 34316564 2d616238 352d6533 38356231   41ed-ab85-e385b1
0090: 66663761 3333222c 0a092273 75627363   ff7a33",.."subsc
00a0: 72436f6e 64223a09 7b0a0909 226e6654   rCond":.{..."nfT
00b0: 79706522 3a092241 55534622 2c0a0909   ype":."AUSF",...
00c0: 22736572 76696365 4e616d65 223a0922   "serviceName":."
00d0: 6e617573 662d6175 7468220a 097d2c0a   nausf-auth"..},.
00e0: 09227375 62736372 69707469 6f6e4964   ."subscriptionId
00f0: 223a0922 37663231 34326161 2d363934   ":."7f2142aa-694
0100: 372d3431 65642d62 3064302d 38316539   7-41ed-b0d0-81e9
0110: 35653935 35626161 222c0a09 2276616c   5e955baa",.."val
0120: 69646974 7954696d 65223a09 22323032   idityTime":."202
0130: 322d3131 2d323154 31383a35 323a3131   2-11-21T18:52:11
0140: 2e343833 3435392d 30383a30 30222c0a   .483459-08:00",.
0150: 09227265 714e6654 79706522 3a092241   ."reqNfType":."A
0160: 4d46222c 0a09226e 72665375 70706f72   MF",.."nrfSuppor
0170: 74656446 65617475 72657322 3a092231   tedFeatures":."1
0180: 220a7d                                ".}
0000: 00000604 00000000 00000300 04e200     ...............
11/20 18:52:11.483: [sbi] DEBUG: MAX_CONCURRENT_STREAMS = 100 (../lib/sbi/nghttp2-server.c:747)
11/20 18:52:11.483: [sbi] DEBUG: ENABLE_PUSH = false (../lib/sbi/nghttp2-server.c:749)
11/20 18:52:11.483: [sbi] DEBUG: STREAM added [1] (../lib/sbi/nghttp2-server.c:1122)
11/20 18:52:11.483: [sbi] DEBUG: MAX_CONCURRENT_STREAMS = 100 (../lib/sbi/nghttp2-server.c:747)
11/20 18:52:11.483: [sbi] DEBUG: ENABLE_PUSH = false (../lib/sbi/nghttp2-server.c:749)
11/20 18:52:11.483: [sbi] DEBUG: [POST] /nnrf-nfm/v1/subscriptions (../lib/sbi/nghttp2-server.c:801)
11/20 18:52:11.483: [sbi] DEBUG: RECEIVED: 261 (../lib/sbi/nghttp2-server.c:805)
11/20 18:52:11.483: [sbi] DEBUG: {
	"nfStatusNotificationUri":	"http://127.0.0.5:7777/nnrf-nfm/v1/nf-status-notify",
	"reqNfInstanceId":	"7ddada50-6947-41ed-ab85-e385b1ff7a33",
	"subscrCond":	{
		"nfType":	"UDM",
		"serviceName":	"nudm-uecm"
	},
	"reqNfType":	"AMF",
	"requesterFeatures":	"1"
} (../lib/sbi/nghttp2-server.c:806)
11/20 18:52:11.483: [nrf] DEBUG: nrf_state_operational(): OGS_EVENT_NAME_SBI_SERVER (../src/nrf/nrf-sm.c:50)
11/20 18:52:11.484: [sock] DEBUG: addr:127.0.0.5, port:7777 (../lib/core/ogs-sockaddr.c:140)
11/20 18:52:11.484: [nrf] DEBUG: [REF] 3 (../src/nrf/nnrf-handler.c:261)
11/20 18:52:11.484: [sbi] DEBUG: STATUS [201] (../lib/sbi/nghttp2-server.c:357)
11/20 18:52:11.484: [sbi] DEBUG: SENDING...: 376 (../lib/sbi/nghttp2-server.c:365)
11/20 18:52:11.484: [sbi] DEBUG: {
	"nfStatusNotificationUri":	"http://127.0.0.5:7777/nnrf-nfm/v1/nf-status-notify",
	"reqNfInstanceId":	"7ddada50-6947-41ed-ab85-e385b1ff7a33",
	"subscrCond":	{
		"nfType":	"UDM",
		"serviceName":	"nudm-uecm"
	},
	"subscriptionId":	"7f215a2e-6947-41ed-b0d0-81e95e955baa",
	"validityTime":	"2022-11-21T18:52:11.484033-08:00",
	"reqNfType":	"AMF",
	"nrfSupportedFeatures":	"1"
} (../lib/sbi/nghttp2-server.c:366)
11/20 18:52:11.484: [sbi] DEBUG: STREAM closed [1] (../lib/sbi/nghttp2-server.c:852)
0000: 00000004 01000000 00                  .........
0000: 00005201 04000000 01488210 03768bd5   ..R......H...v..
0010: 596a6f16 e53b8976 d76f6196 d07abe94   Yjo..;.v.oa..z..
0020: 1054d27e ea080212 8015c6c5 70215316   .T.~........p!S.
0030: 8dff0f0d 03333736 5f8b1d75 d0620d26   .....376_..u.b.&
0040: 3d4c7441 ea0f1f93 62aaac95 6aa5a58e   =LtA....b...j...
0050: e16116c6 82586ad2 63d48f              .a...Xj.c..
0000: 00017800 01000000 017b0a09 226e6653   ..x......{.."nfS
0010: 74617475 734e6f74 69666963 6174696f   tatusNotificatio
0020: 6e557269 223a0922 68747470 3a2f2f31   nUri":."http://1
0030: 32372e30 2e302e35 3a373737 372f6e6e   27.0.0.5:7777/nn
0040: 72662d6e 666d2f76 312f6e66 2d737461   rf-nfm/v1/nf-sta
0050: 7475732d 6e6f7469 6679222c 0a092272   tus-notify",.."r
0060: 65714e66 496e7374 616e6365 4964223a   eqNfInstanceId":
0070: 09223764 64616461 35302d36 3934372d   ."7ddada50-6947-
0080: 34316564 2d616238 352d6533 38356231   41ed-ab85-e385b1
0090: 66663761 3333222c 0a092273 75627363   ff7a33",.."subsc
00a0: 72436f6e 64223a09 7b0a0909 226e6654   rCond":.{..."nfT
00b0: 79706522 3a092255 444d222c 0a090922   ype":."UDM",..."
00c0: 73657276 6963654e 616d6522 3a09226e   serviceName":."n
00d0: 75646d2d 7565636d 220a097d 2c0a0922   udm-uecm"..},.."
00e0: 73756273 63726970 74696f6e 4964223a   subscriptionId":
00f0: 09223766 32313561 32652d36 3934372d   ."7f215a2e-6947-
0100: 34316564 2d623064 302d3831 65393565   41ed-b0d0-81e95e
0110: 39353562 6161222c 0a092276 616c6964   955baa",.."valid
0120: 69747954 696d6522 3a092232 3032322d   ityTime":."2022-
0130: 31312d32 31543138 3a35323a 31312e34   11-21T18:52:11.4
0140: 38343033 332d3038 3a303022 2c0a0922   84033-08:00",.."
0150: 7265714e 66547970 65223a09 22414d46   reqNfType":."AMF
0160: 222c0a09 226e7266 53757070 6f727465   ",.."nrfSupporte
0170: 64466561 74757265 73223a09 2231220a   dFeatures":."1".
0180: 7d                                    }
11/20 18:52:11.484: [sbi] DEBUG: STREAM added [3] (../lib/sbi/nghttp2-server.c:1122)
11/20 18:52:11.484: [sbi] DEBUG: [POST] /nnrf-nfm/v1/subscriptions (../lib/sbi/nghttp2-server.c:801)
11/20 18:52:11.484: [sbi] DEBUG: RECEIVED: 260 (../lib/sbi/nghttp2-server.c:805)
11/20 18:52:11.484: [sbi] DEBUG: {
	"nfStatusNotificationUri":	"http://127.0.0.5:7777/nnrf-nfm/v1/nf-status-notify",
	"reqNfInstanceId":	"7ddada50-6947-41ed-ab85-e385b1ff7a33",
	"subscrCond":	{
		"nfType":	"UDM",
		"serviceName":	"nudm-sdm"
	},
	"reqNfType":	"AMF",
	"requesterFeatures":	"1"
} (../lib/sbi/nghttp2-server.c:806)
11/20 18:52:11.484: [nrf] DEBUG: nrf_state_operational(): OGS_EVENT_NAME_SBI_SERVER (../src/nrf/nrf-sm.c:50)
11/20 18:52:11.484: [sock] DEBUG: addr:127.0.0.5, port:7777 (../lib/core/ogs-sockaddr.c:140)
11/20 18:52:11.484: [nrf] DEBUG: [REF] 4 (../src/nrf/nnrf-handler.c:261)
11/20 18:52:11.484: [sbi] DEBUG: STATUS [201] (../lib/sbi/nghttp2-server.c:357)
11/20 18:52:11.484: [sbi] DEBUG: SENDING...: 375 (../lib/sbi/nghttp2-server.c:365)
11/20 18:52:11.484: [sbi] DEBUG: {
	"nfStatusNotificationUri":	"http://127.0.0.5:7777/nnrf-nfm/v1/nf-status-notify",
	"reqNfInstanceId":	"7ddada50-6947-41ed-ab85-e385b1ff7a33",
	"subscrCond":	{
		"nfType":	"UDM",
		"serviceName":	"nudm-sdm"
	},
	"subscriptionId":	"7f21699c-6947-41ed-b0d0-81e95e955baa",
	"validityTime":	"2022-11-21T18:52:11.484427-08:00",
	"reqNfType":	"AMF",
	"nrfSupportedFeatures":	"1"
} (../lib/sbi/nghttp2-server.c:366)
11/20 18:52:11.484: [sbi] DEBUG: STREAM closed [3] (../lib/sbi/nghttp2-server.c:852)
0000: 00002001 04000000 03c1c0bf 0f0d0333   .. ............3
0010: 37350f1f 9362aaac 956aa5a5 8ee16116   75...b...j....a.
0020: c682586a d263d48f be                  ..Xj.c...
0000: 00017700 01000000 037b0a09 226e6653   ..w......{.."nfS
0010: 74617475 734e6f74 69666963 6174696f   tatusNotificatio
0020: 6e557269 223a0922 68747470 3a2f2f31   nUri":."http://1
0030: 32372e30 2e302e35 3a373737 372f6e6e   27.0.0.5:7777/nn
0040: 72662d6e 666d2f76 312f6e66 2d737461   rf-nfm/v1/nf-sta
0050: 7475732d 6e6f7469 6679222c 0a092272   tus-notify",.."r
0060: 65714e66 496e7374 616e6365 4964223a   eqNfInstanceId":
0070: 09223764 64616461 35302d36 3934372d   ."7ddada50-6947-
0080: 34316564 2d616238 352d6533 38356231   41ed-ab85-e385b1
0090: 66663761 3333222c 0a092273 75627363   ff7a33",.."subsc
00a0: 72436f6e 64223a09 7b0a0909 226e6654   rCond":.{..."nfT
00b0: 79706522 3a092255 444d222c 0a090922   ype":."UDM",..."
00c0: 73657276 6963654e 616d6522 3a09226e   serviceName":."n
00d0: 75646d2d 73646d22 0a097d2c 0a092273   udm-sdm"..},.."s
00e0: 75627363 72697074 696f6e49 64223a09   ubscriptionId":.
00f0: 22376632 31363939 632d3639 34372d34   "7f21699c-6947-4
0100: 3165642d 62306430 2d383165 39356539   1ed-b0d0-81e95e9
0110: 35356261 61222c0a 09227661 6c696469   55baa",.."validi
0120: 74795469 6d65223a 09223230 32322d31   tyTime":."2022-1
0130: 312d3231 5431383a 35323a31 312e3438   1-21T18:52:11.48
0140: 34343237 2d30383a 3030222c 0a092272   4427-08:00",.."r
0150: 65714e66 54797065 223a0922 414d4622   eqNfType":."AMF"
0160: 2c0a0922 6e726653 7570706f 72746564   ,.."nrfSupported
0170: 46656174 75726573 223a0922 31220a7d   Features":."1".}
0000: 00000604 00000000 00000300 04e200     ...............
11/20 18:52:11.484: [sbi] DEBUG: MAX_CONCURRENT_STREAMS = 100 (../lib/sbi/nghttp2-server.c:747)
11/20 18:52:11.484: [sbi] DEBUG: ENABLE_PUSH = false (../lib/sbi/nghttp2-server.c:749)
11/20 18:52:11.484: [sbi] DEBUG: STREAM added [1] (../lib/sbi/nghttp2-server.c:1122)
11/20 18:52:11.484: [sbi] DEBUG: MAX_CONCURRENT_STREAMS = 100 (../lib/sbi/nghttp2-server.c:747)
11/20 18:52:11.484: [sbi] DEBUG: ENABLE_PUSH = false (../lib/sbi/nghttp2-server.c:749)
11/20 18:52:11.484: [sbi] DEBUG: [POST] /nnrf-nfm/v1/subscriptions (../lib/sbi/nghttp2-server.c:801)
11/20 18:52:11.484: [sbi] DEBUG: RECEIVED: 274 (../lib/sbi/nghttp2-server.c:805)
11/20 18:52:11.484: [sbi] DEBUG: {
	"nfStatusNotificationUri":	"http://127.0.0.5:7777/nnrf-nfm/v1/nf-status-notify",
	"reqNfInstanceId":	"7ddada50-6947-41ed-ab85-e385b1ff7a33",
	"subscrCond":	{
		"nfType":	"PCF",
		"serviceName":	"npcf-am-policy-control"
	},
	"reqNfType":	"AMF",
	"requesterFeatures":	"1"
} (../lib/sbi/nghttp2-server.c:806)
11/20 18:52:11.484: [nrf] DEBUG: nrf_state_operational(): OGS_EVENT_NAME_SBI_SERVER (../src/nrf/nrf-sm.c:50)
11/20 18:52:11.485: [sock] DEBUG: addr:127.0.0.5, port:7777 (../lib/core/ogs-sockaddr.c:140)
11/20 18:52:11.485: [nrf] DEBUG: [REF] 5 (../src/nrf/nnrf-handler.c:261)
11/20 18:52:11.485: [sbi] DEBUG: STATUS [201] (../lib/sbi/nghttp2-server.c:357)
11/20 18:52:11.485: [sbi] DEBUG: SENDING...: 389 (../lib/sbi/nghttp2-server.c:365)
11/20 18:52:11.485: [sbi] DEBUG: {
	"nfStatusNotificationUri":	"http://127.0.0.5:7777/nnrf-nfm/v1/nf-status-notify",
	"reqNfInstanceId":	"7ddada50-6947-41ed-ab85-e385b1ff7a33",
	"subscrCond":	{
		"nfType":	"PCF",
		"serviceName":	"npcf-am-policy-control"
	},
	"subscriptionId":	"7f218062-6947-41ed-b0d0-81e95e955baa",
	"validityTime":	"2022-11-21T18:52:11.485011-08:00",
	"reqNfType":	"AMF",
	"nrfSupportedFeatures":	"1"
} (../lib/sbi/nghttp2-server.c:366)
11/20 18:52:11.485: [sbi] DEBUG: STREAM closed [1] (../lib/sbi/nghttp2-server.c:852)
0000: 00000004 01000000 00                  .........
0000: 00005201 04000000 01488210 03768bd5   ..R......H...v..
0010: 596a6f16 e53b8976 d76f6196 d07abe94   Yjo..;.v.oa..z..
0020: 1054d27e ea080212 8015c6c5 70215316   .T.~........p!S.
0030: 8dff0f0d 03333839 0f1f9362 aaac956a   .....389...b...j
0040: a5a58ee1 6116c682 586ad263 d48f5f8b   ....a...Xj.c.._.
0050: 1d75d062 0d263d4c 7441ea              .u.b.&=LtA.
0000: 00018500 01000000 017b0a09 226e6653   .........{.."nfS
0010: 74617475 734e6f74 69666963 6174696f   tatusNotificatio
0020: 6e557269 223a0922 68747470 3a2f2f31   nUri":."http://1
0030: 32372e30 2e302e35 3a373737 372f6e6e   27.0.0.5:7777/nn
0040: 72662d6e 666d2f76 312f6e66 2d737461   rf-nfm/v1/nf-sta
0050: 7475732d 6e6f7469 6679222c 0a092272   tus-notify",.."r
0060: 65714e66 496e7374 616e6365 4964223a   eqNfInstanceId":
0070: 09223764 64616461 35302d36 3934372d   ."7ddada50-6947-
0080: 34316564 2d616238 352d6533 38356231   41ed-ab85-e385b1
0090: 66663761 3333222c 0a092273 75627363   ff7a33",.."subsc
00a0: 72436f6e 64223a09 7b0a0909 226e6654   rCond":.{..."nfT
00b0: 79706522 3a092250 4346222c 0a090922   ype":."PCF",..."
00c0: 73657276 6963654e 616d6522 3a09226e   serviceName":."n
00d0: 7063662d 616d2d70 6f6c6963 792d636f   pcf-am-policy-co
00e0: 6e74726f 6c220a09 7d2c0a09 22737562   ntrol"..},.."sub
00f0: 73637269 7074696f 6e496422 3a092237   scriptionId":."7
0100: 66323138 3036322d 36393437 2d343165   f218062-6947-41e
0110: 642d6230 64302d38 31653935 65393535   d-b0d0-81e95e955
0120: 62616122 2c0a0922 76616c69 64697479   baa",.."validity
0130: 54696d65 223a0922 32303232 2d31312d   Time":."2022-11-
0140: 32315431 383a3532 3a31312e 34383530   21T18:52:11.4850
0150: 31312d30 383a3030 222c0a09 22726571   11-08:00",.."req
0160: 4e665479 7065223a 0922414d 46222c0a   NfType":."AMF",.
0170: 09226e72 66537570 706f7274 65644665   ."nrfSupportedFe
0180: 61747572 6573223a 09223122 0a7d       atures":."1".}
11/20 18:52:11.485: [sbi] DEBUG: STREAM added [3] (../lib/sbi/nghttp2-server.c:1122)
11/20 18:52:11.485: [sbi] DEBUG: [POST] /nnrf-nfm/v1/subscriptions (../lib/sbi/nghttp2-server.c:801)
11/20 18:52:11.485: [sbi] DEBUG: RECEIVED: 267 (../lib/sbi/nghttp2-server.c:805)
11/20 18:52:11.485: [sbi] DEBUG: {
	"nfStatusNotificationUri":	"http://127.0.0.5:7777/nnrf-nfm/v1/nf-status-notify",
	"reqNfInstanceId":	"7ddada50-6947-41ed-ab85-e385b1ff7a33",
	"subscrCond":	{
		"nfType":	"SMF",
		"serviceName":	"nsmf-pdusession"
	},
	"reqNfType":	"AMF",
	"requesterFeatures":	"1"
} (../lib/sbi/nghttp2-server.c:806)
11/20 18:52:11.485: [nrf] DEBUG: nrf_state_operational(): OGS_EVENT_NAME_SBI_SERVER (../src/nrf/nrf-sm.c:50)
11/20 18:52:11.485: [sock] DEBUG: addr:127.0.0.5, port:7777 (../lib/core/ogs-sockaddr.c:140)
11/20 18:52:11.485: [nrf] DEBUG: [REF] 6 (../src/nrf/nnrf-handler.c:261)
11/20 18:52:11.485: [sbi] DEBUG: STATUS [201] (../lib/sbi/nghttp2-server.c:357)
11/20 18:52:11.485: [sbi] DEBUG: SENDING...: 382 (../lib/sbi/nghttp2-server.c:365)
11/20 18:52:11.485: [sbi] DEBUG: {
	"nfStatusNotificationUri":	"http://127.0.0.5:7777/nnrf-nfm/v1/nf-status-notify",
	"reqNfInstanceId":	"7ddada50-6947-41ed-ab85-e385b1ff7a33",
	"subscrCond":	{
		"nfType":	"SMF",
		"serviceName":	"nsmf-pdusession"
	},
	"subscriptionId":	"7f21900c-6947-41ed-b0d0-81e95e955baa",
	"validityTime":	"2022-11-21T18:52:11.485409-08:00",
	"reqNfType":	"AMF",
	"nrfSupportedFeatures":	"1"
} (../lib/sbi/nghttp2-server.c:366)
11/20 18:52:11.485: [sbi] DEBUG: STREAM closed [3] (../lib/sbi/nghttp2-server.c:852)
0000: 00002001 04000000 03c1c0bf 0f0d0333   .. ............3
0010: 38320f1f 9362aaac 956aa5a5 8ee16116   82...b...j....a.
0020: c682586a d263d48f be                  ..Xj.c...
0000: 00017e00 01000000 037b0a09 226e6653   ..~......{.."nfS
0010: 74617475 734e6f74 69666963 6174696f   tatusNotificatio
0020: 6e557269 223a0922 68747470 3a2f2f31   nUri":."http://1
0030: 32372e30 2e302e35 3a373737 372f6e6e   27.0.0.5:7777/nn
0040: 72662d6e 666d2f76 312f6e66 2d737461   rf-nfm/v1/nf-sta
0050: 7475732d 6e6f7469 6679222c 0a092272   tus-notify",.."r
0060: 65714e66 496e7374 616e6365 4964223a   eqNfInstanceId":
0070: 09223764 64616461 35302d36 3934372d   ."7ddada50-6947-
0080: 34316564 2d616238 352d6533 38356231   41ed-ab85-e385b1
0090: 66663761 3333222c 0a092273 75627363   ff7a33",.."subsc
00a0: 72436f6e 64223a09 7b0a0909 226e6654   rCond":.{..."nfT
00b0: 79706522 3a092253 4d46222c 0a090922   ype":."SMF",..."
00c0: 73657276 6963654e 616d6522 3a09226e   serviceName":."n
00d0: 736d662d 70647573 65737369 6f6e220a   smf-pdusession".
00e0: 097d2c0a 09227375 62736372 69707469   .},.."subscripti
00f0: 6f6e4964 223a0922 37663231 39303063   onId":."7f21900c
0100: 2d363934 372d3431 65642d62 3064302d   -6947-41ed-b0d0-
0110: 38316539 35653935 35626161 222c0a09   81e95e955baa",..
0120: 2276616c 69646974 7954696d 65223a09   "validityTime":.
0130: 22323032 322d3131 2d323154 31383a35   "2022-11-21T18:5
0140: 323a3131 2e343835 3430392d 30383a30   2:11.485409-08:0
0150: 30222c0a 09227265 714e6654 79706522   0",.."reqNfType"
0160: 3a092241 4d46222c 0a09226e 72665375   :."AMF",.."nrfSu
0170: 70706f72 74656446 65617475 72657322   pportedFeatures"
0180: 3a092231 220a7d                       :."1".}
0000: 00000604 00000000 00000300 04e200     ...............
11/20 18:52:11.485: [sbi] DEBUG: MAX_CONCURRENT_STREAMS = 100 (../lib/sbi/nghttp2-server.c:747)
11/20 18:52:11.485: [sbi] DEBUG: ENABLE_PUSH = false (../lib/sbi/nghttp2-server.c:749)
11/20 18:52:11.485: [sbi] DEBUG: STREAM added [1] (../lib/sbi/nghttp2-server.c:1122)
11/20 18:52:11.485: [sbi] DEBUG: MAX_CONCURRENT_STREAMS = 100 (../lib/sbi/nghttp2-server.c:747)
11/20 18:52:11.485: [sbi] DEBUG: ENABLE_PUSH = false (../lib/sbi/nghttp2-server.c:749)
11/20 18:52:11.485: [sbi] DEBUG: [POST] /nnrf-nfm/v1/subscriptions (../lib/sbi/nghttp2-server.c:801)
11/20 18:52:11.485: [sbi] DEBUG: RECEIVED: 270 (../lib/sbi/nghttp2-server.c:805)
11/20 18:52:11.485: [sbi] DEBUG: {
	"nfStatusNotificationUri":	"http://127.0.0.5:7777/nnrf-nfm/v1/nf-status-notify",
	"reqNfInstanceId":	"7ddada50-6947-41ed-ab85-e385b1ff7a33",
	"subscrCond":	{
		"nfType":	"NSSF",
		"serviceName":	"nnssf-nsselection"
	},
	"reqNfType":	"AMF",
	"requesterFeatures":	"1"
} (../lib/sbi/nghttp2-server.c:806)
11/20 18:52:11.485: [nrf] DEBUG: nrf_state_operational(): OGS_EVENT_NAME_SBI_SERVER (../src/nrf/nrf-sm.c:50)
11/20 18:52:11.486: [sock] DEBUG: addr:127.0.0.5, port:7777 (../lib/core/ogs-sockaddr.c:140)
11/20 18:52:11.486: [nrf] DEBUG: [REF] 7 (../src/nrf/nnrf-handler.c:261)
11/20 18:52:11.486: [sbi] DEBUG: STATUS [201] (../lib/sbi/nghttp2-server.c:357)
11/20 18:52:11.486: [sbi] DEBUG: SENDING...: 385 (../lib/sbi/nghttp2-server.c:365)
11/20 18:52:11.486: [sbi] DEBUG: {
	"nfStatusNotificationUri":	"http://127.0.0.5:7777/nnrf-nfm/v1/nf-status-notify",
	"reqNfInstanceId":	"7ddada50-6947-41ed-ab85-e385b1ff7a33",
	"subscrCond":	{
		"nfType":	"NSSF",
		"serviceName":	"nnssf-nsselection"
	},
	"subscriptionId":	"7f21a81c-6947-41ed-b0d0-81e95e955baa",
	"validityTime":	"2022-11-21T18:52:11.486030-08:00",
	"reqNfType":	"AMF",
	"nrfSupportedFeatures":	"1"
} (../lib/sbi/nghttp2-server.c:366)
11/20 18:52:11.486: [sbi] DEBUG: STREAM closed [1] (../lib/sbi/nghttp2-server.c:852)
0000: 00000004 01000000 00                  .........
0000: 00005201 04000000 01488210 03768bd5   ..R......H...v..
0010: 596a6f16 e53b8976 d76f6196 d07abe94   Yjo..;.v.oa..z..
0020: 1054d27e ea080212 8015c6c5 70215316   .T.~........p!S.
0030: 8dff0f0d 03333835 0f1f9362 aaac956a   .....385...b...j
0040: a5a58ee1 6116c682 586ad263 d48f5f8b   ....a...Xj.c.._.
0050: 1d75d062 0d263d4c 7441ea              .u.b.&=LtA.
0000: 00018100 01000000 017b0a09 226e6653   .........{.."nfS
0010: 74617475 734e6f74 69666963 6174696f   tatusNotificatio
0020: 6e557269 223a0922 68747470 3a2f2f31   nUri":."http://1
0030: 32372e30 2e302e35 3a373737 372f6e6e   27.0.0.5:7777/nn
0040: 72662d6e 666d2f76 312f6e66 2d737461   rf-nfm/v1/nf-sta
0050: 7475732d 6e6f7469 6679222c 0a092272   tus-notify",.."r
0060: 65714e66 496e7374 616e6365 4964223a   eqNfInstanceId":
0070: 09223764 64616461 35302d36 3934372d   ."7ddada50-6947-
0080: 34316564 2d616238 352d6533 38356231   41ed-ab85-e385b1
0090: 66663761 3333222c 0a092273 75627363   ff7a33",.."subsc
00a0: 72436f6e 64223a09 7b0a0909 226e6654   rCond":.{..."nfT
00b0: 79706522 3a09224e 53534622 2c0a0909   ype":."NSSF",...
00c0: 22736572 76696365 4e616d65 223a0922   "serviceName":."
00d0: 6e6e7373 662d6e73 73656c65 6374696f   nnssf-nsselectio
00e0: 6e220a09 7d2c0a09 22737562 73637269   n"..},.."subscri
00f0: 7074696f 6e496422 3a092237 66323161   ptionId":."7f21a
0100: 3831632d 36393437 2d343165 642d6230   81c-6947-41ed-b0
0110: 64302d38 31653935 65393535 62616122   d0-81e95e955baa"
0120: 2c0a0922 76616c69 64697479 54696d65   ,.."validityTime
0130: 223a0922 32303232 2d31312d 32315431   ":."2022-11-21T1
0140: 383a3532 3a31312e 34383630 33302d30   8:52:11.486030-0
0150: 383a3030 222c0a09 22726571 4e665479   8:00",.."reqNfTy
0160: 7065223a 0922414d 46222c0a 09226e72   pe":."AMF",.."nr
0170: 66537570 706f7274 65644665 61747572   fSupportedFeatur
0180: 6573223a 09223122 0a7d                es":."1".}
11/20 18:52:11.486: [sbi] DEBUG: [201:POST] http://[::1]:7777/nnrf-nfm/v1/subscriptions (../lib/sbi/client.c:573)
11/20 18:52:11.486: [sbi] DEBUG: RECEIVED[376] (../lib/sbi/client.c:584)
11/20 18:52:11.486: [sbi] DEBUG: {
	"nfStatusNotificationUri":	"http://127.0.0.5:7777/nnrf-nfm/v1/nf-status-notify",
	"reqNfInstanceId":	"7ddada50-6947-41ed-ab85-e385b1ff7a33",
	"subscrCond":	{
		"nfType":	"UDM",
		"serviceName":	"nudm-uecm"
	},
	"subscriptionId":	"7f215a2e-6947-41ed-b0d0-81e95e955baa",
	"validityTime":	"2022-11-21T18:52:11.484033-08:00",
	"reqNfType":	"AMF",
	"nrfSupportedFeatures":	"1"
} (../lib/sbi/client.c:586)
11/20 18:52:11.486: [sbi] DEBUG: [201:POST] http://[::1]:7777/nnrf-nfm/v1/subscriptions (../lib/sbi/client.c:573)
11/20 18:52:11.486: [sbi] DEBUG: RECEIVED[389] (../lib/sbi/client.c:584)
11/20 18:52:11.486: [sbi] DEBUG: {
	"nfStatusNotificationUri":	"http://127.0.0.5:7777/nnrf-nfm/v1/nf-status-notify",
	"reqNfInstanceId":	"7ddada50-6947-41ed-ab85-e385b1ff7a33",
	"subscrCond":	{
		"nfType":	"PCF",
		"serviceName":	"npcf-am-policy-control"
	},
	"subscriptionId":	"7f218062-6947-41ed-b0d0-81e95e955baa",
	"validityTime":	"2022-11-21T18:52:11.485011-08:00",
	"reqNfType":	"AMF",
	"nrfSupportedFeatures":	"1"
} (../lib/sbi/client.c:586)
11/20 18:52:11.486: [sbi] DEBUG: [201:POST] http://[::1]:7777/nnrf-nfm/v1/subscriptions (../lib/sbi/client.c:573)
11/20 18:52:11.486: [sbi] DEBUG: RECEIVED[385] (../lib/sbi/client.c:584)
11/20 18:52:11.486: [sbi] DEBUG: {
	"nfStatusNotificationUri":	"http://127.0.0.5:7777/nnrf-nfm/v1/nf-status-notify",
	"reqNfInstanceId":	"7ddada50-6947-41ed-ab85-e385b1ff7a33",
	"subscrCond":	{
		"nfType":	"NSSF",
		"serviceName":	"nnssf-nsselection"
	},
	"subscriptionId":	"7f21a81c-6947-41ed-b0d0-81e95e955baa",
	"validityTime":	"2022-11-21T18:52:11.486030-08:00",
	"reqNfType":	"AMF",
	"nrfSupportedFeatures":	"1"
} (../lib/sbi/client.c:586)
11/20 18:52:11.486: [amf] DEBUG: amf_state_operational(): OGS_EVENT_NAME_SBI_CLIENT (../src/amf/amf-sm.c:78)
11/20 18:52:11.486: [amf] DEBUG: amf_state_operational(): OGS_EVENT_NAME_SBI_CLIENT (../src/amf/amf-sm.c:78)
11/20 18:52:11.486: [amf] DEBUG: amf_state_operational(): OGS_EVENT_NAME_SBI_CLIENT (../src/amf/amf-sm.c:78)
11/20 18:52:11.486: [sbi] DEBUG: [201:POST] http://[::1]:7777/nnrf-nfm/v1/subscriptions (../lib/sbi/client.c:573)
11/20 18:52:11.486: [sbi] DEBUG: RECEIVED[378] (../lib/sbi/client.c:584)
11/20 18:52:11.486: [sbi] DEBUG: {
	"nfStatusNotificationUri":	"http://127.0.0.5:7777/nnrf-nfm/v1/nf-status-notify",
	"reqNfInstanceId":	"7ddada50-6947-41ed-ab85-e385b1ff7a33",
	"subscrCond":	{
		"nfType":	"AUSF",
		"serviceName":	"nausf-auth"
	},
	"subscriptionId":	"7f2142aa-6947-41ed-b0d0-81e95e955baa",
	"validityTime":	"2022-11-21T18:52:11.483459-08:00",
	"reqNfType":	"AMF",
	"nrfSupportedFeatures":	"1"
} (../lib/sbi/client.c:586)
11/20 18:52:11.486: [sbi] DEBUG: [201:POST] http://[::1]:7777/nnrf-nfm/v1/subscriptions (../lib/sbi/client.c:573)
11/20 18:52:11.486: [sbi] DEBUG: RECEIVED[375] (../lib/sbi/client.c:584)
11/20 18:52:11.486: [sbi] DEBUG: {
	"nfStatusNotificationUri":	"http://127.0.0.5:7777/nnrf-nfm/v1/nf-status-notify",
	"reqNfInstanceId":	"7ddada50-6947-41ed-ab85-e385b1ff7a33",
	"subscrCond":	{
		"nfType":	"UDM",
		"serviceName":	"nudm-sdm"
	},
	"subscriptionId":	"7f21699c-6947-41ed-b0d0-81e95e955baa",
	"validityTime":	"2022-11-21T18:52:11.484427-08:00",
	"reqNfType":	"AMF",
	"nrfSupportedFeatures":	"1"
} (../lib/sbi/client.c:586)
11/20 18:52:11.486: [sbi] DEBUG: [201:POST] http://[::1]:7777/nnrf-nfm/v1/subscriptions (../lib/sbi/client.c:573)
11/20 18:52:11.486: [sbi] DEBUG: RECEIVED[382] (../lib/sbi/client.c:584)
11/20 18:52:11.486: [sbi] DEBUG: {
	"nfStatusNotificationUri":	"http://127.0.0.5:7777/nnrf-nfm/v1/nf-status-notify",
	"reqNfInstanceId":	"7ddada50-6947-41ed-ab85-e385b1ff7a33",
	"subscrCond":	{
		"nfType":	"SMF",
		"serviceName":	"nsmf-pdusession"
	},
	"subscriptionId":	"7f21900c-6947-41ed-b0d0-81e95e955baa",
	"validityTime":	"2022-11-21T18:52:11.485409-08:00",
	"reqNfType":	"AMF",
	"nrfSupportedFeatures":	"1"
} (../lib/sbi/client.c:586)
11/20 18:52:11.486: [amf] DEBUG: amf_state_operational(): OGS_EVENT_NAME_SBI_CLIENT (../src/amf/amf-sm.c:78)
11/20 18:52:11.486: [amf] DEBUG: amf_state_operational(): OGS_EVENT_NAME_SBI_CLIENT (../src/amf/amf-sm.c:78)
11/20 18:52:11.486: [amf] DEBUG: amf_state_operational(): OGS_EVENT_NAME_SBI_CLIENT (../src/amf/amf-sm.c:78)
11/20 18:52:11.881: [pfcp] DEBUG: [1] LOCAL  Response Timeout for step 1 type 5 peer [127.0.0.4]:8805 (../lib/pfcp/xact.c:596)
11/20 18:52:11.882: [smf] DEBUG: smf_state_operational(): SMF_EVT_N4_MESSAGE (../src/smf/smf-sm.c:83)
11/20 18:52:11.882: [pfcp] DEBUG: [1] Cannot find xact type 5 from PFCP peer [127.0.0.7]:8805 (../lib/pfcp/xact.c:797)
11/20 18:52:11.882: [pfcp] DEBUG: [1] REMOTE Create  peer [127.0.0.7]:8805 (../lib/pfcp/xact.c:159)
11/20 18:52:11.882: [pfcp] DEBUG: [1] REMOTE Receive peer [127.0.0.7]:8805 (../lib/pfcp/xact.c:704)
11/20 18:52:11.882: [pfcp] DEBUG: [1] REMOTE UPD RX-5  peer [127.0.0.7]:8805 (../lib/pfcp/xact.c:298)
11/20 18:52:11.882: [smf] DEBUG: smf_pfcp_state_associated(): SMF_EVT_N4_MESSAGE (../src/smf/pfcp-sm.c:165)
11/20 18:52:11.882: [smf] WARNING: PFCP[REQ] has already been associated [127.0.0.7]:8805 (../src/smf/pfcp-sm.c:219)
11/20 18:52:11.882: [pfcp] DEBUG: Association Setup Response (../lib/pfcp/build.c:97)
11/20 18:52:11.882: [pfcp] DEBUG: [1] REMOTE UPD TX-6  peer [127.0.0.7]:8805 (../lib/pfcp/xact.c:197)
11/20 18:52:11.882: [pfcp] DEBUG: [1] REMOTE Commit  peer [127.0.0.7]:8805 (../lib/pfcp/xact.c:475)
11/20 18:52:11.882: [upf] DEBUG: upf_state_operational(): UPF_EVT_N4_MESSAGE (../src/upf/upf-sm.c:51)
11/20 18:52:11.882: [pfcp] DEBUG: [1] LOCAL  Find    peer [127.0.0.4]:8805 (../lib/pfcp/xact.c:790)
11/20 18:52:11.882: [pfcp] DEBUG: [1] LOCAL  Receive peer [127.0.0.4]:8805 (../lib/pfcp/xact.c:704)
11/20 18:52:11.882: [pfcp] DEBUG: [1] LOCAL  UPD RX-6  peer [127.0.0.4]:8805 (../lib/pfcp/xact.c:298)
11/20 18:52:11.882: [upf] DEBUG: upf_pfcp_state_associated(): UPF_EVT_N4_MESSAGE (../src/upf/pfcp-sm.c:164)
11/20 18:52:11.882: [upf] WARNING: PFCP[RSP] has already been associated [127.0.0.4]:8805 (../src/upf/pfcp-sm.c:215)
11/20 18:52:11.882: [pfcp] DEBUG: [1] LOCAL  Commit  peer [127.0.0.4]:8805 (../lib/pfcp/xact.c:475)
11/20 18:52:11.882: [pfcp] DEBUG: [1] LOCAL  Delete  peer [127.0.0.4]:8805 (../lib/pfcp/xact.c:813)
11/20 18:52:14.148: [sock] DEBUG: socket create(2:1:132) (../lib/core/ogs-socket.c:92)
11/20 18:52:14.148: [sock] DEBUG: socket create(2:1:132) (../lib/core/ogs-socket.c:92)
11/20 18:52:14.148: [sock] DEBUG: sizes of 'struct sctp_event_subscribe': compile-time 10, kernel: 13 (../lib/sctp/ogs-lksctp.c:320)
11/20 18:52:14.148: [sock] DEBUG: OLD spp_flags = 0x29 hbinter = 30000 pathmax = 5, sackdelay = 200 (../lib/sctp/ogs-lksctp.c:517)
11/20 18:52:14.148: [sock] DEBUG: sizes of 'struct sctp_paddrparams': compile-time 152, kernel: 156 (../lib/sctp/ogs-lksctp.c:447)
11/20 18:52:14.148: [sock] DEBUG: NEW spp_flags = 0x29 hbinter = 5000 pathmax = 5, sackdelay = 200 (../lib/sctp/ogs-lksctp.c:549)
11/20 18:52:14.148: [sock] DEBUG: OLD spp_flags = 0x29 hbinter = 30000 pathmax = 5, sackdelay = 200 (../lib/sctp/ogs-lksctp.c:517)
11/20 18:52:14.148: [sock] DEBUG: OLD RTO (initial:3000 max:60000 min:1000) (../lib/sctp/ogs-lksctp.c:580)
11/20 18:52:14.148: [sock] DEBUG: New RTO (initial:3000 max:5000 min:1000) (../lib/sctp/ogs-lksctp.c:596)
11/20 18:52:14.148: [sock] DEBUG: Old INITMSG (numout:10 maxin:65535 maxattempt:8 maxinit_to:60000) (../lib/sctp/ogs-lksctp.c:623)
11/20 18:52:14.148: [sock] DEBUG: NEW spp_flags = 0x29 hbinter = 5000 pathmax = 5, sackdelay = 200 (../lib/sctp/ogs-lksctp.c:549)
11/20 18:52:14.148: [sock] DEBUG: New INITMSG (numout:30 maxin:65535 maxattempt:4 maxinit_to:8000) (../lib/sctp/ogs-lksctp.c:641)
11/20 18:52:14.148: [sock] DEBUG: OLD RTO (initial:3000 max:60000 min:1000) (../lib/sctp/ogs-lksctp.c:580)
11/20 18:52:14.148: [sock] DEBUG: Turn on SCTP_NODELAY (../lib/sctp/ogs-lksctp.c:650)
11/20 18:52:14.148: [sock] DEBUG: New RTO (initial:3000 max:5000 min:1000) (../lib/sctp/ogs-lksctp.c:596)
11/20 18:52:14.148: [sock] DEBUG: Old INITMSG (numout:10 maxin:65535 maxattempt:8 maxinit_to:60000) (../lib/sctp/ogs-lksctp.c:623)
11/20 18:52:14.148: [sock] DEBUG: New INITMSG (numout:30 maxin:65535 maxattempt:4 maxinit_to:8000) (../lib/sctp/ogs-lksctp.c:641)
11/20 18:52:14.148: [sock] DEBUG: Turn on SCTP_NODELAY (../lib/sctp/ogs-lksctp.c:650)
11/20 18:52:14.148: [sock] DEBUG: socket connect 127.0.0.5:38412
 (../lib/core/ogs-socket.c:142)
11/20 18:52:14.148: [sock] DEBUG: sctp_client() [127.0.0.5]:38412 (../lib/sctp/ogs-lksctp.c:168)
11/20 18:52:14.149: [amf] INFO: gNB-N2 accepted[127.0.0.1]:46340 in ng-path module (../src/amf/ngap-sctp.c:114)
11/20 18:52:14.149: [amf] DEBUG: amf_state_operational(): AMF_EVENT_NGAP_LO_ACCEPT (../src/amf/amf-sm.c:78)
11/20 18:52:14.149: [amf] INFO: gNB-N2 accepted[127.0.0.1] in master_sm module (../src/amf/amf-sm.c:665)
11/20 18:52:14.149: [amf] DEBUG: ngap_state_initial(): ENTRY (../src/amf/ngap-sm.c:28)
11/20 18:52:14.149: [amf] DEBUG: ngap_state_operational(): ENTRY (../src/amf/ngap-sm.c:53)
11/20 18:52:14.149: [amf] INFO: [Added] Number of gNBs is now 1 (../src/amf/context.c:974)
11/20 18:52:14.149: [amf] INFO: gNB-N2 accepted[127.0.0.1]:56342 in ng-path module (../src/amf/ngap-sctp.c:114)
11/20 18:52:14.149: [sock] DEBUG: socket connect 127.0.0.5:38412
 (../lib/core/ogs-socket.c:142)
11/20 18:52:14.149: [amf] DEBUG: SCTP_ASSOC_CHANGE:[T:32769, F:0x0, S:0, I/O:30/30] (../src/amf/ngap-sctp.c:158)
11/20 18:52:14.149: [sock] DEBUG: sctp_client() [127.0.0.5]:38412 (../lib/sctp/ogs-lksctp.c:168)
11/20 18:52:14.149: [amf] DEBUG: SCTP_COMM_UP (../src/amf/ngap-sctp.c:161)
11/20 18:52:14.149: [amf] DEBUG: amf_state_operational(): AMF_EVENT_NGAP_LO_ACCEPT (../src/amf/amf-sm.c:78)
11/20 18:52:14.149: [amf] INFO: gNB-N2 accepted[127.0.0.1] in master_sm module (../src/amf/amf-sm.c:665)
11/20 18:52:14.149: [amf] DEBUG: ngap_state_initial(): ENTRY (../src/amf/ngap-sm.c:28)
11/20 18:52:14.149: [amf] DEBUG: ngap_state_operational(): ENTRY (../src/amf/ngap-sm.c:53)
11/20 18:52:14.149: [amf] INFO: [Added] Number of gNBs is now 2 (../src/amf/context.c:974)
11/20 18:52:14.149: [amf] DEBUG: amf_state_operational(): AMF_EVENT_NGAP_LO_SCTP_COMM_UP (../src/amf/amf-sm.c:78)
11/20 18:52:14.149: [amf] INFO: gNB-N2[127.0.0.1] max_num_of_ostreams : 30 (../src/amf/amf-sm.c:704)
11/20 18:52:14.149: [amf] DEBUG: SCTP_ASSOC_CHANGE:[T:32769, F:0x0, S:0, I/O:30/30] (../src/amf/ngap-sctp.c:158)
11/20 18:52:14.149: [amf] DEBUG: SCTP_COMM_UP (../src/amf/ngap-sctp.c:161)
11/20 18:52:14.149: [amf] DEBUG: amf_state_operational(): AMF_EVENT_NGAP_MESSAGE (../src/amf/amf-sm.c:78)
11/20 18:52:14.150: [amf] DEBUG: ngap_state_operational(): AMF_EVENT_NGAP_MESSAGE (../src/amf/ngap-sm.c:53)
11/20 18:52:14.150: [amf] DEBUG: NGSetupRequest (../src/amf/ngap-handler.c:128)
11/20 18:52:14.150: [amf] DEBUG:     IP[127.0.0.1] GNB_ID[0x4000] (../src/amf/ngap-handler.c:176)
11/20 18:52:14.150: [amf] DEBUG:     PagingDRX[0] (../src/amf/ngap-handler.c:179)
11/20 18:52:14.150: [amf] DEBUG:     TAC[1] (../src/amf/ngap-handler.c:202)
11/20 18:52:14.150: [amf] DEBUG:     PLMN_ID[MCC:999 MNC:70] (../src/amf/ngap-handler.c:234)
11/20 18:52:14.150: [amf] DEBUG:     S_NSSAI[SST:1 SD:0xffffff] (../src/amf/ngap-handler.c:271)
11/20 18:52:14.150: [amf] DEBUG:     TAC[1] (../src/amf/ngap-handler.c:40)
11/20 18:52:14.150: [amf] DEBUG:     PLMN_ID[MCC:999 MNC:70] (../src/amf/ngap-handler.c:45)
11/20 18:52:14.150: [amf] DEBUG:     SERVED_TAI_INDEX[0] (../src/amf/ngap-handler.c:46)
11/20 18:52:14.150: [amf] DEBUG:     PLMN_ID[MCC:999 MNC:70] (../src/amf/ngap-handler.c:72)
11/20 18:52:14.150: [amf] DEBUG:     S_NSSAI[SST:1 SD:0xffffff] (../src/amf/ngap-handler.c:76)
11/20 18:52:14.150: [amf] DEBUG: NG-Setup response (../src/amf/ngap-path.c:254)
11/20 18:52:14.150: [amf] DEBUG: NGSetupResponse (../src/amf/ngap-build.c:36)
11/20 18:52:14.150: [amf] DEBUG:     IP[127.0.0.1] RAN_ID[16384] (../src/amf/ngap-path.c:71)
11/20 18:52:14.150: [amf] DEBUG: amf_state_operational(): AMF_EVENT_NGAP_LO_SCTP_COMM_UP (../src/amf/amf-sm.c:78)
11/20 18:52:14.150: [amf] INFO: gNB-N2[127.0.0.1] max_num_of_ostreams : 30 (../src/amf/amf-sm.c:704)
11/20 18:52:14.150: [amf] DEBUG: amf_state_operational(): AMF_EVENT_NGAP_MESSAGE (../src/amf/amf-sm.c:78)
11/20 18:52:14.150: [amf] DEBUG: ngap_state_operational(): AMF_EVENT_NGAP_MESSAGE (../src/amf/ngap-sm.c:53)
11/20 18:52:14.150: [amf] DEBUG: NGSetupRequest (../src/amf/ngap-handler.c:128)
11/20 18:52:14.150: [amf] DEBUG:     IP[127.0.0.1] GNB_ID[0x4000] (../src/amf/ngap-handler.c:176)
11/20 18:52:14.150: [amf] DEBUG:     PagingDRX[0] (../src/amf/ngap-handler.c:179)
11/20 18:52:14.150: [amf] DEBUG:     TAC[1] (../src/amf/ngap-handler.c:202)
11/20 18:52:14.150: [amf] DEBUG:     PLMN_ID[MCC:999 MNC:70] (../src/amf/ngap-handler.c:234)
11/20 18:52:14.150: [amf] DEBUG:     S_NSSAI[SST:1 SD:0xffffff] (../src/amf/ngap-handler.c:271)
11/20 18:52:14.150: [amf] DEBUG:     TAC[1] (../src/amf/ngap-handler.c:40)
11/20 18:52:14.150: [amf] DEBUG:     PLMN_ID[MCC:999 MNC:70] (../src/amf/ngap-handler.c:45)
11/20 18:52:14.150: [amf] DEBUG:     SERVED_TAI_INDEX[0] (../src/amf/ngap-handler.c:46)
11/20 18:52:14.150: [amf] DEBUG:     PLMN_ID[MCC:999 MNC:70] (../src/amf/ngap-handler.c:72)
11/20 18:52:14.150: [amf] DEBUG:     S_NSSAI[SST:1 SD:0xffffff] (../src/amf/ngap-handler.c:76)
11/20 18:52:14.150: [amf] DEBUG: NG-Setup response (../src/amf/ngap-path.c:254)
11/20 18:52:14.150: [amf] DEBUG: NGSetupResponse (../src/amf/ngap-build.c:36)
11/20 18:52:14.151: [amf] DEBUG:     IP[127.0.0.1] RAN_ID[16384] (../src/amf/ngap-path.c:71)
11/20 18:52:14.152: [amf] DEBUG: amf_state_operational(): AMF_EVENT_NGAP_MESSAGE (../src/amf/amf-sm.c:78)
11/20 18:52:14.153: [amf] DEBUG: ngap_state_operational(): AMF_EVENT_NGAP_MESSAGE (../src/amf/ngap-sm.c:53)
11/20 18:52:14.153: [amf] INFO: InitialUEMessage (../src/amf/ngap-handler.c:361)
11/20 18:52:14.153: [amf] DEBUG:     IP[127.0.0.1] RAN_ID[16384] (../src/amf/ngap-handler.c:388)
11/20 18:52:14.153: [amf] INFO: [Added] Number of gNB-UEs is now 1 (../src/amf/context.c:2239)
11/20 18:52:14.153: [amf] INFO:     RAN_UE_NGAP_ID[1] AMF_UE_NGAP_ID[1] TAC[1] CellID[0x40001] (../src/amf/ngap-handler.c:506)
11/20 18:52:14.153: [amf] DEBUG: amf_state_operational(): AMF_EVENT_5GMM_MESSAGE (../src/amf/amf-sm.c:78)
11/20 18:52:14.153: [amf] INFO: Unknown UE by 5G-S_TMSI[AMF_ID:0x0,M_TMSI:0x0] (../src/amf/context.c:1565)
11/20 18:52:14.153: [gmm] DEBUG: gmm_state_initial(): ENTRY (../src/amf/gmm-sm.c:40)
11/20 18:52:14.153: [gmm] DEBUG: gmm_state_de_registered(): ENTRY (../src/amf/gmm-sm.c:60)
11/20 18:52:14.153: [amf] INFO: [Added] Number of AMF-UEs is now 1 (../src/amf/context.c:1341)
11/20 18:52:14.153: [gmm] DEBUG: gmm_state_de_registered(): AMF_EVENT_5GMM_MESSAGE (../src/amf/gmm-sm.c:60)
11/20 18:52:14.153: [gmm] INFO: Registration request (../src/amf/gmm-sm.c:135)
11/20 18:52:14.153: [gmm] INFO: [Unknown ID]    5G-S_GUTI[AMF_ID:0x0,M_TMSI:0x0] (../src/amf/gmm-handler.c:164)
11/20 18:52:14.153: [gmm] DEBUG:     OLD TSC[UE:0,AMF:0] KSI[UE:7,AMF:7] (../src/amf/gmm-handler.c:181)
11/20 18:52:14.153: [gmm] DEBUG:     NEW TSC[UE:0,AMF:0] KSI[UE:7,AMF:7] (../src/amf/gmm-handler.c:188)
11/20 18:52:14.153: [gmm] DEBUG:     OLD TAI[PLMN_ID:000000,TAC:0] (../src/amf/gmm-handler.c:232)
11/20 18:52:14.153: [gmm] DEBUG:     OLD NR_CGI[PLMN_ID:000000,CELL_ID:0x0] (../src/amf/gmm-handler.c:235)
11/20 18:52:14.153: [gmm] DEBUG:     TAI[PLMN_ID:99f907,TAC:1] (../src/amf/gmm-handler.c:238)
11/20 18:52:14.153: [gmm] DEBUG:     NR_CGI[PLMN_ID:99f907,CELL_ID:0x40001] (../src/amf/gmm-handler.c:241)
11/20 18:52:14.153: [gmm] DEBUG:     SERVED_TAI_INDEX[0] (../src/amf/gmm-handler.c:256)
11/20 18:52:14.153: [amf] DEBUG: Identity request (../src/amf/nas-path.c:328)
11/20 18:52:14.153: [gmm] DEBUG:     Identity Type 2 : SUCI (../src/amf/gmm-build.c:327)
11/20 18:52:14.153: [amf] DEBUG: DownlinkNASTransport (../src/amf/ngap-build.c:321)
11/20 18:52:14.153: [amf] DEBUG:     RAN_UE_NGAP_ID[1] AMF_UE_NGAP_ID[1] (../src/amf/ngap-build.c:365)
11/20 18:52:14.154: [amf] DEBUG:     IP[127.0.0.1] RAN_ID[16384] (../src/amf/ngap-path.c:71)
11/20 18:52:14.154: [amf] DEBUG: amf_state_operational(): AMF_EVENT_NGAP_MESSAGE (../src/amf/amf-sm.c:78)
11/20 18:52:14.154: [amf] DEBUG: ngap_state_operational(): AMF_EVENT_NGAP_MESSAGE (../src/amf/ngap-sm.c:53)
11/20 18:52:14.154: [amf] DEBUG: UplinkNASTransport (../src/amf/ngap-handler.c:546)
11/20 18:52:14.154: [amf] DEBUG:     IP[127.0.0.1] RAN_ID[16384] (../src/amf/ngap-handler.c:569)
11/20 18:52:14.154: [amf] DEBUG:     RAN_UE_NGAP_ID[1] AMF_UE_NGAP_ID[1] TAC[1] CellID[0x40001] (../src/amf/ngap-handler.c:650)
11/20 18:52:14.154: [amf] DEBUG: amf_state_operational(): AMF_EVENT_5GMM_MESSAGE (../src/amf/amf-sm.c:78)
11/20 18:52:14.154: [gmm] DEBUG: gmm_state_de_registered(): AMF_EVENT_5GMM_MESSAGE (../src/amf/gmm-sm.c:60)
11/20 18:52:14.154: [gmm] INFO: Identity response (../src/amf/gmm-sm.c:263)
11/20 18:52:14.154: [gmm] INFO: [suci-0-999-70-0-0-0-0000000010]    SUCI (../src/amf/gmm-handler.c:765)
11/20 18:52:14.154: [sbi] DEBUG: [REF] 2 (../lib/sbi/path.c:328)
11/20 18:52:14.154: [sbi] WARNING: Try to discover [nausf-auth] (../lib/sbi/path.c:337)
11/20 18:52:14.154: [sbi] DEBUG: [GET] http://[::1]:7777/nnrf-disc/v1/nf-instances (../lib/sbi/client.c:625)
11/20 18:52:14.155: [gmm] DEBUG: gmm_state_de_registered(): EXIT (../src/amf/gmm-sm.c:60)
11/20 18:52:14.155: [gmm] DEBUG: gmm_state_authentication(): ENTRY (../src/amf/gmm-sm.c:532)
11/20 18:52:14.155: [sbi] DEBUG: STREAM added [5] (../lib/sbi/nghttp2-server.c:1122)
11/20 18:52:14.155: [sbi] DEBUG: [GET] /nnrf-disc/v1/nf-instances (../lib/sbi/nghttp2-server.c:801)
11/20 18:52:14.155: [nrf] DEBUG: nrf_state_operational(): OGS_EVENT_NAME_SBI_SERVER (../src/nrf/nrf-sm.c:50)
11/20 18:52:14.155: [nrf] DEBUG: NF-Discover : Requester[AMF] Target[AUSF] (../src/nrf/nnrf-handler.c:450)
11/20 18:52:14.155: [nrf] DEBUG: [0] service-names[nausf-auth] (../src/nrf/nnrf-handler.c:478)
11/20 18:52:14.155: [nrf] DEBUG: [7de115d2-6947-41ed-a85d-7bd62ae74332:0] NF-Discovered [NF-Type:AUSF,NF-Status:REGISTERED,IPv4:1,IPv6:0] (../src/nrf/nnrf-handler.c:505)
11/20 18:52:14.155: [sbi] DEBUG: STATUS [200] (../lib/sbi/nghttp2-server.c:357)
11/20 18:52:14.155: [sbi] DEBUG: SENDING...: 863 (../lib/sbi/nghttp2-server.c:365)
11/20 18:52:14.155: [sbi] DEBUG: {
	"validityPeriod":	3600,
	"nfInstances":	[{
			"nfInstanceId":	"7de115d2-6947-41ed-a85d-7bd62ae74332",
			"nfType":	"AUSF",
			"nfStatus":	"REGISTERED",
			"heartBeatTimer":	10,
			"ipv4Addresses":	["127.0.0.11"],
			"allowedNfTypes":	["AMF", "SCP"],
			"priority":	0,
			"capacity":	100,
			"load":	0,
			"nfServiceList":	{
				"7de12716-6947-41ed-a85d-7bd62ae74332":	{
					"serviceInstanceId":	"7de12716-6947-41ed-a85d-7bd62ae74332",
					"serviceName":	"nausf-auth",
					"versions":	[{
							"apiVersionInUri":	"v1",
							"apiFullVersion":	"1.0.0"
						}],
					"scheme":	"http",
					"nfServiceStatus":	"REGISTERED",
					"ipEndPoints":	[{
							"ipv4Address":	"127.0.0.11",
							"port":	7777
						}],
					"allowedNfTypes":	["AMF"],
					"priority":	0,
					"capacity":	100,
					"load":	0
				}
			},
			"nfProfileChangesSupportInd":	true
		}]
} (../lib/sbi/nghttp2-server.c:366)
11/20 18:52:14.155: [sbi] DEBUG: STREAM closed [5] (../lib/sbi/nghttp2-server.c:852)
0000: 00002c01 04000000 0588c061 96d07abe   ..,........a..z.
0010: 941054d2 7eea0802 128015c6 c5702d29   ..T.~........p-)
0020: 8b46ff0f 0d033836 335889a4 7e561cc5   .F....863X..~V..
0030: 8197000f c0                           .....
0000: 00035f00 01000000 057b0a09 2276616c   .._......{.."val
0010: 69646974 79506572 696f6422 3a093336   idityPeriod":.36
0020: 30302c0a 09226e66 496e7374 616e6365   00,.."nfInstance
0030: 73223a09 5b7b0a09 0909226e 66496e73   s":.[{...."nfIns
0040: 74616e63 65496422 3a092237 64653131   tanceId":."7de11
0050: 3564322d 36393437 2d343165 642d6138   5d2-6947-41ed-a8
0060: 35642d37 62643632 61653734 33333222   5d-7bd62ae74332"
0070: 2c0a0909 09226e66 54797065 223a0922   ,...."nfType":."
0080: 41555346 222c0a09 0909226e 66537461   AUSF",...."nfSta
0090: 74757322 3a092252 45474953 54455245   tus":."REGISTERE
00a0: 44222c0a 09090922 68656172 74426561   D",...."heartBea
00b0: 7454696d 6572223a 0931302c 0a090909   tTimer":.10,....
00c0: 22697076 34416464 72657373 6573223a   "ipv4Addresses":
00d0: 095b2231 32372e30 2e302e31 31225d2c   .["127.0.0.11"],
00e0: 0a090909 22616c6c 6f776564 4e665479   ...."allowedNfTy
00f0: 70657322 3a095b22 414d4622 2c202253   pes":.["AMF", "S
0100: 4350225d 2c0a0909 09227072 696f7269   CP"],...."priori
0110: 7479223a 09302c0a 09090922 63617061   ty":.0,...."capa
0120: 63697479 223a0931 30302c0a 09090922   city":.100,...."
0130: 6c6f6164 223a0930 2c0a0909 09226e66   load":.0,...."nf
0140: 53657276 6963654c 69737422 3a097b0a   ServiceList":.{.
0150: 09090909 22376465 31323731 362d3639   ...."7de12716-69
0160: 34372d34 3165642d 61383564 2d376264   47-41ed-a85d-7bd
0170: 36326165 37343333 32223a09 7b0a0909   62ae74332":.{...
0180: 09090922 73657276 69636549 6e737461   ..."serviceInsta
0190: 6e636549 64223a09 22376465 31323731   nceId":."7de1271
01a0: 362d3639 34372d34 3165642d 61383564   6-6947-41ed-a85d
01b0: 2d376264 36326165 37343333 32222c0a   -7bd62ae74332",.
01c0: 09090909 09227365 72766963 654e616d   ....."serviceNam
01d0: 65223a09 226e6175 73662d61 75746822   e":."nausf-auth"
01e0: 2c0a0909 09090922 76657273 696f6e73   ,......"versions
01f0: 223a095b 7b0a0909 09090909 09226170   ":.[{........"ap
0200: 69566572 73696f6e 496e5572 69223a09   iVersionInUri":.
0210: 22763122 2c0a0909 09090909 09226170   "v1",........"ap
0220: 6946756c 6c566572 73696f6e 223a0922   iFullVersion":."
0230: 312e302e 30220a09 09090909 097d5d2c   1.0.0".......}],
0240: 0a090909 09092273 6368656d 65223a09   ......"scheme":.
0250: 22687474 70222c0a 09090909 09226e66   "http",......"nf
0260: 53657276 69636553 74617475 73223a09   ServiceStatus":.
0270: 22524547 49535445 52454422 2c0a0909   "REGISTERED",...
0280: 09090922 6970456e 64506f69 6e747322   ..."ipEndPoints"
0290: 3a095b7b 0a090909 09090909 22697076   :.[{........"ipv
02a0: 34416464 72657373 223a0922 3132372e   4Address":."127.
02b0: 302e302e 3131222c 0a090909 09090909   0.0.11",........
02c0: 22706f72 74223a09 37373737 0a090909   "port":.7777....
02d0: 0909097d 5d2c0a09 09090909 22616c6c   ...}],......"all
02e0: 6f776564 4e665479 70657322 3a095b22   owedNfTypes":.["
02f0: 414d4622 5d2c0a09 09090909 22707269   AMF"],......"pri
0300: 6f726974 79223a09 302c0a09 09090909   ority":.0,......
0310: 22636170 61636974 79223a09 3130302c   "capacity":.100,
0320: 0a090909 0909226c 6f616422 3a09300a   ......"load":.0.
0330: 09090909 7d0a0909 097d2c0a 09090922   ....}....},...."
0340: 6e665072 6f66696c 65436861 6e676573   nfProfileChanges
0350: 53757070 6f727449 6e64223a 09747275   SupportInd":.tru
0360: 650a0909 7d5d0a7d                     e...}].}
11/20 18:52:14.156: [sbi] DEBUG: [200:GET] http://[::1]:7777/nnrf-disc/v1/nf-instances?service-names=nausf-auth&target-nf-type=AUSF&requester-nf-type=AMF (../lib/sbi/client.c:573)
11/20 18:52:14.156: [sbi] DEBUG: RECEIVED[863] (../lib/sbi/client.c:584)
11/20 18:52:14.156: [sbi] DEBUG: {
	"validityPeriod":	3600,
	"nfInstances":	[{
			"nfInstanceId":	"7de115d2-6947-41ed-a85d-7bd62ae74332",
			"nfType":	"AUSF",
			"nfStatus":	"REGISTERED",
			"heartBeatTimer":	10,
			"ipv4Addresses":	["127.0.0.11"],
			"allowedNfTypes":	["AMF", "SCP"],
			"priority":	0,
			"capacity":	100,
			"load":	0,
			"nfServiceList":	{
				"7de12716-6947-41ed-a85d-7bd62ae74332":	{
					"serviceInstanceId":	"7de12716-6947-41ed-a85d-7bd62ae74332",
					"serviceName":	"nausf-auth",
					"versions":	[{
							"apiVersionInUri":	"v1",
							"apiFullVersion":	"1.0.0"
						}],
					"scheme":	"http",
					"nfServiceStatus":	"REGISTERED",
					"ipEndPoints":	[{
							"ipv4Address":	"127.0.0.11",
							"port":	7777
						}],
					"allowedNfTypes":	["AMF"],
					"priority":	0,
					"capacity":	100,
					"load":	0
				}
			},
			"nfProfileChangesSupportInd":	true
		}]
} (../lib/sbi/client.c:586)
11/20 18:52:14.157: [amf] DEBUG: amf_state_operational(): OGS_EVENT_NAME_SBI_CLIENT (../src/amf/amf-sm.c:78)
11/20 18:52:14.157: [sbi] DEBUG: ogs_sbi_nf_instance_add() (../lib/sbi/context.c:762)
11/20 18:52:14.157: [sbi] DEBUG: [REF] 1 (../lib/sbi/context.c:764)
11/20 18:52:14.157: [sbi] DEBUG: ogs_sbi_nf_state_initial(): ENTRY (../lib/sbi/nf-sm.c:66)
11/20 18:52:14.157: [sbi] DEBUG: ogs_sbi_nf_state_registered(): ENTRY (../lib/sbi/nf-sm.c:204)
11/20 18:52:14.157: [sbi] INFO: [7de115d2-6947-41ed-a85d-7bd62ae74332] (NF-discover) NF registered (../lib/sbi/nnrf-handler.c:725)
11/20 18:52:14.157: [sock] DEBUG: addr:127.0.0.11, port:80 (../lib/core/ogs-sockaddr.c:140)
11/20 18:52:14.157: [sock] DEBUG: addr:127.0.0.11, port:7777 (../lib/core/ogs-sockaddr.c:140)
11/20 18:52:14.157: [sbi] DEBUG: ogs_sbi_client_add() (../lib/sbi/client.c:112)
11/20 18:52:14.157: [sbi] DEBUG: [REF] 1 (../lib/sbi/client.c:113)
11/20 18:52:14.157: [sbi] DEBUG: [REF] 2 (../lib/sbi/context.c:1570)
11/20 18:52:14.157: [sbi] DEBUG: ogs_sbi_client_add() (../lib/sbi/client.c:112)
11/20 18:52:14.157: [sbi] DEBUG: [REF] 1 (../lib/sbi/client.c:113)
11/20 18:52:14.157: [sbi] DEBUG: [REF] 2 (../lib/sbi/context.c:1482)
11/20 18:52:14.157: [sbi] INFO: [7de115d2-6947-41ed-a85d-7bd62ae74332] (NF-discover) NF Profile updated (../lib/sbi/nnrf-handler.c:752)
11/20 18:52:14.157: [amf] DEBUG: [REF] 2 (../src/amf/context.c:1945)
11/20 18:52:14.157: [sbi] DEBUG: [POST] http://127.0.0.11:7777/nausf-auth/v1/ue-authentications (../lib/sbi/client.c:625)
11/20 18:52:14.157: [sbi] DEBUG: SENDING...[110] (../lib/sbi/client.c:401)
11/20 18:52:14.157: [sbi] DEBUG: {
	"supiOrSuci":	"suci-0-999-70-0-0-0-0000000010",
	"servingNetworkName":	"5G:mnc070.mcc999.3gppnetwork.org"
} (../lib/sbi/client.c:403)
0000: 00000604 00000000 00000300 04e200     ...............
11/20 18:52:14.158: [sbi] DEBUG: MAX_CONCURRENT_STREAMS = 100 (../lib/sbi/nghttp2-server.c:747)
11/20 18:52:14.158: [sbi] DEBUG: ENABLE_PUSH = false (../lib/sbi/nghttp2-server.c:749)
11/20 18:52:14.158: [sbi] DEBUG: STREAM added [1] (../lib/sbi/nghttp2-server.c:1122)
11/20 18:52:14.158: [sbi] DEBUG: MAX_CONCURRENT_STREAMS = 100 (../lib/sbi/nghttp2-server.c:747)
11/20 18:52:14.158: [sbi] DEBUG: ENABLE_PUSH = false (../lib/sbi/nghttp2-server.c:749)
11/20 18:52:14.158: [sbi] DEBUG: [POST] /nausf-auth/v1/ue-authentications (../lib/sbi/nghttp2-server.c:801)
11/20 18:52:14.158: [sbi] DEBUG: RECEIVED: 110 (../lib/sbi/nghttp2-server.c:805)
11/20 18:52:14.158: [sbi] DEBUG: {
	"supiOrSuci":	"suci-0-999-70-0-0-0-0000000010",
	"servingNetworkName":	"5G:mnc070.mcc999.3gppnetwork.org"
} (../lib/sbi/nghttp2-server.c:806)
11/20 18:52:14.158: [ausf] DEBUG: ausf_state_operational(): OGS_EVENT_NAME_SBI_SERVER (../src/ausf/ausf-sm.c:52)
11/20 18:52:14.158: [ausf] DEBUG: ausf_ue_state_initial(): ENTRY (../src/ausf/ue-sm.c:32)
11/20 18:52:14.158: [ausf] DEBUG: ausf_ue_state_operational(): ENTRY (../src/ausf/ue-sm.c:64)
11/20 18:52:14.158: [ausf] DEBUG: ausf_ue_state_operational(): OGS_EVENT_NAME_SBI_SERVER (../src/ausf/ue-sm.c:64)
11/20 18:52:14.158: [sbi] DEBUG: [REF] 2 (../lib/sbi/path.c:212)
11/20 18:52:14.158: [sbi] DEBUG: [POST] http://127.0.0.12:7777/nudm-ueau/v1/suci-0-999-70-0-0-0-0000000010/security-information/generate-auth-data (../lib/sbi/client.c:625)
11/20 18:52:14.158: [sbi] DEBUG: SENDING...[120] (../lib/sbi/client.c:401)
11/20 18:52:14.158: [sbi] DEBUG: {
	"servingNetworkName":	"5G:mnc070.mcc999.3gppnetwork.org",
	"ausfInstanceId":	"7de115d2-6947-41ed-a85d-7bd62ae74332"
} (../lib/sbi/client.c:403)
11/20 18:52:14.158: [sbi] DEBUG: MAX_CONCURRENT_STREAMS = 100 (../lib/sbi/nghttp2-server.c:747)
11/20 18:52:14.158: [sbi] DEBUG: ENABLE_PUSH = false (../lib/sbi/nghttp2-server.c:749)
11/20 18:52:14.158: [sbi] DEBUG: STREAM added [1] (../lib/sbi/nghttp2-server.c:1122)
11/20 18:52:14.158: [sbi] DEBUG: [POST] /nudm-ueau/v1/suci-0-999-70-0-0-0-0000000010/security-information/generate-auth-data (../lib/sbi/nghttp2-server.c:801)
11/20 18:52:14.158: [sbi] DEBUG: RECEIVED: 120 (../lib/sbi/nghttp2-server.c:805)
11/20 18:52:14.158: [sbi] DEBUG: {
	"servingNetworkName":	"5G:mnc070.mcc999.3gppnetwork.org",
	"ausfInstanceId":	"7de115d2-6947-41ed-a85d-7bd62ae74332"
} (../lib/sbi/nghttp2-server.c:806)
0000: 00000604 00000000 00000300 04e200     ...............
11/20 18:52:14.158: [udm] DEBUG: udm_state_operational(): OGS_EVENT_NAME_SBI_SERVER (../src/udm/udm-sm.c:53)
11/20 18:52:14.158: [udm] DEBUG: udm_ue_state_operational(): ENTRY (../src/udm/ue-sm.c:46)
11/20 18:52:14.158: [udm] DEBUG: udm_ue_state_operational(): OGS_EVENT_NAME_SBI_SERVER (../src/udm/ue-sm.c:46)
11/20 18:52:14.158: [sbi] DEBUG: [REF] 2 (../lib/sbi/path.c:212)
11/20 18:52:14.158: [sbi] DEBUG: [GET] http://127.0.0.20:7777/nudr-dr/v1/subscription-data/imsi-999700000000010/authentication-data/authentication-subscription (../lib/sbi/client.c:625)
11/20 18:52:14.159: [sbi] DEBUG: MAX_CONCURRENT_STREAMS = 100 (../lib/sbi/nghttp2-server.c:747)
11/20 18:52:14.159: [sbi] DEBUG: ENABLE_PUSH = false (../lib/sbi/nghttp2-server.c:749)
11/20 18:52:14.159: [sbi] DEBUG: MAX_CONCURRENT_STREAMS = 100 (../lib/sbi/nghttp2-server.c:747)
11/20 18:52:14.159: [sbi] DEBUG: ENABLE_PUSH = false (../lib/sbi/nghttp2-server.c:749)
11/20 18:52:14.159: [sbi] DEBUG: STREAM added [1] (../lib/sbi/nghttp2-server.c:1122)
11/20 18:52:14.159: [sbi] DEBUG: [GET] /nudr-dr/v1/subscription-data/imsi-999700000000010/authentication-data/authentication-subscription (../lib/sbi/nghttp2-server.c:801)
0000: 00000604 00000000 00000300 04e200     ...............
11/20 18:52:14.159: [udr] DEBUG: udr_state_operational(): OGS_EVENT_NAME_SBI_SERVER (../src/udr/udr-sm.c:51)
11/20 18:52:14.160: [sbi] DEBUG: STATUS [200] (../lib/sbi/nghttp2-server.c:357)
11/20 18:52:14.160: [sbi] DEBUG: SENDING...: 234 (../lib/sbi/nghttp2-server.c:365)
11/20 18:52:14.160: [sbi] DEBUG: {
	"authenticationMethod":	"5G_AKA",
	"encPermanentKey":	"465b5ce8b199b49faa5f0a2ee238a6bc",
	"sequenceNumber":	{
		"sqn":	"000000000040"
	},
	"authenticationManagementField":	"8000",
	"encOpcKey":	"e8ed289deba952e4283b54e88e6183ca"
} (../lib/sbi/nghttp2-server.c:366)
11/20 18:52:14.160: [sbi] DEBUG: STREAM closed [1] (../lib/sbi/nghttp2-server.c:852)
11/20 18:52:14.160: [sbi] DEBUG: MAX_CONCURRENT_STREAMS = 100 (../lib/sbi/nghttp2-server.c:747)
11/20 18:52:14.160: [sbi] DEBUG: ENABLE_PUSH = false (../lib/sbi/nghttp2-server.c:749)
0000: 00000004 01000000 00                  .........
0000: 00003901 04000000 0188768b d5596a6f   ..9.......v..Yjo
0010: 16e53b89 76d76f61 96d07abe 941054d2   ..;.v.oa..z...T.
0020: 7eea0802 128015c6 c5702d29 8b46ff0f   ~........p-).F..
0030: 0d033233 345f8b1d 75d0620d 263d4c74   ..234_..u.b.&=Lt
0040: 41ea                                  A.
11/20 18:52:14.160: [sbi] DEBUG: [200:GET] http://127.0.0.20:7777/nudr-dr/v1/subscription-data/imsi-999700000000010/authentication-data/authentication-subscription (../lib/sbi/client.c:573)
11/20 18:52:14.160: [sbi] DEBUG: RECEIVED[234] (../lib/sbi/client.c:584)
11/20 18:52:14.160: [sbi] DEBUG: {
	"authenticationMethod":	"5G_AKA",
	"encPermanentKey":	"465b5ce8b199b49faa5f0a2ee238a6bc",
	"sequenceNumber":	{
		"sqn":	"000000000040"
	},
	"authenticationManagementField":	"8000",
	"encOpcKey":	"e8ed289deba952e4283b54e88e6183ca"
} (../lib/sbi/client.c:586)
11/20 18:52:14.160: [udm] DEBUG: udm_state_operational(): OGS_EVENT_NAME_SBI_CLIENT (../src/udm/udm-sm.c:53)
0000: 0000ea00 01000000 017b0a09 22617574   .........{.."aut
0010: 68656e74 69636174 696f6e4d 6574686f   henticationMetho
0020: 64223a09 2235475f 414b4122 2c0a0922   d":."5G_AKA",.."
0030: 656e6350 65726d61 6e656e74 4b657922   encPermanentKey"
0040: 3a092234 36356235 63653862 31393962   :."465b5ce8b199b
0050: 34396661 61356630 61326565 32333861   49faa5f0a2ee238a
0060: 36626322 2c0a0922 73657175 656e6365   6bc",.."sequence
0070: 4e756d62 6572223a 097b0a09 09227371   Number":.{..."sq
0080: 6e223a09 22303030 30303030 30303034   n":."00000000004
0090: 30220a09 7d2c0a09 22617574 68656e74   0"..},.."authent
00a0: 69636174 696f6e4d 616e6167 656d656e   icationManagemen
00b0: 74466965 6c64223a 09223830 3030222c   tField":."8000",
00c0: 0a092265 6e634f70 634b6579 223a0922   .."encOpcKey":."
00d0: 65386564 32383964 65626139 35326534   e8ed289deba952e4
00e0: 32383362 35346538 38653631 38336361   283b54e88e6183ca
00f0: 220a7d                                ".}
11/20 18:52:14.160: [udm] DEBUG: udm_ue_state_operational(): OGS_EVENT_NAME_SBI_CLIENT (../src/udm/ue-sm.c:46)
11/20 18:52:14.160: [sbi] DEBUG: STATUS [200] (../lib/sbi/nghttp2-server.c:357)
11/20 18:52:14.160: [sbi] DEBUG: SENDING...: 301 (../lib/sbi/nghttp2-server.c:365)
11/20 18:52:14.160: [sbi] DEBUG: {
	"authType":	"5G_AKA",
	"authenticationVector":	{
		"avType":	"5G_HE_AKA",
		"rand":	"9a32a584e350e038fad09547b8d747b3",
		"autn":	"a046633c1e77800021bb40d7483866eb",
		"xresStar":	"a7d02a06f2d46d2bb62e5849a943ed1c",
		"kausf":	"50ef6e529eb78e1c00c8250bfb94ba4e7c1f66eb501b8761b3cd54db6947060a"
	}
} (../lib/sbi/nghttp2-server.c:366)
11/20 18:52:14.160: [sbi] DEBUG: STREAM closed [1] (../lib/sbi/nghttp2-server.c:852)
0000: 00000004 01000000 00                  .........
0000: 00003801 04000000 0188768b d5596a6f   ..8.......v..Yjo
0010: 16e53b89 76d76f61 96d07abe 941054d2   ..;.v.oa..z...T.
0020: 7eea0802 128015c6 c5702d29 8b46ff0f   ~........p-).F..
0030: 0d826401 5f8b1d75 d0620d26 3d4c7441   ..d._..u.b.&=LtA
0040: ea                                    .
0000: 00012d00 01000000 017b0a09 22617574   ..-......{.."aut
0010: 68547970 65223a09 2235475f 414b4122   hType":."5G_AKA"
0020: 2c0a0922 61757468 656e7469 63617469   ,.."authenticati
0030: 6f6e5665 63746f72 223a097b 0a090922   onVector":.{..."
0040: 61765479 7065223a 09223547 5f48455f   avType":."5G_HE_
0050: 414b4122 2c0a0909 2272616e 64223a09   AKA",..."rand":.
0060: 22396133 32613538 34653335 30653033   "9a32a584e350e03
0070: 38666164 30393534 37623864 37343762   8fad09547b8d747b
0080: 33222c0a 09092261 75746e22 3a092261   3",..."autn":."a
0090: 30343636 33336331 65373738 30303032   046633c1e7780002
00a0: 31626234 30643734 38333836 36656222   1bb40d7483866eb"
00b0: 2c0a0909 22787265 73537461 72223a09   ,..."xresStar":.
00c0: 22613764 30326130 36663264 34366432   "a7d02a06f2d46d2
00d0: 62623632 65353834 39613934 33656431   bb62e5849a943ed1
00e0: 63222c0a 0909226b 61757366 223a0922   c",..."kausf":."
00f0: 35306566 36653532 39656237 38653163   50ef6e529eb78e1c
0100: 30306338 32353062 66623934 62613465   00c8250bfb94ba4e
0110: 37633166 36366562 35303162 38373631   7c1f66eb501b8761
0120: 62336364 35346462 36393437 30363061   b3cd54db6947060a
0130: 220a097d 0a7d                         "..}.}
11/20 18:52:14.160: [sbi] DEBUG: [200:POST] http://127.0.0.12:7777/nudm-ueau/v1/suci-0-999-70-0-0-0-0000000010/security-information/generate-auth-data (../lib/sbi/client.c:573)
11/20 18:52:14.160: [sbi] DEBUG: RECEIVED[301] (../lib/sbi/client.c:584)
11/20 18:52:14.160: [sbi] DEBUG: {
	"authType":	"5G_AKA",
	"authenticationVector":	{
		"avType":	"5G_HE_AKA",
		"rand":	"9a32a584e350e038fad09547b8d747b3",
		"autn":	"a046633c1e77800021bb40d7483866eb",
		"xresStar":	"a7d02a06f2d46d2bb62e5849a943ed1c",
		"kausf":	"50ef6e529eb78e1c00c8250bfb94ba4e7c1f66eb501b8761b3cd54db6947060a"
	}
} (../lib/sbi/client.c:586)
11/20 18:52:14.160: [ausf] DEBUG: ausf_state_operational(): OGS_EVENT_NAME_SBI_CLIENT (../src/ausf/ausf-sm.c:52)
11/20 18:52:14.160: [ausf] DEBUG: ausf_ue_state_operational(): OGS_EVENT_NAME_SBI_CLIENT (../src/ausf/ue-sm.c:64)
11/20 18:52:14.160: [sbi] DEBUG: STATUS [201] (../lib/sbi/nghttp2-server.c:357)
11/20 18:52:14.160: [sbi] DEBUG: SENDING...: 314 (../lib/sbi/nghttp2-server.c:365)
11/20 18:52:14.160: [sbi] DEBUG: {
	"authType":	"5G_AKA",
	"5gAuthData":	{
		"rand":	"9a32a584e350e038fad09547b8d747b3",
		"hxresStar":	"778bfb0052317f1f2cdce52e1e4a53e2",
		"autn":	"a046633c1e77800021bb40d7483866eb"
	},
	"_links":	{
		"5g-aka":	{
			"href":	"http://127.0.0.11:7777/nausf-auth/v1/ue-authentications/1/5g-aka-confirmation"
		}
	}
} (../lib/sbi/nghttp2-server.c:366)
11/20 18:52:14.160: [sbi] DEBUG: STREAM closed [1] (../lib/sbi/nghttp2-server.c:852)
0000: 00000004 01000000 00                  .........
0000: 00006e01 04000000 01488210 03768bd5   ..n......H...v..
0010: 596a6f16 e53b8976 d76f6196 d07abe94   Yjo..;.v.oa..z..
0020: 1054d27e ea080212 8015c6c5 702d298b   .T.~........p-).
0030: 46ff0f0d 03333134 0f1fa89d 29aee30c   F....314....)...
0040: 044eae05 c0b84371 d75d758a 876a2558   .N....Cq.]u..j%X
0050: 76a6763b 858b4ab0 ed4ce5a9 2620d263   v.v;..J..L..& .c
0060: d486035f 921d75d0 620d263d 4c333575   ..._..u.b.&=L35u
0070: e31d1fef a20f57                       ......W
0000: 00013a00 01000000 017b0a09 22617574   ..:......{.."aut
0010: 68547970 65223a09 2235475f 414b4122   hType":."5G_AKA"
0020: 2c0a0922 35674175 74684461 7461223a   ,.."5gAuthData":
0030: 097b0a09 09227261 6e64223a 09223961   .{..."rand":."9a
0040: 33326135 38346533 35306530 33386661   32a584e350e038fa
0050: 64303935 34376238 64373437 6233222c   d09547b8d747b3",
0060: 0a090922 68787265 73537461 72223a09   ..."hxresStar":.
0070: 22373738 62666230 30353233 31376631   "778bfb0052317f1
0080: 66326364 63653532 65316534 61353365   f2cdce52e1e4a53e
0090: 32222c0a 09092261 75746e22 3a092261   2",..."autn":."a
00a0: 30343636 33336331 65373738 30303032   046633c1e7780002
00b0: 31626234 30643734 38333836 36656222   1bb40d7483866eb"
00c0: 0a097d2c 0a09225f 6c696e6b 73223a09   ..},.."_links":.
00d0: 7b0a0909 2235672d 616b6122 3a097b0a   {..."5g-aka":.{.
00e0: 09090922 68726566 223a0922 68747470   ..."href":."http
00f0: 3a2f2f31 32372e30 2e302e31 313a3737   ://127.0.0.11:77
0100: 37372f6e 61757366 2d617574 682f7631   77/nausf-auth/v1
0110: 2f75652d 61757468 656e7469 63617469   /ue-authenticati
0120: 6f6e732f 312f3567 2d616b61 2d636f6e   ons/1/5g-aka-con
0130: 6669726d 6174696f 6e220a09 097d0a09   firmation"...}..
0140: 7d0a7d                                }.}
11/20 18:52:14.161: [sbi] DEBUG: [201:POST] http://127.0.0.11:7777/nausf-auth/v1/ue-authentications (../lib/sbi/client.c:573)
11/20 18:52:14.161: [sbi] DEBUG: RECEIVED[314] (../lib/sbi/client.c:584)
11/20 18:52:14.161: [sbi] DEBUG: {
	"authType":	"5G_AKA",
	"5gAuthData":	{
		"rand":	"9a32a584e350e038fad09547b8d747b3",
		"hxresStar":	"778bfb0052317f1f2cdce52e1e4a53e2",
		"autn":	"a046633c1e77800021bb40d7483866eb"
	},
	"_links":	{
		"5g-aka":	{
			"href":	"http://127.0.0.11:7777/nausf-auth/v1/ue-authentications/1/5g-aka-confirmation"
		}
	}
} (../lib/sbi/client.c:586)
11/20 18:52:14.161: [amf] DEBUG: amf_state_operational(): OGS_EVENT_NAME_SBI_CLIENT (../src/amf/amf-sm.c:78)
11/20 18:52:14.161: [gmm] DEBUG: gmm_state_authentication(): OGS_EVENT_NAME_SBI_CLIENT (../src/amf/gmm-sm.c:532)
11/20 18:52:14.161: [amf] DEBUG: [suci-0-999-70-0-0-0-0000000010] Authentication request (../src/amf/nas-path.c:356)
11/20 18:52:14.161: [amf] DEBUG: DownlinkNASTransport (../src/amf/ngap-build.c:321)
11/20 18:52:14.161: [amf] DEBUG:     RAN_UE_NGAP_ID[1] AMF_UE_NGAP_ID[1] (../src/amf/ngap-build.c:365)
11/20 18:52:14.161: [amf] DEBUG:     IP[127.0.0.1] RAN_ID[16384] (../src/amf/ngap-path.c:71)
11/20 18:52:14.162: [amf] DEBUG: amf_state_operational(): AMF_EVENT_NGAP_MESSAGE (../src/amf/amf-sm.c:78)
11/20 18:52:14.162: [amf] DEBUG: ngap_state_operational(): AMF_EVENT_NGAP_MESSAGE (../src/amf/ngap-sm.c:53)
11/20 18:52:14.162: [amf] DEBUG: UplinkNASTransport (../src/amf/ngap-handler.c:546)
11/20 18:52:14.162: [amf] DEBUG:     IP[127.0.0.1] RAN_ID[16384] (../src/amf/ngap-handler.c:569)
11/20 18:52:14.162: [amf] DEBUG:     RAN_UE_NGAP_ID[1] AMF_UE_NGAP_ID[1] TAC[1] CellID[0x40001] (../src/amf/ngap-handler.c:650)
11/20 18:52:14.162: [amf] DEBUG: amf_state_operational(): AMF_EVENT_5GMM_MESSAGE (../src/amf/amf-sm.c:78)
11/20 18:52:14.162: [gmm] DEBUG: gmm_state_authentication(): AMF_EVENT_5GMM_MESSAGE (../src/amf/gmm-sm.c:532)
11/20 18:52:14.162: [gmm] DEBUG: [suci-0-999-70-0-0-0-0000000010] Authentication response (../src/amf/gmm-handler.c:695)
11/20 18:52:14.162: [sock] DEBUG: addr:127.0.0.11, port:7777 (../lib/core/ogs-sockaddr.c:140)
11/20 18:52:14.162: [sbi] DEBUG: [PUT] http://127.0.0.11:7777/nausf-auth/v1/ue-authentications/1/5g-aka-confirmation (../lib/sbi/client.c:625)
11/20 18:52:14.162: [sbi] DEBUG: SENDING...[50] (../lib/sbi/client.c:401)
11/20 18:52:14.162: [sbi] DEBUG: {
	"resStar":	"a7d02a06f2d46d2bb62e5849a943ed1c"
} (../lib/sbi/client.c:403)
11/20 18:52:14.162: [sbi] DEBUG: STREAM added [3] (../lib/sbi/nghttp2-server.c:1122)
11/20 18:52:14.162: [sbi] DEBUG: [PUT] /nausf-auth/v1/ue-authentications/1/5g-aka-confirmation (../lib/sbi/nghttp2-server.c:801)
11/20 18:52:14.162: [sbi] DEBUG: RECEIVED: 50 (../lib/sbi/nghttp2-server.c:805)
11/20 18:52:14.162: [sbi] DEBUG: {
	"resStar":	"a7d02a06f2d46d2bb62e5849a943ed1c"
} (../lib/sbi/nghttp2-server.c:806)
11/20 18:52:14.162: [ausf] DEBUG: ausf_state_operational(): OGS_EVENT_NAME_SBI_SERVER (../src/ausf/ausf-sm.c:52)
11/20 18:52:14.162: [ausf] DEBUG: ausf_ue_state_operational(): OGS_EVENT_NAME_SBI_SERVER (../src/ausf/ue-sm.c:64)
11/20 18:52:14.162: [sbi] DEBUG: [POST] http://127.0.0.12:7777/nudm-ueau/v1/imsi-999700000000010/auth-events (../lib/sbi/client.c:625)
11/20 18:52:14.162: [sbi] DEBUG: SENDING...[209] (../lib/sbi/client.c:401)
11/20 18:52:14.162: [sbi] DEBUG: {
	"nfInstanceId":	"7de115d2-6947-41ed-a85d-7bd62ae74332",
	"success":	true,
	"timeStamp":	"2022-11-20T18:52:14.162897-08:00",
	"authType":	"5G_AKA",
	"servingNetworkName":	"5G:mnc070.mcc999.3gppnetwork.org"
} (../lib/sbi/client.c:403)
11/20 18:52:14.163: [sbi] DEBUG: STREAM added [3] (../lib/sbi/nghttp2-server.c:1122)
11/20 18:52:14.163: [sbi] DEBUG: [POST] /nudm-ueau/v1/imsi-999700000000010/auth-events (../lib/sbi/nghttp2-server.c:801)
11/20 18:52:14.163: [sbi] DEBUG: RECEIVED: 209 (../lib/sbi/nghttp2-server.c:805)
11/20 18:52:14.163: [sbi] DEBUG: {
	"nfInstanceId":	"7de115d2-6947-41ed-a85d-7bd62ae74332",
	"success":	true,
	"timeStamp":	"2022-11-20T18:52:14.162897-08:00",
	"authType":	"5G_AKA",
	"servingNetworkName":	"5G:mnc070.mcc999.3gppnetwork.org"
} (../lib/sbi/nghttp2-server.c:806)
11/20 18:52:14.163: [udm] DEBUG: udm_state_operational(): OGS_EVENT_NAME_SBI_SERVER (../src/udm/udm-sm.c:53)
11/20 18:52:14.163: [udm] DEBUG: udm_ue_state_operational(): OGS_EVENT_NAME_SBI_SERVER (../src/udm/ue-sm.c:46)
11/20 18:52:14.163: [sbi] DEBUG: [PUT] http://127.0.0.20:7777/nudr-dr/v1/subscription-data/imsi-999700000000010/authentication-data/authentication-status (../lib/sbi/client.c:625)
11/20 18:52:14.163: [sbi] DEBUG: SENDING...[209] (../lib/sbi/client.c:401)
11/20 18:52:14.163: [sbi] DEBUG: {
	"nfInstanceId":	"7de115d2-6947-41ed-a85d-7bd62ae74332",
	"success":	true,
	"timeStamp":	"2022-11-20T18:52:14.162897-08:00",
	"authType":	"5G_AKA",
	"servingNetworkName":	"5G:mnc070.mcc999.3gppnetwork.org"
} (../lib/sbi/client.c:403)
11/20 18:52:14.163: [sbi] DEBUG: STREAM added [3] (../lib/sbi/nghttp2-server.c:1122)
11/20 18:52:14.163: [sbi] DEBUG: [PUT] /nudr-dr/v1/subscription-data/imsi-999700000000010/authentication-data/authentication-status (../lib/sbi/nghttp2-server.c:801)
11/20 18:52:14.163: [sbi] DEBUG: RECEIVED: 209 (../lib/sbi/nghttp2-server.c:805)
11/20 18:52:14.163: [sbi] DEBUG: {
	"nfInstanceId":	"7de115d2-6947-41ed-a85d-7bd62ae74332",
	"success":	true,
	"timeStamp":	"2022-11-20T18:52:14.162897-08:00",
	"authType":	"5G_AKA",
	"servingNetworkName":	"5G:mnc070.mcc999.3gppnetwork.org"
} (../lib/sbi/nghttp2-server.c:806)
11/20 18:52:14.163: [udr] DEBUG: udr_state_operational(): OGS_EVENT_NAME_SBI_SERVER (../src/udr/udr-sm.c:51)
11/20 18:52:14.165: [sbi] DEBUG: STATUS [204] (../lib/sbi/nghttp2-server.c:357)
11/20 18:52:14.165: [sbi] DEBUG: STREAM closed [3] (../lib/sbi/nghttp2-server.c:852)
0000: 00000301 05000000 0389c0bf            ............
11/20 18:52:14.165: [sbi] DEBUG: [204:PUT] http://127.0.0.20:7777/nudr-dr/v1/subscription-data/imsi-999700000000010/authentication-data/authentication-status (../lib/sbi/client.c:573)
11/20 18:52:14.165: [sbi] DEBUG: RECEIVED[0] (../lib/sbi/client.c:584)
11/20 18:52:14.165: [udm] DEBUG: udm_state_operational(): OGS_EVENT_NAME_SBI_CLIENT (../src/udm/udm-sm.c:53)
11/20 18:52:14.165: [udm] DEBUG: udm_ue_state_operational(): OGS_EVENT_NAME_SBI_CLIENT (../src/udm/ue-sm.c:46)
11/20 18:52:14.165: [sbi] DEBUG: STATUS [201] (../lib/sbi/nghttp2-server.c:357)
11/20 18:52:14.165: [sbi] DEBUG: SENDING...: 209 (../lib/sbi/nghttp2-server.c:365)
11/20 18:52:14.165: [sbi] DEBUG: {
	"nfInstanceId":	"7de115d2-6947-41ed-a85d-7bd62ae74332",
	"success":	true,
	"timeStamp":	"2022-11-20T18:52:14.162897-08:00",
	"authType":	"5G_AKA",
	"servingNetworkName":	"5G:mnc070.mcc999.3gppnetwork.org"
} (../lib/sbi/nghttp2-server.c:366)
11/20 18:52:14.165: [sbi] DEBUG: STREAM closed [3] (../lib/sbi/nghttp2-server.c:852)
0000: 00004001 04000000 03488210 03c1c00f   ..@......H......
0010: 0d82101f 0f1fb19d 29aee30c 044eae05   ........)....N..
0020: c0b84571 d75d758a ad9295ad 28ed63b8   ..Eq.]u.....(.c.
0030: 58352832 cfbefba0 00000000 0008181d   X5(2............
0040: a99d62f7 2d494301 bf                  ..b.-IC..
0000: 0000d100 01000000 037b0a09 226e6649   .........{.."nfI
0010: 6e737461 6e636549 64223a09 22376465   nstanceId":."7de
0020: 31313564 322d3639 34372d34 3165642d   115d2-6947-41ed-
0030: 61383564 2d376264 36326165 37343333   a85d-7bd62ae7433
0040: 32222c0a 09227375 63636573 73223a09   2",.."success":.
0050: 74727565 2c0a0922 74696d65 5374616d   true,.."timeStam
0060: 70223a09 22323032 322d3131 2d323054   p":."2022-11-20T
0070: 31383a35 323a3134 2e313632 3839372d   18:52:14.162897-
0080: 30383a30 30222c0a 09226175 74685479   08:00",.."authTy
0090: 7065223a 09223547 5f414b41 222c0a09   pe":."5G_AKA",..
00a0: 22736572 76696e67 4e657477 6f726b4e   "servingNetworkN
00b0: 616d6522 3a092235 473a6d6e 63303730   ame":."5G:mnc070
00c0: 2e6d6363 3939392e 33677070 6e657477   .mcc999.3gppnetw
00d0: 6f726b2e 6f726722 0a7d                ork.org".}
11/20 18:52:14.165: [sbi] DEBUG: [201:POST] http://127.0.0.12:7777/nudm-ueau/v1/imsi-999700000000010/auth-events (../lib/sbi/client.c:573)
11/20 18:52:14.165: [sbi] DEBUG: RECEIVED[209] (../lib/sbi/client.c:584)
11/20 18:52:14.165: [sbi] DEBUG: {
	"nfInstanceId":	"7de115d2-6947-41ed-a85d-7bd62ae74332",
	"success":	true,
	"timeStamp":	"2022-11-20T18:52:14.162897-08:00",
	"authType":	"5G_AKA",
	"servingNetworkName":	"5G:mnc070.mcc999.3gppnetwork.org"
} (../lib/sbi/client.c:586)
11/20 18:52:14.165: [ausf] DEBUG: ausf_state_operational(): OGS_EVENT_NAME_SBI_CLIENT (../src/ausf/ausf-sm.c:52)
11/20 18:52:14.165: [ausf] DEBUG: ausf_ue_state_operational(): OGS_EVENT_NAME_SBI_CLIENT (../src/ausf/ue-sm.c:64)
11/20 18:52:14.165: [sbi] DEBUG: STATUS [200] (../lib/sbi/nghttp2-server.c:357)
11/20 18:52:14.165: [sbi] DEBUG: SENDING...: 154 (../lib/sbi/nghttp2-server.c:365)
11/20 18:52:14.165: [sbi] DEBUG: {
	"authResult":	"AUTHENTICATION_SUCCESS",
	"supi":	"imsi-999700000000010",
	"kseaf":	"e9709b20f7c208101bbd90b5ce1ac646af6c87d2aad7c30b34b2181f9f9f2db6"
} (../lib/sbi/nghttp2-server.c:366)
11/20 18:52:14.165: [sbi] DEBUG: STREAM closed [3] (../lib/sbi/nghttp2-server.c:852)
0000: 00001601 04000000 0388c0bf 0f0d0331   ...............1
0010: 35345f8b 1d75d062 0d263d4c 7441ea     54_..u.b.&=LtA.
0000: 00009a00 01000000 037b0a09 22617574   .........{.."aut
0010: 68526573 756c7422 3a092241 55544845   hResult":."AUTHE
0020: 4e544943 4154494f 4e5f5355 43434553   NTICATION_SUCCES
0030: 53222c0a 09227375 7069223a 0922696d   S",.."supi":."im
0040: 73692d39 39393730 30303030 30303030   si-9997000000000
0050: 3130222c 0a09226b 73656166 223a0922   10",.."kseaf":."
0060: 65393730 39623230 66376332 30383130   e9709b20f7c20810
0070: 31626264 39306235 63653161 63363436   1bbd90b5ce1ac646
0080: 61663663 38376432 61616437 63333062   af6c87d2aad7c30b
0090: 33346232 31383166 39663966 32646236   34b2181f9f9f2db6
00a0: 220a7d                                ".}
11/20 18:52:14.165: [sbi] DEBUG: [200:PUT] http://127.0.0.11:7777/nausf-auth/v1/ue-authentications/1/5g-aka-confirmation (../lib/sbi/client.c:573)
11/20 18:52:14.165: [sbi] DEBUG: RECEIVED[154] (../lib/sbi/client.c:584)
11/20 18:52:14.165: [sbi] DEBUG: {
	"authResult":	"AUTHENTICATION_SUCCESS",
	"supi":	"imsi-999700000000010",
	"kseaf":	"e9709b20f7c208101bbd90b5ce1ac646af6c87d2aad7c30b34b2181f9f9f2db6"
} (../lib/sbi/client.c:586)
11/20 18:52:14.165: [amf] DEBUG: amf_state_operational(): OGS_EVENT_NAME_SBI_CLIENT (../src/amf/amf-sm.c:78)
11/20 18:52:14.165: [gmm] DEBUG: gmm_state_authentication(): OGS_EVENT_NAME_SBI_CLIENT (../src/amf/gmm-sm.c:532)
11/20 18:52:14.165: [gmm] DEBUG: gmm_state_authentication(): EXIT (../src/amf/gmm-sm.c:532)
11/20 18:52:14.165: [gmm] DEBUG: gmm_state_security_mode(): ENTRY (../src/amf/gmm-sm.c:777)
11/20 18:52:14.165: [amf] DEBUG: [imsi-999700000000010] Security mode command (../src/amf/nas-path.c:402)
11/20 18:52:14.165: [gmm] DEBUG:     Replayed UE SEC[LEN:2 NEA:0xf0 NIA:0xf0 EEA:0x0 EIA:0x0 (../src/amf/gmm-build.c:442)
11/20 18:52:14.165: [gmm] DEBUG:     Selected[Integrity:0x2 Encrypt:0x0] (../src/amf/gmm-build.c:444)
11/20 18:52:14.165: [amf] DEBUG: DownlinkNASTransport (../src/amf/ngap-build.c:321)
11/20 18:52:14.165: [amf] DEBUG:     RAN_UE_NGAP_ID[1] AMF_UE_NGAP_ID[1] (../src/amf/ngap-build.c:365)
11/20 18:52:14.165: [amf] DEBUG:     IP[127.0.0.1] RAN_ID[16384] (../src/amf/ngap-path.c:71)
11/20 18:52:14.166: [amf] DEBUG: amf_state_operational(): AMF_EVENT_NGAP_MESSAGE (../src/amf/amf-sm.c:78)
11/20 18:52:14.166: [amf] DEBUG: ngap_state_operational(): AMF_EVENT_NGAP_MESSAGE (../src/amf/ngap-sm.c:53)
11/20 18:52:14.166: [amf] DEBUG: UplinkNASTransport (../src/amf/ngap-handler.c:546)
11/20 18:52:14.166: [amf] DEBUG:     IP[127.0.0.1] RAN_ID[16384] (../src/amf/ngap-handler.c:569)
11/20 18:52:14.166: [amf] DEBUG:     RAN_UE_NGAP_ID[1] AMF_UE_NGAP_ID[1] TAC[1] CellID[0x40001] (../src/amf/ngap-handler.c:650)
11/20 18:52:14.166: [amf] DEBUG: amf_state_operational(): AMF_EVENT_5GMM_MESSAGE (../src/amf/amf-sm.c:78)
11/20 18:52:14.166: [gmm] DEBUG: gmm_state_security_mode(): AMF_EVENT_5GMM_MESSAGE (../src/amf/gmm-sm.c:777)
11/20 18:52:14.166: [gmm] DEBUG: [imsi-999700000000010] Security mode complete (../src/amf/gmm-sm.c:798)
11/20 18:52:14.166: [gmm] DEBUG: Registration request in NAS message container (../src/amf/gmm-handler.c:1265)
11/20 18:52:14.166: [gmm] DEBUG:     5GMM Capability:[LPP:0, HO_ATTACH:1, S1_MODE:1] (../src/amf/gmm-handler.c:322)
11/20 18:52:14.166: [sbi] WARNING: Try to discover [nudm-uecm] (../lib/sbi/path.c:337)
11/20 18:52:14.166: [sbi] DEBUG: [GET] http://[::1]:7777/nnrf-disc/v1/nf-instances (../lib/sbi/client.c:625)
11/20 18:52:14.166: [gmm] DEBUG: gmm_state_security_mode(): EXIT (../src/amf/gmm-sm.c:777)
11/20 18:52:14.166: [gmm] DEBUG: gmm_state_initial_context_setup(): ENTRY (../src/amf/gmm-sm.c:969)
11/20 18:52:14.166: [sbi] DEBUG: STREAM added [7] (../lib/sbi/nghttp2-server.c:1122)
11/20 18:52:14.166: [sbi] DEBUG: [GET] /nnrf-disc/v1/nf-instances (../lib/sbi/nghttp2-server.c:801)
11/20 18:52:14.166: [nrf] DEBUG: nrf_state_operational(): OGS_EVENT_NAME_SBI_SERVER (../src/nrf/nrf-sm.c:50)
11/20 18:52:14.166: [nrf] DEBUG: NF-Discover : Requester[AMF] Target[UDM] (../src/nrf/nnrf-handler.c:450)
11/20 18:52:14.167: [nrf] DEBUG: [0] service-names[nudm-uecm] (../src/nrf/nnrf-handler.c:478)
11/20 18:52:14.167: [nrf] DEBUG: [7de92560-6947-41ed-aeda-453c1cb18a59:0] NF-Discovered [NF-Type:UDM,NF-Status:REGISTERED,IPv4:1,IPv6:0] (../src/nrf/nnrf-handler.c:505)
11/20 18:52:14.167: [sbi] DEBUG: STATUS [200] (../lib/sbi/nghttp2-server.c:357)
11/20 18:52:14.167: [sbi] DEBUG: SENDING...: 876 (../lib/sbi/nghttp2-server.c:365)
11/20 18:52:14.167: [sbi] DEBUG: {
	"validityPeriod":	3600,
	"nfInstances":	[{
			"nfInstanceId":	"7de92560-6947-41ed-aeda-453c1cb18a59",
			"nfType":	"UDM",
			"nfStatus":	"REGISTERED",
			"heartBeatTimer":	10,
			"ipv4Addresses":	["127.0.0.12"],
			"allowedNfTypes":	["AMF", "SMF", "AUSF", "SCP"],
			"priority":	0,
			"capacity":	100,
			"load":	0,
			"nfServiceList":	{
				"7de93a3c-6947-41ed-aeda-453c1cb18a59":	{
					"serviceInstanceId":	"7de93a3c-6947-41ed-aeda-453c1cb18a59",
					"serviceName":	"nudm-uecm",
					"versions":	[{
							"apiVersionInUri":	"v1",
							"apiFullVersion":	"1.0.0"
						}],
					"scheme":	"http",
					"nfServiceStatus":	"REGISTERED",
					"ipEndPoints":	[{
							"ipv4Address":	"127.0.0.12",
							"port":	7777
						}],
					"allowedNfTypes":	["AMF"],
					"priority":	0,
					"capacity":	100,
					"load":	0
				}
			},
			"nfProfileChangesSupportInd":	true
		}]
} (../lib/sbi/nghttp2-server.c:366)
11/20 18:52:14.167: [sbi] DEBUG: STREAM closed [7] (../lib/sbi/nghttp2-server.c:852)
0000: 00000b01 04000000 0788c2bf 0f0d0338   ...............8
0010: 3736bec0                              76..
0000: 00036c00 01000000 077b0a09 2276616c   ..l......{.."val
0010: 69646974 79506572 696f6422 3a093336   idityPeriod":.36
0020: 30302c0a 09226e66 496e7374 616e6365   00,.."nfInstance
0030: 73223a09 5b7b0a09 0909226e 66496e73   s":.[{...."nfIns
0040: 74616e63 65496422 3a092237 64653932   tanceId":."7de92
0050: 3536302d 36393437 2d343165 642d6165   560-6947-41ed-ae
0060: 64612d34 35336331 63623138 61353922   da-453c1cb18a59"
0070: 2c0a0909 09226e66 54797065 223a0922   ,...."nfType":."
0080: 55444d22 2c0a0909 09226e66 53746174   UDM",...."nfStat
0090: 7573223a 09225245 47495354 45524544   us":."REGISTERED
00a0: 222c0a09 09092268 65617274 42656174   ",...."heartBeat
00b0: 54696d65 72223a09 31302c0a 09090922   Timer":.10,...."
00c0: 69707634 41646472 65737365 73223a09   ipv4Addresses":.
00d0: 5b223132 372e302e 302e3132 225d2c0a   ["127.0.0.12"],.
00e0: 09090922 616c6c6f 7765644e 66547970   ..."allowedNfTyp
00f0: 6573223a 095b2241 4d46222c 2022534d   es":.["AMF", "SM
0100: 46222c20 22415553 46222c20 22534350   F", "AUSF", "SCP
0110: 225d2c0a 09090922 7072696f 72697479   "],...."priority
0120: 223a0930 2c0a0909 09226361 70616369   ":.0,...."capaci
0130: 7479223a 09313030 2c0a0909 09226c6f   ty":.100,...."lo
0140: 6164223a 09302c0a 09090922 6e665365   ad":.0,...."nfSe
0150: 72766963 654c6973 74223a09 7b0a0909   rviceList":.{...
0160: 09092237 64653933 6133632d 36393437   .."7de93a3c-6947
0170: 2d343165 642d6165 64612d34 35336331   -41ed-aeda-453c1
0180: 63623138 61353922 3a097b0a 09090909   cb18a59":.{.....
0190: 09227365 72766963 65496e73 74616e63   ."serviceInstanc
01a0: 65496422 3a092237 64653933 6133632d   eId":."7de93a3c-
01b0: 36393437 2d343165 642d6165 64612d34   6947-41ed-aeda-4
01c0: 35336331 63623138 61353922 2c0a0909   53c1cb18a59",...
01d0: 09090922 73657276 6963654e 616d6522   ..."serviceName"
01e0: 3a09226e 75646d2d 7565636d 222c0a09   :."nudm-uecm",..
01f0: 09090909 22766572 73696f6e 73223a09   ...."versions":.
0200: 5b7b0a09 09090909 09092261 70695665   [{........"apiVe
0210: 7273696f 6e496e55 7269223a 09227631   rsionInUri":."v1
0220: 222c0a09 09090909 09092261 70694675   ",........"apiFu
0230: 6c6c5665 7273696f 6e223a09 22312e30   llVersion":."1.0
0240: 2e30220a 09090909 09097d5d 2c0a0909   .0".......}],...
0250: 09090922 73636865 6d65223a 09226874   ..."scheme":."ht
0260: 7470222c 0a090909 0909226e 66536572   tp",......"nfSer
0270: 76696365 53746174 7573223a 09225245   viceStatus":."RE
0280: 47495354 45524544 222c0a09 09090909   GISTERED",......
0290: 22697045 6e64506f 696e7473 223a095b   "ipEndPoints":.[
02a0: 7b0a0909 09090909 09226970 76344164   {........"ipv4Ad
02b0: 64726573 73223a09 22313237 2e302e30   dress":."127.0.0
02c0: 2e313222 2c0a0909 09090909 0922706f   .12",........"po
02d0: 7274223a 09373737 370a0909 09090909   rt":.7777.......
02e0: 7d5d2c0a 09090909 0922616c 6c6f7765   }],......"allowe
02f0: 644e6654 79706573 223a095b 22414d46   dNfTypes":.["AMF
0300: 225d2c0a 09090909 09227072 696f7269   "],......"priori
0310: 7479223a 09302c0a 09090909 09226361   ty":.0,......"ca
0320: 70616369 7479223a 09313030 2c0a0909   pacity":.100,...
0330: 09090922 6c6f6164 223a0930 0a090909   ..."load":.0....
0340: 097d0a09 09097d2c 0a090909 226e6650   .}....},...."nfP
0350: 726f6669 6c654368 616e6765 73537570   rofileChangesSup
0360: 706f7274 496e6422 3a097472 75650a09   portInd":.true..
0370: 097d5d0a 7d                           .}].}
11/20 18:52:14.167: [sbi] DEBUG: [200:GET] http://[::1]:7777/nnrf-disc/v1/nf-instances?requester-nf-type=AMF&service-names=nudm-uecm&target-nf-type=UDM (../lib/sbi/client.c:573)
11/20 18:52:14.167: [sbi] DEBUG: RECEIVED[876] (../lib/sbi/client.c:584)
11/20 18:52:14.167: [sbi] DEBUG: {
	"validityPeriod":	3600,
	"nfInstances":	[{
			"nfInstanceId":	"7de92560-6947-41ed-aeda-453c1cb18a59",
			"nfType":	"UDM",
			"nfStatus":	"REGISTERED",
			"heartBeatTimer":	10,
			"ipv4Addresses":	["127.0.0.12"],
			"allowedNfTypes":	["AMF", "SMF", "AUSF", "SCP"],
			"priority":	0,
			"capacity":	100,
			"load":	0,
			"nfServiceList":	{
				"7de93a3c-6947-41ed-aeda-453c1cb18a59":	{
					"serviceInstanceId":	"7de93a3c-6947-41ed-aeda-453c1cb18a59",
					"serviceName":	"nudm-uecm",
					"versions":	[{
							"apiVersionInUri":	"v1",
							"apiFullVersion":	"1.0.0"
						}],
					"scheme":	"http",
					"nfServiceStatus":	"REGISTERED",
					"ipEndPoints":	[{
							"ipv4Address":	"127.0.0.12",
							"port":	7777
						}],
					"allowedNfTypes":	["AMF"],
					"priority":	0,
					"capacity":	100,
					"load":	0
				}
			},
			"nfProfileChangesSupportInd":	true
		}]
} (../lib/sbi/client.c:586)
11/20 18:52:14.167: [amf] DEBUG: amf_state_operational(): OGS_EVENT_NAME_SBI_CLIENT (../src/amf/amf-sm.c:78)
11/20 18:52:14.167: [sbi] DEBUG: ogs_sbi_nf_instance_add() (../lib/sbi/context.c:762)
11/20 18:52:14.167: [sbi] DEBUG: [REF] 1 (../lib/sbi/context.c:764)
11/20 18:52:14.168: [sbi] DEBUG: ogs_sbi_nf_state_initial(): ENTRY (../lib/sbi/nf-sm.c:66)
11/20 18:52:14.168: [sbi] DEBUG: ogs_sbi_nf_state_registered(): ENTRY (../lib/sbi/nf-sm.c:204)
11/20 18:52:14.168: [sbi] INFO: [7de92560-6947-41ed-aeda-453c1cb18a59] (NF-discover) NF registered (../lib/sbi/nnrf-handler.c:725)
11/20 18:52:14.168: [sock] DEBUG: addr:127.0.0.12, port:80 (../lib/core/ogs-sockaddr.c:140)
11/20 18:52:14.168: [sock] DEBUG: addr:127.0.0.12, port:7777 (../lib/core/ogs-sockaddr.c:140)
11/20 18:52:14.168: [sbi] DEBUG: ogs_sbi_client_add() (../lib/sbi/client.c:112)
11/20 18:52:14.168: [sbi] DEBUG: [REF] 1 (../lib/sbi/client.c:113)
11/20 18:52:14.168: [sbi] DEBUG: [REF] 2 (../lib/sbi/context.c:1570)
11/20 18:52:14.168: [sbi] DEBUG: ogs_sbi_client_add() (../lib/sbi/client.c:112)
11/20 18:52:14.168: [sbi] DEBUG: [REF] 1 (../lib/sbi/client.c:113)
11/20 18:52:14.168: [sbi] DEBUG: [REF] 2 (../lib/sbi/context.c:1482)
11/20 18:52:14.168: [sbi] INFO: [7de92560-6947-41ed-aeda-453c1cb18a59] (NF-discover) NF Profile updated (../lib/sbi/nnrf-handler.c:752)
11/20 18:52:14.168: [amf] DEBUG: [REF] 2 (../src/amf/context.c:1945)
11/20 18:52:14.168: [sbi] DEBUG: [PUT] http://127.0.0.12:7777/nudm-uecm/v1/imsi-999700000000010/registrations/amf-3gpp-access (../lib/sbi/client.c:625)
11/20 18:52:14.168: [sbi] DEBUG: SENDING...[262] (../lib/sbi/client.c:401)
11/20 18:52:14.168: [sbi] DEBUG: {
	"amfInstanceId":	"7ddada50-6947-41ed-ab85-e385b1ff7a33",
	"deregCallbackUri":	"http://127.0.0.5:7777/namf-callback/v1/imsi-999700000000010/dereg-notify",
	"guami":	{
		"plmnId":	{
			"mcc":	"999",
			"mnc":	"70"
		},
		"amfId":	"020040"
	},
	"ratType":	"NR"
} (../lib/sbi/client.c:403)
11/20 18:52:14.168: [sbi] DEBUG: MAX_CONCURRENT_STREAMS = 100 (../lib/sbi/nghttp2-server.c:747)
11/20 18:52:14.168: [sbi] DEBUG: ENABLE_PUSH = false (../lib/sbi/nghttp2-server.c:749)
0000: 00000604 00000000 00000300 04e200     ...............
11/20 18:52:14.168: [sbi] DEBUG: STREAM added [1] (../lib/sbi/nghttp2-server.c:1122)
11/20 18:52:14.168: [sbi] DEBUG: MAX_CONCURRENT_STREAMS = 100 (../lib/sbi/nghttp2-server.c:747)
11/20 18:52:14.168: [sbi] DEBUG: ENABLE_PUSH = false (../lib/sbi/nghttp2-server.c:749)
11/20 18:52:14.168: [sbi] DEBUG: [PUT] /nudm-uecm/v1/imsi-999700000000010/registrations/amf-3gpp-access (../lib/sbi/nghttp2-server.c:801)
11/20 18:52:14.168: [sbi] DEBUG: RECEIVED: 262 (../lib/sbi/nghttp2-server.c:805)
11/20 18:52:14.168: [sbi] DEBUG: {
	"amfInstanceId":	"7ddada50-6947-41ed-ab85-e385b1ff7a33",
	"deregCallbackUri":	"http://127.0.0.5:7777/namf-callback/v1/imsi-999700000000010/dereg-notify",
	"guami":	{
		"plmnId":	{
			"mcc":	"999",
			"mnc":	"70"
		},
		"amfId":	"020040"
	},
	"ratType":	"NR"
} (../lib/sbi/nghttp2-server.c:806)
11/20 18:52:14.168: [udm] DEBUG: udm_state_operational(): OGS_EVENT_NAME_SBI_SERVER (../src/udm/udm-sm.c:53)
11/20 18:52:14.168: [udm] DEBUG: udm_ue_state_operational(): OGS_EVENT_NAME_SBI_SERVER (../src/udm/ue-sm.c:46)
11/20 18:52:14.168: [sbi] DEBUG: [PUT] http://127.0.0.20:7777/nudr-dr/v1/subscription-data/imsi-999700000000010/context-data/amf-3gpp-access (../lib/sbi/client.c:625)
11/20 18:52:14.168: [sbi] DEBUG: SENDING...[262] (../lib/sbi/client.c:401)
11/20 18:52:14.168: [sbi] DEBUG: {
	"amfInstanceId":	"7ddada50-6947-41ed-ab85-e385b1ff7a33",
	"deregCallbackUri":	"http://127.0.0.5:7777/namf-callback/v1/imsi-999700000000010/dereg-notify",
	"guami":	{
		"plmnId":	{
			"mcc":	"999",
			"mnc":	"70"
		},
		"amfId":	"020040"
	},
	"ratType":	"NR"
} (../lib/sbi/client.c:403)
11/20 18:52:14.168: [sbi] DEBUG: STREAM added [5] (../lib/sbi/nghttp2-server.c:1122)
11/20 18:52:14.168: [sbi] DEBUG: [PUT] /nudr-dr/v1/subscription-data/imsi-999700000000010/context-data/amf-3gpp-access (../lib/sbi/nghttp2-server.c:801)
11/20 18:52:14.168: [sbi] DEBUG: RECEIVED: 262 (../lib/sbi/nghttp2-server.c:805)
11/20 18:52:14.168: [sbi] DEBUG: {
	"amfInstanceId":	"7ddada50-6947-41ed-ab85-e385b1ff7a33",
	"deregCallbackUri":	"http://127.0.0.5:7777/namf-callback/v1/imsi-999700000000010/dereg-notify",
	"guami":	{
		"plmnId":	{
			"mcc":	"999",
			"mnc":	"70"
		},
		"amfId":	"020040"
	},
	"ratType":	"NR"
} (../lib/sbi/nghttp2-server.c:806)
11/20 18:52:14.168: [udr] DEBUG: udr_state_operational(): OGS_EVENT_NAME_SBI_SERVER (../src/udr/udr-sm.c:51)
11/20 18:52:14.168: [sbi] DEBUG: STATUS [204] (../lib/sbi/nghttp2-server.c:357)
11/20 18:52:14.168: [sbi] DEBUG: STREAM closed [5] (../lib/sbi/nghttp2-server.c:852)
0000: 00000301 05000000 0589c0bf            ............
11/20 18:52:14.169: [sbi] DEBUG: [204:PUT] http://127.0.0.20:7777/nudr-dr/v1/subscription-data/imsi-999700000000010/context-data/amf-3gpp-access (../lib/sbi/client.c:573)
11/20 18:52:14.169: [sbi] DEBUG: RECEIVED[0] (../lib/sbi/client.c:584)
11/20 18:52:14.169: [udm] DEBUG: udm_state_operational(): OGS_EVENT_NAME_SBI_CLIENT (../src/udm/udm-sm.c:53)
11/20 18:52:14.169: [udm] DEBUG: udm_ue_state_operational(): OGS_EVENT_NAME_SBI_CLIENT (../src/udm/ue-sm.c:46)
11/20 18:52:14.169: [sbi] DEBUG: STATUS [201] (../lib/sbi/nghttp2-server.c:357)
11/20 18:52:14.169: [sbi] DEBUG: SENDING...: 262 (../lib/sbi/nghttp2-server.c:365)
11/20 18:52:14.169: [sbi] DEBUG: {
	"amfInstanceId":	"7ddada50-6947-41ed-ab85-e385b1ff7a33",
	"deregCallbackUri":	"http://127.0.0.5:7777/namf-callback/v1/imsi-999700000000010/dereg-notify",
	"guami":	{
		"plmnId":	{
			"mcc":	"999",
			"mnc":	"70"
		},
		"amfId":	"020040"
	},
	"ratType":	"NR"
} (../lib/sbi/nghttp2-server.c:366)
11/20 18:52:14.169: [sbi] DEBUG: STREAM closed [1] (../lib/sbi/nghttp2-server.c:852)
0000: 00000004 01000000 00                  .........
0000: 00007a01 04000000 01488210 03768bd5   ..z......H...v..
0010: 596a6f16 e53b8976 d76f6196 d07abe94   Yjo..;.v.oa..z..
0020: 1054d27e ea080212 8015c6c5 702d298b   .T.~........p-).
0030: 46ff0f0d 8213820f 1fbc9d29 aee30c04   F..........)....
0040: 4eae05c0 b84571d7 5d758aad 9295ad29   N....Eq.]u.....)
0050: 2963b858 352832cf befba000 00000000   )c.X5(2.........
0060: 0818b0b3 1909b069 31ea4303 a655999a   .......i1.C..U..
0070: bad61908 54235f8b 1d75d062 0d263d4c   ....T#_..u.b.&=L
0080: 7441ea                                tA.
11/20 18:52:14.169: [sbi] DEBUG: [201:PUT] http://127.0.0.12:7777/nudm-uecm/v1/imsi-999700000000010/registrations/amf-3gpp-access (../lib/sbi/client.c:573)
11/20 18:52:14.169: [sbi] DEBUG: RECEIVED[262] (../lib/sbi/client.c:584)
11/20 18:52:14.169: [sbi] DEBUG: {
	"amfInstanceId":	"7ddada50-6947-41ed-ab85-e385b1ff7a33",
	"deregCallbackUri":	"http://127.0.0.5:7777/namf-callback/v1/imsi-999700000000010/dereg-notify",
	"guami":	{
		"plmnId":	{
			"mcc":	"999",
			"mnc":	"70"
		},
		"amfId":	"020040"
	},
	"ratType":	"NR"
} (../lib/sbi/client.c:586)
0000: 00010600 01000000 017b0a09 22616d66   .........{.."amf
0010: 496e7374 616e6365 4964223a 09223764   InstanceId":."7d
0020: 64616461 35302d36 3934372d 34316564   dada50-6947-41ed
0030: 2d616238 352d6533 38356231 66663761   -ab85-e385b1ff7a
0040: 3333222c 0a092264 65726567 43616c6c   33",.."deregCall
0050: 6261636b 55726922 3a092268 7474703a   backUri":."http:
0060: 2f2f3132 372e302e 302e353a 37373737   //127.0.0.5:7777
0070: 2f6e616d 662d6361 6c6c6261 636b2f76   /namf-callback/v
0080: 312f696d 73692d39 39393730 30303030   1/imsi-999700000
0090: 30303030 31302f64 65726567 2d6e6f74   000010/dereg-not
00a0: 69667922 2c0a0922 6775616d 69223a09   ify",.."guami":.
00b0: 7b0a0909 22706c6d 6e496422 3a097b0a   {..."plmnId":.{.
00c0: 09090922 6d636322 3a092239 3939222c   ..."mcc":."999",
00d0: 0a090909 226d6e63 223a0922 3730220a   ...."mnc":."70".
00e0: 09097d2c 0a090922 616d6649 64223a09   ..},..."amfId":.
00f0: 22303230 30343022 0a097d2c 0a092272   "020040"..},.."r
0100: 61745479 7065223a 09224e52 220a7d     atType":."NR".}
11/20 18:52:14.169: [amf] DEBUG: amf_state_operational(): OGS_EVENT_NAME_SBI_CLIENT (../src/amf/amf-sm.c:78)
11/20 18:52:14.169: [gmm] DEBUG: gmm_state_initial_context_setup(): OGS_EVENT_NAME_SBI_CLIENT (../src/amf/gmm-sm.c:969)
11/20 18:52:14.169: [sbi] WARNING: Try to discover [nudm-sdm] (../lib/sbi/path.c:337)
11/20 18:52:14.169: [sbi] DEBUG: [GET] http://[::1]:7777/nnrf-disc/v1/nf-instances (../lib/sbi/client.c:625)
11/20 18:52:14.169: [sbi] DEBUG: STREAM added [9] (../lib/sbi/nghttp2-server.c:1122)
11/20 18:52:14.169: [sbi] DEBUG: [GET] /nnrf-disc/v1/nf-instances (../lib/sbi/nghttp2-server.c:801)
11/20 18:52:14.169: [nrf] DEBUG: nrf_state_operational(): OGS_EVENT_NAME_SBI_SERVER (../src/nrf/nrf-sm.c:50)
11/20 18:52:14.169: [nrf] DEBUG: NF-Discover : Requester[AMF] Target[UDM] (../src/nrf/nnrf-handler.c:450)
11/20 18:52:14.169: [nrf] DEBUG: [0] service-names[nudm-sdm] (../src/nrf/nnrf-handler.c:478)
11/20 18:52:14.169: [nrf] DEBUG: [7de92560-6947-41ed-aeda-453c1cb18a59:0] NF-Discovered [NF-Type:UDM,NF-Status:REGISTERED,IPv4:1,IPv6:0] (../src/nrf/nnrf-handler.c:505)
11/20 18:52:14.169: [sbi] DEBUG: STATUS [200] (../lib/sbi/nghttp2-server.c:357)
11/20 18:52:14.169: [sbi] DEBUG: SENDING...: 882 (../lib/sbi/nghttp2-server.c:365)
11/20 18:52:14.169: [sbi] DEBUG: {
	"validityPeriod":	3600,
	"nfInstances":	[{
			"nfInstanceId":	"7de92560-6947-41ed-aeda-453c1cb18a59",
			"nfType":	"UDM",
			"nfStatus":	"REGISTERED",
			"heartBeatTimer":	10,
			"ipv4Addresses":	["127.0.0.12"],
			"allowedNfTypes":	["AMF", "SMF", "AUSF", "SCP"],
			"priority":	0,
			"capacity":	100,
			"load":	0,
			"nfServiceList":	{
				"7de93a8c-6947-41ed-aeda-453c1cb18a59":	{
					"serviceInstanceId":	"7de93a8c-6947-41ed-aeda-453c1cb18a59",
					"serviceName":	"nudm-sdm",
					"versions":	[{
							"apiVersionInUri":	"v2",
							"apiFullVersion":	"2.0.0"
						}],
					"scheme":	"http",
					"nfServiceStatus":	"REGISTERED",
					"ipEndPoints":	[{
							"ipv4Address":	"127.0.0.12",
							"port":	7777
						}],
					"allowedNfTypes":	["AMF", "SMF"],
					"priority":	0,
					"capacity":	100,
					"load":	0
				}
			},
			"nfProfileChangesSupportInd":	true
		}]
} (../lib/sbi/nghttp2-server.c:366)
11/20 18:52:14.169: [sbi] DEBUG: STREAM closed [9] (../lib/sbi/nghttp2-server.c:852)
0000: 00000b01 04000000 0988c2bf 0f0d0338   ...............8
0010: 3832bec0                              82..
0000: 00037200 01000000 097b0a09 2276616c   ..r......{.."val
0010: 69646974 79506572 696f6422 3a093336   idityPeriod":.36
0020: 30302c0a 09226e66 496e7374 616e6365   00,.."nfInstance
0030: 73223a09 5b7b0a09 0909226e 66496e73   s":.[{...."nfIns
0040: 74616e63 65496422 3a092237 64653932   tanceId":."7de92
0050: 3536302d 36393437 2d343165 642d6165   560-6947-41ed-ae
0060: 64612d34 35336331 63623138 61353922   da-453c1cb18a59"
0070: 2c0a0909 09226e66 54797065 223a0922   ,...."nfType":."
0080: 55444d22 2c0a0909 09226e66 53746174   UDM",...."nfStat
0090: 7573223a 09225245 47495354 45524544   us":."REGISTERED
00a0: 222c0a09 09092268 65617274 42656174   ",...."heartBeat
00b0: 54696d65 72223a09 31302c0a 09090922   Timer":.10,...."
00c0: 69707634 41646472 65737365 73223a09   ipv4Addresses":.
00d0: 5b223132 372e302e 302e3132 225d2c0a   ["127.0.0.12"],.
00e0: 09090922 616c6c6f 7765644e 66547970   ..."allowedNfTyp
00f0: 6573223a 095b2241 4d46222c 2022534d   es":.["AMF", "SM
0100: 46222c20 22415553 46222c20 22534350   F", "AUSF", "SCP
0110: 225d2c0a 09090922 7072696f 72697479   "],...."priority
0120: 223a0930 2c0a0909 09226361 70616369   ":.0,...."capaci
0130: 7479223a 09313030 2c0a0909 09226c6f   ty":.100,...."lo
0140: 6164223a 09302c0a 09090922 6e665365   ad":.0,...."nfSe
0150: 72766963 654c6973 74223a09 7b0a0909   rviceList":.{...
0160: 09092237 64653933 6138632d 36393437   .."7de93a8c-6947
0170: 2d343165 642d6165 64612d34 35336331   -41ed-aeda-453c1
0180: 63623138 61353922 3a097b0a 09090909   cb18a59":.{.....
0190: 09227365 72766963 65496e73 74616e63   ."serviceInstanc
01a0: 65496422 3a092237 64653933 6138632d   eId":."7de93a8c-
01b0: 36393437 2d343165 642d6165 64612d34   6947-41ed-aeda-4
01c0: 35336331 63623138 61353922 2c0a0909   53c1cb18a59",...
01d0: 09090922 73657276 6963654e 616d6522   ..."serviceName"
01e0: 3a09226e 75646d2d 73646d22 2c0a0909   :."nudm-sdm",...
01f0: 09090922 76657273 696f6e73 223a095b   ..."versions":.[
0200: 7b0a0909 09090909 09226170 69566572   {........"apiVer
0210: 73696f6e 496e5572 69223a09 22763222   sionInUri":."v2"
0220: 2c0a0909 09090909 09226170 6946756c   ,........"apiFul
0230: 6c566572 73696f6e 223a0922 322e302e   lVersion":."2.0.
0240: 30220a09 09090909 097d5d2c 0a090909   0".......}],....
0250: 09092273 6368656d 65223a09 22687474   .."scheme":."htt
0260: 70222c0a 09090909 09226e66 53657276   p",......"nfServ
0270: 69636553 74617475 73223a09 22524547   iceStatus":."REG
0280: 49535445 52454422 2c0a0909 09090922   ISTERED",......"
0290: 6970456e 64506f69 6e747322 3a095b7b   ipEndPoints":.[{
02a0: 0a090909 09090909 22697076 34416464   ........"ipv4Add
02b0: 72657373 223a0922 3132372e 302e302e   ress":."127.0.0.
02c0: 3132222c 0a090909 09090909 22706f72   12",........"por
02d0: 74223a09 37373737 0a090909 0909097d   t":.7777.......}
02e0: 5d2c0a09 09090909 22616c6c 6f776564   ],......"allowed
02f0: 4e665479 70657322 3a095b22 414d4622   NfTypes":.["AMF"
0300: 2c202253 4d46225d 2c0a0909 09090922   , "SMF"],......"
0310: 7072696f 72697479 223a0930 2c0a0909   priority":.0,...
0320: 09090922 63617061 63697479 223a0931   ..."capacity":.1
0330: 30302c0a 09090909 09226c6f 6164223a   00,......"load":
0340: 09300a09 0909097d 0a090909 7d2c0a09   .0.....}....},..
0350: 0909226e 6650726f 66696c65 4368616e   .."nfProfileChan
0360: 67657353 7570706f 7274496e 64223a09   gesSupportInd":.
0370: 74727565 0a09097d 5d0a7d              true...}].}
11/20 18:52:14.170: [sbi] DEBUG: [200:GET] http://[::1]:7777/nnrf-disc/v1/nf-instances?requester-nf-type=AMF&service-names=nudm-sdm&target-nf-type=UDM (../lib/sbi/client.c:573)
11/20 18:52:14.170: [sbi] DEBUG: RECEIVED[882] (../lib/sbi/client.c:584)
11/20 18:52:14.170: [sbi] DEBUG: {
	"validityPeriod":	3600,
	"nfInstances":	[{
			"nfInstanceId":	"7de92560-6947-41ed-aeda-453c1cb18a59",
			"nfType":	"UDM",
			"nfStatus":	"REGISTERED",
			"heartBeatTimer":	10,
			"ipv4Addresses":	["127.0.0.12"],
			"allowedNfTypes":	["AMF", "SMF", "AUSF", "SCP"],
			"priority":	0,
			"capacity":	100,
			"load":	0,
			"nfServiceList":	{
				"7de93a8c-6947-41ed-aeda-453c1cb18a59":	{
					"serviceInstanceId":	"7de93a8c-6947-41ed-aeda-453c1cb18a59",
					"serviceName":	"nudm-sdm",
					"versions":	[{
							"apiVersionInUri":	"v2",
							"apiFullVersion":	"2.0.0"
						}],
					"scheme":	"http",
					"nfServiceStatus":	"REGISTERED",
					"ipEndPoints":	[{
							"ipv4Address":	"127.0.0.12",
							"port":	7777
						}],
					"allowedNfTypes":	["AMF", "SMF"],
					"priority":	0,
					"capacity":	100,
					"load":	0
				}
			},
			"nfProfileChangesSupportInd":	true
		}]
} (../lib/sbi/client.c:586)
11/20 18:52:14.170: [amf] DEBUG: amf_state_operational(): OGS_EVENT_NAME_SBI_CLIENT (../src/amf/amf-sm.c:78)
11/20 18:52:14.170: [sbi] WARNING: [7de92560-6947-41ed-aeda-453c1cb18a59] (NF-discover) NF has already been added (../lib/sbi/nnrf-handler.c:730)
11/20 18:52:14.170: [sock] DEBUG: addr:127.0.0.12, port:80 (../lib/core/ogs-sockaddr.c:140)
11/20 18:52:14.170: [sock] DEBUG: addr:127.0.0.12, port:7777 (../lib/core/ogs-sockaddr.c:140)
11/20 18:52:14.170: [sbi] WARNING: NF EndPoint updated [127.0.0.12:80] (../lib/sbi/context.c:1570)
11/20 18:52:14.170: [sbi] DEBUG: ogs_sbi_client_remove() [127.0.0.12:80] (../lib/sbi/client.c:153)
11/20 18:52:14.170: [sbi] DEBUG: [UNREF] 2 (../lib/sbi/client.c:157)
11/20 18:52:14.170: [sbi] DEBUG: [REF] 2 (../lib/sbi/context.c:1570)
11/20 18:52:14.170: [sbi] WARNING: NF EndPoint updated [127.0.0.12:7777] (../lib/sbi/context.c:1482)
11/20 18:52:14.170: [sbi] DEBUG: ogs_sbi_client_remove() [127.0.0.12:7777] (../lib/sbi/client.c:153)
11/20 18:52:14.170: [sbi] DEBUG: [UNREF] 2 (../lib/sbi/client.c:157)
11/20 18:52:14.170: [sbi] DEBUG: [REF] 2 (../lib/sbi/context.c:1482)
11/20 18:52:14.170: [sbi] DEBUG: [REF] 3 (../lib/sbi/context.c:1482)
11/20 18:52:14.170: [sbi] INFO: [7de92560-6947-41ed-aeda-453c1cb18a59] (NF-discover) NF Profile updated (../lib/sbi/nnrf-handler.c:752)
11/20 18:52:14.170: [amf] DEBUG: [REF] 3 (../src/amf/context.c:1945)
11/20 18:52:14.170: [sbi] DEBUG: [GET] http://127.0.0.12:7777/nudm-sdm/v2/imsi-999700000000010/am-data (../lib/sbi/client.c:625)
11/20 18:52:14.170: [sbi] DEBUG: STREAM added [3] (../lib/sbi/nghttp2-server.c:1122)
11/20 18:52:14.170: [sbi] DEBUG: [GET] /nudm-sdm/v2/imsi-999700000000010/am-data (../lib/sbi/nghttp2-server.c:801)
11/20 18:52:14.170: [udm] DEBUG: udm_state_operational(): OGS_EVENT_NAME_SBI_SERVER (../src/udm/udm-sm.c:53)
11/20 18:52:14.170: [udm] DEBUG: udm_ue_state_operational(): OGS_EVENT_NAME_SBI_SERVER (../src/udm/ue-sm.c:46)
11/20 18:52:14.170: [sbi] DEBUG: [GET] http://127.0.0.20:7777/nudr-dr/v1/subscription-data/imsi-999700000000010/99970/provisioned-data/am-data (../lib/sbi/client.c:625)
11/20 18:52:14.170: [sbi] DEBUG: STREAM added [7] (../lib/sbi/nghttp2-server.c:1122)
11/20 18:52:14.171: [sbi] DEBUG: [GET] /nudr-dr/v1/subscription-data/imsi-999700000000010/99970/provisioned-data/am-data (../lib/sbi/nghttp2-server.c:801)
11/20 18:52:14.171: [udr] DEBUG: udr_state_operational(): OGS_EVENT_NAME_SBI_SERVER (../src/udr/udr-sm.c:51)
11/20 18:52:14.171: [sbi] DEBUG: STATUS [200] (../lib/sbi/nghttp2-server.c:357)
11/20 18:52:14.171: [sbi] DEBUG: SENDING...: 207 (../lib/sbi/nghttp2-server.c:365)
11/20 18:52:14.171: [sbi] DEBUG: {
	"gpsis":	["msisdn-491725670014", "msisdn-491725670015"],
	"subscribedUeAmbr":	{
		"uplink":	"1048576 Kbps",
		"downlink":	"1048576 Kbps"
	},
	"nssai":	{
		"defaultSingleNssais":	[{
				"sst":	1
			}]
	}
} (../lib/sbi/nghttp2-server.c:366)
11/20 18:52:14.171: [sbi] DEBUG: STREAM closed [7] (../lib/sbi/nghttp2-server.c:852)
0000: 00000901 04000000 0788c0bf 0f0d8210   ................
0010: 1dbe                                  ..
11/20 18:52:14.171: [sbi] DEBUG: [200:GET] http://127.0.0.20:7777/nudr-dr/v1/subscription-data/imsi-999700000000010/99970/provisioned-data/am-data (../lib/sbi/client.c:573)
11/20 18:52:14.171: [sbi] DEBUG: RECEIVED[207] (../lib/sbi/client.c:584)
11/20 18:52:14.171: [sbi] DEBUG: {
	"gpsis":	["msisdn-491725670014", "msisdn-491725670015"],
	"subscribedUeAmbr":	{
		"uplink":	"1048576 Kbps",
		"downlink":	"1048576 Kbps"
	},
	"nssai":	{
		"defaultSingleNssais":	[{
				"sst":	1
			}]
	}
} (../lib/sbi/client.c:586)
11/20 18:52:14.171: [udm] DEBUG: udm_state_operational(): OGS_EVENT_NAME_SBI_CLIENT (../src/udm/udm-sm.c:53)
0000: 0000cf00 01000000 077b0a09 22677073   .........{.."gps
0010: 6973223a 095b226d 73697364 6e2d3439   is":.["msisdn-49
0020: 31373235 36373030 3134222c 20226d73   1725670014", "ms
0030: 6973646e 2d343931 37323536 37303031   isdn-49172567001
0040: 35225d2c 0a092273 75627363 72696265   5"],.."subscribe
0050: 64556541 6d627222 3a097b0a 09092275   dUeAmbr":.{..."u
0060: 706c696e 6b223a09 22313034 38353736   plink":."1048576
0070: 204b6270 73222c0a 09092264 6f776e6c    Kbps",..."downl
0080: 696e6b22 3a092231 30343835 3736204b   ink":."1048576 K
0090: 62707322 0a097d2c 0a09226e 73736169   bps"..},.."nssai
00a0: 223a097b 0a090922 64656661 756c7453   ":.{..."defaultS
00b0: 696e676c 654e7373 61697322 3a095b7b   ingleNssais":.[{
00c0: 0a090909 09227373 74223a09 310a0909   ....."sst":.1...
00d0: 097d5d0a 097d0a7d                     .}]..}.}
11/20 18:52:14.171: [udm] DEBUG: udm_ue_state_operational(): OGS_EVENT_NAME_SBI_CLIENT (../src/udm/ue-sm.c:46)
11/20 18:52:14.171: [sbi] DEBUG: STATUS [200] (../lib/sbi/nghttp2-server.c:357)
11/20 18:52:14.171: [sbi] DEBUG: SENDING...: 207 (../lib/sbi/nghttp2-server.c:365)
11/20 18:52:14.171: [sbi] DEBUG: {
	"gpsis":	["msisdn-491725670014", "msisdn-491725670015"],
	"subscribedUeAmbr":	{
		"uplink":	"1048576 Kbps",
		"downlink":	"1048576 Kbps"
	},
	"nssai":	{
		"defaultSingleNssais":	[{
				"sst":	1
			}]
	}
} (../lib/sbi/nghttp2-server.c:366)
11/20 18:52:14.171: [sbi] DEBUG: STREAM closed [3] (../lib/sbi/nghttp2-server.c:852)
0000: 00000901 04000000 0388c0bf 0f0d8210   ................
0010: 1dbe                                  ..
0000: 0000cf00 01000000 037b0a09 22677073   .........{.."gps
0010: 6973223a 095b226d 73697364 6e2d3439   is":.["msisdn-49
0020: 31373235 36373030 3134222c 20226d73   1725670014", "ms
0030: 6973646e 2d343931 37323536 37303031   isdn-49172567001
0040: 35225d2c 0a092273 75627363 72696265   5"],.."subscribe
0050: 64556541 6d627222 3a097b0a 09092275   dUeAmbr":.{..."u
0060: 706c696e 6b223a09 22313034 38353736   plink":."1048576
0070: 204b6270 73222c0a 09092264 6f776e6c    Kbps",..."downl
0080: 696e6b22 3a092231 30343835 3736204b   ink":."1048576 K
0090: 62707322 0a097d2c 0a09226e 73736169   bps"..},.."nssai
00a0: 223a097b 0a090922 64656661 756c7453   ":.{..."defaultS
00b0: 696e676c 654e7373 61697322 3a095b7b   ingleNssais":.[{
00c0: 0a090909 09227373 74223a09 310a0909   ....."sst":.1...
00d0: 097d5d0a 097d0a7d                     .}]..}.}
11/20 18:52:14.172: [sbi] DEBUG: [200:GET] http://127.0.0.12:7777/nudm-sdm/v2/imsi-999700000000010/am-data (../lib/sbi/client.c:573)
11/20 18:52:14.172: [sbi] DEBUG: RECEIVED[207] (../lib/sbi/client.c:584)
11/20 18:52:14.172: [sbi] DEBUG: {
	"gpsis":	["msisdn-491725670014", "msisdn-491725670015"],
	"subscribedUeAmbr":	{
		"uplink":	"1048576 Kbps",
		"downlink":	"1048576 Kbps"
	},
	"nssai":	{
		"defaultSingleNssais":	[{
				"sst":	1
			}]
	}
} (../lib/sbi/client.c:586)
11/20 18:52:14.172: [amf] DEBUG: amf_state_operational(): OGS_EVENT_NAME_SBI_CLIENT (../src/amf/amf-sm.c:78)
11/20 18:52:14.172: [gmm] DEBUG: gmm_state_initial_context_setup(): OGS_EVENT_NAME_SBI_CLIENT (../src/amf/gmm-sm.c:969)
11/20 18:52:14.172: [sbi] DEBUG: [GET] http://127.0.0.12:7777/nudm-sdm/v2/imsi-999700000000010/smf-select-data (../lib/sbi/client.c:625)
11/20 18:52:14.172: [sbi] DEBUG: STREAM added [5] (../lib/sbi/nghttp2-server.c:1122)
11/20 18:52:14.172: [sbi] DEBUG: [GET] /nudm-sdm/v2/imsi-999700000000010/smf-select-data (../lib/sbi/nghttp2-server.c:801)
11/20 18:52:14.172: [udm] DEBUG: udm_state_operational(): OGS_EVENT_NAME_SBI_SERVER (../src/udm/udm-sm.c:53)
11/20 18:52:14.172: [udm] DEBUG: udm_ue_state_operational(): OGS_EVENT_NAME_SBI_SERVER (../src/udm/ue-sm.c:46)
11/20 18:52:14.172: [sbi] DEBUG: [GET] http://127.0.0.20:7777/nudr-dr/v1/subscription-data/imsi-999700000000010/99970/provisioned-data/smf-selection-subscription-data (../lib/sbi/client.c:625)
11/20 18:52:14.172: [sbi] DEBUG: STREAM added [9] (../lib/sbi/nghttp2-server.c:1122)
11/20 18:52:14.172: [sbi] DEBUG: [GET] /nudr-dr/v1/subscription-data/imsi-999700000000010/99970/provisioned-data/smf-selection-subscription-data (../lib/sbi/nghttp2-server.c:801)
11/20 18:52:14.172: [udr] DEBUG: udr_state_operational(): OGS_EVENT_NAME_SBI_SERVER (../src/udr/udr-sm.c:51)
11/20 18:52:14.173: [sbi] DEBUG: STATUS [200] (../lib/sbi/nghttp2-server.c:357)
11/20 18:52:14.173: [sbi] DEBUG: SENDING...: 147 (../lib/sbi/nghttp2-server.c:365)
11/20 18:52:14.173: [sbi] DEBUG: {
	"subscribedSnssaiInfos":	{
		"{\n\t\"sst\":\t1\n}":	{
			"dnnInfos":	[{
					"dnn":	"internet",
					"defaultDnnIndicator":	true
				}]
		}
	}
} (../lib/sbi/nghttp2-server.c:366)
11/20 18:52:14.173: [sbi] DEBUG: STREAM closed [9] (../lib/sbi/nghttp2-server.c:852)
0000: 00000a01 04000000 0988c0bf 0f0d0331   ...............1
0010: 3437be                                47.
11/20 18:52:14.173: [sbi] DEBUG: [200:GET] http://127.0.0.20:7777/nudr-dr/v1/subscription-data/imsi-999700000000010/99970/provisioned-data/smf-selection-subscription-data (../lib/sbi/client.c:573)
11/20 18:52:14.173: [sbi] DEBUG: RECEIVED[147] (../lib/sbi/client.c:584)
0000: 00009300 01000000 097b0a09 22737562   .........{.."sub
0010: 73637269 62656453 6e737361 69496e66   scribedSnssaiInf
0020: 6f73223a 097b0a09 09227b5c 6e5c745c   os":.{..."{\n\t\
0030: 22737374 5c223a5c 74315c6e 7d223a09   "sst\":\t1\n}":.
0040: 7b0a0909 0922646e 6e496e66 6f73223a   {...."dnnInfos":
0050: 095b7b0a 09090909 0922646e 6e223a09   .[{......"dnn":.
0060: 22696e74 65726e65 74222c0a 09090909   "internet",.....
0070: 09226465 6661756c 74446e6e 496e6469   ."defaultDnnIndi
0080: 6361746f 72223a09 74727565 0a090909   cator":.true....
0090: 097d5d0a 09097d0a 097d0a7d            .}]...}..}.}
11/20 18:52:14.173: [sbi] DEBUG: {
	"subscribedSnssaiInfos":	{
		"{\n\t\"sst\":\t1\n}":	{
			"dnnInfos":	[{
					"dnn":	"internet",
					"defaultDnnIndicator":	true
				}]
		}
	}
} (../lib/sbi/client.c:586)
11/20 18:52:14.173: [udm] DEBUG: udm_state_operational(): OGS_EVENT_NAME_SBI_CLIENT (../src/udm/udm-sm.c:53)
11/20 18:52:14.173: [udm] DEBUG: udm_ue_state_operational(): OGS_EVENT_NAME_SBI_CLIENT (../src/udm/ue-sm.c:46)
11/20 18:52:14.173: [sbi] DEBUG: STATUS [200] (../lib/sbi/nghttp2-server.c:357)
11/20 18:52:14.173: [sbi] DEBUG: SENDING...: 147 (../lib/sbi/nghttp2-server.c:365)
11/20 18:52:14.173: [sbi] DEBUG: {
	"subscribedSnssaiInfos":	{
		"{\n\t\"sst\":\t1\n}":	{
			"dnnInfos":	[{
					"dnn":	"internet",
					"defaultDnnIndicator":	true
				}]
		}
	}
} (../lib/sbi/nghttp2-server.c:366)
11/20 18:52:14.173: [sbi] DEBUG: STREAM closed [5] (../lib/sbi/nghttp2-server.c:852)
0000: 00000a01 04000000 0588c0bf 0f0d0331   ...............1
0010: 3437be                                47.
11/20 18:52:14.173: [sbi] DEBUG: [200:GET] http://127.0.0.12:7777/nudm-sdm/v2/imsi-999700000000010/smf-select-data (../lib/sbi/client.c:573)
0000: 00009300 01000000 057b0a09 22737562   .........{.."sub
0010: 73637269 62656453 6e737361 69496e66   scribedSnssaiInf
0020: 6f73223a 097b0a09 09227b5c 6e5c745c   os":.{..."{\n\t\
0030: 22737374 5c223a5c 74315c6e 7d223a09   "sst\":\t1\n}":.
0040: 7b0a0909 0922646e 6e496e66 6f73223a   {...."dnnInfos":
0050: 095b7b0a 09090909 0922646e 6e223a09   .[{......"dnn":.
0060: 22696e74 65726e65 74222c0a 09090909   "internet",.....
0070: 09226465 6661756c 74446e6e 496e6469   ."defaultDnnIndi
0080: 6361746f 72223a09 74727565 0a090909   cator":.true....
0090: 097d5d0a 09097d0a 097d0a7d            .}]...}..}.}
11/20 18:52:14.173: [sbi] DEBUG: RECEIVED[147] (../lib/sbi/client.c:584)
11/20 18:52:14.173: [sbi] DEBUG: {
	"subscribedSnssaiInfos":	{
		"{\n\t\"sst\":\t1\n}":	{
			"dnnInfos":	[{
					"dnn":	"internet",
					"defaultDnnIndicator":	true
				}]
		}
	}
} (../lib/sbi/client.c:586)
11/20 18:52:14.173: [amf] DEBUG: amf_state_operational(): OGS_EVENT_NAME_SBI_CLIENT (../src/amf/amf-sm.c:78)
11/20 18:52:14.173: [gmm] DEBUG: gmm_state_initial_context_setup(): OGS_EVENT_NAME_SBI_CLIENT (../src/amf/gmm-sm.c:969)
11/20 18:52:14.173: [sbi] DEBUG: [GET] http://127.0.0.12:7777/nudm-sdm/v2/imsi-999700000000010/ue-context-in-smf-data (../lib/sbi/client.c:625)
11/20 18:52:14.173: [sbi] DEBUG: STREAM added [7] (../lib/sbi/nghttp2-server.c:1122)
11/20 18:52:14.173: [sbi] DEBUG: [GET] /nudm-sdm/v2/imsi-999700000000010/ue-context-in-smf-data (../lib/sbi/nghttp2-server.c:801)
11/20 18:52:14.173: [udm] DEBUG: udm_state_operational(): OGS_EVENT_NAME_SBI_SERVER (../src/udm/udm-sm.c:53)
11/20 18:52:14.173: [udm] DEBUG: udm_ue_state_operational(): OGS_EVENT_NAME_SBI_SERVER (../src/udm/ue-sm.c:46)
11/20 18:52:14.173: [sbi] DEBUG: STATUS [200] (../lib/sbi/nghttp2-server.c:357)
11/20 18:52:14.174: [sbi] DEBUG: SENDING...: 3 (../lib/sbi/nghttp2-server.c:365)
11/20 18:52:14.174: [sbi] DEBUG: {
} (../lib/sbi/nghttp2-server.c:366)
11/20 18:52:14.174: [sbi] DEBUG: STREAM closed [7] (../lib/sbi/nghttp2-server.c:852)
0000: 00000801 04000000 0788c0bf 0f0d0133   ...............3
0010: be                                    .
0000: 00000300 01000000 077b0a7d            .........{.}
11/20 18:52:14.174: [sbi] DEBUG: [200:GET] http://127.0.0.12:7777/nudm-sdm/v2/imsi-999700000000010/ue-context-in-smf-data (../lib/sbi/client.c:573)
11/20 18:52:14.174: [sbi] DEBUG: RECEIVED[3] (../lib/sbi/client.c:584)
11/20 18:52:14.174: [sbi] DEBUG: {
} (../lib/sbi/client.c:586)
11/20 18:52:14.174: [amf] DEBUG: amf_state_operational(): OGS_EVENT_NAME_SBI_CLIENT (../src/amf/amf-sm.c:78)
11/20 18:52:14.174: [gmm] DEBUG: gmm_state_initial_context_setup(): OGS_EVENT_NAME_SBI_CLIENT (../src/amf/gmm-sm.c:969)
11/20 18:52:14.174: [sbi] DEBUG: [POST] http://127.0.0.12:7777/nudm-sdm/v2/imsi-999700000000010/sdm-subscriptions (../lib/sbi/client.c:625)
11/20 18:52:14.174: [sbi] DEBUG: SENDING...[257] (../lib/sbi/client.c:401)
11/20 18:52:14.174: [sbi] DEBUG: {
	"nfInstanceId":	"7ddada50-6947-41ed-ab85-e385b1ff7a33",
	"implicitUnsubscribe":	true,
	"callbackReference":	"http://127.0.0.5:7777/namf-callback/v1/imsi-999700000000010/sdmsubscription-notify",
	"monitoredResourceUris":	["imsi-999700000000010/am-data"]
} (../lib/sbi/client.c:403)
11/20 18:52:14.174: [sbi] DEBUG: STREAM added [9] (../lib/sbi/nghttp2-server.c:1122)
11/20 18:52:14.174: [sbi] DEBUG: [POST] /nudm-sdm/v2/imsi-999700000000010/sdm-subscriptions (../lib/sbi/nghttp2-server.c:801)
11/20 18:52:14.174: [sbi] DEBUG: RECEIVED: 257 (../lib/sbi/nghttp2-server.c:805)
11/20 18:52:14.174: [sbi] DEBUG: {
	"nfInstanceId":	"7ddada50-6947-41ed-ab85-e385b1ff7a33",
	"implicitUnsubscribe":	true,
	"callbackReference":	"http://127.0.0.5:7777/namf-callback/v1/imsi-999700000000010/sdmsubscription-notify",
	"monitoredResourceUris":	["imsi-999700000000010/am-data"]
} (../lib/sbi/nghttp2-server.c:806)
11/20 18:52:14.174: [udm] DEBUG: udm_state_operational(): OGS_EVENT_NAME_SBI_SERVER (../src/udm/udm-sm.c:53)
11/20 18:52:14.174: [udm] DEBUG: udm_ue_state_operational(): OGS_EVENT_NAME_SBI_SERVER (../src/udm/ue-sm.c:46)
11/20 18:52:14.174: [sbi] DEBUG: STATUS [201] (../lib/sbi/nghttp2-server.c:357)
11/20 18:52:14.174: [sbi] DEBUG: SENDING...: 257 (../lib/sbi/nghttp2-server.c:365)
11/20 18:52:14.174: [sbi] DEBUG: {
	"nfInstanceId":	"7ddada50-6947-41ed-ab85-e385b1ff7a33",
	"implicitUnsubscribe":	true,
	"callbackReference":	"http://127.0.0.5:7777/namf-callback/v1/imsi-999700000000010/sdmsubscription-notify",
	"monitoredResourceUris":	["imsi-999700000000010/am-data"]
} (../lib/sbi/nghttp2-server.c:366)
11/20 18:52:14.174: [sbi] DEBUG: STREAM closed [9] (../lib/sbi/nghttp2-server.c:852)
0000: 00004201 04000000 09c1c0bf 0f0d0332   ..B............2
0010: 35370f1f b59d29ae e30c044e ae05c0b8   57....)....N....
0020: 4571d75d 758aad92 9591252c 771306a5   Eq.]u.....%,w...
0030: 0659f7df 74000000 00000103 08929591   .Y..t...........
0040: 6c682586 ad263d48 603fbe              lh%..&=H`?.
11/20 18:52:14.174: [sbi] DEBUG: [201:POST] http://127.0.0.12:7777/nudm-sdm/v2/imsi-999700000000010/sdm-subscriptions (../lib/sbi/client.c:573)
0000: 00010100 01000000 097b0a09 226e6649   .........{.."nfI
0010: 6e737461 6e636549 64223a09 22376464   nstanceId":."7dd
0020: 61646135 302d3639 34372d34 3165642d   ada50-6947-41ed-
0030: 61623835 2d653338 35623166 66376133   ab85-e385b1ff7a3
0040: 33222c0a 0922696d 706c6963 6974556e   3",.."implicitUn
0050: 73756273 63726962 65223a09 74727565   subscribe":.true
0060: 2c0a0922 63616c6c 6261636b 52656665   ,.."callbackRefe
0070: 72656e63 65223a09 22687474 703a2f2f   rence":."http://
0080: 3132372e 302e302e 353a3737 37372f6e   127.0.0.5:7777/n
0090: 616d662d 63616c6c 6261636b 2f76312f   amf-callback/v1/
00a0: 696d7369 2d393939 37303030 30303030   imsi-99970000000
00b0: 30303130 2f73646d 73756273 63726970   0010/sdmsubscrip
00c0: 74696f6e 2d6e6f74 69667922 2c0a0922   tion-notify",.."
00d0: 6d6f6e69 746f7265 64526573 6f757263   monitoredResourc
00e0: 65557269 73223a09 5b22696d 73692d39   eUris":.["imsi-9
00f0: 39393730 30303030 30303030 31302f61   99700000000010/a
0100: 6d2d6461 7461225d 0a7d                m-data"].}
11/20 18:52:14.174: [sbi] DEBUG: RECEIVED[257] (../lib/sbi/client.c:584)
11/20 18:52:14.174: [sbi] DEBUG: {
	"nfInstanceId":	"7ddada50-6947-41ed-ab85-e385b1ff7a33",
	"implicitUnsubscribe":	true,
	"callbackReference":	"http://127.0.0.5:7777/namf-callback/v1/imsi-999700000000010/sdmsubscription-notify",
	"monitoredResourceUris":	["imsi-999700000000010/am-data"]
} (../lib/sbi/client.c:586)
11/20 18:52:14.174: [amf] DEBUG: amf_state_operational(): OGS_EVENT_NAME_SBI_CLIENT (../src/amf/amf-sm.c:78)
11/20 18:52:14.174: [gmm] DEBUG: gmm_state_initial_context_setup(): OGS_EVENT_NAME_SBI_CLIENT (../src/amf/gmm-sm.c:969)
11/20 18:52:14.174: [sbi] WARNING: Try to discover [npcf-am-policy-control] (../lib/sbi/path.c:337)
11/20 18:52:14.174: [sbi] DEBUG: [GET] http://[::1]:7777/nnrf-disc/v1/nf-instances (../lib/sbi/client.c:625)
11/20 18:52:14.175: [sbi] DEBUG: STREAM added [11] (../lib/sbi/nghttp2-server.c:1122)
11/20 18:52:14.175: [sbi] DEBUG: [GET] /nnrf-disc/v1/nf-instances (../lib/sbi/nghttp2-server.c:801)
11/20 18:52:14.175: [nrf] DEBUG: nrf_state_operational(): OGS_EVENT_NAME_SBI_SERVER (../src/nrf/nrf-sm.c:50)
11/20 18:52:14.175: [nrf] DEBUG: NF-Discover : Requester[AMF] Target[PCF] (../src/nrf/nnrf-handler.c:450)
11/20 18:52:14.175: [nrf] DEBUG: [0] service-names[npcf-am-policy-control] (../src/nrf/nnrf-handler.c:478)
11/20 18:52:14.175: [nrf] DEBUG: [7df42a78-6947-41ed-a590-cdd967883434:0] NF-Discovered [NF-Type:PCF,NF-Status:REGISTERED,IPv4:1,IPv6:0] (../src/nrf/nnrf-handler.c:505)
11/20 18:52:14.175: [sbi] DEBUG: STATUS [200] (../lib/sbi/nghttp2-server.c:357)
11/20 18:52:14.175: [sbi] DEBUG: SENDING...: 881 (../lib/sbi/nghttp2-server.c:365)
11/20 18:52:14.175: [sbi] DEBUG: {
	"validityPeriod":	3600,
	"nfInstances":	[{
			"nfInstanceId":	"7df42a78-6947-41ed-a590-cdd967883434",
			"nfType":	"PCF",
			"nfStatus":	"REGISTERED",
			"heartBeatTimer":	10,
			"ipv4Addresses":	["127.0.0.13"],
			"allowedNfTypes":	["AMF", "SMF", "SCP"],
			"priority":	0,
			"capacity":	100,
			"load":	0,
			"nfServiceList":	{
				"7df517b2-6947-41ed-a590-cdd967883434":	{
					"serviceInstanceId":	"7df517b2-6947-41ed-a590-cdd967883434",
					"serviceName":	"npcf-am-policy-control",
					"versions":	[{
							"apiVersionInUri":	"v1",
							"apiFullVersion":	"1.0.0"
						}],
					"scheme":	"http",
					"nfServiceStatus":	"REGISTERED",
					"ipEndPoints":	[{
							"ipv4Address":	"127.0.0.13",
							"port":	7777
						}],
					"allowedNfTypes":	["AMF"],
					"priority":	0,
					"capacity":	100,
					"load":	0
				}
			},
			"nfProfileChangesSupportInd":	true
		}]
} (../lib/sbi/nghttp2-server.c:366)
11/20 18:52:14.175: [sbi] DEBUG: STREAM closed [11] (../lib/sbi/nghttp2-server.c:852)
0000: 00000b01 04000000 0b88c2bf 0f0d0338   ...............8
0010: 3831bec0                              81..
0000: 00037100 01000000 0b7b0a09 2276616c   ..q......{.."val
0010: 69646974 79506572 696f6422 3a093336   idityPeriod":.36
0020: 30302c0a 09226e66 496e7374 616e6365   00,.."nfInstance
0030: 73223a09 5b7b0a09 0909226e 66496e73   s":.[{...."nfIns
0040: 74616e63 65496422 3a092237 64663432   tanceId":."7df42
0050: 6137382d 36393437 2d343165 642d6135   a78-6947-41ed-a5
0060: 39302d63 64643936 37383833 34333422   90-cdd967883434"
0070: 2c0a0909 09226e66 54797065 223a0922   ,...."nfType":."
0080: 50434622 2c0a0909 09226e66 53746174   PCF",...."nfStat
0090: 7573223a 09225245 47495354 45524544   us":."REGISTERED
00a0: 222c0a09 09092268 65617274 42656174   ",...."heartBeat
00b0: 54696d65 72223a09 31302c0a 09090922   Timer":.10,...."
00c0: 69707634 41646472 65737365 73223a09   ipv4Addresses":.
00d0: 5b223132 372e302e 302e3133 225d2c0a   ["127.0.0.13"],.
00e0: 09090922 616c6c6f 7765644e 66547970   ..."allowedNfTyp
00f0: 6573223a 095b2241 4d46222c 2022534d   es":.["AMF", "SM
0100: 46222c20 22534350 225d2c0a 09090922   F", "SCP"],...."
0110: 7072696f 72697479 223a0930 2c0a0909   priority":.0,...
0120: 09226361 70616369 7479223a 09313030   ."capacity":.100
0130: 2c0a0909 09226c6f 6164223a 09302c0a   ,...."load":.0,.
0140: 09090922 6e665365 72766963 654c6973   ..."nfServiceLis
0150: 74223a09 7b0a0909 09092237 64663531   t":.{....."7df51
0160: 3762322d 36393437 2d343165 642d6135   7b2-6947-41ed-a5
0170: 39302d63 64643936 37383833 34333422   90-cdd967883434"
0180: 3a097b0a 09090909 09227365 72766963   :.{......"servic
0190: 65496e73 74616e63 65496422 3a092237   eInstanceId":."7
01a0: 64663531 3762322d 36393437 2d343165   df517b2-6947-41e
01b0: 642d6135 39302d63 64643936 37383833   d-a590-cdd967883
01c0: 34333422 2c0a0909 09090922 73657276   434",......"serv
01d0: 6963654e 616d6522 3a09226e 7063662d   iceName":."npcf-
01e0: 616d2d70 6f6c6963 792d636f 6e74726f   am-policy-contro
01f0: 6c222c0a 09090909 09227665 7273696f   l",......"versio
0200: 6e73223a 095b7b0a 09090909 09090922   ns":.[{........"
0210: 61706956 65727369 6f6e496e 55726922   apiVersionInUri"
0220: 3a092276 31222c0a 09090909 09090922   :."v1",........"
0230: 61706946 756c6c56 65727369 6f6e223a   apiFullVersion":
0240: 0922312e 302e3022 0a090909 0909097d   ."1.0.0".......}
0250: 5d2c0a09 09090909 22736368 656d6522   ],......"scheme"
0260: 3a092268 74747022 2c0a0909 09090922   :."http",......"
0270: 6e665365 72766963 65537461 74757322   nfServiceStatus"
0280: 3a092252 45474953 54455245 44222c0a   :."REGISTERED",.
0290: 09090909 09226970 456e6450 6f696e74   ....."ipEndPoint
02a0: 73223a09 5b7b0a09 09090909 09092269   s":.[{........"i
02b0: 70763441 64647265 7373223a 09223132   pv4Address":."12
02c0: 372e302e 302e3133 222c0a09 09090909   7.0.0.13",......
02d0: 09092270 6f727422 3a093737 37370a09   .."port":.7777..
02e0: 09090909 097d5d2c 0a090909 09092261   .....}],......"a
02f0: 6c6c6f77 65644e66 54797065 73223a09   llowedNfTypes":.
0300: 5b22414d 46225d2c 0a090909 09092270   ["AMF"],......"p
0310: 72696f72 69747922 3a09302c 0a090909   riority":.0,....
0320: 09092263 61706163 69747922 3a093130   .."capacity":.10
0330: 302c0a09 09090909 226c6f61 64223a09   0,......"load":.
0340: 300a0909 09097d0a 0909097d 2c0a0909   0.....}....},...
0350: 09226e66 50726f66 696c6543 68616e67   ."nfProfileChang
0360: 65735375 70706f72 74496e64 223a0974   esSupportInd":.t
0370: 7275650a 09097d5d 0a7d                rue...}].}
11/20 18:52:14.175: [sbi] DEBUG: [200:GET] http://[::1]:7777/nnrf-disc/v1/nf-instances?requester-nf-type=AMF&service-names=npcf-am-policy-control&target-nf-type=PCF (../lib/sbi/client.c:573)
11/20 18:52:14.175: [sbi] DEBUG: RECEIVED[881] (../lib/sbi/client.c:584)
11/20 18:52:14.175: [sbi] DEBUG: {
	"validityPeriod":	3600,
	"nfInstances":	[{
			"nfInstanceId":	"7df42a78-6947-41ed-a590-cdd967883434",
			"nfType":	"PCF",
			"nfStatus":	"REGISTERED",
			"heartBeatTimer":	10,
			"ipv4Addresses":	["127.0.0.13"],
			"allowedNfTypes":	["AMF", "SMF", "SCP"],
			"priority":	0,
			"capacity":	100,
			"load":	0,
			"nfServiceList":	{
				"7df517b2-6947-41ed-a590-cdd967883434":	{
					"serviceInstanceId":	"7df517b2-6947-41ed-a590-cdd967883434",
					"serviceName":	"npcf-am-policy-control",
					"versions":	[{
							"apiVersionInUri":	"v1",
							"apiFullVersion":	"1.0.0"
						}],
					"scheme":	"http",
					"nfServiceStatus":	"REGISTERED",
					"ipEndPoints":	[{
							"ipv4Address":	"127.0.0.13",
							"port":	7777
						}],
					"allowedNfTypes":	["AMF"],
					"priority":	0,
					"capacity":	100,
					"load":	0
				}
			},
			"nfProfileChangesSupportInd":	true
		}]
} (../lib/sbi/client.c:586)
11/20 18:52:14.176: [amf] DEBUG: amf_state_operational(): OGS_EVENT_NAME_SBI_CLIENT (../src/amf/amf-sm.c:78)
11/20 18:52:14.176: [sbi] DEBUG: ogs_sbi_nf_instance_add() (../lib/sbi/context.c:762)
11/20 18:52:14.176: [sbi] DEBUG: [REF] 1 (../lib/sbi/context.c:764)
11/20 18:52:14.176: [sbi] DEBUG: ogs_sbi_nf_state_initial(): ENTRY (../lib/sbi/nf-sm.c:66)
11/20 18:52:14.176: [sbi] DEBUG: ogs_sbi_nf_state_registered(): ENTRY (../lib/sbi/nf-sm.c:204)
11/20 18:52:14.176: [sbi] INFO: [7df42a78-6947-41ed-a590-cdd967883434] (NF-discover) NF registered (../lib/sbi/nnrf-handler.c:725)
11/20 18:52:14.176: [sock] DEBUG: addr:127.0.0.13, port:80 (../lib/core/ogs-sockaddr.c:140)
11/20 18:52:14.176: [sock] DEBUG: addr:127.0.0.13, port:7777 (../lib/core/ogs-sockaddr.c:140)
11/20 18:52:14.176: [sbi] DEBUG: ogs_sbi_client_add() (../lib/sbi/client.c:112)
11/20 18:52:14.176: [sbi] DEBUG: [REF] 1 (../lib/sbi/client.c:113)
11/20 18:52:14.176: [sbi] DEBUG: [REF] 2 (../lib/sbi/context.c:1570)
11/20 18:52:14.176: [sbi] DEBUG: ogs_sbi_client_add() (../lib/sbi/client.c:112)
11/20 18:52:14.176: [sbi] DEBUG: [REF] 1 (../lib/sbi/client.c:113)
11/20 18:52:14.176: [sbi] DEBUG: [REF] 2 (../lib/sbi/context.c:1482)
11/20 18:52:14.176: [sbi] INFO: [7df42a78-6947-41ed-a590-cdd967883434] (NF-discover) NF Profile updated (../lib/sbi/nnrf-handler.c:752)
11/20 18:52:14.176: [amf] DEBUG: [REF] 2 (../src/amf/context.c:1945)
11/20 18:52:14.176: [sbi] DEBUG: [POST] http://127.0.0.13:7777/npcf-am-policy-control/v1/policies (../lib/sbi/client.c:625)
11/20 18:52:14.176: [sbi] DEBUG: SENDING...[876] (../lib/sbi/client.c:401)
11/20 18:52:14.176: [sbi] DEBUG: {
	"notificationUri":	"http://127.0.0.5:7777/namf-callback/v1/imsi-999700000000010/am-policy-notify",
	"supi":	"imsi-999700000000010",
	"gpsi":	"msisdn-491725670014",
	"accessType":	"3GPP_ACCESS",
	"pei":	"imeisv-8665070400405301",
	"userLoc":	{
		"nrLocation":	{
			"tai":	{
				"plmnId":	{
					"mcc":	"999",
					"mnc":	"70"
				},
				"tac":	"000001"
			},
			"ncgi":	{
				"plmnId":	{
					"mcc":	"999",
					"mnc":	"70"
				},
				"nrCellId":	"000040001"
			},
			"ueLocationTimestamp":	"2022-11-21T02:52:14.153832Z"
		}
	},
	"timeZone":	"-08:00",
	"servingPlmn":	{
		"mcc":	"999",
		"mnc":	"70"
	},
	"ratType":	"NR",
	"ueAmbr":	{
		"uplink":	"1048576 Kbps",
		"downlink":	"1048576 Kbps"
	},
	"allowedSnssais":	[{
			"sst":	1
		}],
	"guami":	{
		"plmnId":	{
			"mcc":	"999",
			"mnc":	"70"
		},
		"amfId":	"020040"
	},
	"serviceName":	"namf-callback",
	"suppFeat":	"4"
} (../lib/sbi/client.c:403)
11/20 18:52:14.176: [sbi] DEBUG: MAX_CONCURRENT_STREAMS = 100 (../lib/sbi/nghttp2-server.c:747)
11/20 18:52:14.176: [sbi] DEBUG: ENABLE_PUSH = false (../lib/sbi/nghttp2-server.c:749)
11/20 18:52:14.176: [sbi] DEBUG: STREAM added [1] (../lib/sbi/nghttp2-server.c:1122)
0000: 00000604 00000000 00000300 04e200     ...............
11/20 18:52:14.176: [sbi] DEBUG: [POST] /npcf-am-policy-control/v1/policies (../lib/sbi/nghttp2-server.c:801)
11/20 18:52:14.176: [sbi] DEBUG: RECEIVED: 876 (../lib/sbi/nghttp2-server.c:805)
11/20 18:52:14.176: [sbi] DEBUG: {
	"notificationUri":	"http://127.0.0.5:7777/namf-callback/v1/imsi-999700000000010/am-policy-notify",
	"supi":	"imsi-999700000000010",
	"gpsi":	"msisdn-491725670014",
	"accessType":	"3GPP_ACCESS",
	"pei":	"imeisv-8665070400405301",
	"userLoc":	{
		"nrLocation":	{
			"tai":	{
				"plmnId":	{
					"mcc":	"999",
					"mnc":	"70"
				},
				"tac":	"000001"
			},
			"ncgi":	{
				"plmnId":	{
					"mcc":	"999",
					"mnc":	"70"
				},
				"nrCellId":	"000040001"
			},
			"ueLocationTimestamp":	"2022-11-21T02:52:14.153832Z"
		}
	},
	"timeZone":	"-08:00",
	"servingPlmn":	{
		"mcc":	"999",
		"mnc":	"70"
	},
	"ratType":	"NR",
	"ueAmbr":	{
		"uplink":	"1048576 Kbps",
		"downlink":	"1048576 Kbps"
	},
	"allowedSnssais":	[{
			"sst":	1
		}],
	"guami":	{
		"plmnId":	{
			"mcc":	"999",
			"mnc":	"70"
		},
		"amfId":	"020040"
	},
	"serviceName":	"namf-callback",
	"suppFeat":	"4"
} (../lib/sbi/nghttp2-server.c:806)
11/20 18:52:14.176: [sbi] DEBUG: MAX_CONCURRENT_STREAMS = 100 (../lib/sbi/nghttp2-server.c:747)
11/20 18:52:14.176: [sbi] DEBUG: ENABLE_PUSH = false (../lib/sbi/nghttp2-server.c:749)
11/20 18:52:14.176: [pcf] DEBUG: pcf_state_operational(): OGS_EVENT_NAME_SBI_SERVER (../src/pcf/pcf-sm.c:58)
11/20 18:52:14.176: [pcf] DEBUG: pcf_am_state_operational(): ENTRY (../src/pcf/am-sm.c:48)
11/20 18:52:14.176: [pcf] DEBUG: pcf_am_state_operational(): OGS_EVENT_NAME_SBI_SERVER (../src/pcf/am-sm.c:48)
11/20 18:52:14.177: [sock] DEBUG: addr:127.0.0.5, port:7777 (../lib/core/ogs-sockaddr.c:140)
11/20 18:52:14.177: [sbi] DEBUG: ogs_sbi_client_add() (../lib/sbi/client.c:112)
11/20 18:52:14.177: [sbi] DEBUG: [REF] 1 (../lib/sbi/client.c:113)
11/20 18:52:14.177: [pcf] DEBUG: [REF] 2 (../src/pcf/npcf-handler.c:93)
11/20 18:52:14.177: [dbi] DEBUG: SUPI type: imsi, SUPI id: 999700000000010, imeisv: 8665070400405301 (../lib/dbi/subscription.c:169)
11/20 18:52:14.177: [sbi] DEBUG: [REF] 2 (../lib/sbi/path.c:212)
11/20 18:52:14.177: [sbi] DEBUG: [GET] http://127.0.0.20:7777/nudr-dr/v1/policy-data/ues/imsi-999700000000010/am-data (../lib/sbi/client.c:625)
11/20 18:52:14.177: [sbi] DEBUG: MAX_CONCURRENT_STREAMS = 100 (../lib/sbi/nghttp2-server.c:747)
11/20 18:52:14.177: [sbi] DEBUG: ENABLE_PUSH = false (../lib/sbi/nghttp2-server.c:749)
0000: 00000604 00000000 00000300 04e200     ...............
11/20 18:52:14.177: [sbi] DEBUG: STREAM added [1] (../lib/sbi/nghttp2-server.c:1122)
11/20 18:52:14.177: [sbi] DEBUG: [GET] /nudr-dr/v1/policy-data/ues/imsi-999700000000010/am-data (../lib/sbi/nghttp2-server.c:801)
11/20 18:52:14.177: [udr] DEBUG: udr_state_operational(): OGS_EVENT_NAME_SBI_SERVER (../src/udr/udr-sm.c:51)
11/20 18:52:14.178: [sbi] DEBUG: STATUS [200] (../lib/sbi/nghttp2-server.c:357)
11/20 18:52:14.178: [sbi] DEBUG: SENDING...: 3 (../lib/sbi/nghttp2-server.c:365)
11/20 18:52:14.178: [sbi] DEBUG: {
} (../lib/sbi/nghttp2-server.c:366)
11/20 18:52:14.178: [sbi] DEBUG: STREAM closed [1] (../lib/sbi/nghttp2-server.c:852)
11/20 18:52:14.178: [sbi] DEBUG: MAX_CONCURRENT_STREAMS = 100 (../lib/sbi/nghttp2-server.c:747)
11/20 18:52:14.178: [sbi] DEBUG: ENABLE_PUSH = false (../lib/sbi/nghttp2-server.c:749)
0000: 00000004 01000000 00                  .........
0000: 00003701 04000000 0188768b d5596a6f   ..7.......v..Yjo
0010: 16e53b89 76d76f61 96d07abe 941054d2   ..;.v.oa..z...T.
0020: 7eea0802 128015c6 c5702d29 8b46ff0f   ~........p-).F..
0030: 0d01335f 8b1d75d0 620d263d 4c7441ea   ..3_..u.b.&=LtA.
0000: 00000300 01000000 017b0a7d            .........{.}
11/20 18:52:14.178: [sbi] DEBUG: [200:GET] http://127.0.0.20:7777/nudr-dr/v1/policy-data/ues/imsi-999700000000010/am-data (../lib/sbi/client.c:573)
11/20 18:52:14.178: [sbi] DEBUG: RECEIVED[3] (../lib/sbi/client.c:584)
11/20 18:52:14.178: [sbi] DEBUG: {
} (../lib/sbi/client.c:586)
11/20 18:52:14.178: [pcf] DEBUG: pcf_state_operational(): OGS_EVENT_NAME_SBI_CLIENT (../src/pcf/pcf-sm.c:58)
11/20 18:52:14.178: [pcf] DEBUG: pcf_am_state_operational(): OGS_EVENT_NAME_SBI_CLIENT (../src/pcf/am-sm.c:48)
11/20 18:52:14.179: [sbi] DEBUG: STATUS [201] (../lib/sbi/nghttp2-server.c:357)
11/20 18:52:14.179: [sbi] DEBUG: SENDING...: 1031 (../lib/sbi/nghttp2-server.c:365)
11/20 18:52:14.179: [sbi] DEBUG: {
	"request":	{
		"notificationUri":	"http://127.0.0.5:7777/namf-callback/v1/imsi-999700000000010/am-policy-notify",
		"supi":	"imsi-999700000000010",
		"gpsi":	"msisdn-491725670014",
		"accessType":	"3GPP_ACCESS",
		"pei":	"imeisv-8665070400405301",
		"userLoc":	{
			"nrLocation":	{
				"tai":	{
					"plmnId":	{
						"mcc":	"999",
						"mnc":	"70"
					},
					"tac":	"000001"
				},
				"ncgi":	{
					"plmnId":	{
						"mcc":	"999",
						"mnc":	"70"
					},
					"nrCellId":	"000040001"
				},
				"ueLocationTimestamp":	"2022-11-21T02:52:14.153832Z"
			}
		},
		"timeZone":	"-08:00",
		"servingPlmn":	{
			"mcc":	"999",
			"mnc":	"70"
		},
		"ratType":	"NR",
		"ueAmbr":	{
			"uplink":	"1048576 Kbps",
			"downlink":	"1048576 Kbps"
		},
		"allowedSnssais":	[{
				"sst":	1
			}],
		"guami":	{
			"plmnId":	{
				"mcc":	"999",
				"mnc":	"70"
			},
			"amfId":	"020040"
		},
		"serviceName":	"namf-callback",
		"suppFeat":	"4"
	},
	"ueAmbr":	{
		"uplink":	"1048576 Kbps",
		"downlink":	"1048576 Kbps"
	},
	"suppFeat":	"4"
} (../lib/sbi/nghttp2-server.c:366)
11/20 18:52:14.179: [sbi] DEBUG: STREAM closed [1] (../lib/sbi/nghttp2-server.c:852)
0000: 00000004 01000000 00                  .........
0000: 00006901 04000000 01488210 03768bd5   ..i......H...v..
0010: 596a6f16 e53b8976 d76f6196 d07abe94   Yjo..;.v.oa..z..
0020: 1054d27e ea080212 8015c6c5 702d298b   .T.~........p-).
0030: 46ff0f0d 8308190f 0f1faa9d 29aee30c   F...........)...
0040: 044eae05 c0b859b8 ebaebac5 55925587   .N....Y.....U.U.
0050: 4ad59e83 13d2c43d 49b0f431 dc2c567a   J......=I..1.,Vz
0060: 0c43150c 075f8b1d 75d0620d 263d4c74   .C..._..u.b.&=Lt
0070: 41ea                                  A.
11/20 18:52:14.179: [sbi] DEBUG: [201:POST] http://127.0.0.13:7777/npcf-am-policy-control/v1/policies (../lib/sbi/client.c:573)
11/20 18:52:14.179: [sbi] DEBUG: RECEIVED[1031] (../lib/sbi/client.c:584)
11/20 18:52:14.179: [sbi] DEBUG: {
	"request":	{
		"notificationUri":	"http://127.0.0.5:7777/namf-callback/v1/imsi-999700000000010/am-policy-notify",
		"supi":	"imsi-999700000000010",
		"gpsi":	"msisdn-491725670014",
		"accessType":	"3GPP_ACCESS",
		"pei":	"imeisv-8665070400405301",
		"userLoc":	{
			"nrLocation":	{
				"tai":	{
					"plmnId":	{
						"mcc":	"999",
						"mnc":	"70"
					},
					"tac":	"000001"
				},
				"ncgi":	{
					"plmnId":	{
						"mcc":	"999",
						"mnc":	"70"
					},
					"nrCellId":	"000040001"
				},
				"ueLocationTimestamp":	"2022-11-21T02:52:14.153832Z"
			}
		},
		"timeZone":	"-08:00",
		"servingPlmn":	{
			"mcc":	"999",
			"mnc":	"70"
		},
		"ratType":	"NR",
		"ueAmbr":	{
			"uplink":	"1048576 Kbps",
			"downlink":	"1048576 Kbps"
		},
		"allowedSnssais":	[{
				"sst":	1
			}],
		"guami":	{
			"plmnId":	{
				"mcc":	"999",
				"mnc":	"70"
			},
			"amfId":	"020040"
		},
		"serviceName":	"namf-callback",
		"suppFeat":	"4"
	},
	"ueAmbr":	{
		"uplink":	"1048576 Kbps",
		"downlink":	"1048576 Kbps"
	},
	"suppFeat":	"4"
} (../lib/sbi/client.c:586)
11/20 18:52:14.179: [amf] DEBUG: amf_state_operational(): OGS_EVENT_NAME_SBI_CLIENT (../src/amf/amf-sm.c:78)
11/20 18:52:14.179: [gmm] DEBUG: gmm_state_initial_context_setup(): OGS_EVENT_NAME_SBI_CLIENT (../src/amf/gmm-sm.c:969)
11/20 18:52:14.179: [amf] DEBUG: [imsi-999700000000010] Registration accept (../src/amf/nas-path.c:85)
11/20 18:52:14.179: [gmm] DEBUG: [imsi-999700000000010]    5G-S_GUTI[AMF_ID:0x20040,M_TMSI:0xe5004e8b] (../src/amf/gmm-build.c:77)
11/20 18:52:14.179: [gmm] DEBUG: [imsi-999700000000010]    TAI[PLMN_ID:99f907,TAC:1] (../src/amf/gmm-build.c:90)
11/20 18:52:14.179: [gmm] DEBUG: [imsi-999700000000010]    NR_CGI[PLMN_ID:99f907,CELL_ID:0x40001] (../src/amf/gmm-build.c:93)
11/20 18:52:14.179: [gmm] DEBUG: [imsi-999700000000010]    SERVED_TAI_INDEX[0] (../src/amf/gmm-build.c:96)
0000: 00040700 01000000 017b0a09 22726571   .........{.."req
0010: 75657374 223a097b 0a090922 6e6f7469   uest":.{..."noti
0020: 66696361 74696f6e 55726922 3a092268   ficationUri":."h
0030: 7474703a 2f2f3132 372e302e 302e353a   ttp://127.0.0.5:
0040: 37373737 2f6e616d 662d6361 6c6c6261   7777/namf-callba
0050: 636b2f76 312f696d 73692d39 39393730   ck/v1/imsi-99970
0060: 30303030 30303030 31302f61 6d2d706f   0000000010/am-po
0070: 6c696379 2d6e6f74 69667922 2c0a0909   licy-notify",...
0080: 22737570 69223a09 22696d73 692d3939   "supi":."imsi-99
0090: 39373030 30303030 30303031 30222c0a   9700000000010",.
00a0: 09092267 70736922 3a09226d 73697364   .."gpsi":."msisd
00b0: 6e2d3439 31373235 36373030 3134222c   n-491725670014",
00c0: 0a090922 61636365 73735479 7065223a   ..."accessType":
00d0: 09223347 50505f41 43434553 53222c0a   ."3GPP_ACCESS",.
00e0: 09092270 6569223a 0922696d 65697376   .."pei":."imeisv
00f0: 2d383636 35303730 34303034 30353330   -866507040040530
0100: 31222c0a 09092275 7365724c 6f63223a   1",..."userLoc":
0110: 097b0a09 0909226e 724c6f63 6174696f   .{...."nrLocatio
0120: 6e223a09 7b0a0909 09092274 6169223a   n":.{....."tai":
0130: 097b0a09 09090909 22706c6d 6e496422   .{......"plmnId"
0140: 3a097b0a 09090909 0909226d 6363223a   :.{......."mcc":
0150: 09223939 39222c0a 09090909 0909226d   ."999",......."m
0160: 6e63223a 09223730 220a0909 0909097d   nc":."70"......}
0170: 2c0a0909 09090922 74616322 3a092230   ,......"tac":."0
0180: 30303030 31220a09 0909097d 2c0a0909   00001".....},...
0190: 0909226e 63676922 3a097b0a 09090909   .."ncgi":.{.....
01a0: 0922706c 6d6e4964 223a097b 0a090909   ."plmnId":.{....
01b0: 09090922 6d636322 3a092239 3939222c   ..."mcc":."999",
01c0: 0a090909 09090922 6d6e6322 3a092237   ......."mnc":."7
01d0: 30220a09 09090909 7d2c0a09 09090909   0"......},......
01e0: 226e7243 656c6c49 64223a09 22303030   "nrCellId":."000
01f0: 30343030 3031220a 09090909 7d2c0a09   040001".....},..
0200: 09090922 75654c6f 63617469 6f6e5469   ..."ueLocationTi
0210: 6d657374 616d7022 3a092232 3032322d   mestamp":."2022-
0220: 31312d32 31543032 3a35323a 31342e31   11-21T02:52:14.1
0230: 35333833 325a220a 0909097d 0a09097d   53832Z"....}...}
0240: 2c0a0909 2274696d 655a6f6e 65223a09   ,..."timeZone":.
0250: 222d3038 3a303022 2c0a0909 22736572   "-08:00",..."ser
0260: 76696e67 506c6d6e 223a097b 0a090909   vingPlmn":.{....
0270: 226d6363 223a0922 39393922 2c0a0909   "mcc":."999",...
0280: 09226d6e 63223a09 22373022 0a09097d   ."mnc":."70"...}
0290: 2c0a0909 22726174 54797065 223a0922   ,..."ratType":."
02a0: 4e52222c 0a090922 7565416d 6272223a   NR",..."ueAmbr":
02b0: 097b0a09 09092275 706c696e 6b223a09   .{...."uplink":.
02c0: 22313034 38353736 204b6270 73222c0a   "1048576 Kbps",.
02d0: 09090922 646f776e 6c696e6b 223a0922   ..."downlink":."
02e0: 31303438 35373620 4b627073 220a0909   1048576 Kbps"...
02f0: 7d2c0a09 0922616c 6c6f7765 64536e73   },..."allowedSns
0300: 73616973 223a095b 7b0a0909 09092273   sais":.[{....."s
0310: 7374223a 09310a09 09097d5d 2c0a0909   st":.1....}],...
0320: 22677561 6d69223a 097b0a09 09092270   "guami":.{...."p
0330: 6c6d6e49 64223a09 7b0a0909 0909226d   lmnId":.{....."m
0340: 6363223a 09223939 39222c0a 09090909   cc":."999",.....
0350: 226d6e63 223a0922 3730220a 0909097d   "mnc":."70"....}
0360: 2c0a0909 0922616d 66496422 3a092230   ,...."amfId":."0
0370: 32303034 30220a09 097d2c0a 09092273   20040"...},..."s
0380: 65727669 63654e61 6d65223a 09226e61   erviceName":."na
0390: 6d662d63 616c6c62 61636b22 2c0a0909   mf-callback",...
03a0: 22737570 70466561 74223a09 2234220a   "suppFeat":."4".
03b0: 097d2c0a 09227565 416d6272 223a097b   .},.."ueAmbr":.{
03c0: 0a090922 75706c69 6e6b223a 09223130   ..."uplink":."10
03d0: 34383537 36204b62 7073222c 0a090922   48576 Kbps",..."
03e0: 646f776e 6c696e6b 223a0922 31303438   downlink":."1048
03f0: 35373620 4b627073 220a097d 2c0a0922   576 Kbps"..},.."
0400: 73757070 46656174 223a0922 34220a7d   suppFeat":."4".}
11/20 18:52:14.179: [amf] DEBUG: InitialContextSetupRequest(UE) (../src/amf/ngap-build.c:477)
11/20 18:52:14.179: [amf] DEBUG:     RAN_UE_NGAP_ID[1] AMF_UE_NGAP_ID[1] (../src/amf/ngap-build.c:627)
11/20 18:52:14.179: [amf] DEBUG:     IP[127.0.0.1] RAN_ID[16384] (../src/amf/ngap-path.c:71)
11/20 18:52:14.182: [amf] DEBUG: amf_state_operational(): AMF_EVENT_NGAP_MESSAGE (../src/amf/amf-sm.c:78)
11/20 18:52:14.182: [amf] DEBUG: ngap_state_operational(): AMF_EVENT_NGAP_MESSAGE (../src/amf/ngap-sm.c:53)
11/20 18:52:14.182: [amf] DEBUG: UERadioCapabilityInfoIndication (../src/amf/ngap-handler.c:687)
11/20 18:52:14.182: [amf] DEBUG:     IP[127.0.0.1] RAN_ID[16384] (../src/amf/ngap-handler.c:708)
11/20 18:52:14.182: [amf] DEBUG:     RAN_UE_NGAP_ID[1] AMF_UE_NGAP_ID[1] (../src/amf/ngap-handler.c:740)
11/20 18:52:14.182: [amf] DEBUG: amf_state_operational(): AMF_EVENT_NGAP_MESSAGE (../src/amf/amf-sm.c:78)
11/20 18:52:14.182: [amf] DEBUG: ngap_state_operational(): AMF_EVENT_NGAP_MESSAGE (../src/amf/ngap-sm.c:53)
11/20 18:52:14.182: [amf] DEBUG: InitialContextSetupResponse (../src/amf/ngap-handler.c:788)
11/20 18:52:14.182: [amf] DEBUG:     IP[127.0.0.1] RAN_ID[16384] (../src/amf/ngap-handler.c:809)
11/20 18:52:14.182: [amf] DEBUG:     RAN_UE_NGAP_ID[1] AMF_UE_NGAP_ID[1] (../src/amf/ngap-handler.c:841)
11/20 18:52:14.182: [amf] DEBUG: amf_state_operational(): AMF_EVENT_NGAP_MESSAGE (../src/amf/amf-sm.c:78)
11/20 18:52:14.182: [amf] DEBUG: ngap_state_operational(): AMF_EVENT_NGAP_MESSAGE (../src/amf/ngap-sm.c:53)
11/20 18:52:14.182: [amf] DEBUG: UplinkNASTransport (../src/amf/ngap-handler.c:546)
11/20 18:52:14.182: [amf] DEBUG:     IP[127.0.0.1] RAN_ID[16384] (../src/amf/ngap-handler.c:569)
11/20 18:52:14.182: [amf] DEBUG:     RAN_UE_NGAP_ID[1] AMF_UE_NGAP_ID[1] TAC[1] CellID[0x40001] (../src/amf/ngap-handler.c:650)
11/20 18:52:14.182: [amf] DEBUG: amf_state_operational(): AMF_EVENT_5GMM_MESSAGE (../src/amf/amf-sm.c:78)
11/20 18:52:14.182: [gmm] DEBUG: gmm_state_initial_context_setup(): AMF_EVENT_5GMM_MESSAGE (../src/amf/gmm-sm.c:969)
11/20 18:52:14.182: [gmm] INFO: [imsi-999700000000010] Registration complete (../src/amf/gmm-sm.c:1134)
11/20 18:52:14.182: [amf] INFO: [imsi-999700000000010] Configuration update command (../src/amf/nas-path.c:431)
11/20 18:52:14.182: [gmm] INFO:     UTC [2022-11-21T02:52:14] Timezone[0]/DST[0] (../src/amf/gmm-build.c:540)
11/20 18:52:14.183: [gmm] INFO:     LOCAL [2022-11-20T18:52:14] Timezone[-28800]/DST[0] (../src/amf/gmm-build.c:545)
11/20 18:52:14.183: [gmm] DEBUG:     Timezone:0x2b (../src/amf/gmm-build.c:555)
11/20 18:52:14.183: [amf] DEBUG: DownlinkNASTransport (../src/amf/ngap-build.c:321)
11/20 18:52:14.183: [amf] DEBUG:     RAN_UE_NGAP_ID[1] AMF_UE_NGAP_ID[1] (../src/amf/ngap-build.c:365)
11/20 18:52:14.183: [amf] DEBUG:     IP[127.0.0.1] RAN_ID[16384] (../src/amf/ngap-path.c:71)
11/20 18:52:14.183: [gmm] DEBUG: gmm_state_initial_context_setup(): EXIT (../src/amf/gmm-sm.c:969)
11/20 18:52:14.183: [gmm] DEBUG: gmm_state_registered(): ENTRY (../src/amf/gmm-sm.c:86)
11/20 18:52:14.183: [amf] DEBUG: amf_state_operational(): AMF_EVENT_NGAP_MESSAGE (../src/amf/amf-sm.c:78)
11/20 18:52:14.183: [amf] DEBUG: ngap_state_operational(): AMF_EVENT_NGAP_MESSAGE (../src/amf/ngap-sm.c:53)
11/20 18:52:14.183: [amf] DEBUG: UplinkNASTransport (../src/amf/ngap-handler.c:546)
11/20 18:52:14.183: [amf] DEBUG:     IP[127.0.0.1] RAN_ID[16384] (../src/amf/ngap-handler.c:569)
11/20 18:52:14.183: [amf] DEBUG:     RAN_UE_NGAP_ID[1] AMF_UE_NGAP_ID[1] TAC[1] CellID[0x40001] (../src/amf/ngap-handler.c:650)
11/20 18:52:14.183: [amf] DEBUG: amf_state_operational(): AMF_EVENT_5GMM_MESSAGE (../src/amf/amf-sm.c:78)
11/20 18:52:14.183: [gmm] DEBUG: gmm_state_registered(): AMF_EVENT_5GMM_MESSAGE (../src/amf/gmm-sm.c:86)
11/20 18:52:14.183: [amf] INFO: [Added] Number of AMF-Sessions is now 1 (../src/amf/context.c:2253)
11/20 18:52:14.183: [gmm] INFO: UE SUPI[imsi-999700000000010] DNN[internet] S_NSSAI[SST:1 SD:0xffffff] (../src/amf/gmm-handler.c:1063)
11/20 18:52:14.183: [sbi] DEBUG: [REF] 3 (../lib/sbi/path.c:328)
11/20 18:52:14.183: [sbi] WARNING: Try to discover [nnssf-nsselection] (../lib/sbi/path.c:337)
11/20 18:52:14.183: [sbi] DEBUG: [GET] http://[::1]:7777/nnrf-disc/v1/nf-instances (../lib/sbi/client.c:625)
11/20 18:52:14.184: [sbi] DEBUG: STREAM added [13] (../lib/sbi/nghttp2-server.c:1122)
11/20 18:52:14.184: [sbi] DEBUG: [GET] /nnrf-disc/v1/nf-instances (../lib/sbi/nghttp2-server.c:801)
11/20 18:52:14.184: [nrf] DEBUG: nrf_state_operational(): OGS_EVENT_NAME_SBI_SERVER (../src/nrf/nrf-sm.c:50)
11/20 18:52:14.184: [nrf] DEBUG: NF-Discover : Requester[AMF] Target[NSSF] (../src/nrf/nnrf-handler.c:450)
11/20 18:52:14.184: [nrf] DEBUG: [0] service-names[nnssf-nsselection] (../src/nrf/nnrf-handler.c:478)
11/20 18:52:14.184: [nrf] DEBUG: [7df88c08-6947-41ed-a6d2-3b1beb80ef79:0] NF-Discovered [NF-Type:NSSF,NF-Status:REGISTERED,IPv4:1,IPv6:0] (../src/nrf/nnrf-handler.c:505)
11/20 18:52:14.184: [sbi] DEBUG: STATUS [200] (../lib/sbi/nghttp2-server.c:357)
11/20 18:52:14.184: [sbi] DEBUG: SENDING...: 870 (../lib/sbi/nghttp2-server.c:365)
11/20 18:52:14.184: [sbi] DEBUG: {
	"validityPeriod":	3600,
	"nfInstances":	[{
			"nfInstanceId":	"7df88c08-6947-41ed-a6d2-3b1beb80ef79",
			"nfType":	"NSSF",
			"nfStatus":	"REGISTERED",
			"heartBeatTimer":	10,
			"ipv4Addresses":	["127.0.0.14"],
			"allowedNfTypes":	["AMF", "SCP"],
			"priority":	0,
			"capacity":	100,
			"load":	0,
			"nfServiceList":	{
				"7df8936a-6947-41ed-a6d2-3b1beb80ef79":	{
					"serviceInstanceId":	"7df8936a-6947-41ed-a6d2-3b1beb80ef79",
					"serviceName":	"nnssf-nsselection",
					"versions":	[{
							"apiVersionInUri":	"v2",
							"apiFullVersion":	"2.0.0"
						}],
					"scheme":	"http",
					"nfServiceStatus":	"REGISTERED",
					"ipEndPoints":	[{
							"ipv4Address":	"127.0.0.14",
							"port":	7777
						}],
					"allowedNfTypes":	["AMF"],
					"priority":	0,
					"capacity":	100,
					"load":	0
				}
			},
			"nfProfileChangesSupportInd":	true
		}]
} (../lib/sbi/nghttp2-server.c:366)
11/20 18:52:14.184: [sbi] DEBUG: STREAM closed [13] (../lib/sbi/nghttp2-server.c:852)
0000: 00000b01 04000000 0d88c2bf 0f0d0338   ...............8
0010: 3730bec0                              70..
0000: 00036600 01000000 0d7b0a09 2276616c   ..f......{.."val
0010: 69646974 79506572 696f6422 3a093336   idityPeriod":.36
0020: 30302c0a 09226e66 496e7374 616e6365   00,.."nfInstance
0030: 73223a09 5b7b0a09 0909226e 66496e73   s":.[{...."nfIns
0040: 74616e63 65496422 3a092237 64663838   tanceId":."7df88
0050: 6330382d 36393437 2d343165 642d6136   c08-6947-41ed-a6
0060: 64322d33 62316265 62383065 66373922   d2-3b1beb80ef79"
0070: 2c0a0909 09226e66 54797065 223a0922   ,...."nfType":."
0080: 4e535346 222c0a09 0909226e 66537461   NSSF",...."nfSta
0090: 74757322 3a092252 45474953 54455245   tus":."REGISTERE
00a0: 44222c0a 09090922 68656172 74426561   D",...."heartBea
00b0: 7454696d 6572223a 0931302c 0a090909   tTimer":.10,....
00c0: 22697076 34416464 72657373 6573223a   "ipv4Addresses":
00d0: 095b2231 32372e30 2e302e31 34225d2c   .["127.0.0.14"],
00e0: 0a090909 22616c6c 6f776564 4e665479   ...."allowedNfTy
00f0: 70657322 3a095b22 414d4622 2c202253   pes":.["AMF", "S
0100: 4350225d 2c0a0909 09227072 696f7269   CP"],...."priori
0110: 7479223a 09302c0a 09090922 63617061   ty":.0,...."capa
0120: 63697479 223a0931 30302c0a 09090922   city":.100,...."
0130: 6c6f6164 223a0930 2c0a0909 09226e66   load":.0,...."nf
0140: 53657276 6963654c 69737422 3a097b0a   ServiceList":.{.
0150: 09090909 22376466 38393336 612d3639   ...."7df8936a-69
0160: 34372d34 3165642d 61366432 2d336231   47-41ed-a6d2-3b1
0170: 62656238 30656637 39223a09 7b0a0909   beb80ef79":.{...
0180: 09090922 73657276 69636549 6e737461   ..."serviceInsta
0190: 6e636549 64223a09 22376466 38393336   nceId":."7df8936
01a0: 612d3639 34372d34 3165642d 61366432   a-6947-41ed-a6d2
01b0: 2d336231 62656238 30656637 39222c0a   -3b1beb80ef79",.
01c0: 09090909 09227365 72766963 654e616d   ....."serviceNam
01d0: 65223a09 226e6e73 73662d6e 7373656c   e":."nnssf-nssel
01e0: 65637469 6f6e222c 0a090909 09092276   ection",......"v
01f0: 65727369 6f6e7322 3a095b7b 0a090909   ersions":.[{....
0200: 09090909 22617069 56657273 696f6e49   ...."apiVersionI
0210: 6e557269 223a0922 7632222c 0a090909   nUri":."v2",....
0220: 09090909 22617069 46756c6c 56657273   ...."apiFullVers
0230: 696f6e22 3a092232 2e302e30 220a0909   ion":."2.0.0"...
0240: 09090909 7d5d2c0a 09090909 09227363   ....}],......"sc
0250: 68656d65 223a0922 68747470 222c0a09   heme":."http",..
0260: 09090909 226e6653 65727669 63655374   ...."nfServiceSt
0270: 61747573 223a0922 52454749 53544552   atus":."REGISTER
0280: 4544222c 0a090909 09092269 70456e64   ED",......"ipEnd
0290: 506f696e 7473223a 095b7b0a 09090909   Points":.[{.....
02a0: 09090922 69707634 41646472 65737322   ..."ipv4Address"
02b0: 3a092231 32372e30 2e302e31 34222c0a   :."127.0.0.14",.
02c0: 09090909 09090922 706f7274 223a0937   ......."port":.7
02d0: 3737370a 09090909 09097d5d 2c0a0909   777.......}],...
02e0: 09090922 616c6c6f 7765644e 66547970   ..."allowedNfTyp
02f0: 6573223a 095b2241 4d46225d 2c0a0909   es":.["AMF"],...
0300: 09090922 7072696f 72697479 223a0930   ..."priority":.0
0310: 2c0a0909 09090922 63617061 63697479   ,......"capacity
0320: 223a0931 30302c0a 09090909 09226c6f   ":.100,......"lo
0330: 6164223a 09300a09 0909097d 0a090909   ad":.0.....}....
0340: 7d2c0a09 0909226e 6650726f 66696c65   },...."nfProfile
0350: 4368616e 67657353 7570706f 7274496e   ChangesSupportIn
0360: 64223a09 74727565 0a09097d 5d0a7d     d":.true...}].}
11/20 18:52:14.185: [sbi] DEBUG: [200:GET] http://[::1]:7777/nnrf-disc/v1/nf-instances?requester-nf-type=AMF&service-names=nnssf-nsselection&target-nf-type=NSSF (../lib/sbi/client.c:573)
11/20 18:52:14.185: [sbi] DEBUG: RECEIVED[870] (../lib/sbi/client.c:584)
11/20 18:52:14.185: [sbi] DEBUG: {
	"validityPeriod":	3600,
	"nfInstances":	[{
			"nfInstanceId":	"7df88c08-6947-41ed-a6d2-3b1beb80ef79",
			"nfType":	"NSSF",
			"nfStatus":	"REGISTERED",
			"heartBeatTimer":	10,
			"ipv4Addresses":	["127.0.0.14"],
			"allowedNfTypes":	["AMF", "SCP"],
			"priority":	0,
			"capacity":	100,
			"load":	0,
			"nfServiceList":	{
				"7df8936a-6947-41ed-a6d2-3b1beb80ef79":	{
					"serviceInstanceId":	"7df8936a-6947-41ed-a6d2-3b1beb80ef79",
					"serviceName":	"nnssf-nsselection",
					"versions":	[{
							"apiVersionInUri":	"v2",
							"apiFullVersion":	"2.0.0"
						}],
					"scheme":	"http",
					"nfServiceStatus":	"REGISTERED",
					"ipEndPoints":	[{
							"ipv4Address":	"127.0.0.14",
							"port":	7777
						}],
					"allowedNfTypes":	["AMF"],
					"priority":	0,
					"capacity":	100,
					"load":	0
				}
			},
			"nfProfileChangesSupportInd":	true
		}]
} (../lib/sbi/client.c:586)
11/20 18:52:14.185: [amf] DEBUG: amf_state_operational(): OGS_EVENT_NAME_SBI_CLIENT (../src/amf/amf-sm.c:78)
11/20 18:52:14.185: [sbi] DEBUG: ogs_sbi_nf_instance_add() (../lib/sbi/context.c:762)
11/20 18:52:14.185: [sbi] DEBUG: [REF] 1 (../lib/sbi/context.c:764)
11/20 18:52:14.185: [sbi] DEBUG: ogs_sbi_nf_state_initial(): ENTRY (../lib/sbi/nf-sm.c:66)
11/20 18:52:14.185: [sbi] DEBUG: ogs_sbi_nf_state_registered(): ENTRY (../lib/sbi/nf-sm.c:204)
11/20 18:52:14.185: [sbi] INFO: [7df88c08-6947-41ed-a6d2-3b1beb80ef79] (NF-discover) NF registered (../lib/sbi/nnrf-handler.c:725)
11/20 18:52:14.185: [sock] DEBUG: addr:127.0.0.14, port:80 (../lib/core/ogs-sockaddr.c:140)
11/20 18:52:14.185: [sock] DEBUG: addr:127.0.0.14, port:7777 (../lib/core/ogs-sockaddr.c:140)
11/20 18:52:14.185: [sbi] DEBUG: ogs_sbi_client_add() (../lib/sbi/client.c:112)
11/20 18:52:14.185: [sbi] DEBUG: [REF] 1 (../lib/sbi/client.c:113)
11/20 18:52:14.185: [sbi] DEBUG: [REF] 2 (../lib/sbi/context.c:1570)
11/20 18:52:14.185: [sbi] DEBUG: ogs_sbi_client_add() (../lib/sbi/client.c:112)
11/20 18:52:14.185: [sbi] DEBUG: [REF] 1 (../lib/sbi/client.c:113)
11/20 18:52:14.185: [sbi] DEBUG: [REF] 2 (../lib/sbi/context.c:1482)
11/20 18:52:14.185: [sbi] INFO: [7df88c08-6947-41ed-a6d2-3b1beb80ef79] (NF-discover) NF Profile updated (../lib/sbi/nnrf-handler.c:752)
11/20 18:52:14.185: [amf] DEBUG: [REF] 2 (../src/amf/context.c:1967)
11/20 18:52:14.185: [sbi] DEBUG: [GET] http://127.0.0.14:7777/nnssf-nsselection/v2/network-slice-information (../lib/sbi/client.c:625)
11/20 18:52:14.186: [sbi] DEBUG: MAX_CONCURRENT_STREAMS = 100 (../lib/sbi/nghttp2-server.c:747)
11/20 18:52:14.186: [sbi] DEBUG: ENABLE_PUSH = false (../lib/sbi/nghttp2-server.c:749)
11/20 18:52:14.186: [sbi] DEBUG: STREAM added [1] (../lib/sbi/nghttp2-server.c:1122)
11/20 18:52:14.186: [sbi] DEBUG: [GET] /nnssf-nsselection/v2/network-slice-information (../lib/sbi/nghttp2-server.c:801)
0000: 00000604 00000000 00000300 04e200     ...............
11/20 18:52:14.186: [nssf] DEBUG: nssf_state_operational(): OGS_EVENT_NAME_SBI_SERVER (../src/nssf/nssf-sm.c:53)
11/20 18:52:14.186: [sbi] DEBUG: STATUS [200] (../lib/sbi/nghttp2-server.c:357)
11/20 18:52:14.186: [sbi] DEBUG: SENDING...: 105 (../lib/sbi/nghttp2-server.c:365)
11/20 18:52:14.186: [sbi] DEBUG: {
	"nsiInformation":	{
		"nrfId":	"http://127.0.0.10:7777/nnrf-disc/v1/nf-instances",
		"nsiId":	"1"
	}
} (../lib/sbi/nghttp2-server.c:366)
11/20 18:52:14.186: [sbi] DEBUG: STREAM closed [1] (../lib/sbi/nghttp2-server.c:852)
11/20 18:52:14.186: [sbi] DEBUG: MAX_CONCURRENT_STREAMS = 100 (../lib/sbi/nghttp2-server.c:747)
11/20 18:52:14.186: [sbi] DEBUG: ENABLE_PUSH = false (../lib/sbi/nghttp2-server.c:749)
0000: 00000004 01000000 00                  .........
0000: 00003801 04000000 0188768b d5596a6f   ..8.......v..Yjo
0010: 16e53b89 76d76f61 96d07abe 941054d2   ..;.v.oa..z...T.
0020: 7eea0802 128015c6 c5702d29 8b46ff0f   ~........p-).F..
0030: 0d82081b 5f8b1d75 d0620d26 3d4c7441   ...._..u.b.&=LtA
0040: ea                                    .
11/20 18:52:14.186: [sbi] DEBUG: [200:GET] http://127.0.0.14:7777/nnssf-nsselection/v2/network-slice-information?nf-type=AMF&slice-info-request-for-pdu-session=%7B%0A%09%22sNssai%22%3A%09%7B%0A%09%09%22sst%22%3A%091%0A%09%7D%2C%0A%09%22roamingIndication%22%3A%09%22NON_ROAMING%22%0A%7D&nf-id=7ddada50-6947-41ed-ab85-e385b1ff7a33 (../lib/sbi/client.c:573)
11/20 18:52:14.186: [sbi] DEBUG: RECEIVED[105] (../lib/sbi/client.c:584)
11/20 18:52:14.186: [sbi] DEBUG: {
	"nsiInformation":	{
		"nrfId":	"http://127.0.0.10:7777/nnrf-disc/v1/nf-instances",
		"nsiId":	"1"
	}
} (../lib/sbi/client.c:586)
0000: 00006900 01000000 017b0a09 226e7369   ..i......{.."nsi
0010: 496e666f 726d6174 696f6e22 3a097b0a   Information":.{.
0020: 0909226e 72664964 223a0922 68747470   .."nrfId":."http
0030: 3a2f2f31 32372e30 2e302e31 303a3737   ://127.0.0.10:77
0040: 37372f6e 6e72662d 64697363 2f76312f   77/nnrf-disc/v1/
0050: 6e662d69 6e737461 6e636573 222c0a09   nf-instances",..
0060: 09226e73 69496422 3a092231 220a097d   ."nsiId":."1"..}
0070: 0a7d                                  .}
11/20 18:52:14.186: [amf] DEBUG: amf_state_operational(): OGS_EVENT_NAME_SBI_CLIENT (../src/amf/amf-sm.c:78)
11/20 18:52:14.186: [sock] DEBUG: addr:127.0.0.10, port:7777 (../lib/core/ogs-sockaddr.c:140)
11/20 18:52:14.186: [sbi] DEBUG: ogs_sbi_client_add() (../lib/sbi/client.c:112)
11/20 18:52:14.186: [sbi] DEBUG: [REF] 1 (../lib/sbi/client.c:113)
11/20 18:52:14.186: [amf] DEBUG: [REF] 2 (../src/amf/nnssf-handler.c:110)
11/20 18:52:14.186: [amf] WARNING: Try to discover [nsmf-pdusession] (../src/amf/sbi-path.c:291)
11/20 18:52:14.186: [sbi] DEBUG: [GET] http://127.0.0.10:7777/nnrf-disc/v1/nf-instances (../lib/sbi/client.c:625)
0000: 00000604 00000000 00000300 04e200     ...............
11/20 18:52:14.187: [sbi] DEBUG: MAX_CONCURRENT_STREAMS = 100 (../lib/sbi/nghttp2-server.c:747)
11/20 18:52:14.187: [sbi] DEBUG: ENABLE_PUSH = false (../lib/sbi/nghttp2-server.c:749)
11/20 18:52:14.187: [sbi] DEBUG: STREAM added [1] (../lib/sbi/nghttp2-server.c:1122)
11/20 18:52:14.187: [sbi] DEBUG: [GET] /nnrf-disc/v1/nf-instances (../lib/sbi/nghttp2-server.c:801)
11/20 18:52:14.187: [nrf] DEBUG: nrf_state_operational(): OGS_EVENT_NAME_SBI_SERVER (../src/nrf/nrf-sm.c:50)
11/20 18:52:14.187: [nrf] DEBUG: NF-Discover : Requester[AMF] Target[SMF] (../src/nrf/nnrf-handler.c:450)
11/20 18:52:14.187: [nrf] DEBUG: [0] service-names[nsmf-pdusession] (../src/nrf/nnrf-handler.c:478)
11/20 18:52:14.187: [nrf] DEBUG: [7dede140-6947-41ed-b984-b79611f9b6e4:0] NF-Discovered [NF-Type:SMF,NF-Status:REGISTERED,IPv4:1,IPv6:0] (../src/nrf/nnrf-handler.c:505)
11/20 18:52:14.187: [sbi] DEBUG: STATUS [200] (../lib/sbi/nghttp2-server.c:357)
11/20 18:52:14.187: [sbi] DEBUG: SENDING...: 865 (../lib/sbi/nghttp2-server.c:365)
11/20 18:52:14.187: [sbi] DEBUG: {
	"validityPeriod":	3600,
	"nfInstances":	[{
			"nfInstanceId":	"7dede140-6947-41ed-b984-b79611f9b6e4",
			"nfType":	"SMF",
			"nfStatus":	"REGISTERED",
			"heartBeatTimer":	10,
			"ipv4Addresses":	["127.0.0.4"],
			"allowedNfTypes":	["AMF", "SCP"],
			"priority":	0,
			"capacity":	100,
			"load":	0,
			"nfServiceList":	{
				"7e009b8c-6947-41ed-b984-b79611f9b6e4":	{
					"serviceInstanceId":	"7e009b8c-6947-41ed-b984-b79611f9b6e4",
					"serviceName":	"nsmf-pdusession",
					"versions":	[{
							"apiVersionInUri":	"v1",
							"apiFullVersion":	"1.0.0"
						}],
					"scheme":	"http",
					"nfServiceStatus":	"REGISTERED",
					"ipEndPoints":	[{
							"ipv4Address":	"127.0.0.4",
							"port":	7777
						}],
					"allowedNfTypes":	["AMF"],
					"priority":	0,
					"capacity":	100,
					"load":	0
				}
			},
			"nfProfileChangesSupportInd":	true
		}]
} (../lib/sbi/nghttp2-server.c:366)
11/20 18:52:14.187: [sbi] DEBUG: STREAM closed [1] (../lib/sbi/nghttp2-server.c:852)
0000: 00000004 01000000 00                  .........
0000: 00004401 04000000 0188768b d5596a6f   ..D.......v..Yjo
0010: 16e53b89 76d76f61 96d07abe 941054d2   ..;.v.oa..z...T.
0020: 7eea0802 128015c6 c5702d29 8b46ff0f   ~........p-).F..
0030: 0d033836 355f8b1d 75d0620d 263d4c74   ..865_..u.b.&=Lt
0040: 41ea5889 a47e561c c5819700 0f         A.X..~V......
0000: 00036100 01000000 017b0a09 2276616c   ..a......{.."val
0010: 69646974 79506572 696f6422 3a093336   idityPeriod":.36
0020: 30302c0a 09226e66 496e7374 616e6365   00,.."nfInstance
0030: 73223a09 5b7b0a09 0909226e 66496e73   s":.[{...."nfIns
0040: 74616e63 65496422 3a092237 64656465   tanceId":."7dede
0050: 3134302d 36393437 2d343165 642d6239   140-6947-41ed-b9
0060: 38342d62 37393631 31663962 36653422   84-b79611f9b6e4"
0070: 2c0a0909 09226e66 54797065 223a0922   ,...."nfType":."
0080: 534d4622 2c0a0909 09226e66 53746174   SMF",...."nfStat
0090: 7573223a 09225245 47495354 45524544   us":."REGISTERED
00a0: 222c0a09 09092268 65617274 42656174   ",...."heartBeat
00b0: 54696d65 72223a09 31302c0a 09090922   Timer":.10,...."
00c0: 69707634 41646472 65737365 73223a09   ipv4Addresses":.
00d0: 5b223132 372e302e 302e3422 5d2c0a09   ["127.0.0.4"],..
00e0: 09092261 6c6c6f77 65644e66 54797065   .."allowedNfType
00f0: 73223a09 5b22414d 46222c20 22534350   s":.["AMF", "SCP
0100: 225d2c0a 09090922 7072696f 72697479   "],...."priority
0110: 223a0930 2c0a0909 09226361 70616369   ":.0,...."capaci
0120: 7479223a 09313030 2c0a0909 09226c6f   ty":.100,...."lo
0130: 6164223a 09302c0a 09090922 6e665365   ad":.0,...."nfSe
0140: 72766963 654c6973 74223a09 7b0a0909   rviceList":.{...
0150: 09092237 65303039 6238632d 36393437   .."7e009b8c-6947
0160: 2d343165 642d6239 38342d62 37393631   -41ed-b984-b7961
0170: 31663962 36653422 3a097b0a 09090909   1f9b6e4":.{.....
0180: 09227365 72766963 65496e73 74616e63   ."serviceInstanc
0190: 65496422 3a092237 65303039 6238632d   eId":."7e009b8c-
01a0: 36393437 2d343165 642d6239 38342d62   6947-41ed-b984-b
01b0: 37393631 31663962 36653422 2c0a0909   79611f9b6e4",...
01c0: 09090922 73657276 6963654e 616d6522   ..."serviceName"
01d0: 3a09226e 736d662d 70647573 65737369   :."nsmf-pdusessi
01e0: 6f6e222c 0a090909 09092276 65727369   on",......"versi
01f0: 6f6e7322 3a095b7b 0a090909 09090909   ons":.[{........
0200: 22617069 56657273 696f6e49 6e557269   "apiVersionInUri
0210: 223a0922 7631222c 0a090909 09090909   ":."v1",........
0220: 22617069 46756c6c 56657273 696f6e22   "apiFullVersion"
0230: 3a092231 2e302e30 220a0909 09090909   :."1.0.0".......
0240: 7d5d2c0a 09090909 09227363 68656d65   }],......"scheme
0250: 223a0922 68747470 222c0a09 09090909   ":."http",......
0260: 226e6653 65727669 63655374 61747573   "nfServiceStatus
0270: 223a0922 52454749 53544552 4544222c   ":."REGISTERED",
0280: 0a090909 09092269 70456e64 506f696e   ......"ipEndPoin
0290: 7473223a 095b7b0a 09090909 09090922   ts":.[{........"
02a0: 69707634 41646472 65737322 3a092231   ipv4Address":."1
02b0: 32372e30 2e302e34 222c0a09 09090909   27.0.0.4",......
02c0: 09092270 6f727422 3a093737 37370a09   .."port":.7777..
02d0: 09090909 097d5d2c 0a090909 09092261   .....}],......"a
02e0: 6c6c6f77 65644e66 54797065 73223a09   llowedNfTypes":.
02f0: 5b22414d 46225d2c 0a090909 09092270   ["AMF"],......"p
0300: 72696f72 69747922 3a09302c 0a090909   riority":.0,....
0310: 09092263 61706163 69747922 3a093130   .."capacity":.10
0320: 302c0a09 09090909 226c6f61 64223a09   0,......"load":.
0330: 300a0909 09097d0a 0909097d 2c0a0909   0.....}....},...
0340: 09226e66 50726f66 696c6543 68616e67   ."nfProfileChang
0350: 65735375 70706f72 74496e64 223a0974   esSupportInd":.t
0360: 7275650a 09097d5d 0a7d                rue...}].}
11/20 18:52:14.188: [sbi] DEBUG: MAX_CONCURRENT_STREAMS = 100 (../lib/sbi/nghttp2-server.c:747)
11/20 18:52:14.188: [sbi] DEBUG: ENABLE_PUSH = false (../lib/sbi/nghttp2-server.c:749)
11/20 18:52:14.188: [sbi] DEBUG: [200:GET] http://127.0.0.10:7777/nnrf-disc/v1/nf-instances?requester-nf-type=AMF&service-names=nsmf-pdusession&target-nf-type=SMF (../lib/sbi/client.c:573)
11/20 18:52:14.188: [sbi] DEBUG: RECEIVED[865] (../lib/sbi/client.c:584)
11/20 18:52:14.188: [sbi] DEBUG: {
	"validityPeriod":	3600,
	"nfInstances":	[{
			"nfInstanceId":	"7dede140-6947-41ed-b984-b79611f9b6e4",
			"nfType":	"SMF",
			"nfStatus":	"REGISTERED",
			"heartBeatTimer":	10,
			"ipv4Addresses":	["127.0.0.4"],
			"allowedNfTypes":	["AMF", "SCP"],
			"priority":	0,
			"capacity":	100,
			"load":	0,
			"nfServiceList":	{
				"7e009b8c-6947-41ed-b984-b79611f9b6e4":	{
					"serviceInstanceId":	"7e009b8c-6947-41ed-b984-b79611f9b6e4",
					"serviceName":	"nsmf-pdusession",
					"versions":	[{
							"apiVersionInUri":	"v1",
							"apiFullVersion":	"1.0.0"
						}],
					"scheme":	"http",
					"nfServiceStatus":	"REGISTERED",
					"ipEndPoints":	[{
							"ipv4Address":	"127.0.0.4",
							"port":	7777
						}],
					"allowedNfTypes":	["AMF"],
					"priority":	0,
					"capacity":	100,
					"load":	0
				}
			},
			"nfProfileChangesSupportInd":	true
		}]
} (../lib/sbi/client.c:586)
11/20 18:52:14.188: [sbi] DEBUG: ogs_sbi_nf_instance_add() (../lib/sbi/context.c:762)
11/20 18:52:14.188: [sbi] DEBUG: [REF] 1 (../lib/sbi/context.c:764)
11/20 18:52:14.188: [sbi] DEBUG: ogs_sbi_nf_state_initial(): ENTRY (../lib/sbi/nf-sm.c:66)
11/20 18:52:14.188: [sbi] DEBUG: ogs_sbi_nf_state_registered(): ENTRY (../lib/sbi/nf-sm.c:204)
11/20 18:52:14.188: [sbi] INFO: [7dede140-6947-41ed-b984-b79611f9b6e4] (NF-discover) NF registered (../lib/sbi/nnrf-handler.c:725)
11/20 18:52:14.188: [sock] DEBUG: addr:127.0.0.4, port:80 (../lib/core/ogs-sockaddr.c:140)
11/20 18:52:14.188: [sock] DEBUG: addr:127.0.0.4, port:7777 (../lib/core/ogs-sockaddr.c:140)
11/20 18:52:14.188: [sbi] DEBUG: ogs_sbi_client_add() (../lib/sbi/client.c:112)
11/20 18:52:14.188: [sbi] DEBUG: [REF] 1 (../lib/sbi/client.c:113)
11/20 18:52:14.188: [sbi] DEBUG: [REF] 2 (../lib/sbi/context.c:1570)
11/20 18:52:14.188: [sbi] DEBUG: ogs_sbi_client_add() (../lib/sbi/client.c:112)
11/20 18:52:14.188: [sbi] DEBUG: [REF] 1 (../lib/sbi/client.c:113)
11/20 18:52:14.188: [sbi] DEBUG: [REF] 2 (../lib/sbi/context.c:1482)
11/20 18:52:14.188: [sbi] INFO: [7dede140-6947-41ed-b984-b79611f9b6e4] (NF-discover) NF Profile updated (../lib/sbi/nnrf-handler.c:752)
11/20 18:52:14.188: [amf] DEBUG: [REF] 2 (../src/amf/context.c:1967)
11/20 18:52:14.189: [sbi] DEBUG: [POST] http://127.0.0.4:7777/nsmf-pdusession/v1/sm-contexts (../lib/sbi/client.c:625)
11/20 18:52:14.189: [sbi] DEBUG: SENDING...[1181] (../lib/sbi/client.c:401)
11/20 18:52:14.189: [sbi] DEBUG: --=-R8ietOglXld7m/86BY6hJQ==
Content-Type: application/json

{
	"supi":	"imsi-999700000000010",
	"pei":	"imeisv-8665070400405301",
	"gpsi":	"msisdn-491725670014",
	"pduSessionId":	5,
	"dnn":	"internet",
	"sNssai":	{
		"sst":	1
	},
	"servingNfId":	"7ddada50-6947-41ed-ab85-e385b1ff7a33",
	"guami":	{
		"plmnId":	{
			"mcc":	"999",
			"mnc":	"70"
		},
		"amfId":	"020040"
	},
	"servingNetwork":	{
		"mcc":	"999",
		"mnc":	"70"
	},
	"n1SmMsg":	{
		"contentId":	"5gnas-sm"
	},
	"anType":	"3GPP_ACCESS",
	"ratType":	"NR",
	"ueLocation":	{
		"nrLocation":	{
			"tai":	{
				"plmnId":	{
					"mcc":	"999",
					"mnc":	"70"
				},
				"tac":	"000001"
			},
			"ncgi":	{
				"plmnId":	{
					"mcc":	"999",
					"mnc":	"70"
				},
				"nrCellId":	"000040001"
			},
			"ueLocationTimestamp":	"2022-11-21T02:52:14.153832Z"
		}
	},
	"ueTimeZone":	"-08:00",
	"smContextStatusUri":	"http://127.0.0.5:7777/namf-callback/v1/imsi-999700000000010/sm-context-status/5",
	"pcfId":	"7df42a78-6947-41ed-a590-cdd967883434"
}
--=-R8ietOglXld7m/86BY6hJQ==
Content-Id: 5gnas-sm
Content-Type: application/vnd.3gpp.5gnas

.Áÿÿ“¡{ (../lib/sbi/client.c:403)
11/20 18:52:14.189: [sbi] DEBUG: MAX_CONCURRENT_STREAMS = 100 (../lib/sbi/nghttp2-server.c:747)
11/20 18:52:14.189: [sbi] DEBUG: ENABLE_PUSH = false (../lib/sbi/nghttp2-server.c:749)
11/20 18:52:14.189: [sbi] DEBUG: STREAM added [1] (../lib/sbi/nghttp2-server.c:1122)
11/20 18:52:14.189: [sbi] DEBUG: [POST] /nsmf-pdusession/v1/sm-contexts (../lib/sbi/nghttp2-server.c:801)
11/20 18:52:14.189: [sbi] DEBUG: RECEIVED: 1181 (../lib/sbi/nghttp2-server.c:805)
11/20 18:52:14.189: [sbi] DEBUG: --=-R8ietOglXld7m/86BY6hJQ==
Content-Type: application/json

{
	"supi":	"imsi-999700000000010",
	"pei":	"imeisv-8665070400405301",
	"gpsi":	"msisdn-491725670014",
	"pduSessionId":	5,
	"dnn":	"internet",
	"sNssai":	{
		"sst":	1
	},
	"servingNfId":	"7ddada50-6947-41ed-ab85-e385b1ff7a33",
	"guami":	{
		"plmnId":	{
			"mcc":	"999",
			"mnc":	"70"
		},
		"amfId":	"020040"
	},
	"servingNetwork":	{
		"mcc":	"999",
		"mnc":	"70"
	},
	"n1SmMsg":	{
		"contentId":	"5gnas-sm"
	},
	"anType":	"3GPP_ACCESS",
	"ratType":	"NR",
	"ueLocation":	{
		"nrLocation":	{
			"tai":	{
				"plmnId":	{
					"mcc":	"999",
					"mnc":	"70"
				},
				"tac":	"000001"
			},
			"ncgi":	{
				"plmnId":	{
					"mcc":	"999",
					"mnc":	"70"
				},
				"nrCellId":	"000040001"
			},
			"ueLocationTimestamp":	"2022-11-21T02:52:14.153832Z"
		}
	},
	"ueTimeZone":	"-08:00",
	"smContextStatusUri":	"http://127.0.0.5:7777/namf-callback/v1/imsi-999700000000010/sm-context-status/5",
	"pcfId":	"7df42a78-6947-41ed-a590-cdd967883434"
}
--=-R8ietOglXld7m/86BY6hJQ==
Content-Id: 5gnas-sm
Content-Type: application/vnd.3gpp.5gnas

.Áÿÿ“¡{ (../lib/sbi/nghttp2-server.c:806)
0000: 00000604 00000000 00000300 04e200     ...............
11/20 18:52:14.189: [smf] DEBUG: smf_state_operational(): OGS_EVENT_NAME_SBI_SERVER (../src/smf/smf-sm.c:83)
11/20 18:52:14.189: [smf] INFO: [Added] Number of SMF-UEs is now 1 (../src/smf/context.c:1010)
11/20 18:52:14.189: [smf] DEBUG: smf_gsm_state_initial(): ENTRY (../src/smf/gsm-sm.c:233)
11/20 18:52:14.189: [smf] INFO: [Added] Number of SMF-Sessions is now 1 (../src/smf/context.c:3086)
11/20 18:52:14.189: [smf] DEBUG: smf_gsm_state_initial(): OGS_EVENT_NAME_SBI_SERVER (../src/smf/gsm-sm.c:233)
11/20 18:52:14.190: [sock] DEBUG: addr:127.0.0.5, port:7777 (../lib/core/ogs-sockaddr.c:140)
11/20 18:52:14.190: [smf] DEBUG: [REF] 3 (../src/smf/nsmf-handler.c:192)
11/20 18:52:14.190: [smf] DEBUG: smf_state_operational(): SMF_EVT_5GSM_MESSAGE (../src/smf/smf-sm.c:83)
11/20 18:52:14.190: [smf] DEBUG: smf_gsm_state_initial(): SMF_EVT_5GSM_MESSAGE (../src/smf/gsm-sm.c:233)
11/20 18:52:14.190: [sbi] DEBUG: [REF] 2 (../lib/sbi/path.c:328)
11/20 18:52:14.190: [sbi] WARNING: Try to discover [nudm-sdm] (../lib/sbi/path.c:337)
11/20 18:52:14.190: [sbi] DEBUG: [GET] http://[::1]:7777/nnrf-disc/v1/nf-instances (../lib/sbi/client.c:625)
11/20 18:52:14.190: [smf] DEBUG: smf_gsm_state_initial(): EXIT (../src/smf/gsm-sm.c:233)
11/20 18:52:14.190: [smf] DEBUG: smf_gsm_state_wait_5gc_sm_policy_association(): ENTRY (../src/smf/gsm-sm.c:480)
11/20 18:52:14.190: [sbi] DEBUG: MAX_CONCURRENT_STREAMS = 100 (../lib/sbi/nghttp2-server.c:747)
11/20 18:52:14.190: [sbi] DEBUG: ENABLE_PUSH = false (../lib/sbi/nghttp2-server.c:749)
11/20 18:52:14.190: [sbi] DEBUG: STREAM added [5] (../lib/sbi/nghttp2-server.c:1122)
11/20 18:52:14.190: [sbi] DEBUG: [GET] /nnrf-disc/v1/nf-instances (../lib/sbi/nghttp2-server.c:801)
11/20 18:52:14.190: [nrf] DEBUG: nrf_state_operational(): OGS_EVENT_NAME_SBI_SERVER (../src/nrf/nrf-sm.c:50)
11/20 18:52:14.190: [nrf] DEBUG: NF-Discover : Requester[SMF] Target[UDM] (../src/nrf/nnrf-handler.c:450)
11/20 18:52:14.190: [nrf] DEBUG: [0] service-names[nudm-sdm] (../src/nrf/nnrf-handler.c:478)
11/20 18:52:14.190: [nrf] DEBUG: [7de92560-6947-41ed-aeda-453c1cb18a59:0] NF-Discovered [NF-Type:UDM,NF-Status:REGISTERED,IPv4:1,IPv6:0] (../src/nrf/nnrf-handler.c:505)
11/20 18:52:14.190: [sbi] DEBUG: STATUS [200] (../lib/sbi/nghttp2-server.c:357)
11/20 18:52:14.190: [sbi] DEBUG: SENDING...: 882 (../lib/sbi/nghttp2-server.c:365)
11/20 18:52:14.190: [sbi] DEBUG: {
	"validityPeriod":	3600,
	"nfInstances":	[{
			"nfInstanceId":	"7de92560-6947-41ed-aeda-453c1cb18a59",
			"nfType":	"UDM",
			"nfStatus":	"REGISTERED",
			"heartBeatTimer":	10,
			"ipv4Addresses":	["127.0.0.12"],
			"allowedNfTypes":	["AMF", "SMF", "AUSF", "SCP"],
			"priority":	0,
			"capacity":	100,
			"load":	0,
			"nfServiceList":	{
				"7de93a8c-6947-41ed-aeda-453c1cb18a59":	{
					"serviceInstanceId":	"7de93a8c-6947-41ed-aeda-453c1cb18a59",
					"serviceName":	"nudm-sdm",
					"versions":	[{
							"apiVersionInUri":	"v2",
							"apiFullVersion":	"2.0.0"
						}],
					"scheme":	"http",
					"nfServiceStatus":	"REGISTERED",
					"ipEndPoints":	[{
							"ipv4Address":	"127.0.0.12",
							"port":	7777
						}],
					"allowedNfTypes":	["AMF", "SMF"],
					"priority":	0,
					"capacity":	100,
					"load":	0
				}
			},
			"nfProfileChangesSupportInd":	true
		}]
} (../lib/sbi/nghttp2-server.c:366)
11/20 18:52:14.190: [sbi] DEBUG: STREAM closed [5] (../lib/sbi/nghttp2-server.c:852)
0000: 00002c01 04000000 0588c061 96d07abe   ..,........a..z.
0010: 941054d2 7eea0802 128015c6 c5702d29   ..T.~........p-)
0020: 8b46ff0f 0d033838 32bf5889 a47e561c   .F....882.X..~V.
0030: c5819700 0f                           .....
11/20 18:52:14.190: [sbi] DEBUG: [200:GET] http://[::1]:7777/nnrf-disc/v1/nf-instances?requester-nf-type=SMF&service-names=nudm-sdm&target-nf-type=UDM (../lib/sbi/client.c:573)
11/20 18:52:14.190: [sbi] DEBUG: RECEIVED[882] (../lib/sbi/client.c:584)
11/20 18:52:14.190: [sbi] DEBUG: {
	"validityPeriod":	3600,
	"nfInstances":	[{
			"nfInstanceId":	"7de92560-6947-41ed-aeda-453c1cb18a59",
			"nfType":	"UDM",
			"nfStatus":	"REGISTERED",
			"heartBeatTimer":	10,
			"ipv4Addresses":	["127.0.0.12"],
			"allowedNfTypes":	["AMF", "SMF", "AUSF", "SCP"],
			"priority":	0,
			"capacity":	100,
			"load":	0,
			"nfServiceList":	{
				"7de93a8c-6947-41ed-aeda-453c1cb18a59":	{
					"serviceInstanceId":	"7de93a8c-6947-41ed-aeda-453c1cb18a59",
					"serviceName":	"nudm-sdm",
					"versions":	[{
							"apiVersionInUri":	"v2",
							"apiFullVersion":	"2.0.0"
						}],
					"scheme":	"http",
					"nfServiceStatus":	"REGISTERED",
					"ipEndPoints":	[{
							"ipv4Address":	"127.0.0.12",
							"port":	7777
						}],
					"allowedNfTypes":	["AMF", "SMF"],
					"priority":	0,
					"capacity":	100,
					"load":	0
				}
			},
			"nfProfileChangesSupportInd":	true
		}]
} (../lib/sbi/client.c:586)
11/20 18:52:14.190: [smf] DEBUG: smf_state_operational(): OGS_EVENT_NAME_SBI_CLIENT (../src/smf/smf-sm.c:83)
11/20 18:52:14.190: [sbi] DEBUG: ogs_sbi_nf_instance_add() (../lib/sbi/context.c:762)
11/20 18:52:14.190: [sbi] DEBUG: [REF] 1 (../lib/sbi/context.c:764)
11/20 18:52:14.190: [sbi] DEBUG: ogs_sbi_nf_state_initial(): ENTRY (../lib/sbi/nf-sm.c:66)
11/20 18:52:14.190: [sbi] DEBUG: ogs_sbi_nf_state_registered(): ENTRY (../lib/sbi/nf-sm.c:204)
11/20 18:52:14.190: [sbi] INFO: [7de92560-6947-41ed-aeda-453c1cb18a59] (NF-discover) NF registered (../lib/sbi/nnrf-handler.c:725)
11/20 18:52:14.190: [sock] DEBUG: addr:127.0.0.12, port:80 (../lib/core/ogs-sockaddr.c:140)
11/20 18:52:14.190: [sock] DEBUG: addr:127.0.0.12, port:7777 (../lib/core/ogs-sockaddr.c:140)
11/20 18:52:14.190: [sbi] DEBUG: ogs_sbi_client_add() (../lib/sbi/client.c:112)
11/20 18:52:14.190: [sbi] DEBUG: [REF] 1 (../lib/sbi/client.c:113)
11/20 18:52:14.190: [sbi] DEBUG: [REF] 2 (../lib/sbi/context.c:1570)
11/20 18:52:14.190: [sbi] DEBUG: ogs_sbi_client_add() (../lib/sbi/client.c:112)
11/20 18:52:14.190: [sbi] DEBUG: [REF] 1 (../lib/sbi/client.c:113)
11/20 18:52:14.190: [sbi] DEBUG: [REF] 2 (../lib/sbi/context.c:1482)
11/20 18:52:14.190: [sbi] INFO: [7de92560-6947-41ed-aeda-453c1cb18a59] (NF-discover) NF Profile updated (../lib/sbi/nnrf-handler.c:752)
0000: 00037200 01000000 057b0a09 2276616c   ..r......{.."val
0010: 69646974 79506572 696f6422 3a093336   idityPeriod":.36
0020: 30302c0a 09226e66 496e7374 616e6365   00,.."nfInstance
0030: 73223a09 5b7b0a09 0909226e 66496e73   s":.[{...."nfIns
0040: 74616e63 65496422 3a092237 64653932   tanceId":."7de92
0050: 3536302d 36393437 2d343165 642d6165   560-6947-41ed-ae
0060: 64612d34 35336331 63623138 61353922   da-453c1cb18a59"
0070: 2c0a0909 09226e66 54797065 223a0922   ,...."nfType":."
0080: 55444d22 2c0a0909 09226e66 53746174   UDM",...."nfStat
0090: 7573223a 09225245 47495354 45524544   us":."REGISTERED
00a0: 222c0a09 09092268 65617274 42656174   ",...."heartBeat
00b0: 54696d65 72223a09 31302c0a 09090922   Timer":.10,...."
00c0: 69707634 41646472 65737365 73223a09   ipv4Addresses":.
00d0: 5b223132 372e302e 302e3132 225d2c0a   ["127.0.0.12"],.
00e0: 09090922 616c6c6f 7765644e 66547970   ..."allowedNfTyp
00f0: 6573223a 095b2241 4d46222c 2022534d   es":.["AMF", "SM
0100: 46222c20 22415553 46222c20 22534350   F", "AUSF", "SCP
0110: 225d2c0a 09090922 7072696f 72697479   "],...."priority
0120: 223a0930 2c0a0909 09226361 70616369   ":.0,...."capaci
0130: 7479223a 09313030 2c0a0909 09226c6f   ty":.100,...."lo
0140: 6164223a 09302c0a 09090922 6e665365   ad":.0,...."nfSe
0150: 72766963 654c6973 74223a09 7b0a0909   rviceList":.{...
0160: 09092237 64653933 6138632d 36393437   .."7de93a8c-6947
0170: 2d343165 642d6165 64612d34 35336331   -41ed-aeda-453c1
0180: 63623138 61353922 3a097b0a 09090909   cb18a59":.{.....
0190: 09227365 72766963 65496e73 74616e63   ."serviceInstanc
01a0: 65496422 3a092237 64653933 6138632d   eId":."7de93a8c-
01b0: 36393437 2d343165 642d6165 64612d34   6947-41ed-aeda-4
01c0: 35336331 63623138 61353922 2c0a0909   53c1cb18a59",...
01d0: 09090922 73657276 6963654e 616d6522   ..."serviceName"
01e0: 3a09226e 75646d2d 73646d22 2c0a0909   :."nudm-sdm",...
01f0: 09090922 76657273 696f6e73 223a095b   ..."versions":.[
0200: 7b0a0909 09090909 09226170 69566572   {........"apiVer
0210: 73696f6e 496e5572 69223a09 22763222   sionInUri":."v2"
0220: 2c0a0909 09090909 09226170 6946756c   ,........"apiFul
0230: 6c566572 73696f6e 223a0922 322e302e   lVersion":."2.0.
0240: 30220a09 09090909 097d5d2c 0a090909   0".......}],....
0250: 09092273 6368656d 65223a09 22687474   .."scheme":."htt
0260: 70222c0a 09090909 09226e66 53657276   p",......"nfServ
0270: 69636553 74617475 73223a09 22524547   iceStatus":."REG
0280: 49535445 52454422 2c0a0909 09090922   ISTERED",......"
0290: 6970456e 64506f69 6e747322 3a095b7b   ipEndPoints":.[{
02a0: 0a090909 09090909 22697076 34416464   ........"ipv4Add
02b0: 72657373 223a0922 3132372e 302e302e   ress":."127.0.0.
02c0: 3132222c 0a090909 09090909 22706f72   12",........"por
02d0: 74223a09 37373737 0a090909 0909097d   t":.7777.......}
02e0: 5d2c0a09 09090909 22616c6c 6f776564   ],......"allowed
02f0: 4e665479 70657322 3a095b22 414d4622   NfTypes":.["AMF"
0300: 2c202253 4d46225d 2c0a0909 09090922   , "SMF"],......"
0310: 7072696f 72697479 223a0930 2c0a0909   priority":.0,...
0320: 09090922 63617061 63697479 223a0931   ..."capacity":.1
0330: 30302c0a 09090909 09226c6f 6164223a   00,......"load":
0340: 09300a09 0909097d 0a090909 7d2c0a09   .0.....}....},..
0350: 0909226e 6650726f 66696c65 4368616e   .."nfProfileChan
0360: 67657353 7570706f 7274496e 64223a09   gesSupportInd":.
0370: 74727565 0a09097d 5d0a7d              true...}].}
11/20 18:52:14.190: [smf] DEBUG: [REF] 2 (../src/smf/nnrf-handler.c:66)
11/20 18:52:14.191: [sbi] DEBUG: [GET] http://127.0.0.12:7777/nudm-sdm/v2/imsi-999700000000010/sm-data (../lib/sbi/client.c:625)
11/20 18:52:14.191: [sbi] DEBUG: MAX_CONCURRENT_STREAMS = 100 (../lib/sbi/nghttp2-server.c:747)
11/20 18:52:14.191: [sbi] DEBUG: ENABLE_PUSH = false (../lib/sbi/nghttp2-server.c:749)
0000: 00000604 00000000 00000300 04e200     ...............
11/20 18:52:14.191: [sbi] DEBUG: STREAM added [1] (../lib/sbi/nghttp2-server.c:1122)
11/20 18:52:14.191: [sbi] DEBUG: [GET] /nudm-sdm/v2/imsi-999700000000010/sm-data (../lib/sbi/nghttp2-server.c:801)
11/20 18:52:14.191: [udm] DEBUG: udm_state_operational(): OGS_EVENT_NAME_SBI_SERVER (../src/udm/udm-sm.c:53)
11/20 18:52:14.191: [udm] DEBUG: udm_ue_state_operational(): OGS_EVENT_NAME_SBI_SERVER (../src/udm/ue-sm.c:46)
11/20 18:52:14.191: [sbi] DEBUG: [GET] http://127.0.0.20:7777/nudr-dr/v1/subscription-data/imsi-999700000000010/99970/provisioned-data/sm-data (../lib/sbi/client.c:625)
11/20 18:52:14.191: [sbi] DEBUG: MAX_CONCURRENT_STREAMS = 100 (../lib/sbi/nghttp2-server.c:747)
11/20 18:52:14.191: [sbi] DEBUG: ENABLE_PUSH = false (../lib/sbi/nghttp2-server.c:749)
11/20 18:52:14.191: [sbi] DEBUG: STREAM added [11] (../lib/sbi/nghttp2-server.c:1122)
11/20 18:52:14.191: [sbi] DEBUG: [GET] /nudr-dr/v1/subscription-data/imsi-999700000000010/99970/provisioned-data/sm-data (../lib/sbi/nghttp2-server.c:801)
11/20 18:52:14.191: [udr] DEBUG: udr_state_operational(): OGS_EVENT_NAME_SBI_SERVER (../src/udr/udr-sm.c:51)
11/20 18:52:14.192: [sbi] DEBUG: STATUS [200] (../lib/sbi/nghttp2-server.c:357)
11/20 18:52:14.192: [sbi] DEBUG: SENDING...: 626 (../lib/sbi/nghttp2-server.c:365)
11/20 18:52:14.192: [sbi] DEBUG: [{
		"singleNssai":	{
			"sst":	1
		},
		"dnnConfigurations":	{
			"internet":	{
				"pduSessionTypes":	{
					"defaultSessionType":	"IPV4V6",
					"allowedSessionTypes":	["IPV4", "IPV6", "IPV4V6"]
				},
				"sscModes":	{
					"defaultSscMode":	"SSC_MODE_1",
					"allowedSscModes":	["SSC_MODE_1", "SSC_MODE_2", "SSC_MODE_3"]
				},
				"5gQosProfile":	{
					"5qi":	9,
					"arp":	{
						"priorityLevel":	8,
						"preemptCap":	"NOT_PREEMPT",
						"preemptVuln":	"NOT_PREEMPTABLE"
					},
					"priorityLevel":	8
				},
				"sessionAmbr":	{
					"uplink":	"1048576 Kbps",
					"downlink":	"1048576 Kbps"
				}
			}
		}
	}] (../lib/sbi/nghttp2-server.c:366)
11/20 18:52:14.192: [sbi] DEBUG: STREAM closed [11] (../lib/sbi/nghttp2-server.c:852)
0000: 00000a01 04000000 0b88c0bf 0f0d0336   ...............6
0010: 3236be                                26.
11/20 18:52:14.192: [sbi] DEBUG: [200:GET] http://127.0.0.20:7777/nudr-dr/v1/subscription-data/imsi-999700000000010/99970/provisioned-data/sm-data?dnn=internet&single-nssai=%7B%0A%09%22sst%22%3A%091%0A%7D (../lib/sbi/client.c:573)
11/20 18:52:14.192: [sbi] DEBUG: RECEIVED[626] (../lib/sbi/client.c:584)
11/20 18:52:14.192: [sbi] DEBUG: [{
		"singleNssai":	{
			"sst":	1
		},
		"dnnConfigurations":	{
			"internet":	{
				"pduSessionTypes":	{
					"defaultSessionType":	"IPV4V6",
					"allowedSessionTypes":	["IPV4", "IPV6", "IPV4V6"]
				},
				"sscModes":	{
					"defaultSscMode":	"SSC_MODE_1",
					"allowedSscModes":	["SSC_MODE_1", "SSC_MODE_2", "SSC_MODE_3"]
				},
				"5gQosProfile":	{
					"5qi":	9,
					"arp":	{
						"priorityLevel":	8,
						"preemptCap":	"NOT_PREEMPT",
						"preemptVuln":	"NOT_PREEMPTABLE"
					},
					"priorityLevel":	8
				},
				"sessionAmbr":	{
					"uplink":	"1048576 Kbps",
					"downlink":	"1048576 Kbps"
				}
			}
		}
	}] (../lib/sbi/client.c:586)
11/20 18:52:14.192: [udm] DEBUG: udm_state_operational(): OGS_EVENT_NAME_SBI_CLIENT (../src/udm/udm-sm.c:53)
11/20 18:52:14.192: [udm] DEBUG: udm_ue_state_operational(): OGS_EVENT_NAME_SBI_CLIENT (../src/udm/ue-sm.c:46)
11/20 18:52:14.192: [sbi] DEBUG: STATUS [200] (../lib/sbi/nghttp2-server.c:357)
11/20 18:52:14.192: [sbi] DEBUG: SENDING...: 626 (../lib/sbi/nghttp2-server.c:365)
11/20 18:52:14.192: [sbi] DEBUG: [{
		"singleNssai":	{
			"sst":	1
		},
		"dnnConfigurations":	{
			"internet":	{
				"pduSessionTypes":	{
					"defaultSessionType":	"IPV4V6",
					"allowedSessionTypes":	["IPV4", "IPV6", "IPV4V6"]
				},
				"sscModes":	{
					"defaultSscMode":	"SSC_MODE_1",
					"allowedSscModes":	["SSC_MODE_1", "SSC_MODE_2", "SSC_MODE_3"]
				},
				"5gQosProfile":	{
					"5qi":	9,
					"arp":	{
						"priorityLevel":	8,
						"preemptCap":	"NOT_PREEMPT",
						"preemptVuln":	"NOT_PREEMPTABLE"
					},
					"priorityLevel":	8
				},
				"sessionAmbr":	{
					"uplink":	"1048576 Kbps",
					"downlink":	"1048576 Kbps"
				}
			}
		}
	}] (../lib/sbi/nghttp2-server.c:366)
11/20 18:52:14.192: [sbi] DEBUG: STREAM closed [1] (../lib/sbi/nghttp2-server.c:852)
0000: 00000004 01000000 00                  .........
0000: 00003901 04000000 0188768b d5596a6f   ..9.......v..Yjo
0010: 16e53b89 76d76f61 96d07abe 941054d2   ..;.v.oa..z...T.
0020: 7eea0802 128015c6 c5702d29 8b46ff0f   ~........p-).F..
0030: 0d033632 365f8b1d 75d0620d 263d4c74   ..626_..u.b.&=Lt
0040: 41ea                                  A.
11/20 18:52:14.192: [sbi] DEBUG: [200:GET] http://127.0.0.12:7777/nudm-sdm/v2/imsi-999700000000010/sm-data?single-nssai=%7B%0A%09%22sst%22%3A%091%0A%7D&dnn=internet (../lib/sbi/client.c:573)
11/20 18:52:14.192: [sbi] DEBUG: RECEIVED[626] (../lib/sbi/client.c:584)
11/20 18:52:14.192: [sbi] DEBUG: [{
		"singleNssai":	{
			"sst":	1
		},
		"dnnConfigurations":	{
			"internet":	{
				"pduSessionTypes":	{
					"defaultSessionType":	"IPV4V6",
					"allowedSessionTypes":	["IPV4", "IPV6", "IPV4V6"]
				},
				"sscModes":	{
					"defaultSscMode":	"SSC_MODE_1",
					"allowedSscModes":	["SSC_MODE_1", "SSC_MODE_2", "SSC_MODE_3"]
				},
				"5gQosProfile":	{
					"5qi":	9,
					"arp":	{
						"priorityLevel":	8,
						"preemptCap":	"NOT_PREEMPT",
						"preemptVuln":	"NOT_PREEMPTABLE"
					},
					"priorityLevel":	8
				},
				"sessionAmbr":	{
					"uplink":	"1048576 Kbps",
					"downlink":	"1048576 Kbps"
				}
			}
		}
	}] (../lib/sbi/client.c:586)
11/20 18:52:14.192: [smf] DEBUG: smf_state_operational(): OGS_EVENT_NAME_SBI_CLIENT (../src/smf/smf-sm.c:83)
0000: 00027200 01000000 0b5b7b0a 09092273   ..r......[{..."s
0010: 696e676c 654e7373 6169223a 097b0a09   ingleNssai":.{..
0020: 09092273 7374223a 09310a09 097d2c0a   .."sst":.1...},.
0030: 09092264 6e6e436f 6e666967 75726174   .."dnnConfigurat
0040: 696f6e73 223a097b 0a090909 22696e74   ions":.{...."int
0050: 65726e65 74223a09 7b0a0909 09092270   ernet":.{....."p
0060: 64755365 7373696f 6e547970 6573223a   duSessionTypes":
0070: 097b0a09 09090909 22646566 61756c74   .{......"default
0080: 53657373 696f6e54 79706522 3a092249   SessionType":."I
0090: 50563456 36222c0a 09090909 0922616c   PV4V6",......"al
00a0: 6c6f7765 64536573 73696f6e 54797065   lowedSessionType
00b0: 73223a09 5b224950 5634222c 20224950   s":.["IPV4", "IP
00c0: 5636222c 20224950 56345636 225d0a09   V6", "IPV4V6"]..
00d0: 0909097d 2c0a0909 09092273 73634d6f   ...},....."sscMo
00e0: 64657322 3a097b0a 09090909 09226465   des":.{......"de
00f0: 6661756c 74537363 4d6f6465 223a0922   faultSscMode":."
0100: 5353435f 4d4f4445 5f31222c 0a090909   SSC_MODE_1",....
0110: 09092261 6c6c6f77 65645373 634d6f64   .."allowedSscMod
0120: 6573223a 095b2253 53435f4d 4f44455f   es":.["SSC_MODE_
0130: 31222c20 22535343 5f4d4f44 455f3222   1", "SSC_MODE_2"
0140: 2c202253 53435f4d 4f44455f 33225d0a   , "SSC_MODE_3"].
0150: 09090909 7d2c0a09 09090922 3567516f   ....},....."5gQo
0160: 7350726f 66696c65 223a097b 0a090909   sProfile":.{....
0170: 09092235 7169223a 09392c0a 09090909   .."5qi":.9,.....
0180: 09226172 70223a09 7b0a0909 09090909   ."arp":.{.......
0190: 22707269 6f726974 794c6576 656c223a   "priorityLevel":
01a0: 09382c0a 09090909 09092270 7265656d   .8,......."preem
01b0: 70744361 70223a09 224e4f54 5f505245   ptCap":."NOT_PRE
01c0: 454d5054 222c0a09 09090909 09227072   EMPT",......."pr
01d0: 65656d70 7456756c 6e223a09 224e4f54   eemptVuln":."NOT
01e0: 5f505245 454d5054 41424c45 220a0909   _PREEMPTABLE"...
01f0: 0909097d 2c0a0909 09090922 7072696f   ...},......"prio
0200: 72697479 4c657665 6c223a09 380a0909   rityLevel":.8...
0210: 09097d2c 0a090909 09227365 7373696f   ..},....."sessio
0220: 6e416d62 72223a09 7b0a0909 09090922   nAmbr":.{......"
0230: 75706c69 6e6b223a 09223130 34383537   uplink":."104857
0240: 36204b62 7073222c 0a090909 09092264   6 Kbps",......"d
0250: 6f776e6c 696e6b22 3a092231 30343835   ownlink":."10485
0260: 3736204b 62707322 0a090909 097d0a09   76 Kbps".....}..
0270: 09097d0a 09097d0a 097d5d              ..}...}..}]
11/20 18:52:14.193: [smf] DEBUG: smf_gsm_state_wait_5gc_sm_policy_association(): OGS_EVENT_NAME_SBI_CLIENT (../src/smf/gsm-sm.c:480)
0000: 00027200 01000000 015b7b0a 09092273   ..r......[{..."s
0010: 696e676c 654e7373 6169223a 097b0a09   ingleNssai":.{..
0020: 09092273 7374223a 09310a09 097d2c0a   .."sst":.1...},.
0030: 09092264 6e6e436f 6e666967 75726174   .."dnnConfigurat
0040: 696f6e73 223a097b 0a090909 22696e74   ions":.{...."int
0050: 65726e65 74223a09 7b0a0909 09092270   ernet":.{....."p
0060: 64755365 7373696f 6e547970 6573223a   duSessionTypes":
0070: 097b0a09 09090909 22646566 61756c74   .{......"default
0080: 53657373 696f6e54 79706522 3a092249   SessionType":."I
0090: 50563456 36222c0a 09090909 0922616c   PV4V6",......"al
00a0: 6c6f7765 64536573 73696f6e 54797065   lowedSessionType
00b0: 73223a09 5b224950 5634222c 20224950   s":.["IPV4", "IP
00c0: 5636222c 20224950 56345636 225d0a09   V6", "IPV4V6"]..
00d0: 0909097d 2c0a0909 09092273 73634d6f   ...},....."sscMo
00e0: 64657322 3a097b0a 09090909 09226465   des":.{......"de
00f0: 6661756c 74537363 4d6f6465 223a0922   faultSscMode":."
0100: 5353435f 4d4f4445 5f31222c 0a090909   SSC_MODE_1",....
0110: 09092261 6c6c6f77 65645373 634d6f64   .."allowedSscMod
0120: 6573223a 095b2253 53435f4d 4f44455f   es":.["SSC_MODE_
0130: 31222c20 22535343 5f4d4f44 455f3222   1", "SSC_MODE_2"
0140: 2c202253 53435f4d 4f44455f 33225d0a   , "SSC_MODE_3"].
0150: 09090909 7d2c0a09 09090922 3567516f   ....},....."5gQo
0160: 7350726f 66696c65 223a097b 0a090909   sProfile":.{....
0170: 09092235 7169223a 09392c0a 09090909   .."5qi":.9,.....
0180: 09226172 70223a09 7b0a0909 09090909   ."arp":.{.......
0190: 22707269 6f726974 794c6576 656c223a   "priorityLevel":
01a0: 09382c0a 09090909 09092270 7265656d   .8,......."preem
01b0: 70744361 70223a09 224e4f54 5f505245   ptCap":."NOT_PRE
01c0: 454d5054 222c0a09 09090909 09227072   EMPT",......."pr
01d0: 65656d70 7456756c 6e223a09 224e4f54   eemptVuln":."NOT
01e0: 5f505245 454d5054 41424c45 220a0909   _PREEMPTABLE"...
01f0: 0909097d 2c0a0909 09090922 7072696f   ...},......"prio
0200: 72697479 4c657665 6c223a09 380a0909   rityLevel":.8...
0210: 09097d2c 0a090909 09227365 7373696f   ..},....."sessio
0220: 6e416d62 72223a09 7b0a0909 09090922   nAmbr":.{......"
0230: 75706c69 6e6b223a 09223130 34383537   uplink":."104857
0240: 36204b62 7073222c 0a090909 09092264   6 Kbps",......"d
0250: 6f776e6c 696e6b22 3a092231 30343835   ownlink":."10485
0260: 3736204b 62707322 0a090909 097d0a09   76 Kbps".....}..
0270: 09097d0a 09097d0a 097d5d              ..}...}..}]
11/20 18:52:14.193: [sbi] DEBUG: STATUS [201] (../lib/sbi/nghttp2-server.c:357)
11/20 18:52:14.193: [sbi] DEBUG: SENDING...: 3 (../lib/sbi/nghttp2-server.c:365)
11/20 18:52:14.193: [sbi] DEBUG: {
} (../lib/sbi/nghttp2-server.c:366)
11/20 18:52:14.193: [sbi] DEBUG: STREAM closed [1] (../lib/sbi/nghttp2-server.c:852)
11/20 18:52:14.193: [sbi] WARNING: Try to discover [npcf-smpolicycontrol] (../lib/sbi/path.c:337)
11/20 18:52:14.193: [sbi] DEBUG: [GET] http://[::1]:7777/nnrf-disc/v1/nf-instances (../lib/sbi/client.c:625)
0000: 00000004 01000000 00                  .........
11/20 18:52:14.193: [sbi] DEBUG: STREAM added [7] (../lib/sbi/nghttp2-server.c:1122)
11/20 18:52:14.193: [sbi] DEBUG: [GET] /nnrf-disc/v1/nf-instances (../lib/sbi/nghttp2-server.c:801)
0000: 00006401 04000000 01488210 03768bd5   ..d......H...v..
0010: 596a6f16 e53b8976 d76f6196 d07abe94   Yjo..;.v.oa..z..
0020: 1054d27e ea080212 8015c6c5 702d298b   .T.~........p-).
0030: 46ff0f0d 01330f1f a79d29ae e30c044e   F....3....)....N
0040: ae05c0bb 571d75d7 58a914ca b5725a82   ....W.u.X....rZ.
0050: a1063d4c 770b08a5 621ea497 ca50c07f   ..=Lw...b....P..
0060: 5f8b1d75 d0620d26 3d4c7441 ea         _..u.b.&=LtA.
11/20 18:52:14.193: [nrf] DEBUG: nrf_state_operational(): OGS_EVENT_NAME_SBI_SERVER (../src/nrf/nrf-sm.c:50)
11/20 18:52:14.193: [nrf] DEBUG: NF-Discover : Requester[SMF] Target[PCF] (../src/nrf/nnrf-handler.c:450)
0000: 00000300 01000000 017b0a7d            .........{.}
11/20 18:52:14.193: [nrf] DEBUG: [0] service-names[npcf-smpolicycontrol] (../src/nrf/nnrf-handler.c:478)
11/20 18:52:14.193: [nrf] DEBUG: [7df42a78-6947-41ed-a590-cdd967883434:0] NF-Discovered [NF-Type:PCF,NF-Status:REGISTERED,IPv4:1,IPv6:0] (../src/nrf/nnrf-handler.c:505)
11/20 18:52:14.193: [sbi] DEBUG: STATUS [200] (../lib/sbi/nghttp2-server.c:357)
11/20 18:52:14.193: [sbi] DEBUG: SENDING...: 879 (../lib/sbi/nghttp2-server.c:365)
11/20 18:52:14.193: [sbi] DEBUG: {
	"validityPeriod":	3600,
	"nfInstances":	[{
			"nfInstanceId":	"7df42a78-6947-41ed-a590-cdd967883434",
			"nfType":	"PCF",
			"nfStatus":	"REGISTERED",
			"heartBeatTimer":	10,
			"ipv4Addresses":	["127.0.0.13"],
			"allowedNfTypes":	["AMF", "SMF", "SCP"],
			"priority":	0,
			"capacity":	100,
			"load":	0,
			"nfServiceList":	{
				"7df5183e-6947-41ed-a590-cdd967883434":	{
					"serviceInstanceId":	"7df5183e-6947-41ed-a590-cdd967883434",
					"serviceName":	"npcf-smpolicycontrol",
					"versions":	[{
							"apiVersionInUri":	"v1",
							"apiFullVersion":	"1.0.0"
						}],
					"scheme":	"http",
					"nfServiceStatus":	"REGISTERED",
					"ipEndPoints":	[{
							"ipv4Address":	"127.0.0.13",
							"port":	7777
						}],
					"allowedNfTypes":	["SMF"],
					"priority":	0,
					"capacity":	100,
					"load":	0
				}
			},
			"nfProfileChangesSupportInd":	true
		}]
} (../lib/sbi/nghttp2-server.c:366)
11/20 18:52:14.193: [sbi] DEBUG: STREAM closed [7] (../lib/sbi/nghttp2-server.c:852)
0000: 00000b01 04000000 0788c2bf 0f0d0338   ...............8
0010: 3739c0be                              79..
11/20 18:52:14.193: [sbi] DEBUG: [200:GET] http://[::1]:7777/nnrf-disc/v1/nf-instances?service-names=npcf-smpolicycontrol&target-nf-type=PCF&requester-nf-type=SMF (../lib/sbi/client.c:573)
11/20 18:52:14.193: [sbi] DEBUG: RECEIVED[879] (../lib/sbi/client.c:584)
11/20 18:52:14.193: [sbi] DEBUG: {
	"validityPeriod":	3600,
	"nfInstances":	[{
			"nfInstanceId":	"7df42a78-6947-41ed-a590-cdd967883434",
			"nfType":	"PCF",
			"nfStatus":	"REGISTERED",
			"heartBeatTimer":	10,
			"ipv4Addresses":	["127.0.0.13"],
			"allowedNfTypes":	["AMF", "SMF", "SCP"],
			"priority":	0,
			"capacity":	100,
			"load":	0,
			"nfServiceList":	{
				"7df5183e-6947-41ed-a590-cdd967883434":	{
					"serviceInstanceId":	"7df5183e-6947-41ed-a590-cdd967883434",
					"serviceName":	"npcf-smpolicycontrol",
					"versions":	[{
							"apiVersionInUri":	"v1",
							"apiFullVersion":	"1.0.0"
						}],
					"scheme":	"http",
					"nfServiceStatus":	"REGISTERED",
					"ipEndPoints":	[{
							"ipv4Address":	"127.0.0.13",
							"port":	7777
						}],
					"allowedNfTypes":	["SMF"],
					"priority":	0,
					"capacity":	100,
					"load":	0
				}
			},
			"nfProfileChangesSupportInd":	true
		}]
} (../lib/sbi/client.c:586)
11/20 18:52:14.194: [smf] DEBUG: smf_state_operational(): OGS_EVENT_NAME_SBI_CLIENT (../src/smf/smf-sm.c:83)
11/20 18:52:14.194: [sbi] DEBUG: ogs_sbi_nf_instance_add() (../lib/sbi/context.c:762)
11/20 18:52:14.194: [sbi] DEBUG: [REF] 1 (../lib/sbi/context.c:764)
11/20 18:52:14.194: [sbi] DEBUG: ogs_sbi_nf_state_initial(): ENTRY (../lib/sbi/nf-sm.c:66)
11/20 18:52:14.194: [sbi] DEBUG: ogs_sbi_nf_state_registered(): ENTRY (../lib/sbi/nf-sm.c:204)
11/20 18:52:14.194: [sbi] INFO: [7df42a78-6947-41ed-a590-cdd967883434] (NF-discover) NF registered (../lib/sbi/nnrf-handler.c:725)
11/20 18:52:14.194: [sock] DEBUG: addr:127.0.0.13, port:80 (../lib/core/ogs-sockaddr.c:140)
11/20 18:52:14.194: [sock] DEBUG: addr:127.0.0.13, port:7777 (../lib/core/ogs-sockaddr.c:140)
11/20 18:52:14.194: [sbi] DEBUG: ogs_sbi_client_add() (../lib/sbi/client.c:112)
11/20 18:52:14.194: [sbi] DEBUG: [REF] 1 (../lib/sbi/client.c:113)
11/20 18:52:14.194: [sbi] DEBUG: [REF] 2 (../lib/sbi/context.c:1570)
11/20 18:52:14.194: [sbi] DEBUG: ogs_sbi_client_add() (../lib/sbi/client.c:112)
11/20 18:52:14.194: [sbi] DEBUG: [REF] 1 (../lib/sbi/client.c:113)
11/20 18:52:14.194: [sbi] DEBUG: [REF] 2 (../lib/sbi/context.c:1482)
11/20 18:52:14.194: [sbi] INFO: [7df42a78-6947-41ed-a590-cdd967883434] (NF-discover) NF Profile updated (../lib/sbi/nnrf-handler.c:752)
11/20 18:52:14.194: [smf] DEBUG: [REF] 2 (../src/smf/nnrf-handler.c:66)
11/20 18:52:14.194: [sbi] DEBUG: [POST] http://127.0.0.13:7777/npcf-smpolicycontrol/v1/sm-policies (../lib/sbi/client.c:625)
11/20 18:52:14.194: [sbi] DEBUG: SENDING...[558] (../lib/sbi/client.c:401)
11/20 18:52:14.194: [sbi] DEBUG: {
	"supi":	"imsi-999700000000010",
	"pduSessionId":	5,
	"pduSessionType":	"IPV4V6",
	"dnn":	"internet",
	"notificationUri":	"http://127.0.0.4:7777/nsmf-callback/v1/sm-policy-notify/1",
	"ipv4Address":	"10.45.0.2",
	"ipv6AddressPrefix":	"2001:db8:cafe:1::2/128",
	"subsSessAmbr":	{
		"uplink":	"1048576 Kbps",
		"downlink":	"1048576 Kbps"
	},
	"subsDefQos":	{
		"5qi":	9,
		"arp":	{
			"priorityLevel":	8,
			"preemptCap":	"NOT_PREEMPT",
			"preemptVuln":	"NOT_PREEMPTABLE"
		},
		"priorityLevel":	8
	},
	"sliceInfo":	{
		"sst":	1
	},
	"suppFeat":	"4000000"
} (../lib/sbi/client.c:403)
11/20 18:52:14.194: [sbi] DEBUG: MAX_CONCURRENT_STREAMS = 100 (../lib/sbi/nghttp2-server.c:747)
11/20 18:52:14.194: [sbi] DEBUG: ENABLE_PUSH = false (../lib/sbi/nghttp2-server.c:749)
0000: 00000604 00000000 00000300 04e200     ...............
11/20 18:52:14.194: [sbi] DEBUG: STREAM added [1] (../lib/sbi/nghttp2-server.c:1122)
11/20 18:52:14.194: [sbi] DEBUG: [POST] /npcf-smpolicycontrol/v1/sm-policies (../lib/sbi/nghttp2-server.c:801)
11/20 18:52:14.194: [sbi] DEBUG: RECEIVED: 558 (../lib/sbi/nghttp2-server.c:805)
11/20 18:52:14.194: [sbi] DEBUG: {
	"supi":	"imsi-999700000000010",
	"pduSessionId":	5,
	"pduSessionType":	"IPV4V6",
	"dnn":	"internet",
	"notificationUri":	"http://127.0.0.4:7777/nsmf-callback/v1/sm-policy-notify/1",
	"ipv4Address":	"10.45.0.2",
	"ipv6AddressPrefix":	"2001:db8:cafe:1::2/128",
	"subsSessAmbr":	{
		"uplink":	"1048576 Kbps",
		"downlink":	"1048576 Kbps"
	},
	"subsDefQos":	{
		"5qi":	9,
		"arp":	{
			"priorityLevel":	8,
			"preemptCap":	"NOT_PREEMPT",
			"preemptVuln":	"NOT_PREEMPTABLE"
		},
		"priorityLevel":	8
	},
	"sliceInfo":	{
		"sst":	1
	},
	"suppFeat":	"4000000"
} (../lib/sbi/nghttp2-server.c:806)
11/20 18:52:14.194: [pcf] DEBUG: pcf_state_operational(): OGS_EVENT_NAME_SBI_SERVER (../src/pcf/pcf-sm.c:58)
0000: 00036f00 01000000 077b0a09 2276616c   ..o......{.."val
0010: 69646974 79506572 696f6422 3a093336   idityPeriod":.36
0020: 30302c0a 09226e66 496e7374 616e6365   00,.."nfInstance
0030: 73223a09 5b7b0a09 0909226e 66496e73   s":.[{...."nfIns
0040: 74616e63 65496422 3a092237 64663432   tanceId":."7df42
0050: 6137382d 36393437 2d343165 642d6135   a78-6947-41ed-a5
0060: 39302d63 64643936 37383833 34333422   90-cdd967883434"
0070: 2c0a0909 09226e66 54797065 223a0922   ,...."nfType":."
0080: 50434622 2c0a0909 09226e66 53746174   PCF",...."nfStat
0090: 7573223a 09225245 47495354 45524544   us":."REGISTERED
00a0: 222c0a09 09092268 65617274 42656174   ",...."heartBeat
00b0: 54696d65 72223a09 31302c0a 09090922   Timer":.10,...."
00c0: 69707634 41646472 65737365 73223a09   ipv4Addresses":.
00d0: 5b223132 372e302e 302e3133 225d2c0a   ["127.0.0.13"],.
00e0: 09090922 616c6c6f 7765644e 66547970   ..."allowedNfTyp
00f0: 6573223a 095b2241 4d46222c 2022534d   es":.["AMF", "SM
0100: 46222c20 22534350 225d2c0a 09090922   F", "SCP"],...."
0110: 7072696f 72697479 223a0930 2c0a0909   priority":.0,...
0120: 09226361 70616369 7479223a 09313030   ."capacity":.100
0130: 2c0a0909 09226c6f 6164223a 09302c0a   ,...."load":.0,.
0140: 09090922 6e665365 72766963 654c6973   ..."nfServiceLis
0150: 74223a09 7b0a0909 09092237 64663531   t":.{....."7df51
0160: 3833652d 36393437 2d343165 642d6135   83e-6947-41ed-a5
0170: 39302d63 64643936 37383833 34333422   90-cdd967883434"
0180: 3a097b0a 09090909 09227365 72766963   :.{......"servic
0190: 65496e73 74616e63 65496422 3a092237   eInstanceId":."7
01a0: 64663531 3833652d 36393437 2d343165   df5183e-6947-41e
01b0: 642d6135 39302d63 64643936 37383833   d-a590-cdd967883
01c0: 34333422 2c0a0909 09090922 73657276   434",......"serv
01d0: 6963654e 616d6522 3a09226e 7063662d   iceName":."npcf-
01e0: 736d706f 6c696379 636f6e74 726f6c22   smpolicycontrol"
01f0: 2c0a0909 09090922 76657273 696f6e73   ,......"versions
0200: 223a095b 7b0a0909 09090909 09226170   ":.[{........"ap
0210: 69566572 73696f6e 496e5572 69223a09   iVersionInUri":.
0220: 22763122 2c0a0909 09090909 09226170   "v1",........"ap
0230: 6946756c 6c566572 73696f6e 223a0922   iFullVersion":."
0240: 312e302e 30220a09 09090909 097d5d2c   1.0.0".......}],
0250: 0a090909 09092273 6368656d 65223a09   ......"scheme":.
0260: 22687474 70222c0a 09090909 09226e66   "http",......"nf
0270: 53657276 69636553 74617475 73223a09   ServiceStatus":.
0280: 22524547 49535445 52454422 2c0a0909   "REGISTERED",...
0290: 09090922 6970456e 64506f69 6e747322   ..."ipEndPoints"
02a0: 3a095b7b 0a090909 09090909 22697076   :.[{........"ipv
02b0: 34416464 72657373 223a0922 3132372e   4Address":."127.
02c0: 302e302e 3133222c 0a090909 09090909   0.0.13",........
02d0: 22706f72 74223a09 37373737 0a090909   "port":.7777....
02e0: 0909097d 5d2c0a09 09090909 22616c6c   ...}],......"all
02f0: 6f776564 4e665479 70657322 3a095b22   owedNfTypes":.["
0300: 534d4622 5d2c0a09 09090909 22707269   SMF"],......"pri
0310: 6f726974 79223a09 302c0a09 09090909   ority":.0,......
0320: 22636170 61636974 79223a09 3130302c   "capacity":.100,
0330: 0a090909 0909226c 6f616422 3a09300a   ......"load":.0.
0340: 09090909 7d0a0909 097d2c0a 09090922   ....}....},...."
0350: 6e665072 6f66696c 65436861 6e676573   nfProfileChanges
0360: 53757070 6f727449 6e64223a 09747275   SupportInd":.tru
0370: 650a0909 7d5d0a7d                     e...}].}
11/20 18:52:14.194: [pcf] DEBUG: pcf_sm_state_operational(): ENTRY (../src/pcf/sm-sm.c:50)
11/20 18:52:14.194: [pcf] DEBUG: [imsi-999700000000010:5] PCF session added (../src/pcf/pcf-sm.c:195)
11/20 18:52:14.194: [pcf] DEBUG: pcf_sm_state_operational(): OGS_EVENT_NAME_SBI_SERVER (../src/pcf/sm-sm.c:50)
11/20 18:52:14.194: [sock] DEBUG: addr:127.0.0.4, port:7777 (../lib/core/ogs-sockaddr.c:140)
11/20 18:52:14.194: [sbi] DEBUG: [201:POST] http://127.0.0.4:7777/nsmf-pdusession/v1/sm-contexts (../lib/sbi/client.c:573)
11/20 18:52:14.194: [sbi] DEBUG: ogs_sbi_client_add() (../lib/sbi/client.c:112)
11/20 18:52:14.194: [sbi] DEBUG: [REF] 1 (../lib/sbi/client.c:113)
11/20 18:52:14.194: [sbi] DEBUG: RECEIVED[3] (../lib/sbi/client.c:584)
11/20 18:52:14.194: [sbi] DEBUG: {
} (../lib/sbi/client.c:586)
11/20 18:52:14.194: [pcf] DEBUG: [REF] 2 (../src/pcf/npcf-handler.c:275)
11/20 18:52:14.194: [amf] DEBUG: amf_state_operational(): OGS_EVENT_NAME_SBI_CLIENT (../src/amf/amf-sm.c:78)
11/20 18:52:14.194: [sbi] DEBUG: [REF] 3 (../lib/sbi/path.c:212)
11/20 18:52:14.194: [sbi] DEBUG: [GET] http://127.0.0.20:7777/nudr-dr/v1/policy-data/ues/imsi-999700000000010/sm-data (../lib/sbi/client.c:625)
11/20 18:52:14.194: [sbi] DEBUG: MAX_CONCURRENT_STREAMS = 100 (../lib/sbi/nghttp2-server.c:747)
11/20 18:52:14.194: [sbi] DEBUG: ENABLE_PUSH = false (../lib/sbi/nghttp2-server.c:749)
11/20 18:52:14.194: [sbi] DEBUG: STREAM added [3] (../lib/sbi/nghttp2-server.c:1122)
11/20 18:52:14.194: [sbi] DEBUG: [GET] /nudr-dr/v1/policy-data/ues/imsi-999700000000010/sm-data (../lib/sbi/nghttp2-server.c:801)
11/20 18:52:14.194: [udr] DEBUG: udr_state_operational(): OGS_EVENT_NAME_SBI_SERVER (../src/udr/udr-sm.c:51)
11/20 18:52:14.195: [sbi] DEBUG: STATUS [200] (../lib/sbi/nghttp2-server.c:357)
11/20 18:52:14.195: [sbi] DEBUG: SENDING...: 172 (../lib/sbi/nghttp2-server.c:365)
11/20 18:52:14.195: [sbi] DEBUG: {
	"smPolicySnssaiData":	{
		"{\n\t\"sst\":\t1\n}":	{
			"snssai":	{
				"sst":	1
			},
			"smPolicyDnnData":	{
				"internet":	{
					"dnn":	"internet"
				}
			}
		}
	}
} (../lib/sbi/nghttp2-server.c:366)
11/20 18:52:14.195: [sbi] DEBUG: STREAM closed [3] (../lib/sbi/nghttp2-server.c:852)
0000: 00000901 04000000 0388c0bf 0f0d820b   ................
0010: a2be                                  ..
11/20 18:52:14.195: [sbi] DEBUG: [200:GET] http://127.0.0.20:7777/nudr-dr/v1/policy-data/ues/imsi-999700000000010/sm-data?dnn=internet&snssai=%7B%0A%09%22sst%22%3A%091%0A%7D (../lib/sbi/client.c:573)
11/20 18:52:14.195: [sbi] DEBUG: RECEIVED[172] (../lib/sbi/client.c:584)
11/20 18:52:14.195: [sbi] DEBUG: {
	"smPolicySnssaiData":	{
		"{\n\t\"sst\":\t1\n}":	{
			"snssai":	{
				"sst":	1
			},
			"smPolicyDnnData":	{
				"internet":	{
					"dnn":	"internet"
				}
			}
		}
	}
} (../lib/sbi/client.c:586)
11/20 18:52:14.195: [pcf] DEBUG: pcf_state_operational(): OGS_EVENT_NAME_SBI_CLIENT (../src/pcf/pcf-sm.c:58)
11/20 18:52:14.195: [pcf] DEBUG: pcf_sm_state_operational(): OGS_EVENT_NAME_SBI_CLIENT (../src/pcf/sm-sm.c:50)
11/20 18:52:14.195: [pcf] DEBUG: [REF] 2 (../src/pcf/nudr-handler.c:211)
11/20 18:52:14.195: [sbi] DEBUG: [REF] 2 (../lib/sbi/path.c:212)
11/20 18:52:14.195: [sbi] DEBUG: [POST] http://127.0.0.15:7777/nbsf-management/v1/pcfBindings (../lib/sbi/client.c:625)
11/20 18:52:14.195: [sbi] DEBUG: SENDING...[276] (../lib/sbi/client.c:401)
11/20 18:52:14.195: [sbi] DEBUG: {
	"supi":	"imsi-999700000000010",
	"gpsi":	"msisdn-491725670014",
	"ipv4Addr":	"10.45.0.2",
	"ipv6Prefix":	"2001:db8:cafe:1::2/128",
	"dnn":	"internet",
	"pcfIpEndPoints":	[{
			"ipv4Address":	"127.0.0.13",
			"port":	7777
		}],
	"snssai":	{
		"sst":	1
	},
	"suppFeat":	"2"
} (../lib/sbi/client.c:403)
0000: 0000ac00 01000000 037b0a09 22736d50   .........{.."smP
0010: 6f6c6963 79536e73 73616944 61746122   olicySnssaiData"
0020: 3a097b0a 0909227b 5c6e5c74 5c227373   :.{..."{\n\t\"ss
0030: 745c223a 5c74315c 6e7d223a 097b0a09   t\":\t1\n}":.{..
0040: 09092273 6e737361 69223a09 7b0a0909   .."snssai":.{...
0050: 09092273 7374223a 09310a09 09097d2c   .."sst":.1....},
0060: 0a090909 22736d50 6f6c6963 79446e6e   ...."smPolicyDnn
0070: 44617461 223a097b 0a090909 0922696e   Data":.{....."in
0080: 7465726e 6574223a 097b0a09 09090909   ternet":.{......
0090: 22646e6e 223a0922 696e7465 726e6574   "dnn":."internet
00a0: 220a0909 09097d0a 0909097d 0a09097d   ".....}....}...}
00b0: 0a097d0a 7d                           ..}.}
11/20 18:52:14.196: [sbi] DEBUG: MAX_CONCURRENT_STREAMS = 100 (../lib/sbi/nghttp2-server.c:747)
11/20 18:52:14.196: [sbi] DEBUG: ENABLE_PUSH = false (../lib/sbi/nghttp2-server.c:749)
0000: 00000604 00000000 00000300 04e200     ...............
11/20 18:52:14.196: [sbi] DEBUG: STREAM added [1] (../lib/sbi/nghttp2-server.c:1122)
11/20 18:52:14.196: [sbi] DEBUG: [POST] /nbsf-management/v1/pcfBindings (../lib/sbi/nghttp2-server.c:801)
11/20 18:52:14.196: [sbi] DEBUG: RECEIVED: 276 (../lib/sbi/nghttp2-server.c:805)
11/20 18:52:14.196: [sbi] DEBUG: {
	"supi":	"imsi-999700000000010",
	"gpsi":	"msisdn-491725670014",
	"ipv4Addr":	"10.45.0.2",
	"ipv6Prefix":	"2001:db8:cafe:1::2/128",
	"dnn":	"internet",
	"pcfIpEndPoints":	[{
			"ipv4Address":	"127.0.0.13",
			"port":	7777
		}],
	"snssai":	{
		"sst":	1
	},
	"suppFeat":	"2"
} (../lib/sbi/nghttp2-server.c:806)
11/20 18:52:14.196: [bsf] DEBUG: bsf_state_operational(): OGS_EVENT_NAME_SBI_SERVER (../src/bsf/bsf-sm.c:55)
11/20 18:52:14.196: [sbi] DEBUG: STATUS [201] (../lib/sbi/nghttp2-server.c:357)
11/20 18:52:14.196: [sbi] DEBUG: SENDING...: 276 (../lib/sbi/nghttp2-server.c:365)
11/20 18:52:14.196: [sbi] DEBUG: {
	"supi":	"imsi-999700000000010",
	"gpsi":	"msisdn-491725670014",
	"ipv4Addr":	"10.45.0.2",
	"ipv6Prefix":	"2001:db8:cafe:1::2/128",
	"dnn":	"internet",
	"pcfIpEndPoints":	[{
			"ipv4Address":	"127.0.0.13",
			"port":	7777
		}],
	"snssai":	{
		"sst":	1
	},
	"suppFeat":	"2"
} (../lib/sbi/nghttp2-server.c:366)
11/20 18:52:14.196: [sbi] DEBUG: STREAM closed [1] (../lib/sbi/nghttp2-server.c:852)
11/20 18:52:14.196: [sbi] DEBUG: MAX_CONCURRENT_STREAMS = 100 (../lib/sbi/nghttp2-server.c:747)
11/20 18:52:14.196: [sbi] DEBUG: ENABLE_PUSH = false (../lib/sbi/nghttp2-server.c:749)
0000: 00000004 01000000 00                  .........
0000: 00006701 04000000 01488210 03768bd5   ..g......H...v..
0010: 596a6f16 e53b8976 d76f6196 d07abe94   Yjo..;.v.oa..z..
0020: 1054d27e ea080212 8015c6c5 702d298b   .T.~........p-).
0030: 46ff0f0d 03323736 0f1fa89d 29aee30c   F....276....)...
0040: 044eae05 c0b85bb8 ebaebac5 51a255a9   .N....[.....Q.U.
0050: 1d4398b4 96a4b1dc 2c56496e 9aa90d54   .C......,VIn...T
0060: c8603f5f 8b1d75d0 620d263d 4c7441ea   .`?_..u.b.&=LtA.
11/20 18:52:14.196: [sbi] DEBUG: [201:POST] http://127.0.0.15:7777/nbsf-management/v1/pcfBindings (../lib/sbi/client.c:573)
11/20 18:52:14.196: [sbi] DEBUG: RECEIVED[276] (../lib/sbi/client.c:584)
11/20 18:52:14.196: [sbi] DEBUG: {
	"supi":	"imsi-999700000000010",
	"gpsi":	"msisdn-491725670014",
	"ipv4Addr":	"10.45.0.2",
	"ipv6Prefix":	"2001:db8:cafe:1::2/128",
	"dnn":	"internet",
	"pcfIpEndPoints":	[{
			"ipv4Address":	"127.0.0.13",
			"port":	7777
		}],
	"snssai":	{
		"sst":	1
	},
	"suppFeat":	"2"
} (../lib/sbi/client.c:586)
11/20 18:52:14.196: [pcf] DEBUG: pcf_state_operational(): OGS_EVENT_NAME_SBI_CLIENT (../src/pcf/pcf-sm.c:58)
0000: 00011400 01000000 017b0a09 22737570   .........{.."sup
0010: 69223a09 22696d73 692d3939 39373030   i":."imsi-999700
0020: 30303030 30303031 30222c0a 09226770   000000010",.."gp
0030: 7369223a 09226d73 6973646e 2d343931   si":."msisdn-491
0040: 37323536 37303031 34222c0a 09226970   725670014",.."ip
0050: 76344164 6472223a 09223130 2e34352e   v4Addr":."10.45.
0060: 302e3222 2c0a0922 69707636 50726566   0.2",.."ipv6Pref
0070: 6978223a 09223230 30313a64 62383a63   ix":."2001:db8:c
0080: 6166653a 313a3a32 2f313238 222c0a09   afe:1::2/128",..
0090: 22646e6e 223a0922 696e7465 726e6574   "dnn":."internet
00a0: 222c0a09 22706366 4970456e 64506f69   ",.."pcfIpEndPoi
00b0: 6e747322 3a095b7b 0a090909 22697076   nts":.[{...."ipv
00c0: 34416464 72657373 223a0922 3132372e   4Address":."127.
00d0: 302e302e 3133222c 0a090909 22706f72   0.0.13",...."por
00e0: 74223a09 37373737 0a09097d 5d2c0a09   t":.7777...}],..
00f0: 22736e73 73616922 3a097b0a 09092273   "snssai":.{..."s
0100: 7374223a 09310a09 7d2c0a09 22737570   st":.1..},.."sup
0110: 70466561 74223a09 2232220a 7d         pFeat":."2".}
11/20 18:52:14.196: [pcf] DEBUG: pcf_sm_state_operational(): OGS_EVENT_NAME_SBI_CLIENT (../src/pcf/sm-sm.c:50)
11/20 18:52:14.196: [sbi] DEBUG: STATUS [201] (../lib/sbi/nghttp2-server.c:357)
11/20 18:52:14.196: [sbi] DEBUG: SENDING...: 347 (../lib/sbi/nghttp2-server.c:365)
11/20 18:52:14.197: [sbi] DEBUG: {
	"sessRules":	{
		"1":	{
			"authSessAmbr":	{
				"uplink":	"1048576 Kbps",
				"downlink":	"1048576 Kbps"
			},
			"authDefQos":	{
				"5qi":	9,
				"arp":	{
					"priorityLevel":	8,
					"preemptCap":	"NOT_PREEMPT",
					"preemptVuln":	"NOT_PREEMPTABLE"
				},
				"priorityLevel":	8
			},
			"sessRuleId":	"1"
		}
	},
	"suppFeat":	"4000000"
} (../lib/sbi/nghttp2-server.c:366)
11/20 18:52:14.197: [sbi] DEBUG: STREAM closed [1] (../lib/sbi/nghttp2-server.c:852)
0000: 00000004 01000000 00                  .........
0000: 00006801 04000000 01488210 03768bd5   ..h......H...v..
0010: 596a6f16 e53b8976 d76f6196 d07abe94   Yjo..;.v.oa..z..
0020: 1054d27e ea080212 8015c6c5 702d298b   .T.~........p-).
0030: 46ff0f0d 03333437 0f1fa99d 29aee30c   F....347....)...
0040: 044eae05 c0b859b8 ebaebac5 55925591   .N....Y.....U.U.
0050: 4d67a0c4 f443d49b 0f431dc2 c567a0c4   Mg...C...C...g..
0060: 3150c07f 5f8b1d75 d0620d26 3d4c7441   1P.._..u.b.&=LtA
0070: ea                                    .
11/20 18:52:14.197: [sbi] DEBUG: [201:POST] http://127.0.0.13:7777/npcf-smpolicycontrol/v1/sm-policies (../lib/sbi/client.c:573)
11/20 18:52:14.197: [sbi] DEBUG: RECEIVED[347] (../lib/sbi/client.c:584)
11/20 18:52:14.197: [sbi] DEBUG: {
	"sessRules":	{
		"1":	{
			"authSessAmbr":	{
				"uplink":	"1048576 Kbps",
				"downlink":	"1048576 Kbps"
			},
			"authDefQos":	{
				"5qi":	9,
				"arp":	{
					"priorityLevel":	8,
					"preemptCap":	"NOT_PREEMPT",
					"preemptVuln":	"NOT_PREEMPTABLE"
				},
				"priorityLevel":	8
			},
			"sessRuleId":	"1"
		}
	},
	"suppFeat":	"4000000"
} (../lib/sbi/client.c:586)
11/20 18:52:14.197: [smf] DEBUG: smf_state_operational(): OGS_EVENT_NAME_SBI_CLIENT (../src/smf/smf-sm.c:83)
0000: 00015b00 01000000 017b0a09 22736573   ..[......{.."ses
0010: 7352756c 6573223a 097b0a09 09223122   sRules":.{..."1"
0020: 3a097b0a 09090922 61757468 53657373   :.{...."authSess
0030: 416d6272 223a097b 0a090909 09227570   Ambr":.{....."up
0040: 6c696e6b 223a0922 31303438 35373620   link":."1048576 
0050: 4b627073 222c0a09 09090922 646f776e   Kbps",....."down
0060: 6c696e6b 223a0922 31303438 35373620   link":."1048576 
0070: 4b627073 220a0909 097d2c0a 09090922   Kbps"....},...."
0080: 61757468 44656651 6f73223a 097b0a09   authDefQos":.{..
0090: 09090922 35716922 3a09392c 0a090909   ..."5qi":.9,....
00a0: 09226172 70223a09 7b0a0909 09090922   ."arp":.{......"
00b0: 7072696f 72697479 4c657665 6c223a09   priorityLevel":.
00c0: 382c0a09 09090909 22707265 656d7074   8,......"preempt
00d0: 43617022 3a09224e 4f545f50 5245454d   Cap":."NOT_PREEM
00e0: 5054222c 0a090909 09092270 7265656d   PT",......"preem
00f0: 70745675 6c6e223a 09224e4f 545f5052   ptVuln":."NOT_PR
0100: 45454d50 5441424c 45220a09 0909097d   EEMPTABLE".....}
0110: 2c0a0909 09092270 72696f72 6974794c   ,....."priorityL
0120: 6576656c 223a0938 0a090909 7d2c0a09   evel":.8....},..
0130: 09092273 65737352 756c6549 64223a09   .."sessRuleId":.
0140: 2231220a 09097d0a 097d2c0a 09227375   "1"...}..},.."su
0150: 70704665 6174223a 09223430 30303030   ppFeat":."400000
0160: 30220a7d                              0".}
11/20 18:52:14.197: [smf] DEBUG: smf_gsm_state_wait_5gc_sm_policy_association(): OGS_EVENT_NAME_SBI_CLIENT (../src/smf/gsm-sm.c:480)
11/20 18:52:14.197: [smf] DEBUG: UE using UPF on IP[127.0.0.7] (../src/smf/context.c:1179)
11/20 18:52:14.197: [smf] INFO: UE SUPI[imsi-999700000000010] DNN[internet] IPv4[10.45.0.2] IPv6[2001:db8:cafe:1::2] (../src/smf/npcf-handler.c:498)
11/20 18:52:14.197: [pfcp] DEBUG: [2] LOCAL  Create  peer [127.0.0.7]:8805 (../lib/pfcp/xact.c:116)
11/20 18:52:14.197: [smf] DEBUG: Session Establishment Request (../src/smf/n4-build.c:40)
11/20 18:52:14.197: [pfcp] DEBUG: [2] LOCAL  UPD TX-50  peer [127.0.0.7]:8805 (../lib/pfcp/xact.c:197)
11/20 18:52:14.197: [pfcp] DEBUG: [2] LOCAL  Commit  peer [127.0.0.7]:8805 (../lib/pfcp/xact.c:475)
11/20 18:52:14.197: [smf] DEBUG: smf_gsm_state_wait_5gc_sm_policy_association(): EXIT (../src/smf/gsm-sm.c:480)
11/20 18:52:14.197: [smf] DEBUG: smf_gsm_state_wait_pfcp_establishment(): ENTRY (../src/smf/gsm-sm.c:646)
11/20 18:52:14.197: [upf] DEBUG: upf_state_operational(): UPF_EVT_N4_MESSAGE (../src/upf/upf-sm.c:51)
11/20 18:52:14.197: [pfcp] DEBUG: [2] Cannot find xact type 50 from PFCP peer [127.0.0.4]:8805 (../lib/pfcp/xact.c:797)
11/20 18:52:14.197: [pfcp] DEBUG: [2] REMOTE Create  peer [127.0.0.4]:8805 (../lib/pfcp/xact.c:159)
11/20 18:52:14.197: [pfcp] DEBUG: [2] REMOTE Receive peer [127.0.0.4]:8805 (../lib/pfcp/xact.c:704)
11/20 18:52:14.197: [pfcp] DEBUG: [2] REMOTE UPD RX-50  peer [127.0.0.4]:8805 (../lib/pfcp/xact.c:298)
11/20 18:52:14.197: [upf] DEBUG: upf_pfcp_state_associated(): UPF_EVT_N4_MESSAGE (../src/upf/pfcp-sm.c:164)
11/20 18:52:14.197: [upf] INFO: [Added] Number of UPF-Sessions is now 1 (../src/upf/context.c:179)
11/20 18:52:14.197: [upf] DEBUG: Session Establishment Request (../src/upf/n4-handler.c:61)
11/20 18:52:14.197: [gtp] INFO: gtp_connect() [127.0.0.4]:2152 (../lib/gtp/path.c:61)
11/20 18:52:14.197: [upf] INFO: UE F-SEID[UP:0x1 CP:0x1] APN[internet] PDN-Type[3] IPv4[10.45.0.2] IPv6[2001:db8:cafe:1::2] (../src/upf/context.c:402)
11/20 18:52:14.197: [upf] INFO: UE F-SEID[UP:0x1 CP:0x1] APN[internet] PDN-Type[3] IPv4[10.45.0.2] IPv6[2001:db8:cafe:1::2] (../src/upf/context.c:402)
11/20 18:52:14.197: [upf] DEBUG: Session Establishment Response (../src/upf/n4-build.c:36)
11/20 18:52:14.197: [pfcp] DEBUG: [2] REMOTE UPD TX-51  peer [127.0.0.4]:8805 (../lib/pfcp/xact.c:197)
11/20 18:52:14.197: [pfcp] DEBUG: [2] REMOTE Commit  peer [127.0.0.4]:8805 (../lib/pfcp/xact.c:475)
11/20 18:52:14.197: [smf] DEBUG: smf_state_operational(): SMF_EVT_N4_MESSAGE (../src/smf/smf-sm.c:83)
11/20 18:52:14.197: [pfcp] DEBUG: [2] LOCAL  Find    peer [127.0.0.7]:8805 (../lib/pfcp/xact.c:790)
11/20 18:52:14.197: [pfcp] DEBUG: [2] LOCAL  Receive peer [127.0.0.7]:8805 (../lib/pfcp/xact.c:704)
11/20 18:52:14.197: [pfcp] DEBUG: [2] LOCAL  UPD RX-51  peer [127.0.0.7]:8805 (../lib/pfcp/xact.c:298)
11/20 18:52:14.197: [smf] DEBUG: smf_pfcp_state_associated(): SMF_EVT_N4_MESSAGE (../src/smf/pfcp-sm.c:165)
11/20 18:52:14.197: [smf] DEBUG: smf_gsm_state_wait_pfcp_establishment(): SMF_EVT_N4_MESSAGE (../src/smf/gsm-sm.c:646)
11/20 18:52:14.197: [smf] DEBUG: Session Establishment Response [5gc] (../src/smf/n4-handler.c:165)
11/20 18:52:14.197: [pfcp] DEBUG: [2] LOCAL  Commit  peer [127.0.0.7]:8805 (../lib/pfcp/xact.c:475)
11/20 18:52:14.197: [pfcp] DEBUG: [2] LOCAL  Delete  peer [127.0.0.7]:8805 (../lib/pfcp/xact.c:813)
11/20 18:52:14.198: [gtp] INFO: gtp_connect() [127.0.0.7]:2152 (../lib/gtp/path.c:61)
11/20 18:52:14.198: [smf] WARNING: Unknown PCO ID:(0x2) (../src/smf/context.c:3012)
11/20 18:52:14.198: [smf] DEBUG: PDUSessionResourceSetupRequestTransfer (../src/smf/ngap-build.c:48)
11/20 18:52:14.198: [core] DEBUG:     IPv4[127.0.0.7] (../lib/asn1c/util/conv.c:202)
11/20 18:52:14.198: [sbi] DEBUG: [REF] 2 (../lib/sbi/path.c:212)
11/20 18:52:14.198: [sbi] DEBUG: [POST] http://127.0.0.5:7777/namf-comm/v1/ue-contexts/imsi-999700000000010/n1-n2-messages (../lib/sbi/client.c:625)
11/20 18:52:14.198: [sbi] DEBUG: SENDING...[788] (../lib/sbi/client.c:401)
11/20 18:52:14.198: [sbi] DEBUG: --=-ZamiBsHs421F+9o2QKVEgQ==
Content-Type: application/json

{
	"n1MessageContainer":	{
		"n1MessageClass":	"SM",
		"n1MessageContent":	{
			"contentId":	"5gnas-sm"
		}
	},
	"n2InfoContainer":	{
		"n2InformationClass":	"SM",
		"smInfo":	{
			"pduSessionId":	5,
			"n2InfoContent":	{
				"ngapIeType":	"PDU_RES_SETUP_REQ",
				"ngapData":	{
					"contentId":	"ngap-sm"
				}
			}
		}
	},
	"pduSessionId":	5
}
--=-ZamiBsHs421F+9o2QKVEgQ==
Content-Id: 5gnas-sm
Content-Type: application/vnd.3gpp.5gnas

.Â (../lib/sbi/client.c:403)
11/20 18:52:14.198: [smf] DEBUG: smf_gsm_state_wait_pfcp_establishment(): EXIT (../src/smf/gsm-sm.c:646)
11/20 18:52:14.198: [smf] DEBUG: smf_gsm_state_operational(): ENTRY (../src/smf/gsm-sm.c:755)
11/20 18:52:14.198: [sbi] DEBUG: MAX_CONCURRENT_STREAMS = 100 (../lib/sbi/nghttp2-server.c:747)
11/20 18:52:14.198: [sbi] DEBUG: ENABLE_PUSH = false (../lib/sbi/nghttp2-server.c:749)
11/20 18:52:14.198: [sbi] DEBUG: STREAM added [1] (../lib/sbi/nghttp2-server.c:1122)
0000: 00000604 00000000 00000300 04e200     ...............
11/20 18:52:14.198: [sbi] DEBUG: [POST] /namf-comm/v1/ue-contexts/imsi-999700000000010/n1-n2-messages (../lib/sbi/nghttp2-server.c:801)
11/20 18:52:14.198: [sbi] DEBUG: RECEIVED: 788 (../lib/sbi/nghttp2-server.c:805)
11/20 18:52:14.198: [sbi] DEBUG: --=-ZamiBsHs421F+9o2QKVEgQ==
Content-Type: application/json

{
	"n1MessageContainer":	{
		"n1MessageClass":	"SM",
		"n1MessageContent":	{
			"contentId":	"5gnas-sm"
		}
	},
	"n2InfoContainer":	{
		"n2InformationClass":	"SM",
		"smInfo":	{
			"pduSessionId":	5,
			"n2InfoContent":	{
				"ngapIeType":	"PDU_RES_SETUP_REQ",
				"ngapData":	{
					"contentId":	"ngap-sm"
				}
			}
		}
	},
	"pduSessionId":	5
}
--=-ZamiBsHs421F+9o2QKVEgQ==
Content-Id: 5gnas-sm
Content-Type: application/vnd.3gpp.5gnas

.Â (../lib/sbi/nghttp2-server.c:806)
11/20 18:52:14.198: [sbi] DEBUG: MAX_CONCURRENT_STREAMS = 100 (../lib/sbi/nghttp2-server.c:747)
11/20 18:52:14.198: [sbi] DEBUG: ENABLE_PUSH = false (../lib/sbi/nghttp2-server.c:749)
11/20 18:52:14.198: [amf] DEBUG: amf_state_operational(): OGS_EVENT_NAME_SBI_SERVER (../src/amf/amf-sm.c:78)
11/20 18:52:14.198: [amf] DEBUG: PDUSessionResourceSetupRequest(Session) (../src/amf/ngap-build.c:1329)
11/20 18:52:14.198: [amf] DEBUG:     RAN_UE_NGAP_ID[1] AMF_UE_NGAP_ID[1] (../src/amf/ngap-build.c:1375)
11/20 18:52:14.198: [amf] DEBUG:     IP[127.0.0.1] RAN_ID[16384] (../src/amf/ngap-path.c:71)
11/20 18:52:14.198: [sbi] DEBUG: STATUS [200] (../lib/sbi/nghttp2-server.c:357)
11/20 18:52:14.198: [sbi] DEBUG: SENDING...: 40 (../lib/sbi/nghttp2-server.c:365)
11/20 18:52:14.198: [sbi] DEBUG: {
	"cause":	"N1_N2_TRANSFER_INITIATED"
} (../lib/sbi/nghttp2-server.c:366)
11/20 18:52:14.198: [sbi] DEBUG: STREAM closed [1] (../lib/sbi/nghttp2-server.c:852)
0000: 00000004 01000000 00                  .........
0000: 00003801 04000000 0188768b d5596a6f   ..8.......v..Yjo
0010: 16e53b89 76d76f61 96d07abe 941054d2   ..;.v.oa..z...T.
0020: 7eea0802 128015c6 c5702d29 8b46ff0f   ~........p-).F..
0030: 0d023430 5f8b1d75 d0620d26 3d4c7441   ..40_..u.b.&=LtA
0040: ea                                    .
11/20 18:52:14.199: [sbi] DEBUG: [200:POST] http://127.0.0.5:7777/namf-comm/v1/ue-contexts/imsi-999700000000010/n1-n2-messages (../lib/sbi/client.c:573)
11/20 18:52:14.199: [sbi] DEBUG: RECEIVED[40] (../lib/sbi/client.c:584)
11/20 18:52:14.199: [sbi] DEBUG: {
	"cause":	"N1_N2_TRANSFER_INITIATED"
} (../lib/sbi/client.c:586)
11/20 18:52:14.199: [smf] DEBUG: smf_state_operational(): OGS_EVENT_NAME_SBI_CLIENT (../src/smf/smf-sm.c:83)
0000: 00002800 01000000 017b0a09 22636175   ..(......{.."cau
0010: 7365223a 09224e31 5f4e325f 5452414e   se":."N1_N2_TRAN
0020: 53464552 5f494e49 54494154 4544220a   SFER_INITIATED".
0030: 7d                                    }
11/20 18:52:14.199: [smf] DEBUG: smf_gsm_state_operational(): OGS_EVENT_NAME_SBI_CLIENT (../src/smf/gsm-sm.c:755)
11/20 18:52:14.199: [core] DEBUG:     IPv4[127.0.0.7] (../lib/asn1c/util/conv.c:169)
11/20 18:52:14.199: [core] DEBUG:     IPv4[127.0.0.2] IPv6[fd69:f21d:873c:fa::2] (../lib/asn1c/util/conv.c:197)
11/20 18:52:14.199: [amf] DEBUG: amf_state_operational(): AMF_EVENT_NGAP_MESSAGE (../src/amf/amf-sm.c:78)
11/20 18:52:14.199: [amf] DEBUG: ngap_state_operational(): AMF_EVENT_NGAP_MESSAGE (../src/amf/ngap-sm.c:53)
11/20 18:52:14.199: [amf] DEBUG: PDUSessionResourceSetupResponse (../src/amf/ngap-handler.c:1515)
11/20 18:52:14.199: [amf] DEBUG:     IP[127.0.0.1] RAN_ID[16384] (../src/amf/ngap-handler.c:1541)
11/20 18:52:14.199: [amf] DEBUG:     RAN_UE_NGAP_ID[1] AMF_UE_NGAP_ID[1] (../src/amf/ngap-handler.c:1573)
11/20 18:52:14.199: [sbi] DEBUG: [POST] http://127.0.0.4:7777/nsmf-pdusession/v1/sm-contexts/1/modify (../lib/sbi/client.c:625)
11/20 18:52:14.200: [sbi] DEBUG: SENDING...[307] (../lib/sbi/client.c:401)
11/20 18:52:14.200: [sbi] DEBUG: --=-ihoyGouDNhAoxFPwBIdzxw==
Content-Type: application/json

{
	"n2SmInfo":	{
		"contentId":	"ngap-sm"
	},
	"n2SmInfoType":	"PDU_RES_SETUP_RSP"
}
--=-ihoyGouDNhAoxFPwBIdzxw==
Content-Id: ngap-sm
Content-Type: application/vnd.3gpp.ngap

 (../lib/sbi/client.c:403)
11/20 18:52:14.200: [sbi] DEBUG: STREAM added [3] (../lib/sbi/nghttp2-server.c:1122)
11/20 18:52:14.200: [amf] DEBUG: amf_state_operational(): AMF_EVENT_NGAP_MESSAGE (../src/amf/amf-sm.c:78)
11/20 18:52:14.200: [sbi] DEBUG: [POST] /nsmf-pdusession/v1/sm-contexts/1/modify (../lib/sbi/nghttp2-server.c:801)
11/20 18:52:14.200: [sbi] DEBUG: RECEIVED: 307 (../lib/sbi/nghttp2-server.c:805)
11/20 18:52:14.200: [amf] DEBUG: ngap_state_operational(): AMF_EVENT_NGAP_MESSAGE (../src/amf/ngap-sm.c:53)
11/20 18:52:14.200: [sbi] DEBUG: --=-ihoyGouDNhAoxFPwBIdzxw==
Content-Type: application/json

{
	"n2SmInfo":	{
		"contentId":	"ngap-sm"
	},
	"n2SmInfoType":	"PDU_RES_SETUP_RSP"
}
--=-ihoyGouDNhAoxFPwBIdzxw==
Content-Id: ngap-sm
Content-Type: application/vnd.3gpp.ngap

 (../lib/sbi/nghttp2-server.c:806)
11/20 18:52:14.200: [amf] DEBUG: UplinkNASTransport (../src/amf/ngap-handler.c:546)
11/20 18:52:14.200: [smf] DEBUG: smf_state_operational(): OGS_EVENT_NAME_SBI_SERVER (../src/smf/smf-sm.c:83)
11/20 18:52:14.200: [amf] DEBUG:     IP[127.0.0.1] RAN_ID[16384] (../src/amf/ngap-handler.c:569)
11/20 18:52:14.200: [amf] DEBUG:     RAN_UE_NGAP_ID[1] AMF_UE_NGAP_ID[1] TAC[1] CellID[0x40001] (../src/amf/ngap-handler.c:650)
11/20 18:52:14.200: [amf] DEBUG: amf_state_operational(): AMF_EVENT_5GMM_MESSAGE (../src/amf/amf-sm.c:78)
11/20 18:52:14.200: [smf] DEBUG: smf_gsm_state_operational(): OGS_EVENT_NAME_SBI_SERVER (../src/smf/gsm-sm.c:755)
11/20 18:52:14.200: [gmm] DEBUG: gmm_state_registered(): AMF_EVENT_5GMM_MESSAGE (../src/amf/gmm-sm.c:86)
11/20 18:52:14.200: [smf] DEBUG: smf_state_operational(): SMF_EVT_NGAP_MESSAGE (../src/smf/smf-sm.c:83)
11/20 18:52:14.200: [smf] DEBUG: smf_gsm_state_operational(): SMF_EVT_NGAP_MESSAGE (../src/smf/gsm-sm.c:755)
11/20 18:52:14.200: [smf] DEBUG: PDUSessionResourceSetupResponseTransfer (../src/smf/ngap-handler.c:52)
11/20 18:52:14.200: [sbi] DEBUG: [POST] http://127.0.0.4:7777/nsmf-pdusession/v1/sm-contexts/1/modify (../lib/sbi/client.c:625)
11/20 18:52:14.200: [core] DEBUG:     IPv4[127.0.0.2] IPv6[fd69:f21d:873c:fa::2] (../lib/asn1c/util/conv.c:165)
11/20 18:52:14.200: [pfcp] DEBUG: [3] LOCAL  Create  peer [127.0.0.7]:8805 (../lib/pfcp/xact.c:116)
11/20 18:52:14.200: [smf] DEBUG: Session Modification Request (../src/smf/n4-build.c:132)
11/20 18:52:14.200: [sbi] DEBUG: SENDING...[246] (../lib/sbi/client.c:401)
11/20 18:52:14.200: [sbi] DEBUG: --=-dEJDdWrr4dnFUeyFsCc+rA==
Content-Type: application/json

{
	"n1SmMsg":	{
		"contentId":	"5gnas-sm"
	}
}
--=-dEJDdWrr4dnFUeyFsCc+rA==
Content-Id: 5gnas-sm
Content-Type: application/vnd.3gpp.5gnas

.Ñ
--=-dEJDdWrr4dnFUeyFsCc+rA==--
 (../lib/sbi/client.c:403)
11/20 18:52:14.200: [pfcp] DEBUG: [3] LOCAL  UPD TX-52  peer [127.0.0.7]:8805 (../lib/pfcp/xact.c:197)
11/20 18:52:14.200: [pfcp] DEBUG: [3] LOCAL  Commit  peer [127.0.0.7]:8805 (../lib/pfcp/xact.c:475)
11/20 18:52:14.200: [upf] DEBUG: upf_state_operational(): UPF_EVT_N4_MESSAGE (../src/upf/upf-sm.c:51)
11/20 18:52:14.200: [pfcp] DEBUG: [3] Cannot find xact type 52 from PFCP peer [127.0.0.4]:8805 (../lib/pfcp/xact.c:797)
11/20 18:52:14.200: [pfcp] DEBUG: [3] REMOTE Create  peer [127.0.0.4]:8805 (../lib/pfcp/xact.c:159)
0000: 00000604 00000000 00000300 04e200     ...............
11/20 18:52:14.200: [pfcp] DEBUG: [3] REMOTE Receive peer [127.0.0.4]:8805 (../lib/pfcp/xact.c:704)
11/20 18:52:14.200: [pfcp] DEBUG: [3] REMOTE UPD RX-52  peer [127.0.0.4]:8805 (../lib/pfcp/xact.c:298)
11/20 18:52:14.200: [upf] DEBUG: upf_pfcp_state_associated(): UPF_EVT_N4_MESSAGE (../src/upf/pfcp-sm.c:164)
11/20 18:52:14.200: [upf] DEBUG: Session Modification Request (../src/upf/n4-handler.c:226)
11/20 18:52:14.200: [sbi] DEBUG: MAX_CONCURRENT_STREAMS = 100 (../lib/sbi/nghttp2-server.c:747)
11/20 18:52:14.200: [sbi] DEBUG: ENABLE_PUSH = false (../lib/sbi/nghttp2-server.c:749)
11/20 18:52:14.200: [gtp] INFO: gtp_connect() [127.0.0.2]:2152 (../lib/gtp/path.c:61)
11/20 18:52:14.200: [upf] DEBUG: Session Modification Response (../src/upf/n4-build.c:89)
11/20 18:52:14.200: [sbi] DEBUG: STREAM added [1] (../lib/sbi/nghttp2-server.c:1122)
11/20 18:52:14.200: [pfcp] DEBUG: [3] REMOTE UPD TX-53  peer [127.0.0.4]:8805 (../lib/pfcp/xact.c:197)
11/20 18:52:14.200: [sbi] DEBUG: MAX_CONCURRENT_STREAMS = 100 (../lib/sbi/nghttp2-server.c:747)
11/20 18:52:14.200: [sbi] DEBUG: ENABLE_PUSH = false (../lib/sbi/nghttp2-server.c:749)
11/20 18:52:14.200: [pfcp] DEBUG: [3] REMOTE Commit  peer [127.0.0.4]:8805 (../lib/pfcp/xact.c:475)
11/20 18:52:14.200: [sbi] DEBUG: [POST] /nsmf-pdusession/v1/sm-contexts/1/modify (../lib/sbi/nghttp2-server.c:801)
11/20 18:52:14.200: [sbi] DEBUG: RECEIVED: 246 (../lib/sbi/nghttp2-server.c:805)
11/20 18:52:14.200: [sbi] DEBUG: --=-dEJDdWrr4dnFUeyFsCc+rA==
Content-Type: application/json

{
	"n1SmMsg":	{
		"contentId":	"5gnas-sm"
	}
}
--=-dEJDdWrr4dnFUeyFsCc+rA==
Content-Id: 5gnas-sm
Content-Type: application/vnd.3gpp.5gnas

.Ñ
--=-dEJDdWrr4dnFUeyFsCc+rA==--
 (../lib/sbi/nghttp2-server.c:806)
11/20 18:52:14.200: [smf] DEBUG: smf_state_operational(): OGS_EVENT_NAME_SBI_SERVER (../src/smf/smf-sm.c:83)
11/20 18:52:14.200: [smf] DEBUG: smf_gsm_state_operational(): OGS_EVENT_NAME_SBI_SERVER (../src/smf/gsm-sm.c:755)
11/20 18:52:14.200: [smf] DEBUG: smf_state_operational(): SMF_EVT_5GSM_MESSAGE (../src/smf/smf-sm.c:83)
11/20 18:52:14.200: [smf] DEBUG: smf_gsm_state_operational(): SMF_EVT_5GSM_MESSAGE (../src/smf/gsm-sm.c:755)
11/20 18:52:14.200: [sbi] DEBUG: [POST] http://127.0.0.13:7777/npcf-smpolicycontrol/v1/sm-policies/1/delete (../lib/sbi/client.c:625)
11/20 18:52:14.200: [sbi] DEBUG: SENDING...[179] (../lib/sbi/client.c:401)
11/20 18:52:14.200: [sbi] DEBUG: {
	"servingNetwork":	{
		"mcc":	"999",
		"mnc":	"70"
	},
	"ranNasRelCauses":	[{
			"ngApCause":	{
				"group":	3,
				"value":	0
			},
			"5gMmCause":	0,
			"5gSmCause":	36
		}]
} (../lib/sbi/client.c:403)
11/20 18:52:14.201: [smf] DEBUG: smf_state_operational(): SMF_EVT_N4_MESSAGE (../src/smf/smf-sm.c:83)
11/20 18:52:14.201: [sbi] DEBUG: STREAM added [3] (../lib/sbi/nghttp2-server.c:1122)
11/20 18:52:14.201: [pfcp] DEBUG: [3] LOCAL  Find    peer [127.0.0.7]:8805 (../lib/pfcp/xact.c:790)
11/20 18:52:14.201: [pfcp] DEBUG: [3] LOCAL  Receive peer [127.0.0.7]:8805 (../lib/pfcp/xact.c:704)
11/20 18:52:14.201: [sbi] DEBUG: [POST] /npcf-smpolicycontrol/v1/sm-policies/1/delete (../lib/sbi/nghttp2-server.c:801)
11/20 18:52:14.201: [sbi] DEBUG: RECEIVED: 179 (../lib/sbi/nghttp2-server.c:805)
11/20 18:52:14.201: [sbi] DEBUG: {
	"servingNetwork":	{
		"mcc":	"999",
		"mnc":	"70"
	},
	"ranNasRelCauses":	[{
			"ngApCause":	{
				"group":	3,
				"value":	0
			},
			"5gMmCause":	0,
			"5gSmCause":	36
		}]
} (../lib/sbi/nghttp2-server.c:806)
11/20 18:52:14.201: [pcf] DEBUG: pcf_state_operational(): OGS_EVENT_NAME_SBI_SERVER (../src/pcf/pcf-sm.c:58)
11/20 18:52:14.201: [pfcp] DEBUG: [3] LOCAL  UPD RX-53  peer [127.0.0.7]:8805 (../lib/pfcp/xact.c:298)
11/20 18:52:14.201: [smf] DEBUG: smf_pfcp_state_associated(): SMF_EVT_N4_MESSAGE (../src/smf/pfcp-sm.c:165)
11/20 18:52:14.201: [smf] DEBUG: Session Modification Response [5gc] (../src/smf/n4-handler.c:255)
11/20 18:52:14.201: [pfcp] DEBUG: [3] LOCAL  Commit  peer [127.0.0.7]:8805 (../lib/pfcp/xact.c:475)
11/20 18:52:14.201: [pcf] DEBUG: pcf_sm_state_operational(): OGS_EVENT_NAME_SBI_SERVER (../src/pcf/sm-sm.c:50)
11/20 18:52:14.201: [pfcp] DEBUG: [3] LOCAL  Delete  peer [127.0.0.7]:8805 (../lib/pfcp/xact.c:813)
11/20 18:52:14.201: [sbi] DEBUG: STATUS [204] (../lib/sbi/nghttp2-server.c:357)
11/20 18:52:14.201: [sbi] DEBUG: [DELETE] http://127.0.0.15:7777/nbsf-management/v1/pcfBindings/1 (../lib/sbi/client.c:625)
11/20 18:52:14.201: [sbi] DEBUG: STREAM closed [3] (../lib/sbi/nghttp2-server.c:852)
0000: 00000301 05000000 0389c0bf            ............
11/20 18:52:14.201: [sbi] DEBUG: [204:POST] http://127.0.0.4:7777/nsmf-pdusession/v1/sm-contexts/1/modify (../lib/sbi/client.c:573)
11/20 18:52:14.201: [sbi] DEBUG: STREAM added [3] (../lib/sbi/nghttp2-server.c:1122)
11/20 18:52:14.201: [sbi] DEBUG: RECEIVED[0] (../lib/sbi/client.c:584)
11/20 18:52:14.201: [amf] DEBUG: amf_state_operational(): OGS_EVENT_NAME_SBI_CLIENT (../src/amf/amf-sm.c:78)
11/20 18:52:14.201: [sbi] DEBUG: [DELETE] /nbsf-management/v1/pcfBindings/1 (../lib/sbi/nghttp2-server.c:801)
11/20 18:52:14.201: [bsf] DEBUG: bsf_state_operational(): OGS_EVENT_NAME_SBI_SERVER (../src/bsf/bsf-sm.c:55)
11/20 18:52:14.201: [sbi] DEBUG: STATUS [204] (../lib/sbi/nghttp2-server.c:357)
11/20 18:52:14.201: [sbi] DEBUG: STREAM closed [3] (../lib/sbi/nghttp2-server.c:852)
0000: 00000301 05000000 0389c0bf            ............
11/20 18:52:14.201: [sbi] DEBUG: [204:DELETE] http://127.0.0.15:7777/nbsf-management/v1/pcfBindings/1 (../lib/sbi/client.c:573)
11/20 18:52:14.201: [sbi] DEBUG: RECEIVED[0] (../lib/sbi/client.c:584)
11/20 18:52:14.201: [pcf] DEBUG: pcf_state_operational(): OGS_EVENT_NAME_SBI_CLIENT (../src/pcf/pcf-sm.c:58)
11/20 18:52:14.201: [pcf] DEBUG: pcf_sm_state_operational(): OGS_EVENT_NAME_SBI_CLIENT (../src/pcf/sm-sm.c:50)
11/20 18:52:14.201: [sbi] DEBUG: STATUS [204] (../lib/sbi/nghttp2-server.c:357)
11/20 18:52:14.201: [sbi] DEBUG: STREAM closed [3] (../lib/sbi/nghttp2-server.c:852)
11/20 18:52:14.201: [pcf] DEBUG: pcf_sm_state_operational(): EXIT (../src/pcf/sm-sm.c:50)
11/20 18:52:14.201: [pcf] DEBUG: pcf_sm_state_deleted(): ENTRY (../src/pcf/sm-sm.c:290)
11/20 18:52:14.201: [pcf] DEBUG: [imsi-999700000000010:5] PCF session removed (../src/pcf/pcf-sm.c:532)
11/20 18:52:14.201: [pcf] DEBUG: pcf_sm_state_deleted(): EXIT (../src/pcf/sm-sm.c:290)
11/20 18:52:14.201: [sbi] DEBUG: ogs_sbi_nf_instance_remove() (../lib/sbi/context.c:870)
11/20 18:52:14.201: [sbi] DEBUG: [UNREF] 2 (../lib/sbi/context.c:873)
11/20 18:52:14.201: [sbi] DEBUG: ogs_sbi_nf_instance_remove() (../lib/sbi/context.c:870)
11/20 18:52:14.201: [sbi] DEBUG: [UNREF] 3 (../lib/sbi/context.c:873)
11/20 18:52:14.201: [sbi] DEBUG: ogs_sbi_nf_instance_remove() (../lib/sbi/context.c:870)
11/20 18:52:14.201: [sbi] DEBUG: [UNREF] 2 (../lib/sbi/context.c:873)
11/20 18:52:14.201: [sbi] DEBUG: ogs_sbi_client_remove() [127.0.0.4:7777] (../lib/sbi/client.c:153)
11/20 18:52:14.201: [sbi] DEBUG: [UNREF] 2 (../lib/sbi/client.c:157)
0000: 00000301 05000000 0389c0bf            ............
11/20 18:52:14.201: [sbi] DEBUG: [204:POST] http://127.0.0.13:7777/npcf-smpolicycontrol/v1/sm-policies/1/delete (../lib/sbi/client.c:573)
11/20 18:52:14.201: [sbi] DEBUG: RECEIVED[0] (../lib/sbi/client.c:584)
11/20 18:52:14.201: [smf] DEBUG: smf_state_operational(): OGS_EVENT_NAME_SBI_CLIENT (../src/smf/smf-sm.c:83)
11/20 18:52:14.201: [smf] DEBUG: smf_gsm_state_operational(): OGS_EVENT_NAME_SBI_CLIENT (../src/smf/gsm-sm.c:755)
11/20 18:52:14.201: [smf] DEBUG: smf_gsm_state_operational(): EXIT (../src/smf/gsm-sm.c:755)
11/20 18:52:14.201: [smf] DEBUG: smf_gsm_state_wait_pfcp_deletion(): ENTRY (../src/smf/gsm-sm.c:1159)
11/20 18:52:14.201: [pfcp] DEBUG: [4] LOCAL  Create  peer [127.0.0.7]:8805 (../lib/pfcp/xact.c:116)
11/20 18:52:14.201: [smf] DEBUG: Session Deletion Request (../src/smf/n4-build.c:460)
11/20 18:52:14.201: [pfcp] DEBUG: [4] LOCAL  UPD TX-54  peer [127.0.0.7]:8805 (../lib/pfcp/xact.c:197)
11/20 18:52:14.201: [pfcp] DEBUG: [4] LOCAL  Commit  peer [127.0.0.7]:8805 (../lib/pfcp/xact.c:475)
11/20 18:52:14.201: [upf] DEBUG: upf_state_operational(): UPF_EVT_N4_MESSAGE (../src/upf/upf-sm.c:51)
11/20 18:52:14.201: [pfcp] DEBUG: [4] Cannot find xact type 54 from PFCP peer [127.0.0.4]:8805 (../lib/pfcp/xact.c:797)
11/20 18:52:14.201: [pfcp] DEBUG: [4] REMOTE Create  peer [127.0.0.4]:8805 (../lib/pfcp/xact.c:159)
11/20 18:52:14.201: [pfcp] DEBUG: [4] REMOTE Receive peer [127.0.0.4]:8805 (../lib/pfcp/xact.c:704)
11/20 18:52:14.201: [pfcp] DEBUG: [4] REMOTE UPD RX-54  peer [127.0.0.4]:8805 (../lib/pfcp/xact.c:298)
11/20 18:52:14.201: [upf] DEBUG: upf_pfcp_state_associated(): UPF_EVT_N4_MESSAGE (../src/upf/pfcp-sm.c:164)
11/20 18:52:14.201: [upf] DEBUG: Session Deletion Request (../src/upf/n4-handler.c:461)
11/20 18:52:14.201: [upf] DEBUG: Session Deletion Response (../src/upf/n4-build.c:121)
11/20 18:52:14.201: [pfcp] DEBUG: PFCP session deletion response (../lib/pfcp/build.c:942)
11/20 18:52:14.201: [pfcp] DEBUG: [4] REMOTE UPD TX-55  peer [127.0.0.4]:8805 (../lib/pfcp/xact.c:197)
11/20 18:52:14.201: [pfcp] DEBUG: [4] REMOTE Commit  peer [127.0.0.4]:8805 (../lib/pfcp/xact.c:475)
11/20 18:52:14.201: [smf] DEBUG: smf_state_operational(): SMF_EVT_N4_MESSAGE (../src/smf/smf-sm.c:83)
11/20 18:52:14.201: [upf] INFO: [Removed] Number of UPF-sessions is now 0 (../src/upf/context.c:213)
11/20 18:52:14.201: [pfcp] DEBUG: [4] LOCAL  Find    peer [127.0.0.7]:8805 (../lib/pfcp/xact.c:790)
11/20 18:52:14.201: [pfcp] DEBUG: [4] LOCAL  Receive peer [127.0.0.7]:8805 (../lib/pfcp/xact.c:704)
11/20 18:52:14.201: [pfcp] DEBUG: [4] LOCAL  UPD RX-55  peer [127.0.0.7]:8805 (../lib/pfcp/xact.c:298)
11/20 18:52:14.201: [smf] DEBUG: smf_pfcp_state_associated(): SMF_EVT_N4_MESSAGE (../src/smf/pfcp-sm.c:165)
11/20 18:52:14.201: [smf] DEBUG: smf_gsm_state_wait_pfcp_deletion(): SMF_EVT_N4_MESSAGE (../src/smf/gsm-sm.c:1159)
11/20 18:52:14.201: [pfcp] DEBUG: [4] LOCAL  Commit  peer [127.0.0.7]:8805 (../lib/pfcp/xact.c:475)
11/20 18:52:14.201: [pfcp] DEBUG: [4] LOCAL  Delete  peer [127.0.0.7]:8805 (../lib/pfcp/xact.c:813)
11/20 18:52:14.201: [smf] DEBUG: Session Deletion Response [5gc] (../src/smf/n4-handler.c:660)
11/20 18:52:14.202: [smf] DEBUG: PDUSessionResourceReleaseCommandTransfer (../src/smf/ngap-build.c:438)
11/20 18:52:14.202: [smf] DEBUG:     Group[3] Cause[0] (../src/smf/ngap-build.c:442)
11/20 18:52:14.202: [sbi] DEBUG: STATUS [200] (../lib/sbi/nghttp2-server.c:357)
11/20 18:52:14.202: [sbi] DEBUG: SENDING...: 424 (../lib/sbi/nghttp2-server.c:365)
11/20 18:52:14.202: [sbi] DEBUG: --=-A17pPPyGyIbAL15NRGPt8A==
Content-Type: application/json

{
	"n1SmMsg":	{
		"contentId":	"5gnas-sm"
	},
	"n2SmInfo":	{
		"contentId":	"ngap-sm"
	},
	"n2SmInfoType":	"PDU_RES_REL_CMD"
}
--=-A17pPPyGyIbAL15NRGPt8A==
Content-Id: 5gnas-sm
Content-Type: application/vnd.3gpp.5gnas

.Ó$
--=-A17pPPyGyIbAL15NRGPt8A==
Content-Id: ngap-sm
Content-Type: application/vnd.3gpp.ngap


--=-A17pPPyGyIbAL15NRGPt8A==--
 (../lib/sbi/nghttp2-server.c:366)
11/20 18:52:14.202: [sbi] DEBUG: STREAM closed [1] (../lib/sbi/nghttp2-server.c:852)
11/20 18:52:14.202: [smf] DEBUG: smf_gsm_state_wait_pfcp_deletion(): EXIT (../src/smf/gsm-sm.c:1159)
11/20 18:52:14.202: [smf] DEBUG: smf_gsm_state_wait_5gc_n1_n2_release(): ENTRY (../src/smf/gsm-sm.c:1412)
0000: 00000004 01000000 00                  .........
0000: 00005a01 04000000 0188768b d5596a6f   ..Z.......v..Yjo
0010: 16e53b89 76d76f61 96d07abe 941054d2   ..;.v.oa..z...T.
0020: 7eea0802 128015c6 c5702d29 8b46ff0f   ~........p-).F..
0030: 0d033432 345faca6 da126ac7 6258b0b4   ..424_....j.bX..
0040: 0d2593ed 48cf6d52 0ecf507f 302d085d   .%..H.mR..P.0-.]
0050: af5ebf58 bd648e1c e16f4edc 5ad2f430   .^.X.d...oN.Z..0
0060: 41fcff                                A..
11/20 18:52:14.202: [sbi] DEBUG: [200:POST] http://127.0.0.4:7777/nsmf-pdusession/v1/sm-contexts/1/modify (../lib/sbi/client.c:573)
11/20 18:52:14.202: [sbi] DEBUG: RECEIVED[424] (../lib/sbi/client.c:584)
11/20 18:52:14.202: [sbi] DEBUG: --=-A17pPPyGyIbAL15NRGPt8A==
Content-Type: application/json

{
	"n1SmMsg":	{
		"contentId":	"5gnas-sm"
	},
	"n2SmInfo":	{
		"contentId":	"ngap-sm"
	},
	"n2SmInfoType":	"PDU_RES_REL_CMD"
}
--=-A17pPPyGyIbAL15NRGPt8A==
Content-Id: 5gnas-sm
Content-Type: application/vnd.3gpp.5gnas

.Ó$
--=-A17pPPyGyIbAL15NRGPt8A==
Content-Id: ngap-sm
Content-Type: application/vnd.3gpp.ngap


--=-A17pPPyGyIbAL15NRGPt8A==--
 (../lib/sbi/client.c:586)
0000: 0001a800 01000000 012d2d3d 2d413137   .........--=-A17
0010: 70505079 47794962 414c3135 4e524750   pPPyGyIbAL15NRGP
0020: 7438413d 3d0d0a43 6f6e7465 6e742d54   t8A==..Content-T
0030: 7970653a 20617070 6c696361 74696f6e   ype: application
0040: 2f6a736f 6e0d0a0d 0a7b0a09 226e3153   /json....{.."n1S
0050: 6d4d7367 223a097b 0a090922 636f6e74   mMsg":.{..."cont
0060: 656e7449 64223a09 2235676e 61732d73   entId":."5gnas-s
0070: 6d220a09 7d2c0a09 226e3253 6d496e66   m"..},.."n2SmInf
0080: 6f223a09 7b0a0909 22636f6e 74656e74   o":.{..."content
0090: 4964223a 09226e67 61702d73 6d220a09   Id":."ngap-sm"..
00a0: 7d2c0a09 226e3253 6d496e66 6f547970   },.."n2SmInfoTyp
00b0: 65223a09 22504455 5f524553 5f52454c   e":."PDU_RES_REL
00c0: 5f434d44 220a7d0d 0a2d2d3d 2d413137   _CMD".}..--=-A17
00d0: 70505079 47794962 414c3135 4e524750   pPPyGyIbAL15NRGP
00e0: 7438413d 3d0d0a43 6f6e7465 6e742d49   t8A==..Content-I
00f0: 643a2035 676e6173 2d736d0d 0a436f6e   d: 5gnas-sm..Con
0100: 74656e74 2d547970 653a2061 70706c69   tent-Type: appli
0110: 63617469 6f6e2f76 6e642e33 6770702e   cation/vnd.3gpp.
0120: 35676e61 730d0a0d 0a2e0501 d3240d0a   5gnas........$..
0130: 2d2d3d2d 41313770 50507947 79496241   --=-A17pPPyGyIbA
0140: 4c31354e 52475074 38413d3d 0d0a436f   L15NRGPt8A==..Co
0150: 6e74656e 742d4964 3a206e67 61702d73   ntent-Id: ngap-s
0160: 6d0d0a43 6f6e7465 6e742d54 7970653a   m..Content-Type:
0170: 20617070 6c696361 74696f6e 2f766e64    application/vnd
0180: 2e336770 702e6e67 61700d0a 0d0a100d   .3gpp.ngap......
0190: 0a2d2d3d 2d413137 70505079 47794962   .--=-A17pPPyGyIb
01a0: 414c3135 4e524750 7438413d 3d2d2d0d   AL15NRGPt8A==--.
01b0: 0a                                    .
11/20 18:52:14.202: [amf] DEBUG: amf_state_operational(): OGS_EVENT_NAME_SBI_CLIENT (../src/amf/amf-sm.c:78)
11/20 18:52:14.202: [amf] DEBUG: PDUSessionResourceReleaseCommand (../src/amf/ngap-build.c:1570)
11/20 18:52:14.202: [amf] DEBUG:     RAN_UE_NGAP_ID[1] AMF_UE_NGAP_ID[1] (../src/amf/ngap-build.c:1607)
11/20 18:52:14.202: [amf] DEBUG:     IP[127.0.0.1] RAN_ID[16384] (../src/amf/ngap-path.c:71)
11/20 18:52:14.202: [amf] DEBUG: amf_state_operational(): AMF_EVENT_NGAP_MESSAGE (../src/amf/amf-sm.c:78)
11/20 18:52:14.202: [amf] DEBUG: ngap_state_operational(): AMF_EVENT_NGAP_MESSAGE (../src/amf/ngap-sm.c:53)
11/20 18:52:14.202: [amf] DEBUG: PDUSessionResourceReleaseResponse (../src/amf/ngap-handler.c:1995)
11/20 18:52:14.202: [amf] DEBUG:     IP[127.0.0.1] RAN_ID[16384] (../src/amf/ngap-handler.c:2017)
11/20 18:52:14.202: [amf] DEBUG:     RAN_UE_NGAP_ID[1] AMF_UE_NGAP_ID[1] (../src/amf/ngap-handler.c:2049)
11/20 18:52:14.202: [sbi] DEBUG: [POST] http://127.0.0.4:7777/nsmf-pdusession/v1/sm-contexts/1/modify (../lib/sbi/client.c:625)
11/20 18:52:14.202: [sbi] DEBUG: SENDING...[277] (../lib/sbi/client.c:401)
11/20 18:52:14.202: [sbi] DEBUG: --=-GhEynwsZ0qpySg2/NcbB5g==
Content-Type: application/json

{
	"n2SmInfo":	{
		"contentId":	"ngap-sm"
	},
	"n2SmInfoType":	"PDU_RES_REL_RSP"
}
--=-GhEynwsZ0qpySg2/NcbB5g==
Content-Id: ngap-sm
Content-Type: application/vnd.3gpp.ngap

 (../lib/sbi/client.c:403)
11/20 18:52:14.203: [sbi] DEBUG: STREAM added [5] (../lib/sbi/nghttp2-server.c:1122)
11/20 18:52:14.203: [sbi] DEBUG: [POST] /nsmf-pdusession/v1/sm-contexts/1/modify (../lib/sbi/nghttp2-server.c:801)
11/20 18:52:14.203: [sbi] DEBUG: RECEIVED: 277 (../lib/sbi/nghttp2-server.c:805)
11/20 18:52:14.203: [sbi] DEBUG: --=-GhEynwsZ0qpySg2/NcbB5g==
Content-Type: application/json

{
	"n2SmInfo":	{
		"contentId":	"ngap-sm"
	},
	"n2SmInfoType":	"PDU_RES_REL_RSP"
}
--=-GhEynwsZ0qpySg2/NcbB5g==
Content-Id: ngap-sm
Content-Type: application/vnd.3gpp.ngap

 (../lib/sbi/nghttp2-server.c:806)
11/20 18:52:14.203: [smf] DEBUG: smf_state_operational(): OGS_EVENT_NAME_SBI_SERVER (../src/smf/smf-sm.c:83)
11/20 18:52:14.203: [smf] DEBUG: smf_gsm_state_wait_5gc_n1_n2_release(): OGS_EVENT_NAME_SBI_SERVER (../src/smf/gsm-sm.c:1412)
11/20 18:52:14.203: [smf] DEBUG: smf_state_operational(): SMF_EVT_NGAP_MESSAGE (../src/smf/smf-sm.c:83)
11/20 18:52:14.203: [smf] DEBUG: smf_gsm_state_wait_5gc_n1_n2_release(): SMF_EVT_NGAP_MESSAGE (../src/smf/gsm-sm.c:1412)
11/20 18:52:14.203: [sbi] DEBUG: STATUS [204] (../lib/sbi/nghttp2-server.c:357)
11/20 18:52:14.203: [sbi] DEBUG: STREAM closed [5] (../lib/sbi/nghttp2-server.c:852)
11/20 18:52:14.203: [amf] DEBUG: amf_state_operational(): AMF_EVENT_NGAP_MESSAGE (../src/amf/amf-sm.c:78)
0000: 00000301 05000000 0589c0bf            ............
11/20 18:52:14.203: [amf] DEBUG: ngap_state_operational(): AMF_EVENT_NGAP_MESSAGE (../src/amf/ngap-sm.c:53)
11/20 18:52:14.203: [amf] DEBUG: UplinkNASTransport (../src/amf/ngap-handler.c:546)
11/20 18:52:14.203: [amf] DEBUG:     IP[127.0.0.1] RAN_ID[16384] (../src/amf/ngap-handler.c:569)
11/20 18:52:14.203: [amf] DEBUG:     RAN_UE_NGAP_ID[1] AMF_UE_NGAP_ID[1] TAC[1] CellID[0x40001] (../src/amf/ngap-handler.c:650)
11/20 18:52:14.203: [amf] DEBUG: amf_state_operational(): AMF_EVENT_5GMM_MESSAGE (../src/amf/amf-sm.c:78)
11/20 18:52:14.203: [gmm] DEBUG: gmm_state_registered(): AMF_EVENT_5GMM_MESSAGE (../src/amf/gmm-sm.c:86)
11/20 18:52:14.203: [sbi] DEBUG: [POST] http://127.0.0.4:7777/nsmf-pdusession/v1/sm-contexts/1/modify (../lib/sbi/client.c:625)
11/20 18:52:14.203: [sbi] DEBUG: SENDING...[573] (../lib/sbi/client.c:401)
11/20 18:52:14.203: [sbi] DEBUG: --=-058DAO0Xy4cZVvD4DTmbNA==
Content-Type: application/json

{
	"ueLocation":	{
		"nrLocation":	{
			"tai":	{
				"plmnId":	{
					"mcc":	"999",
					"mnc":	"70"
				},
				"tac":	"000001"
			},
			"ncgi":	{
				"plmnId":	{
					"mcc":	"999",
					"mnc":	"70"
				},
				"nrCellId":	"000040001"
			},
			"ueLocationTimestamp":	"2022-11-21T02:52:14.153832Z"
		}
	},
	"ueTimeZone":	"-08:00",
	"n1SmMsg":	{
		"contentId":	"5gnas-sm"
	}
}
--=-058DAO0Xy4cZVvD4DTmbNA==
Content-Id: 5gnas-sm
Content-Type: application/vnd.3gpp.5gnas

.Ô
--=-058DAO0Xy4cZVvD4DTmbNA==--
 (../lib/sbi/client.c:403)
11/20 18:52:14.203: [sbi] DEBUG: STREAM added [7] (../lib/sbi/nghttp2-server.c:1122)
11/20 18:52:14.203: [sbi] DEBUG: [POST] /nsmf-pdusession/v1/sm-contexts/1/modify (../lib/sbi/nghttp2-server.c:801)
11/20 18:52:14.203: [sbi] DEBUG: RECEIVED: 573 (../lib/sbi/nghttp2-server.c:805)
11/20 18:52:14.203: [sbi] DEBUG: --=-058DAO0Xy4cZVvD4DTmbNA==
Content-Type: application/json

{
	"ueLocation":	{
		"nrLocation":	{
			"tai":	{
				"plmnId":	{
					"mcc":	"999",
					"mnc":	"70"
				},
				"tac":	"000001"
			},
			"ncgi":	{
				"plmnId":	{
					"mcc":	"999",
					"mnc":	"70"
				},
				"nrCellId":	"000040001"
			},
			"ueLocationTimestamp":	"2022-11-21T02:52:14.153832Z"
		}
	},
	"ueTimeZone":	"-08:00",
	"n1SmMsg":	{
		"contentId":	"5gnas-sm"
	}
}
--=-058DAO0Xy4cZVvD4DTmbNA==
Content-Id: 5gnas-sm
Content-Type: application/vnd.3gpp.5gnas

.Ô
--=-058DAO0Xy4cZVvD4DTmbNA==--
 (../lib/sbi/nghttp2-server.c:806)
11/20 18:52:14.203: [smf] DEBUG: smf_state_operational(): OGS_EVENT_NAME_SBI_SERVER (../src/smf/smf-sm.c:83)
11/20 18:52:14.203: [sbi] DEBUG: [204:POST] http://127.0.0.4:7777/nsmf-pdusession/v1/sm-contexts/1/modify (../lib/sbi/client.c:573)
11/20 18:52:14.203: [sbi] DEBUG: RECEIVED[0] (../lib/sbi/client.c:584)
11/20 18:52:14.203: [smf] DEBUG: smf_gsm_state_wait_5gc_n1_n2_release(): OGS_EVENT_NAME_SBI_SERVER (../src/smf/gsm-sm.c:1412)
11/20 18:52:14.203: [smf] DEBUG:     TAI[PLMN_ID:99f907,TAC:1] (../src/smf/nsmf-handler.c:275)
11/20 18:52:14.203: [amf] DEBUG: amf_state_operational(): AMF_EVENT_NGAP_MESSAGE (../src/amf/amf-sm.c:78)
11/20 18:52:14.203: [smf] DEBUG:     NR_CGI[PLMN_ID:99f907,CELL_ID:0x40001] (../src/smf/nsmf-handler.c:278)
11/20 18:52:14.203: [smf] DEBUG: smf_state_operational(): SMF_EVT_5GSM_MESSAGE (../src/smf/smf-sm.c:83)
11/20 18:52:14.204: [smf] DEBUG: smf_gsm_state_wait_5gc_n1_n2_release(): SMF_EVT_5GSM_MESSAGE (../src/smf/gsm-sm.c:1412)
11/20 18:52:14.204: [sbi] DEBUG: STATUS [204] (../lib/sbi/nghttp2-server.c:357)
11/20 18:52:14.204: [sbi] DEBUG: STREAM closed [7] (../lib/sbi/nghttp2-server.c:852)
11/20 18:52:14.204: [sbi] DEBUG: [POST] http://127.0.0.5:7777/namf-callback/v1/imsi-999700000000010/sm-context-status/5 (../lib/sbi/client.c:625)
11/20 18:52:14.204: [sbi] DEBUG: SENDING...[54] (../lib/sbi/client.c:401)
11/20 18:52:14.204: [amf] DEBUG: ngap_state_operational(): AMF_EVENT_NGAP_MESSAGE (../src/amf/ngap-sm.c:53)
11/20 18:52:14.204: [sbi] DEBUG: {
	"statusInfo":	{
		"resourceStatus":	"RELEASED"
	}
} (../lib/sbi/client.c:403)
11/20 18:52:14.204: [amf] DEBUG: UplinkNASTransport (../src/amf/ngap-handler.c:546)
11/20 18:52:14.204: [smf] DEBUG: smf_gsm_state_wait_5gc_n1_n2_release(): EXIT (../src/smf/gsm-sm.c:1412)
11/20 18:52:14.204: [amf] DEBUG:     IP[127.0.0.1] RAN_ID[16384] (../src/amf/ngap-handler.c:569)
11/20 18:52:14.204: [smf] DEBUG: smf_gsm_state_session_will_release(): ENTRY (../src/smf/gsm-sm.c:1581)
11/20 18:52:14.204: [amf] DEBUG:     RAN_UE_NGAP_ID[1] AMF_UE_NGAP_ID[1] TAC[1] CellID[0x40001] (../src/amf/ngap-handler.c:650)
11/20 18:52:14.204: [smf] INFO: Removed Session: UE IMSI:[imsi-999700000000010] DNN:[internet:5] IPv4:[10.45.0.2] IPv6:[2001:db8:cafe:1::2] (../src/smf/context.c:1711)
11/20 18:52:14.204: [smf] DEBUG: smf_gsm_state_session_will_release(): EXIT (../src/smf/gsm-sm.c:1581)
11/20 18:52:14.204: [sbi] DEBUG: ogs_sbi_client_remove() [127.0.0.5:7777] (../lib/sbi/client.c:153)
11/20 18:52:14.204: [sbi] DEBUG: [UNREF] 3 (../lib/sbi/client.c:157)
11/20 18:52:14.204: [amf] DEBUG: amf_state_operational(): OGS_EVENT_NAME_SBI_CLIENT (../src/amf/amf-sm.c:78)
11/20 18:52:14.204: [sbi] DEBUG: ogs_sbi_nf_instance_remove() (../lib/sbi/context.c:870)
11/20 18:52:14.204: [sbi] DEBUG: [UNREF] 2 (../lib/sbi/context.c:873)
11/20 18:52:14.204: [sbi] DEBUG: ogs_sbi_nf_instance_remove() (../lib/sbi/context.c:870)
11/20 18:52:14.204: [sbi] DEBUG: [UNREF] 2 (../lib/sbi/context.c:873)
11/20 18:52:14.204: [sbi] DEBUG: ogs_sbi_nf_instance_remove() (../lib/sbi/context.c:870)
11/20 18:52:14.204: [amf] DEBUG: [imsi-999700000000010:5] Receive Update SM context(N2-RELEASED) (../src/amf/nsmf-handler.c:542)
11/20 18:52:14.204: [sbi] DEBUG: [UNREF] 2 (../lib/sbi/context.c:873)
11/20 18:52:14.204: [sbi] DEBUG: ogs_sbi_nf_instance_remove() (../lib/sbi/context.c:870)
11/20 18:52:14.204: [sbi] DEBUG: [UNREF] 2 (../lib/sbi/context.c:873)
11/20 18:52:14.204: [smf] INFO: [Removed] Number of SMF-Sessions is now 0 (../src/smf/context.c:3093)
11/20 18:52:14.204: [amf] DEBUG: amf_state_operational(): AMF_EVENT_5GMM_MESSAGE (../src/amf/amf-sm.c:78)
11/20 18:52:14.204: [smf] INFO: [Removed] Number of SMF-UEs is now 0 (../src/smf/context.c:1069)
0000: 00000301 05000000 0789c0bf            ............
11/20 18:52:14.204: [gmm] DEBUG: gmm_state_registered(): AMF_EVENT_5GMM_MESSAGE (../src/amf/gmm-sm.c:86)
11/20 18:52:14.204: [gmm] INFO: [imsi-999700000000010] Deregistration request (../src/amf/gmm-sm.c:297)
11/20 18:52:14.204: [gmm] DEBUG:     OLD TSC[UE:0,AMF:0] KSI[UE:0,AMF:0] (../src/amf/gmm-handler.c:658)
11/20 18:52:14.204: [gmm] DEBUG:     NEW TSC[UE:0,AMF:0] KSI[UE:0,AMF:0] (../src/amf/gmm-handler.c:665)
11/20 18:52:14.204: [gmm] DEBUG:     Switch-Off (../src/amf/gmm-handler.c:668)
11/20 18:52:14.204: [gmm] INFO: [suci-0-999-70-0-0-0-0000000010]    SUCI (../src/amf/gmm-handler.c:670)
11/20 18:52:14.204: [gmm] DEBUG: gmm_state_registered(): EXIT (../src/amf/gmm-sm.c:86)
11/20 18:52:14.204: [gmm] DEBUG: gmm_state_de_registered(): ENTRY (../src/amf/gmm-sm.c:60)
11/20 18:52:14.204: [sbi] DEBUG: [204:POST] http://127.0.0.4:7777/nsmf-pdusession/v1/sm-contexts/1/modify (../lib/sbi/client.c:573)
11/20 18:52:14.204: [sbi] DEBUG: RECEIVED[0] (../lib/sbi/client.c:584)
11/20 18:52:14.204: [sbi] DEBUG: STREAM added [3] (../lib/sbi/nghttp2-server.c:1122)
11/20 18:52:14.204: [sbi] DEBUG: [POST] /namf-callback/v1/imsi-999700000000010/sm-context-status/5 (../lib/sbi/nghttp2-server.c:801)
11/20 18:52:14.204: [sbi] DEBUG: RECEIVED: 54 (../lib/sbi/nghttp2-server.c:805)
11/20 18:52:14.204: [sbi] DEBUG: {
	"statusInfo":	{
		"resourceStatus":	"RELEASED"
	}
} (../lib/sbi/nghttp2-server.c:806)
11/20 18:52:14.204: [amf] DEBUG: amf_state_operational(): OGS_EVENT_NAME_SBI_CLIENT (../src/amf/amf-sm.c:78)
11/20 18:52:14.204: [amf] DEBUG: [imsi-999700000000010:5] Receive Update SM context(N1-RELEASED) (../src/amf/nsmf-handler.c:554)
11/20 18:52:14.204: [amf] DEBUG: amf_state_operational(): OGS_EVENT_NAME_SBI_SERVER (../src/amf/amf-sm.c:78)
11/20 18:52:14.204: [amf] DEBUG: [imsi-999700000000010:5] SM context remove (../src/amf/namf-handler.c:497)
11/20 18:52:14.204: [sbi] DEBUG: ogs_sbi_nf_instance_remove() (../lib/sbi/context.c:870)
11/20 18:52:14.204: [sbi] DEBUG: [UNREF] 2 (../lib/sbi/context.c:873)
11/20 18:52:14.204: [sbi] DEBUG: ogs_sbi_nf_instance_remove() (../lib/sbi/context.c:870)
11/20 18:52:14.204: [sbi] DEBUG: [UNREF] 2 (../lib/sbi/context.c:873)
11/20 18:52:14.204: [sbi] DEBUG: ogs_sbi_nf_instance_remove() (../lib/sbi/context.c:870)
11/20 18:52:14.204: [sbi] DEBUG: [UNREF] 3 (../lib/sbi/context.c:873)
11/20 18:52:14.204: [sbi] DEBUG: ogs_sbi_client_remove() [127.0.0.10:7777] (../lib/sbi/client.c:153)
11/20 18:52:14.204: [sbi] DEBUG: [UNREF] 2 (../lib/sbi/client.c:157)
11/20 18:52:14.204: [amf] INFO: [Removed] Number of AMF-Sessions is now 0 (../src/amf/context.c:2260)
11/20 18:52:14.204: [sbi] DEBUG: [DELETE] http://127.0.0.13:7777/npcf-am-policy-control/v1/policies/1 (../lib/sbi/client.c:625)
11/20 18:52:14.204: [sbi] DEBUG: STATUS [204] (../lib/sbi/nghttp2-server.c:357)
11/20 18:52:14.204: [sbi] DEBUG: STREAM closed [3] (../lib/sbi/nghttp2-server.c:852)
0000: 00000301 05000000 0389c0bf            ............
11/20 18:52:14.204: [sbi] DEBUG: [204:POST] http://127.0.0.5:7777/namf-callback/v1/imsi-999700000000010/sm-context-status/5 (../lib/sbi/client.c:573)
11/20 18:52:14.204: [sbi] DEBUG: RECEIVED[0] (../lib/sbi/client.c:584)
11/20 18:52:14.204: [sbi] DEBUG: STREAM added [3] (../lib/sbi/nghttp2-server.c:1122)
11/20 18:52:14.204: [sbi] DEBUG: [DELETE] /npcf-am-policy-control/v1/policies/1 (../lib/sbi/nghttp2-server.c:801)
11/20 18:52:14.204: [pcf] DEBUG: pcf_state_operational(): OGS_EVENT_NAME_SBI_SERVER (../src/pcf/pcf-sm.c:58)
11/20 18:52:14.204: [pcf] DEBUG: pcf_am_state_operational(): OGS_EVENT_NAME_SBI_SERVER (../src/pcf/am-sm.c:48)
11/20 18:52:14.204: [sbi] DEBUG: STATUS [204] (../lib/sbi/nghttp2-server.c:357)
11/20 18:52:14.204: [sbi] DEBUG: STREAM closed [3] (../lib/sbi/nghttp2-server.c:852)
11/20 18:52:14.204: [pcf] DEBUG: pcf_am_state_operational(): EXIT (../src/pcf/am-sm.c:48)
11/20 18:52:14.204: [pcf] DEBUG: pcf_am_state_deleted(): ENTRY (../src/pcf/am-sm.c:159)
11/20 18:52:14.204: [pcf] DEBUG: [imsi-999700000000010] PCF-AM removed (../src/pcf/pcf-sm.c:169)
11/20 18:52:14.204: [pcf] DEBUG: pcf_am_state_deleted(): EXIT (../src/pcf/am-sm.c:159)
11/20 18:52:14.204: [sbi] DEBUG: ogs_sbi_nf_instance_remove() (../lib/sbi/context.c:870)
11/20 18:52:14.204: [sbi] DEBUG: [UNREF] 2 (../lib/sbi/context.c:873)
11/20 18:52:14.204: [sbi] DEBUG: ogs_sbi_client_remove() [127.0.0.5:7777] (../lib/sbi/client.c:153)
11/20 18:52:14.205: [sbi] DEBUG: [UNREF] 2 (../lib/sbi/client.c:157)
0000: 00000301 05000000 0389c0bf            ............
11/20 18:52:14.205: [sbi] DEBUG: [204:DELETE] http://127.0.0.13:7777/npcf-am-policy-control/v1/policies/1 (../lib/sbi/client.c:573)
11/20 18:52:14.205: [sbi] DEBUG: RECEIVED[0] (../lib/sbi/client.c:584)
11/20 18:52:14.205: [amf] DEBUG: amf_state_operational(): OGS_EVENT_NAME_SBI_CLIENT (../src/amf/amf-sm.c:78)
11/20 18:52:14.205: [gmm] DEBUG: gmm_state_de_registered(): OGS_EVENT_NAME_SBI_CLIENT (../src/amf/gmm-sm.c:60)
11/20 18:52:14.205: [amf] DEBUG: [imsi-999700000000010] De-registration accept (../src/amf/nas-path.c:268)
11/20 18:52:14.205: [amf] DEBUG: UEContextReleaseCommand (../src/amf/ngap-path.c:322)
11/20 18:52:14.205: [amf] DEBUG:     RAN_UE_NGAP_ID[1] AMF_UE_NGAP_ID[1] (../src/amf/ngap-path.c:324)
11/20 18:52:14.205: [amf] DEBUG:     Group[3] Cause[2] Action[2] Duration[0] (../src/amf/ngap-path.c:330)
11/20 18:52:14.205: [amf] DEBUG: UEContextReleaseCommand (../src/amf/ngap-build.c:1084)
11/20 18:52:14.205: [amf] DEBUG:     IP[127.0.0.1] RAN_ID[16384] (../src/amf/ngap-path.c:71)
11/20 18:52:14.205: [amf] DEBUG: amf_state_operational(): AMF_EVENT_NGAP_MESSAGE (../src/amf/amf-sm.c:78)
11/20 18:52:14.205: [amf] DEBUG: ngap_state_operational(): AMF_EVENT_NGAP_MESSAGE (../src/amf/ngap-sm.c:53)
11/20 18:52:14.205: [amf] DEBUG: UEContextReleaseComplete (../src/amf/ngap-handler.c:1348)
11/20 18:52:14.205: [amf] DEBUG:     IP[127.0.0.1] RAN_ID[16384] (../src/amf/ngap-handler.c:1365)
11/20 18:52:14.205: [amf] INFO: UE Context Release [Action:2] (../src/amf/ngap-handler.c:1412)
11/20 18:52:14.205: [amf] INFO:     RAN_UE_NGAP_ID[1] AMF_UE_NGAP_ID[1] (../src/amf/ngap-handler.c:1414)
11/20 18:52:14.205: [amf] INFO:     SUCI[suci-0-999-70-0-0-0-0000000010] (../src/amf/ngap-handler.c:1416)
11/20 18:52:14.205: [amf] DEBUG:     Action: NG normal release (../src/amf/ngap-handler.c:1435)
11/20 18:52:14.205: [amf] INFO: [Removed] Number of gNB-UEs is now 0 (../src/amf/context.c:2246)
11/20 18:52:17.095: [pfcp] DEBUG: [1] REMOTE Holding Timeout for step 2 type 6 peer [127.0.0.4]:8805 (../lib/pfcp/xact.c:647)
11/20 18:52:17.095: [pfcp] DEBUG: [1] REMOTE Delete Transaction for step 2 type 6 peer [127.0.0.4]:8805 (../lib/pfcp/xact.c:660)
11/20 18:52:17.095: [pfcp] DEBUG: [1] REMOTE Delete  peer [127.0.0.4]:8805 (../lib/pfcp/xact.c:813)
11/20 18:52:19.388: [pfcp] DEBUG: [1] REMOTE Holding Timeout for step 2 type 6 peer [127.0.0.7]:8805 (../lib/pfcp/xact.c:647)
11/20 18:52:19.388: [pfcp] DEBUG: [1] REMOTE Delete Transaction for step 2 type 6 peer [127.0.0.7]:8805 (../lib/pfcp/xact.c:660)
11/20 18:52:19.388: [pfcp] DEBUG: [1] REMOTE Delete  peer [127.0.0.7]:8805 (../lib/pfcp/xact.c:813)
11/20 18:52:19.391: [ausf] DEBUG: ausf_state_operational(): OGS_EVENT_NAME_SBI_TIMER (../src/ausf/ausf-sm.c:52)
11/20 18:52:19.391: [sbi] DEBUG: ogs_sbi_nf_state_registered(): OGS_EVENT_NAME_SBI_TIMER (../lib/sbi/nf-sm.c:204)
11/20 18:52:19.391: [sbi] DEBUG: [PATCH] http://[::1]:7777/nnrf-nfm/v1/nf-instances/7de115d2-6947-41ed-a85d-7bd62ae74332 (../lib/sbi/client.c:625)
11/20 18:52:19.391: [sbi] DEBUG: SENDING...[72] (../lib/sbi/client.c:401)
11/20 18:52:19.391: [sbi] DEBUG: [{
		"op":	"replace",
		"path":	"/nfStatus",
		"value":	"REGISTERED"
	}] (../lib/sbi/client.c:403)
11/20 18:52:19.391: [sbi] DEBUG: STREAM added [5] (../lib/sbi/nghttp2-server.c:1122)
11/20 18:52:19.391: [sbi] DEBUG: [PATCH] /nnrf-nfm/v1/nf-instances/7de115d2-6947-41ed-a85d-7bd62ae74332 (../lib/sbi/nghttp2-server.c:801)
11/20 18:52:19.391: [sbi] DEBUG: RECEIVED: 72 (../lib/sbi/nghttp2-server.c:805)
11/20 18:52:19.391: [sbi] DEBUG: [{
		"op":	"replace",
		"path":	"/nfStatus",
		"value":	"REGISTERED"
	}] (../lib/sbi/nghttp2-server.c:806)
11/20 18:52:19.391: [nrf] DEBUG: nrf_state_operational(): OGS_EVENT_NAME_SBI_SERVER (../src/nrf/nrf-sm.c:50)
11/20 18:52:19.391: [nrf] DEBUG: nrf_nf_state_registered(): OGS_EVENT_NAME_SBI_SERVER (../src/nrf/nf-sm.c:183)
11/20 18:52:19.391: [sbi] DEBUG: STATUS [204] (../lib/sbi/nghttp2-server.c:357)
11/20 18:52:19.391: [sbi] DEBUG: STREAM closed [5] (../lib/sbi/nghttp2-server.c:852)
0000: 00001a01 05000000 0589c061 96d07abe   ...........a..z.
0010: 941054d2 7eea0802 128015c6 c5702fa9   ..T.~........p/.
0020: 8b46ff                                .F.
11/20 18:52:19.392: [sbi] DEBUG: [204:PATCH] http://[::1]:7777/nnrf-nfm/v1/nf-instances/7de115d2-6947-41ed-a85d-7bd62ae74332 (../lib/sbi/client.c:573)
11/20 18:52:19.392: [sbi] DEBUG: RECEIVED[0] (../lib/sbi/client.c:584)
11/20 18:52:19.392: [ausf] DEBUG: ausf_state_operational(): OGS_EVENT_NAME_SBI_CLIENT (../src/ausf/ausf-sm.c:52)
11/20 18:52:19.392: [sbi] DEBUG: ogs_sbi_nf_state_registered(): OGS_EVENT_NAME_SBI_CLIENT (../lib/sbi/nf-sm.c:204)
11/20 18:52:19.448: [udm] DEBUG: udm_state_operational(): OGS_EVENT_NAME_SBI_TIMER (../src/udm/udm-sm.c:53)
11/20 18:52:19.448: [sbi] DEBUG: ogs_sbi_nf_state_registered(): OGS_EVENT_NAME_SBI_TIMER (../lib/sbi/nf-sm.c:204)
11/20 18:52:19.448: [sbi] DEBUG: [PATCH] http://[::1]:7777/nnrf-nfm/v1/nf-instances/7de92560-6947-41ed-aeda-453c1cb18a59 (../lib/sbi/client.c:625)
11/20 18:52:19.448: [sbi] DEBUG: SENDING...[72] (../lib/sbi/client.c:401)
11/20 18:52:19.448: [sbi] DEBUG: [{
		"op":	"replace",
		"path":	"/nfStatus",
		"value":	"REGISTERED"
	}] (../lib/sbi/client.c:403)
11/20 18:52:19.448: [sbi] DEBUG: STREAM added [5] (../lib/sbi/nghttp2-server.c:1122)
11/20 18:52:19.448: [sbi] DEBUG: [PATCH] /nnrf-nfm/v1/nf-instances/7de92560-6947-41ed-aeda-453c1cb18a59 (../lib/sbi/nghttp2-server.c:801)
11/20 18:52:19.448: [sbi] DEBUG: RECEIVED: 72 (../lib/sbi/nghttp2-server.c:805)
11/20 18:52:19.448: [sbi] DEBUG: [{
		"op":	"replace",
		"path":	"/nfStatus",
		"value":	"REGISTERED"
	}] (../lib/sbi/nghttp2-server.c:806)
11/20 18:52:19.449: [nrf] DEBUG: nrf_state_operational(): OGS_EVENT_NAME_SBI_SERVER (../src/nrf/nrf-sm.c:50)
11/20 18:52:19.449: [nrf] DEBUG: nrf_nf_state_registered(): OGS_EVENT_NAME_SBI_SERVER (../src/nrf/nf-sm.c:183)
11/20 18:52:19.449: [sbi] DEBUG: STATUS [204] (../lib/sbi/nghttp2-server.c:357)
11/20 18:52:19.449: [sbi] DEBUG: STREAM closed [5] (../lib/sbi/nghttp2-server.c:852)
0000: 00001a01 05000000 0589c061 96d07abe   ...........a..z.
0010: 941054d2 7eea0802 128015c6 c5702fa9   ..T.~........p/.
0020: 8b46ff                                .F.
11/20 18:52:19.449: [sbi] DEBUG: [204:PATCH] http://[::1]:7777/nnrf-nfm/v1/nf-instances/7de92560-6947-41ed-aeda-453c1cb18a59 (../lib/sbi/client.c:573)
11/20 18:52:19.449: [sbi] DEBUG: RECEIVED[0] (../lib/sbi/client.c:584)
11/20 18:52:19.449: [udm] DEBUG: udm_state_operational(): OGS_EVENT_NAME_SBI_CLIENT (../src/udm/udm-sm.c:53)
11/20 18:52:19.449: [sbi] DEBUG: ogs_sbi_nf_state_registered(): OGS_EVENT_NAME_SBI_CLIENT (../lib/sbi/nf-sm.c:204)
11/20 18:52:19.520: [pcf] DEBUG: pcf_state_operational(): OGS_EVENT_NAME_SBI_TIMER (../src/pcf/pcf-sm.c:58)
11/20 18:52:19.520: [sbi] DEBUG: ogs_sbi_nf_state_registered(): OGS_EVENT_NAME_SBI_TIMER (../lib/sbi/nf-sm.c:204)
11/20 18:52:19.520: [sbi] DEBUG: [PATCH] http://[::1]:7777/nnrf-nfm/v1/nf-instances/7df42a78-6947-41ed-a590-cdd967883434 (../lib/sbi/client.c:625)
11/20 18:52:19.520: [sbi] DEBUG: SENDING...[72] (../lib/sbi/client.c:401)
11/20 18:52:19.520: [sbi] DEBUG: [{
		"op":	"replace",
		"path":	"/nfStatus",
		"value":	"REGISTERED"
	}] (../lib/sbi/client.c:403)
11/20 18:52:19.520: [sbi] DEBUG: STREAM added [5] (../lib/sbi/nghttp2-server.c:1122)
11/20 18:52:19.520: [sbi] DEBUG: [PATCH] /nnrf-nfm/v1/nf-instances/7df42a78-6947-41ed-a590-cdd967883434 (../lib/sbi/nghttp2-server.c:801)
11/20 18:52:19.520: [sbi] DEBUG: RECEIVED: 72 (../lib/sbi/nghttp2-server.c:805)
11/20 18:52:19.520: [sbi] DEBUG: [{
		"op":	"replace",
		"path":	"/nfStatus",
		"value":	"REGISTERED"
	}] (../lib/sbi/nghttp2-server.c:806)
11/20 18:52:19.520: [nrf] DEBUG: nrf_state_operational(): OGS_EVENT_NAME_SBI_SERVER (../src/nrf/nrf-sm.c:50)
11/20 18:52:19.520: [nrf] DEBUG: nrf_nf_state_registered(): OGS_EVENT_NAME_SBI_SERVER (../src/nrf/nf-sm.c:183)
11/20 18:52:19.521: [sbi] DEBUG: STATUS [204] (../lib/sbi/nghttp2-server.c:357)
11/20 18:52:19.521: [sbi] DEBUG: STREAM closed [5] (../lib/sbi/nghttp2-server.c:852)
0000: 00001a01 05000000 0589c061 96d07abe   ...........a..z.
0010: 941054d2 7eea0802 128015c6 c5702fa9   ..T.~........p/.
0020: 8b46ff                                .F.
11/20 18:52:19.521: [sbi] DEBUG: [204:PATCH] http://[::1]:7777/nnrf-nfm/v1/nf-instances/7df42a78-6947-41ed-a590-cdd967883434 (../lib/sbi/client.c:573)
11/20 18:52:19.521: [sbi] DEBUG: RECEIVED[0] (../lib/sbi/client.c:584)
11/20 18:52:19.521: [pcf] DEBUG: pcf_state_operational(): OGS_EVENT_NAME_SBI_CLIENT (../src/pcf/pcf-sm.c:58)
11/20 18:52:19.521: [sbi] DEBUG: ogs_sbi_nf_state_registered(): OGS_EVENT_NAME_SBI_CLIENT (../lib/sbi/nf-sm.c:204)
11/20 18:52:19.545: [nssf] DEBUG: nssf_state_operational(): OGS_EVENT_NAME_SBI_TIMER (../src/nssf/nssf-sm.c:53)
11/20 18:52:19.545: [sbi] DEBUG: ogs_sbi_nf_state_registered(): OGS_EVENT_NAME_SBI_TIMER (../lib/sbi/nf-sm.c:204)
11/20 18:52:19.545: [sbi] DEBUG: [PATCH] http://[::1]:7777/nnrf-nfm/v1/nf-instances/7df88c08-6947-41ed-a6d2-3b1beb80ef79 (../lib/sbi/client.c:625)
11/20 18:52:19.545: [sbi] DEBUG: SENDING...[72] (../lib/sbi/client.c:401)
11/20 18:52:19.545: [sbi] DEBUG: [{
		"op":	"replace",
		"path":	"/nfStatus",
		"value":	"REGISTERED"
	}] (../lib/sbi/client.c:403)
11/20 18:52:19.546: [sbi] DEBUG: STREAM added [3] (../lib/sbi/nghttp2-server.c:1122)
11/20 18:52:19.546: [sbi] DEBUG: [PATCH] /nnrf-nfm/v1/nf-instances/7df88c08-6947-41ed-a6d2-3b1beb80ef79 (../lib/sbi/nghttp2-server.c:801)
11/20 18:52:19.546: [sbi] DEBUG: RECEIVED: 72 (../lib/sbi/nghttp2-server.c:805)
11/20 18:52:19.546: [sbi] DEBUG: [{
		"op":	"replace",
		"path":	"/nfStatus",
		"value":	"REGISTERED"
	}] (../lib/sbi/nghttp2-server.c:806)
11/20 18:52:19.546: [nrf] DEBUG: nrf_state_operational(): OGS_EVENT_NAME_SBI_SERVER (../src/nrf/nrf-sm.c:50)
11/20 18:52:19.546: [nrf] DEBUG: nrf_nf_state_registered(): OGS_EVENT_NAME_SBI_SERVER (../src/nrf/nf-sm.c:183)
11/20 18:52:19.546: [sbi] DEBUG: STATUS [204] (../lib/sbi/nghttp2-server.c:357)
11/20 18:52:19.546: [sbi] DEBUG: STREAM closed [3] (../lib/sbi/nghttp2-server.c:852)
0000: 00001a01 05000000 0389c061 96d07abe   ...........a..z.
0010: 941054d2 7eea0802 128015c6 c5702fa9   ..T.~........p/.
0020: 8b46ff                                .F.
11/20 18:52:19.546: [sbi] DEBUG: [204:PATCH] http://[::1]:7777/nnrf-nfm/v1/nf-instances/7df88c08-6947-41ed-a6d2-3b1beb80ef79 (../lib/sbi/client.c:573)
11/20 18:52:19.546: [sbi] DEBUG: RECEIVED[0] (../lib/sbi/client.c:584)
11/20 18:52:19.546: [nssf] DEBUG: nssf_state_operational(): OGS_EVENT_NAME_SBI_CLIENT (../src/nssf/nssf-sm.c:53)
11/20 18:52:19.546: [sbi] DEBUG: ogs_sbi_nf_state_registered(): OGS_EVENT_NAME_SBI_CLIENT (../lib/sbi/nf-sm.c:204)
11/20 18:52:19.594: [smf] DEBUG: smf_state_operational(): OGS_EVENT_NAME_SBI_TIMER (../src/smf/smf-sm.c:83)
11/20 18:52:19.594: [sbi] DEBUG: ogs_sbi_nf_state_registered(): OGS_EVENT_NAME_SBI_TIMER (../lib/sbi/nf-sm.c:204)
11/20 18:52:19.594: [sbi] DEBUG: [PATCH] http://[::1]:7777/nnrf-nfm/v1/nf-instances/7dede140-6947-41ed-b984-b79611f9b6e4 (../lib/sbi/client.c:625)
11/20 18:52:19.594: [sbi] DEBUG: SENDING...[72] (../lib/sbi/client.c:401)
11/20 18:52:19.594: [sbi] DEBUG: [{
		"op":	"replace",
		"path":	"/nfStatus",
		"value":	"REGISTERED"
	}] (../lib/sbi/client.c:403)
11/20 18:52:19.594: [sbi] DEBUG: STREAM added [9] (../lib/sbi/nghttp2-server.c:1122)
11/20 18:52:19.594: [sbi] DEBUG: [PATCH] /nnrf-nfm/v1/nf-instances/7dede140-6947-41ed-b984-b79611f9b6e4 (../lib/sbi/nghttp2-server.c:801)
11/20 18:52:19.594: [sbi] DEBUG: RECEIVED: 72 (../lib/sbi/nghttp2-server.c:805)
11/20 18:52:19.594: [sbi] DEBUG: [{
		"op":	"replace",
		"path":	"/nfStatus",
		"value":	"REGISTERED"
	}] (../lib/sbi/nghttp2-server.c:806)
11/20 18:52:19.594: [nrf] DEBUG: nrf_state_operational(): OGS_EVENT_NAME_SBI_SERVER (../src/nrf/nrf-sm.c:50)
11/20 18:52:19.594: [nrf] DEBUG: nrf_nf_state_registered(): OGS_EVENT_NAME_SBI_SERVER (../src/nrf/nf-sm.c:183)
11/20 18:52:19.594: [sbi] DEBUG: STATUS [204] (../lib/sbi/nghttp2-server.c:357)
11/20 18:52:19.595: [sbi] DEBUG: STREAM closed [9] (../lib/sbi/nghttp2-server.c:852)
0000: 00001a01 05000000 0989c261 96d07abe   ...........a..z.
0010: 941054d2 7eea0802 128015c6 c5702fa9   ..T.~........p/.
0020: 8b46ff                                .F.
11/20 18:52:19.595: [sbi] DEBUG: [204:PATCH] http://[::1]:7777/nnrf-nfm/v1/nf-instances/7dede140-6947-41ed-b984-b79611f9b6e4 (../lib/sbi/client.c:573)
11/20 18:52:19.595: [sbi] DEBUG: RECEIVED[0] (../lib/sbi/client.c:584)
11/20 18:52:19.595: [smf] DEBUG: smf_state_operational(): OGS_EVENT_NAME_SBI_CLIENT (../src/smf/smf-sm.c:83)
11/20 18:52:19.595: [sbi] DEBUG: ogs_sbi_nf_state_registered(): OGS_EVENT_NAME_SBI_CLIENT (../lib/sbi/nf-sm.c:204)
11/20 18:52:19.615: [bsf] DEBUG: bsf_state_operational(): OGS_EVENT_NAME_SBI_TIMER (../src/bsf/bsf-sm.c:55)
11/20 18:52:19.615: [sbi] DEBUG: ogs_sbi_nf_state_registered(): OGS_EVENT_NAME_SBI_TIMER (../lib/sbi/nf-sm.c:204)
11/20 18:52:19.615: [sbi] DEBUG: [PATCH] http://[::1]:7777/nnrf-nfm/v1/nf-instances/7e02d348-6947-41ed-be4c-317cb1907fa6 (../lib/sbi/client.c:625)
11/20 18:52:19.615: [sbi] DEBUG: SENDING...[72] (../lib/sbi/client.c:401)
11/20 18:52:19.615: [sbi] DEBUG: [{
		"op":	"replace",
		"path":	"/nfStatus",
		"value":	"REGISTERED"
	}] (../lib/sbi/client.c:403)
11/20 18:52:19.615: [sbi] DEBUG: STREAM added [3] (../lib/sbi/nghttp2-server.c:1122)
11/20 18:52:19.615: [sbi] DEBUG: [PATCH] /nnrf-nfm/v1/nf-instances/7e02d348-6947-41ed-be4c-317cb1907fa6 (../lib/sbi/nghttp2-server.c:801)
11/20 18:52:19.615: [sbi] DEBUG: RECEIVED: 72 (../lib/sbi/nghttp2-server.c:805)
11/20 18:52:19.615: [sbi] DEBUG: [{
		"op":	"replace",
		"path":	"/nfStatus",
		"value":	"REGISTERED"
	}] (../lib/sbi/nghttp2-server.c:806)
11/20 18:52:19.615: [nrf] DEBUG: nrf_state_operational(): OGS_EVENT_NAME_SBI_SERVER (../src/nrf/nrf-sm.c:50)
11/20 18:52:19.615: [nrf] DEBUG: nrf_nf_state_registered(): OGS_EVENT_NAME_SBI_SERVER (../src/nrf/nf-sm.c:183)
11/20 18:52:19.615: [sbi] DEBUG: STATUS [204] (../lib/sbi/nghttp2-server.c:357)
11/20 18:52:19.615: [sbi] DEBUG: STREAM closed [3] (../lib/sbi/nghttp2-server.c:852)
0000: 00001a01 05000000 0389c061 96d07abe   ...........a..z.
0010: 941054d2 7eea0802 128015c6 c5702fa9   ..T.~........p/.
0020: 8b46ff                                .F.
11/20 18:52:19.616: [sbi] DEBUG: [204:PATCH] http://[::1]:7777/nnrf-nfm/v1/nf-instances/7e02d348-6947-41ed-be4c-317cb1907fa6 (../lib/sbi/client.c:573)
11/20 18:52:19.616: [sbi] DEBUG: RECEIVED[0] (../lib/sbi/client.c:584)
11/20 18:52:19.616: [bsf] DEBUG: bsf_state_operational(): OGS_EVENT_NAME_SBI_CLIENT (../src/bsf/bsf-sm.c:55)
11/20 18:52:19.616: [sbi] DEBUG: ogs_sbi_nf_state_registered(): OGS_EVENT_NAME_SBI_CLIENT (../lib/sbi/nf-sm.c:204)
11/20 18:52:19.666: [udr] DEBUG: udr_state_operational(): OGS_EVENT_NAME_SBI_TIMER (../src/udr/udr-sm.c:51)
11/20 18:52:19.666: [sbi] DEBUG: ogs_sbi_nf_state_registered(): OGS_EVENT_NAME_SBI_TIMER (../lib/sbi/nf-sm.c:204)
11/20 18:52:19.666: [sbi] DEBUG: [PATCH] http://[::1]:7777/nnrf-nfm/v1/nf-instances/7e0a2cc4-6947-41ed-b66f-63e3ed58556d (../lib/sbi/client.c:625)
11/20 18:52:19.666: [sbi] DEBUG: SENDING...[72] (../lib/sbi/client.c:401)
11/20 18:52:19.666: [sbi] DEBUG: [{
		"op":	"replace",
		"path":	"/nfStatus",
		"value":	"REGISTERED"
	}] (../lib/sbi/client.c:403)
11/20 18:52:19.667: [sbi] DEBUG: STREAM added [3] (../lib/sbi/nghttp2-server.c:1122)
11/20 18:52:19.667: [sbi] DEBUG: [PATCH] /nnrf-nfm/v1/nf-instances/7e0a2cc4-6947-41ed-b66f-63e3ed58556d (../lib/sbi/nghttp2-server.c:801)
11/20 18:52:19.667: [sbi] DEBUG: RECEIVED: 72 (../lib/sbi/nghttp2-server.c:805)
11/20 18:52:19.667: [sbi] DEBUG: [{
		"op":	"replace",
		"path":	"/nfStatus",
		"value":	"REGISTERED"
	}] (../lib/sbi/nghttp2-server.c:806)
11/20 18:52:19.667: [nrf] DEBUG: nrf_state_operational(): OGS_EVENT_NAME_SBI_SERVER (../src/nrf/nrf-sm.c:50)
11/20 18:52:19.667: [nrf] DEBUG: nrf_nf_state_registered(): OGS_EVENT_NAME_SBI_SERVER (../src/nrf/nf-sm.c:183)
11/20 18:52:19.667: [sbi] DEBUG: STATUS [204] (../lib/sbi/nghttp2-server.c:357)
11/20 18:52:19.667: [sbi] DEBUG: STREAM closed [3] (../lib/sbi/nghttp2-server.c:852)
0000: 00001a01 05000000 0389c061 96d07abe   ...........a..z.
0010: 941054d2 7eea0802 128015c6 c5702fa9   ..T.~........p/.
0020: 8b46ff                                .F.
11/20 18:52:19.667: [sbi] DEBUG: [204:PATCH] http://[::1]:7777/nnrf-nfm/v1/nf-instances/7e0a2cc4-6947-41ed-b66f-63e3ed58556d (../lib/sbi/client.c:573)
11/20 18:52:19.667: [sbi] DEBUG: RECEIVED[0] (../lib/sbi/client.c:584)
11/20 18:52:19.667: [udr] DEBUG: udr_state_operational(): OGS_EVENT_NAME_SBI_CLIENT (../src/udr/udr-sm.c:51)
11/20 18:52:19.667: [sbi] DEBUG: ogs_sbi_nf_state_registered(): OGS_EVENT_NAME_SBI_CLIENT (../lib/sbi/nf-sm.c:204)
11/20 18:52:20.594: [smf] DEBUG: smf_state_operational(): SMF_EVT_N4_TIMER (../src/smf/smf-sm.c:83)
11/20 18:52:20.594: [smf] DEBUG: smf_pfcp_state_associated(): SMF_EVT_N4_TIMER (../src/smf/pfcp-sm.c:165)
11/20 18:52:20.594: [pfcp] DEBUG: [5] LOCAL  Create  peer [127.0.0.7]:8805 (../lib/pfcp/xact.c:116)
11/20 18:52:20.594: [pfcp] DEBUG: Heartbeat Request (../lib/pfcp/build.c:27)
11/20 18:52:20.594: [pfcp] DEBUG: [5] LOCAL  UPD TX-1  peer [127.0.0.7]:8805 (../lib/pfcp/xact.c:197)
11/20 18:52:20.594: [pfcp] DEBUG: [5] LOCAL  Commit  peer [127.0.0.7]:8805 (../lib/pfcp/xact.c:475)
11/20 18:52:20.594: [upf] DEBUG: upf_state_operational(): UPF_EVT_N4_MESSAGE (../src/upf/upf-sm.c:51)
11/20 18:52:20.594: [pfcp] DEBUG: [5] Cannot find xact type 1 from PFCP peer [127.0.0.4]:8805 (../lib/pfcp/xact.c:797)
11/20 18:52:20.594: [pfcp] DEBUG: [5] REMOTE Create  peer [127.0.0.4]:8805 (../lib/pfcp/xact.c:159)
11/20 18:52:20.594: [pfcp] DEBUG: [5] REMOTE Receive peer [127.0.0.4]:8805 (../lib/pfcp/xact.c:704)
11/20 18:52:20.594: [pfcp] DEBUG: [5] REMOTE UPD RX-1  peer [127.0.0.4]:8805 (../lib/pfcp/xact.c:298)
11/20 18:52:20.594: [upf] DEBUG: upf_pfcp_state_associated(): UPF_EVT_N4_MESSAGE (../src/upf/pfcp-sm.c:164)
11/20 18:52:20.594: [pfcp] DEBUG: Heartbeat Response (../lib/pfcp/build.c:44)
11/20 18:52:20.595: [pfcp] DEBUG: [5] REMOTE UPD TX-2  peer [127.0.0.4]:8805 (../lib/pfcp/xact.c:197)
11/20 18:52:20.595: [pfcp] DEBUG: [5] REMOTE Commit  peer [127.0.0.4]:8805 (../lib/pfcp/xact.c:475)
11/20 18:52:20.595: [upf] DEBUG: upf_state_operational(): UPF_EVT_N4_TIMER (../src/upf/upf-sm.c:51)
11/20 18:52:20.595: [smf] DEBUG: smf_state_operational(): SMF_EVT_N4_MESSAGE (../src/smf/smf-sm.c:83)
11/20 18:52:20.595: [upf] DEBUG: upf_pfcp_state_associated(): UPF_EVT_N4_TIMER (../src/upf/pfcp-sm.c:164)
11/20 18:52:20.595: [pfcp] DEBUG: [5] LOCAL  Find    peer [127.0.0.7]:8805 (../lib/pfcp/xact.c:790)
11/20 18:52:20.595: [pfcp] DEBUG: [2] LOCAL  Create  peer [127.0.0.4]:8805 (../lib/pfcp/xact.c:116)
11/20 18:52:20.595: [pfcp] DEBUG: [5] LOCAL  Receive peer [127.0.0.7]:8805 (../lib/pfcp/xact.c:704)
11/20 18:52:20.595: [pfcp] DEBUG: [5] LOCAL  UPD RX-2  peer [127.0.0.7]:8805 (../lib/pfcp/xact.c:298)
11/20 18:52:20.595: [smf] DEBUG: smf_pfcp_state_associated(): SMF_EVT_N4_MESSAGE (../src/smf/pfcp-sm.c:165)
11/20 18:52:20.595: [pfcp] DEBUG: [5] LOCAL  Commit  peer [127.0.0.7]:8805 (../lib/pfcp/xact.c:475)
11/20 18:52:20.595: [pfcp] DEBUG: Heartbeat Request (../lib/pfcp/build.c:27)
11/20 18:52:20.595: [pfcp] DEBUG: [5] LOCAL  Delete  peer [127.0.0.7]:8805 (../lib/pfcp/xact.c:813)
11/20 18:52:20.595: [pfcp] DEBUG: [2] LOCAL  UPD TX-1  peer [127.0.0.4]:8805 (../lib/pfcp/xact.c:197)
11/20 18:52:20.595: [pfcp] DEBUG: [2] LOCAL  Commit  peer [127.0.0.4]:8805 (../lib/pfcp/xact.c:475)
11/20 18:52:20.595: [smf] DEBUG: smf_state_operational(): SMF_EVT_N4_MESSAGE (../src/smf/smf-sm.c:83)
11/20 18:52:20.595: [pfcp] DEBUG: [2] Cannot find xact type 1 from PFCP peer [127.0.0.7]:8805 (../lib/pfcp/xact.c:797)
11/20 18:52:20.595: [pfcp] DEBUG: [2] REMOTE Create  peer [127.0.0.7]:8805 (../lib/pfcp/xact.c:159)
11/20 18:52:20.595: [pfcp] DEBUG: [2] REMOTE Receive peer [127.0.0.7]:8805 (../lib/pfcp/xact.c:704)
11/20 18:52:20.595: [pfcp] DEBUG: [2] REMOTE UPD RX-1  peer [127.0.0.7]:8805 (../lib/pfcp/xact.c:298)
11/20 18:52:20.595: [smf] DEBUG: smf_pfcp_state_associated(): SMF_EVT_N4_MESSAGE (../src/smf/pfcp-sm.c:165)
11/20 18:52:20.595: [pfcp] DEBUG: Heartbeat Response (../lib/pfcp/build.c:44)
11/20 18:52:20.595: [pfcp] DEBUG: [2] REMOTE UPD TX-2  peer [127.0.0.7]:8805 (../lib/pfcp/xact.c:197)
11/20 18:52:20.595: [pfcp] DEBUG: [2] REMOTE Commit  peer [127.0.0.7]:8805 (../lib/pfcp/xact.c:475)
11/20 18:52:20.595: [upf] DEBUG: upf_state_operational(): UPF_EVT_N4_MESSAGE (../src/upf/upf-sm.c:51)
11/20 18:52:20.595: [pfcp] DEBUG: [2] LOCAL  Find    peer [127.0.0.4]:8805 (../lib/pfcp/xact.c:790)
11/20 18:52:20.595: [pfcp] DEBUG: [2] LOCAL  Receive peer [127.0.0.4]:8805 (../lib/pfcp/xact.c:704)
11/20 18:52:20.595: [pfcp] DEBUG: [2] LOCAL  UPD RX-2  peer [127.0.0.4]:8805 (../lib/pfcp/xact.c:298)
11/20 18:52:20.595: [upf] DEBUG: upf_pfcp_state_associated(): UPF_EVT_N4_MESSAGE (../src/upf/pfcp-sm.c:164)
11/20 18:52:20.595: [pfcp] DEBUG: [2] LOCAL  Commit  peer [127.0.0.4]:8805 (../lib/pfcp/xact.c:475)
11/20 18:52:20.595: [pfcp] DEBUG: [2] LOCAL  Delete  peer [127.0.0.4]:8805 (../lib/pfcp/xact.c:813)
11/20 18:52:21.487: [amf] DEBUG: amf_state_operational(): OGS_EVENT_NAME_SBI_TIMER (../src/amf/amf-sm.c:78)
11/20 18:52:21.487: [sbi] DEBUG: ogs_sbi_nf_state_registered(): OGS_EVENT_NAME_SBI_TIMER (../lib/sbi/nf-sm.c:204)
11/20 18:52:21.487: [sbi] DEBUG: [PATCH] http://[::1]:7777/nnrf-nfm/v1/nf-instances/7ddada50-6947-41ed-ab85-e385b1ff7a33 (../lib/sbi/client.c:625)
11/20 18:52:21.487: [sbi] DEBUG: SENDING...[72] (../lib/sbi/client.c:401)
11/20 18:52:21.487: [sbi] DEBUG: [{
		"op":	"replace",
		"path":	"/nfStatus",
		"value":	"REGISTERED"
	}] (../lib/sbi/client.c:403)
11/20 18:52:21.487: [sbi] DEBUG: STREAM added [15] (../lib/sbi/nghttp2-server.c:1122)
11/20 18:52:21.487: [sbi] DEBUG: [PATCH] /nnrf-nfm/v1/nf-instances/7ddada50-6947-41ed-ab85-e385b1ff7a33 (../lib/sbi/nghttp2-server.c:801)
11/20 18:52:21.487: [sbi] DEBUG: RECEIVED: 72 (../lib/sbi/nghttp2-server.c:805)
11/20 18:52:21.487: [sbi] DEBUG: [{
		"op":	"replace",
		"path":	"/nfStatus",
		"value":	"REGISTERED"
	}] (../lib/sbi/nghttp2-server.c:806)
11/20 18:52:21.487: [nrf] DEBUG: nrf_state_operational(): OGS_EVENT_NAME_SBI_SERVER (../src/nrf/nrf-sm.c:50)
11/20 18:52:21.487: [nrf] DEBUG: nrf_nf_state_registered(): OGS_EVENT_NAME_SBI_SERVER (../src/nrf/nf-sm.c:183)
11/20 18:52:21.487: [sbi] DEBUG: STATUS [204] (../lib/sbi/nghttp2-server.c:357)
11/20 18:52:21.487: [sbi] DEBUG: STREAM closed [15] (../lib/sbi/nghttp2-server.c:852)
0000: 00001a01 05000000 0f89c261 96d07abe   ...........a..z.
0010: 941054d2 7eea0802 128015c6 c5704153   ..T.~........pAS
0020: 168dff                                ...
11/20 18:52:21.487: [sbi] DEBUG: [204:PATCH] http://[::1]:7777/nnrf-nfm/v1/nf-instances/7ddada50-6947-41ed-ab85-e385b1ff7a33 (../lib/sbi/client.c:573)
11/20 18:52:21.487: [sbi] DEBUG: RECEIVED[0] (../lib/sbi/client.c:584)
11/20 18:52:21.487: [amf] DEBUG: amf_state_operational(): OGS_EVENT_NAME_SBI_CLIENT (../src/amf/amf-sm.c:78)
11/20 18:52:21.487: [sbi] DEBUG: ogs_sbi_nf_state_registered(): OGS_EVENT_NAME_SBI_CLIENT (../lib/sbi/nf-sm.c:204)
11/20 18:52:21.699: [pfcp] DEBUG: [2] REMOTE Holding Timeout for step 2 type 51 peer [127.0.0.4]:8805 (../lib/pfcp/xact.c:647)
11/20 18:52:21.699: [pfcp] DEBUG: [2] REMOTE Delete Transaction for step 2 type 51 peer [127.0.0.4]:8805 (../lib/pfcp/xact.c:660)
11/20 18:52:21.699: [pfcp] DEBUG: [2] REMOTE Delete  peer [127.0.0.4]:8805 (../lib/pfcp/xact.c:813)
11/20 18:52:21.701: [pfcp] DEBUG: [3] REMOTE Holding Timeout for step 2 type 53 peer [127.0.0.4]:8805 (../lib/pfcp/xact.c:647)
11/20 18:52:21.701: [pfcp] DEBUG: [3] REMOTE Delete Transaction for step 2 type 53 peer [127.0.0.4]:8805 (../lib/pfcp/xact.c:660)
11/20 18:52:21.701: [pfcp] DEBUG: [3] REMOTE Delete  peer [127.0.0.4]:8805 (../lib/pfcp/xact.c:813)
11/20 18:52:21.702: [pfcp] DEBUG: [4] REMOTE Holding Timeout for step 2 type 55 peer [127.0.0.4]:8805 (../lib/pfcp/xact.c:647)
11/20 18:52:21.702: [pfcp] DEBUG: [4] REMOTE Delete Transaction for step 2 type 55 peer [127.0.0.4]:8805 (../lib/pfcp/xact.c:660)
11/20 18:52:21.702: [pfcp] DEBUG: [4] REMOTE Delete  peer [127.0.0.4]:8805 (../lib/pfcp/xact.c:813)
11/20 18:52:28.102: [pfcp] DEBUG: [5] REMOTE Holding Timeout for step 2 type 2 peer [127.0.0.4]:8805 (../lib/pfcp/xact.c:647)
11/20 18:52:28.102: [pfcp] DEBUG: [5] REMOTE Delete Transaction for step 2 type 2 peer [127.0.0.4]:8805 (../lib/pfcp/xact.c:660)
11/20 18:52:28.102: [pfcp] DEBUG: [5] REMOTE Delete  peer [127.0.0.4]:8805 (../lib/pfcp/xact.c:813)
11/20 18:52:28.103: [pfcp] DEBUG: [2] REMOTE Holding Timeout for step 2 type 2 peer [127.0.0.7]:8805 (../lib/pfcp/xact.c:647)
11/20 18:52:28.103: [pfcp] DEBUG: [2] REMOTE Delete Transaction for step 2 type 2 peer [127.0.0.7]:8805 (../lib/pfcp/xact.c:660)
11/20 18:52:28.103: [pfcp] DEBUG: [2] REMOTE Delete  peer [127.0.0.7]:8805 (../lib/pfcp/xact.c:813)
11/20 18:52:29.395: [ausf] DEBUG: ausf_state_operational(): OGS_EVENT_NAME_SBI_TIMER (../src/ausf/ausf-sm.c:52)
11/20 18:52:29.395: [sbi] DEBUG: ogs_sbi_nf_state_registered(): OGS_EVENT_NAME_SBI_TIMER (../lib/sbi/nf-sm.c:204)
11/20 18:52:29.395: [sbi] DEBUG: [PATCH] http://[::1]:7777/nnrf-nfm/v1/nf-instances/7de115d2-6947-41ed-a85d-7bd62ae74332 (../lib/sbi/client.c:625)
11/20 18:52:29.395: [sbi] DEBUG: SENDING...[72] (../lib/sbi/client.c:401)
11/20 18:52:29.395: [sbi] DEBUG: [{
		"op":	"replace",
		"path":	"/nfStatus",
		"value":	"REGISTERED"
	}] (../lib/sbi/client.c:403)
11/20 18:52:29.395: [sbi] DEBUG: STREAM added [7] (../lib/sbi/nghttp2-server.c:1122)
11/20 18:52:29.395: [sbi] DEBUG: [PATCH] /nnrf-nfm/v1/nf-instances/7de115d2-6947-41ed-a85d-7bd62ae74332 (../lib/sbi/nghttp2-server.c:801)
11/20 18:52:29.395: [sbi] DEBUG: RECEIVED: 72 (../lib/sbi/nghttp2-server.c:805)
11/20 18:52:29.395: [sbi] DEBUG: [{
		"op":	"replace",
		"path":	"/nfStatus",
		"value":	"REGISTERED"
	}] (../lib/sbi/nghttp2-server.c:806)
11/20 18:52:29.395: [nrf] DEBUG: nrf_state_operational(): OGS_EVENT_NAME_SBI_SERVER (../src/nrf/nrf-sm.c:50)
11/20 18:52:29.395: [nrf] DEBUG: nrf_nf_state_registered(): OGS_EVENT_NAME_SBI_SERVER (../src/nrf/nf-sm.c:183)
11/20 18:52:29.395: [sbi] DEBUG: STATUS [204] (../lib/sbi/nghttp2-server.c:357)
11/20 18:52:29.395: [sbi] DEBUG: STREAM closed [7] (../lib/sbi/nghttp2-server.c:852)
11/20 18:52:29.396: [sbi] DEBUG: [204:PATCH] http://[::1]:7777/nnrf-nfm/v1/nf-instances/7de115d2-6947-41ed-a85d-7bd62ae74332 (../lib/sbi/client.c:573)
11/20 18:52:29.396: [sbi] DEBUG: RECEIVED[0] (../lib/sbi/client.c:584)
0000: 00001a01 05000000 0789c161 96d07abe   ...........a..z.
0010: 941054d2 7eea0802 128015c6 c5704fa9   ..T.~........pO.
0020: 8b46ff                                .F.
11/20 18:52:29.396: [ausf] DEBUG: ausf_state_operational(): OGS_EVENT_NAME_SBI_CLIENT (../src/ausf/ausf-sm.c:52)
11/20 18:52:29.396: [sbi] DEBUG: ogs_sbi_nf_state_registered(): OGS_EVENT_NAME_SBI_CLIENT (../lib/sbi/nf-sm.c:204)
11/20 18:52:29.455: [udm] DEBUG: udm_state_operational(): OGS_EVENT_NAME_SBI_TIMER (../src/udm/udm-sm.c:53)
11/20 18:52:29.455: [sbi] DEBUG: ogs_sbi_nf_state_registered(): OGS_EVENT_NAME_SBI_TIMER (../lib/sbi/nf-sm.c:204)
11/20 18:52:29.455: [sbi] DEBUG: [PATCH] http://[::1]:7777/nnrf-nfm/v1/nf-instances/7de92560-6947-41ed-aeda-453c1cb18a59 (../lib/sbi/client.c:625)
11/20 18:52:29.455: [sbi] DEBUG: SENDING...[72] (../lib/sbi/client.c:401)
11/20 18:52:29.455: [sbi] DEBUG: [{
		"op":	"replace",
		"path":	"/nfStatus",
		"value":	"REGISTERED"
	}] (../lib/sbi/client.c:403)
11/20 18:52:29.455: [sbi] DEBUG: STREAM added [7] (../lib/sbi/nghttp2-server.c:1122)
11/20 18:52:29.455: [sbi] DEBUG: [PATCH] /nnrf-nfm/v1/nf-instances/7de92560-6947-41ed-aeda-453c1cb18a59 (../lib/sbi/nghttp2-server.c:801)
11/20 18:52:29.455: [sbi] DEBUG: RECEIVED: 72 (../lib/sbi/nghttp2-server.c:805)
11/20 18:52:29.455: [sbi] DEBUG: [{
		"op":	"replace",
		"path":	"/nfStatus",
		"value":	"REGISTERED"
	}] (../lib/sbi/nghttp2-server.c:806)
11/20 18:52:29.455: [nrf] DEBUG: nrf_state_operational(): OGS_EVENT_NAME_SBI_SERVER (../src/nrf/nrf-sm.c:50)
11/20 18:52:29.455: [nrf] DEBUG: nrf_nf_state_registered(): OGS_EVENT_NAME_SBI_SERVER (../src/nrf/nf-sm.c:183)
11/20 18:52:29.455: [sbi] DEBUG: STATUS [204] (../lib/sbi/nghttp2-server.c:357)
11/20 18:52:29.455: [sbi] DEBUG: STREAM closed [7] (../lib/sbi/nghttp2-server.c:852)
11/20 18:52:29.455: [sbi] DEBUG: [204:PATCH] http://[::1]:7777/nnrf-nfm/v1/nf-instances/7de92560-6947-41ed-aeda-453c1cb18a59 (../lib/sbi/client.c:573)
11/20 18:52:29.455: [sbi] DEBUG: RECEIVED[0] (../lib/sbi/client.c:584)
0000: 00001a01 05000000 0789c161 96d07abe   ...........a..z.
0010: 941054d2 7eea0802 128015c6 c5704fa9   ..T.~........pO.
0020: 8b46ff                                .F.
11/20 18:52:29.455: [udm] DEBUG: udm_state_operational(): OGS_EVENT_NAME_SBI_CLIENT (../src/udm/udm-sm.c:53)
11/20 18:52:29.455: [sbi] DEBUG: ogs_sbi_nf_state_registered(): OGS_EVENT_NAME_SBI_CLIENT (../lib/sbi/nf-sm.c:204)
11/20 18:52:29.531: [pcf] DEBUG: pcf_state_operational(): OGS_EVENT_NAME_SBI_TIMER (../src/pcf/pcf-sm.c:58)
11/20 18:52:29.531: [sbi] DEBUG: ogs_sbi_nf_state_registered(): OGS_EVENT_NAME_SBI_TIMER (../lib/sbi/nf-sm.c:204)
11/20 18:52:29.531: [sbi] DEBUG: [PATCH] http://[::1]:7777/nnrf-nfm/v1/nf-instances/7df42a78-6947-41ed-a590-cdd967883434 (../lib/sbi/client.c:625)
11/20 18:52:29.531: [sbi] DEBUG: SENDING...[72] (../lib/sbi/client.c:401)
11/20 18:52:29.531: [sbi] DEBUG: [{
		"op":	"replace",
		"path":	"/nfStatus",
		"value":	"REGISTERED"
	}] (../lib/sbi/client.c:403)
11/20 18:52:29.531: [sbi] DEBUG: STREAM added [7] (../lib/sbi/nghttp2-server.c:1122)
11/20 18:52:29.531: [sbi] DEBUG: [PATCH] /nnrf-nfm/v1/nf-instances/7df42a78-6947-41ed-a590-cdd967883434 (../lib/sbi/nghttp2-server.c:801)
11/20 18:52:29.531: [sbi] DEBUG: RECEIVED: 72 (../lib/sbi/nghttp2-server.c:805)
11/20 18:52:29.531: [sbi] DEBUG: [{
		"op":	"replace",
		"path":	"/nfStatus",
		"value":	"REGISTERED"
	}] (../lib/sbi/nghttp2-server.c:806)
11/20 18:52:29.531: [nrf] DEBUG: nrf_state_operational(): OGS_EVENT_NAME_SBI_SERVER (../src/nrf/nrf-sm.c:50)
11/20 18:52:29.531: [nrf] DEBUG: nrf_nf_state_registered(): OGS_EVENT_NAME_SBI_SERVER (../src/nrf/nf-sm.c:183)
11/20 18:52:29.531: [sbi] DEBUG: STATUS [204] (../lib/sbi/nghttp2-server.c:357)
11/20 18:52:29.531: [sbi] DEBUG: STREAM closed [7] (../lib/sbi/nghttp2-server.c:852)
11/20 18:52:29.532: [sbi] DEBUG: [204:PATCH] http://[::1]:7777/nnrf-nfm/v1/nf-instances/7df42a78-6947-41ed-a590-cdd967883434 (../lib/sbi/client.c:573)
0000: 00001a01 05000000 0789c161 96d07abe   ...........a..z.
0010: 941054d2 7eea0802 128015c6 c5704fa9   ..T.~........pO.
0020: 8b46ff                                .F.
11/20 18:52:29.532: [sbi] DEBUG: RECEIVED[0] (../lib/sbi/client.c:584)
11/20 18:52:29.532: [pcf] DEBUG: pcf_state_operational(): OGS_EVENT_NAME_SBI_CLIENT (../src/pcf/pcf-sm.c:58)
11/20 18:52:29.532: [sbi] DEBUG: ogs_sbi_nf_state_registered(): OGS_EVENT_NAME_SBI_CLIENT (../lib/sbi/nf-sm.c:204)
11/20 18:52:29.556: [nssf] DEBUG: nssf_state_operational(): OGS_EVENT_NAME_SBI_TIMER (../src/nssf/nssf-sm.c:53)
11/20 18:52:29.556: [sbi] DEBUG: ogs_sbi_nf_state_registered(): OGS_EVENT_NAME_SBI_TIMER (../lib/sbi/nf-sm.c:204)
11/20 18:52:29.556: [sbi] DEBUG: [PATCH] http://[::1]:7777/nnrf-nfm/v1/nf-instances/7df88c08-6947-41ed-a6d2-3b1beb80ef79 (../lib/sbi/client.c:625)
11/20 18:52:29.556: [sbi] DEBUG: SENDING...[72] (../lib/sbi/client.c:401)
11/20 18:52:29.556: [sbi] DEBUG: [{
		"op":	"replace",
		"path":	"/nfStatus",
		"value":	"REGISTERED"
	}] (../lib/sbi/client.c:403)
11/20 18:52:29.556: [sbi] DEBUG: STREAM added [5] (../lib/sbi/nghttp2-server.c:1122)
11/20 18:52:29.557: [sbi] DEBUG: [PATCH] /nnrf-nfm/v1/nf-instances/7df88c08-6947-41ed-a6d2-3b1beb80ef79 (../lib/sbi/nghttp2-server.c:801)
11/20 18:52:29.557: [sbi] DEBUG: RECEIVED: 72 (../lib/sbi/nghttp2-server.c:805)
11/20 18:52:29.557: [sbi] DEBUG: [{
		"op":	"replace",
		"path":	"/nfStatus",
		"value":	"REGISTERED"
	}] (../lib/sbi/nghttp2-server.c:806)
11/20 18:52:29.557: [nrf] DEBUG: nrf_state_operational(): OGS_EVENT_NAME_SBI_SERVER (../src/nrf/nrf-sm.c:50)
11/20 18:52:29.557: [nrf] DEBUG: nrf_nf_state_registered(): OGS_EVENT_NAME_SBI_SERVER (../src/nrf/nf-sm.c:183)
11/20 18:52:29.557: [sbi] DEBUG: STATUS [204] (../lib/sbi/nghttp2-server.c:357)
11/20 18:52:29.557: [sbi] DEBUG: STREAM closed [5] (../lib/sbi/nghttp2-server.c:852)
0000: 00001a01 05000000 0589c161 96d07abe   ...........a..z.
0010: 941054d2 7eea0802 128015c6 c5704fa9   ..T.~........pO.
0020: 8b46ff                                .F.
11/20 18:52:29.557: [sbi] DEBUG: [204:PATCH] http://[::1]:7777/nnrf-nfm/v1/nf-instances/7df88c08-6947-41ed-a6d2-3b1beb80ef79 (../lib/sbi/client.c:573)
11/20 18:52:29.557: [sbi] DEBUG: RECEIVED[0] (../lib/sbi/client.c:584)
11/20 18:52:29.557: [nssf] DEBUG: nssf_state_operational(): OGS_EVENT_NAME_SBI_CLIENT (../src/nssf/nssf-sm.c:53)
11/20 18:52:29.557: [sbi] DEBUG: ogs_sbi_nf_state_registered(): OGS_EVENT_NAME_SBI_CLIENT (../lib/sbi/nf-sm.c:204)
11/20 18:52:29.596: [smf] DEBUG: smf_state_operational(): OGS_EVENT_NAME_SBI_TIMER (../src/smf/smf-sm.c:83)
11/20 18:52:29.596: [sbi] DEBUG: ogs_sbi_nf_state_registered(): OGS_EVENT_NAME_SBI_TIMER (../lib/sbi/nf-sm.c:204)
11/20 18:52:29.596: [sbi] DEBUG: [PATCH] http://[::1]:7777/nnrf-nfm/v1/nf-instances/7dede140-6947-41ed-b984-b79611f9b6e4 (../lib/sbi/client.c:625)
11/20 18:52:29.596: [sbi] DEBUG: SENDING...[72] (../lib/sbi/client.c:401)
11/20 18:52:29.596: [sbi] DEBUG: [{
		"op":	"replace",
		"path":	"/nfStatus",
		"value":	"REGISTERED"
	}] (../lib/sbi/client.c:403)
11/20 18:52:29.596: [sbi] DEBUG: STREAM added [11] (../lib/sbi/nghttp2-server.c:1122)
11/20 18:52:29.597: [sbi] DEBUG: [PATCH] /nnrf-nfm/v1/nf-instances/7dede140-6947-41ed-b984-b79611f9b6e4 (../lib/sbi/nghttp2-server.c:801)
11/20 18:52:29.597: [sbi] DEBUG: RECEIVED: 72 (../lib/sbi/nghttp2-server.c:805)
11/20 18:52:29.597: [sbi] DEBUG: [{
		"op":	"replace",
		"path":	"/nfStatus",
		"value":	"REGISTERED"
	}] (../lib/sbi/nghttp2-server.c:806)
11/20 18:52:29.597: [nrf] DEBUG: nrf_state_operational(): OGS_EVENT_NAME_SBI_SERVER (../src/nrf/nrf-sm.c:50)
11/20 18:52:29.597: [nrf] DEBUG: nrf_nf_state_registered(): OGS_EVENT_NAME_SBI_SERVER (../src/nrf/nf-sm.c:183)
11/20 18:52:29.597: [sbi] DEBUG: STATUS [204] (../lib/sbi/nghttp2-server.c:357)
11/20 18:52:29.597: [sbi] DEBUG: STREAM closed [11] (../lib/sbi/nghttp2-server.c:852)
0000: 00001a01 05000000 0b89c361 96d07abe   ...........a..z.
0010: 941054d2 7eea0802 128015c6 c5704fa9   ..T.~........pO.
0020: 8b46ff                                .F.
11/20 18:52:29.597: [sbi] DEBUG: [204:PATCH] http://[::1]:7777/nnrf-nfm/v1/nf-instances/7dede140-6947-41ed-b984-b79611f9b6e4 (../lib/sbi/client.c:573)
11/20 18:52:29.597: [sbi] DEBUG: RECEIVED[0] (../lib/sbi/client.c:584)
11/20 18:52:29.597: [smf] DEBUG: smf_state_operational(): OGS_EVENT_NAME_SBI_CLIENT (../src/smf/smf-sm.c:83)
11/20 18:52:29.597: [sbi] DEBUG: ogs_sbi_nf_state_registered(): OGS_EVENT_NAME_SBI_CLIENT (../lib/sbi/nf-sm.c:204)
11/20 18:52:29.626: [bsf] DEBUG: bsf_state_operational(): OGS_EVENT_NAME_SBI_TIMER (../src/bsf/bsf-sm.c:55)
11/20 18:52:29.626: [sbi] DEBUG: ogs_sbi_nf_state_registered(): OGS_EVENT_NAME_SBI_TIMER (../lib/sbi/nf-sm.c:204)
11/20 18:52:29.626: [sbi] DEBUG: [PATCH] http://[::1]:7777/nnrf-nfm/v1/nf-instances/7e02d348-6947-41ed-be4c-317cb1907fa6 (../lib/sbi/client.c:625)
11/20 18:52:29.626: [sbi] DEBUG: SENDING...[72] (../lib/sbi/client.c:401)
11/20 18:52:29.626: [sbi] DEBUG: [{
		"op":	"replace",
		"path":	"/nfStatus",
		"value":	"REGISTERED"
	}] (../lib/sbi/client.c:403)
11/20 18:52:29.626: [sbi] DEBUG: STREAM added [5] (../lib/sbi/nghttp2-server.c:1122)
11/20 18:52:29.626: [sbi] DEBUG: [PATCH] /nnrf-nfm/v1/nf-instances/7e02d348-6947-41ed-be4c-317cb1907fa6 (../lib/sbi/nghttp2-server.c:801)
11/20 18:52:29.627: [sbi] DEBUG: RECEIVED: 72 (../lib/sbi/nghttp2-server.c:805)
11/20 18:52:29.627: [sbi] DEBUG: [{
		"op":	"replace",
		"path":	"/nfStatus",
		"value":	"REGISTERED"
	}] (../lib/sbi/nghttp2-server.c:806)
11/20 18:52:29.627: [nrf] DEBUG: nrf_state_operational(): OGS_EVENT_NAME_SBI_SERVER (../src/nrf/nrf-sm.c:50)
11/20 18:52:29.627: [nrf] DEBUG: nrf_nf_state_registered(): OGS_EVENT_NAME_SBI_SERVER (../src/nrf/nf-sm.c:183)
11/20 18:52:29.627: [sbi] DEBUG: STATUS [204] (../lib/sbi/nghttp2-server.c:357)
11/20 18:52:29.627: [sbi] DEBUG: STREAM closed [5] (../lib/sbi/nghttp2-server.c:852)
0000: 00001a01 05000000 0589c161 96d07abe   ...........a..z.
0010: 941054d2 7eea0802 128015c6 c5704fa9   ..T.~........pO.
0020: 8b46ff                                .F.
11/20 18:52:29.627: [sbi] DEBUG: [204:PATCH] http://[::1]:7777/nnrf-nfm/v1/nf-instances/7e02d348-6947-41ed-be4c-317cb1907fa6 (../lib/sbi/client.c:573)
11/20 18:52:29.627: [sbi] DEBUG: RECEIVED[0] (../lib/sbi/client.c:584)
11/20 18:52:29.627: [bsf] DEBUG: bsf_state_operational(): OGS_EVENT_NAME_SBI_CLIENT (../src/bsf/bsf-sm.c:55)
11/20 18:52:29.627: [sbi] DEBUG: ogs_sbi_nf_state_registered(): OGS_EVENT_NAME_SBI_CLIENT (../lib/sbi/nf-sm.c:204)
11/20 18:52:29.677: [udr] DEBUG: udr_state_operational(): OGS_EVENT_NAME_SBI_TIMER (../src/udr/udr-sm.c:51)
11/20 18:52:29.677: [sbi] DEBUG: ogs_sbi_nf_state_registered(): OGS_EVENT_NAME_SBI_TIMER (../lib/sbi/nf-sm.c:204)
11/20 18:52:29.677: [sbi] DEBUG: [PATCH] http://[::1]:7777/nnrf-nfm/v1/nf-instances/7e0a2cc4-6947-41ed-b66f-63e3ed58556d (../lib/sbi/client.c:625)
11/20 18:52:29.677: [sbi] DEBUG: SENDING...[72] (../lib/sbi/client.c:401)
11/20 18:52:29.677: [sbi] DEBUG: [{
		"op":	"replace",
		"path":	"/nfStatus",
		"value":	"REGISTERED"
	}] (../lib/sbi/client.c:403)
11/20 18:52:29.678: [sbi] DEBUG: STREAM added [5] (../lib/sbi/nghttp2-server.c:1122)
11/20 18:52:29.678: [sbi] DEBUG: [PATCH] /nnrf-nfm/v1/nf-instances/7e0a2cc4-6947-41ed-b66f-63e3ed58556d (../lib/sbi/nghttp2-server.c:801)
11/20 18:52:29.678: [sbi] DEBUG: RECEIVED: 72 (../lib/sbi/nghttp2-server.c:805)
11/20 18:52:29.678: [sbi] DEBUG: [{
		"op":	"replace",
		"path":	"/nfStatus",
		"value":	"REGISTERED"
	}] (../lib/sbi/nghttp2-server.c:806)
11/20 18:52:29.678: [nrf] DEBUG: nrf_state_operational(): OGS_EVENT_NAME_SBI_SERVER (../src/nrf/nrf-sm.c:50)
11/20 18:52:29.678: [nrf] DEBUG: nrf_nf_state_registered(): OGS_EVENT_NAME_SBI_SERVER (../src/nrf/nf-sm.c:183)
11/20 18:52:29.678: [sbi] DEBUG: STATUS [204] (../lib/sbi/nghttp2-server.c:357)
11/20 18:52:29.678: [sbi] DEBUG: STREAM closed [5] (../lib/sbi/nghttp2-server.c:852)
0000: 00001a01 05000000 0589c161 96d07abe   ...........a..z.
0010: 941054d2 7eea0802 128015c6 c5704fa9   ..T.~........pO.
0020: 8b46ff                                .F.
11/20 18:52:29.678: [sbi] DEBUG: [204:PATCH] http://[::1]:7777/nnrf-nfm/v1/nf-instances/7e0a2cc4-6947-41ed-b66f-63e3ed58556d (../lib/sbi/client.c:573)
11/20 18:52:29.678: [sbi] DEBUG: RECEIVED[0] (../lib/sbi/client.c:584)
11/20 18:52:29.678: [udr] DEBUG: udr_state_operational(): OGS_EVENT_NAME_SBI_CLIENT (../src/udr/udr-sm.c:51)
11/20 18:52:29.678: [sbi] DEBUG: ogs_sbi_nf_state_registered(): OGS_EVENT_NAME_SBI_CLIENT (../lib/sbi/nf-sm.c:204)
11/20 18:52:31.497: [amf] DEBUG: amf_state_operational(): OGS_EVENT_NAME_SBI_TIMER (../src/amf/amf-sm.c:78)
11/20 18:52:31.497: [sbi] DEBUG: ogs_sbi_nf_state_registered(): OGS_EVENT_NAME_SBI_TIMER (../lib/sbi/nf-sm.c:204)
11/20 18:52:31.498: [sbi] DEBUG: [PATCH] http://[::1]:7777/nnrf-nfm/v1/nf-instances/7ddada50-6947-41ed-ab85-e385b1ff7a33 (../lib/sbi/client.c:625)
11/20 18:52:31.498: [sbi] DEBUG: SENDING...[72] (../lib/sbi/client.c:401)
11/20 18:52:31.498: [sbi] DEBUG: [{
		"op":	"replace",
		"path":	"/nfStatus",
		"value":	"REGISTERED"
	}] (../lib/sbi/client.c:403)
11/20 18:52:31.498: [sbi] DEBUG: STREAM added [17] (../lib/sbi/nghttp2-server.c:1122)
11/20 18:52:31.498: [sbi] DEBUG: [PATCH] /nnrf-nfm/v1/nf-instances/7ddada50-6947-41ed-ab85-e385b1ff7a33 (../lib/sbi/nghttp2-server.c:801)
11/20 18:52:31.498: [sbi] DEBUG: RECEIVED: 72 (../lib/sbi/nghttp2-server.c:805)
11/20 18:52:31.498: [sbi] DEBUG: [{
		"op":	"replace",
		"path":	"/nfStatus",
		"value":	"REGISTERED"
	}] (../lib/sbi/nghttp2-server.c:806)
11/20 18:52:31.498: [nrf] DEBUG: nrf_state_operational(): OGS_EVENT_NAME_SBI_SERVER (../src/nrf/nrf-sm.c:50)
11/20 18:52:31.498: [nrf] DEBUG: nrf_nf_state_registered(): OGS_EVENT_NAME_SBI_SERVER (../src/nrf/nf-sm.c:183)
11/20 18:52:31.498: [sbi] DEBUG: STATUS [204] (../lib/sbi/nghttp2-server.c:357)
11/20 18:52:31.498: [sbi] DEBUG: STREAM closed [17] (../lib/sbi/nghttp2-server.c:852)
0000: 00001a01 05000000 1189c361 96d07abe   ...........a..z.
0010: 941054d2 7eea0802 128015c6 c57190a9   ..T.~........q..
0020: 8b46ff                                .F.
11/20 18:52:31.499: [sbi] DEBUG: [204:PATCH] http://[::1]:7777/nnrf-nfm/v1/nf-instances/7ddada50-6947-41ed-ab85-e385b1ff7a33 (../lib/sbi/client.c:573)
11/20 18:52:31.499: [sbi] DEBUG: RECEIVED[0] (../lib/sbi/client.c:584)
11/20 18:52:31.499: [amf] DEBUG: amf_state_operational(): OGS_EVENT_NAME_SBI_CLIENT (../src/amf/amf-sm.c:78)
11/20 18:52:31.499: [sbi] DEBUG: ogs_sbi_nf_state_registered(): OGS_EVENT_NAME_SBI_CLIENT (../lib/sbi/nf-sm.c:204)
11/20 18:52:31.597: [smf] DEBUG: smf_state_operational(): SMF_EVT_N4_TIMER (../src/smf/smf-sm.c:83)
11/20 18:52:31.597: [smf] DEBUG: smf_pfcp_state_associated(): SMF_EVT_N4_TIMER (../src/smf/pfcp-sm.c:165)
11/20 18:52:31.597: [pfcp] DEBUG: [6] LOCAL  Create  peer [127.0.0.7]:8805 (../lib/pfcp/xact.c:116)
11/20 18:52:31.597: [pfcp] DEBUG: Heartbeat Request (../lib/pfcp/build.c:27)
11/20 18:52:31.597: [pfcp] DEBUG: [6] LOCAL  UPD TX-1  peer [127.0.0.7]:8805 (../lib/pfcp/xact.c:197)
11/20 18:52:31.597: [pfcp] DEBUG: [6] LOCAL  Commit  peer [127.0.0.7]:8805 (../lib/pfcp/xact.c:475)
11/20 18:52:31.597: [upf] DEBUG: upf_state_operational(): UPF_EVT_N4_MESSAGE (../src/upf/upf-sm.c:51)
11/20 18:52:31.597: [pfcp] DEBUG: [6] Cannot find xact type 1 from PFCP peer [127.0.0.4]:8805 (../lib/pfcp/xact.c:797)
11/20 18:52:31.597: [pfcp] DEBUG: [6] REMOTE Create  peer [127.0.0.4]:8805 (../lib/pfcp/xact.c:159)
11/20 18:52:31.597: [pfcp] DEBUG: [6] REMOTE Receive peer [127.0.0.4]:8805 (../lib/pfcp/xact.c:704)
11/20 18:52:31.597: [pfcp] DEBUG: [6] REMOTE UPD RX-1  peer [127.0.0.4]:8805 (../lib/pfcp/xact.c:298)
11/20 18:52:31.597: [upf] DEBUG: upf_pfcp_state_associated(): UPF_EVT_N4_MESSAGE (../src/upf/pfcp-sm.c:164)
11/20 18:52:31.597: [pfcp] DEBUG: Heartbeat Response (../lib/pfcp/build.c:44)
11/20 18:52:31.598: [pfcp] DEBUG: [6] REMOTE UPD TX-2  peer [127.0.0.4]:8805 (../lib/pfcp/xact.c:197)
11/20 18:52:31.598: [pfcp] DEBUG: [6] REMOTE Commit  peer [127.0.0.4]:8805 (../lib/pfcp/xact.c:475)
11/20 18:52:31.598: [upf] DEBUG: upf_state_operational(): UPF_EVT_N4_TIMER (../src/upf/upf-sm.c:51)
11/20 18:52:31.598: [smf] DEBUG: smf_state_operational(): SMF_EVT_N4_MESSAGE (../src/smf/smf-sm.c:83)
11/20 18:52:31.598: [upf] DEBUG: upf_pfcp_state_associated(): UPF_EVT_N4_TIMER (../src/upf/pfcp-sm.c:164)
11/20 18:52:31.598: [pfcp] DEBUG: [6] LOCAL  Find    peer [127.0.0.7]:8805 (../lib/pfcp/xact.c:790)
11/20 18:52:31.598: [pfcp] DEBUG: [6] LOCAL  Receive peer [127.0.0.7]:8805 (../lib/pfcp/xact.c:704)
11/20 18:52:31.598: [pfcp] DEBUG: [6] LOCAL  UPD RX-2  peer [127.0.0.7]:8805 (../lib/pfcp/xact.c:298)
11/20 18:52:31.598: [pfcp] DEBUG: [3] LOCAL  Create  peer [127.0.0.4]:8805 (../lib/pfcp/xact.c:116)
11/20 18:52:31.598: [smf] DEBUG: smf_pfcp_state_associated(): SMF_EVT_N4_MESSAGE (../src/smf/pfcp-sm.c:165)
11/20 18:52:31.598: [pfcp] DEBUG: [6] LOCAL  Commit  peer [127.0.0.7]:8805 (../lib/pfcp/xact.c:475)
11/20 18:52:31.598: [pfcp] DEBUG: Heartbeat Request (../lib/pfcp/build.c:27)
11/20 18:52:31.598: [pfcp] DEBUG: [6] LOCAL  Delete  peer [127.0.0.7]:8805 (../lib/pfcp/xact.c:813)
11/20 18:52:31.598: [pfcp] DEBUG: [3] LOCAL  UPD TX-1  peer [127.0.0.4]:8805 (../lib/pfcp/xact.c:197)
11/20 18:52:31.598: [pfcp] DEBUG: [3] LOCAL  Commit  peer [127.0.0.4]:8805 (../lib/pfcp/xact.c:475)
11/20 18:52:31.598: [smf] DEBUG: smf_state_operational(): SMF_EVT_N4_MESSAGE (../src/smf/smf-sm.c:83)
11/20 18:52:31.598: [pfcp] DEBUG: [3] Cannot find xact type 1 from PFCP peer [127.0.0.7]:8805 (../lib/pfcp/xact.c:797)
11/20 18:52:31.598: [pfcp] DEBUG: [3] REMOTE Create  peer [127.0.0.7]:8805 (../lib/pfcp/xact.c:159)
11/20 18:52:31.598: [pfcp] DEBUG: [3] REMOTE Receive peer [127.0.0.7]:8805 (../lib/pfcp/xact.c:704)
11/20 18:52:31.598: [pfcp] DEBUG: [3] REMOTE UPD RX-1  peer [127.0.0.7]:8805 (../lib/pfcp/xact.c:298)
11/20 18:52:31.598: [smf] DEBUG: smf_pfcp_state_associated(): SMF_EVT_N4_MESSAGE (../src/smf/pfcp-sm.c:165)
11/20 18:52:31.598: [pfcp] DEBUG: Heartbeat Response (../lib/pfcp/build.c:44)
11/20 18:52:31.598: [pfcp] DEBUG: [3] REMOTE UPD TX-2  peer [127.0.0.7]:8805 (../lib/pfcp/xact.c:197)
11/20 18:52:31.598: [pfcp] DEBUG: [3] REMOTE Commit  peer [127.0.0.7]:8805 (../lib/pfcp/xact.c:475)
11/20 18:52:31.598: [upf] DEBUG: upf_state_operational(): UPF_EVT_N4_MESSAGE (../src/upf/upf-sm.c:51)
11/20 18:52:31.598: [pfcp] DEBUG: [3] LOCAL  Find    peer [127.0.0.4]:8805 (../lib/pfcp/xact.c:790)
11/20 18:52:31.598: [pfcp] DEBUG: [3] LOCAL  Receive peer [127.0.0.4]:8805 (../lib/pfcp/xact.c:704)
11/20 18:52:31.598: [pfcp] DEBUG: [3] LOCAL  UPD RX-2  peer [127.0.0.4]:8805 (../lib/pfcp/xact.c:298)
11/20 18:52:31.598: [upf] DEBUG: upf_pfcp_state_associated(): UPF_EVT_N4_MESSAGE (../src/upf/pfcp-sm.c:164)
11/20 18:52:31.598: [pfcp] DEBUG: [3] LOCAL  Commit  peer [127.0.0.4]:8805 (../lib/pfcp/xact.c:475)
11/20 18:52:31.598: [pfcp] DEBUG: [3] LOCAL  Delete  peer [127.0.0.4]:8805 (../lib/pfcp/xact.c:813)
11/20 18:52:39.101: [pfcp] DEBUG: [6] REMOTE Holding Timeout for step 2 type 2 peer [127.0.0.4]:8805 (../lib/pfcp/xact.c:647)
11/20 18:52:39.101: [pfcp] DEBUG: [6] REMOTE Delete Transaction for step 2 type 2 peer [127.0.0.4]:8805 (../lib/pfcp/xact.c:660)
11/20 18:52:39.101: [pfcp] DEBUG: [6] REMOTE Delete  peer [127.0.0.4]:8805 (../lib/pfcp/xact.c:813)
11/20 18:52:39.101: [pfcp] DEBUG: [3] REMOTE Holding Timeout for step 2 type 2 peer [127.0.0.7]:8805 (../lib/pfcp/xact.c:647)
11/20 18:52:39.101: [pfcp] DEBUG: [3] REMOTE Delete Transaction for step 2 type 2 peer [127.0.0.7]:8805 (../lib/pfcp/xact.c:660)
11/20 18:52:39.101: [pfcp] DEBUG: [3] REMOTE Delete  peer [127.0.0.7]:8805 (../lib/pfcp/xact.c:813)
11/20 18:52:39.399: [ausf] DEBUG: ausf_state_operational(): OGS_EVENT_NAME_SBI_TIMER (../src/ausf/ausf-sm.c:52)
11/20 18:52:39.399: [sbi] DEBUG: ogs_sbi_nf_state_registered(): OGS_EVENT_NAME_SBI_TIMER (../lib/sbi/nf-sm.c:204)
11/20 18:52:39.399: [sbi] DEBUG: [PATCH] http://[::1]:7777/nnrf-nfm/v1/nf-instances/7de115d2-6947-41ed-a85d-7bd62ae74332 (../lib/sbi/client.c:625)
11/20 18:52:39.399: [sbi] DEBUG: SENDING...[72] (../lib/sbi/client.c:401)
11/20 18:52:39.399: [sbi] DEBUG: [{
		"op":	"replace",
		"path":	"/nfStatus",
		"value":	"REGISTERED"
	}] (../lib/sbi/client.c:403)
11/20 18:52:39.399: [sbi] DEBUG: STREAM added [9] (../lib/sbi/nghttp2-server.c:1122)
11/20 18:52:39.399: [sbi] DEBUG: [PATCH] /nnrf-nfm/v1/nf-instances/7de115d2-6947-41ed-a85d-7bd62ae74332 (../lib/sbi/nghttp2-server.c:801)
11/20 18:52:39.399: [sbi] DEBUG: RECEIVED: 72 (../lib/sbi/nghttp2-server.c:805)
11/20 18:52:39.399: [sbi] DEBUG: [{
		"op":	"replace",
		"path":	"/nfStatus",
		"value":	"REGISTERED"
	}] (../lib/sbi/nghttp2-server.c:806)
11/20 18:52:39.399: [nrf] DEBUG: nrf_state_operational(): OGS_EVENT_NAME_SBI_SERVER (../src/nrf/nrf-sm.c:50)
11/20 18:52:39.399: [nrf] DEBUG: nrf_nf_state_registered(): OGS_EVENT_NAME_SBI_SERVER (../src/nrf/nf-sm.c:183)
11/20 18:52:39.399: [sbi] DEBUG: STATUS [204] (../lib/sbi/nghttp2-server.c:357)
11/20 18:52:39.399: [sbi] DEBUG: STREAM closed [9] (../lib/sbi/nghttp2-server.c:852)
11/20 18:52:39.400: [sbi] DEBUG: [204:PATCH] http://[::1]:7777/nnrf-nfm/v1/nf-instances/7de115d2-6947-41ed-a85d-7bd62ae74332 (../lib/sbi/client.c:573)
11/20 18:52:39.400: [sbi] DEBUG: RECEIVED[0] (../lib/sbi/client.c:584)
0000: 00001a01 05000000 0989c261 96d07abe   ...........a..z.
0010: 941054d2 7eea0802 128015c6 c57197d4   ..T.~........q..
0020: c5a37f                                ...
11/20 18:52:39.400: [ausf] DEBUG: ausf_state_operational(): OGS_EVENT_NAME_SBI_CLIENT (../src/ausf/ausf-sm.c:52)
11/20 18:52:39.400: [sbi] DEBUG: ogs_sbi_nf_state_registered(): OGS_EVENT_NAME_SBI_CLIENT (../lib/sbi/nf-sm.c:204)
11/20 18:52:39.463: [udm] DEBUG: udm_state_operational(): OGS_EVENT_NAME_SBI_TIMER (../src/udm/udm-sm.c:53)
11/20 18:52:39.463: [sbi] DEBUG: ogs_sbi_nf_state_registered(): OGS_EVENT_NAME_SBI_TIMER (../lib/sbi/nf-sm.c:204)
11/20 18:52:39.463: [sbi] DEBUG: [PATCH] http://[::1]:7777/nnrf-nfm/v1/nf-instances/7de92560-6947-41ed-aeda-453c1cb18a59 (../lib/sbi/client.c:625)
11/20 18:52:39.463: [sbi] DEBUG: SENDING...[72] (../lib/sbi/client.c:401)
11/20 18:52:39.463: [sbi] DEBUG: [{
		"op":	"replace",
		"path":	"/nfStatus",
		"value":	"REGISTERED"
	}] (../lib/sbi/client.c:403)
11/20 18:52:39.463: [sbi] DEBUG: STREAM added [9] (../lib/sbi/nghttp2-server.c:1122)
11/20 18:52:39.463: [sbi] DEBUG: [PATCH] /nnrf-nfm/v1/nf-instances/7de92560-6947-41ed-aeda-453c1cb18a59 (../lib/sbi/nghttp2-server.c:801)
11/20 18:52:39.463: [sbi] DEBUG: RECEIVED: 72 (../lib/sbi/nghttp2-server.c:805)
11/20 18:52:39.463: [sbi] DEBUG: [{
		"op":	"replace",
		"path":	"/nfStatus",
		"value":	"REGISTERED"
	}] (../lib/sbi/nghttp2-server.c:806)
11/20 18:52:39.463: [nrf] DEBUG: nrf_state_operational(): OGS_EVENT_NAME_SBI_SERVER (../src/nrf/nrf-sm.c:50)
11/20 18:52:39.463: [nrf] DEBUG: nrf_nf_state_registered(): OGS_EVENT_NAME_SBI_SERVER (../src/nrf/nf-sm.c:183)
11/20 18:52:39.463: [sbi] DEBUG: STATUS [204] (../lib/sbi/nghttp2-server.c:357)
11/20 18:52:39.463: [sbi] DEBUG: STREAM closed [9] (../lib/sbi/nghttp2-server.c:852)
11/20 18:52:39.463: [sbi] DEBUG: [204:PATCH] http://[::1]:7777/nnrf-nfm/v1/nf-instances/7de92560-6947-41ed-aeda-453c1cb18a59 (../lib/sbi/client.c:573)
11/20 18:52:39.464: [sbi] DEBUG: RECEIVED[0] (../lib/sbi/client.c:584)
11/20 18:52:39.464: [udm] DEBUG: udm_state_operational(): OGS_EVENT_NAME_SBI_CLIENT (../src/udm/udm-sm.c:53)
0000: 00001a01 05000000 0989c261 96d07abe   ...........a..z.
0010: 941054d2 7eea0802 128015c6 c57197d4   ..T.~........q..
0020: c5a37f                                ...
11/20 18:52:39.464: [sbi] DEBUG: ogs_sbi_nf_state_registered(): OGS_EVENT_NAME_SBI_CLIENT (../lib/sbi/nf-sm.c:204)
11/20 18:52:39.542: [pcf] DEBUG: pcf_state_operational(): OGS_EVENT_NAME_SBI_TIMER (../src/pcf/pcf-sm.c:58)
11/20 18:52:39.542: [sbi] DEBUG: ogs_sbi_nf_state_registered(): OGS_EVENT_NAME_SBI_TIMER (../lib/sbi/nf-sm.c:204)
11/20 18:52:39.542: [sbi] DEBUG: [PATCH] http://[::1]:7777/nnrf-nfm/v1/nf-instances/7df42a78-6947-41ed-a590-cdd967883434 (../lib/sbi/client.c:625)
11/20 18:52:39.542: [sbi] DEBUG: SENDING...[72] (../lib/sbi/client.c:401)
11/20 18:52:39.542: [sbi] DEBUG: [{
		"op":	"replace",
		"path":	"/nfStatus",
		"value":	"REGISTERED"
	}] (../lib/sbi/client.c:403)
11/20 18:52:39.542: [sbi] DEBUG: STREAM added [9] (../lib/sbi/nghttp2-server.c:1122)
11/20 18:52:39.542: [sbi] DEBUG: [PATCH] /nnrf-nfm/v1/nf-instances/7df42a78-6947-41ed-a590-cdd967883434 (../lib/sbi/nghttp2-server.c:801)
11/20 18:52:39.542: [sbi] DEBUG: RECEIVED: 72 (../lib/sbi/nghttp2-server.c:805)
11/20 18:52:39.542: [sbi] DEBUG: [{
		"op":	"replace",
		"path":	"/nfStatus",
		"value":	"REGISTERED"
	}] (../lib/sbi/nghttp2-server.c:806)
11/20 18:52:39.542: [nrf] DEBUG: nrf_state_operational(): OGS_EVENT_NAME_SBI_SERVER (../src/nrf/nrf-sm.c:50)
11/20 18:52:39.542: [nrf] DEBUG: nrf_nf_state_registered(): OGS_EVENT_NAME_SBI_SERVER (../src/nrf/nf-sm.c:183)
11/20 18:52:39.542: [sbi] DEBUG: STATUS [204] (../lib/sbi/nghttp2-server.c:357)
11/20 18:52:39.542: [sbi] DEBUG: STREAM closed [9] (../lib/sbi/nghttp2-server.c:852)
11/20 18:52:39.543: [sbi] DEBUG: [204:PATCH] http://[::1]:7777/nnrf-nfm/v1/nf-instances/7df42a78-6947-41ed-a590-cdd967883434 (../lib/sbi/client.c:573)
11/20 18:52:39.543: [sbi] DEBUG: RECEIVED[0] (../lib/sbi/client.c:584)
11/20 18:52:39.543: [pcf] DEBUG: pcf_state_operational(): OGS_EVENT_NAME_SBI_CLIENT (../src/pcf/pcf-sm.c:58)
11/20 18:52:39.543: [sbi] DEBUG: ogs_sbi_nf_state_registered(): OGS_EVENT_NAME_SBI_CLIENT (../lib/sbi/nf-sm.c:204)
0000: 00001a01 05000000 0989c261 96d07abe   ...........a..z.
0010: 941054d2 7eea0802 128015c6 c57197d4   ..T.~........q..
0020: c5a37f                                ...
11/20 18:52:39.567: [nssf] DEBUG: nssf_state_operational(): OGS_EVENT_NAME_SBI_TIMER (../src/nssf/nssf-sm.c:53)
11/20 18:52:39.567: [sbi] DEBUG: ogs_sbi_nf_state_registered(): OGS_EVENT_NAME_SBI_TIMER (../lib/sbi/nf-sm.c:204)
11/20 18:52:39.567: [sbi] DEBUG: [PATCH] http://[::1]:7777/nnrf-nfm/v1/nf-instances/7df88c08-6947-41ed-a6d2-3b1beb80ef79 (../lib/sbi/client.c:625)
11/20 18:52:39.567: [sbi] DEBUG: SENDING...[72] (../lib/sbi/client.c:401)
11/20 18:52:39.567: [sbi] DEBUG: [{
		"op":	"replace",
		"path":	"/nfStatus",
		"value":	"REGISTERED"
	}] (../lib/sbi/client.c:403)
11/20 18:52:39.567: [sbi] DEBUG: STREAM added [7] (../lib/sbi/nghttp2-server.c:1122)
11/20 18:52:39.568: [sbi] DEBUG: [PATCH] /nnrf-nfm/v1/nf-instances/7df88c08-6947-41ed-a6d2-3b1beb80ef79 (../lib/sbi/nghttp2-server.c:801)
11/20 18:52:39.568: [sbi] DEBUG: RECEIVED: 72 (../lib/sbi/nghttp2-server.c:805)
11/20 18:52:39.568: [sbi] DEBUG: [{
		"op":	"replace",
		"path":	"/nfStatus",
		"value":	"REGISTERED"
	}] (../lib/sbi/nghttp2-server.c:806)
11/20 18:52:39.568: [nrf] DEBUG: nrf_state_operational(): OGS_EVENT_NAME_SBI_SERVER (../src/nrf/nrf-sm.c:50)
11/20 18:52:39.568: [nrf] DEBUG: nrf_nf_state_registered(): OGS_EVENT_NAME_SBI_SERVER (../src/nrf/nf-sm.c:183)
11/20 18:52:39.568: [sbi] DEBUG: STATUS [204] (../lib/sbi/nghttp2-server.c:357)
11/20 18:52:39.568: [sbi] DEBUG: STREAM closed [7] (../lib/sbi/nghttp2-server.c:852)
11/20 18:52:39.568: [sbi] DEBUG: [204:PATCH] http://[::1]:7777/nnrf-nfm/v1/nf-instances/7df88c08-6947-41ed-a6d2-3b1beb80ef79 (../lib/sbi/client.c:573)
0000: 00001a01 05000000 0789c261 96d07abe   ...........a..z.
0010: 941054d2 7eea0802 128015c6 c57197d4   ..T.~........q..
0020: c5a37f                                ...
11/20 18:52:39.568: [sbi] DEBUG: RECEIVED[0] (../lib/sbi/client.c:584)
11/20 18:52:39.568: [nssf] DEBUG: nssf_state_operational(): OGS_EVENT_NAME_SBI_CLIENT (../src/nssf/nssf-sm.c:53)
11/20 18:52:39.568: [sbi] DEBUG: ogs_sbi_nf_state_registered(): OGS_EVENT_NAME_SBI_CLIENT (../lib/sbi/nf-sm.c:204)
11/20 18:52:39.597: [smf] DEBUG: smf_state_operational(): OGS_EVENT_NAME_SBI_TIMER (../src/smf/smf-sm.c:83)
11/20 18:52:39.597: [sbi] DEBUG: ogs_sbi_nf_state_registered(): OGS_EVENT_NAME_SBI_TIMER (../lib/sbi/nf-sm.c:204)
11/20 18:52:39.597: [sbi] DEBUG: [PATCH] http://[::1]:7777/nnrf-nfm/v1/nf-instances/7dede140-6947-41ed-b984-b79611f9b6e4 (../lib/sbi/client.c:625)
11/20 18:52:39.597: [sbi] DEBUG: SENDING...[72] (../lib/sbi/client.c:401)
11/20 18:52:39.597: [sbi] DEBUG: [{
		"op":	"replace",
		"path":	"/nfStatus",
		"value":	"REGISTERED"
	}] (../lib/sbi/client.c:403)
11/20 18:52:39.597: [sbi] DEBUG: STREAM added [13] (../lib/sbi/nghttp2-server.c:1122)
11/20 18:52:39.597: [sbi] DEBUG: [PATCH] /nnrf-nfm/v1/nf-instances/7dede140-6947-41ed-b984-b79611f9b6e4 (../lib/sbi/nghttp2-server.c:801)
11/20 18:52:39.597: [sbi] DEBUG: RECEIVED: 72 (../lib/sbi/nghttp2-server.c:805)
11/20 18:52:39.597: [sbi] DEBUG: [{
		"op":	"replace",
		"path":	"/nfStatus",
		"value":	"REGISTERED"
	}] (../lib/sbi/nghttp2-server.c:806)
11/20 18:52:39.597: [nrf] DEBUG: nrf_state_operational(): OGS_EVENT_NAME_SBI_SERVER (../src/nrf/nrf-sm.c:50)
11/20 18:52:39.597: [nrf] DEBUG: nrf_nf_state_registered(): OGS_EVENT_NAME_SBI_SERVER (../src/nrf/nf-sm.c:183)
11/20 18:52:39.597: [sbi] DEBUG: STATUS [204] (../lib/sbi/nghttp2-server.c:357)
11/20 18:52:39.597: [sbi] DEBUG: STREAM closed [13] (../lib/sbi/nghttp2-server.c:852)
11/20 18:52:39.598: [sbi] DEBUG: [204:PATCH] http://[::1]:7777/nnrf-nfm/v1/nf-instances/7dede140-6947-41ed-b984-b79611f9b6e4 (../lib/sbi/client.c:573)
0000: 00001a01 05000000 0d89c461 96d07abe   ...........a..z.
0010: 941054d2 7eea0802 128015c6 c57197d4   ..T.~........q..
0020: c5a37f                                ...
11/20 18:52:39.598: [sbi] DEBUG: RECEIVED[0] (../lib/sbi/client.c:584)
11/20 18:52:39.598: [smf] DEBUG: smf_state_operational(): OGS_EVENT_NAME_SBI_CLIENT (../src/smf/smf-sm.c:83)
11/20 18:52:39.598: [sbi] DEBUG: ogs_sbi_nf_state_registered(): OGS_EVENT_NAME_SBI_CLIENT (../lib/sbi/nf-sm.c:204)
11/20 18:52:39.636: [bsf] DEBUG: bsf_state_operational(): OGS_EVENT_NAME_SBI_TIMER (../src/bsf/bsf-sm.c:55)
11/20 18:52:39.636: [sbi] DEBUG: ogs_sbi_nf_state_registered(): OGS_EVENT_NAME_SBI_TIMER (../lib/sbi/nf-sm.c:204)
11/20 18:52:39.636: [sbi] DEBUG: [PATCH] http://[::1]:7777/nnrf-nfm/v1/nf-instances/7e02d348-6947-41ed-be4c-317cb1907fa6 (../lib/sbi/client.c:625)
11/20 18:52:39.636: [sbi] DEBUG: SENDING...[72] (../lib/sbi/client.c:401)
11/20 18:52:39.637: [sbi] DEBUG: [{
		"op":	"replace",
		"path":	"/nfStatus",
		"value":	"REGISTERED"
	}] (../lib/sbi/client.c:403)
11/20 18:52:39.637: [sbi] DEBUG: STREAM added [7] (../lib/sbi/nghttp2-server.c:1122)
11/20 18:52:39.637: [sbi] DEBUG: [PATCH] /nnrf-nfm/v1/nf-instances/7e02d348-6947-41ed-be4c-317cb1907fa6 (../lib/sbi/nghttp2-server.c:801)
11/20 18:52:39.637: [sbi] DEBUG: RECEIVED: 72 (../lib/sbi/nghttp2-server.c:805)
11/20 18:52:39.637: [sbi] DEBUG: [{
		"op":	"replace",
		"path":	"/nfStatus",
		"value":	"REGISTERED"
	}] (../lib/sbi/nghttp2-server.c:806)
11/20 18:52:39.637: [nrf] DEBUG: nrf_state_operational(): OGS_EVENT_NAME_SBI_SERVER (../src/nrf/nrf-sm.c:50)
11/20 18:52:39.637: [nrf] DEBUG: nrf_nf_state_registered(): OGS_EVENT_NAME_SBI_SERVER (../src/nrf/nf-sm.c:183)
11/20 18:52:39.637: [sbi] DEBUG: STATUS [204] (../lib/sbi/nghttp2-server.c:357)
11/20 18:52:39.637: [sbi] DEBUG: STREAM closed [7] (../lib/sbi/nghttp2-server.c:852)
0000: 00001a01 05000000 0789c261 96d07abe   ...........a..z.
0010: 941054d2 7eea0802 128015c6 c57197d4   ..T.~........q..
0020: c5a37f                                ...
11/20 18:52:39.637: [sbi] DEBUG: [204:PATCH] http://[::1]:7777/nnrf-nfm/v1/nf-instances/7e02d348-6947-41ed-be4c-317cb1907fa6 (../lib/sbi/client.c:573)
11/20 18:52:39.638: [sbi] DEBUG: RECEIVED[0] (../lib/sbi/client.c:584)
11/20 18:52:39.638: [bsf] DEBUG: bsf_state_operational(): OGS_EVENT_NAME_SBI_CLIENT (../src/bsf/bsf-sm.c:55)
11/20 18:52:39.638: [sbi] DEBUG: ogs_sbi_nf_state_registered(): OGS_EVENT_NAME_SBI_CLIENT (../lib/sbi/nf-sm.c:204)
11/20 18:52:39.688: [udr] DEBUG: udr_state_operational(): OGS_EVENT_NAME_SBI_TIMER (../src/udr/udr-sm.c:51)
11/20 18:52:39.688: [sbi] DEBUG: ogs_sbi_nf_state_registered(): OGS_EVENT_NAME_SBI_TIMER (../lib/sbi/nf-sm.c:204)
11/20 18:52:39.688: [sbi] DEBUG: [PATCH] http://[::1]:7777/nnrf-nfm/v1/nf-instances/7e0a2cc4-6947-41ed-b66f-63e3ed58556d (../lib/sbi/client.c:625)
11/20 18:52:39.688: [sbi] DEBUG: SENDING...[72] (../lib/sbi/client.c:401)
11/20 18:52:39.688: [sbi] DEBUG: [{
		"op":	"replace",
		"path":	"/nfStatus",
		"value":	"REGISTERED"
	}] (../lib/sbi/client.c:403)
11/20 18:52:39.688: [sbi] DEBUG: STREAM added [7] (../lib/sbi/nghttp2-server.c:1122)
11/20 18:52:39.688: [sbi] DEBUG: [PATCH] /nnrf-nfm/v1/nf-instances/7e0a2cc4-6947-41ed-b66f-63e3ed58556d (../lib/sbi/nghttp2-server.c:801)
11/20 18:52:39.688: [sbi] DEBUG: RECEIVED: 72 (../lib/sbi/nghttp2-server.c:805)
11/20 18:52:39.689: [sbi] DEBUG: [{
		"op":	"replace",
		"path":	"/nfStatus",
		"value":	"REGISTERED"
	}] (../lib/sbi/nghttp2-server.c:806)
11/20 18:52:39.689: [nrf] DEBUG: nrf_state_operational(): OGS_EVENT_NAME_SBI_SERVER (../src/nrf/nrf-sm.c:50)
11/20 18:52:39.689: [nrf] DEBUG: nrf_nf_state_registered(): OGS_EVENT_NAME_SBI_SERVER (../src/nrf/nf-sm.c:183)
11/20 18:52:39.689: [sbi] DEBUG: STATUS [204] (../lib/sbi/nghttp2-server.c:357)
11/20 18:52:39.689: [sbi] DEBUG: STREAM closed [7] (../lib/sbi/nghttp2-server.c:852)
0000: 00001a01 05000000 0789c261 96d07abe   ...........a..z.
0010: 941054d2 7eea0802 128015c6 c57197d4   ..T.~........q..
0020: c5a37f                                ...
11/20 18:52:39.689: [sbi] DEBUG: [204:PATCH] http://[::1]:7777/nnrf-nfm/v1/nf-instances/7e0a2cc4-6947-41ed-b66f-63e3ed58556d (../lib/sbi/client.c:573)
11/20 18:52:39.689: [sbi] DEBUG: RECEIVED[0] (../lib/sbi/client.c:584)
11/20 18:52:39.689: [udr] DEBUG: udr_state_operational(): OGS_EVENT_NAME_SBI_CLIENT (../src/udr/udr-sm.c:51)
11/20 18:52:39.689: [sbi] DEBUG: ogs_sbi_nf_state_registered(): OGS_EVENT_NAME_SBI_CLIENT (../lib/sbi/nf-sm.c:204)
11/20 18:52:40.274: [diam] DEBUG: pid:ConnTo:pcrf.localdomain in md_hook_cb_tree@dbg_msg_dumps.c:150: CONNECT FAILED to pcrf.localdomain: All connection attempts failed, will retry later
 ((null):0)
11/20 18:52:41.508: [amf] DEBUG: amf_state_operational(): OGS_EVENT_NAME_SBI_TIMER (../src/amf/amf-sm.c:78)
11/20 18:52:41.508: [sbi] DEBUG: ogs_sbi_nf_state_registered(): OGS_EVENT_NAME_SBI_TIMER (../lib/sbi/nf-sm.c:204)
11/20 18:52:41.508: [sbi] DEBUG: [PATCH] http://[::1]:7777/nnrf-nfm/v1/nf-instances/7ddada50-6947-41ed-ab85-e385b1ff7a33 (../lib/sbi/client.c:625)
11/20 18:52:41.508: [sbi] DEBUG: SENDING...[72] (../lib/sbi/client.c:401)
11/20 18:52:41.508: [sbi] DEBUG: [{
		"op":	"replace",
		"path":	"/nfStatus",
		"value":	"REGISTERED"
	}] (../lib/sbi/client.c:403)
11/20 18:52:41.509: [sbi] DEBUG: STREAM added [19] (../lib/sbi/nghttp2-server.c:1122)
11/20 18:52:41.509: [sbi] DEBUG: [PATCH] /nnrf-nfm/v1/nf-instances/7ddada50-6947-41ed-ab85-e385b1ff7a33 (../lib/sbi/nghttp2-server.c:801)
11/20 18:52:41.509: [sbi] DEBUG: RECEIVED: 72 (../lib/sbi/nghttp2-server.c:805)
11/20 18:52:41.509: [sbi] DEBUG: [{
		"op":	"replace",
		"path":	"/nfStatus",
		"value":	"REGISTERED"
	}] (../lib/sbi/nghttp2-server.c:806)
11/20 18:52:41.509: [nrf] DEBUG: nrf_state_operational(): OGS_EVENT_NAME_SBI_SERVER (../src/nrf/nrf-sm.c:50)
11/20 18:52:41.509: [nrf] DEBUG: nrf_nf_state_registered(): OGS_EVENT_NAME_SBI_SERVER (../src/nrf/nf-sm.c:183)
11/20 18:52:41.509: [sbi] DEBUG: STATUS [204] (../lib/sbi/nghttp2-server.c:357)
11/20 18:52:41.509: [sbi] DEBUG: STREAM closed [19] (../lib/sbi/nghttp2-server.c:852)
0000: 00001a01 05000000 1389c461 96d07abe   ...........a..z.
0010: 941054d2 7eea0802 128015c6 c571a0a9   ..T.~........q..
0020: 8b46ff                                .F.
11/20 18:52:41.509: [sbi] DEBUG: [204:PATCH] http://[::1]:7777/nnrf-nfm/v1/nf-instances/7ddada50-6947-41ed-ab85-e385b1ff7a33 (../lib/sbi/client.c:573)
11/20 18:52:41.509: [sbi] DEBUG: RECEIVED[0] (../lib/sbi/client.c:584)
11/20 18:52:41.509: [amf] DEBUG: amf_state_operational(): OGS_EVENT_NAME_SBI_CLIENT (../src/amf/amf-sm.c:78)
11/20 18:52:41.509: [sbi] DEBUG: ogs_sbi_nf_state_registered(): OGS_EVENT_NAME_SBI_CLIENT (../lib/sbi/nf-sm.c:204)
11/20 18:52:42.602: [upf] DEBUG: upf_state_operational(): UPF_EVT_N4_TIMER (../src/upf/upf-sm.c:51)
11/20 18:52:42.602: [upf] DEBUG: upf_pfcp_state_associated(): UPF_EVT_N4_TIMER (../src/upf/pfcp-sm.c:164)
11/20 18:52:42.602: [pfcp] DEBUG: [4] LOCAL  Create  peer [127.0.0.4]:8805 (../lib/pfcp/xact.c:116)
11/20 18:52:42.602: [pfcp] DEBUG: Heartbeat Request (../lib/pfcp/build.c:27)
11/20 18:52:42.602: [pfcp] DEBUG: [4] LOCAL  UPD TX-1  peer [127.0.0.4]:8805 (../lib/pfcp/xact.c:197)
11/20 18:52:42.602: [pfcp] DEBUG: [4] LOCAL  Commit  peer [127.0.0.4]:8805 (../lib/pfcp/xact.c:475)
11/20 18:52:42.602: [smf] DEBUG: smf_state_operational(): SMF_EVT_N4_TIMER (../src/smf/smf-sm.c:83)
11/20 18:52:42.602: [smf] DEBUG: smf_pfcp_state_associated(): SMF_EVT_N4_TIMER (../src/smf/pfcp-sm.c:165)
11/20 18:52:42.602: [pfcp] DEBUG: [7] LOCAL  Create  peer [127.0.0.7]:8805 (../lib/pfcp/xact.c:116)
11/20 18:52:42.602: [pfcp] DEBUG: Heartbeat Request (../lib/pfcp/build.c:27)
11/20 18:52:42.602: [pfcp] DEBUG: [7] LOCAL  UPD TX-1  peer [127.0.0.7]:8805 (../lib/pfcp/xact.c:197)
11/20 18:52:42.602: [pfcp] DEBUG: [7] LOCAL  Commit  peer [127.0.0.7]:8805 (../lib/pfcp/xact.c:475)
11/20 18:52:42.602: [smf] DEBUG: smf_state_operational(): SMF_EVT_N4_MESSAGE (../src/smf/smf-sm.c:83)
11/20 18:52:42.602: [pfcp] DEBUG: [4] Cannot find xact type 1 from PFCP peer [127.0.0.7]:8805 (../lib/pfcp/xact.c:797)
11/20 18:52:42.602: [pfcp] DEBUG: [4] REMOTE Create  peer [127.0.0.7]:8805 (../lib/pfcp/xact.c:159)
11/20 18:52:42.602: [pfcp] DEBUG: [4] REMOTE Receive peer [127.0.0.7]:8805 (../lib/pfcp/xact.c:704)
11/20 18:52:42.602: [pfcp] DEBUG: [4] REMOTE UPD RX-1  peer [127.0.0.7]:8805 (../lib/pfcp/xact.c:298)
11/20 18:52:42.602: [smf] DEBUG: smf_pfcp_state_associated(): SMF_EVT_N4_MESSAGE (../src/smf/pfcp-sm.c:165)
11/20 18:52:42.602: [pfcp] DEBUG: Heartbeat Response (../lib/pfcp/build.c:44)
11/20 18:52:42.602: [pfcp] DEBUG: [4] REMOTE UPD TX-2  peer [127.0.0.7]:8805 (../lib/pfcp/xact.c:197)
11/20 18:52:42.602: [pfcp] DEBUG: [4] REMOTE Commit  peer [127.0.0.7]:8805 (../lib/pfcp/xact.c:475)
11/20 18:52:42.602: [upf] DEBUG: upf_state_operational(): UPF_EVT_N4_MESSAGE (../src/upf/upf-sm.c:51)
11/20 18:52:42.602: [pfcp] DEBUG: [7] Cannot find xact type 1 from PFCP peer [127.0.0.4]:8805 (../lib/pfcp/xact.c:797)
11/20 18:52:42.602: [pfcp] DEBUG: [7] REMOTE Create  peer [127.0.0.4]:8805 (../lib/pfcp/xact.c:159)
11/20 18:52:42.602: [pfcp] DEBUG: [7] REMOTE Receive peer [127.0.0.4]:8805 (../lib/pfcp/xact.c:704)
11/20 18:52:42.602: [pfcp] DEBUG: [7] REMOTE UPD RX-1  peer [127.0.0.4]:8805 (../lib/pfcp/xact.c:298)
11/20 18:52:42.602: [upf] DEBUG: upf_pfcp_state_associated(): UPF_EVT_N4_MESSAGE (../src/upf/pfcp-sm.c:164)
11/20 18:52:42.602: [pfcp] DEBUG: Heartbeat Response (../lib/pfcp/build.c:44)
11/20 18:52:42.602: [pfcp] DEBUG: [7] REMOTE UPD TX-2  peer [127.0.0.4]:8805 (../lib/pfcp/xact.c:197)
11/20 18:52:42.602: [pfcp] DEBUG: [7] REMOTE Commit  peer [127.0.0.4]:8805 (../lib/pfcp/xact.c:475)
11/20 18:52:42.602: [upf] DEBUG: upf_state_operational(): UPF_EVT_N4_MESSAGE (../src/upf/upf-sm.c:51)
11/20 18:52:42.602: [pfcp] DEBUG: [4] LOCAL  Find    peer [127.0.0.4]:8805 (../lib/pfcp/xact.c:790)
11/20 18:52:42.602: [pfcp] DEBUG: [4] LOCAL  Receive peer [127.0.0.4]:8805 (../lib/pfcp/xact.c:704)
11/20 18:52:42.602: [pfcp] DEBUG: [4] LOCAL  UPD RX-2  peer [127.0.0.4]:8805 (../lib/pfcp/xact.c:298)
11/20 18:52:42.602: [upf] DEBUG: upf_pfcp_state_associated(): UPF_EVT_N4_MESSAGE (../src/upf/pfcp-sm.c:164)
11/20 18:52:42.602: [pfcp] DEBUG: [4] LOCAL  Commit  peer [127.0.0.4]:8805 (../lib/pfcp/xact.c:475)
11/20 18:52:42.602: [pfcp] DEBUG: [4] LOCAL  Delete  peer [127.0.0.4]:8805 (../lib/pfcp/xact.c:813)
11/20 18:52:42.602: [smf] DEBUG: smf_state_operational(): SMF_EVT_N4_MESSAGE (../src/smf/smf-sm.c:83)
11/20 18:52:42.602: [pfcp] DEBUG: [7] LOCAL  Find    peer [127.0.0.7]:8805 (../lib/pfcp/xact.c:790)
11/20 18:52:42.602: [pfcp] DEBUG: [7] LOCAL  Receive peer [127.0.0.7]:8805 (../lib/pfcp/xact.c:704)
11/20 18:52:42.602: [pfcp] DEBUG: [7] LOCAL  UPD RX-2  peer [127.0.0.7]:8805 (../lib/pfcp/xact.c:298)
11/20 18:52:42.602: [smf] DEBUG: smf_pfcp_state_associated(): SMF_EVT_N4_MESSAGE (../src/smf/pfcp-sm.c:165)
11/20 18:52:42.602: [pfcp] DEBUG: [7] LOCAL  Commit  peer [127.0.0.7]:8805 (../lib/pfcp/xact.c:475)
11/20 18:52:42.602: [pfcp] DEBUG: [7] LOCAL  Delete  peer [127.0.0.7]:8805 (../lib/pfcp/xact.c:813)
11/20 18:52:49.407: [ausf] DEBUG: ausf_state_operational(): OGS_EVENT_NAME_SBI_TIMER (../src/ausf/ausf-sm.c:52)
11/20 18:52:49.407: [sbi] DEBUG: ogs_sbi_nf_state_registered(): OGS_EVENT_NAME_SBI_TIMER (../lib/sbi/nf-sm.c:204)
11/20 18:52:49.407: [sbi] DEBUG: [PATCH] http://[::1]:7777/nnrf-nfm/v1/nf-instances/7de115d2-6947-41ed-a85d-7bd62ae74332 (../lib/sbi/client.c:625)
11/20 18:52:49.407: [sbi] DEBUG: SENDING...[72] (../lib/sbi/client.c:401)
11/20 18:52:49.407: [sbi] DEBUG: [{
		"op":	"replace",
		"path":	"/nfStatus",
		"value":	"REGISTERED"
	}] (../lib/sbi/client.c:403)
11/20 18:52:49.407: [sbi] DEBUG: STREAM added [11] (../lib/sbi/nghttp2-server.c:1122)
11/20 18:52:49.407: [sbi] DEBUG: [PATCH] /nnrf-nfm/v1/nf-instances/7de115d2-6947-41ed-a85d-7bd62ae74332 (../lib/sbi/nghttp2-server.c:801)
11/20 18:52:49.407: [sbi] DEBUG: RECEIVED: 72 (../lib/sbi/nghttp2-server.c:805)
11/20 18:52:49.407: [sbi] DEBUG: [{
		"op":	"replace",
		"path":	"/nfStatus",
		"value":	"REGISTERED"
	}] (../lib/sbi/nghttp2-server.c:806)
11/20 18:52:49.407: [nrf] DEBUG: nrf_state_operational(): OGS_EVENT_NAME_SBI_SERVER (../src/nrf/nrf-sm.c:50)
11/20 18:52:49.407: [nrf] DEBUG: nrf_nf_state_registered(): OGS_EVENT_NAME_SBI_SERVER (../src/nrf/nf-sm.c:183)
11/20 18:52:49.407: [sbi] DEBUG: STATUS [204] (../lib/sbi/nghttp2-server.c:357)
11/20 18:52:49.407: [sbi] DEBUG: STREAM closed [11] (../lib/sbi/nghttp2-server.c:852)
11/20 18:52:49.408: [sbi] DEBUG: [204:PATCH] http://[::1]:7777/nnrf-nfm/v1/nf-instances/7de115d2-6947-41ed-a85d-7bd62ae74332 (../lib/sbi/client.c:573)
11/20 18:52:49.408: [sbi] DEBUG: RECEIVED[0] (../lib/sbi/client.c:584)
0000: 00001a01 05000000 0b89c361 96d07abe   ...........a..z.
0010: 941054d2 7eea0802 128015c6 c571a7d4   ..T.~........q..
0020: c5a37f                                ...
11/20 18:52:49.408: [ausf] DEBUG: ausf_state_operational(): OGS_EVENT_NAME_SBI_CLIENT (../src/ausf/ausf-sm.c:52)
11/20 18:52:49.408: [sbi] DEBUG: ogs_sbi_nf_state_registered(): OGS_EVENT_NAME_SBI_CLIENT (../lib/sbi/nf-sm.c:204)
11/20 18:52:49.474: [udm] DEBUG: udm_state_operational(): OGS_EVENT_NAME_SBI_TIMER (../src/udm/udm-sm.c:53)
11/20 18:52:49.474: [sbi] DEBUG: ogs_sbi_nf_state_registered(): OGS_EVENT_NAME_SBI_TIMER (../lib/sbi/nf-sm.c:204)
11/20 18:52:49.474: [sbi] DEBUG: [PATCH] http://[::1]:7777/nnrf-nfm/v1/nf-instances/7de92560-6947-41ed-aeda-453c1cb18a59 (../lib/sbi/client.c:625)
11/20 18:52:49.474: [sbi] DEBUG: SENDING...[72] (../lib/sbi/client.c:401)
11/20 18:52:49.474: [sbi] DEBUG: [{
		"op":	"replace",
		"path":	"/nfStatus",
		"value":	"REGISTERED"
	}] (../lib/sbi/client.c:403)
11/20 18:52:49.474: [sbi] DEBUG: STREAM added [11] (../lib/sbi/nghttp2-server.c:1122)
11/20 18:52:49.474: [sbi] DEBUG: [PATCH] /nnrf-nfm/v1/nf-instances/7de92560-6947-41ed-aeda-453c1cb18a59 (../lib/sbi/nghttp2-server.c:801)
11/20 18:52:49.474: [sbi] DEBUG: RECEIVED: 72 (../lib/sbi/nghttp2-server.c:805)
11/20 18:52:49.474: [sbi] DEBUG: [{
		"op":	"replace",
		"path":	"/nfStatus",
		"value":	"REGISTERED"
	}] (../lib/sbi/nghttp2-server.c:806)
11/20 18:52:49.474: [nrf] DEBUG: nrf_state_operational(): OGS_EVENT_NAME_SBI_SERVER (../src/nrf/nrf-sm.c:50)
11/20 18:52:49.474: [nrf] DEBUG: nrf_nf_state_registered(): OGS_EVENT_NAME_SBI_SERVER (../src/nrf/nf-sm.c:183)
11/20 18:52:49.474: [sbi] DEBUG: STATUS [204] (../lib/sbi/nghttp2-server.c:357)
11/20 18:52:49.474: [sbi] DEBUG: STREAM closed [11] (../lib/sbi/nghttp2-server.c:852)
0000: 00001a01 05000000 0b89c361 96d07abe   ...........a..z.
0010: 941054d2 7eea0802 128015c6 c571a7d4   ..T.~........q..
0020: c5a37f                                ...
11/20 18:52:49.474: [sbi] DEBUG: [204:PATCH] http://[::1]:7777/nnrf-nfm/v1/nf-instances/7de92560-6947-41ed-aeda-453c1cb18a59 (../lib/sbi/client.c:573)
11/20 18:52:49.474: [sbi] DEBUG: RECEIVED[0] (../lib/sbi/client.c:584)
11/20 18:52:49.474: [udm] DEBUG: udm_state_operational(): OGS_EVENT_NAME_SBI_CLIENT (../src/udm/udm-sm.c:53)
11/20 18:52:49.474: [sbi] DEBUG: ogs_sbi_nf_state_registered(): OGS_EVENT_NAME_SBI_CLIENT (../lib/sbi/nf-sm.c:204)
11/20 18:52:49.553: [pcf] DEBUG: pcf_state_operational(): OGS_EVENT_NAME_SBI_TIMER (../src/pcf/pcf-sm.c:58)
11/20 18:52:49.553: [sbi] DEBUG: ogs_sbi_nf_state_registered(): OGS_EVENT_NAME_SBI_TIMER (../lib/sbi/nf-sm.c:204)
11/20 18:52:49.553: [sbi] DEBUG: [PATCH] http://[::1]:7777/nnrf-nfm/v1/nf-instances/7df42a78-6947-41ed-a590-cdd967883434 (../lib/sbi/client.c:625)
11/20 18:52:49.553: [sbi] DEBUG: SENDING...[72] (../lib/sbi/client.c:401)
11/20 18:52:49.553: [sbi] DEBUG: [{
		"op":	"replace",
		"path":	"/nfStatus",
		"value":	"REGISTERED"
	}] (../lib/sbi/client.c:403)
11/20 18:52:49.554: [sbi] DEBUG: STREAM added [11] (../lib/sbi/nghttp2-server.c:1122)
11/20 18:52:49.554: [sbi] DEBUG: [PATCH] /nnrf-nfm/v1/nf-instances/7df42a78-6947-41ed-a590-cdd967883434 (../lib/sbi/nghttp2-server.c:801)
11/20 18:52:49.554: [sbi] DEBUG: RECEIVED: 72 (../lib/sbi/nghttp2-server.c:805)
11/20 18:52:49.554: [sbi] DEBUG: [{
		"op":	"replace",
		"path":	"/nfStatus",
		"value":	"REGISTERED"
	}] (../lib/sbi/nghttp2-server.c:806)
11/20 18:52:49.554: [nrf] DEBUG: nrf_state_operational(): OGS_EVENT_NAME_SBI_SERVER (../src/nrf/nrf-sm.c:50)
11/20 18:52:49.554: [nrf] DEBUG: nrf_nf_state_registered(): OGS_EVENT_NAME_SBI_SERVER (../src/nrf/nf-sm.c:183)
11/20 18:52:49.554: [sbi] DEBUG: STATUS [204] (../lib/sbi/nghttp2-server.c:357)
11/20 18:52:49.554: [sbi] DEBUG: STREAM closed [11] (../lib/sbi/nghttp2-server.c:852)
0000: 00001a01 05000000 0b89c361 96d07abe   ...........a..z.
0010: 941054d2 7eea0802 128015c6 c571a7d4   ..T.~........q..
0020: c5a37f                                ...
11/20 18:52:49.554: [sbi] DEBUG: [204:PATCH] http://[::1]:7777/nnrf-nfm/v1/nf-instances/7df42a78-6947-41ed-a590-cdd967883434 (../lib/sbi/client.c:573)
11/20 18:52:49.554: [sbi] DEBUG: RECEIVED[0] (../lib/sbi/client.c:584)
11/20 18:52:49.554: [pcf] DEBUG: pcf_state_operational(): OGS_EVENT_NAME_SBI_CLIENT (../src/pcf/pcf-sm.c:58)
11/20 18:52:49.554: [sbi] DEBUG: ogs_sbi_nf_state_registered(): OGS_EVENT_NAME_SBI_CLIENT (../lib/sbi/nf-sm.c:204)
11/20 18:52:49.578: [nssf] DEBUG: nssf_state_operational(): OGS_EVENT_NAME_SBI_TIMER (../src/nssf/nssf-sm.c:53)
11/20 18:52:49.578: [sbi] DEBUG: ogs_sbi_nf_state_registered(): OGS_EVENT_NAME_SBI_TIMER (../lib/sbi/nf-sm.c:204)
11/20 18:52:49.578: [sbi] DEBUG: [PATCH] http://[::1]:7777/nnrf-nfm/v1/nf-instances/7df88c08-6947-41ed-a6d2-3b1beb80ef79 (../lib/sbi/client.c:625)
11/20 18:52:49.578: [sbi] DEBUG: SENDING...[72] (../lib/sbi/client.c:401)
11/20 18:52:49.578: [sbi] DEBUG: [{
		"op":	"replace",
		"path":	"/nfStatus",
		"value":	"REGISTERED"
	}] (../lib/sbi/client.c:403)
11/20 18:52:49.578: [sbi] DEBUG: STREAM added [9] (../lib/sbi/nghttp2-server.c:1122)
11/20 18:52:49.579: [sbi] DEBUG: [PATCH] /nnrf-nfm/v1/nf-instances/7df88c08-6947-41ed-a6d2-3b1beb80ef79 (../lib/sbi/nghttp2-server.c:801)
11/20 18:52:49.579: [sbi] DEBUG: RECEIVED: 72 (../lib/sbi/nghttp2-server.c:805)
11/20 18:52:49.579: [sbi] DEBUG: [{
		"op":	"replace",
		"path":	"/nfStatus",
		"value":	"REGISTERED"
	}] (../lib/sbi/nghttp2-server.c:806)
11/20 18:52:49.579: [nrf] DEBUG: nrf_state_operational(): OGS_EVENT_NAME_SBI_SERVER (../src/nrf/nrf-sm.c:50)
11/20 18:52:49.579: [nrf] DEBUG: nrf_nf_state_registered(): OGS_EVENT_NAME_SBI_SERVER (../src/nrf/nf-sm.c:183)
11/20 18:52:49.579: [sbi] DEBUG: STATUS [204] (../lib/sbi/nghttp2-server.c:357)
11/20 18:52:49.579: [sbi] DEBUG: STREAM closed [9] (../lib/sbi/nghttp2-server.c:852)
11/20 18:52:49.579: [sbi] DEBUG: [204:PATCH] http://[::1]:7777/nnrf-nfm/v1/nf-instances/7df88c08-6947-41ed-a6d2-3b1beb80ef79 (../lib/sbi/client.c:573)
11/20 18:52:49.579: [sbi] DEBUG: RECEIVED[0] (../lib/sbi/client.c:584)
0000: 00001a01 05000000 0989c361 96d07abe   ...........a..z.
0010: 941054d2 7eea0802 128015c6 c571a7d4   ..T.~........q..
0020: c5a37f                                ...
11/20 18:52:49.579: [nssf] DEBUG: nssf_state_operational(): OGS_EVENT_NAME_SBI_CLIENT (../src/nssf/nssf-sm.c:53)
11/20 18:52:49.579: [sbi] DEBUG: ogs_sbi_nf_state_registered(): OGS_EVENT_NAME_SBI_CLIENT (../lib/sbi/nf-sm.c:204)
11/20 18:52:49.604: [smf] DEBUG: smf_state_operational(): OGS_EVENT_NAME_SBI_TIMER (../src/smf/smf-sm.c:83)
11/20 18:52:49.604: [sbi] DEBUG: ogs_sbi_nf_state_registered(): OGS_EVENT_NAME_SBI_TIMER (../lib/sbi/nf-sm.c:204)
11/20 18:52:49.604: [sbi] DEBUG: [PATCH] http://[::1]:7777/nnrf-nfm/v1/nf-instances/7dede140-6947-41ed-b984-b79611f9b6e4 (../lib/sbi/client.c:625)
11/20 18:52:49.604: [sbi] DEBUG: SENDING...[72] (../lib/sbi/client.c:401)
11/20 18:52:49.604: [sbi] DEBUG: [{
		"op":	"replace",
		"path":	"/nfStatus",
		"value":	"REGISTERED"
	}] (../lib/sbi/client.c:403)
11/20 18:52:49.604: [sbi] DEBUG: STREAM added [15] (../lib/sbi/nghttp2-server.c:1122)
11/20 18:52:49.604: [sbi] DEBUG: [PATCH] /nnrf-nfm/v1/nf-instances/7dede140-6947-41ed-b984-b79611f9b6e4 (../lib/sbi/nghttp2-server.c:801)
11/20 18:52:49.604: [sbi] DEBUG: RECEIVED: 72 (../lib/sbi/nghttp2-server.c:805)
11/20 18:52:49.605: [sbi] DEBUG: [{
		"op":	"replace",
		"path":	"/nfStatus",
		"value":	"REGISTERED"
	}] (../lib/sbi/nghttp2-server.c:806)
11/20 18:52:49.605: [nrf] DEBUG: nrf_state_operational(): OGS_EVENT_NAME_SBI_SERVER (../src/nrf/nrf-sm.c:50)
11/20 18:52:49.605: [nrf] DEBUG: nrf_nf_state_registered(): OGS_EVENT_NAME_SBI_SERVER (../src/nrf/nf-sm.c:183)
11/20 18:52:49.605: [sbi] DEBUG: STATUS [204] (../lib/sbi/nghttp2-server.c:357)
11/20 18:52:49.605: [sbi] DEBUG: STREAM closed [15] (../lib/sbi/nghttp2-server.c:852)
11/20 18:52:49.605: [sbi] DEBUG: [204:PATCH] http://[::1]:7777/nnrf-nfm/v1/nf-instances/7dede140-6947-41ed-b984-b79611f9b6e4 (../lib/sbi/client.c:573)
11/20 18:52:49.605: [sbi] DEBUG: RECEIVED[0] (../lib/sbi/client.c:584)
11/20 18:52:49.605: [smf] DEBUG: smf_state_operational(): OGS_EVENT_NAME_SBI_CLIENT (../src/smf/smf-sm.c:83)
11/20 18:52:49.605: [sbi] DEBUG: ogs_sbi_nf_state_registered(): OGS_EVENT_NAME_SBI_CLIENT (../lib/sbi/nf-sm.c:204)
0000: 00001a01 05000000 0f89c561 96d07abe   ...........a..z.
0010: 941054d2 7eea0802 128015c6 c571a7d4   ..T.~........q..
0020: c5a37f                                ...
11/20 18:52:49.647: [bsf] DEBUG: bsf_state_operational(): OGS_EVENT_NAME_SBI_TIMER (../src/bsf/bsf-sm.c:55)
11/20 18:52:49.647: [sbi] DEBUG: ogs_sbi_nf_state_registered(): OGS_EVENT_NAME_SBI_TIMER (../lib/sbi/nf-sm.c:204)
11/20 18:52:49.647: [sbi] DEBUG: [PATCH] http://[::1]:7777/nnrf-nfm/v1/nf-instances/7e02d348-6947-41ed-be4c-317cb1907fa6 (../lib/sbi/client.c:625)
11/20 18:52:49.647: [sbi] DEBUG: SENDING...[72] (../lib/sbi/client.c:401)
11/20 18:52:49.647: [sbi] DEBUG: [{
		"op":	"replace",
		"path":	"/nfStatus",
		"value":	"REGISTERED"
	}] (../lib/sbi/client.c:403)
11/20 18:52:49.647: [sbi] DEBUG: STREAM added [9] (../lib/sbi/nghttp2-server.c:1122)
11/20 18:52:49.647: [sbi] DEBUG: [PATCH] /nnrf-nfm/v1/nf-instances/7e02d348-6947-41ed-be4c-317cb1907fa6 (../lib/sbi/nghttp2-server.c:801)
11/20 18:52:49.647: [sbi] DEBUG: RECEIVED: 72 (../lib/sbi/nghttp2-server.c:805)
11/20 18:52:49.647: [sbi] DEBUG: [{
		"op":	"replace",
		"path":	"/nfStatus",
		"value":	"REGISTERED"
	}] (../lib/sbi/nghttp2-server.c:806)
11/20 18:52:49.647: [nrf] DEBUG: nrf_state_operational(): OGS_EVENT_NAME_SBI_SERVER (../src/nrf/nrf-sm.c:50)
11/20 18:52:49.647: [nrf] DEBUG: nrf_nf_state_registered(): OGS_EVENT_NAME_SBI_SERVER (../src/nrf/nf-sm.c:183)
11/20 18:52:49.647: [sbi] DEBUG: STATUS [204] (../lib/sbi/nghttp2-server.c:357)
11/20 18:52:49.647: [sbi] DEBUG: STREAM closed [9] (../lib/sbi/nghttp2-server.c:852)
11/20 18:52:49.647: [sbi] DEBUG: [204:PATCH] http://[::1]:7777/nnrf-nfm/v1/nf-instances/7e02d348-6947-41ed-be4c-317cb1907fa6 (../lib/sbi/client.c:573)
11/20 18:52:49.647: [sbi] DEBUG: RECEIVED[0] (../lib/sbi/client.c:584)
11/20 18:52:49.647: [bsf] DEBUG: bsf_state_operational(): OGS_EVENT_NAME_SBI_CLIENT (../src/bsf/bsf-sm.c:55)
0000: 00001a01 05000000 0989c361 96d07abe   ...........a..z.
0010: 941054d2 7eea0802 128015c6 c571a7d4   ..T.~........q..
0020: c5a37f                                ...
11/20 18:52:49.647: [sbi] DEBUG: ogs_sbi_nf_state_registered(): OGS_EVENT_NAME_SBI_CLIENT (../lib/sbi/nf-sm.c:204)
11/20 18:52:49.698: [udr] DEBUG: udr_state_operational(): OGS_EVENT_NAME_SBI_TIMER (../src/udr/udr-sm.c:51)
11/20 18:52:49.698: [sbi] DEBUG: ogs_sbi_nf_state_registered(): OGS_EVENT_NAME_SBI_TIMER (../lib/sbi/nf-sm.c:204)
11/20 18:52:49.698: [sbi] DEBUG: [PATCH] http://[::1]:7777/nnrf-nfm/v1/nf-instances/7e0a2cc4-6947-41ed-b66f-63e3ed58556d (../lib/sbi/client.c:625)
11/20 18:52:49.699: [sbi] DEBUG: SENDING...[72] (../lib/sbi/client.c:401)
11/20 18:52:49.699: [sbi] DEBUG: [{
		"op":	"replace",
		"path":	"/nfStatus",
		"value":	"REGISTERED"
	}] (../lib/sbi/client.c:403)
11/20 18:52:49.699: [sbi] DEBUG: STREAM added [9] (../lib/sbi/nghttp2-server.c:1122)
11/20 18:52:49.699: [sbi] DEBUG: [PATCH] /nnrf-nfm/v1/nf-instances/7e0a2cc4-6947-41ed-b66f-63e3ed58556d (../lib/sbi/nghttp2-server.c:801)
11/20 18:52:49.699: [sbi] DEBUG: RECEIVED: 72 (../lib/sbi/nghttp2-server.c:805)
11/20 18:52:49.699: [sbi] DEBUG: [{
		"op":	"replace",
		"path":	"/nfStatus",
		"value":	"REGISTERED"
	}] (../lib/sbi/nghttp2-server.c:806)
11/20 18:52:49.699: [nrf] DEBUG: nrf_state_operational(): OGS_EVENT_NAME_SBI_SERVER (../src/nrf/nrf-sm.c:50)
11/20 18:52:49.699: [nrf] DEBUG: nrf_nf_state_registered(): OGS_EVENT_NAME_SBI_SERVER (../src/nrf/nf-sm.c:183)
11/20 18:52:49.700: [sbi] DEBUG: STATUS [204] (../lib/sbi/nghttp2-server.c:357)
11/20 18:52:49.700: [sbi] DEBUG: STREAM closed [9] (../lib/sbi/nghttp2-server.c:852)
11/20 18:52:49.700: [sbi] DEBUG: [204:PATCH] http://[::1]:7777/nnrf-nfm/v1/nf-instances/7e0a2cc4-6947-41ed-b66f-63e3ed58556d (../lib/sbi/client.c:573)
0000: 00001a01 05000000 0989c361 96d07abe   ...........a..z.
0010: 941054d2 7eea0802 128015c6 c571a7d4   ..T.~........q..
0020: c5a37f                                ...
11/20 18:52:49.700: [sbi] DEBUG: RECEIVED[0] (../lib/sbi/client.c:584)
11/20 18:52:49.700: [udr] DEBUG: udr_state_operational(): OGS_EVENT_NAME_SBI_CLIENT (../src/udr/udr-sm.c:51)
11/20 18:52:49.700: [sbi] DEBUG: ogs_sbi_nf_state_registered(): OGS_EVENT_NAME_SBI_CLIENT (../lib/sbi/nf-sm.c:204)
11/20 18:52:50.102: [pfcp] DEBUG: [7] REMOTE Holding Timeout for step 2 type 2 peer [127.0.0.4]:8805 (../lib/pfcp/xact.c:647)
11/20 18:52:50.102: [pfcp] DEBUG: [7] REMOTE Delete Transaction for step 2 type 2 peer [127.0.0.4]:8805 (../lib/pfcp/xact.c:660)
11/20 18:52:50.102: [pfcp] DEBUG: [7] REMOTE Delete  peer [127.0.0.4]:8805 (../lib/pfcp/xact.c:813)
11/20 18:52:50.103: [pfcp] DEBUG: [4] REMOTE Holding Timeout for step 2 type 2 peer [127.0.0.7]:8805 (../lib/pfcp/xact.c:647)
11/20 18:52:50.103: [pfcp] DEBUG: [4] REMOTE Delete Transaction for step 2 type 2 peer [127.0.0.7]:8805 (../lib/pfcp/xact.c:660)
11/20 18:52:50.103: [pfcp] DEBUG: [4] REMOTE Delete  peer [127.0.0.7]:8805 (../lib/pfcp/xact.c:813)
11/20 18:52:51.519: [amf] DEBUG: amf_state_operational(): OGS_EVENT_NAME_SBI_TIMER (../src/amf/amf-sm.c:78)
11/20 18:52:51.519: [sbi] DEBUG: ogs_sbi_nf_state_registered(): OGS_EVENT_NAME_SBI_TIMER (../lib/sbi/nf-sm.c:204)
11/20 18:52:51.519: [sbi] DEBUG: [PATCH] http://[::1]:7777/nnrf-nfm/v1/nf-instances/7ddada50-6947-41ed-ab85-e385b1ff7a33 (../lib/sbi/client.c:625)
11/20 18:52:51.519: [sbi] DEBUG: SENDING...[72] (../lib/sbi/client.c:401)
11/20 18:52:51.519: [sbi] DEBUG: [{
		"op":	"replace",
		"path":	"/nfStatus",
		"value":	"REGISTERED"
	}] (../lib/sbi/client.c:403)
11/20 18:52:51.519: [sbi] DEBUG: STREAM added [21] (../lib/sbi/nghttp2-server.c:1122)
11/20 18:52:51.519: [sbi] DEBUG: [PATCH] /nnrf-nfm/v1/nf-instances/7ddada50-6947-41ed-ab85-e385b1ff7a33 (../lib/sbi/nghttp2-server.c:801)
11/20 18:52:51.519: [sbi] DEBUG: RECEIVED: 72 (../lib/sbi/nghttp2-server.c:805)
11/20 18:52:51.519: [sbi] DEBUG: [{
		"op":	"replace",
		"path":	"/nfStatus",
		"value":	"REGISTERED"
	}] (../lib/sbi/nghttp2-server.c:806)
11/20 18:52:51.519: [nrf] DEBUG: nrf_state_operational(): OGS_EVENT_NAME_SBI_SERVER (../src/nrf/nrf-sm.c:50)
11/20 18:52:51.519: [nrf] DEBUG: nrf_nf_state_registered(): OGS_EVENT_NAME_SBI_SERVER (../src/nrf/nf-sm.c:183)
11/20 18:52:51.519: [sbi] DEBUG: STATUS [204] (../lib/sbi/nghttp2-server.c:357)
11/20 18:52:51.519: [sbi] DEBUG: STREAM closed [21] (../lib/sbi/nghttp2-server.c:852)
0000: 00001a01 05000000 1589c561 96d07abe   ...........a..z.
0010: 941054d2 7eea0802 128015c6 c571b0a9   ..T.~........q..
0020: 8b46ff                                .F.
11/20 18:52:51.519: [sbi] DEBUG: [204:PATCH] http://[::1]:7777/nnrf-nfm/v1/nf-instances/7ddada50-6947-41ed-ab85-e385b1ff7a33 (../lib/sbi/client.c:573)
11/20 18:52:51.519: [sbi] DEBUG: RECEIVED[0] (../lib/sbi/client.c:584)
11/20 18:52:51.520: [amf] DEBUG: amf_state_operational(): OGS_EVENT_NAME_SBI_CLIENT (../src/amf/amf-sm.c:78)
11/20 18:52:51.520: [sbi] DEBUG: ogs_sbi_nf_state_registered(): OGS_EVENT_NAME_SBI_CLIENT (../lib/sbi/nf-sm.c:204)
11/20 18:52:53.606: [upf] DEBUG: upf_state_operational(): UPF_EVT_N4_TIMER (../src/upf/upf-sm.c:51)
11/20 18:52:53.606: [upf] DEBUG: upf_pfcp_state_associated(): UPF_EVT_N4_TIMER (../src/upf/pfcp-sm.c:164)
11/20 18:52:53.606: [pfcp] DEBUG: [5] LOCAL  Create  peer [127.0.0.4]:8805 (../lib/pfcp/xact.c:116)
11/20 18:52:53.606: [pfcp] DEBUG: Heartbeat Request (../lib/pfcp/build.c:27)
11/20 18:52:53.606: [pfcp] DEBUG: [5] LOCAL  UPD TX-1  peer [127.0.0.4]:8805 (../lib/pfcp/xact.c:197)
11/20 18:52:53.606: [pfcp] DEBUG: [5] LOCAL  Commit  peer [127.0.0.4]:8805 (../lib/pfcp/xact.c:475)
11/20 18:52:53.607: [smf] DEBUG: smf_state_operational(): SMF_EVT_N4_TIMER (../src/smf/smf-sm.c:83)
11/20 18:52:53.607: [smf] DEBUG: smf_pfcp_state_associated(): SMF_EVT_N4_TIMER (../src/smf/pfcp-sm.c:165)
11/20 18:52:53.607: [pfcp] DEBUG: [8] LOCAL  Create  peer [127.0.0.7]:8805 (../lib/pfcp/xact.c:116)
11/20 18:52:53.607: [pfcp] DEBUG: Heartbeat Request (../lib/pfcp/build.c:27)
11/20 18:52:53.607: [pfcp] DEBUG: [8] LOCAL  UPD TX-1  peer [127.0.0.7]:8805 (../lib/pfcp/xact.c:197)
11/20 18:52:53.607: [pfcp] DEBUG: [8] LOCAL  Commit  peer [127.0.0.7]:8805 (../lib/pfcp/xact.c:475)
11/20 18:52:53.607: [smf] DEBUG: smf_state_operational(): SMF_EVT_N4_MESSAGE (../src/smf/smf-sm.c:83)
11/20 18:52:53.607: [pfcp] DEBUG: [5] Cannot find xact type 1 from PFCP peer [127.0.0.7]:8805 (../lib/pfcp/xact.c:797)
11/20 18:52:53.607: [pfcp] DEBUG: [5] REMOTE Create  peer [127.0.0.7]:8805 (../lib/pfcp/xact.c:159)
11/20 18:52:53.607: [pfcp] DEBUG: [5] REMOTE Receive peer [127.0.0.7]:8805 (../lib/pfcp/xact.c:704)
11/20 18:52:53.607: [pfcp] DEBUG: [5] REMOTE UPD RX-1  peer [127.0.0.7]:8805 (../lib/pfcp/xact.c:298)
11/20 18:52:53.607: [upf] DEBUG: upf_state_operational(): UPF_EVT_N4_MESSAGE (../src/upf/upf-sm.c:51)
11/20 18:52:53.607: [smf] DEBUG: smf_pfcp_state_associated(): SMF_EVT_N4_MESSAGE (../src/smf/pfcp-sm.c:165)
11/20 18:52:53.607: [pfcp] DEBUG: Heartbeat Response (../lib/pfcp/build.c:44)
11/20 18:52:53.607: [pfcp] DEBUG: [8] Cannot find xact type 1 from PFCP peer [127.0.0.4]:8805 (../lib/pfcp/xact.c:797)
11/20 18:52:53.607: [pfcp] DEBUG: [5] REMOTE UPD TX-2  peer [127.0.0.7]:8805 (../lib/pfcp/xact.c:197)
11/20 18:52:53.607: [pfcp] DEBUG: [8] REMOTE Create  peer [127.0.0.4]:8805 (../lib/pfcp/xact.c:159)
11/20 18:52:53.607: [pfcp] DEBUG: [5] REMOTE Commit  peer [127.0.0.7]:8805 (../lib/pfcp/xact.c:475)
11/20 18:52:53.607: [pfcp] DEBUG: [8] REMOTE Receive peer [127.0.0.4]:8805 (../lib/pfcp/xact.c:704)
11/20 18:52:53.607: [pfcp] DEBUG: [8] REMOTE UPD RX-1  peer [127.0.0.4]:8805 (../lib/pfcp/xact.c:298)
11/20 18:52:53.607: [upf] DEBUG: upf_pfcp_state_associated(): UPF_EVT_N4_MESSAGE (../src/upf/pfcp-sm.c:164)
11/20 18:52:53.607: [pfcp] DEBUG: Heartbeat Response (../lib/pfcp/build.c:44)
11/20 18:52:53.607: [pfcp] DEBUG: [8] REMOTE UPD TX-2  peer [127.0.0.4]:8805 (../lib/pfcp/xact.c:197)
11/20 18:52:53.607: [pfcp] DEBUG: [8] REMOTE Commit  peer [127.0.0.4]:8805 (../lib/pfcp/xact.c:475)
11/20 18:52:53.607: [upf] DEBUG: upf_state_operational(): UPF_EVT_N4_MESSAGE (../src/upf/upf-sm.c:51)
11/20 18:52:53.607: [pfcp] DEBUG: [5] LOCAL  Find    peer [127.0.0.4]:8805 (../lib/pfcp/xact.c:790)
11/20 18:52:53.607: [pfcp] DEBUG: [5] LOCAL  Receive peer [127.0.0.4]:8805 (../lib/pfcp/xact.c:704)
11/20 18:52:53.607: [pfcp] DEBUG: [5] LOCAL  UPD RX-2  peer [127.0.0.4]:8805 (../lib/pfcp/xact.c:298)
11/20 18:52:53.607: [upf] DEBUG: upf_pfcp_state_associated(): UPF_EVT_N4_MESSAGE (../src/upf/pfcp-sm.c:164)
11/20 18:52:53.607: [pfcp] DEBUG: [5] LOCAL  Commit  peer [127.0.0.4]:8805 (../lib/pfcp/xact.c:475)
11/20 18:52:53.607: [pfcp] DEBUG: [5] LOCAL  Delete  peer [127.0.0.4]:8805 (../lib/pfcp/xact.c:813)
11/20 18:52:53.608: [smf] DEBUG: smf_state_operational(): SMF_EVT_N4_MESSAGE (../src/smf/smf-sm.c:83)
11/20 18:52:53.608: [pfcp] DEBUG: [8] LOCAL  Find    peer [127.0.0.7]:8805 (../lib/pfcp/xact.c:790)
11/20 18:52:53.608: [pfcp] DEBUG: [8] LOCAL  Receive peer [127.0.0.7]:8805 (../lib/pfcp/xact.c:704)
11/20 18:52:53.608: [pfcp] DEBUG: [8] LOCAL  UPD RX-2  peer [127.0.0.7]:8805 (../lib/pfcp/xact.c:298)
11/20 18:52:53.608: [smf] DEBUG: smf_pfcp_state_associated(): SMF_EVT_N4_MESSAGE (../src/smf/pfcp-sm.c:165)
11/20 18:52:53.608: [pfcp] DEBUG: [8] LOCAL  Commit  peer [127.0.0.7]:8805 (../lib/pfcp/xact.c:475)
11/20 18:52:53.608: [pfcp] DEBUG: [8] LOCAL  Delete  peer [127.0.0.7]:8805 (../lib/pfcp/xact.c:813)
11/20 18:52:55.948: [app] INFO: SIGINT received (../src/main.c:54)
11/20 18:52:55.948: [app] INFO: SIGINT received (../src/main.c:54)
11/20 18:52:55.948: [app] INFO: SIGINT received (../src/main.c:54)
11/20 18:52:55.948: [app] INFO: SIGINT received (../src/main.c:54)
11/20 18:52:55.948: [app] INFO: Open5GS daemon terminating... (../src/main.c:226)
11/20 18:52:55.948: [app] INFO: SIGINT received (../src/main.c:54)
11/20 18:52:55.948: [app] INFO: Open5GS daemon terminating... (../src/main.c:226)
11/20 18:52:55.948: [app] INFO: Open5GS daemon terminating... (../src/main.c:226)
11/20 18:52:55.948: [app] INFO: Open5GS daemon terminating... (../src/main.c:226)
11/20 18:52:55.948: [app] INFO: Open5GS daemon terminating... (../src/main.c:226)
11/20 18:52:55.948: [sbi] DEBUG: ogs_sbi_nf_state_registered(): EXIT (../lib/sbi/nf-sm.c:204)
11/20 18:52:55.948: [sbi] DEBUG: ogs_sbi_nf_state_registered(): EXIT (../lib/sbi/nf-sm.c:204)
11/20 18:52:55.948: [sbi] DEBUG: ogs_sbi_nf_state_registered(): EXIT (../lib/sbi/nf-sm.c:204)
11/20 18:52:55.948: [sbi] DEBUG: ogs_sbi_nf_state_final(): EXIT (../lib/sbi/nf-sm.c:99)
11/20 18:52:55.948: [app] INFO: SIGINT received (../src/main.c:54)
11/20 18:52:55.948: [sbi] DEBUG: ogs_sbi_nf_state_registered(): EXIT (../lib/sbi/nf-sm.c:204)
11/20 18:52:55.948: [sbi] DEBUG: ogs_sbi_nf_state_registered(): EXIT (../lib/sbi/nf-sm.c:204)
11/20 18:52:55.948: [sbi] DEBUG: ogs_sbi_nf_state_final(): EXIT (../lib/sbi/nf-sm.c:99)
11/20 18:52:55.948: [sbi] DEBUG: ogs_sbi_nf_state_final(): EXIT (../lib/sbi/nf-sm.c:99)
11/20 18:52:55.948: [sbi] DEBUG: ogs_sbi_nf_state_registered(): EXIT (../lib/sbi/nf-sm.c:204)
11/20 18:52:55.948: [app] INFO: Open5GS daemon terminating... (../src/main.c:226)
11/20 18:52:55.948: [sbi] DEBUG: ogs_sbi_nf_state_final(): EXIT (../lib/sbi/nf-sm.c:99)
11/20 18:52:55.948: [sbi] DEBUG: ogs_sbi_nf_state_registered(): EXIT (../lib/sbi/nf-sm.c:204)
11/20 18:52:55.948: [sbi] DEBUG: ogs_sbi_nf_state_final(): EXIT (../lib/sbi/nf-sm.c:99)
11/20 18:52:55.948: [sbi] INFO: [7df88c08-6947-41ed-a6d2-3b1beb80ef79] NF de-registered (../lib/sbi/nf-sm.c:238)
11/20 18:52:55.948: [sbi] DEBUG: ogs_sbi_nf_state_registered(): EXIT (../lib/sbi/nf-sm.c:204)
11/20 18:52:55.948: [sbi] DEBUG: ogs_sbi_nf_state_registered(): EXIT (../lib/sbi/nf-sm.c:204)
11/20 18:52:55.948: [sbi] INFO: [7e0a2cc4-6947-41ed-b66f-63e3ed58556d] NF de-registered (../lib/sbi/nf-sm.c:238)
11/20 18:52:55.948: [sbi] DEBUG: ogs_sbi_nf_state_registered(): EXIT (../lib/sbi/nf-sm.c:204)
11/20 18:52:55.948: [sbi] DEBUG: ogs_sbi_nf_state_registered(): EXIT (../lib/sbi/nf-sm.c:204)
11/20 18:52:55.948: [sbi] INFO: [7ddada50-6947-41ed-ab85-e385b1ff7a33] NF de-registered (../lib/sbi/nf-sm.c:238)
11/20 18:52:55.948: [sbi] DEBUG: ogs_sbi_nf_state_final(): EXIT (../lib/sbi/nf-sm.c:99)
11/20 18:52:55.948: [sbi] INFO: [7e02d348-6947-41ed-be4c-317cb1907fa6] NF de-registered (../lib/sbi/nf-sm.c:238)
11/20 18:52:55.948: [sbi] DEBUG: ogs_sbi_nf_state_registered(): EXIT (../lib/sbi/nf-sm.c:204)
11/20 18:52:55.948: [sbi] INFO: [7de92560-6947-41ed-aeda-453c1cb18a59] NF de-registered (../lib/sbi/nf-sm.c:238)
11/20 18:52:55.948: [sbi] INFO: [7dede140-6947-41ed-b984-b79611f9b6e4] NF de-registered (../lib/sbi/nf-sm.c:238)
11/20 18:52:55.948: [sbi] DEBUG: [DELETE] http://[::1]:7777/nnrf-nfm/v1/nf-instances/7df88c08-6947-41ed-a6d2-3b1beb80ef79 (../lib/sbi/client.c:625)
11/20 18:52:55.948: [sbi] DEBUG: [DELETE] http://[::1]:7777/nnrf-nfm/v1/nf-instances/7e0a2cc4-6947-41ed-b66f-63e3ed58556d (../lib/sbi/client.c:625)
11/20 18:52:55.948: [sbi] DEBUG: [DELETE] http://[::1]:7777/nnrf-nfm/v1/nf-instances/7e02d348-6947-41ed-be4c-317cb1907fa6 (../lib/sbi/client.c:625)
11/20 18:52:55.948: [sbi] DEBUG: [DELETE] http://[::1]:7777/nnrf-nfm/v1/nf-instances/7ddada50-6947-41ed-ab85-e385b1ff7a33 (../lib/sbi/client.c:625)
11/20 18:52:55.948: [sbi] DEBUG: [DELETE] http://[::1]:7777/nnrf-nfm/v1/nf-instances/7de92560-6947-41ed-aeda-453c1cb18a59 (../lib/sbi/client.c:625)
11/20 18:52:55.948: [sbi] DEBUG: ogs_sbi_nf_state_final(): EXIT (../lib/sbi/nf-sm.c:99)
11/20 18:52:55.948: [sbi] DEBUG: [DELETE] http://[::1]:7777/nnrf-nfm/v1/nf-instances/7dede140-6947-41ed-b984-b79611f9b6e4 (../lib/sbi/client.c:625)
11/20 18:52:55.948: [sbi] DEBUG: ogs_sbi_nf_state_final(): EXIT (../lib/sbi/nf-sm.c:99)
11/20 18:52:55.948: [event] DEBUG: interrupt all (../lib/core/ogs-queue.c:277)
11/20 18:52:55.948: [event] DEBUG: interrupt all (../lib/core/ogs-queue.c:277)
11/20 18:52:55.948: [sbi] DEBUG: ogs_sbi_nf_state_final(): EXIT (../lib/sbi/nf-sm.c:99)
11/20 18:52:55.948: [thread] DEBUG: [0x55ba7cc91c30] thread running(1) (../lib/core/ogs-thread.c:111)
11/20 18:52:55.948: [sbi] DEBUG: ogs_sbi_nf_state_final(): EXIT (../lib/sbi/nf-sm.c:99)
11/20 18:52:55.948: [event] DEBUG: interrupt all (../lib/core/ogs-queue.c:277)
11/20 18:52:55.948: [sbi] DEBUG: ogs_sbi_nf_state_registered(): EXIT (../lib/sbi/nf-sm.c:204)
11/20 18:52:55.948: [thread] DEBUG: [0x55f42e8ee320] thread running(1) (../lib/core/ogs-thread.c:111)
11/20 18:52:55.948: [sbi] DEBUG: ogs_sbi_nf_state_final(): EXIT (../lib/sbi/nf-sm.c:99)
11/20 18:52:55.948: [sbi] DEBUG: ogs_sbi_nf_state_final(): EXIT (../lib/sbi/nf-sm.c:99)
11/20 18:52:55.948: [sbi] DEBUG: ogs_sbi_nf_state_final(): EXIT (../lib/sbi/nf-sm.c:99)
11/20 18:52:55.948: [sbi] DEBUG: ogs_sbi_nf_state_registered(): EXIT (../lib/sbi/nf-sm.c:204)
11/20 18:52:55.948: [sbi] DEBUG: ogs_sbi_nf_state_registered(): EXIT (../lib/sbi/nf-sm.c:204)
11/20 18:52:55.948: [thread] DEBUG: [0x55a0d5629780] thread running(1) (../lib/core/ogs-thread.c:111)
11/20 18:52:55.948: [app] INFO: SIGINT received (../src/main.c:54)
11/20 18:52:55.948: [sbi] DEBUG: ogs_sbi_nf_state_final(): EXIT (../lib/sbi/nf-sm.c:99)
11/20 18:52:55.948: [sbi] DEBUG: ogs_sbi_nf_state_registered(): EXIT (../lib/sbi/nf-sm.c:204)
11/20 18:52:55.948: [sbi] DEBUG: ogs_sbi_nf_state_final(): EXIT (../lib/sbi/nf-sm.c:99)
11/20 18:52:55.948: [app] INFO: Open5GS daemon terminating... (../src/main.c:226)
11/20 18:52:55.948: [sbi] DEBUG: ogs_sbi_nf_state_registered(): EXIT (../lib/sbi/nf-sm.c:204)
11/20 18:52:55.948: [app] INFO: SIGINT received (../src/main.c:54)
11/20 18:52:55.948: [sbi] DEBUG: ogs_sbi_nf_state_final(): EXIT (../lib/sbi/nf-sm.c:99)
11/20 18:52:55.948: [app] INFO: SIGINT received (../src/main.c:54)
11/20 18:52:55.948: [event] DEBUG: interrupt all (../lib/core/ogs-queue.c:277)
11/20 18:52:55.948: [sbi] DEBUG: ogs_sbi_nf_state_final(): EXIT (../lib/sbi/nf-sm.c:99)
11/20 18:52:55.948: [sbi] DEBUG: ogs_sbi_nf_state_registered(): EXIT (../lib/sbi/nf-sm.c:204)
11/20 18:52:55.948: [app] INFO: Open5GS daemon terminating... (../src/main.c:226)
11/20 18:52:55.948: [sbi] DEBUG: ogs_sbi_nf_state_registered(): EXIT (../lib/sbi/nf-sm.c:204)
11/20 18:52:55.948: [app] INFO: SIGINT received (../src/main.c:54)
11/20 18:52:55.948: [sbi] DEBUG: ogs_sbi_nf_state_final(): EXIT (../lib/sbi/nf-sm.c:99)
11/20 18:52:55.948: [sbi] DEBUG: ogs_sbi_nf_state_registered(): EXIT (../lib/sbi/nf-sm.c:204)
11/20 18:52:55.948: [app] INFO: Open5GS daemon terminating... (../src/main.c:226)
11/20 18:52:55.948: [app] INFO: Open5GS daemon terminating... (../src/main.c:226)
11/20 18:52:55.948: [sbi] DEBUG: ogs_sbi_nf_state_final(): EXIT (../lib/sbi/nf-sm.c:99)
11/20 18:52:55.948: [sbi] DEBUG: ogs_sbi_nf_state_registered(): EXIT (../lib/sbi/nf-sm.c:204)
11/20 18:52:55.948: [thread] DEBUG: [0x56375a12bde0] thread running(1) (../lib/core/ogs-thread.c:111)
11/20 18:52:55.948: [sbi] DEBUG: ogs_sbi_nf_state_final(): EXIT (../lib/sbi/nf-sm.c:99)
11/20 18:52:55.948: [event] DEBUG: interrupt all (../lib/core/ogs-queue.c:277)
11/20 18:52:55.948: [sbi] INFO: [7df42a78-6947-41ed-a590-cdd967883434] NF de-registered (../lib/sbi/nf-sm.c:238)
11/20 18:52:55.948: [sbi] DEBUG: ogs_sbi_nf_state_registered(): EXIT (../lib/sbi/nf-sm.c:204)
11/20 18:52:55.948: [sbi] DEBUG: ogs_sbi_nf_state_registered(): EXIT (../lib/sbi/nf-sm.c:204)
11/20 18:52:55.948: [sbi] DEBUG: ogs_sbi_nf_state_registered(): EXIT (../lib/sbi/nf-sm.c:204)
11/20 18:52:55.948: [event] DEBUG: interrupt all (../lib/core/ogs-queue.c:277)
11/20 18:52:55.948: [sbi] DEBUG: ogs_sbi_nf_state_final(): EXIT (../lib/sbi/nf-sm.c:99)
11/20 18:52:55.948: [sbi] DEBUG: ogs_sbi_nf_state_final(): EXIT (../lib/sbi/nf-sm.c:99)
11/20 18:52:55.948: [thread] DEBUG: [0x55d7d8f56c40] thread running(1) (../lib/core/ogs-thread.c:111)
11/20 18:52:55.948: [sbi] DEBUG: [DELETE] http://[::1]:7777/nnrf-nfm/v1/nf-instances/7df42a78-6947-41ed-a590-cdd967883434 (../lib/sbi/client.c:625)
11/20 18:52:55.948: [sbi] DEBUG: ogs_sbi_nf_state_final(): EXIT (../lib/sbi/nf-sm.c:99)
11/20 18:52:55.948: [event] DEBUG: interrupt all (../lib/core/ogs-queue.c:277)
11/20 18:52:55.948: [event] DEBUG: interrupt all (../lib/core/ogs-queue.c:277)
11/20 18:52:55.948: [sbi] DEBUG: ogs_sbi_nf_state_registered(): EXIT (../lib/sbi/nf-sm.c:204)
11/20 18:52:55.948: [sbi] INFO: [7de115d2-6947-41ed-a85d-7bd62ae74332] NF de-registered (../lib/sbi/nf-sm.c:238)
11/20 18:52:55.948: [sbi] DEBUG: ogs_sbi_nf_state_final(): EXIT (../lib/sbi/nf-sm.c:99)
11/20 18:52:55.948: [thread] DEBUG: [0x561dba24e3e0] thread running(1) (../lib/core/ogs-thread.c:111)
11/20 18:52:55.948: [thread] DEBUG: [0x55e0d86bda60] thread running(1) (../lib/core/ogs-thread.c:111)
11/20 18:52:55.948: [sbi] DEBUG: ogs_sbi_nf_state_registered(): EXIT (../lib/sbi/nf-sm.c:204)
11/20 18:52:55.948: [thread] DEBUG: [0x560b2bcb7290] thread running(1) (../lib/core/ogs-thread.c:111)
11/20 18:52:55.948: [sbi] DEBUG: ogs_sbi_nf_state_final(): EXIT (../lib/sbi/nf-sm.c:99)
11/20 18:52:55.948: [sbi] DEBUG: ogs_sbi_nf_state_registered(): EXIT (../lib/sbi/nf-sm.c:204)
11/20 18:52:55.948: [sbi] DEBUG: ogs_sbi_nf_state_final(): EXIT (../lib/sbi/nf-sm.c:99)
11/20 18:52:55.948: [event] DEBUG: interrupt all (../lib/core/ogs-queue.c:277)
11/20 18:52:55.948: [sbi] DEBUG: [DELETE] http://[::1]:7777/nnrf-nfm/v1/nf-instances/7de115d2-6947-41ed-a85d-7bd62ae74332 (../lib/sbi/client.c:625)
11/20 18:52:55.949: [thread] DEBUG: [0x55b7fd243f90] thread running(1) (../lib/core/ogs-thread.c:111)
11/20 18:52:55.949: [upf] DEBUG: upf_state_operational(): EXIT (../src/upf/upf-sm.c:51)
11/20 18:52:55.949: [sbi] DEBUG: ogs_sbi_nf_state_final(): EXIT (../lib/sbi/nf-sm.c:99)
11/20 18:52:55.949: [nssf] DEBUG: nssf_state_operational(): EXIT (../src/nssf/nssf-sm.c:53)
11/20 18:52:55.949: [sbi] DEBUG: ogs_sbi_nf_state_registered(): EXIT (../lib/sbi/nf-sm.c:204)
11/20 18:52:55.949: [upf] DEBUG: upf_state_final(): INIT (../src/upf/upf-sm.c:37)
11/20 18:52:55.949: [nssf] DEBUG: nssf_state_final(): INIT (../src/nssf/nssf-sm.c:35)
11/20 18:52:55.949: [sbi] DEBUG: ogs_sbi_nf_state_final(): EXIT (../lib/sbi/nf-sm.c:99)
11/20 18:52:55.949: [thread] DEBUG: [0x55f42e8ee320] worker done (../lib/core/ogs-thread.c:72)
11/20 18:52:55.949: [thread] DEBUG: [0x55e0d86bda60] worker done (../lib/core/ogs-thread.c:72)
11/20 18:52:55.949: [event] DEBUG: interrupt all (../lib/core/ogs-queue.c:277)
11/20 18:52:55.949: [amf] DEBUG: amf_state_operational(): EXIT (../src/amf/amf-sm.c:78)
11/20 18:52:55.949: [amf] DEBUG: amf_state_final(): INIT (../src/amf/amf-sm.c:41)
11/20 18:52:55.949: [thread] DEBUG: [0x561dba24e3e0] worker done (../lib/core/ogs-thread.c:72)
11/20 18:52:55.949: [bsf] DEBUG: bsf_state_operational(): EXIT (../src/bsf/bsf-sm.c:55)
11/20 18:52:55.949: [thread] DEBUG: [0x55811e284420] thread running(1) (../lib/core/ogs-thread.c:111)
11/20 18:52:55.949: [bsf] DEBUG: bsf_state_final(): INIT (../src/bsf/bsf-sm.c:35)
11/20 18:52:55.949: [smf] DEBUG: smf_state_operational(): EXIT (../src/smf/smf-sm.c:83)
11/20 18:52:55.949: [thread] DEBUG: [0x55a0d5629780] worker done (../lib/core/ogs-thread.c:72)
11/20 18:52:55.949: [smf] DEBUG: smf_state_final(): INIT (../src/smf/smf-sm.c:44)
11/20 18:52:55.949: [thread] DEBUG: [0x560b2bcb7290] worker done (../lib/core/ogs-thread.c:72)
11/20 18:52:55.949: [pcf] DEBUG: pcf_state_operational(): EXIT (../src/pcf/pcf-sm.c:58)
11/20 18:52:55.949: [pcf] DEBUG: pcf_state_final(): INIT (../src/pcf/pcf-sm.c:34)
11/20 18:52:55.949: [thread] DEBUG: [0x55b7fd243f90] worker done (../lib/core/ogs-thread.c:72)
11/20 18:52:55.949: [nrf] DEBUG: nrf_state_operational(): EXIT (../src/nrf/nrf-sm.c:50)
11/20 18:52:55.949: [nrf] DEBUG: nrf_state_final(): INIT (../src/nrf/nrf-sm.c:34)
11/20 18:52:55.949: [thread] DEBUG: [0x55d7d8f56c40] worker done (../lib/core/ogs-thread.c:72)
11/20 18:52:55.949: [ausf] DEBUG: ausf_state_operational(): EXIT (../src/ausf/ausf-sm.c:52)
11/20 18:52:55.949: [ausf] DEBUG: ausf_state_final(): INIT (../src/ausf/ausf-sm.c:34)
11/20 18:52:55.949: [thread] DEBUG: [0x55811e284420] worker done (../lib/core/ogs-thread.c:72)
11/20 18:52:55.949: [udr] DEBUG: udr_state_operational(): EXIT (../src/udr/udr-sm.c:51)
11/20 18:52:55.949: [udm] DEBUG: udm_state_operational(): EXIT (../src/udm/udm-sm.c:53)
11/20 18:52:55.949: [udr] DEBUG: udr_state_final(): INIT (../src/udr/udr-sm.c:34)
11/20 18:52:55.949: [udm] DEBUG: udm_state_final(): INIT (../src/udm/udm-sm.c:34)
11/20 18:52:55.949: [thread] DEBUG: [0x56375a12bde0] worker done (../lib/core/ogs-thread.c:72)
11/20 18:52:55.949: [thread] DEBUG: [0x55ba7cc91c30] worker done (../lib/core/ogs-thread.c:72)
11/20 18:52:55.949: [thread] DEBUG: [0x55ba7cc91c30] thread destroy (../lib/core/ogs-thread.c:123)
11/20 18:52:55.949: [thread] DEBUG: [0x55f42e8ee320] thread destroy (../lib/core/ogs-thread.c:123)
11/20 18:52:55.949: [thread] DEBUG: [0x55ba7cc91c30] thread join (../lib/core/ogs-thread.c:132)
11/20 18:52:55.949: [thread] DEBUG: [0x55ba7cc91c30] thread done (../lib/core/ogs-thread.c:138)
11/20 18:52:55.949: [thread] DEBUG: [0x55f42e8ee320] thread join (../lib/core/ogs-thread.c:132)
11/20 18:52:55.949: [sbi] DEBUG: ogs_sbi_client_handler() failed [-4] (../lib/sbi/path.c:61)
11/20 18:52:55.949: [thread] DEBUG: [0x55f42e8ee320] thread done (../lib/core/ogs-thread.c:138)
11/20 18:52:55.949: [thread] DEBUG: [0x55a0d5629780] thread destroy (../lib/core/ogs-thread.c:123)
11/20 18:52:55.949: [sbi] DEBUG: ogs_sbi_client_handler() failed [-4] (../lib/sbi/path.c:61)
11/20 18:52:55.949: [thread] DEBUG: [0x55a0d5629780] thread join (../lib/core/ogs-thread.c:132)
11/20 18:52:55.949: [thread] DEBUG: [0x55a0d5629780] thread done (../lib/core/ogs-thread.c:138)
11/20 18:52:55.949: [sbi] DEBUG: ogs_sbi_client_handler() failed [-4] (../lib/sbi/path.c:61)
11/20 18:52:55.949: [thread] DEBUG: [0x56375a12bde0] thread destroy (../lib/core/ogs-thread.c:123)
11/20 18:52:55.950: [thread] DEBUG: [0x56375a12bde0] thread join (../lib/core/ogs-thread.c:132)
11/20 18:52:55.950: [thread] DEBUG: [0x55d7d8f56c40] thread destroy (../lib/core/ogs-thread.c:123)
11/20 18:52:55.950: [thread] DEBUG: [0x55d7d8f56c40] thread join (../lib/core/ogs-thread.c:132)
11/20 18:52:55.950: [thread] DEBUG: [0x56375a12bde0] thread done (../lib/core/ogs-thread.c:138)
11/20 18:52:55.950: [thread] DEBUG: [0x55d7d8f56c40] thread done (../lib/core/ogs-thread.c:138)
11/20 18:52:55.950: [sbi] DEBUG: ogs_sbi_client_handler() failed [-4] (../lib/sbi/path.c:61)
11/20 18:52:55.950: [thread] DEBUG: [0x561dba24e3e0] thread destroy (../lib/core/ogs-thread.c:123)
11/20 18:52:55.950: [thread] DEBUG: [0x561dba24e3e0] thread join (../lib/core/ogs-thread.c:132)
11/20 18:52:55.950: [thread] DEBUG: [0x560b2bcb7290] thread destroy (../lib/core/ogs-thread.c:123)
11/20 18:52:55.950: [thread] DEBUG: [0x561dba24e3e0] thread done (../lib/core/ogs-thread.c:138)
11/20 18:52:55.950: [thread] DEBUG: [0x55b7fd243f90] thread destroy (../lib/core/ogs-thread.c:123)
11/20 18:52:55.950: [thread] DEBUG: [0x55b7fd243f90] thread join (../lib/core/ogs-thread.c:132)
11/20 18:52:55.950: [thread] DEBUG: [0x55b7fd243f90] thread done (../lib/core/ogs-thread.c:138)
11/20 18:52:55.950: [thread] DEBUG: [0x560b2bcb7290] thread join (../lib/core/ogs-thread.c:132)
11/20 18:52:55.950: [thread] DEBUG: [0x55e0d86bda60] thread destroy (../lib/core/ogs-thread.c:123)
11/20 18:52:55.950: [sbi] DEBUG: ogs_sbi_client_handler() failed [-4] (../lib/sbi/path.c:61)
11/20 18:52:55.950: [thread] DEBUG: [0x560b2bcb7290] thread done (../lib/core/ogs-thread.c:138)
11/20 18:52:55.950: [thread] DEBUG: [0x55e0d86bda60] thread join (../lib/core/ogs-thread.c:132)
11/20 18:52:55.950: [udm] DEBUG: udm_ue_state_operational(): EXIT (../src/udm/ue-sm.c:46)
11/20 18:52:55.950: [thread] DEBUG: [0x55e0d86bda60] thread done (../lib/core/ogs-thread.c:138)
11/20 18:52:55.950: [sbi] DEBUG: ogs_sbi_nf_instance_remove() (../lib/sbi/context.c:870)
11/20 18:52:55.950: [sbi] DEBUG: ogs_sbi_client_handler() failed [-4] (../lib/sbi/path.c:61)
11/20 18:52:55.950: [sbi] DEBUG: [UNREF] 2 (../lib/sbi/context.c:873)
11/20 18:52:55.950: [upf] DEBUG: upf_pfcp_state_associated(): EXIT (../src/upf/pfcp-sm.c:164)
11/20 18:52:55.950: [smf] DEBUG: smf_pfcp_state_associated(): EXIT (../src/smf/pfcp-sm.c:165)
11/20 18:52:55.950: [smf] INFO: PFCP de-associated [127.0.0.7]:8805 (../src/smf/pfcp-sm.c:183)
11/20 18:52:55.950: [upf] INFO: PFCP de-associated [127.0.0.4]:8805 (../src/upf/pfcp-sm.c:182)
11/20 18:52:55.950: [smf] DEBUG: smf_pfcp_state_final(): EXIT (../src/smf/pfcp-sm.c:57)
11/20 18:52:55.950: [upf] DEBUG: upf_pfcp_state_final(): EXIT (../src/upf/pfcp-sm.c:60)
11/20 18:52:55.950: [amf] DEBUG: ngap_state_operational(): EXIT (../src/amf/ngap-sm.c:53)
11/20 18:52:55.950: [sbi] DEBUG: ogs_sbi_client_handler() failed [-4] (../lib/sbi/path.c:61)
11/20 18:52:55.950: [amf] DEBUG: ngap_state_final(): EXIT (../src/amf/ngap-sm.c:37)
11/20 18:52:55.950: [amf] INFO: [Removed] Number of gNBs is now 1 (../src/amf/context.c:1001)
11/20 18:52:55.950: [amf] DEBUG: ngap_state_operational(): EXIT (../src/amf/ngap-sm.c:53)
11/20 18:52:55.950: [amf] DEBUG: ngap_state_final(): EXIT (../src/amf/ngap-sm.c:37)
11/20 18:52:55.950: [thread] DEBUG: [0x55811e284420] thread destroy (../lib/core/ogs-thread.c:123)
11/20 18:52:55.950: [thread] DEBUG: [0x55811e284420] thread join (../lib/core/ogs-thread.c:132)
11/20 18:52:55.950: [amf] INFO: [Removed] Number of gNBs is now 0 (../src/amf/context.c:1001)
11/20 18:52:55.950: [gmm] DEBUG: gmm_state_de_registered(): EXIT (../src/amf/gmm-sm.c:60)
11/20 18:52:55.950: [thread] DEBUG: [0x55811e284420] thread done (../lib/core/ogs-thread.c:138)
11/20 18:52:55.950: [gmm] DEBUG: gmm_state_final(): EXIT (../src/amf/gmm-sm.c:49)
11/20 18:52:55.950: [sbi] DEBUG: ogs_sbi_client_handler() failed [-4] (../lib/sbi/path.c:61)
11/20 18:52:55.950: [sbi] DEBUG: ogs_sbi_nf_instance_remove() (../lib/sbi/context.c:870)
11/20 18:52:55.950: [sbi] DEBUG: [UNREF] 3 (../lib/sbi/context.c:873)
11/20 18:52:55.950: [sbi] DEBUG: ogs_sbi_nf_instance_remove() (../lib/sbi/context.c:870)
11/20 18:52:55.950: [sbi] DEBUG: [UNREF] 2 (../lib/sbi/context.c:873)
11/20 18:52:55.950: [sbi] DEBUG: ogs_sbi_nf_instance_remove() (../lib/sbi/context.c:870)
11/20 18:52:55.950: [sbi] DEBUG: [UNREF] 2 (../lib/sbi/context.c:873)
11/20 18:52:55.950: [sbi] DEBUG: ogs_sbi_nf_instance_remove() (../lib/sbi/context.c:870)
11/20 18:52:55.950: [sbi] DEBUG: [UNREF] 2 (../lib/sbi/context.c:873)
11/20 18:52:55.950: [nrf] DEBUG: nrf_nf_state_registered(): EXIT (../src/nrf/nf-sm.c:183)
11/20 18:52:55.950: [sbi] DEBUG: ogs_sbi_nf_instance_remove() (../lib/sbi/context.c:870)
11/20 18:52:55.950: [ausf] DEBUG: ausf_ue_state_operational(): EXIT (../src/ausf/ue-sm.c:64)
11/20 18:52:55.950: [sbi] DEBUG: [UNREF] 2 (../lib/sbi/context.c:873)
11/20 18:52:55.950: [nrf] INFO: [7de115d2-6947-41ed-a85d-7bd62ae74332] NF de-registered (../src/nrf/nf-sm.c:205)
11/20 18:52:55.950: [ausf] DEBUG: ausf_ue_state_final(): EXIT (../src/ausf/ue-sm.c:47)
11/20 18:52:55.950: [amf] INFO: [Removed] Number of AMF-UEs is now 0 (../src/amf/context.c:1427)
11/20 18:52:55.950: [sbi] DEBUG: ogs_sbi_nf_instance_remove() (../lib/sbi/context.c:870)
11/20 18:52:55.950: [sbi] DEBUG: [UNREF] 2 (../lib/sbi/context.c:873)
11/20 18:52:55.950: [sbi] DEBUG: [POST] http://127.0.0.5:7777/nnrf-nfm/v1/nf-status-notify (../lib/sbi/client.c:625)
11/20 18:52:55.950: [sbi] DEBUG: SENDING...[137] (../lib/sbi/client.c:401)
11/20 18:52:55.950: [sbi] DEBUG: {
	"event":	"NF_DEREGISTERED",
	"nfInstanceUri":	"http://127.0.0.10:7777/nnrf-nfm/v1/nf-instances/7de115d2-6947-41ed-a85d-7bd62ae74332"
} (../lib/sbi/client.c:403)
11/20 18:52:55.950: [nrf] DEBUG: nrf_nf_state_final(): EXIT (../src/nrf/nf-sm.c:74)
11/20 18:52:55.950: [nrf] DEBUG: nrf_nf_state_registered(): EXIT (../src/nrf/nf-sm.c:183)
11/20 18:52:55.950: [nrf] INFO: [7de92560-6947-41ed-aeda-453c1cb18a59] NF de-registered (../src/nrf/nf-sm.c:205)
11/20 18:52:55.950: [sbi] DEBUG: [POST] http://127.0.0.11:7777/nnrf-nfm/v1/nf-status-notify (../lib/sbi/client.c:625)
11/20 18:52:55.950: [sbi] DEBUG: SENDING...[137] (../lib/sbi/client.c:401)
11/20 18:52:55.950: [sbi] DEBUG: {
	"event":	"NF_DEREGISTERED",
	"nfInstanceUri":	"http://127.0.0.10:7777/nnrf-nfm/v1/nf-instances/7de92560-6947-41ed-aeda-453c1cb18a59"
} (../lib/sbi/client.c:403)
11/20 18:52:55.950: [sbi] DEBUG: [POST] http://127.0.0.4:7777/nnrf-nfm/v1/nf-status-notify (../lib/sbi/client.c:625)
11/20 18:52:55.950: [sbi] DEBUG: SENDING...[137] (../lib/sbi/client.c:401)
11/20 18:52:55.950: [sbi] DEBUG: {
	"event":	"NF_DEREGISTERED",
	"nfInstanceUri":	"http://127.0.0.10:7777/nnrf-nfm/v1/nf-instances/7de92560-6947-41ed-aeda-453c1cb18a59"
} (../lib/sbi/client.c:403)
11/20 18:52:55.950: [sbi] DEBUG: [POST] http://127.0.0.5:7777/nnrf-nfm/v1/nf-status-notify (../lib/sbi/client.c:625)
11/20 18:52:55.950: [sbi] DEBUG: SENDING...[137] (../lib/sbi/client.c:401)
11/20 18:52:55.950: [sbi] DEBUG: {
	"event":	"NF_DEREGISTERED",
	"nfInstanceUri":	"http://127.0.0.10:7777/nnrf-nfm/v1/nf-instances/7de92560-6947-41ed-aeda-453c1cb18a59"
} (../lib/sbi/client.c:403)
11/20 18:52:55.950: [sbi] DEBUG: [POST] http://127.0.0.5:7777/nnrf-nfm/v1/nf-status-notify (../lib/sbi/client.c:625)
11/20 18:52:55.950: [sbi] DEBUG: SENDING...[137] (../lib/sbi/client.c:401)
11/20 18:52:55.950: [sbi] DEBUG: {
	"event":	"NF_DEREGISTERED",
	"nfInstanceUri":	"http://127.0.0.10:7777/nnrf-nfm/v1/nf-instances/7de92560-6947-41ed-aeda-453c1cb18a59"
} (../lib/sbi/client.c:403)
11/20 18:52:55.950: [nrf] DEBUG: nrf_nf_state_final(): EXIT (../src/nrf/nf-sm.c:74)
11/20 18:52:55.950: [nrf] DEBUG: nrf_nf_state_registered(): EXIT (../src/nrf/nf-sm.c:183)
11/20 18:52:55.950: [nrf] INFO: [7df42a78-6947-41ed-a590-cdd967883434] NF de-registered (../src/nrf/nf-sm.c:205)
11/20 18:52:55.950: [sbi] DEBUG: [POST] http://127.0.0.4:7777/nnrf-nfm/v1/nf-status-notify (../lib/sbi/client.c:625)
11/20 18:52:55.950: [sbi] DEBUG: SENDING...[137] (../lib/sbi/client.c:401)
11/20 18:52:55.950: [sbi] DEBUG: {
	"event":	"NF_DEREGISTERED",
	"nfInstanceUri":	"http://127.0.0.10:7777/nnrf-nfm/v1/nf-instances/7df42a78-6947-41ed-a590-cdd967883434"
} (../lib/sbi/client.c:403)
11/20 18:52:55.950: [sbi] DEBUG: [POST] http://127.0.0.5:7777/nnrf-nfm/v1/nf-status-notify (../lib/sbi/client.c:625)
11/20 18:52:55.951: [sbi] DEBUG: SENDING...[137] (../lib/sbi/client.c:401)
11/20 18:52:55.951: [sbi] DEBUG: {
	"event":	"NF_DEREGISTERED",
	"nfInstanceUri":	"http://127.0.0.10:7777/nnrf-nfm/v1/nf-instances/7df42a78-6947-41ed-a590-cdd967883434"
} (../lib/sbi/client.c:403)
11/20 18:52:55.951: [nrf] DEBUG: nrf_nf_state_final(): EXIT (../src/nrf/nf-sm.c:74)
11/20 18:52:55.951: [nrf] DEBUG: nrf_nf_state_registered(): EXIT (../src/nrf/nf-sm.c:183)
11/20 18:52:55.951: [nrf] INFO: [7df88c08-6947-41ed-a6d2-3b1beb80ef79] NF de-registered (../src/nrf/nf-sm.c:205)
11/20 18:52:55.951: [sbi] DEBUG: ogs_sbi_nf_instance_remove() (../lib/sbi/context.c:870)
11/20 18:52:55.951: [sbi] DEBUG: [POST] http://127.0.0.5:7777/nnrf-nfm/v1/nf-status-notify (../lib/sbi/client.c:625)
11/20 18:52:55.951: [sbi] DEBUG: ogs_sbi_nf_instance_remove() (../lib/sbi/context.c:870)
11/20 18:52:55.951: [sbi] DEBUG: ogs_sbi_client_remove() [::1:7777] (../lib/sbi/client.c:153)
11/20 18:52:55.951: [sbi] DEBUG: [UNREF] 2 (../lib/sbi/client.c:157)
11/20 18:52:55.951: [sbi] DEBUG: ogs_sbi_nf_instance_remove() (../lib/sbi/context.c:870)
11/20 18:52:55.951: [sbi] DEBUG: SENDING...[137] (../lib/sbi/client.c:401)
11/20 18:52:55.951: [sbi] DEBUG: {
	"event":	"NF_DEREGISTERED",
	"nfInstanceUri":	"http://127.0.0.10:7777/nnrf-nfm/v1/nf-instances/7df88c08-6947-41ed-a6d2-3b1beb80ef79"
} (../lib/sbi/client.c:403)
11/20 18:52:55.951: [nrf] DEBUG: nrf_nf_state_final(): EXIT (../src/nrf/nf-sm.c:74)
11/20 18:52:55.951: [nrf] DEBUG: nrf_nf_state_registered(): EXIT (../src/nrf/nf-sm.c:183)
11/20 18:52:55.951: [nrf] INFO: [7dede140-6947-41ed-b984-b79611f9b6e4] NF de-registered (../src/nrf/nf-sm.c:205)
11/20 18:52:55.951: [sbi] DEBUG: ogs_sbi_client_remove() [::1:7777] (../lib/sbi/client.c:153)
11/20 18:52:55.951: [sbi] DEBUG: [POST] http://127.0.0.5:7777/nnrf-nfm/v1/nf-status-notify (../lib/sbi/client.c:625)
11/20 18:52:55.951: [sbi] DEBUG: SENDING...[137] (../lib/sbi/client.c:401)
11/20 18:52:55.951: [sbi] DEBUG: {
	"event":	"NF_DEREGISTERED",
	"nfInstanceUri":	"http://127.0.0.10:7777/nnrf-nfm/v1/nf-instances/7dede140-6947-41ed-b984-b79611f9b6e4"
} (../lib/sbi/client.c:403)
11/20 18:52:55.951: [nrf] DEBUG: nrf_nf_state_final(): EXIT (../src/nrf/nf-sm.c:74)
11/20 18:52:55.951: [nrf] DEBUG: nrf_nf_state_registered(): EXIT (../src/nrf/nf-sm.c:183)
11/20 18:52:55.951: [nrf] INFO: [7e02d348-6947-41ed-be4c-317cb1907fa6] NF de-registered (../src/nrf/nf-sm.c:205)
11/20 18:52:55.951: [sbi] DEBUG: [POST] http://127.0.0.13:7777/nnrf-nfm/v1/nf-status-notify (../lib/sbi/client.c:625)
11/20 18:52:55.951: [diam] DEBUG: pid:Main in fd_core_shutdown@core.c:331: Initiating freeDiameter shutdown sequence (3)
 ((null):0)
11/20 18:52:55.951: [sbi] DEBUG: SENDING...[137] (../lib/sbi/client.c:401)
11/20 18:52:55.951: [sbi] DEBUG: ogs_sbi_nf_instance_remove() (../lib/sbi/context.c:870)
11/20 18:52:55.951: [sbi] DEBUG: {
	"event":	"NF_DEREGISTERED",
	"nfInstanceUri":	"http://127.0.0.10:7777/nnrf-nfm/v1/nf-instances/7e02d348-6947-41ed-be4c-317cb1907fa6"
} (../lib/sbi/client.c:403)
11/20 18:52:55.951: [sbi] DEBUG: ogs_sbi_nf_instance_remove() (../lib/sbi/context.c:870)
11/20 18:52:55.951: [nrf] DEBUG: nrf_nf_state_final(): EXIT (../src/nrf/nf-sm.c:74)
11/20 18:52:55.951: [diam] DEBUG: pid:fD Core Runner in core_shutdown@core.c:99: freediameterd framework is stopping...
 ((null):0)
11/20 18:52:55.951: [sbi] DEBUG: ogs_sbi_client_remove() [::1:7777] (../lib/sbi/client.c:153)
11/20 18:52:55.951: [sbi] DEBUG: ogs_sbi_nf_instance_remove() (../lib/sbi/context.c:870)
11/20 18:52:55.951: [nrf] DEBUG: nrf_nf_state_registered(): EXIT (../src/nrf/nf-sm.c:183)
11/20 18:52:55.951: [sbi] DEBUG: [UNREF] 2 (../lib/sbi/client.c:157)
11/20 18:52:55.951: [nrf] INFO: [7e0a2cc4-6947-41ed-b66f-63e3ed58556d] NF de-registered (../src/nrf/nf-sm.c:205)
11/20 18:52:55.951: [sbi] DEBUG: ogs_sbi_nf_instance_remove() (../lib/sbi/context.c:870)
11/20 18:52:55.951: [sbi] DEBUG: ogs_sbi_nf_instance_remove() (../lib/sbi/context.c:870)
11/20 18:52:55.951: [sbi] DEBUG: ogs_sbi_client_remove() [::1:7777] (../lib/sbi/client.c:153)
11/20 18:52:55.951: [sbi] DEBUG: ogs_sbi_nf_instance_remove() (../lib/sbi/context.c:870)
11/20 18:52:55.951: [sbi] DEBUG: [UNREF] 2 (../lib/sbi/client.c:157)
11/20 18:52:55.951: [sbi] DEBUG: ogs_sbi_nf_instance_remove() (../lib/sbi/context.c:870)
11/20 18:52:55.951: [sbi] DEBUG: ogs_sbi_client_remove() [127.0.0.20:7777] (../lib/sbi/client.c:153)
11/20 18:52:55.951: [sbi] DEBUG: [POST] http://127.0.0.12:7777/nnrf-nfm/v1/nf-status-notify (../lib/sbi/client.c:625)
11/20 18:52:55.951: [sbi] DEBUG: [UNREF] 2 (../lib/sbi/client.c:157)
11/20 18:52:55.951: [sbi] DEBUG: ogs_sbi_client_remove() [127.0.0.20:80] (../lib/sbi/client.c:153)
11/20 18:52:55.951: [sbi] DEBUG: ogs_sbi_client_remove() [::1:7777] (../lib/sbi/client.c:153)
11/20 18:52:55.951: [sbi] DEBUG: SENDING...[137] (../lib/sbi/client.c:401)
11/20 18:52:55.951: [sbi] DEBUG: [UNREF] 2 (../lib/sbi/client.c:157)
11/20 18:52:55.951: [sbi] DEBUG: {
	"event":	"NF_DEREGISTERED",
	"nfInstanceUri":	"http://127.0.0.10:7777/nnrf-nfm/v1/nf-instances/7e0a2cc4-6947-41ed-b66f-63e3ed58556d"
} (../lib/sbi/client.c:403)
11/20 18:52:55.951: [sbi] DEBUG: [POST] http://127.0.0.13:7777/nnrf-nfm/v1/nf-status-notify (../lib/sbi/client.c:625)
11/20 18:52:55.951: [sbi] DEBUG: ogs_sbi_client_remove() [::1:7777] (../lib/sbi/client.c:153)
11/20 18:52:55.951: [sbi] DEBUG: SENDING...[137] (../lib/sbi/client.c:401)
11/20 18:52:55.951: [sbi] DEBUG: {
	"event":	"NF_DEREGISTERED",
	"nfInstanceUri":	"http://127.0.0.10:7777/nnrf-nfm/v1/nf-instances/7e0a2cc4-6947-41ed-b66f-63e3ed58556d"
} (../lib/sbi/client.c:403)
11/20 18:52:55.951: [nrf] DEBUG: nrf_nf_state_final(): EXIT (../src/nrf/nf-sm.c:74)
11/20 18:52:55.951: [nrf] DEBUG: nrf_nf_state_registered(): EXIT (../src/nrf/nf-sm.c:183)
11/20 18:52:55.951: [nrf] INFO: [7ddada50-6947-41ed-ab85-e385b1ff7a33] NF de-registered (../src/nrf/nf-sm.c:205)
11/20 18:52:55.951: [sbi] DEBUG: ogs_sbi_client_remove() [127.0.0.20:80] (../lib/sbi/client.c:153)
11/20 18:52:55.951: [sbi] DEBUG: [POST] http://127.0.0.4:7777/nnrf-nfm/v1/nf-status-notify (../lib/sbi/client.c:625)
11/20 18:52:55.951: [sbi] DEBUG: ogs_sbi_client_remove() [127.0.0.20:7777] (../lib/sbi/client.c:153)
11/20 18:52:55.951: [sbi] DEBUG: SENDING...[137] (../lib/sbi/client.c:401)
11/20 18:52:55.951: [sbi] DEBUG: {
	"event":	"NF_DEREGISTERED",
	"nfInstanceUri":	"http://127.0.0.10:7777/nnrf-nfm/v1/nf-instances/7ddada50-6947-41ed-ab85-e385b1ff7a33"
} (../lib/sbi/client.c:403)
11/20 18:52:55.951: [nrf] DEBUG: nrf_nf_state_final(): EXIT (../src/nrf/nf-sm.c:74)
11/20 18:52:55.951: [sbi] DEBUG: ogs_sbi_client_remove() [127.0.0.11:7777] (../lib/sbi/client.c:153)
11/20 18:52:55.951: [sbi] DEBUG: [UNREF] 2 (../lib/sbi/client.c:157)
11/20 18:52:55.951: [sbi] DEBUG: ogs_sbi_client_remove() [127.0.0.12:7777] (../lib/sbi/client.c:153)
11/20 18:52:55.951: [sbi] DEBUG: [UNREF] 2 (../lib/sbi/client.c:157)
11/20 18:52:55.951: [sbi] DEBUG: ogs_sbi_client_remove() [127.0.0.13:7777] (../lib/sbi/client.c:153)
11/20 18:52:55.951: [sbi] DEBUG: [UNREF] 3 (../lib/sbi/client.c:157)
11/20 18:52:55.951: [sbi] DEBUG: ogs_sbi_client_remove() [127.0.0.13:7777] (../lib/sbi/client.c:153)
11/20 18:52:55.951: [sbi] DEBUG: [UNREF] 2 (../lib/sbi/client.c:157)
11/20 18:52:55.951: [sbi] DEBUG: ogs_sbi_client_remove() [127.0.0.4:7777] (../lib/sbi/client.c:153)
11/20 18:52:55.951: [sbi] DEBUG: [UNREF] 4 (../lib/sbi/client.c:157)
11/20 18:52:55.951: [sbi] DEBUG: ogs_sbi_client_remove() [127.0.0.4:7777] (../lib/sbi/client.c:153)
11/20 18:52:55.951: [sbi] DEBUG: [UNREF] 3 (../lib/sbi/client.c:157)
11/20 18:52:55.951: [sbi] DEBUG: ogs_sbi_client_remove() [127.0.0.4:7777] (../lib/sbi/client.c:153)
11/20 18:52:55.951: [sbi] DEBUG: [UNREF] 2 (../lib/sbi/client.c:157)
11/20 18:52:55.951: [sbi] DEBUG: ogs_sbi_client_remove() [127.0.0.5:7777] (../lib/sbi/client.c:153)
11/20 18:52:55.951: [sbi] DEBUG: [UNREF] 7 (../lib/sbi/client.c:157)
11/20 18:52:55.951: [sbi] DEBUG: ogs_sbi_client_remove() [127.0.0.5:7777] (../lib/sbi/client.c:153)
11/20 18:52:55.951: [sbi] DEBUG: [UNREF] 6 (../lib/sbi/client.c:157)
11/20 18:52:55.951: [sbi] DEBUG: ogs_sbi_client_remove() [127.0.0.5:7777] (../lib/sbi/client.c:153)
11/20 18:52:55.951: [sbi] DEBUG: [UNREF] 5 (../lib/sbi/client.c:157)
11/20 18:52:55.951: [sbi] DEBUG: ogs_sbi_client_remove() [127.0.0.5:7777] (../lib/sbi/client.c:153)
11/20 18:52:55.951: [sbi] DEBUG: [UNREF] 4 (../lib/sbi/client.c:157)
11/20 18:52:55.951: [sbi] DEBUG: ogs_sbi_client_remove() [127.0.0.5:7777] (../lib/sbi/client.c:153)
11/20 18:52:55.951: [sbi] DEBUG: [UNREF] 3 (../lib/sbi/client.c:157)
11/20 18:52:55.951: [sbi] DEBUG: ogs_sbi_client_remove() [127.0.0.5:7777] (../lib/sbi/client.c:153)
11/20 18:52:55.951: [sbi] DEBUG: [UNREF] 2 (../lib/sbi/client.c:157)
11/20 18:52:55.951: [sbi] DEBUG: ogs_sbi_nf_instance_remove() (../lib/sbi/context.c:870)
11/20 18:52:55.951: [sbi] DEBUG: ogs_sbi_nf_instance_remove() (../lib/sbi/context.c:870)
11/20 18:52:55.951: [sbi] DEBUG: ogs_sbi_client_remove() [::1:7777] (../lib/sbi/client.c:153)
11/20 18:52:55.951: [sbi] DEBUG: [UNREF] 2 (../lib/sbi/client.c:157)
11/20 18:52:55.951: [sbi] DEBUG: ogs_sbi_nf_instance_remove() (../lib/sbi/context.c:870)
11/20 18:52:55.952: [sbi] DEBUG: ogs_sbi_nf_instance_remove() (../lib/sbi/context.c:870)
11/20 18:52:55.952: [sbi] DEBUG: ogs_sbi_client_remove() [127.0.0.11:7777] (../lib/sbi/client.c:153)
11/20 18:52:55.952: [sbi] DEBUG: [UNREF] 2 (../lib/sbi/client.c:157)
11/20 18:52:55.952: [sbi] DEBUG: ogs_sbi_client_remove() [127.0.0.11:80] (../lib/sbi/client.c:153)
11/20 18:52:55.952: [sbi] DEBUG: [UNREF] 2 (../lib/sbi/client.c:157)
11/20 18:52:55.952: [sbi] DEBUG: ogs_sbi_nf_instance_remove() (../lib/sbi/context.c:870)
11/20 18:52:55.952: [sbi] DEBUG: ogs_sbi_client_remove() [127.0.0.12:7777] (../lib/sbi/client.c:153)
11/20 18:52:55.952: [sbi] DEBUG: [UNREF] 3 (../lib/sbi/client.c:157)
11/20 18:52:55.952: [sbi] DEBUG: ogs_sbi_client_remove() [127.0.0.12:7777] (../lib/sbi/client.c:153)
11/20 18:52:55.952: [sbi] DEBUG: [UNREF] 2 (../lib/sbi/client.c:157)
11/20 18:52:55.952: [sbi] DEBUG: ogs_sbi_client_remove() [127.0.0.12:80] (../lib/sbi/client.c:153)
11/20 18:52:55.952: [sbi] DEBUG: [UNREF] 2 (../lib/sbi/client.c:157)
11/20 18:52:55.952: [sbi] DEBUG: ogs_sbi_nf_instance_remove() (../lib/sbi/context.c:870)
11/20 18:52:55.952: [sbi] DEBUG: ogs_sbi_client_remove() [127.0.0.13:7777] (../lib/sbi/client.c:153)
11/20 18:52:55.952: [sbi] DEBUG: [UNREF] 2 (../lib/sbi/client.c:157)
11/20 18:52:55.952: [sbi] DEBUG: ogs_sbi_client_remove() [127.0.0.13:80] (../lib/sbi/client.c:153)
11/20 18:52:55.952: [sbi] DEBUG: [UNREF] 2 (../lib/sbi/client.c:157)
11/20 18:52:55.952: [sbi] DEBUG: ogs_sbi_nf_instance_remove() (../lib/sbi/context.c:870)
11/20 18:52:55.952: [sbi] DEBUG: ogs_sbi_client_remove() [127.0.0.14:7777] (../lib/sbi/client.c:153)
11/20 18:52:55.952: [sbi] DEBUG: [UNREF] 2 (../lib/sbi/client.c:157)
11/20 18:52:55.952: [sbi] DEBUG: ogs_sbi_client_remove() [127.0.0.14:80] (../lib/sbi/client.c:153)
11/20 18:52:55.952: [sbi] DEBUG: [UNREF] 2 (../lib/sbi/client.c:157)
11/20 18:52:55.952: [sbi] DEBUG: ogs_sbi_nf_instance_remove() (../lib/sbi/context.c:870)
11/20 18:52:55.952: [sbi] DEBUG: ogs_sbi_client_remove() [127.0.0.4:7777] (../lib/sbi/client.c:153)
11/20 18:52:55.952: [sbi] DEBUG: [UNREF] 2 (../lib/sbi/client.c:157)
11/20 18:52:55.952: [sbi] DEBUG: ogs_sbi_client_remove() [127.0.0.4:80] (../lib/sbi/client.c:153)
11/20 18:52:55.952: [sbi] DEBUG: [UNREF] 2 (../lib/sbi/client.c:157)
11/20 18:52:55.952: [sbi] DEBUG: ogs_sbi_client_remove() [::1:7777] (../lib/sbi/client.c:153)
11/20 18:52:55.952: [sbi] DEBUG: ogs_sbi_client_remove() [127.0.0.11:80] (../lib/sbi/client.c:153)
11/20 18:52:55.952: [sbi] DEBUG: ogs_sbi_client_remove() [127.0.0.11:7777] (../lib/sbi/client.c:153)
11/20 18:52:55.952: [sbi] DEBUG: ogs_sbi_client_remove() [127.0.0.12:80] (../lib/sbi/client.c:153)
11/20 18:52:55.952: [sbi] DEBUG: ogs_sbi_client_remove() [127.0.0.12:7777] (../lib/sbi/client.c:153)
11/20 18:52:55.952: [sbi] DEBUG: ogs_sbi_client_remove() [127.0.0.13:80] (../lib/sbi/client.c:153)
11/20 18:52:55.952: [sbi] DEBUG: ogs_sbi_nf_instance_remove() (../lib/sbi/context.c:870)
11/20 18:52:55.952: [sbi] DEBUG: ogs_sbi_client_remove() [127.0.0.13:7777] (../lib/sbi/client.c:153)
11/20 18:52:55.952: [sbi] DEBUG: ogs_sbi_nf_instance_remove() (../lib/sbi/context.c:870)
11/20 18:52:55.952: [sbi] DEBUG: ogs_sbi_client_remove() [::1:7777] (../lib/sbi/client.c:153)
11/20 18:52:55.952: [sbi] DEBUG: [UNREF] 2 (../lib/sbi/client.c:157)
11/20 18:52:55.952: [sbi] DEBUG: ogs_sbi_client_remove() [127.0.0.14:80] (../lib/sbi/client.c:153)
11/20 18:52:55.952: [sbi] DEBUG: ogs_sbi_nf_instance_remove() (../lib/sbi/context.c:870)
11/20 18:52:55.952: [sbi] DEBUG: ogs_sbi_client_remove() [127.0.0.14:7777] (../lib/sbi/client.c:153)
11/20 18:52:55.952: [sbi] DEBUG: ogs_sbi_client_remove() [127.0.0.10:7777] (../lib/sbi/client.c:153)
11/20 18:52:55.952: [sbi] DEBUG: ogs_sbi_client_remove() [::1:7777] (../lib/sbi/client.c:153)
11/20 18:52:55.952: [sbi] DEBUG: ogs_sbi_client_remove() [127.0.0.4:80] (../lib/sbi/client.c:153)
11/20 18:52:55.952: [sbi] DEBUG: ogs_sbi_client_remove() [127.0.0.4:7777] (../lib/sbi/client.c:153)
11/20 18:52:55.953: [app] INFO: UDR terminate...done (../src/udr/app.c:39)
11/20 18:52:55.953: [sbi] DEBUG: ogs_sbi_nf_instance_remove() (../lib/sbi/context.c:870)
11/20 18:52:55.953: [sbi] DEBUG: ogs_sbi_nf_instance_remove() (../lib/sbi/context.c:870)
11/20 18:52:55.953: [sbi] DEBUG: ogs_sbi_nf_instance_remove() (../lib/sbi/context.c:870)
11/20 18:52:55.953: [sbi] DEBUG: ogs_sbi_nf_instance_remove() (../lib/sbi/context.c:870)
11/20 18:52:55.953: [sbi] DEBUG: ogs_sbi_nf_instance_remove() (../lib/sbi/context.c:870)
11/20 18:52:55.953: [sbi] DEBUG: ogs_sbi_nf_instance_remove() (../lib/sbi/context.c:870)
11/20 18:52:55.953: [sbi] DEBUG: ogs_sbi_nf_instance_remove() (../lib/sbi/context.c:870)
11/20 18:52:55.953: [sbi] DEBUG: ogs_sbi_nf_instance_remove() (../lib/sbi/context.c:870)
11/20 18:52:55.953: [sbi] DEBUG: ogs_sbi_nf_instance_remove() (../lib/sbi/context.c:870)
11/20 18:52:55.953: [sbi] DEBUG: ogs_sbi_nf_instance_remove() (../lib/sbi/context.c:870)
11/20 18:52:55.953: [sbi] DEBUG: ogs_sbi_nf_instance_remove() (../lib/sbi/context.c:870)
11/20 18:52:55.953: [sbi] DEBUG: ogs_sbi_client_remove() [127.0.0.11:7777] (../lib/sbi/client.c:153)
11/20 18:52:55.953: [app] INFO: NSSF terminate...done (../src/nssf/app.c:39)
11/20 18:52:55.954: [sbi] DEBUG: ogs_sbi_client_remove() [127.0.0.12:7777] (../lib/sbi/client.c:153)
11/20 18:52:55.954: [sbi] DEBUG: ogs_sbi_client_remove() [127.0.0.13:7777] (../lib/sbi/client.c:153)
11/20 18:52:55.954: [sbi] DEBUG: ogs_sbi_client_remove() [127.0.0.4:7777] (../lib/sbi/client.c:153)
11/20 18:52:55.954: [sbi] DEBUG: ogs_sbi_client_remove() [127.0.0.5:7777] (../lib/sbi/client.c:153)
11/20 18:52:55.954: [diam] DEBUG: pid:PSM/pcrf.localdomain in p_psm_th@p_psm.c:894: pcrf.localdomain: Going to ZOMBIE state (no more activity) after abnormal shutdown
 ((null):0)
11/20 18:52:55.955: [app] INFO: UDM terminate...done (../src/udm/app.c:39)
11/20 18:52:55.956: [sctp] INFO: AMF terminate...done (../src/amf/app.c:42)
11/20 18:52:55.957: [app] INFO: BSF terminate...done (../src/bsf/app.c:39)
11/20 18:52:55.958: [sbi] DEBUG: ogs_sbi_nf_instance_remove() (../lib/sbi/context.c:870)
11/20 18:52:55.958: [sbi] DEBUG: ogs_sbi_nf_instance_remove() (../lib/sbi/context.c:870)
11/20 18:52:55.958: [sbi] DEBUG: ogs_sbi_client_remove() [::1:7777] (../lib/sbi/client.c:153)
11/20 18:52:55.958: [sbi] DEBUG: [UNREF] 2 (../lib/sbi/client.c:157)
11/20 18:52:55.958: [sbi] DEBUG: ogs_sbi_nf_instance_remove() (../lib/sbi/context.c:870)
11/20 18:52:55.958: [sbi] DEBUG: ogs_sbi_nf_instance_remove() (../lib/sbi/context.c:870)
11/20 18:52:55.958: [sbi] DEBUG: ogs_sbi_client_remove() [127.0.0.15:7777] (../lib/sbi/client.c:153)
11/20 18:52:55.958: [sbi] DEBUG: [UNREF] 2 (../lib/sbi/client.c:157)
11/20 18:52:55.958: [sbi] DEBUG: ogs_sbi_client_remove() [127.0.0.15:80] (../lib/sbi/client.c:153)
11/20 18:52:55.958: [sbi] DEBUG: [UNREF] 2 (../lib/sbi/client.c:157)
11/20 18:52:55.958: [sbi] DEBUG: ogs_sbi_nf_instance_remove() (../lib/sbi/context.c:870)
11/20 18:52:55.958: [sbi] DEBUG: ogs_sbi_client_remove() [127.0.0.20:7777] (../lib/sbi/client.c:153)
11/20 18:52:55.958: [sbi] DEBUG: [UNREF] 2 (../lib/sbi/client.c:157)
11/20 18:52:55.958: [sbi] DEBUG: ogs_sbi_client_remove() [127.0.0.20:80] (../lib/sbi/client.c:153)
11/20 18:52:55.958: [sbi] DEBUG: [UNREF] 2 (../lib/sbi/client.c:157)
11/20 18:52:55.958: [sbi] DEBUG: ogs_sbi_client_remove() [::1:7777] (../lib/sbi/client.c:153)
11/20 18:52:55.958: [sbi] DEBUG: ogs_sbi_client_remove() [127.0.0.15:80] (../lib/sbi/client.c:153)
11/20 18:52:55.958: [sbi] DEBUG: ogs_sbi_client_remove() [127.0.0.15:7777] (../lib/sbi/client.c:153)
11/20 18:52:55.958: [sbi] DEBUG: ogs_sbi_client_remove() [127.0.0.20:80] (../lib/sbi/client.c:153)
11/20 18:52:55.958: [sbi] DEBUG: ogs_sbi_client_remove() [127.0.0.20:7777] (../lib/sbi/client.c:153)
11/20 18:52:55.958: [sbi] DEBUG: ogs_sbi_client_remove() [127.0.0.5:7777] (../lib/sbi/client.c:153)
11/20 18:52:55.958: [sbi] DEBUG: ogs_sbi_client_remove() [127.0.0.4:7777] (../lib/sbi/client.c:153)
11/20 18:52:55.959: [app] INFO: NRF terminate...done (../src/nrf/app.c:39)
11/20 18:52:55.960: [app] INFO: PCF terminate...done (../src/pcf/app.c:39)
11/20 18:52:55.960: [sbi] DEBUG: ogs_sbi_nf_instance_remove() (../lib/sbi/context.c:870)
11/20 18:52:55.960: [sbi] DEBUG: ogs_sbi_nf_instance_remove() (../lib/sbi/context.c:870)
11/20 18:52:55.960: [sbi] DEBUG: ogs_sbi_client_remove() [::1:7777] (../lib/sbi/client.c:153)
11/20 18:52:55.960: [sbi] DEBUG: [UNREF] 2 (../lib/sbi/client.c:157)
11/20 18:52:55.960: [sbi] DEBUG: ogs_sbi_nf_instance_remove() (../lib/sbi/context.c:870)
11/20 18:52:55.960: [sbi] DEBUG: ogs_sbi_nf_instance_remove() (../lib/sbi/context.c:870)
11/20 18:52:55.960: [sbi] DEBUG: ogs_sbi_client_remove() [127.0.0.12:7777] (../lib/sbi/client.c:153)
11/20 18:52:55.960: [sbi] DEBUG: [UNREF] 2 (../lib/sbi/client.c:157)
11/20 18:52:55.960: [sbi] DEBUG: ogs_sbi_client_remove() [127.0.0.12:80] (../lib/sbi/client.c:153)
11/20 18:52:55.960: [sbi] DEBUG: [UNREF] 2 (../lib/sbi/client.c:157)
11/20 18:52:55.961: [sbi] DEBUG: ogs_sbi_client_remove() [::1:7777] (../lib/sbi/client.c:153)
11/20 18:52:55.961: [sbi] DEBUG: ogs_sbi_client_remove() [127.0.0.12:80] (../lib/sbi/client.c:153)
11/20 18:52:55.961: [sbi] DEBUG: ogs_sbi_client_remove() [127.0.0.12:7777] (../lib/sbi/client.c:153)
11/20 18:52:55.973: [pfcp] DEBUG: [8] REMOTE Delete  peer [127.0.0.4]:8805 (../lib/pfcp/xact.c:813)
11/20 18:52:55.974: [app] INFO: UPF terminate...done (../src/upf/app.c:39)
11/20 18:53:25.101: [sbi] ERROR: SBI running [1] (../lib/sbi/context.c:1629)
11/20 18:53:25.102: [amf] ERROR: UE(amf_ue) Context has already been removed (../src/amf/amf-sm.c:388)
11/20 18:54:34.036: [sbi] ERROR: ogs_queue_push() failed:-4 (../lib/sbi/path.c:43)
11/20 18:54:46.751: [sbi] ERROR: SBI running [1] (../lib/sbi/context.c:1629)
11/20 18:54:46.753: [amf] ERROR: UE(amf_ue) Context has already been removed (../src/amf/amf-sm.c:388)
11/20 18:57:45.314: [sbi] ERROR: SBI running [1] (../lib/sbi/context.c:1629)
11/20 18:57:45.318: [amf] ERROR: UE(amf_ue) Context has already been removed (../src/amf/amf-sm.c:388)
11/20 19:00:17.657: [sbi] ERROR: SBI running [1] (../lib/sbi/context.c:1629)
11/20 19:00:17.659: [amf] ERROR: UE(amf_ue) Context has already been removed (../src/amf/amf-sm.c:388)
11/20 19:00:31.983: [sbi] ERROR: ogs_queue_push() failed:-4 (../lib/sbi/path.c:43)
11/20 19:02:10.035: [sbi] ERROR: SBI running [1] (../lib/sbi/context.c:1629)
11/20 19:02:10.036: [sbi] ERROR: SBI running [1] (../lib/sbi/context.c:1629)
11/20 19:02:10.038: [amf] ERROR: UE(amf_ue) Context has already been removed (../src/amf/amf-sm.c:388)
11/20 19:02:10.038: [amf] ERROR: UE(amf_ue) Context has already been removed (../src/amf/amf-sm.c:388)
11/20 19:06:31.898: [sbi] ERROR: ogs_queue_push() failed:-4 (../lib/sbi/path.c:43)
11/20 19:06:44.617: [core] ERROR: mongoc_collection_insert() failed (../tests/common/context.c:1245)
11/20 19:07:13.466: [sbi] ERROR: ogs_queue_push() failed:-4 (../lib/sbi/path.c:43)
11/20 19:09:58.627: [sock] ERROR: socket bind(2) [127.0.0.10]:7777 failed (98:Address already in use) (../lib/core/ogs-socket.c:111)
11/20 19:09:58.627: [sock] ERROR: tcp_server() [127.0.0.10]:7777 failed (98:Address already in use) (../lib/core/ogs-tcp.c:74)
11/20 19:09:58.627: [sbi] ERROR: Cannot start SBI server (../lib/sbi/nghttp2-server.c:132)
11/20 19:09:58.627: [app] ERROR: Failed to intialize NRF (../src/nrf/app.c:28)
11/20 19:09:58.627: [app] FATAL: Open5GS initialization failed. Aborted (../src/main.c:219)
11/20 19:09:58.630: [core] FATAL: child_main: Assertion `out_return_code == 0' failed. (../tests/common/application.c:106)
11/20 19:09:58.630: [core] FATAL: backtrace() returned 5 addresses (../lib/core/ogs-abort.c:37)
./build/tests/registration/registration(+0x517b0) [0x5632650127b0]
/home/test/build/tests/registration/../../lib/core/libogscore.so.2(+0x106f3) [0x7f0b5e90e6f3]
/lib/x86_64-linux-gnu/libpthread.so.0(+0x76db) [0x7f0b5c1516db]
/lib/x86_64-linux-gnu/libc.so.6(clone+0x3f) [0x7f0b5be7a61f]
11/20 19:10:08.505: [sbi] ERROR: ogs_queue_push() failed:-4 (../lib/sbi/path.c:43)
11/20 19:13:57.601: [sbi] ERROR: ogs_queue_push() failed:-4 (../lib/sbi/path.c:43)
11/20 19:14:13.399: [sbi] ERROR: ogs_queue_push() failed:-4 (../lib/sbi/path.c:43)
11/20 19:19:09.269: [thread] DEBUG: [0x556d9f66bf10] thread started (../lib/core/ogs-thread.c:101)
11/20 19:19:09.269: [thread] DEBUG: [0x556d9f66bf10] worker signal (../lib/core/ogs-thread.c:66)
Open5GS daemon v2.5.5

11/20 19:19:09.288: [app] INFO: Configuration: '/home/test/build/configs/sample.yaml' (../lib/app/ogs-init.c:126)
11/20 19:19:09.288: [app] INFO: File Logging: '/home/test/test.log' (../lib/app/ogs-init.c:129)
11/20 19:19:09.288: [app] INFO: LOG-LEVEL: 'debug' (../lib/app/ogs-init.c:132)
11/20 19:19:09.320: [thread] DEBUG: [0x556d9f66d980] worker signal (../lib/core/ogs-thread.c:66)
11/20 19:19:09.320: [thread] DEBUG: [0x556d9f66d980] thread started (../lib/core/ogs-thread.c:101)
Open5GS daemon v2.5.5

11/20 19:19:09.327: [app] INFO: Configuration: '/home/test/build/configs/sample.yaml' (../lib/app/ogs-init.c:126)
11/20 19:19:09.327: [app] INFO: File Logging: '/home/test/test.log' (../lib/app/ogs-init.c:129)
11/20 19:19:09.327: [app] INFO: LOG-LEVEL: 'debug' (../lib/app/ogs-init.c:132)
11/20 19:19:09.337: [sock] DEBUG: addr:127.0.0.10, port:7777 (../lib/core/ogs-sockaddr.c:140)
11/20 19:19:09.337: [sock] DEBUG: addr:::1, port:7777 (../lib/core/ogs-sockaddr.c:140)
11/20 19:19:09.337: [sock] DEBUG: socket create(2:1:6) (../lib/core/ogs-socket.c:92)
11/20 19:19:09.337: [sock] DEBUG: Turn on TCP_NODELAY (../lib/core/ogs-sockopt.c:139)
11/20 19:19:09.337: [sock] DEBUG: Turn on SO_REUSEADDR (../lib/core/ogs-sockopt.c:120)
11/20 19:19:09.337: [sock] ERROR: socket bind(2) [127.0.0.10]:7777 failed (98:Address already in use) (../lib/core/ogs-socket.c:111)
11/20 19:19:09.337: [sock] ERROR: tcp_server() [127.0.0.10]:7777 failed (98:Address already in use) (../lib/core/ogs-tcp.c:74)
11/20 19:19:09.337: [sbi] ERROR: Cannot start SBI server (../lib/sbi/nghttp2-server.c:132)
11/20 19:19:09.337: [app] ERROR: Failed to intialize NRF (../src/nrf/app.c:28)
11/20 19:19:09.337: [app] FATAL: Open5GS initialization failed. Aborted (../src/main.c:219)
11/20 19:19:09.340: [core] FATAL: child_main: Assertion `out_return_code == 0' failed. (../tests/common/application.c:106)
11/20 19:19:09.340: [core] FATAL: backtrace() returned 5 addresses (../lib/core/ogs-abort.c:37)
./build/tests/registration/registration(+0x517b3) [0x556d9d7857b3]
/home/test/build/tests/registration/../../lib/core/libogscore.so.2(+0x106f3) [0x7fa79cd2a6f3]
/lib/x86_64-linux-gnu/libpthread.so.0(+0x76db) [0x7fa79a56d6db]
/lib/x86_64-linux-gnu/libc.so.6(clone+0x3f) [0x7fa79a29661f]
11/20 19:19:17.312: [thread] DEBUG: [0x564704429f10] worker signal (../lib/core/ogs-thread.c:66)
11/20 19:19:17.312: [thread] DEBUG: [0x564704429f10] thread started (../lib/core/ogs-thread.c:101)
Open5GS daemon v2.5.5

11/20 19:19:17.328: [app] INFO: Configuration: '/home/test/build/configs/sample.yaml' (../lib/app/ogs-init.c:126)
11/20 19:19:17.328: [app] INFO: File Logging: '/home/test/test.log' (../lib/app/ogs-init.c:129)
11/20 19:19:17.328: [app] INFO: LOG-LEVEL: 'debug' (../lib/app/ogs-init.c:132)
11/20 19:19:17.363: [thread] DEBUG: [0x56470442a240] worker signal (../lib/core/ogs-thread.c:66)
11/20 19:19:17.363: [thread] DEBUG: [0x56470442a240] thread started (../lib/core/ogs-thread.c:101)
Open5GS daemon v2.5.5

11/20 19:19:17.369: [app] INFO: Configuration: '/home/test/build/configs/sample.yaml' (../lib/app/ogs-init.c:126)
11/20 19:19:17.369: [app] INFO: File Logging: '/home/test/test.log' (../lib/app/ogs-init.c:129)
11/20 19:19:17.369: [app] INFO: LOG-LEVEL: 'debug' (../lib/app/ogs-init.c:132)
11/20 19:19:17.375: [sock] DEBUG: addr:127.0.0.10, port:7777 (../lib/core/ogs-sockaddr.c:140)
11/20 19:19:17.375: [sock] DEBUG: addr:::1, port:7777 (../lib/core/ogs-sockaddr.c:140)
11/20 19:19:17.375: [sock] DEBUG: socket create(2:1:6) (../lib/core/ogs-socket.c:92)
11/20 19:19:17.375: [sock] DEBUG: Turn on TCP_NODELAY (../lib/core/ogs-sockopt.c:139)
11/20 19:19:17.375: [sock] DEBUG: Turn on SO_REUSEADDR (../lib/core/ogs-sockopt.c:120)
11/20 19:19:17.375: [sock] DEBUG: socket bind 127.0.0.10:7777 (../lib/core/ogs-socket.c:117)
11/20 19:19:17.375: [sock] DEBUG: tcp_server() [127.0.0.10]:7777 (../lib/core/ogs-tcp.c:61)
11/20 19:19:17.375: [sbi] INFO: nghttp2_server() [127.0.0.10]:7777 (../lib/sbi/nghttp2-server.c:151)
11/20 19:19:17.375: [sock] DEBUG: socket create(10:1:6) (../lib/core/ogs-socket.c:92)
11/20 19:19:17.375: [sock] DEBUG: Turn on TCP_NODELAY (../lib/core/ogs-sockopt.c:139)
11/20 19:19:17.376: [sock] DEBUG: Turn on SO_REUSEADDR (../lib/core/ogs-sockopt.c:120)
11/20 19:19:17.376: [sock] DEBUG: socket bind ::1:7777 (../lib/core/ogs-socket.c:117)
11/20 19:19:17.376: [sock] DEBUG: tcp_server() [::1]:7777 (../lib/core/ogs-tcp.c:61)
11/20 19:19:17.376: [sbi] INFO: nghttp2_server() [::1]:7777 (../lib/sbi/nghttp2-server.c:151)
11/20 19:19:17.376: [thread] DEBUG: [0x558994811c40] thread started (../lib/core/ogs-thread.c:101)
11/20 19:19:17.376: [app] INFO: NRF initialize...done (../src/nrf/app.c:31)
11/20 19:19:17.376: [thread] DEBUG: [0x558994811c40] worker signal (../lib/core/ogs-thread.c:66)
11/20 19:19:17.376: [nrf] DEBUG: nrf_state_initial(): INIT (../src/nrf/nrf-sm.c:25)
11/20 19:19:17.376: [nrf] DEBUG: nrf_state_operational(): ENTRY (../src/nrf/nrf-sm.c:50)
11/20 19:19:17.413: [thread] DEBUG: [0x56470442a450] thread started (../lib/core/ogs-thread.c:101)
11/20 19:19:17.413: [thread] DEBUG: [0x56470442a450] worker signal (../lib/core/ogs-thread.c:66)
Open5GS daemon v2.5.5

11/20 19:19:17.432: [app] INFO: Configuration: '/home/test/build/configs/sample.yaml' (../lib/app/ogs-init.c:126)
11/20 19:19:17.432: [app] INFO: File Logging: '/home/test/test.log' (../lib/app/ogs-init.c:129)
11/20 19:19:17.432: [app] INFO: LOG-LEVEL: 'debug' (../lib/app/ogs-init.c:132)
11/20 19:19:17.463: [thread] DEBUG: [0x56470442a660] thread started (../lib/core/ogs-thread.c:101)
11/20 19:19:17.463: [thread] DEBUG: [0x56470442a660] worker signal (../lib/core/ogs-thread.c:66)
Open5GS daemon v2.5.5

11/20 19:19:17.475: [app] INFO: Configuration: '/home/test/build/configs/sample.yaml' (../lib/app/ogs-init.c:126)
11/20 19:19:17.475: [app] INFO: File Logging: '/home/test/test.log' (../lib/app/ogs-init.c:129)
11/20 19:19:17.475: [app] INFO: LOG-LEVEL: 'debug' (../lib/app/ogs-init.c:132)
11/20 19:19:17.514: [thread] DEBUG: [0x56470442a870] worker signal (../lib/core/ogs-thread.c:66)
11/20 19:19:17.514: [thread] DEBUG: [0x56470442a870] thread started (../lib/core/ogs-thread.c:101)
11/20 19:19:17.521: [sock] DEBUG: addr:127.0.0.5, port:7777 (../lib/core/ogs-sockaddr.c:140)
11/20 19:19:17.521: [sock] DEBUG: addr:127.0.0.10, port:7777 (../lib/core/ogs-sockaddr.c:140)
11/20 19:19:17.521: [sock] DEBUG: addr:::1, port:7777 (../lib/core/ogs-sockaddr.c:140)
11/20 19:19:17.521: [sock] DEBUG: addr:127.0.0.5, port:38412 (../lib/core/ogs-sockaddr.c:140)
11/20 19:19:17.521: [sock] DEBUG: addr:127.0.0.20, port:38412 (../lib/core/ogs-sockaddr.c:140)
11/20 19:19:17.521: [sock] DEBUG: addr:127.0.0.21, port:38412 (../lib/core/ogs-sockaddr.c:140)
11/20 19:19:17.521: [sock] DEBUG: addr:127.0.0.22, port:38412 (../lib/core/ogs-sockaddr.c:140)
11/20 19:19:17.521: [sock] DEBUG: addr:127.0.0.23, port:38412 (../lib/core/ogs-sockaddr.c:140)
11/20 19:19:17.521: [sock] DEBUG: addr:127.0.0.24, port:38412 (../lib/core/ogs-sockaddr.c:140)
11/20 19:19:17.521: [sock] DEBUG: addr:127.0.0.25, port:38412 (../lib/core/ogs-sockaddr.c:140)
11/20 19:19:17.521: [sock] DEBUG: addr:127.0.0.26, port:38412 (../lib/core/ogs-sockaddr.c:140)
11/20 19:19:17.521: [sock] DEBUG: addr:127.0.0.27, port:38412 (../lib/core/ogs-sockaddr.c:140)
11/20 19:19:17.521: [sock] DEBUG: addr:127.0.0.28, port:38412 (../lib/core/ogs-sockaddr.c:140)
Open5GS daemon v2.5.5

11/20 19:19:17.529: [app] INFO: Configuration: '/home/test/build/configs/sample.yaml' (../lib/app/ogs-init.c:126)
11/20 19:19:17.529: [app] INFO: File Logging: '/home/test/test.log' (../lib/app/ogs-init.c:129)
11/20 19:19:17.529: [app] INFO: LOG-LEVEL: 'debug' (../lib/app/ogs-init.c:132)
11/20 19:19:17.564: [thread] DEBUG: [0x56470442aa80] thread started (../lib/core/ogs-thread.c:101)
11/20 19:19:17.564: [thread] DEBUG: [0x56470442aa80] worker signal (../lib/core/ogs-thread.c:66)
Open5GS daemon v2.5.5

11/20 19:19:17.572: [app] INFO: Configuration: '/home/test/build/configs/sample.yaml' (../lib/app/ogs-init.c:126)
11/20 19:19:17.572: [app] INFO: File Logging: '/home/test/test.log' (../lib/app/ogs-init.c:129)
11/20 19:19:17.572: [app] INFO: LOG-LEVEL: 'debug' (../lib/app/ogs-init.c:132)
11/20 19:19:17.575: [sock] DEBUG: addr:127.0.0.10, port:7777 (../lib/core/ogs-sockaddr.c:140)
11/20 19:19:17.575: [sock] DEBUG: addr:::1, port:7777 (../lib/core/ogs-sockaddr.c:140)
11/20 19:19:17.575: [sock] DEBUG: addr:127.0.0.11, port:7777 (../lib/core/ogs-sockaddr.c:140)
11/20 19:19:17.575: [sbi] DEBUG: ogs_sbi_nf_state_initial(): ENTRY (../lib/sbi/nf-sm.c:66)
11/20 19:19:17.575: [sbi] DEBUG: ogs_sbi_nf_state_registered(): ENTRY (../lib/sbi/nf-sm.c:204)
11/20 19:19:17.575: [sbi] INFO: NF Service [nausf-auth] (../lib/sbi/context.c:1401)
11/20 19:19:17.575: [sbi] DEBUG: ogs_sbi_nf_state_initial(): ENTRY (../lib/sbi/nf-sm.c:66)
11/20 19:19:17.575: [sbi] DEBUG: ogs_sbi_nf_state_will_register(): ENTRY (../lib/sbi/nf-sm.c:118)
11/20 19:19:17.575: [sbi] DEBUG: [PUT] http://[::1]:7777/nnrf-nfm/v1/nf-instances/485b1d50-694b-41ed-a118-1fcc33a0b7f6 (../lib/sbi/client.c:625)
11/20 19:19:17.575: [sbi] DEBUG: SENDING...[731] (../lib/sbi/client.c:401)
11/20 19:19:17.575: [sbi] DEBUG: {
	"nfInstanceId":	"485b1d50-694b-41ed-a118-1fcc33a0b7f6",
	"nfType":	"AUSF",
	"nfStatus":	"REGISTERED",
	"ipv4Addresses":	["127.0.0.11"],
	"allowedNfTypes":	["AMF", "SCP"],
	"priority":	0,
	"capacity":	100,
	"load":	0,
	"nfServiceList":	{
		"485b2f52-694b-41ed-a118-1fcc33a0b7f6":	{
			"serviceInstanceId":	"485b2f52-694b-41ed-a118-1fcc33a0b7f6",
			"serviceName":	"nausf-auth",
			"versions":	[{
					"apiVersionInUri":	"v1",
					"apiFullVersion":	"1.0.0"
				}],
			"scheme":	"http",
			"nfServiceStatus":	"REGISTERED",
			"ipEndPoints":	[{
					"ipv4Address":	"127.0.0.11",
					"port":	7777
				}],
			"allowedNfTypes":	["AMF"],
			"priority":	0,
			"capacity":	100,
			"load":	0
		}
	},
	"nfProfileChangesSupportInd":	true
} (../lib/sbi/client.c:403)
11/20 19:19:17.575: [sock] DEBUG: socket create(2:1:6) (../lib/core/ogs-socket.c:92)
11/20 19:19:17.575: [sock] DEBUG: Turn on TCP_NODELAY (../lib/core/ogs-sockopt.c:139)
11/20 19:19:17.575: [sock] DEBUG: Turn on SO_REUSEADDR (../lib/core/ogs-sockopt.c:120)
11/20 19:19:17.575: [sock] DEBUG: socket bind 127.0.0.11:7777 (../lib/core/ogs-socket.c:117)
11/20 19:19:17.575: [sock] DEBUG: tcp_server() [127.0.0.11]:7777 (../lib/core/ogs-tcp.c:61)
11/20 19:19:17.575: [sbi] INFO: nghttp2_server() [127.0.0.11]:7777 (../lib/sbi/nghttp2-server.c:151)
11/20 19:19:17.575: [thread] DEBUG: [0x55b35fa67420] thread started (../lib/core/ogs-thread.c:101)
11/20 19:19:17.575: [app] INFO: AUSF initialize...done (../src/ausf/app.c:31)
11/20 19:19:17.575: [thread] DEBUG: [0x55b35fa67420] worker signal (../lib/core/ogs-thread.c:66)
11/20 19:19:17.575: [ausf] DEBUG: ausf_state_initial(): INIT (../src/ausf/ausf-sm.c:25)
11/20 19:19:17.575: [ausf] DEBUG: ausf_state_operational(): ENTRY (../src/ausf/ausf-sm.c:52)
0000: 00000604 00000000 00000300 04e200     ...............
11/20 19:19:17.576: [sbi] DEBUG: MAX_CONCURRENT_STREAMS = 100 (../lib/sbi/nghttp2-server.c:747)
11/20 19:19:17.576: [sbi] DEBUG: ENABLE_PUSH = false (../lib/sbi/nghttp2-server.c:749)
11/20 19:19:17.576: [sbi] DEBUG: STREAM added [1] (../lib/sbi/nghttp2-server.c:1122)
11/20 19:19:17.576: [sbi] DEBUG: MAX_CONCURRENT_STREAMS = 100 (../lib/sbi/nghttp2-server.c:747)
11/20 19:19:17.576: [sbi] DEBUG: ENABLE_PUSH = false (../lib/sbi/nghttp2-server.c:749)
11/20 19:19:17.576: [sbi] DEBUG: [PUT] /nnrf-nfm/v1/nf-instances/485b1d50-694b-41ed-a118-1fcc33a0b7f6 (../lib/sbi/nghttp2-server.c:801)
11/20 19:19:17.576: [sbi] DEBUG: RECEIVED: 731 (../lib/sbi/nghttp2-server.c:805)
11/20 19:19:17.576: [sbi] DEBUG: {
	"nfInstanceId":	"485b1d50-694b-41ed-a118-1fcc33a0b7f6",
	"nfType":	"AUSF",
	"nfStatus":	"REGISTERED",
	"ipv4Addresses":	["127.0.0.11"],
	"allowedNfTypes":	["AMF", "SCP"],
	"priority":	0,
	"capacity":	100,
	"load":	0,
	"nfServiceList":	{
		"485b2f52-694b-41ed-a118-1fcc33a0b7f6":	{
			"serviceInstanceId":	"485b2f52-694b-41ed-a118-1fcc33a0b7f6",
			"serviceName":	"nausf-auth",
			"versions":	[{
					"apiVersionInUri":	"v1",
					"apiFullVersion":	"1.0.0"
				}],
			"scheme":	"http",
			"nfServiceStatus":	"REGISTERED",
			"ipEndPoints":	[{
					"ipv4Address":	"127.0.0.11",
					"port":	7777
				}],
			"allowedNfTypes":	["AMF"],
			"priority":	0,
			"capacity":	100,
			"load":	0
		}
	},
	"nfProfileChangesSupportInd":	true
} (../lib/sbi/nghttp2-server.c:806)
11/20 19:19:17.576: [nrf] DEBUG: nrf_state_operational(): OGS_EVENT_NAME_SBI_SERVER (../src/nrf/nrf-sm.c:50)
11/20 19:19:17.576: [sbi] DEBUG: ogs_sbi_nf_instance_add() (../lib/sbi/context.c:762)
11/20 19:19:17.576: [sbi] DEBUG: [REF] 1 (../lib/sbi/context.c:764)
11/20 19:19:17.576: [nrf] DEBUG: nrf_nf_state_initial(): ENTRY (../src/nrf/nf-sm.c:55)
11/20 19:19:17.576: [nrf] DEBUG: nrf_nf_state_will_register(): ENTRY (../src/nrf/nf-sm.c:93)
11/20 19:19:17.576: [nrf] DEBUG: nrf_nf_state_will_register(): OGS_EVENT_NAME_SBI_SERVER (../src/nrf/nf-sm.c:93)
11/20 19:19:17.576: [sock] DEBUG: addr:127.0.0.11, port:80 (../lib/core/ogs-sockaddr.c:140)
11/20 19:19:17.576: [sock] DEBUG: addr:127.0.0.11, port:7777 (../lib/core/ogs-sockaddr.c:140)
11/20 19:19:17.576: [sbi] DEBUG: STATUS [201] (../lib/sbi/nghttp2-server.c:357)
11/20 19:19:17.576: [sbi] DEBUG: SENDING...: 158 (../lib/sbi/nghttp2-server.c:365)
11/20 19:19:17.576: [sbi] DEBUG: {
	"nfInstanceId":	"485b1d50-694b-41ed-a118-1fcc33a0b7f6",
	"nfType":	"AUSF",
	"nfStatus":	"REGISTERED",
	"heartBeatTimer":	10,
	"nfProfileChangesInd":	true
} (../lib/sbi/nghttp2-server.c:366)
11/20 19:19:17.576: [sbi] DEBUG: STREAM closed [1] (../lib/sbi/nghttp2-server.c:852)
11/20 19:19:17.576: [nrf] DEBUG: nrf_nf_state_will_register(): EXIT (../src/nrf/nf-sm.c:93)
11/20 19:19:17.576: [nrf] DEBUG: nrf_nf_state_registered(): ENTRY (../src/nrf/nf-sm.c:183)
11/20 19:19:17.577: [nrf] INFO: [485b1d50-694b-41ed-a118-1fcc33a0b7f6] NF registered [Heartbeat:10s] (../src/nrf/nf-sm.c:191)
0000: 00000004 01000000 00                  .........
0000: 00006c01 04000000 01488210 03768bd5   ..l......H...v..
0010: 596a6f16 e53b8976 d76f6196 d07abe94   Yjo..;.v.oa..z..
0020: 1054d27e ea080212 8066e05f b81754c5   .T.~.....f._..T.
0030: a37f0f0d 03313538 0f1fad62 aaac956a   .....158...b...j
0040: a5a58ee1 62a95635 4848ea21 50c34f37   ....b.V5HH.!P.O7
0050: 18646c0b 38fb51ac d04b22c3 085e5832   .dl.8.Q..K"..^X2
0060: 908cb230 46ecae7f 5f8b1d75 d0620d26   ...0F..._..u.b.&
0070: 3d4c7441 ea                           =LtA.
0000: 00009e00 01000000 017b0a09 226e6649   .........{.."nfI
0010: 6e737461 6e636549 64223a09 22343835   nstanceId":."485
0020: 62316435 302d3639 34622d34 3165642d   b1d50-694b-41ed-
0030: 61313138 2d316663 63333361 30623766   a118-1fcc33a0b7f
0040: 36222c0a 09226e66 54797065 223a0922   6",.."nfType":."
0050: 41555346 222c0a09 226e6653 74617475   AUSF",.."nfStatu
0060: 73223a09 22524547 49535445 52454422   s":."REGISTERED"
0070: 2c0a0922 68656172 74426561 7454696d   ,.."heartBeatTim
0080: 6572223a 0931302c 0a09226e 6650726f   er":.10,.."nfPro
0090: 66696c65 4368616e 67657349 6e64223a   fileChangesInd":
00a0: 09747275 650a7d                       .true.}
11/20 19:19:17.577: [sbi] DEBUG: [201:PUT] http://[::1]:7777/nnrf-nfm/v1/nf-instances/485b1d50-694b-41ed-a118-1fcc33a0b7f6 (../lib/sbi/client.c:573)
11/20 19:19:17.577: [sbi] DEBUG: RECEIVED[158] (../lib/sbi/client.c:584)
11/20 19:19:17.577: [sbi] DEBUG: {
	"nfInstanceId":	"485b1d50-694b-41ed-a118-1fcc33a0b7f6",
	"nfType":	"AUSF",
	"nfStatus":	"REGISTERED",
	"heartBeatTimer":	10,
	"nfProfileChangesInd":	true
} (../lib/sbi/client.c:586)
11/20 19:19:17.577: [ausf] DEBUG: ausf_state_operational(): OGS_EVENT_NAME_SBI_CLIENT (../src/ausf/ausf-sm.c:52)
11/20 19:19:17.577: [sbi] DEBUG: ogs_sbi_nf_state_will_register(): OGS_EVENT_NAME_SBI_CLIENT (../lib/sbi/nf-sm.c:118)
11/20 19:19:17.577: [sbi] DEBUG: ogs_sbi_nf_state_will_register(): EXIT (../lib/sbi/nf-sm.c:118)
11/20 19:19:17.577: [sbi] DEBUG: ogs_sbi_nf_state_registered(): ENTRY (../lib/sbi/nf-sm.c:204)
11/20 19:19:17.577: [sbi] INFO: [485b1d50-694b-41ed-a118-1fcc33a0b7f6] NF registered [Heartbeat:10s] (../lib/sbi/nf-sm.c:216)
11/20 19:19:17.577: [sbi] DEBUG: [POST] http://[::1]:7777/nnrf-nfm/v1/subscriptions (../lib/sbi/client.c:625)
11/20 19:19:17.577: [sbi] DEBUG: SENDING...[263] (../lib/sbi/client.c:401)
11/20 19:19:17.577: [sbi] DEBUG: {
	"nfStatusNotificationUri":	"http://127.0.0.11:7777/nnrf-nfm/v1/nf-status-notify",
	"reqNfInstanceId":	"485b1d50-694b-41ed-a118-1fcc33a0b7f6",
	"subscrCond":	{
		"nfType":	"UDM",
		"serviceName":	"nudm-ueau"
	},
	"reqNfType":	"AUSF",
	"requesterFeatures":	"1"
} (../lib/sbi/client.c:403)
11/20 19:19:17.578: [sbi] DEBUG: STREAM added [3] (../lib/sbi/nghttp2-server.c:1122)
11/20 19:19:17.578: [sbi] DEBUG: [POST] /nnrf-nfm/v1/subscriptions (../lib/sbi/nghttp2-server.c:801)
11/20 19:19:17.578: [sbi] DEBUG: RECEIVED: 263 (../lib/sbi/nghttp2-server.c:805)
11/20 19:19:17.578: [sbi] DEBUG: {
	"nfStatusNotificationUri":	"http://127.0.0.11:7777/nnrf-nfm/v1/nf-status-notify",
	"reqNfInstanceId":	"485b1d50-694b-41ed-a118-1fcc33a0b7f6",
	"subscrCond":	{
		"nfType":	"UDM",
		"serviceName":	"nudm-ueau"
	},
	"reqNfType":	"AUSF",
	"requesterFeatures":	"1"
} (../lib/sbi/nghttp2-server.c:806)
11/20 19:19:17.578: [nrf] DEBUG: nrf_state_operational(): OGS_EVENT_NAME_SBI_SERVER (../src/nrf/nrf-sm.c:50)
11/20 19:19:17.578: [sock] DEBUG: addr:127.0.0.11, port:7777 (../lib/core/ogs-sockaddr.c:140)
11/20 19:19:17.578: [sbi] DEBUG: ogs_sbi_client_add() (../lib/sbi/client.c:112)
11/20 19:19:17.578: [sbi] DEBUG: [REF] 1 (../lib/sbi/client.c:113)
11/20 19:19:17.578: [nrf] DEBUG: [REF] 2 (../src/nrf/nnrf-handler.c:261)
11/20 19:19:17.578: [sbi] DEBUG: STATUS [201] (../lib/sbi/nghttp2-server.c:357)
11/20 19:19:17.578: [sbi] DEBUG: SENDING...: 378 (../lib/sbi/nghttp2-server.c:365)
11/20 19:19:17.578: [sbi] DEBUG: {
	"nfStatusNotificationUri":	"http://127.0.0.11:7777/nnrf-nfm/v1/nf-status-notify",
	"reqNfInstanceId":	"485b1d50-694b-41ed-a118-1fcc33a0b7f6",
	"subscrCond":	{
		"nfType":	"UDM",
		"serviceName":	"nudm-ueau"
	},
	"subscriptionId":	"485bb9b8-694b-41ed-a2f9-8f4c756402e9",
	"validityTime":	"2022-11-21T19:19:17.578903-08:00",
	"reqNfType":	"AUSF",
	"nrfSupportedFeatures":	"1"
} (../lib/sbi/nghttp2-server.c:366)
11/20 19:19:17.578: [sbi] DEBUG: STREAM closed [3] (../lib/sbi/nghttp2-server.c:852)
0000: 00002001 04000000 03c1c0bf 0f0d0333   .. ............3
0010: 37380f1f 9362aaac 956aa5a5 8ee16116   78...b...j....a.
0020: c682586a d263d48f be                  ..Xj.c...
11/20 19:19:17.579: [sbi] DEBUG: [201:POST] http://[::1]:7777/nnrf-nfm/v1/subscriptions (../lib/sbi/client.c:573)
0000: 00017a00 01000000 037b0a09 226e6653   ..z......{.."nfS
0010: 74617475 734e6f74 69666963 6174696f   tatusNotificatio
0020: 6e557269 223a0922 68747470 3a2f2f31   nUri":."http://1
0030: 32372e30 2e302e31 313a3737 37372f6e   27.0.0.11:7777/n
0040: 6e72662d 6e666d2f 76312f6e 662d7374   nrf-nfm/v1/nf-st
0050: 61747573 2d6e6f74 69667922 2c0a0922   atus-notify",.."
0060: 7265714e 66496e73 74616e63 65496422   reqNfInstanceId"
0070: 3a092234 38356231 6435302d 36393462   :."485b1d50-694b
0080: 2d343165 642d6131 31382d31 66636333   -41ed-a118-1fcc3
0090: 33613062 37663622 2c0a0922 73756273   3a0b7f6",.."subs
00a0: 6372436f 6e64223a 097b0a09 09226e66   crCond":.{..."nf
00b0: 54797065 223a0922 55444d22 2c0a0909   Type":."UDM",...
00c0: 22736572 76696365 4e616d65 223a0922   "serviceName":."
00d0: 6e75646d 2d756561 75220a09 7d2c0a09   nudm-ueau"..},..
00e0: 22737562 73637269 7074696f 6e496422   "subscriptionId"
00f0: 3a092234 38356262 3962382d 36393462   :."485bb9b8-694b
0100: 2d343165 642d6132 66392d38 66346337   -41ed-a2f9-8f4c7
0110: 35363430 32653922 2c0a0922 76616c69   56402e9",.."vali
0120: 64697479 54696d65 223a0922 32303232   dityTime":."2022
0130: 2d31312d 32315431 393a3139 3a31372e   -11-21T19:19:17.
0140: 35373839 30332d30 383a3030 222c0a09   578903-08:00",..
0150: 22726571 4e665479 7065223a 09224155   "reqNfType":."AU
0160: 5346222c 0a09226e 72665375 70706f72   SF",.."nrfSuppor
0170: 74656446 65617475 72657322 3a092231   tedFeatures":."1
0180: 220a7d                                ".}
11/20 19:19:17.579: [sbi] DEBUG: RECEIVED[378] (../lib/sbi/client.c:584)
11/20 19:19:17.579: [sbi] DEBUG: {
	"nfStatusNotificationUri":	"http://127.0.0.11:7777/nnrf-nfm/v1/nf-status-notify",
	"reqNfInstanceId":	"485b1d50-694b-41ed-a118-1fcc33a0b7f6",
	"subscrCond":	{
		"nfType":	"UDM",
		"serviceName":	"nudm-ueau"
	},
	"subscriptionId":	"485bb9b8-694b-41ed-a2f9-8f4c756402e9",
	"validityTime":	"2022-11-21T19:19:17.578903-08:00",
	"reqNfType":	"AUSF",
	"nrfSupportedFeatures":	"1"
} (../lib/sbi/client.c:586)
11/20 19:19:17.579: [ausf] DEBUG: ausf_state_operational(): OGS_EVENT_NAME_SBI_CLIENT (../src/ausf/ausf-sm.c:52)
11/20 19:19:17.601: [sock] DEBUG: addr:127.0.0.7, port:2152 (../lib/core/ogs-sockaddr.c:140)
11/20 19:19:17.601: [sock] DEBUG: addr:127.0.0.4, port:8805 (../lib/core/ogs-sockaddr.c:140)
11/20 19:19:17.601: [sock] DEBUG: addr:127.0.0.7, port:8805 (../lib/core/ogs-sockaddr.c:140)
11/20 19:19:17.609: [sock] DEBUG: addr:127.0.0.10, port:7777 (../lib/core/ogs-sockaddr.c:140)
11/20 19:19:17.609: [sock] DEBUG: addr:::1, port:7777 (../lib/core/ogs-sockaddr.c:140)
11/20 19:19:17.609: [sock] DEBUG: addr:127.0.0.12, port:7777 (../lib/core/ogs-sockaddr.c:140)
11/20 19:19:17.609: [sbi] DEBUG: ogs_sbi_nf_state_initial(): ENTRY (../lib/sbi/nf-sm.c:66)
11/20 19:19:17.609: [sbi] DEBUG: ogs_sbi_nf_state_registered(): ENTRY (../lib/sbi/nf-sm.c:204)
11/20 19:19:17.609: [sbi] INFO: NF Service [nudm-ueau] (../lib/sbi/context.c:1401)
11/20 19:19:17.609: [sbi] INFO: NF Service [nudm-uecm] (../lib/sbi/context.c:1401)
11/20 19:19:17.609: [sbi] INFO: NF Service [nudm-sdm] (../lib/sbi/context.c:1401)
11/20 19:19:17.609: [sbi] DEBUG: ogs_sbi_nf_state_initial(): ENTRY (../lib/sbi/nf-sm.c:66)
11/20 19:19:17.609: [sbi] DEBUG: ogs_sbi_nf_state_will_register(): ENTRY (../lib/sbi/nf-sm.c:118)
11/20 19:19:17.609: [sbi] DEBUG: [PUT] http://[::1]:7777/nnrf-nfm/v1/nf-instances/486054dc-694b-41ed-927b-4d0a906ac64b (../lib/sbi/client.c:625)
11/20 19:19:17.609: [sbi] DEBUG: SENDING...[1651] (../lib/sbi/client.c:401)
11/20 19:19:17.609: [sbi] DEBUG: {
	"nfInstanceId":	"486054dc-694b-41ed-927b-4d0a906ac64b",
	"nfType":	"UDM",
	"nfStatus":	"REGISTERED",
	"ipv4Addresses":	["127.0.0.12"],
	"allowedNfTypes":	["AMF", "SMF", "AUSF", "SCP"],
	"priority":	0,
	"capacity":	100,
	"load":	0,
	"nfServiceList":	{
		"48606242-694b-41ed-927b-4d0a906ac64b":	{
			"serviceInstanceId":	"48606242-694b-41ed-927b-4d0a906ac64b",
			"serviceName":	"nudm-ueau",
			"versions":	[{
					"apiVersionInUri":	"v1",
					"apiFullVersion":	"1.0.0"
				}],
			"scheme":	"http",
			"nfServiceStatus":	"REGISTERED",
			"ipEndPoints":	[{
					"ipv4Address":	"127.0.0.12",
					"port":	7777
				}],
			"allowedNfTypes":	["AUSF"],
			"priority":	0,
			"capacity":	100,
			"load":	0
		},
		"486062b0-694b-41ed-927b-4d0a906ac64b":	{
			"serviceInstanceId":	"486062b0-694b-41ed-927b-4d0a906ac64b",
			"serviceName":	"nudm-uecm",
			"versions":	[{
					"apiVersionInUri":	"v1",
					"apiFullVersion":	"1.0.0"
				}],
			"scheme":	"http",
			"nfServiceStatus":	"REGISTERED",
			"ipEndPoints":	[{
					"ipv4Address":	"127.0.0.12",
					"port":	7777
				}],
			"allowedNfTypes":	["AMF"],
			"priority":	0,
			"capacity":	100,
			"load":	0
		},
		"48606300-694b-41ed-927b-4d0a906ac64b":	{
			"serviceInstanceId":	"48606300-694b-41ed-927b-4d0a906ac64b",
			"serviceName":	"nudm-sdm",
			"versions":	[{
					"apiVersionInUri":	"v2",
					"apiFullVersion":	"2.0.0"
				}],
			"scheme":	"http",
			"nfServiceStatus":	"REGISTERED",
			"ipEndPoints":	[{
					"ipv4Address":	"127.0.0.12",
					"port":	7777
				}],
			"allowedNfTypes":	["AMF", "SMF"],
			"priority":	0,
			"capacity":	100,
			"load":	0
		}
	},
	"nfProfileChangesSupportInd":	true
} (../lib/sbi/client.c:403)
11/20 19:19:17.609: [sock] DEBUG: socket create(2:1:6) (../lib/core/ogs-socket.c:92)
11/20 19:19:17.609: [sock] DEBUG: Turn on TCP_NODELAY (../lib/core/ogs-sockopt.c:139)
11/20 19:19:17.609: [sock] DEBUG: Turn on SO_REUSEADDR (../lib/core/ogs-sockopt.c:120)
11/20 19:19:17.609: [sock] DEBUG: socket bind 127.0.0.12:7777 (../lib/core/ogs-socket.c:117)
11/20 19:19:17.609: [sock] DEBUG: tcp_server() [127.0.0.12]:7777 (../lib/core/ogs-tcp.c:61)
11/20 19:19:17.609: [sbi] INFO: nghttp2_server() [127.0.0.12]:7777 (../lib/sbi/nghttp2-server.c:151)
11/20 19:19:17.610: [thread] DEBUG: [0x55631d9d3de0] thread started (../lib/core/ogs-thread.c:101)
11/20 19:19:17.610: [app] INFO: UDM initialize...done (../src/udm/app.c:31)
11/20 19:19:17.610: [thread] DEBUG: [0x55631d9d3de0] worker signal (../lib/core/ogs-thread.c:66)
11/20 19:19:17.610: [udm] DEBUG: udm_state_initial(): INIT (../src/udm/udm-sm.c:25)
11/20 19:19:17.610: [udm] DEBUG: udm_state_operational(): ENTRY (../src/udm/udm-sm.c:53)
11/20 19:19:17.611: [sbi] DEBUG: MAX_CONCURRENT_STREAMS = 100 (../lib/sbi/nghttp2-server.c:747)
11/20 19:19:17.611: [sbi] DEBUG: ENABLE_PUSH = false (../lib/sbi/nghttp2-server.c:749)
0000: 00000604 00000000 00000300 04e200     ...............
11/20 19:19:17.611: [sbi] DEBUG: STREAM added [1] (../lib/sbi/nghttp2-server.c:1122)
11/20 19:19:17.611: [sbi] DEBUG: [PUT] /nnrf-nfm/v1/nf-instances/486054dc-694b-41ed-927b-4d0a906ac64b (../lib/sbi/nghttp2-server.c:801)
11/20 19:19:17.611: [sbi] DEBUG: RECEIVED: 1651 (../lib/sbi/nghttp2-server.c:805)
11/20 19:19:17.611: [sbi] DEBUG: {
	"nfInstanceId":	"486054dc-694b-41ed-927b-4d0a906ac64b",
	"nfType":	"UDM",
	"nfStatus":	"REGISTERED",
	"ipv4Addresses":	["127.0.0.12"],
	"allowedNfTypes":	["AMF", "SMF", "AUSF", "SCP"],
	"priority":	0,
	"capacity":	100,
	"load":	0,
	"nfServiceList":	{
		"48606242-694b-41ed-927b-4d0a906ac64b":	{
			"serviceInstanceId":	"48606242-694b-41ed-927b-4d0a906ac64b",
			"serviceName":	"nudm-ueau",
			"versions":	[{
					"apiVersionInUri":	"v1",
					"apiFullVersion":	"1.0.0"
				}],
			"scheme":	"http",
			"nfServiceStatus":	"REGISTERED",
			"ipEndPoints":	[{
					"ipv4Address":	"127.0.0.12",
					"port":	7777
				}],
			"allowedNfTypes":	["AUSF"],
			"priority":	0,
			"capacity":	100,
			"load":	0
		},
		"486062b0-694b-41ed-927b-4d0a906ac64b":	{
			"serviceInstanceId":	"486062b0-694b-41ed-927b-4d0a906ac64b",
			"serviceName":	"nudm-uecm",
			"versions":	[{
					"apiVersionInUri":	"v1",
					"apiFullVersion":	"1.0.0"
				}],
			"scheme":	"http",
			"nfServiceStatus":	"REGISTERED",
			"ipEndPoints":	[{
					"ipv4Address":	"127.0.0.12",
					"port":	7777
				}],
			"allowedNfTypes":	["AMF"],
			"priority":	0,
			"capacity":	100,
			"load":	0
		},
		"48606300-694b-41ed-927b-4d0a906ac64b":	{
			"serviceInstanceId":	"48606300-694b-41ed-927b-4d0a906ac64b",
			"serviceName":	"nudm-sdm",
			"versions":	[{
					"apiVersionInUri":	"v2",
					"apiFullVersion":	"2.0.0"
				}],
			"scheme":	"http",
			"nfServiceStatus":	"REGISTERED",
			"ipEndPoints":	[{
					"ipv4Address":	"127.0.0.12",
					"port":	7777
				}],
			"allowedNfTypes":	["AMF", "SMF"],
			"priority":	0,
			"capacity":	100,
			"load":	0
		}
	},
	"nfProfileChangesSupportInd":	true
} (../lib/sbi/nghttp2-server.c:806)
11/20 19:19:17.611: [sbi] DEBUG: MAX_CONCURRENT_STREAMS = 100 (../lib/sbi/nghttp2-server.c:747)
11/20 19:19:17.611: [sbi] DEBUG: ENABLE_PUSH = false (../lib/sbi/nghttp2-server.c:749)
11/20 19:19:17.611: [nrf] DEBUG: nrf_state_operational(): OGS_EVENT_NAME_SBI_SERVER (../src/nrf/nrf-sm.c:50)
11/20 19:19:17.611: [sbi] DEBUG: ogs_sbi_nf_instance_add() (../lib/sbi/context.c:762)
11/20 19:19:17.611: [sbi] DEBUG: [REF] 1 (../lib/sbi/context.c:764)
11/20 19:19:17.611: [sock] DEBUG: socket create(2:2:17) (../lib/core/ogs-socket.c:92)
11/20 19:19:17.611: [nrf] DEBUG: nrf_nf_state_initial(): ENTRY (../src/nrf/nf-sm.c:55)
11/20 19:19:17.611: [nrf] DEBUG: nrf_nf_state_will_register(): ENTRY (../src/nrf/nf-sm.c:93)
11/20 19:19:17.611: [sock] DEBUG: socket bind 127.0.0.7:8805 (../lib/core/ogs-socket.c:117)
11/20 19:19:17.611: [nrf] DEBUG: nrf_nf_state_will_register(): OGS_EVENT_NAME_SBI_SERVER (../src/nrf/nf-sm.c:93)
11/20 19:19:17.611: [sock] DEBUG: udp_server() [127.0.0.7]:8805 (../lib/core/ogs-udp.c:52)
11/20 19:19:17.611: [pfcp] INFO: pfcp_server() [127.0.0.7]:8805 (../lib/pfcp/path.c:31)
11/20 19:19:17.611: [sock] DEBUG: addr:127.0.0.12, port:80 (../lib/core/ogs-sockaddr.c:140)
11/20 19:19:17.611: [upf] DEBUG: upf_pfcp_state_initial(): ENTRY (../src/upf/pfcp-sm.c:38)
11/20 19:19:17.611: [sock] DEBUG: addr:127.0.0.12, port:7777 (../lib/core/ogs-sockaddr.c:140)
11/20 19:19:17.611: [pfcp] INFO: ogs_pfcp_connect() [127.0.0.4]:8805 (../lib/pfcp/path.c:62)
11/20 19:19:17.611: [sock] DEBUG: addr:127.0.0.12, port:7777 (../lib/core/ogs-sockaddr.c:140)
11/20 19:19:17.611: [upf] DEBUG: upf_pfcp_state_will_associate(): ENTRY (../src/upf/pfcp-sm.c:79)
11/20 19:19:17.611: [pfcp] DEBUG: [1] LOCAL  Create  peer [127.0.0.4]:8805 (../lib/pfcp/xact.c:116)
11/20 19:19:17.611: [sock] DEBUG: addr:127.0.0.12, port:7777 (../lib/core/ogs-sockaddr.c:140)
11/20 19:19:17.611: [pfcp] DEBUG: Association Setup Request (../lib/pfcp/build.c:137)
11/20 19:19:17.611: [sbi] DEBUG: STATUS [201] (../lib/sbi/nghttp2-server.c:357)
11/20 19:19:17.611: [sbi] DEBUG: SENDING...: 157 (../lib/sbi/nghttp2-server.c:365)
11/20 19:19:17.611: [sbi] DEBUG: {
	"nfInstanceId":	"486054dc-694b-41ed-927b-4d0a906ac64b",
	"nfType":	"UDM",
	"nfStatus":	"REGISTERED",
	"heartBeatTimer":	10,
	"nfProfileChangesInd":	true
} (../lib/sbi/nghttp2-server.c:366)
11/20 19:19:17.611: [pfcp] DEBUG: [1] LOCAL  UPD TX-5  peer [127.0.0.4]:8805 (../lib/pfcp/xact.c:197)
11/20 19:19:17.611: [pfcp] DEBUG: [1] LOCAL  Commit  peer [127.0.0.4]:8805 (../lib/pfcp/xact.c:475)
11/20 19:19:17.611: [sbi] DEBUG: STREAM closed [1] (../lib/sbi/nghttp2-server.c:852)
11/20 19:19:17.611: [nrf] DEBUG: nrf_nf_state_will_register(): EXIT (../src/nrf/nf-sm.c:93)
11/20 19:19:17.611: [nrf] DEBUG: nrf_nf_state_registered(): ENTRY (../src/nrf/nf-sm.c:183)
11/20 19:19:17.611: [sock] DEBUG: socket create(2:2:17) (../lib/core/ogs-socket.c:92)
11/20 19:19:17.611: [nrf] INFO: [486054dc-694b-41ed-927b-4d0a906ac64b] NF registered [Heartbeat:10s] (../src/nrf/nf-sm.c:191)
11/20 19:19:17.611: [sock] DEBUG: socket bind 127.0.0.7:2152 (../lib/core/ogs-socket.c:117)
11/20 19:19:17.611: [sock] DEBUG: udp_server() [127.0.0.7]:2152 (../lib/core/ogs-udp.c:52)
11/20 19:19:17.611: [gtp] INFO: gtp_server() [127.0.0.7]:2152 (../lib/gtp/path.c:31)
11/20 19:19:17.611: [sbi] DEBUG: [POST] http://127.0.0.11:7777/nnrf-nfm/v1/nf-status-notify (../lib/sbi/client.c:625)
11/20 19:19:17.611: [sbi] DEBUG: SENDING...[950] (../lib/sbi/client.c:401)
11/20 19:19:17.611: [sbi] DEBUG: {
	"event":	"NF_REGISTERED",
	"nfInstanceUri":	"http://127.0.0.10:7777/nnrf-nfm/v1/nf-instances/486054dc-694b-41ed-927b-4d0a906ac64b",
	"nfProfile":	{
		"nfInstanceId":	"486054dc-694b-41ed-927b-4d0a906ac64b",
		"nfType":	"UDM",
		"nfStatus":	"REGISTERED",
		"heartBeatTimer":	10,
		"ipv4Addresses":	["127.0.0.12"],
		"allowedNfTypes":	["AMF", "SMF", "AUSF", "SCP"],
		"priority":	0,
		"capacity":	100,
		"load":	0,
		"nfServiceList":	{
			"48606242-694b-41ed-927b-4d0a906ac64b":	{
				"serviceInstanceId":	"48606242-694b-41ed-927b-4d0a906ac64b",
				"serviceName":	"nudm-ueau",
				"versions":	[{
						"apiVersionInUri":	"v1",
						"apiFullVersion":	"1.0.0"
					}],
				"scheme":	"http",
				"nfServiceStatus":	"REGISTERED",
				"ipEndPoints":	[{
						"ipv4Address":	"127.0.0.12",
						"port":	7777
					}],
				"allowedNfTypes":	["AUSF"],
				"priority":	0,
				"capacity":	100,
				"load":	0
			}
		},
		"nfProfileChangesSupportInd":	true
	}
} (../lib/sbi/client.c:403)
0000: 00000004 01000000 00                  .........
11/20 19:19:17.614: [thread] DEBUG: [0x55d2dd5faa60] worker signal (../lib/core/ogs-thread.c:66)
11/20 19:19:17.614: [thread] DEBUG: [0x55d2dd5faa60] thread started (../lib/core/ogs-thread.c:101)
11/20 19:19:17.614: [upf] DEBUG: upf_state_initial(): INIT (../src/upf/upf-sm.c:28)
11/20 19:19:17.614: [app] INFO: UPF initialize...done (../src/upf/app.c:31)
0000: 00006c01 04000000 01488210 03768bd5   ..l......H...v..
0010: 596a6f16 e53b8976 d76f6196 d07abe94   Yjo..;.v.oa..z..
0020: 1054d27e ea080212 8066e05f b81754c5   .T.~.....f._..T.
0030: a37f0f0d 03313537 0f1fad62 aaac956a   .....157...b...j
0040: a5a58ee1 62a95635 4848ea21 50c34f38   ....b.V5HH.!P.O8
0050: 06da908b 38fb51ac d04b22cf 89d8d66a   ....8.Q..K"....j
0060: 400df038 3238d47f 5f8b1d75 d0620d26   @..828.._..u.b.&
0070: 3d4c7441 ea                           =LtA.
11/20 19:19:17.614: [sbi] DEBUG: [201:PUT] http://[::1]:7777/nnrf-nfm/v1/nf-instances/486054dc-694b-41ed-927b-4d0a906ac64b (../lib/sbi/client.c:573)
0000: 00009d00 01000000 017b0a09 226e6649   .........{.."nfI
0010: 6e737461 6e636549 64223a09 22343836   nstanceId":."486
0020: 30353464 632d3639 34622d34 3165642d   054dc-694b-41ed-
0030: 39323762 2d346430 61393036 61633634   927b-4d0a906ac64
0040: 62222c0a 09226e66 54797065 223a0922   b",.."nfType":."
0050: 55444d22 2c0a0922 6e665374 61747573   UDM",.."nfStatus
0060: 223a0922 52454749 53544552 4544222c   ":."REGISTERED",
0070: 0a092268 65617274 42656174 54696d65   .."heartBeatTime
0080: 72223a09 31302c0a 09226e66 50726f66   r":.10,.."nfProf
0090: 696c6543 68616e67 6573496e 64223a09   ileChangesInd":.
00a0: 74727565 0a7d                         true.}
11/20 19:19:17.614: [sbi] DEBUG: RECEIVED[157] (../lib/sbi/client.c:584)
11/20 19:19:17.614: [sbi] DEBUG: {
	"nfInstanceId":	"486054dc-694b-41ed-927b-4d0a906ac64b",
	"nfType":	"UDM",
	"nfStatus":	"REGISTERED",
	"heartBeatTimer":	10,
	"nfProfileChangesInd":	true
} (../lib/sbi/client.c:586)
11/20 19:19:17.614: [thread] DEBUG: [0x56470442ac90] thread started (../lib/core/ogs-thread.c:101)
11/20 19:19:17.614: [udm] DEBUG: udm_state_operational(): OGS_EVENT_NAME_SBI_CLIENT (../src/udm/udm-sm.c:53)
11/20 19:19:17.614: [sbi] DEBUG: ogs_sbi_nf_state_will_register(): OGS_EVENT_NAME_SBI_CLIENT (../lib/sbi/nf-sm.c:118)
11/20 19:19:17.614: [thread] DEBUG: [0x56470442ac90] worker signal (../lib/core/ogs-thread.c:66)
11/20 19:19:17.614: [sbi] DEBUG: ogs_sbi_nf_state_will_register(): EXIT (../lib/sbi/nf-sm.c:118)
11/20 19:19:17.614: [sbi] DEBUG: ogs_sbi_nf_state_registered(): ENTRY (../lib/sbi/nf-sm.c:204)
11/20 19:19:17.614: [sbi] INFO: [486054dc-694b-41ed-927b-4d0a906ac64b] NF registered [Heartbeat:10s] (../lib/sbi/nf-sm.c:216)
11/20 19:19:17.615: [sbi] DEBUG: [POST] http://[::1]:7777/nnrf-nfm/v1/subscriptions (../lib/sbi/client.c:625)
11/20 19:19:17.615: [sbi] DEBUG: SENDING...[232] (../lib/sbi/client.c:401)
11/20 19:19:17.615: [sbi] DEBUG: {
	"nfStatusNotificationUri":	"http://127.0.0.12:7777/nnrf-nfm/v1/nf-status-notify",
	"reqNfInstanceId":	"486054dc-694b-41ed-927b-4d0a906ac64b",
	"subscrCond":	{
		"nfType":	"UDR"
	},
	"reqNfType":	"UDM",
	"requesterFeatures":	"1"
} (../lib/sbi/client.c:403)
11/20 19:19:17.615: [sbi] DEBUG: MAX_CONCURRENT_STREAMS = 100 (../lib/sbi/nghttp2-server.c:747)
11/20 19:19:17.615: [sbi] DEBUG: STREAM added [3] (../lib/sbi/nghttp2-server.c:1122)
11/20 19:19:17.615: [sbi] DEBUG: [POST] /nnrf-nfm/v1/subscriptions (../lib/sbi/nghttp2-server.c:801)
11/20 19:19:17.615: [sbi] DEBUG: RECEIVED: 232 (../lib/sbi/nghttp2-server.c:805)
11/20 19:19:17.615: [sbi] DEBUG: {
	"nfStatusNotificationUri":	"http://127.0.0.12:7777/nnrf-nfm/v1/nf-status-notify",
	"reqNfInstanceId":	"486054dc-694b-41ed-927b-4d0a906ac64b",
	"subscrCond":	{
		"nfType":	"UDR"
	},
	"reqNfType":	"UDM",
	"requesterFeatures":	"1"
} (../lib/sbi/nghttp2-server.c:806)
11/20 19:19:17.615: [nrf] DEBUG: nrf_state_operational(): OGS_EVENT_NAME_SBI_SERVER (../src/nrf/nrf-sm.c:50)
11/20 19:19:17.615: [sock] DEBUG: addr:127.0.0.12, port:7777 (../lib/core/ogs-sockaddr.c:140)
11/20 19:19:17.615: [sbi] DEBUG: ogs_sbi_client_add() (../lib/sbi/client.c:112)
11/20 19:19:17.615: [sbi] DEBUG: [REF] 1 (../lib/sbi/client.c:113)
11/20 19:19:17.614: [upf] DEBUG: upf_state_operational(): ENTRY (../src/upf/upf-sm.c:51)
11/20 19:19:17.615: [nrf] DEBUG: [REF] 2 (../src/nrf/nnrf-handler.c:261)
11/20 19:19:17.615: [sbi] DEBUG: STATUS [201] (../lib/sbi/nghttp2-server.c:357)
11/20 19:19:17.615: [sbi] DEBUG: SENDING...: 347 (../lib/sbi/nghttp2-server.c:365)
11/20 19:19:17.615: [sbi] DEBUG: {
	"nfStatusNotificationUri":	"http://127.0.0.12:7777/nnrf-nfm/v1/nf-status-notify",
	"reqNfInstanceId":	"486054dc-694b-41ed-927b-4d0a906ac64b",
	"subscrCond":	{
		"nfType":	"UDR"
	},
	"subscriptionId":	"48614c70-694b-41ed-a2f9-8f4c756402e9",
	"validityTime":	"2022-11-21T19:19:17.615521-08:00",
	"reqNfType":	"UDM",
	"nrfSupportedFeatures":	"1"
} (../lib/sbi/nghttp2-server.c:366)
11/20 19:19:17.615: [sbi] DEBUG: STREAM closed [3] (../lib/sbi/nghttp2-server.c:852)
0000: 00002001 04000000 03c1c0bf 0f0d0333   .. ............3
0010: 34370f1f 9362aaac 956aa5a5 8ee16116   47...b...j....a.
0020: c682586a d263d48f be                  ..Xj.c...
11/20 19:19:17.615: [sbi] DEBUG: [201:POST] http://[::1]:7777/nnrf-nfm/v1/subscriptions (../lib/sbi/client.c:573)
11/20 19:19:17.615: [sbi] DEBUG: RECEIVED[347] (../lib/sbi/client.c:584)
11/20 19:19:17.615: [sbi] DEBUG: {
	"nfStatusNotificationUri":	"http://127.0.0.12:7777/nnrf-nfm/v1/nf-status-notify",
	"reqNfInstanceId":	"486054dc-694b-41ed-927b-4d0a906ac64b",
	"subscrCond":	{
		"nfType":	"UDR"
	},
	"subscriptionId":	"48614c70-694b-41ed-a2f9-8f4c756402e9",
	"validityTime":	"2022-11-21T19:19:17.615521-08:00",
	"reqNfType":	"UDM",
	"nrfSupportedFeatures":	"1"
} (../lib/sbi/client.c:586)
11/20 19:19:17.615: [udm] DEBUG: udm_state_operational(): OGS_EVENT_NAME_SBI_CLIENT (../src/udm/udm-sm.c:53)
0000: 00015b00 01000000 037b0a09 226e6653   ..[......{.."nfS
0010: 74617475 734e6f74 69666963 6174696f   tatusNotificatio
0020: 6e557269 223a0922 68747470 3a2f2f31   nUri":."http://1
0030: 32372e30 2e302e31 323a3737 37372f6e   27.0.0.12:7777/n
0040: 6e72662d 6e666d2f 76312f6e 662d7374   nrf-nfm/v1/nf-st
0050: 61747573 2d6e6f74 69667922 2c0a0922   atus-notify",.."
0060: 7265714e 66496e73 74616e63 65496422   reqNfInstanceId"
0070: 3a092234 38363035 3464632d 36393462   :."486054dc-694b
0080: 2d343165 642d3932 37622d34 64306139   -41ed-927b-4d0a9
0090: 30366163 36346222 2c0a0922 73756273   06ac64b",.."subs
00a0: 6372436f 6e64223a 097b0a09 09226e66   crCond":.{..."nf
00b0: 54797065 223a0922 55445222 0a097d2c   Type":."UDR"..},
00c0: 0a092273 75627363 72697074 696f6e49   .."subscriptionI
00d0: 64223a09 22343836 31346337 302d3639   d":."48614c70-69
00e0: 34622d34 3165642d 61326639 2d386634   4b-41ed-a2f9-8f4
00f0: 63373536 34303265 39222c0a 09227661   c756402e9",.."va
0100: 6c696469 74795469 6d65223a 09223230   lidityTime":."20
0110: 32322d31 312d3231 5431393a 31393a31   22-11-21T19:19:1
0120: 372e3631 35353231 2d30383a 3030222c   7.615521-08:00",
0130: 0a092272 65714e66 54797065 223a0922   .."reqNfType":."
0140: 55444d22 2c0a0922 6e726653 7570706f   UDM",.."nrfSuppo
0150: 72746564 46656174 75726573 223a0922   rtedFeatures":."
0160: 31220a7d                              1".}
11/20 19:19:17.616: [sbi] DEBUG: ENABLE_PUSH = false (../lib/sbi/nghttp2-server.c:749)
11/20 19:19:17.616: [sbi] DEBUG: STREAM added [1] (../lib/sbi/nghttp2-server.c:1122)
11/20 19:19:17.616: [sbi] DEBUG: [POST] /nnrf-nfm/v1/nf-status-notify (../lib/sbi/nghttp2-server.c:801)
11/20 19:19:17.616: [sbi] DEBUG: RECEIVED: 950 (../lib/sbi/nghttp2-server.c:805)
11/20 19:19:17.616: [sbi] DEBUG: {
	"event":	"NF_REGISTERED",
	"nfInstanceUri":	"http://127.0.0.10:7777/nnrf-nfm/v1/nf-instances/486054dc-694b-41ed-927b-4d0a906ac64b",
	"nfProfile":	{
		"nfInstanceId":	"486054dc-694b-41ed-927b-4d0a906ac64b",
		"nfType":	"UDM",
		"nfStatus":	"REGISTERED",
		"heartBeatTimer":	10,
		"ipv4Addresses":	["127.0.0.12"],
		"allowedNfTypes":	["AMF", "SMF", "AUSF", "SCP"],
		"priority":	0,
		"capacity":	100,
		"load":	0,
		"nfServiceList":	{
			"48606242-694b-41ed-927b-4d0a906ac64b":	{
				"serviceInstanceId":	"48606242-694b-41ed-927b-4d0a906ac64b",
				"serviceName":	"nudm-ueau",
				"versions":	[{
						"apiVersionInUri":	"v1",
						"apiFullVersion":	"1.0.0"
					}],
				"scheme":	"http",
				"nfServiceStatus":	"REGISTERED",
				"ipEndPoints":	[{
						"ipv4Address":	"127.0.0.12",
						"port":	7777
					}],
				"allowedNfTypes":	["AUSF"],
				"priority":	0,
				"capacity":	100,
				"load":	0
			}
		},
		"nfProfileChangesSupportInd":	true
	}
} (../lib/sbi/nghttp2-server.c:806)
0000: 00000604 00000000 00000300 04e200     ...............
11/20 19:19:17.617: [ausf] DEBUG: ausf_state_operational(): OGS_EVENT_NAME_SBI_SERVER (../src/ausf/ausf-sm.c:52)
11/20 19:19:17.617: [sbi] DEBUG: ogs_sbi_nf_instance_add() (../lib/sbi/context.c:762)
11/20 19:19:17.617: [sbi] DEBUG: [REF] 1 (../lib/sbi/context.c:764)
11/20 19:19:17.617: [sbi] DEBUG: ogs_sbi_nf_state_initial(): ENTRY (../lib/sbi/nf-sm.c:66)
11/20 19:19:17.617: [sbi] DEBUG: ogs_sbi_nf_state_registered(): ENTRY (../lib/sbi/nf-sm.c:204)
11/20 19:19:17.617: [sbi] INFO: [486054dc-694b-41ed-927b-4d0a906ac64b] (NRF-notify) NF registered (../lib/sbi/nnrf-handler.c:622)
11/20 19:19:17.617: [sock] DEBUG: addr:127.0.0.12, port:80 (../lib/core/ogs-sockaddr.c:140)
11/20 19:19:17.617: [sock] DEBUG: addr:127.0.0.12, port:7777 (../lib/core/ogs-sockaddr.c:140)
11/20 19:19:17.617: [sbi] INFO: [486054dc-694b-41ed-927b-4d0a906ac64b] (NRF-notify) NF Profile updated (../lib/sbi/nnrf-handler.c:632)
11/20 19:19:17.617: [sbi] DEBUG: ogs_sbi_client_add() (../lib/sbi/client.c:112)
11/20 19:19:17.617: [sbi] DEBUG: [REF] 1 (../lib/sbi/client.c:113)
11/20 19:19:17.617: [sbi] DEBUG: [REF] 2 (../lib/sbi/context.c:1570)
11/20 19:19:17.617: [sbi] DEBUG: ogs_sbi_client_add() (../lib/sbi/client.c:112)
11/20 19:19:17.617: [sbi] DEBUG: [REF] 1 (../lib/sbi/client.c:113)
11/20 19:19:17.617: [sbi] DEBUG: [REF] 2 (../lib/sbi/context.c:1482)
11/20 19:19:17.617: [sbi] DEBUG: STATUS [204] (../lib/sbi/nghttp2-server.c:357)
11/20 19:19:17.617: [sbi] DEBUG: STREAM closed [1] (../lib/sbi/nghttp2-server.c:852)
11/20 19:19:17.618: [sbi] DEBUG: MAX_CONCURRENT_STREAMS = 100 (../lib/sbi/nghttp2-server.c:747)
11/20 19:19:17.618: [sbi] DEBUG: ENABLE_PUSH = false (../lib/sbi/nghttp2-server.c:749)
0000: 00000004 01000000 00                  .........
11/20 19:19:17.618: [sbi] DEBUG: [204:POST] http://127.0.0.11:7777/nnrf-nfm/v1/nf-status-notify (../lib/sbi/client.c:573)
11/20 19:19:17.618: [sbi] DEBUG: RECEIVED[0] (../lib/sbi/client.c:584)
0000: 00002601 05000000 0189768b d5596a6f   ..&.......v..Yjo
0010: 16e53b89 76d76f61 96d07abe 941054d2   ..;.v.oa..z...T.
0020: 7eea0802 128066e0 5fb81754 c5a37f     ~.....f._..T...
Open5GS daemon v2.5.5

11/20 19:19:17.635: [app] INFO: Configuration: '/home/test/build/configs/sample.yaml' (../lib/app/ogs-init.c:126)
11/20 19:19:17.635: [app] INFO: File Logging: '/home/test/test.log' (../lib/app/ogs-init.c:129)
11/20 19:19:17.635: [app] INFO: LOG-LEVEL: 'debug' (../lib/app/ogs-init.c:132)
11/20 19:19:17.665: [thread] DEBUG: [0x56470442aea0] thread started (../lib/core/ogs-thread.c:101)
11/20 19:19:17.665: [thread] DEBUG: [0x56470442aea0] worker signal (../lib/core/ogs-thread.c:66)
Open5GS daemon v2.5.5

11/20 19:19:17.674: [app] INFO: Configuration: '/home/test/build/configs/sample.yaml' (../lib/app/ogs-init.c:126)
11/20 19:19:17.674: [app] INFO: File Logging: '/home/test/test.log' (../lib/app/ogs-init.c:129)
11/20 19:19:17.674: [app] INFO: LOG-LEVEL: 'debug' (../lib/app/ogs-init.c:132)
11/20 19:19:17.687: [sock] DEBUG: addr:127.0.0.10, port:7777 (../lib/core/ogs-sockaddr.c:140)
11/20 19:19:17.687: [sock] DEBUG: addr:::1, port:7777 (../lib/core/ogs-sockaddr.c:140)
11/20 19:19:17.687: [sock] DEBUG: addr:127.0.0.13, port:7777 (../lib/core/ogs-sockaddr.c:140)
11/20 19:19:17.689: [dbi] INFO: MongoDB URI: 'mongodb://localhost/open5gs' (../lib/dbi/ogs-mongoc.c:130)
11/20 19:19:17.689: [sbi] DEBUG: ogs_sbi_nf_state_initial(): ENTRY (../lib/sbi/nf-sm.c:66)
11/20 19:19:17.689: [sbi] DEBUG: ogs_sbi_nf_state_registered(): ENTRY (../lib/sbi/nf-sm.c:204)
11/20 19:19:17.689: [sbi] INFO: NF Service [npcf-am-policy-control] (../lib/sbi/context.c:1401)
11/20 19:19:17.689: [sbi] INFO: NF Service [npcf-smpolicycontrol] (../lib/sbi/context.c:1401)
11/20 19:19:17.689: [sbi] INFO: NF Service [npcf-policyauthorization] (../lib/sbi/context.c:1401)
11/20 19:19:17.689: [sbi] DEBUG: ogs_sbi_nf_state_initial(): ENTRY (../lib/sbi/nf-sm.c:66)
11/20 19:19:17.689: [sbi] DEBUG: ogs_sbi_nf_state_will_register(): ENTRY (../lib/sbi/nf-sm.c:118)
11/20 19:19:17.689: [sbi] DEBUG: [PUT] http://[::1]:7777/nnrf-nfm/v1/nf-instances/486be608-694b-41ed-95c2-f92a023310de (../lib/sbi/client.c:625)
11/20 19:19:17.689: [sbi] DEBUG: SENDING...[1645] (../lib/sbi/client.c:401)
11/20 19:19:17.689: [sbi] DEBUG: {
	"nfInstanceId":	"486be608-694b-41ed-95c2-f92a023310de",
	"nfType":	"PCF",
	"nfStatus":	"REGISTERED",
	"ipv4Addresses":	["127.0.0.13"],
	"allowedNfTypes":	["AMF", "SMF", "SCP"],
	"priority":	0,
	"capacity":	100,
	"load":	0,
	"nfServiceList":	{
		"486c9a12-694b-41ed-95c2-f92a023310de":	{
			"serviceInstanceId":	"486c9a12-694b-41ed-95c2-f92a023310de",
			"serviceName":	"npcf-am-policy-control",
			"versions":	[{
					"apiVersionInUri":	"v1",
					"apiFullVersion":	"1.0.0"
				}],
			"scheme":	"http",
			"nfServiceStatus":	"REGISTERED",
			"ipEndPoints":	[{
					"ipv4Address":	"127.0.0.13",
					"port":	7777
				}],
			"allowedNfTypes":	["AMF"],
			"priority":	0,
			"capacity":	100,
			"load":	0
		},
		"486c9a8a-694b-41ed-95c2-f92a023310de":	{
			"serviceInstanceId":	"486c9a8a-694b-41ed-95c2-f92a023310de",
			"serviceName":	"npcf-smpolicycontrol",
			"versions":	[{
					"apiVersionInUri":	"v1",
					"apiFullVersion":	"1.0.0"
				}],
			"scheme":	"http",
			"nfServiceStatus":	"REGISTERED",
			"ipEndPoints":	[{
					"ipv4Address":	"127.0.0.13",
					"port":	7777
				}],
			"allowedNfTypes":	["SMF"],
			"priority":	0,
			"capacity":	100,
			"load":	0
		},
		"486c9ada-694b-41ed-95c2-f92a023310de":	{
			"serviceInstanceId":	"486c9ada-694b-41ed-95c2-f92a023310de",
			"serviceName":	"npcf-policyauthorization",
			"versions":	[{
					"apiVersionInUri":	"v1",
					"apiFullVersion":	"1.0.0"
				}],
			"scheme":	"http",
			"nfServiceStatus":	"REGISTERED",
			"ipEndPoints":	[{
					"ipv4Address":	"127.0.0.13",
					"port":	7777
				}],
			"priority":	0,
			"capacity":	100,
			"load":	0
		}
	},
	"nfProfileChangesSupportInd":	true
} (../lib/sbi/client.c:403)
11/20 19:19:17.689: [sock] DEBUG: socket create(2:1:6) (../lib/core/ogs-socket.c:92)
11/20 19:19:17.689: [sock] DEBUG: Turn on TCP_NODELAY (../lib/core/ogs-sockopt.c:139)
11/20 19:19:17.689: [sock] DEBUG: Turn on SO_REUSEADDR (../lib/core/ogs-sockopt.c:120)
11/20 19:19:17.689: [sock] DEBUG: socket bind 127.0.0.13:7777 (../lib/core/ogs-socket.c:117)
11/20 19:19:17.689: [sock] DEBUG: tcp_server() [127.0.0.13]:7777 (../lib/core/ogs-tcp.c:61)
11/20 19:19:17.689: [sbi] INFO: nghttp2_server() [127.0.0.13]:7777 (../lib/sbi/nghttp2-server.c:151)
11/20 19:19:17.689: [thread] DEBUG: [0x560acfa45f90] thread started (../lib/core/ogs-thread.c:101)
11/20 19:19:17.689: [app] INFO: PCF initialize...done (../src/pcf/app.c:31)
11/20 19:19:17.689: [thread] DEBUG: [0x560acfa45f90] worker signal (../lib/core/ogs-thread.c:66)
11/20 19:19:17.690: [pcf] DEBUG: pcf_state_initial(): INIT (../src/pcf/pcf-sm.c:25)
11/20 19:19:17.690: [pcf] DEBUG: pcf_state_operational(): ENTRY (../src/pcf/pcf-sm.c:58)
11/20 19:19:17.690: [sbi] DEBUG: MAX_CONCURRENT_STREAMS = 100 (../lib/sbi/nghttp2-server.c:747)
11/20 19:19:17.690: [sbi] DEBUG: ENABLE_PUSH = false (../lib/sbi/nghttp2-server.c:749)
0000: 00000604 00000000 00000300 04e200     ...............
11/20 19:19:17.690: [sbi] DEBUG: STREAM added [1] (../lib/sbi/nghttp2-server.c:1122)
11/20 19:19:17.690: [sbi] DEBUG: [PUT] /nnrf-nfm/v1/nf-instances/486be608-694b-41ed-95c2-f92a023310de (../lib/sbi/nghttp2-server.c:801)
11/20 19:19:17.690: [sbi] DEBUG: RECEIVED: 1645 (../lib/sbi/nghttp2-server.c:805)
11/20 19:19:17.690: [sbi] DEBUG: {
	"nfInstanceId":	"486be608-694b-41ed-95c2-f92a023310de",
	"nfType":	"PCF",
	"nfStatus":	"REGISTERED",
	"ipv4Addresses":	["127.0.0.13"],
	"allowedNfTypes":	["AMF", "SMF", "SCP"],
	"priority":	0,
	"capacity":	100,
	"load":	0,
	"nfServiceList":	{
		"486c9a12-694b-41ed-95c2-f92a023310de":	{
			"serviceInstanceId":	"486c9a12-694b-41ed-95c2-f92a023310de",
			"serviceName":	"npcf-am-policy-control",
			"versions":	[{
					"apiVersionInUri":	"v1",
					"apiFullVersion":	"1.0.0"
				}],
			"scheme":	"http",
			"nfServiceStatus":	"REGISTERED",
			"ipEndPoints":	[{
					"ipv4Address":	"127.0.0.13",
					"port":	7777
				}],
			"allowedNfTypes":	["AMF"],
			"priority":	0,
			"capacity":	100,
			"load":	0
		},
		"486c9a8a-694b-41ed-95c2-f92a023310de":	{
			"serviceInstanceId":	"486c9a8a-694b-41ed-95c2-f92a023310de",
			"serviceName":	"npcf-smpolicycontrol",
			"versions":	[{
					"apiVersionInUri":	"v1",
					"apiFullVersion":	"1.0.0"
				}],
			"scheme":	"http",
			"nfServiceStatus":	"REGISTERED",
			"ipEndPoints":	[{
					"ipv4Address":	"127.0.0.13",
					"port":	7777
				}],
			"allowedNfTypes":	["SMF"],
			"priority":	0,
			"capacity":	100,
			"load":	0
		},
		"486c9ada-694b-41ed-95c2-f92a023310de":	{
			"serviceInstanceId":	"486c9ada-694b-41ed-95c2-f92a023310de",
			"serviceName":	"npcf-policyauthorization",
			"versions":	[{
					"apiVersionInUri":	"v1",
					"apiFullVersion":	"1.0.0"
				}],
			"scheme":	"http",
			"nfServiceStatus":	"REGISTERED",
			"ipEndPoints":	[{
					"ipv4Address":	"127.0.0.13",
					"port":	7777
				}],
			"priority":	0,
			"capacity":	100,
			"load":	0
		}
	},
	"nfProfileChangesSupportInd":	true
} (../lib/sbi/nghttp2-server.c:806)
11/20 19:19:17.690: [nrf] DEBUG: nrf_state_operational(): OGS_EVENT_NAME_SBI_SERVER (../src/nrf/nrf-sm.c:50)
11/20 19:19:17.690: [sbi] DEBUG: ogs_sbi_nf_instance_add() (../lib/sbi/context.c:762)
11/20 19:19:17.690: [sbi] DEBUG: [REF] 1 (../lib/sbi/context.c:764)
11/20 19:19:17.690: [nrf] DEBUG: nrf_nf_state_initial(): ENTRY (../src/nrf/nf-sm.c:55)
11/20 19:19:17.690: [nrf] DEBUG: nrf_nf_state_will_register(): ENTRY (../src/nrf/nf-sm.c:93)
11/20 19:19:17.690: [nrf] DEBUG: nrf_nf_state_will_register(): OGS_EVENT_NAME_SBI_SERVER (../src/nrf/nf-sm.c:93)
11/20 19:19:17.690: [sock] DEBUG: addr:127.0.0.13, port:80 (../lib/core/ogs-sockaddr.c:140)
11/20 19:19:17.690: [sock] DEBUG: addr:127.0.0.13, port:7777 (../lib/core/ogs-sockaddr.c:140)
11/20 19:19:17.690: [sock] DEBUG: addr:127.0.0.13, port:7777 (../lib/core/ogs-sockaddr.c:140)
11/20 19:19:17.690: [sock] DEBUG: addr:127.0.0.13, port:7777 (../lib/core/ogs-sockaddr.c:140)
11/20 19:19:17.691: [sbi] DEBUG: STATUS [201] (../lib/sbi/nghttp2-server.c:357)
11/20 19:19:17.691: [sbi] DEBUG: SENDING...: 157 (../lib/sbi/nghttp2-server.c:365)
11/20 19:19:17.691: [sbi] DEBUG: {
	"nfInstanceId":	"486be608-694b-41ed-95c2-f92a023310de",
	"nfType":	"PCF",
	"nfStatus":	"REGISTERED",
	"heartBeatTimer":	10,
	"nfProfileChangesInd":	true
} (../lib/sbi/nghttp2-server.c:366)
11/20 19:19:17.691: [sbi] DEBUG: STREAM closed [1] (../lib/sbi/nghttp2-server.c:852)
11/20 19:19:17.691: [nrf] DEBUG: nrf_nf_state_will_register(): EXIT (../src/nrf/nf-sm.c:93)
11/20 19:19:17.691: [nrf] DEBUG: nrf_nf_state_registered(): ENTRY (../src/nrf/nf-sm.c:183)
11/20 19:19:17.691: [nrf] INFO: [486be608-694b-41ed-95c2-f92a023310de] NF registered [Heartbeat:10s] (../src/nrf/nf-sm.c:191)
11/20 19:19:17.691: [sbi] DEBUG: MAX_CONCURRENT_STREAMS = 100 (../lib/sbi/nghttp2-server.c:747)
11/20 19:19:17.691: [sbi] DEBUG: ENABLE_PUSH = false (../lib/sbi/nghttp2-server.c:749)
0000: 00000004 01000000 00                  .........
0000: 00006b01 04000000 01488210 03768bd5   ..k......H...v..
0010: 596a6f16 e53b8976 d76f6196 d07abe94   Yjo..;.v.oa..z..
0020: 1054d27e ea080212 8066e05f b81754c5   .T.~.....f._..T.
0030: a37f0f0d 03313537 0f1fac62 aaac956a   .....157...b...j
0040: a5a58ee1 62a95635 4848ea21 50c34f39   ....b.V5HH.!P.O9
0050: 195c03cb 38fb51ac d04b22cf b6412d2b   .\..8.Q..K"..A-+
0060: e21804cb 2104855f 8b1d75d0 620d263d   ....!.._..u.b.&=
0070: 4c7441ea                              LtA.
11/20 19:19:17.691: [sbi] DEBUG: [201:PUT] http://[::1]:7777/nnrf-nfm/v1/nf-instances/486be608-694b-41ed-95c2-f92a023310de (../lib/sbi/client.c:573)
11/20 19:19:17.691: [sbi] DEBUG: RECEIVED[157] (../lib/sbi/client.c:584)
11/20 19:19:17.691: [sbi] DEBUG: {
	"nfInstanceId":	"486be608-694b-41ed-95c2-f92a023310de",
	"nfType":	"PCF",
	"nfStatus":	"REGISTERED",
	"heartBeatTimer":	10,
	"nfProfileChangesInd":	true
} (../lib/sbi/client.c:586)
0000: 00009d00 01000000 017b0a09 226e6649   .........{.."nfI
0010: 6e737461 6e636549 64223a09 22343836   nstanceId":."486
0020: 62653630 382d3639 34622d34 3165642d   be608-694b-41ed-
0030: 39356332 2d663932 61303233 33313064   95c2-f92a023310d
0040: 65222c0a 09226e66 54797065 223a0922   e",.."nfType":."
0050: 50434622 2c0a0922 6e665374 61747573   PCF",.."nfStatus
0060: 223a0922 52454749 53544552 4544222c   ":."REGISTERED",
0070: 0a092268 65617274 42656174 54696d65   .."heartBeatTime
0080: 72223a09 31302c0a 09226e66 50726f66   r":.10,.."nfProf
0090: 696c6543 68616e67 6573496e 64223a09   ileChangesInd":.
00a0: 74727565 0a7d                         true.}
11/20 19:19:17.691: [pcf] DEBUG: pcf_state_operational(): OGS_EVENT_NAME_SBI_CLIENT (../src/pcf/pcf-sm.c:58)
11/20 19:19:17.691: [sbi] DEBUG: ogs_sbi_nf_state_will_register(): OGS_EVENT_NAME_SBI_CLIENT (../lib/sbi/nf-sm.c:118)
11/20 19:19:17.691: [sbi] DEBUG: ogs_sbi_nf_state_will_register(): EXIT (../lib/sbi/nf-sm.c:118)
11/20 19:19:17.691: [sbi] DEBUG: ogs_sbi_nf_state_registered(): ENTRY (../lib/sbi/nf-sm.c:204)
11/20 19:19:17.691: [sbi] INFO: [486be608-694b-41ed-95c2-f92a023310de] NF registered [Heartbeat:10s] (../lib/sbi/nf-sm.c:216)
11/20 19:19:17.691: [sbi] DEBUG: [POST] http://[::1]:7777/nnrf-nfm/v1/subscriptions (../lib/sbi/client.c:625)
11/20 19:19:17.691: [sbi] DEBUG: SENDING...[268] (../lib/sbi/client.c:401)
11/20 19:19:17.691: [sbi] DEBUG: {
	"nfStatusNotificationUri":	"http://127.0.0.13:7777/nnrf-nfm/v1/nf-status-notify",
	"reqNfInstanceId":	"486be608-694b-41ed-95c2-f92a023310de",
	"subscrCond":	{
		"nfType":	"BSF",
		"serviceName":	"nbsf-management"
	},
	"reqNfType":	"PCF",
	"requesterFeatures":	"1"
} (../lib/sbi/client.c:403)
11/20 19:19:17.692: [sbi] DEBUG: [POST] http://[::1]:7777/nnrf-nfm/v1/subscriptions (../lib/sbi/client.c:625)
11/20 19:19:17.692: [sbi] DEBUG: SENDING...[260] (../lib/sbi/client.c:401)
11/20 19:19:17.692: [sbi] DEBUG: {
	"nfStatusNotificationUri":	"http://127.0.0.13:7777/nnrf-nfm/v1/nf-status-notify",
	"reqNfInstanceId":	"486be608-694b-41ed-95c2-f92a023310de",
	"subscrCond":	{
		"nfType":	"UDR",
		"serviceName":	"nudr-dr"
	},
	"reqNfType":	"PCF",
	"requesterFeatures":	"1"
} (../lib/sbi/client.c:403)
11/20 19:19:17.692: [sbi] DEBUG: STREAM added [3] (../lib/sbi/nghttp2-server.c:1122)
11/20 19:19:17.692: [sbi] DEBUG: [POST] /nnrf-nfm/v1/subscriptions (../lib/sbi/nghttp2-server.c:801)
11/20 19:19:17.692: [sbi] DEBUG: RECEIVED: 268 (../lib/sbi/nghttp2-server.c:805)
11/20 19:19:17.692: [sbi] DEBUG: {
	"nfStatusNotificationUri":	"http://127.0.0.13:7777/nnrf-nfm/v1/nf-status-notify",
	"reqNfInstanceId":	"486be608-694b-41ed-95c2-f92a023310de",
	"subscrCond":	{
		"nfType":	"BSF",
		"serviceName":	"nbsf-management"
	},
	"reqNfType":	"PCF",
	"requesterFeatures":	"1"
} (../lib/sbi/nghttp2-server.c:806)
11/20 19:19:17.692: [nrf] DEBUG: nrf_state_operational(): OGS_EVENT_NAME_SBI_SERVER (../src/nrf/nrf-sm.c:50)
11/20 19:19:17.692: [sock] DEBUG: addr:127.0.0.13, port:7777 (../lib/core/ogs-sockaddr.c:140)
11/20 19:19:17.692: [sbi] DEBUG: ogs_sbi_client_add() (../lib/sbi/client.c:112)
11/20 19:19:17.692: [sbi] DEBUG: [REF] 1 (../lib/sbi/client.c:113)
11/20 19:19:17.692: [nrf] DEBUG: [REF] 2 (../src/nrf/nnrf-handler.c:261)
11/20 19:19:17.692: [sbi] DEBUG: STATUS [201] (../lib/sbi/nghttp2-server.c:357)
11/20 19:19:17.692: [sbi] DEBUG: SENDING...: 383 (../lib/sbi/nghttp2-server.c:365)
11/20 19:19:17.692: [sbi] DEBUG: {
	"nfStatusNotificationUri":	"http://127.0.0.13:7777/nnrf-nfm/v1/nf-status-notify",
	"reqNfInstanceId":	"486be608-694b-41ed-95c2-f92a023310de",
	"subscrCond":	{
		"nfType":	"BSF",
		"serviceName":	"nbsf-management"
	},
	"subscriptionId":	"486d0dc6-694b-41ed-a2f9-8f4c756402e9",
	"validityTime":	"2022-11-21T19:19:17.692502-08:00",
	"reqNfType":	"PCF",
	"nrfSupportedFeatures":	"1"
} (../lib/sbi/nghttp2-server.c:366)
11/20 19:19:17.692: [sbi] DEBUG: STREAM closed [3] (../lib/sbi/nghttp2-server.c:852)
0000: 00002001 04000000 03c1c0bf 0f0d0333   .. ............3
0010: 38330f1f 9362aaac 956aa5a5 8ee16116   83...b...j....a.
0020: c682586a d263d48f be                  ..Xj.c...
11/20 19:19:17.692: [sbi] DEBUG: [201:POST] http://[::1]:7777/nnrf-nfm/v1/subscriptions (../lib/sbi/client.c:573)
11/20 19:19:17.692: [sbi] DEBUG: RECEIVED[383] (../lib/sbi/client.c:584)
11/20 19:19:17.692: [sbi] DEBUG: {
	"nfStatusNotificationUri":	"http://127.0.0.13:7777/nnrf-nfm/v1/nf-status-notify",
	"reqNfInstanceId":	"486be608-694b-41ed-95c2-f92a023310de",
	"subscrCond":	{
		"nfType":	"BSF",
		"serviceName":	"nbsf-management"
	},
	"subscriptionId":	"486d0dc6-694b-41ed-a2f9-8f4c756402e9",
	"validityTime":	"2022-11-21T19:19:17.692502-08:00",
	"reqNfType":	"PCF",
	"nrfSupportedFeatures":	"1"
} (../lib/sbi/client.c:586)
11/20 19:19:17.692: [pcf] DEBUG: pcf_state_operational(): OGS_EVENT_NAME_SBI_CLIENT (../src/pcf/pcf-sm.c:58)
0000: 00017f00 01000000 037b0a09 226e6653   .........{.."nfS
0010: 74617475 734e6f74 69666963 6174696f   tatusNotificatio
0020: 6e557269 223a0922 68747470 3a2f2f31   nUri":."http://1
0030: 32372e30 2e302e31 333a3737 37372f6e   27.0.0.13:7777/n
0040: 6e72662d 6e666d2f 76312f6e 662d7374   nrf-nfm/v1/nf-st
0050: 61747573 2d6e6f74 69667922 2c0a0922   atus-notify",.."
0060: 7265714e 66496e73 74616e63 65496422   reqNfInstanceId"
0070: 3a092234 38366265 3630382d 36393462   :."486be608-694b
0080: 2d343165 642d3935 63322d66 39326130   -41ed-95c2-f92a0
0090: 32333331 30646522 2c0a0922 73756273   23310de",.."subs
00a0: 6372436f 6e64223a 097b0a09 09226e66   crCond":.{..."nf
00b0: 54797065 223a0922 42534622 2c0a0909   Type":."BSF",...
00c0: 22736572 76696365 4e616d65 223a0922   "serviceName":."
00d0: 6e627366 2d6d616e 6167656d 656e7422   nbsf-management"
00e0: 0a097d2c 0a092273 75627363 72697074   ..},.."subscript
00f0: 696f6e49 64223a09 22343836 64306463   ionId":."486d0dc
0100: 362d3639 34622d34 3165642d 61326639   6-694b-41ed-a2f9
0110: 2d386634 63373536 34303265 39222c0a   -8f4c756402e9",.
0120: 09227661 6c696469 74795469 6d65223a   ."validityTime":
0130: 09223230 32322d31 312d3231 5431393a   ."2022-11-21T19:
0140: 31393a31 372e3639 32353032 2d30383a   19:17.692502-08:
0150: 3030222c 0a092272 65714e66 54797065   00",.."reqNfType
0160: 223a0922 50434622 2c0a0922 6e726653   ":."PCF",.."nrfS
0170: 7570706f 72746564 46656174 75726573   upportedFeatures
0180: 223a0922 31220a7d                     ":."1".}
11/20 19:19:17.692: [sbi] DEBUG: MAX_CONCURRENT_STREAMS = 100 (../lib/sbi/nghttp2-server.c:747)
11/20 19:19:17.692: [sbi] DEBUG: ENABLE_PUSH = false (../lib/sbi/nghttp2-server.c:749)
11/20 19:19:17.692: [sbi] DEBUG: STREAM added [1] (../lib/sbi/nghttp2-server.c:1122)
11/20 19:19:17.693: [sbi] DEBUG: [POST] /nnrf-nfm/v1/subscriptions (../lib/sbi/nghttp2-server.c:801)
11/20 19:19:17.693: [sbi] DEBUG: RECEIVED: 260 (../lib/sbi/nghttp2-server.c:805)
11/20 19:19:17.693: [sbi] DEBUG: {
	"nfStatusNotificationUri":	"http://127.0.0.13:7777/nnrf-nfm/v1/nf-status-notify",
	"reqNfInstanceId":	"486be608-694b-41ed-95c2-f92a023310de",
	"subscrCond":	{
		"nfType":	"UDR",
		"serviceName":	"nudr-dr"
	},
	"reqNfType":	"PCF",
	"requesterFeatures":	"1"
} (../lib/sbi/nghttp2-server.c:806)
0000: 00000604 00000000 00000300 04e200     ...............
11/20 19:19:17.693: [nrf] DEBUG: nrf_state_operational(): OGS_EVENT_NAME_SBI_SERVER (../src/nrf/nrf-sm.c:50)
11/20 19:19:17.693: [sock] DEBUG: addr:127.0.0.13, port:7777 (../lib/core/ogs-sockaddr.c:140)
11/20 19:19:17.693: [nrf] DEBUG: [REF] 3 (../src/nrf/nnrf-handler.c:261)
11/20 19:19:17.693: [sbi] DEBUG: STATUS [201] (../lib/sbi/nghttp2-server.c:357)
11/20 19:19:17.693: [sbi] DEBUG: SENDING...: 375 (../lib/sbi/nghttp2-server.c:365)
11/20 19:19:17.693: [sbi] DEBUG: {
	"nfStatusNotificationUri":	"http://127.0.0.13:7777/nnrf-nfm/v1/nf-status-notify",
	"reqNfInstanceId":	"486be608-694b-41ed-95c2-f92a023310de",
	"subscrCond":	{
		"nfType":	"UDR",
		"serviceName":	"nudr-dr"
	},
	"subscriptionId":	"486d2e64-694b-41ed-a2f9-8f4c756402e9",
	"validityTime":	"2022-11-21T19:19:17.693256-08:00",
	"reqNfType":	"PCF",
	"nrfSupportedFeatures":	"1"
} (../lib/sbi/nghttp2-server.c:366)
11/20 19:19:17.693: [sbi] DEBUG: STREAM closed [1] (../lib/sbi/nghttp2-server.c:852)
11/20 19:19:17.693: [sbi] DEBUG: MAX_CONCURRENT_STREAMS = 100 (../lib/sbi/nghttp2-server.c:747)
11/20 19:19:17.693: [sbi] DEBUG: ENABLE_PUSH = false (../lib/sbi/nghttp2-server.c:749)
0000: 00000004 01000000 00                  .........
0000: 00005201 04000000 01488210 03768bd5   ..R......H...v..
0010: 596a6f16 e53b8976 d76f6196 d07abe94   Yjo..;.v.oa..z..
0020: 1054d27e ea080212 8066e05f b81754c5   .T.~.....f._..T.
0030: a37f0f0d 03333735 0f1f9362 aaac956a   .....375...b...j
0040: a5a58ee1 6116c682 586ad263 d48f5f8b   ....a...Xj.c.._.
0050: 1d75d062 0d263d4c 7441ea              .u.b.&=LtA.
11/20 19:19:17.693: [sbi] DEBUG: [201:POST] http://[::1]:7777/nnrf-nfm/v1/subscriptions (../lib/sbi/client.c:573)
11/20 19:19:17.693: [sbi] DEBUG: RECEIVED[375] (../lib/sbi/client.c:584)
11/20 19:19:17.693: [sbi] DEBUG: {
	"nfStatusNotificationUri":	"http://127.0.0.13:7777/nnrf-nfm/v1/nf-status-notify",
	"reqNfInstanceId":	"486be608-694b-41ed-95c2-f92a023310de",
	"subscrCond":	{
		"nfType":	"UDR",
		"serviceName":	"nudr-dr"
	},
	"subscriptionId":	"486d2e64-694b-41ed-a2f9-8f4c756402e9",
	"validityTime":	"2022-11-21T19:19:17.693256-08:00",
	"reqNfType":	"PCF",
	"nrfSupportedFeatures":	"1"
} (../lib/sbi/client.c:586)
11/20 19:19:17.693: [pcf] DEBUG: pcf_state_operational(): OGS_EVENT_NAME_SBI_CLIENT (../src/pcf/pcf-sm.c:58)
0000: 00017700 01000000 017b0a09 226e6653   ..w......{.."nfS
0010: 74617475 734e6f74 69666963 6174696f   tatusNotificatio
0020: 6e557269 223a0922 68747470 3a2f2f31   nUri":."http://1
0030: 32372e30 2e302e31 333a3737 37372f6e   27.0.0.13:7777/n
0040: 6e72662d 6e666d2f 76312f6e 662d7374   nrf-nfm/v1/nf-st
0050: 61747573 2d6e6f74 69667922 2c0a0922   atus-notify",.."
0060: 7265714e 66496e73 74616e63 65496422   reqNfInstanceId"
0070: 3a092234 38366265 3630382d 36393462   :."486be608-694b
0080: 2d343165 642d3935 63322d66 39326130   -41ed-95c2-f92a0
0090: 32333331 30646522 2c0a0922 73756273   23310de",.."subs
00a0: 6372436f 6e64223a 097b0a09 09226e66   crCond":.{..."nf
00b0: 54797065 223a0922 55445222 2c0a0909   Type":."UDR",...
00c0: 22736572 76696365 4e616d65 223a0922   "serviceName":."
00d0: 6e756472 2d647222 0a097d2c 0a092273   nudr-dr"..},.."s
00e0: 75627363 72697074 696f6e49 64223a09   ubscriptionId":.
00f0: 22343836 64326536 342d3639 34622d34   "486d2e64-694b-4
0100: 3165642d 61326639 2d386634 63373536   1ed-a2f9-8f4c756
0110: 34303265 39222c0a 09227661 6c696469   402e9",.."validi
0120: 74795469 6d65223a 09223230 32322d31   tyTime":."2022-1
0130: 312d3231 5431393a 31393a31 372e3639   1-21T19:19:17.69
0140: 33323536 2d30383a 3030222c 0a092272   3256-08:00",.."r
0150: 65714e66 54797065 223a0922 50434622   eqNfType":."PCF"
0160: 2c0a0922 6e726653 7570706f 72746564   ,.."nrfSupported
0170: 46656174 75726573 223a0922 31220a7d   Features":."1".}
11/20 19:19:17.715: [thread] DEBUG: [0x56470442b0b0] worker signal (../lib/core/ogs-thread.c:66)
11/20 19:19:17.715: [thread] DEBUG: [0x56470442b0b0] thread started (../lib/core/ogs-thread.c:101)
11/20 19:19:17.719: [sock] DEBUG: addr:127.0.0.10, port:7777 (../lib/core/ogs-sockaddr.c:140)
11/20 19:19:17.719: [sock] DEBUG: addr:::1, port:7777 (../lib/core/ogs-sockaddr.c:140)
11/20 19:19:17.719: [sock] DEBUG: addr:127.0.0.14, port:7777 (../lib/core/ogs-sockaddr.c:140)
11/20 19:19:17.719: [sock] DEBUG: addr:127.0.0.10, port:7777 (../lib/core/ogs-sockaddr.c:140)
11/20 19:19:17.719: [sbi] DEBUG: ogs_sbi_nf_state_initial(): ENTRY (../lib/sbi/nf-sm.c:66)
11/20 19:19:17.719: [sbi] DEBUG: ogs_sbi_nf_state_registered(): ENTRY (../lib/sbi/nf-sm.c:204)
11/20 19:19:17.719: [sbi] INFO: NF Service [nnssf-nsselection] (../lib/sbi/context.c:1401)
11/20 19:19:17.719: [sbi] DEBUG: ogs_sbi_nf_state_initial(): ENTRY (../lib/sbi/nf-sm.c:66)
11/20 19:19:17.719: [sbi] DEBUG: ogs_sbi_nf_state_will_register(): ENTRY (../lib/sbi/nf-sm.c:118)
11/20 19:19:17.720: [sbi] DEBUG: [PUT] http://[::1]:7777/nnrf-nfm/v1/nf-instances/48713c2a-694b-41ed-ae04-afb3e12d4518 (../lib/sbi/client.c:625)
11/20 19:19:17.720: [sbi] DEBUG: SENDING...[738] (../lib/sbi/client.c:401)
11/20 19:19:17.720: [sbi] DEBUG: {
	"nfInstanceId":	"48713c2a-694b-41ed-ae04-afb3e12d4518",
	"nfType":	"NSSF",
	"nfStatus":	"REGISTERED",
	"ipv4Addresses":	["127.0.0.14"],
	"allowedNfTypes":	["AMF", "SCP"],
	"priority":	0,
	"capacity":	100,
	"load":	0,
	"nfServiceList":	{
		"487143be-694b-41ed-ae04-afb3e12d4518":	{
			"serviceInstanceId":	"487143be-694b-41ed-ae04-afb3e12d4518",
			"serviceName":	"nnssf-nsselection",
			"versions":	[{
					"apiVersionInUri":	"v2",
					"apiFullVersion":	"2.0.0"
				}],
			"scheme":	"http",
			"nfServiceStatus":	"REGISTERED",
			"ipEndPoints":	[{
					"ipv4Address":	"127.0.0.14",
					"port":	7777
				}],
			"allowedNfTypes":	["AMF"],
			"priority":	0,
			"capacity":	100,
			"load":	0
		}
	},
	"nfProfileChangesSupportInd":	true
} (../lib/sbi/client.c:403)
11/20 19:19:17.720: [sock] DEBUG: socket create(2:1:6) (../lib/core/ogs-socket.c:92)
11/20 19:19:17.720: [sock] DEBUG: Turn on TCP_NODELAY (../lib/core/ogs-sockopt.c:139)
11/20 19:19:17.720: [sock] DEBUG: Turn on SO_REUSEADDR (../lib/core/ogs-sockopt.c:120)
11/20 19:19:17.720: [sock] DEBUG: socket bind 127.0.0.14:7777 (../lib/core/ogs-socket.c:117)
11/20 19:19:17.720: [sock] DEBUG: tcp_server() [127.0.0.14]:7777 (../lib/core/ogs-tcp.c:61)
11/20 19:19:17.720: [sbi] INFO: nghttp2_server() [127.0.0.14]:7777 (../lib/sbi/nghttp2-server.c:151)
11/20 19:19:17.720: [thread] DEBUG: [0x55e714fad320] thread started (../lib/core/ogs-thread.c:101)
11/20 19:19:17.720: [app] INFO: NSSF initialize...done (../src/nssf/app.c:31)
11/20 19:19:17.720: [thread] DEBUG: [0x55e714fad320] worker signal (../lib/core/ogs-thread.c:66)
11/20 19:19:17.720: [nssf] DEBUG: nssf_state_initial(): INIT (../src/nssf/nssf-sm.c:26)
11/20 19:19:17.720: [nssf] DEBUG: nssf_state_operational(): ENTRY (../src/nssf/nssf-sm.c:53)
0000: 00000604 00000000 00000300 04e200     ...............
11/20 19:19:17.720: [sbi] DEBUG: MAX_CONCURRENT_STREAMS = 100 (../lib/sbi/nghttp2-server.c:747)
11/20 19:19:17.720: [sbi] DEBUG: ENABLE_PUSH = false (../lib/sbi/nghttp2-server.c:749)
11/20 19:19:17.720: [sbi] DEBUG: STREAM added [1] (../lib/sbi/nghttp2-server.c:1122)
11/20 19:19:17.720: [sbi] DEBUG: MAX_CONCURRENT_STREAMS = 100 (../lib/sbi/nghttp2-server.c:747)
11/20 19:19:17.720: [sbi] DEBUG: ENABLE_PUSH = false (../lib/sbi/nghttp2-server.c:749)
11/20 19:19:17.721: [sbi] DEBUG: [PUT] /nnrf-nfm/v1/nf-instances/48713c2a-694b-41ed-ae04-afb3e12d4518 (../lib/sbi/nghttp2-server.c:801)
11/20 19:19:17.721: [sbi] DEBUG: RECEIVED: 738 (../lib/sbi/nghttp2-server.c:805)
11/20 19:19:17.721: [sbi] DEBUG: {
	"nfInstanceId":	"48713c2a-694b-41ed-ae04-afb3e12d4518",
	"nfType":	"NSSF",
	"nfStatus":	"REGISTERED",
	"ipv4Addresses":	["127.0.0.14"],
	"allowedNfTypes":	["AMF", "SCP"],
	"priority":	0,
	"capacity":	100,
	"load":	0,
	"nfServiceList":	{
		"487143be-694b-41ed-ae04-afb3e12d4518":	{
			"serviceInstanceId":	"487143be-694b-41ed-ae04-afb3e12d4518",
			"serviceName":	"nnssf-nsselection",
			"versions":	[{
					"apiVersionInUri":	"v2",
					"apiFullVersion":	"2.0.0"
				}],
			"scheme":	"http",
			"nfServiceStatus":	"REGISTERED",
			"ipEndPoints":	[{
					"ipv4Address":	"127.0.0.14",
					"port":	7777
				}],
			"allowedNfTypes":	["AMF"],
			"priority":	0,
			"capacity":	100,
			"load":	0
		}
	},
	"nfProfileChangesSupportInd":	true
} (../lib/sbi/nghttp2-server.c:806)
11/20 19:19:17.721: [nrf] DEBUG: nrf_state_operational(): OGS_EVENT_NAME_SBI_SERVER (../src/nrf/nrf-sm.c:50)
11/20 19:19:17.721: [sbi] DEBUG: ogs_sbi_nf_instance_add() (../lib/sbi/context.c:762)
11/20 19:19:17.721: [sbi] DEBUG: [REF] 1 (../lib/sbi/context.c:764)
11/20 19:19:17.721: [nrf] DEBUG: nrf_nf_state_initial(): ENTRY (../src/nrf/nf-sm.c:55)
11/20 19:19:17.721: [nrf] DEBUG: nrf_nf_state_will_register(): ENTRY (../src/nrf/nf-sm.c:93)
11/20 19:19:17.721: [nrf] DEBUG: nrf_nf_state_will_register(): OGS_EVENT_NAME_SBI_SERVER (../src/nrf/nf-sm.c:93)
11/20 19:19:17.721: [sock] DEBUG: addr:127.0.0.14, port:80 (../lib/core/ogs-sockaddr.c:140)
11/20 19:19:17.721: [sock] DEBUG: addr:127.0.0.14, port:7777 (../lib/core/ogs-sockaddr.c:140)
11/20 19:19:17.721: [sbi] DEBUG: STATUS [201] (../lib/sbi/nghttp2-server.c:357)
11/20 19:19:17.721: [sbi] DEBUG: SENDING...: 158 (../lib/sbi/nghttp2-server.c:365)
11/20 19:19:17.721: [sbi] DEBUG: {
	"nfInstanceId":	"48713c2a-694b-41ed-ae04-afb3e12d4518",
	"nfType":	"NSSF",
	"nfStatus":	"REGISTERED",
	"heartBeatTimer":	10,
	"nfProfileChangesInd":	true
} (../lib/sbi/nghttp2-server.c:366)
11/20 19:19:17.721: [sbi] DEBUG: STREAM closed [1] (../lib/sbi/nghttp2-server.c:852)
11/20 19:19:17.721: [nrf] DEBUG: nrf_nf_state_will_register(): EXIT (../src/nrf/nf-sm.c:93)
11/20 19:19:17.721: [nrf] DEBUG: nrf_nf_state_registered(): ENTRY (../src/nrf/nf-sm.c:183)
11/20 19:19:17.721: [nrf] INFO: [48713c2a-694b-41ed-ae04-afb3e12d4518] NF registered [Heartbeat:10s] (../src/nrf/nf-sm.c:191)
0000: 00000004 01000000 00                  .........
0000: 00006b01 04000000 01488210 03768bd5   ..k......H...v..
0010: 596a6f16 e53b8976 d76f6196 d07abe94   Yjo..;.v.oa..z..
0020: 1054d27e ea080212 8066e05f b81754c5   .T.~.....f._..T.
0030: a37f0f0d 03313538 0f1fac62 aaac956a   .....158...b...j
0040: a5a58ee1 62a95635 4848ea21 50c34f3a   ....b.V5HH.!P.O:
0050: 164821ac e3ed46b3 412c8b0c a06961cb   .H!...F.A,...ia.
0060: 1b2508a4 69b0bd5f 8b1d75d0 620d263d   .%..i.._..u.b.&=
0070: 4c7441ea                              LtA.
0000: 00009e00 01000000 017b0a09 226e6649   .........{.."nfI
0010: 6e737461 6e636549 64223a09 22343837   nstanceId":."487
0020: 31336332 612d3639 34622d34 3165642d   13c2a-694b-41ed-
0030: 61653034 2d616662 33653132 64343531   ae04-afb3e12d451
0040: 38222c0a 09226e66 54797065 223a0922   8",.."nfType":."
0050: 4e535346 222c0a09 226e6653 74617475   NSSF",.."nfStatu
0060: 73223a09 22524547 49535445 52454422   s":."REGISTERED"
0070: 2c0a0922 68656172 74426561 7454696d   ,.."heartBeatTim
0080: 6572223a 0931302c 0a09226e 6650726f   er":.10,.."nfPro
0090: 66696c65 4368616e 67657349 6e64223a   fileChangesInd":
00a0: 09747275 650a7d                       .true.}
11/20 19:19:17.722: [sock] DEBUG: addr:127.0.0.4, port:2123 (../lib/core/ogs-sockaddr.c:140)
11/20 19:19:17.722: [sock] DEBUG: addr:::1, port:2123 (../lib/core/ogs-sockaddr.c:140)
11/20 19:19:17.722: [sock] DEBUG: addr:127.0.0.4, port:2152 (../lib/core/ogs-sockaddr.c:140)
11/20 19:19:17.722: [sock] DEBUG: addr:::1, port:2152 (../lib/core/ogs-sockaddr.c:140)
11/20 19:19:17.722: [sock] DEBUG: addr:127.0.0.4, port:8805 (../lib/core/ogs-sockaddr.c:140)
11/20 19:19:17.722: [sbi] DEBUG: [201:PUT] http://[::1]:7777/nnrf-nfm/v1/nf-instances/48713c2a-694b-41ed-ae04-afb3e12d4518 (../lib/sbi/client.c:573)
11/20 19:19:17.722: [sbi] DEBUG: RECEIVED[158] (../lib/sbi/client.c:584)
11/20 19:19:17.722: [sbi] DEBUG: {
	"nfInstanceId":	"48713c2a-694b-41ed-ae04-afb3e12d4518",
	"nfType":	"NSSF",
	"nfStatus":	"REGISTERED",
	"heartBeatTimer":	10,
	"nfProfileChangesInd":	true
} (../lib/sbi/client.c:586)
11/20 19:19:17.722: [nssf] DEBUG: nssf_state_operational(): OGS_EVENT_NAME_SBI_CLIENT (../src/nssf/nssf-sm.c:53)
11/20 19:19:17.722: [sbi] DEBUG: ogs_sbi_nf_state_will_register(): OGS_EVENT_NAME_SBI_CLIENT (../lib/sbi/nf-sm.c:118)
11/20 19:19:17.722: [sbi] DEBUG: ogs_sbi_nf_state_will_register(): EXIT (../lib/sbi/nf-sm.c:118)
11/20 19:19:17.722: [sbi] DEBUG: ogs_sbi_nf_state_registered(): ENTRY (../lib/sbi/nf-sm.c:204)
11/20 19:19:17.722: [sbi] INFO: [48713c2a-694b-41ed-ae04-afb3e12d4518] NF registered [Heartbeat:10s] (../lib/sbi/nf-sm.c:216)
Open5GS daemon v2.5.5

11/20 19:19:17.723: [app] INFO: Configuration: '/home/test/build/configs/sample.yaml' (../lib/app/ogs-init.c:126)
11/20 19:19:17.723: [app] INFO: File Logging: '/home/test/test.log' (../lib/app/ogs-init.c:129)
11/20 19:19:17.723: [app] INFO: LOG-LEVEL: 'debug' (../lib/app/ogs-init.c:132)
11/20 19:19:17.724: [sock] DEBUG: addr:127.0.0.7, port:8805 (../lib/core/ogs-sockaddr.c:140)
11/20 19:19:17.724: [sock] DEBUG: addr:127.0.0.4, port:7777 (../lib/core/ogs-sockaddr.c:140)
11/20 19:19:17.724: [sock] DEBUG: addr:127.0.0.10, port:7777 (../lib/core/ogs-sockaddr.c:140)
11/20 19:19:17.724: [sock] DEBUG: addr:::1, port:7777 (../lib/core/ogs-sockaddr.c:140)
11/20 19:19:17.734: [diam] DEBUG: pid:Main in fd_core_initialize@core.c:188: libfdproto '1.5.0' initialized.
 ((null):0)
11/20 19:19:17.735: [diam] DEBUG: pid:Main in fd_core_initialize@core.c:223: libfdcore '1.5.0' initialized.
 ((null):0)
11/20 19:19:17.756: [sock] DEBUG: addr:127.0.0.10, port:7777 (../lib/core/ogs-sockaddr.c:140)
11/20 19:19:17.756: [sock] DEBUG: addr:::1, port:7777 (../lib/core/ogs-sockaddr.c:140)
11/20 19:19:17.756: [sock] DEBUG: addr:127.0.0.15, port:7777 (../lib/core/ogs-sockaddr.c:140)
11/20 19:19:17.756: [sbi] DEBUG: ogs_sbi_nf_state_initial(): ENTRY (../lib/sbi/nf-sm.c:66)
11/20 19:19:17.756: [sbi] DEBUG: ogs_sbi_nf_state_registered(): ENTRY (../lib/sbi/nf-sm.c:204)
11/20 19:19:17.756: [sbi] INFO: NF Service [nbsf-management] (../lib/sbi/context.c:1401)
11/20 19:19:17.756: [sbi] DEBUG: ogs_sbi_nf_state_initial(): ENTRY (../lib/sbi/nf-sm.c:66)
11/20 19:19:17.756: [sbi] DEBUG: ogs_sbi_nf_state_will_register(): ENTRY (../lib/sbi/nf-sm.c:118)
11/20 19:19:17.756: [sbi] DEBUG: [PUT] http://[::1]:7777/nnrf-nfm/v1/nf-instances/4876ae1c-694b-41ed-b4eb-c347c80e59b5 (../lib/sbi/client.c:625)
11/20 19:19:17.756: [sbi] DEBUG: SENDING...[747] (../lib/sbi/client.c:401)
11/20 19:19:17.756: [sbi] DEBUG: {
	"nfInstanceId":	"4876ae1c-694b-41ed-b4eb-c347c80e59b5",
	"nfType":	"BSF",
	"nfStatus":	"REGISTERED",
	"ipv4Addresses":	["127.0.0.15"],
	"allowedNfTypes":	["PCF", "AF", "SCP"],
	"priority":	0,
	"capacity":	100,
	"load":	0,
	"nfServiceList":	{
		"4876d248-694b-41ed-b4eb-c347c80e59b5":	{
			"serviceInstanceId":	"4876d248-694b-41ed-b4eb-c347c80e59b5",
			"serviceName":	"nbsf-management",
			"versions":	[{
					"apiVersionInUri":	"v1",
					"apiFullVersion":	"1.0.0"
				}],
			"scheme":	"http",
			"nfServiceStatus":	"REGISTERED",
			"ipEndPoints":	[{
					"ipv4Address":	"127.0.0.15",
					"port":	7777
				}],
			"allowedNfTypes":	["PCF", "AF"],
			"priority":	0,
			"capacity":	100,
			"load":	0
		}
	},
	"nfProfileChangesSupportInd":	true
} (../lib/sbi/client.c:403)
11/20 19:19:17.756: [sock] DEBUG: socket create(2:1:6) (../lib/core/ogs-socket.c:92)
11/20 19:19:17.756: [sock] DEBUG: Turn on TCP_NODELAY (../lib/core/ogs-sockopt.c:139)
11/20 19:19:17.756: [sock] DEBUG: Turn on SO_REUSEADDR (../lib/core/ogs-sockopt.c:120)
11/20 19:19:17.756: [sock] DEBUG: socket bind 127.0.0.15:7777 (../lib/core/ogs-socket.c:117)
11/20 19:19:17.756: [sock] DEBUG: tcp_server() [127.0.0.15]:7777 (../lib/core/ogs-tcp.c:61)
11/20 19:19:17.756: [sbi] INFO: nghttp2_server() [127.0.0.15]:7777 (../lib/sbi/nghttp2-server.c:151)
11/20 19:19:17.756: [thread] DEBUG: [0x559c9f795780] thread started (../lib/core/ogs-thread.c:101)
11/20 19:19:17.756: [app] INFO: BSF initialize...done (../src/bsf/app.c:31)
11/20 19:19:17.756: [thread] DEBUG: [0x559c9f795780] worker signal (../lib/core/ogs-thread.c:66)
11/20 19:19:17.756: [bsf] DEBUG: bsf_state_initial(): INIT (../src/bsf/bsf-sm.c:26)
11/20 19:19:17.756: [bsf] DEBUG: bsf_state_operational(): ENTRY (../src/bsf/bsf-sm.c:55)
11/20 19:19:17.757: [sbi] DEBUG: MAX_CONCURRENT_STREAMS = 100 (../lib/sbi/nghttp2-server.c:747)
11/20 19:19:17.757: [sbi] DEBUG: ENABLE_PUSH = false (../lib/sbi/nghttp2-server.c:749)
11/20 19:19:17.757: [sbi] DEBUG: STREAM added [1] (../lib/sbi/nghttp2-server.c:1122)
11/20 19:19:17.757: [sbi] DEBUG: [PUT] /nnrf-nfm/v1/nf-instances/4876ae1c-694b-41ed-b4eb-c347c80e59b5 (../lib/sbi/nghttp2-server.c:801)
11/20 19:19:17.757: [sbi] DEBUG: RECEIVED: 747 (../lib/sbi/nghttp2-server.c:805)
11/20 19:19:17.757: [sbi] DEBUG: {
	"nfInstanceId":	"4876ae1c-694b-41ed-b4eb-c347c80e59b5",
	"nfType":	"BSF",
	"nfStatus":	"REGISTERED",
	"ipv4Addresses":	["127.0.0.15"],
	"allowedNfTypes":	["PCF", "AF", "SCP"],
	"priority":	0,
	"capacity":	100,
	"load":	0,
	"nfServiceList":	{
		"4876d248-694b-41ed-b4eb-c347c80e59b5":	{
			"serviceInstanceId":	"4876d248-694b-41ed-b4eb-c347c80e59b5",
			"serviceName":	"nbsf-management",
			"versions":	[{
					"apiVersionInUri":	"v1",
					"apiFullVersion":	"1.0.0"
				}],
			"scheme":	"http",
			"nfServiceStatus":	"REGISTERED",
			"ipEndPoints":	[{
					"ipv4Address":	"127.0.0.15",
					"port":	7777
				}],
			"allowedNfTypes":	["PCF", "AF"],
			"priority":	0,
			"capacity":	100,
			"load":	0
		}
	},
	"nfProfileChangesSupportInd":	true
} (../lib/sbi/nghttp2-server.c:806)
0000: 00000604 00000000 00000300 04e200     ...............
11/20 19:19:17.757: [nrf] DEBUG: nrf_state_operational(): OGS_EVENT_NAME_SBI_SERVER (../src/nrf/nrf-sm.c:50)
11/20 19:19:17.757: [sbi] DEBUG: ogs_sbi_nf_instance_add() (../lib/sbi/context.c:762)
11/20 19:19:17.757: [sbi] DEBUG: [REF] 1 (../lib/sbi/context.c:764)
11/20 19:19:17.757: [nrf] DEBUG: nrf_nf_state_initial(): ENTRY (../src/nrf/nf-sm.c:55)
11/20 19:19:17.757: [nrf] DEBUG: nrf_nf_state_will_register(): ENTRY (../src/nrf/nf-sm.c:93)
11/20 19:19:17.757: [nrf] DEBUG: nrf_nf_state_will_register(): OGS_EVENT_NAME_SBI_SERVER (../src/nrf/nf-sm.c:93)
11/20 19:19:17.757: [sock] DEBUG: addr:127.0.0.15, port:80 (../lib/core/ogs-sockaddr.c:140)
11/20 19:19:17.757: [sock] DEBUG: addr:127.0.0.15, port:7777 (../lib/core/ogs-sockaddr.c:140)
11/20 19:19:17.757: [sbi] DEBUG: STATUS [201] (../lib/sbi/nghttp2-server.c:357)
11/20 19:19:17.757: [sbi] DEBUG: SENDING...: 157 (../lib/sbi/nghttp2-server.c:365)
11/20 19:19:17.757: [sbi] DEBUG: {
	"nfInstanceId":	"4876ae1c-694b-41ed-b4eb-c347c80e59b5",
	"nfType":	"BSF",
	"nfStatus":	"REGISTERED",
	"heartBeatTimer":	10,
	"nfProfileChangesInd":	true
} (../lib/sbi/nghttp2-server.c:366)
11/20 19:19:17.757: [sbi] DEBUG: STREAM closed [1] (../lib/sbi/nghttp2-server.c:852)
11/20 19:19:17.757: [nrf] DEBUG: nrf_nf_state_will_register(): EXIT (../src/nrf/nf-sm.c:93)
11/20 19:19:17.757: [nrf] DEBUG: nrf_nf_state_registered(): ENTRY (../src/nrf/nf-sm.c:183)
11/20 19:19:17.757: [nrf] INFO: [4876ae1c-694b-41ed-b4eb-c347c80e59b5] NF registered [Heartbeat:10s] (../src/nrf/nf-sm.c:191)
11/20 19:19:17.757: [sbi] DEBUG: [POST] http://127.0.0.13:7777/nnrf-nfm/v1/nf-status-notify (../lib/sbi/client.c:625)
11/20 19:19:17.757: [sbi] DEBUG: SENDING...[952] (../lib/sbi/client.c:401)
11/20 19:19:17.757: [sbi] DEBUG: {
	"event":	"NF_REGISTERED",
	"nfInstanceUri":	"http://127.0.0.10:7777/nnrf-nfm/v1/nf-instances/4876ae1c-694b-41ed-b4eb-c347c80e59b5",
	"nfProfile":	{
		"nfInstanceId":	"4876ae1c-694b-41ed-b4eb-c347c80e59b5",
		"nfType":	"BSF",
		"nfStatus":	"REGISTERED",
		"heartBeatTimer":	10,
		"ipv4Addresses":	["127.0.0.15"],
		"allowedNfTypes":	["PCF", "AF", "SCP"],
		"priority":	0,
		"capacity":	100,
		"load":	0,
		"nfServiceList":	{
			"4876d248-694b-41ed-b4eb-c347c80e59b5":	{
				"serviceInstanceId":	"4876d248-694b-41ed-b4eb-c347c80e59b5",
				"serviceName":	"nbsf-management",
				"versions":	[{
						"apiVersionInUri":	"v1",
						"apiFullVersion":	"1.0.0"
					}],
				"scheme":	"http",
				"nfServiceStatus":	"REGISTERED",
				"ipEndPoints":	[{
						"ipv4Address":	"127.0.0.15",
						"port":	7777
					}],
				"allowedNfTypes":	["PCF", "AF"],
				"priority":	0,
				"capacity":	100,
				"load":	0
			}
		},
		"nfProfileChangesSupportInd":	true
	}
} (../lib/sbi/client.c:403)
11/20 19:19:17.757: [sbi] DEBUG: MAX_CONCURRENT_STREAMS = 100 (../lib/sbi/nghttp2-server.c:747)
11/20 19:19:17.757: [sbi] DEBUG: ENABLE_PUSH = false (../lib/sbi/nghttp2-server.c:749)
0000: 00000004 01000000 00                  .........
0000: 00006c01 04000000 01488210 03768bd5   ..l......H...v..
0010: 596a6f16 e53b8976 d76f6196 d07abe94   Yjo..;.v.oa..z..
0020: 1054d27e ea080212 8066e05f b81754c5   .T.~.....f._..T.
0030: a37f0f0d 03313537 5f8b1d75 d0620d26   .....157_..u.b.&
0040: 3d4c7441 ea0f1fad 62aaac95 6aa5a58e   =LtA....b...j...
0050: e162a956 354848ea 2150c34f 3ae0ca12   .b.V5HH.!P.O:...
0060: 2ce3ed46 b3412c8b 46d16358 8cb4e91e   ,..F.A,.F.cX....
0070: 015b7e36 ff                           .[~6.
11/20 19:19:17.758: [sbi] DEBUG: MAX_CONCURRENT_STREAMS = 100 (../lib/sbi/nghttp2-server.c:747)
11/20 19:19:17.758: [sbi] DEBUG: ENABLE_PUSH = false (../lib/sbi/nghttp2-server.c:749)
11/20 19:19:17.758: [sbi] DEBUG: STREAM added [1] (../lib/sbi/nghttp2-server.c:1122)
11/20 19:19:17.758: [sbi] DEBUG: [201:PUT] http://[::1]:7777/nnrf-nfm/v1/nf-instances/4876ae1c-694b-41ed-b4eb-c347c80e59b5 (../lib/sbi/client.c:573)
11/20 19:19:17.758: [sbi] DEBUG: [POST] /nnrf-nfm/v1/nf-status-notify (../lib/sbi/nghttp2-server.c:801)
11/20 19:19:17.758: [sbi] DEBUG: RECEIVED[157] (../lib/sbi/client.c:584)
11/20 19:19:17.758: [sbi] DEBUG: {
	"nfInstanceId":	"4876ae1c-694b-41ed-b4eb-c347c80e59b5",
	"nfType":	"BSF",
	"nfStatus":	"REGISTERED",
	"heartBeatTimer":	10,
	"nfProfileChangesInd":	true
} (../lib/sbi/client.c:586)
11/20 19:19:17.758: [sbi] DEBUG: RECEIVED: 952 (../lib/sbi/nghttp2-server.c:805)
11/20 19:19:17.758: [sbi] DEBUG: {
	"event":	"NF_REGISTERED",
	"nfInstanceUri":	"http://127.0.0.10:7777/nnrf-nfm/v1/nf-instances/4876ae1c-694b-41ed-b4eb-c347c80e59b5",
	"nfProfile":	{
		"nfInstanceId":	"4876ae1c-694b-41ed-b4eb-c347c80e59b5",
		"nfType":	"BSF",
		"nfStatus":	"REGISTERED",
		"heartBeatTimer":	10,
		"ipv4Addresses":	["127.0.0.15"],
		"allowedNfTypes":	["PCF", "AF", "SCP"],
		"priority":	0,
		"capacity":	100,
		"load":	0,
		"nfServiceList":	{
			"4876d248-694b-41ed-b4eb-c347c80e59b5":	{
				"serviceInstanceId":	"4876d248-694b-41ed-b4eb-c347c80e59b5",
				"serviceName":	"nbsf-management",
				"versions":	[{
						"apiVersionInUri":	"v1",
						"apiFullVersion":	"1.0.0"
					}],
				"scheme":	"http",
				"nfServiceStatus":	"REGISTERED",
				"ipEndPoints":	[{
						"ipv4Address":	"127.0.0.15",
						"port":	7777
					}],
				"allowedNfTypes":	["PCF", "AF"],
				"priority":	0,
				"capacity":	100,
				"load":	0
			}
		},
		"nfProfileChangesSupportInd":	true
	}
} (../lib/sbi/nghttp2-server.c:806)
11/20 19:19:17.758: [bsf] DEBUG: bsf_state_operational(): OGS_EVENT_NAME_SBI_CLIENT (../src/bsf/bsf-sm.c:55)
0000: 00009d00 01000000 017b0a09 226e6649   .........{.."nfI
0010: 6e737461 6e636549 64223a09 22343837   nstanceId":."487
0020: 36616531 632d3639 34622d34 3165642d   6ae1c-694b-41ed-
0030: 62346562 2d633334 37633830 65353962   b4eb-c347c80e59b
0040: 35222c0a 09226e66 54797065 223a0922   5",.."nfType":."
0050: 42534622 2c0a0922 6e665374 61747573   BSF",.."nfStatus
0060: 223a0922 52454749 53544552 4544222c   ":."REGISTERED",
0070: 0a092268 65617274 42656174 54696d65   .."heartBeatTime
0080: 72223a09 31302c0a 09226e66 50726f66   r":.10,.."nfProf
0090: 696c6543 68616e67 6573496e 64223a09   ileChangesInd":.
00a0: 74727565 0a7d                         true.}
11/20 19:19:17.758: [sbi] DEBUG: ogs_sbi_nf_state_will_register(): OGS_EVENT_NAME_SBI_CLIENT (../lib/sbi/nf-sm.c:118)
0000: 00000604 00000000 00000300 04e200     ...............
11/20 19:19:17.758: [sbi] DEBUG: ogs_sbi_nf_state_will_register(): EXIT (../lib/sbi/nf-sm.c:118)
11/20 19:19:17.758: [sbi] DEBUG: ogs_sbi_nf_state_registered(): ENTRY (../lib/sbi/nf-sm.c:204)
11/20 19:19:17.758: [pcf] DEBUG: pcf_state_operational(): OGS_EVENT_NAME_SBI_SERVER (../src/pcf/pcf-sm.c:58)
11/20 19:19:17.758: [sbi] INFO: [4876ae1c-694b-41ed-b4eb-c347c80e59b5] NF registered [Heartbeat:10s] (../lib/sbi/nf-sm.c:216)
11/20 19:19:17.758: [sbi] DEBUG: ogs_sbi_nf_instance_add() (../lib/sbi/context.c:762)
11/20 19:19:17.758: [sbi] DEBUG: [REF] 1 (../lib/sbi/context.c:764)
11/20 19:19:17.758: [sbi] DEBUG: ogs_sbi_nf_state_initial(): ENTRY (../lib/sbi/nf-sm.c:66)
11/20 19:19:17.758: [sbi] DEBUG: ogs_sbi_nf_state_registered(): ENTRY (../lib/sbi/nf-sm.c:204)
11/20 19:19:17.758: [sbi] INFO: [4876ae1c-694b-41ed-b4eb-c347c80e59b5] (NRF-notify) NF registered (../lib/sbi/nnrf-handler.c:622)
11/20 19:19:17.758: [sock] DEBUG: addr:127.0.0.15, port:80 (../lib/core/ogs-sockaddr.c:140)
11/20 19:19:17.758: [sock] DEBUG: addr:127.0.0.15, port:7777 (../lib/core/ogs-sockaddr.c:140)
11/20 19:19:17.758: [sbi] INFO: [4876ae1c-694b-41ed-b4eb-c347c80e59b5] (NRF-notify) NF Profile updated (../lib/sbi/nnrf-handler.c:632)
11/20 19:19:17.758: [sbi] DEBUG: ogs_sbi_client_add() (../lib/sbi/client.c:112)
11/20 19:19:17.758: [sbi] DEBUG: [REF] 1 (../lib/sbi/client.c:113)
11/20 19:19:17.758: [sbi] DEBUG: [REF] 2 (../lib/sbi/context.c:1570)
11/20 19:19:17.758: [sbi] DEBUG: ogs_sbi_client_add() (../lib/sbi/client.c:112)
11/20 19:19:17.758: [sbi] DEBUG: [REF] 1 (../lib/sbi/client.c:113)
11/20 19:19:17.758: [sbi] DEBUG: [REF] 2 (../lib/sbi/context.c:1482)
11/20 19:19:17.758: [sbi] DEBUG: STATUS [204] (../lib/sbi/nghttp2-server.c:357)
11/20 19:19:17.758: [sbi] DEBUG: STREAM closed [1] (../lib/sbi/nghttp2-server.c:852)
11/20 19:19:17.758: [sbi] DEBUG: MAX_CONCURRENT_STREAMS = 100 (../lib/sbi/nghttp2-server.c:747)
11/20 19:19:17.758: [sbi] DEBUG: ENABLE_PUSH = false (../lib/sbi/nghttp2-server.c:749)
0000: 00000004 01000000 00                  .........
0000: 00002601 05000000 0189768b d5596a6f   ..&.......v..Yjo
0010: 16e53b89 76d76f61 96d07abe 941054d2   ..;.v.oa..z...T.
0020: 7eea0802 128066e0 5fb81754 c5a37f     ~.....f._..T...
11/20 19:19:17.758: [sbi] DEBUG: [204:POST] http://127.0.0.13:7777/nnrf-nfm/v1/nf-status-notify (../lib/sbi/client.c:573)
11/20 19:19:17.758: [sbi] DEBUG: RECEIVED[0] (../lib/sbi/client.c:584)
11/20 19:19:17.762: [diam] DEBUG: pid:Main in fd_ext_load@extensions.c:215: All extensions loaded.
 ((null):0)
11/20 19:19:17.762: [diam] DEBUG: pid:Main in ogs_diam_config_init@config.c:196: freeDiameter configuration:
 ((null):0)
11/20 19:19:17.762: [diam] DEBUG: pid:Main in ogs_diam_config_init@config.c:196:   Default trace level .... : +5
 ((null):0)
11/20 19:19:17.762: [diam] DEBUG: pid:Main in ogs_diam_config_init@config.c:196:   Configuration file ..... : (null)
 ((null):0)
11/20 19:19:17.762: [diam] DEBUG: pid:Main in ogs_diam_config_init@config.c:196:   Diameter Identity ...... : smf.localdomain (l:15)
 ((null):0)
11/20 19:19:17.762: [diam] DEBUG: pid:Main in ogs_diam_config_init@config.c:196:   Diameter Realm ......... : localdomain (l:11)
 ((null):0)
11/20 19:19:17.762: [diam] DEBUG: pid:Main in ogs_diam_config_init@config.c:196:   Tc Timer ............... : 30
 ((null):0)
11/20 19:19:17.762: [diam] DEBUG: pid:Main in ogs_diam_config_init@config.c:196:   Tw Timer ............... : 30
 ((null):0)
11/20 19:19:17.762: [diam] DEBUG: pid:Main in ogs_diam_config_init@config.c:196:   Local port ............. : 3868
 ((null):0)
11/20 19:19:17.762: [diam] DEBUG: pid:Main in ogs_diam_config_init@config.c:196:   Local secure port ...... : 5868
 ((null):0)
11/20 19:19:17.762: [diam] DEBUG: pid:Main in ogs_diam_config_init@config.c:196:   Number of SCTP streams . : 30
 ((null):0)
11/20 19:19:17.762: [diam] DEBUG: pid:Main in ogs_diam_config_init@config.c:196:   Number of clients thr .. : 5
 ((null):0)
11/20 19:19:17.762: [diam] DEBUG: pid:Main in ogs_diam_config_init@config.c:196:   Number of app threads .. : 4
 ((null):0)
11/20 19:19:17.763: [diam] DEBUG: pid:Main in ogs_diam_config_init@config.c:196:   Minimal processing peers : 0
 ((null):0)
11/20 19:19:17.763: [diam] DEBUG: pid:Main in ogs_diam_config_init@config.c:196:   Number of rtin threads . : 1
 ((null):0)
11/20 19:19:17.763: [diam] DEBUG: pid:Main in ogs_diam_config_init@config.c:196:   Number of rtout threads  : 1
 ((null):0)
11/20 19:19:17.763: [diam] DEBUG: pid:Main in ogs_diam_config_init@config.c:196:   Incoming queue limit     : 20
 ((null):0)
11/20 19:19:17.763: [diam] DEBUG: pid:Main in ogs_diam_config_init@config.c:196:   Outgoing queue limit     : 30
 ((null):0)
11/20 19:19:17.763: [diam] DEBUG: pid:Main in ogs_diam_config_init@config.c:196:   Local queue limit        : 25
 ((null):0)
11/20 19:19:17.763: [diam] DEBUG: pid:Main in ogs_diam_config_init@config.c:196:   Local endpoints ........ : 127.0.0.4{C----}
 ((null):0)
11/20 19:19:17.763: [diam] DEBUG: pid:Main in ogs_diam_config_init@config.c:196:   Local applications ..... : (none)
 ((null):0)
11/20 19:19:17.763: [diam] DEBUG: pid:Main in ogs_diam_config_init@config.c:196:   Flags : - IP ........... : Enabled
 ((null):0)
11/20 19:19:17.763: [diam] DEBUG: pid:Main in ogs_diam_config_init@config.c:196:           - IPv6 ......... : Enabled
 ((null):0)
11/20 19:19:17.763: [diam] DEBUG: pid:Main in ogs_diam_config_init@config.c:196:           - Relay app .... : DISABLED
 ((null):0)
11/20 19:19:17.763: [diam] DEBUG: pid:Main in ogs_diam_config_init@config.c:196:           - TCP .......... : Enabled
 ((null):0)
11/20 19:19:17.763: [diam] DEBUG: pid:Main in ogs_diam_config_init@config.c:196:           - SCTP ......... : Enabled
 ((null):0)
11/20 19:19:17.763: [diam] DEBUG: pid:Main in ogs_diam_config_init@config.c:196:           - Pref. proto .. : SCTP
 ((null):0)
11/20 19:19:17.763: [diam] DEBUG: pid:Main in ogs_diam_config_init@config.c:196:           - TLS method ... : Separate port
 ((null):0)
11/20 19:19:17.763: [diam] DEBUG: pid:Main in ogs_diam_config_init@config.c:196:           - Client bind .. : Enabled
 ((null):0)
11/20 19:19:17.763: [diam] DEBUG: pid:Main in ogs_diam_config_init@config.c:196:   TLS :   - Certificate .. : (NONE)
 ((null):0)
11/20 19:19:17.763: [diam] DEBUG: pid:Main in ogs_diam_config_init@config.c:196:           - Private key .. : (NONE)
 ((null):0)
11/20 19:19:17.763: [diam] DEBUG: pid:Main in ogs_diam_config_init@config.c:196:           - CA (trust) ... : (none) (0 certs)
 ((null):0)
11/20 19:19:17.763: [diam] DEBUG: pid:Main in ogs_diam_config_init@config.c:196:           - CRL .......... : (none)
 ((null):0)
11/20 19:19:17.763: [diam] DEBUG: pid:Main in ogs_diam_config_init@config.c:196:           - Priority ..... : (default: 'NORMAL')
 ((null):0)
11/20 19:19:17.763: [diam] DEBUG: pid:Main in ogs_diam_config_init@config.c:196:           - DH bits ...... : 1024
 ((null):0)
11/20 19:19:17.763: [diam] DEBUG: pid:Main in ogs_diam_config_init@config.c:196:   Origin-State-Id ........ : 1669000757
 ((null):0)
11/20 19:19:17.766: [thread] DEBUG: [0x56470442b2c0] worker signal (../lib/core/ogs-thread.c:66)
11/20 19:19:17.766: [thread] DEBUG: [0x56470442b2c0] thread started (../lib/core/ogs-thread.c:101)
11/20 19:19:17.769: [diam] DEBUG: pid:Main in fd_servers_start@server.c:464: Local server address(es): 127.0.0.4{C----}
 ((null):0)
11/20 19:19:17.770: [sock] DEBUG: socket create(2:2:17) (../lib/core/ogs-socket.c:92)
11/20 19:19:17.770: [sock] DEBUG: socket bind 127.0.0.4:2123 (../lib/core/ogs-socket.c:117)
11/20 19:19:17.770: [sock] DEBUG: udp_server() [127.0.0.4]:2123 (../lib/core/ogs-udp.c:52)
11/20 19:19:17.770: [gtp] INFO: gtp_server() [127.0.0.4]:2123 (../lib/gtp/path.c:31)
11/20 19:19:17.770: [sock] DEBUG: socket create(10:2:17) (../lib/core/ogs-socket.c:92)
11/20 19:19:17.770: [sock] DEBUG: socket bind ::1:2123 (../lib/core/ogs-socket.c:117)
11/20 19:19:17.770: [sock] DEBUG: udp_server() [::1]:2123 (../lib/core/ogs-udp.c:52)
11/20 19:19:17.770: [gtp] INFO: gtp_server() [::1]:2123 (../lib/gtp/path.c:31)
11/20 19:19:17.770: [sock] DEBUG: socket create(2:2:17) (../lib/core/ogs-socket.c:92)
11/20 19:19:17.770: [sock] DEBUG: socket bind 127.0.0.4:2152 (../lib/core/ogs-socket.c:117)
11/20 19:19:17.770: [sock] DEBUG: udp_server() [127.0.0.4]:2152 (../lib/core/ogs-udp.c:52)
11/20 19:19:17.770: [gtp] INFO: gtp_server() [127.0.0.4]:2152 (../lib/gtp/path.c:31)
11/20 19:19:17.770: [sock] DEBUG: socket create(10:2:17) (../lib/core/ogs-socket.c:92)
11/20 19:19:17.770: [sock] DEBUG: socket bind ::1:2152 (../lib/core/ogs-socket.c:117)
11/20 19:19:17.770: [sock] DEBUG: udp_server() [::1]:2152 (../lib/core/ogs-udp.c:52)
11/20 19:19:17.770: [gtp] INFO: gtp_server() [::1]:2152 (../lib/gtp/path.c:31)
11/20 19:19:17.770: [sock] DEBUG: socket create(2:2:17) (../lib/core/ogs-socket.c:92)
11/20 19:19:17.770: [sock] DEBUG: socket bind 127.0.0.4:8805 (../lib/core/ogs-socket.c:117)
11/20 19:19:17.770: [sock] DEBUG: udp_server() [127.0.0.4]:8805 (../lib/core/ogs-udp.c:52)
11/20 19:19:17.770: [pfcp] INFO: pfcp_server() [127.0.0.4]:8805 (../lib/pfcp/path.c:31)
11/20 19:19:17.770: [smf] DEBUG: smf_pfcp_state_initial(): ENTRY (../src/smf/pfcp-sm.c:35)
11/20 19:19:17.770: [pfcp] INFO: ogs_pfcp_connect() [127.0.0.7]:8805 (../lib/pfcp/path.c:62)
11/20 19:19:17.770: [smf] DEBUG: smf_pfcp_state_will_associate(): ENTRY (../src/smf/pfcp-sm.c:78)
11/20 19:19:17.770: [pfcp] DEBUG: [1] LOCAL  Create  peer [127.0.0.7]:8805 (../lib/pfcp/xact.c:116)
11/20 19:19:17.770: [pfcp] DEBUG: Association Setup Request (../lib/pfcp/build.c:64)
11/20 19:19:17.770: [pfcp] DEBUG: [1] LOCAL  UPD TX-5  peer [127.0.0.7]:8805 (../lib/pfcp/xact.c:197)
11/20 19:19:17.770: [pfcp] DEBUG: [1] LOCAL  Commit  peer [127.0.0.7]:8805 (../lib/pfcp/xact.c:475)
11/20 19:19:17.770: [sbi] DEBUG: ogs_sbi_nf_state_initial(): ENTRY (../lib/sbi/nf-sm.c:66)
11/20 19:19:17.770: [sbi] DEBUG: ogs_sbi_nf_state_registered(): ENTRY (../lib/sbi/nf-sm.c:204)
11/20 19:19:17.770: [sbi] INFO: NF Service [nsmf-pdusession] (../lib/sbi/context.c:1401)
11/20 19:19:17.770: [sbi] DEBUG: ogs_sbi_nf_state_initial(): ENTRY (../lib/sbi/nf-sm.c:66)
11/20 19:19:17.770: [sbi] DEBUG: ogs_sbi_nf_state_will_register(): ENTRY (../lib/sbi/nf-sm.c:118)
11/20 19:19:17.770: [upf] DEBUG: upf_state_operational(): UPF_EVT_N4_MESSAGE (../src/upf/upf-sm.c:51)
11/20 19:19:17.770: [pfcp] DEBUG: [1] Cannot find xact type 5 from PFCP peer [127.0.0.4]:8805 (../lib/pfcp/xact.c:797)
11/20 19:19:17.770: [pfcp] DEBUG: [1] REMOTE Create  peer [127.0.0.4]:8805 (../lib/pfcp/xact.c:159)
11/20 19:19:17.770: [pfcp] DEBUG: [1] REMOTE Receive peer [127.0.0.4]:8805 (../lib/pfcp/xact.c:704)
11/20 19:19:17.770: [pfcp] DEBUG: [1] REMOTE UPD RX-5  peer [127.0.0.4]:8805 (../lib/pfcp/xact.c:298)
11/20 19:19:17.770: [upf] DEBUG: upf_pfcp_state_will_associate(): UPF_EVT_N4_MESSAGE (../src/upf/pfcp-sm.c:79)
11/20 19:19:17.770: [pfcp] DEBUG: Association Setup Response (../lib/pfcp/build.c:193)
11/20 19:19:17.770: [sbi] DEBUG: [PUT] http://[::1]:7777/nnrf-nfm/v1/nf-instances/4865a2ca-694b-41ed-8987-5f2e6919394a (../lib/sbi/client.c:625)
11/20 19:19:17.770: [sbi] DEBUG: SENDING...[733] (../lib/sbi/client.c:401)
11/20 19:19:17.770: [pfcp] DEBUG: [1] REMOTE UPD TX-6  peer [127.0.0.4]:8805 (../lib/pfcp/xact.c:197)
11/20 19:19:17.770: [sbi] DEBUG: {
	"nfInstanceId":	"4865a2ca-694b-41ed-8987-5f2e6919394a",
	"nfType":	"SMF",
	"nfStatus":	"REGISTERED",
	"ipv4Addresses":	["127.0.0.4"],
	"allowedNfTypes":	["AMF", "SCP"],
	"priority":	0,
	"capacity":	100,
	"load":	0,
	"nfServiceList":	{
		"4878fffa-694b-41ed-8987-5f2e6919394a":	{
			"serviceInstanceId":	"4878fffa-694b-41ed-8987-5f2e6919394a",
			"serviceName":	"nsmf-pdusession",
			"versions":	[{
					"apiVersionInUri":	"v1",
					"apiFullVersion":	"1.0.0"
				}],
			"scheme":	"http",
			"nfServiceStatus":	"REGISTERED",
			"ipEndPoints":	[{
					"ipv4Address":	"127.0.0.4",
					"port":	7777
				}],
			"allowedNfTypes":	["AMF"],
			"priority":	0,
			"capacity":	100,
			"load":	0
		}
	},
	"nfProfileChangesSupportInd":	true
} (../lib/sbi/client.c:403)
11/20 19:19:17.770: [pfcp] DEBUG: [1] REMOTE Commit  peer [127.0.0.4]:8805 (../lib/pfcp/xact.c:475)
11/20 19:19:17.770: [upf] DEBUG: upf_pfcp_state_will_associate(): EXIT (../src/upf/pfcp-sm.c:79)
11/20 19:19:17.770: [sock] DEBUG: socket create(2:1:6) (../lib/core/ogs-socket.c:92)
11/20 19:19:17.770: [upf] DEBUG: upf_pfcp_state_associated(): ENTRY (../src/upf/pfcp-sm.c:164)
11/20 19:19:17.770: [sock] DEBUG: Turn on TCP_NODELAY (../lib/core/ogs-sockopt.c:139)
11/20 19:19:17.770: [upf] INFO: PFCP associated [127.0.0.4]:8805 (../src/upf/pfcp-sm.c:175)
11/20 19:19:17.770: [sock] DEBUG: Turn on SO_REUSEADDR (../lib/core/ogs-sockopt.c:120)
11/20 19:19:17.770: [sock] DEBUG: socket bind 127.0.0.4:7777 (../lib/core/ogs-socket.c:117)
11/20 19:19:17.770: [sock] DEBUG: tcp_server() [127.0.0.4]:7777 (../lib/core/ogs-tcp.c:61)
11/20 19:19:17.770: [sbi] INFO: nghttp2_server() [127.0.0.4]:7777 (../lib/sbi/nghttp2-server.c:151)
11/20 19:19:17.771: [diam] DEBUG: pid:ConnTo:pcrf.localdomain in md_hook_cb_tree@dbg_msg_dumps.c:150: CONNECT FAILED to pcrf.localdomain: All connection attempts failed, will retry later
 ((null):0)
11/20 19:19:17.771: [thread] DEBUG: [0x55e099446860] worker signal (../lib/core/ogs-thread.c:66)
11/20 19:19:17.771: [smf] DEBUG: smf_state_initial(): INIT (../src/smf/smf-sm.c:35)
11/20 19:19:17.771: [smf] DEBUG: smf_state_operational(): ENTRY (../src/smf/smf-sm.c:83)
0000: 00000604 00000000 00000300 04e200     ...............
11/20 19:19:17.771: [sbi] DEBUG: MAX_CONCURRENT_STREAMS = 100 (../lib/sbi/nghttp2-server.c:747)
11/20 19:19:17.772: [sbi] DEBUG: ENABLE_PUSH = false (../lib/sbi/nghttp2-server.c:749)
11/20 19:19:17.772: [smf] DEBUG: smf_state_operational(): SMF_EVT_N4_MESSAGE (../src/smf/smf-sm.c:83)
11/20 19:19:17.772: [sbi] DEBUG: STREAM added [1] (../lib/sbi/nghttp2-server.c:1122)
11/20 19:19:17.772: [sbi] DEBUG: MAX_CONCURRENT_STREAMS = 100 (../lib/sbi/nghttp2-server.c:747)
11/20 19:19:17.772: [sbi] DEBUG: ENABLE_PUSH = false (../lib/sbi/nghttp2-server.c:749)
11/20 19:19:17.772: [pfcp] DEBUG: [1] LOCAL  Find    peer [127.0.0.7]:8805 (../lib/pfcp/xact.c:790)
11/20 19:19:17.772: [sbi] DEBUG: [PUT] /nnrf-nfm/v1/nf-instances/4865a2ca-694b-41ed-8987-5f2e6919394a (../lib/sbi/nghttp2-server.c:801)
11/20 19:19:17.772: [pfcp] DEBUG: [1] LOCAL  Receive peer [127.0.0.7]:8805 (../lib/pfcp/xact.c:704)
11/20 19:19:17.772: [sbi] DEBUG: RECEIVED: 733 (../lib/sbi/nghttp2-server.c:805)
11/20 19:19:17.772: [pfcp] DEBUG: [1] LOCAL  UPD RX-6  peer [127.0.0.7]:8805 (../lib/pfcp/xact.c:298)
11/20 19:19:17.772: [smf] DEBUG: smf_pfcp_state_will_associate(): SMF_EVT_N4_MESSAGE (../src/smf/pfcp-sm.c:78)
11/20 19:19:17.772: [sbi] DEBUG: {
	"nfInstanceId":	"4865a2ca-694b-41ed-8987-5f2e6919394a",
	"nfType":	"SMF",
	"nfStatus":	"REGISTERED",
	"ipv4Addresses":	["127.0.0.4"],
	"allowedNfTypes":	["AMF", "SCP"],
	"priority":	0,
	"capacity":	100,
	"load":	0,
	"nfServiceList":	{
		"4878fffa-694b-41ed-8987-5f2e6919394a":	{
			"serviceInstanceId":	"4878fffa-694b-41ed-8987-5f2e6919394a",
			"serviceName":	"nsmf-pdusession",
			"versions":	[{
					"apiVersionInUri":	"v1",
					"apiFullVersion":	"1.0.0"
				}],
			"scheme":	"http",
			"nfServiceStatus":	"REGISTERED",
			"ipEndPoints":	[{
					"ipv4Address":	"127.0.0.4",
					"port":	7777
				}],
			"allowedNfTypes":	["AMF"],
			"priority":	0,
			"capacity":	100,
			"load":	0
		}
	},
	"nfProfileChangesSupportInd":	true
} (../lib/sbi/nghttp2-server.c:806)
11/20 19:19:17.772: [pfcp] DEBUG: [1] LOCAL  Commit  peer [127.0.0.7]:8805 (../lib/pfcp/xact.c:475)
11/20 19:19:17.772: [pfcp] DEBUG: [1] LOCAL  Delete  peer [127.0.0.7]:8805 (../lib/pfcp/xact.c:813)
11/20 19:19:17.772: [nrf] DEBUG: nrf_state_operational(): OGS_EVENT_NAME_SBI_SERVER (../src/nrf/nrf-sm.c:50)
11/20 19:19:17.772: [smf] DEBUG: smf_pfcp_state_will_associate(): EXIT (../src/smf/pfcp-sm.c:78)
11/20 19:19:17.772: [smf] DEBUG: smf_pfcp_state_associated(): ENTRY (../src/smf/pfcp-sm.c:165)
11/20 19:19:17.772: [smf] INFO: PFCP associated [127.0.0.7]:8805 (../src/smf/pfcp-sm.c:176)
11/20 19:19:17.772: [thread] DEBUG: [0x55e099446860] thread started (../lib/core/ogs-thread.c:101)
11/20 19:19:17.772: [app] INFO: SMF initialize...done (../src/smf/app.c:31)
11/20 19:19:17.772: [sbi] DEBUG: ogs_sbi_nf_instance_add() (../lib/sbi/context.c:762)
11/20 19:19:17.772: [sbi] DEBUG: [REF] 1 (../lib/sbi/context.c:764)
11/20 19:19:17.772: [nrf] DEBUG: nrf_nf_state_initial(): ENTRY (../src/nrf/nf-sm.c:55)
11/20 19:19:17.772: [nrf] DEBUG: nrf_nf_state_will_register(): ENTRY (../src/nrf/nf-sm.c:93)
11/20 19:19:17.772: [nrf] DEBUG: nrf_nf_state_will_register(): OGS_EVENT_NAME_SBI_SERVER (../src/nrf/nf-sm.c:93)
11/20 19:19:17.772: [sock] DEBUG: addr:127.0.0.4, port:80 (../lib/core/ogs-sockaddr.c:140)
11/20 19:19:17.772: [sock] DEBUG: addr:127.0.0.4, port:7777 (../lib/core/ogs-sockaddr.c:140)
11/20 19:19:17.772: [sbi] DEBUG: STATUS [201] (../lib/sbi/nghttp2-server.c:357)
11/20 19:19:17.772: [sbi] DEBUG: SENDING...: 157 (../lib/sbi/nghttp2-server.c:365)
11/20 19:19:17.772: [sbi] DEBUG: {
	"nfInstanceId":	"4865a2ca-694b-41ed-8987-5f2e6919394a",
	"nfType":	"SMF",
	"nfStatus":	"REGISTERED",
	"heartBeatTimer":	10,
	"nfProfileChangesInd":	true
} (../lib/sbi/nghttp2-server.c:366)
11/20 19:19:17.772: [sbi] DEBUG: STREAM closed [1] (../lib/sbi/nghttp2-server.c:852)
11/20 19:19:17.772: [nrf] DEBUG: nrf_nf_state_will_register(): EXIT (../src/nrf/nf-sm.c:93)
11/20 19:19:17.772: [nrf] DEBUG: nrf_nf_state_registered(): ENTRY (../src/nrf/nf-sm.c:183)
11/20 19:19:17.772: [nrf] INFO: [4865a2ca-694b-41ed-8987-5f2e6919394a] NF registered [Heartbeat:10s] (../src/nrf/nf-sm.c:191)
0000: 00000004 01000000 00                  .........
0000: 00006c01 04000000 01488210 03768bd5   ..l......H...v..
0010: 596a6f16 e53b8976 d76f6196 d07abe94   Yjo..;.v.oa..z..
0020: 1054d27e ea080212 8066e05f b81754c5   .T.~.....f._..T.
0030: a37f0f0d 03313537 0f1fad62 aaac956a   .....157...b...j
0040: a5a58ee1 62a95635 4848ea21 50c34f38   ....b.V5HH.!P.O8
0050: d8c441ac e3ed46b3 412c8b3c fbceacdc   ..A...F.A,.<....
0060: a22b8f85 f65f687f 5f8b1d75 d0620d26   .+..._h._..u.b.&
0070: 3d4c7441 ea                           =LtA.
11/20 19:19:17.772: [sbi] DEBUG: [201:PUT] http://[::1]:7777/nnrf-nfm/v1/nf-instances/4865a2ca-694b-41ed-8987-5f2e6919394a (../lib/sbi/client.c:573)
11/20 19:19:17.772: [sbi] DEBUG: RECEIVED[157] (../lib/sbi/client.c:584)
11/20 19:19:17.772: [sbi] DEBUG: {
	"nfInstanceId":	"4865a2ca-694b-41ed-8987-5f2e6919394a",
	"nfType":	"SMF",
	"nfStatus":	"REGISTERED",
	"heartBeatTimer":	10,
	"nfProfileChangesInd":	true
} (../lib/sbi/client.c:586)
11/20 19:19:17.772: [smf] DEBUG: smf_state_operational(): OGS_EVENT_NAME_SBI_CLIENT (../src/smf/smf-sm.c:83)
0000: 00009d00 01000000 017b0a09 226e6649   .........{.."nfI
0010: 6e737461 6e636549 64223a09 22343836   nstanceId":."486
0020: 35613263 612d3639 34622d34 3165642d   5a2ca-694b-41ed-
0030: 38393837 2d356632 65363931 39333934   8987-5f2e6919394
0040: 61222c0a 09226e66 54797065 223a0922   a",.."nfType":."
0050: 534d4622 2c0a0922 6e665374 61747573   SMF",.."nfStatus
0060: 223a0922 52454749 53544552 4544222c   ":."REGISTERED",
0070: 0a092268 65617274 42656174 54696d65   .."heartBeatTime
0080: 72223a09 31302c0a 09226e66 50726f66   r":.10,.."nfProf
0090: 696c6543 68616e67 6573496e 64223a09   ileChangesInd":.
00a0: 74727565 0a7d                         true.}
11/20 19:19:17.772: [sbi] DEBUG: ogs_sbi_nf_state_will_register(): OGS_EVENT_NAME_SBI_CLIENT (../lib/sbi/nf-sm.c:118)
11/20 19:19:17.772: [sbi] DEBUG: ogs_sbi_nf_state_will_register(): EXIT (../lib/sbi/nf-sm.c:118)
11/20 19:19:17.772: [sbi] DEBUG: ogs_sbi_nf_state_registered(): ENTRY (../lib/sbi/nf-sm.c:204)
11/20 19:19:17.772: [sbi] INFO: [4865a2ca-694b-41ed-8987-5f2e6919394a] NF registered [Heartbeat:10s] (../lib/sbi/nf-sm.c:216)
11/20 19:19:17.772: [sbi] DEBUG: [POST] http://[::1]:7777/nnrf-nfm/v1/subscriptions (../lib/sbi/client.c:625)
11/20 19:19:17.772: [sbi] DEBUG: SENDING...[261] (../lib/sbi/client.c:401)
11/20 19:19:17.772: [sbi] DEBUG: {
	"nfStatusNotificationUri":	"http://127.0.0.4:7777/nnrf-nfm/v1/nf-status-notify",
	"reqNfInstanceId":	"4865a2ca-694b-41ed-8987-5f2e6919394a",
	"subscrCond":	{
		"nfType":	"AMF",
		"serviceName":	"namf-comm"
	},
	"reqNfType":	"SMF",
	"requesterFeatures":	"1"
} (../lib/sbi/client.c:403)
11/20 19:19:17.773: [sbi] DEBUG: [POST] http://[::1]:7777/nnrf-nfm/v1/subscriptions (../lib/sbi/client.c:625)
11/20 19:19:17.773: [sbi] DEBUG: SENDING...[272] (../lib/sbi/client.c:401)
11/20 19:19:17.773: [sbi] DEBUG: {
	"nfStatusNotificationUri":	"http://127.0.0.4:7777/nnrf-nfm/v1/nf-status-notify",
	"reqNfInstanceId":	"4865a2ca-694b-41ed-8987-5f2e6919394a",
	"subscrCond":	{
		"nfType":	"PCF",
		"serviceName":	"npcf-smpolicycontrol"
	},
	"reqNfType":	"SMF",
	"requesterFeatures":	"1"
} (../lib/sbi/client.c:403)
11/20 19:19:17.773: [sbi] DEBUG: [POST] http://[::1]:7777/nnrf-nfm/v1/subscriptions (../lib/sbi/client.c:625)
11/20 19:19:17.773: [sbi] DEBUG: SENDING...[260] (../lib/sbi/client.c:401)
11/20 19:19:17.773: [sbi] DEBUG: {
	"nfStatusNotificationUri":	"http://127.0.0.4:7777/nnrf-nfm/v1/nf-status-notify",
	"reqNfInstanceId":	"4865a2ca-694b-41ed-8987-5f2e6919394a",
	"subscrCond":	{
		"nfType":	"UDM",
		"serviceName":	"nudm-sdm"
	},
	"reqNfType":	"SMF",
	"requesterFeatures":	"1"
} (../lib/sbi/client.c:403)
11/20 19:19:17.773: [sbi] DEBUG: STREAM added [3] (../lib/sbi/nghttp2-server.c:1122)
11/20 19:19:17.773: [sbi] DEBUG: [POST] /nnrf-nfm/v1/subscriptions (../lib/sbi/nghttp2-server.c:801)
11/20 19:19:17.773: [sbi] DEBUG: RECEIVED: 261 (../lib/sbi/nghttp2-server.c:805)
11/20 19:19:17.773: [sbi] DEBUG: {
	"nfStatusNotificationUri":	"http://127.0.0.4:7777/nnrf-nfm/v1/nf-status-notify",
	"reqNfInstanceId":	"4865a2ca-694b-41ed-8987-5f2e6919394a",
	"subscrCond":	{
		"nfType":	"AMF",
		"serviceName":	"namf-comm"
	},
	"reqNfType":	"SMF",
	"requesterFeatures":	"1"
} (../lib/sbi/nghttp2-server.c:806)
11/20 19:19:17.773: [nrf] DEBUG: nrf_state_operational(): OGS_EVENT_NAME_SBI_SERVER (../src/nrf/nrf-sm.c:50)
11/20 19:19:17.773: [sock] DEBUG: addr:127.0.0.4, port:7777 (../lib/core/ogs-sockaddr.c:140)
11/20 19:19:17.773: [sbi] DEBUG: ogs_sbi_client_add() (../lib/sbi/client.c:112)
11/20 19:19:17.773: [sbi] DEBUG: [REF] 1 (../lib/sbi/client.c:113)
11/20 19:19:17.773: [nrf] DEBUG: [REF] 2 (../src/nrf/nnrf-handler.c:261)
11/20 19:19:17.773: [sbi] DEBUG: STATUS [201] (../lib/sbi/nghttp2-server.c:357)
11/20 19:19:17.773: [sbi] DEBUG: SENDING...: 376 (../lib/sbi/nghttp2-server.c:365)
11/20 19:19:17.773: [sbi] DEBUG: {
	"nfStatusNotificationUri":	"http://127.0.0.4:7777/nnrf-nfm/v1/nf-status-notify",
	"reqNfInstanceId":	"4865a2ca-694b-41ed-8987-5f2e6919394a",
	"subscrCond":	{
		"nfType":	"AMF",
		"serviceName":	"namf-comm"
	},
	"subscriptionId":	"48796c10-694b-41ed-a2f9-8f4c756402e9",
	"validityTime":	"2022-11-21T19:19:17.773523-08:00",
	"reqNfType":	"SMF",
	"nrfSupportedFeatures":	"1"
} (../lib/sbi/nghttp2-server.c:366)
11/20 19:19:17.773: [sbi] DEBUG: STREAM closed [3] (../lib/sbi/nghttp2-server.c:852)
0000: 00002001 04000000 03c1c0bf 0f0d0333   .. ............3
0010: 37360f1f 9362aaac 956aa5a5 8ee16116   76...b...j....a.
0020: c682586a d263d48f be                  ..Xj.c...
11/20 19:19:17.773: [sbi] DEBUG: [201:POST] http://[::1]:7777/nnrf-nfm/v1/subscriptions (../lib/sbi/client.c:573)
11/20 19:19:17.773: [sbi] DEBUG: RECEIVED[376] (../lib/sbi/client.c:584)
11/20 19:19:17.773: [sbi] DEBUG: {
	"nfStatusNotificationUri":	"http://127.0.0.4:7777/nnrf-nfm/v1/nf-status-notify",
	"reqNfInstanceId":	"4865a2ca-694b-41ed-8987-5f2e6919394a",
	"subscrCond":	{
		"nfType":	"AMF",
		"serviceName":	"namf-comm"
	},
	"subscriptionId":	"48796c10-694b-41ed-a2f9-8f4c756402e9",
	"validityTime":	"2022-11-21T19:19:17.773523-08:00",
	"reqNfType":	"SMF",
	"nrfSupportedFeatures":	"1"
} (../lib/sbi/client.c:586)
11/20 19:19:17.773: [smf] DEBUG: smf_state_operational(): OGS_EVENT_NAME_SBI_CLIENT (../src/smf/smf-sm.c:83)
0000: 00017800 01000000 037b0a09 226e6653   ..x......{.."nfS
0010: 74617475 734e6f74 69666963 6174696f   tatusNotificatio
0020: 6e557269 223a0922 68747470 3a2f2f31   nUri":."http://1
0030: 32372e30 2e302e34 3a373737 372f6e6e   27.0.0.4:7777/nn
0040: 72662d6e 666d2f76 312f6e66 2d737461   rf-nfm/v1/nf-sta
0050: 7475732d 6e6f7469 6679222c 0a092272   tus-notify",.."r
0060: 65714e66 496e7374 616e6365 4964223a   eqNfInstanceId":
0070: 09223438 36356132 63612d36 3934622d   ."4865a2ca-694b-
0080: 34316564 2d383938 372d3566 32653639   41ed-8987-5f2e69
0090: 31393339 3461222c 0a092273 75627363   19394a",.."subsc
00a0: 72436f6e 64223a09 7b0a0909 226e6654   rCond":.{..."nfT
00b0: 79706522 3a092241 4d46222c 0a090922   ype":."AMF",..."
00c0: 73657276 6963654e 616d6522 3a09226e   serviceName":."n
00d0: 616d662d 636f6d6d 220a097d 2c0a0922   amf-comm"..},.."
00e0: 73756273 63726970 74696f6e 4964223a   subscriptionId":
00f0: 09223438 37393663 31302d36 3934622d   ."48796c10-694b-
0100: 34316564 2d613266 392d3866 34633735   41ed-a2f9-8f4c75
0110: 36343032 6539222c 0a092276 616c6964   6402e9",.."valid
0120: 69747954 696d6522 3a092232 3032322d   ityTime":."2022-
0130: 31312d32 31543139 3a31393a 31372e37   11-21T19:19:17.7
0140: 37333532 332d3038 3a303022 2c0a0922   73523-08:00",.."
0150: 7265714e 66547970 65223a09 22534d46   reqNfType":."SMF
0160: 222c0a09 226e7266 53757070 6f727465   ",.."nrfSupporte
0170: 64466561 74757265 73223a09 2231220a   dFeatures":."1".
0180: 7d                                    }
11/20 19:19:17.774: [sbi] DEBUG: MAX_CONCURRENT_STREAMS = 100 (../lib/sbi/nghttp2-server.c:747)
11/20 19:19:17.774: [sbi] DEBUG: ENABLE_PUSH = false (../lib/sbi/nghttp2-server.c:749)
11/20 19:19:17.774: [sbi] DEBUG: STREAM added [1] (../lib/sbi/nghttp2-server.c:1122)
11/20 19:19:17.774: [sbi] DEBUG: [POST] /nnrf-nfm/v1/subscriptions (../lib/sbi/nghttp2-server.c:801)
11/20 19:19:17.774: [sbi] DEBUG: RECEIVED: 272 (../lib/sbi/nghttp2-server.c:805)
11/20 19:19:17.774: [sbi] DEBUG: {
	"nfStatusNotificationUri":	"http://127.0.0.4:7777/nnrf-nfm/v1/nf-status-notify",
	"reqNfInstanceId":	"4865a2ca-694b-41ed-8987-5f2e6919394a",
	"subscrCond":	{
		"nfType":	"PCF",
		"serviceName":	"npcf-smpolicycontrol"
	},
	"reqNfType":	"SMF",
	"requesterFeatures":	"1"
} (../lib/sbi/nghttp2-server.c:806)
0000: 00000604 00000000 00000300 04e200     ...............
11/20 19:19:17.774: [nrf] DEBUG: nrf_state_operational(): OGS_EVENT_NAME_SBI_SERVER (../src/nrf/nrf-sm.c:50)
11/20 19:19:17.774: [sock] DEBUG: addr:127.0.0.4, port:7777 (../lib/core/ogs-sockaddr.c:140)
11/20 19:19:17.774: [nrf] DEBUG: [REF] 3 (../src/nrf/nnrf-handler.c:261)
11/20 19:19:17.774: [sbi] DEBUG: STATUS [201] (../lib/sbi/nghttp2-server.c:357)
11/20 19:19:17.774: [sbi] DEBUG: SENDING...: 387 (../lib/sbi/nghttp2-server.c:365)
11/20 19:19:17.774: [sbi] DEBUG: {
	"nfStatusNotificationUri":	"http://127.0.0.4:7777/nnrf-nfm/v1/nf-status-notify",
	"reqNfInstanceId":	"4865a2ca-694b-41ed-8987-5f2e6919394a",
	"subscrCond":	{
		"nfType":	"PCF",
		"serviceName":	"npcf-smpolicycontrol"
	},
	"subscriptionId":	"48798bf0-694b-41ed-a2f9-8f4c756402e9",
	"validityTime":	"2022-11-21T19:19:17.774256-08:00",
	"reqNfType":	"SMF",
	"nrfSupportedFeatures":	"1"
} (../lib/sbi/nghttp2-server.c:366)
11/20 19:19:17.774: [sbi] DEBUG: STREAM closed [1] (../lib/sbi/nghttp2-server.c:852)
11/20 19:19:17.774: [sbi] DEBUG: MAX_CONCURRENT_STREAMS = 100 (../lib/sbi/nghttp2-server.c:747)
11/20 19:19:17.774: [sbi] DEBUG: ENABLE_PUSH = false (../lib/sbi/nghttp2-server.c:749)
0000: 00000004 01000000 00                  .........
11/20 19:19:17.774: [sbi] DEBUG: MAX_CONCURRENT_STREAMS = 100 (../lib/sbi/nghttp2-server.c:747)
11/20 19:19:17.774: [sbi] DEBUG: ENABLE_PUSH = false (../lib/sbi/nghttp2-server.c:749)
11/20 19:19:17.774: [sbi] DEBUG: STREAM added [1] (../lib/sbi/nghttp2-server.c:1122)
11/20 19:19:17.774: [sbi] DEBUG: [POST] /nnrf-nfm/v1/subscriptions (../lib/sbi/nghttp2-server.c:801)
11/20 19:19:17.774: [sbi] DEBUG: RECEIVED: 260 (../lib/sbi/nghttp2-server.c:805)
11/20 19:19:17.774: [sbi] DEBUG: {
	"nfStatusNotificationUri":	"http://127.0.0.4:7777/nnrf-nfm/v1/nf-status-notify",
	"reqNfInstanceId":	"4865a2ca-694b-41ed-8987-5f2e6919394a",
	"subscrCond":	{
		"nfType":	"UDM",
		"serviceName":	"nudm-sdm"
	},
	"reqNfType":	"SMF",
	"requesterFeatures":	"1"
} (../lib/sbi/nghttp2-server.c:806)
0000: 00000604 00000000 00000300 04e200     ...............
11/20 19:19:17.774: [nrf] DEBUG: nrf_state_operational(): OGS_EVENT_NAME_SBI_SERVER (../src/nrf/nrf-sm.c:50)
11/20 19:19:17.774: [sock] DEBUG: addr:127.0.0.4, port:7777 (../lib/core/ogs-sockaddr.c:140)
11/20 19:19:17.774: [nrf] DEBUG: [REF] 4 (../src/nrf/nnrf-handler.c:261)
11/20 19:19:17.774: [sbi] DEBUG: STATUS [201] (../lib/sbi/nghttp2-server.c:357)
11/20 19:19:17.774: [sbi] DEBUG: SENDING...: 375 (../lib/sbi/nghttp2-server.c:365)
11/20 19:19:17.774: [sbi] DEBUG: {
	"nfStatusNotificationUri":	"http://127.0.0.4:7777/nnrf-nfm/v1/nf-status-notify",
	"reqNfInstanceId":	"4865a2ca-694b-41ed-8987-5f2e6919394a",
	"subscrCond":	{
		"nfType":	"UDM",
		"serviceName":	"nudm-sdm"
	},
	"subscriptionId":	"48799eba-694b-41ed-a2f9-8f4c756402e9",
	"validityTime":	"2022-11-21T19:19:17.774736-08:00",
	"reqNfType":	"SMF",
	"nrfSupportedFeatures":	"1"
} (../lib/sbi/nghttp2-server.c:366)
11/20 19:19:17.774: [sbi] DEBUG: STREAM closed [1] (../lib/sbi/nghttp2-server.c:852)
0000: 00005201 04000000 01488210 03768bd5   ..R......H...v..
0010: 596a6f16 e53b8976 d76f6196 d07abe94   Yjo..;.v.oa..z..
0020: 1054d27e ea080212 8066e05f b81754c5   .T.~.....f._..T.
0030: a37f0f0d 03333837 0f1f9362 aaac956a   .....387...b...j
0040: a5a58ee1 6116c682 586ad263 d48f5f8b   ....a...Xj.c.._.
0050: 1d75d062 0d263d4c 7441ea              .u.b.&=LtA.
11/20 19:19:17.774: [sbi] DEBUG: MAX_CONCURRENT_STREAMS = 100 (../lib/sbi/nghttp2-server.c:747)
11/20 19:19:17.774: [sbi] DEBUG: ENABLE_PUSH = false (../lib/sbi/nghttp2-server.c:749)
0000: 00000004 01000000 00                  .........
11/20 19:19:17.775: [sbi] DEBUG: [201:POST] http://[::1]:7777/nnrf-nfm/v1/subscriptions (../lib/sbi/client.c:573)
11/20 19:19:17.775: [sbi] DEBUG: RECEIVED[387] (../lib/sbi/client.c:584)
11/20 19:19:17.775: [sbi] DEBUG: {
	"nfStatusNotificationUri":	"http://127.0.0.4:7777/nnrf-nfm/v1/nf-status-notify",
	"reqNfInstanceId":	"4865a2ca-694b-41ed-8987-5f2e6919394a",
	"subscrCond":	{
		"nfType":	"PCF",
		"serviceName":	"npcf-smpolicycontrol"
	},
	"subscriptionId":	"48798bf0-694b-41ed-a2f9-8f4c756402e9",
	"validityTime":	"2022-11-21T19:19:17.774256-08:00",
	"reqNfType":	"SMF",
	"nrfSupportedFeatures":	"1"
} (../lib/sbi/client.c:586)
11/20 19:19:17.775: [smf] DEBUG: smf_state_operational(): OGS_EVENT_NAME_SBI_CLIENT (../src/smf/smf-sm.c:83)
0000: 00018300 01000000 017b0a09 226e6653   .........{.."nfS
0010: 74617475 734e6f74 69666963 6174696f   tatusNotificatio
0020: 6e557269 223a0922 68747470 3a2f2f31   nUri":."http://1
0030: 32372e30 2e302e34 3a373737 372f6e6e   27.0.0.4:7777/nn
0040: 72662d6e 666d2f76 312f6e66 2d737461   rf-nfm/v1/nf-sta
0050: 7475732d 6e6f7469 6679222c 0a092272   tus-notify",.."r
0060: 65714e66 496e7374 616e6365 4964223a   eqNfInstanceId":
0070: 09223438 36356132 63612d36 3934622d   ."4865a2ca-694b-
0080: 34316564 2d383938 372d3566 32653639   41ed-8987-5f2e69
0090: 31393339 3461222c 0a092273 75627363   19394a",.."subsc
00a0: 72436f6e 64223a09 7b0a0909 226e6654   rCond":.{..."nfT
00b0: 79706522 3a092250 4346222c 0a090922   ype":."PCF",..."
00c0: 73657276 6963654e 616d6522 3a09226e   serviceName":."n
00d0: 7063662d 736d706f 6c696379 636f6e74   pcf-smpolicycont
00e0: 726f6c22 0a097d2c 0a092273 75627363   rol"..},.."subsc
00f0: 72697074 696f6e49 64223a09 22343837   riptionId":."487
0100: 39386266 302d3639 34622d34 3165642d   98bf0-694b-41ed-
0110: 61326639 2d386634 63373536 34303265   a2f9-8f4c756402e
0120: 39222c0a 09227661 6c696469 74795469   9",.."validityTi
0130: 6d65223a 09223230 32322d31 312d3231   me":."2022-11-21
0140: 5431393a 31393a31 372e3737 34323536   T19:19:17.774256
0150: 2d30383a 3030222c 0a092272 65714e66   -08:00",.."reqNf
0160: 54797065 223a0922 534d4622 2c0a0922   Type":."SMF",.."
0170: 6e726653 7570706f 72746564 46656174   nrfSupportedFeat
0180: 75726573 223a0922 31220a7d            ures":."1".}
0000: 00005201 04000000 01488210 03768bd5   ..R......H...v..
0010: 596a6f16 e53b8976 d76f6196 d07abe94   Yjo..;.v.oa..z..
0020: 1054d27e ea080212 8066e05f b81754c5   .T.~.....f._..T.
0030: a37f0f0d 03333735 0f1f9362 aaac956a   .....375...b...j
0040: a5a58ee1 6116c682 586ad263 d48f5f8b   ....a...Xj.c.._.
0050: 1d75d062 0d263d4c 7441ea              .u.b.&=LtA.
11/20 19:19:17.775: [sbi] DEBUG: [201:POST] http://[::1]:7777/nnrf-nfm/v1/subscriptions (../lib/sbi/client.c:573)
11/20 19:19:17.775: [sbi] DEBUG: RECEIVED[375] (../lib/sbi/client.c:584)
11/20 19:19:17.775: [sbi] DEBUG: {
	"nfStatusNotificationUri":	"http://127.0.0.4:7777/nnrf-nfm/v1/nf-status-notify",
	"reqNfInstanceId":	"4865a2ca-694b-41ed-8987-5f2e6919394a",
	"subscrCond":	{
		"nfType":	"UDM",
		"serviceName":	"nudm-sdm"
	},
	"subscriptionId":	"48799eba-694b-41ed-a2f9-8f4c756402e9",
	"validityTime":	"2022-11-21T19:19:17.774736-08:00",
	"reqNfType":	"SMF",
	"nrfSupportedFeatures":	"1"
} (../lib/sbi/client.c:586)
11/20 19:19:17.775: [smf] DEBUG: smf_state_operational(): OGS_EVENT_NAME_SBI_CLIENT (../src/smf/smf-sm.c:83)
0000: 00017700 01000000 017b0a09 226e6653   ..w......{.."nfS
0010: 74617475 734e6f74 69666963 6174696f   tatusNotificatio
0020: 6e557269 223a0922 68747470 3a2f2f31   nUri":."http://1
0030: 32372e30 2e302e34 3a373737 372f6e6e   27.0.0.4:7777/nn
0040: 72662d6e 666d2f76 312f6e66 2d737461   rf-nfm/v1/nf-sta
0050: 7475732d 6e6f7469 6679222c 0a092272   tus-notify",.."r
0060: 65714e66 496e7374 616e6365 4964223a   eqNfInstanceId":
0070: 09223438 36356132 63612d36 3934622d   ."4865a2ca-694b-
0080: 34316564 2d383938 372d3566 32653639   41ed-8987-5f2e69
0090: 31393339 3461222c 0a092273 75627363   19394a",.."subsc
00a0: 72436f6e 64223a09 7b0a0909 226e6654   rCond":.{..."nfT
00b0: 79706522 3a092255 444d222c 0a090922   ype":."UDM",..."
00c0: 73657276 6963654e 616d6522 3a09226e   serviceName":."n
00d0: 75646d2d 73646d22 0a097d2c 0a092273   udm-sdm"..},.."s
00e0: 75627363 72697074 696f6e49 64223a09   ubscriptionId":.
00f0: 22343837 39396562 612d3639 34622d34   "48799eba-694b-4
0100: 3165642d 61326639 2d386634 63373536   1ed-a2f9-8f4c756
0110: 34303265 39222c0a 09227661 6c696469   402e9",.."validi
0120: 74795469 6d65223a 09223230 32322d31   tyTime":."2022-1
0130: 312d3231 5431393a 31393a31 372e3737   1-21T19:19:17.77
0140: 34373336 2d30383a 3030222c 0a092272   4736-08:00",.."r
0150: 65714e66 54797065 223a0922 534d4622   eqNfType":."SMF"
0160: 2c0a0922 6e726653 7570706f 72746564   ,.."nrfSupported
0170: 46656174 75726573 223a0922 31220a7d   Features":."1".}
Open5GS daemon v2.5.5

11/20 19:19:17.781: [app] INFO: Configuration: '/home/test/build/configs/sample.yaml' (../lib/app/ogs-init.c:126)
11/20 19:19:17.781: [app] INFO: File Logging: '/home/test/test.log' (../lib/app/ogs-init.c:129)
11/20 19:19:17.781: [app] INFO: LOG-LEVEL: 'debug' (../lib/app/ogs-init.c:132)
11/20 19:19:17.820: [sock] DEBUG: addr:127.0.0.10, port:7777 (../lib/core/ogs-sockaddr.c:140)
11/20 19:19:17.820: [sock] DEBUG: addr:::1, port:7777 (../lib/core/ogs-sockaddr.c:140)
11/20 19:19:17.820: [sock] DEBUG: addr:127.0.0.20, port:7777 (../lib/core/ogs-sockaddr.c:140)
11/20 19:19:17.823: [dbi] INFO: MongoDB URI: 'mongodb://localhost/open5gs' (../lib/dbi/ogs-mongoc.c:130)
11/20 19:19:17.823: [sbi] DEBUG: ogs_sbi_nf_state_initial(): ENTRY (../lib/sbi/nf-sm.c:66)
11/20 19:19:17.823: [sbi] DEBUG: ogs_sbi_nf_state_registered(): ENTRY (../lib/sbi/nf-sm.c:204)
11/20 19:19:17.823: [sbi] INFO: NF Service [nudr-dr] (../lib/sbi/context.c:1401)
11/20 19:19:17.823: [sbi] DEBUG: ogs_sbi_nf_state_initial(): ENTRY (../lib/sbi/nf-sm.c:66)
11/20 19:19:17.823: [sbi] DEBUG: ogs_sbi_nf_state_will_register(): ENTRY (../lib/sbi/nf-sm.c:118)
11/20 19:19:17.823: [sbi] DEBUG: [PUT] http://[::1]:7777/nnrf-nfm/v1/nf-instances/48808946-694b-41ed-afd2-c34a6fd26e80 (../lib/sbi/client.c:625)
11/20 19:19:17.823: [sbi] DEBUG: SENDING...[741] (../lib/sbi/client.c:401)
11/20 19:19:17.823: [sbi] DEBUG: {
	"nfInstanceId":	"48808946-694b-41ed-afd2-c34a6fd26e80",
	"nfType":	"UDR",
	"nfStatus":	"REGISTERED",
	"ipv4Addresses":	["127.0.0.20"],
	"allowedNfTypes":	["PCF", "UDM", "SCP"],
	"priority":	0,
	"capacity":	100,
	"load":	0,
	"nfServiceList":	{
		"48810fa6-694b-41ed-afd2-c34a6fd26e80":	{
			"serviceInstanceId":	"48810fa6-694b-41ed-afd2-c34a6fd26e80",
			"serviceName":	"nudr-dr",
			"versions":	[{
					"apiVersionInUri":	"v1",
					"apiFullVersion":	"1.0.0"
				}],
			"scheme":	"http",
			"nfServiceStatus":	"REGISTERED",
			"ipEndPoints":	[{
					"ipv4Address":	"127.0.0.20",
					"port":	7777
				}],
			"allowedNfTypes":	["PCF", "UDM"],
			"priority":	0,
			"capacity":	100,
			"load":	0
		}
	},
	"nfProfileChangesSupportInd":	true
} (../lib/sbi/client.c:403)
11/20 19:19:17.823: [sock] DEBUG: socket create(2:1:6) (../lib/core/ogs-socket.c:92)
11/20 19:19:17.823: [sock] DEBUG: Turn on TCP_NODELAY (../lib/core/ogs-sockopt.c:139)
11/20 19:19:17.823: [sock] DEBUG: Turn on SO_REUSEADDR (../lib/core/ogs-sockopt.c:120)
11/20 19:19:17.823: [sock] DEBUG: socket bind 127.0.0.20:7777 (../lib/core/ogs-socket.c:117)
11/20 19:19:17.823: [sock] DEBUG: tcp_server() [127.0.0.20]:7777 (../lib/core/ogs-tcp.c:61)
11/20 19:19:17.823: [sbi] INFO: nghttp2_server() [127.0.0.20]:7777 (../lib/sbi/nghttp2-server.c:151)
11/20 19:19:17.823: [thread] DEBUG: [0x55cc861784a0] thread started (../lib/core/ogs-thread.c:101)
11/20 19:19:17.823: [app] INFO: UDR initialize...done (../src/udr/app.c:31)
11/20 19:19:17.823: [thread] DEBUG: [0x55cc861784a0] worker signal (../lib/core/ogs-thread.c:66)
11/20 19:19:17.824: [udr] DEBUG: udr_state_initial(): INIT (../src/udr/udr-sm.c:25)
11/20 19:19:17.824: [udr] DEBUG: udr_state_operational(): ENTRY (../src/udr/udr-sm.c:51)
0000: 00000604 00000000 00000300 04e200     ...............
11/20 19:19:17.825: [sbi] DEBUG: MAX_CONCURRENT_STREAMS = 100 (../lib/sbi/nghttp2-server.c:747)
11/20 19:19:17.825: [sbi] DEBUG: ENABLE_PUSH = false (../lib/sbi/nghttp2-server.c:749)
11/20 19:19:17.825: [sbi] DEBUG: STREAM added [1] (../lib/sbi/nghttp2-server.c:1122)
11/20 19:19:17.825: [sbi] DEBUG: MAX_CONCURRENT_STREAMS = 100 (../lib/sbi/nghttp2-server.c:747)
11/20 19:19:17.825: [sbi] DEBUG: ENABLE_PUSH = false (../lib/sbi/nghttp2-server.c:749)
11/20 19:19:17.825: [sbi] DEBUG: [PUT] /nnrf-nfm/v1/nf-instances/48808946-694b-41ed-afd2-c34a6fd26e80 (../lib/sbi/nghttp2-server.c:801)
11/20 19:19:17.825: [sbi] DEBUG: RECEIVED: 741 (../lib/sbi/nghttp2-server.c:805)
11/20 19:19:17.825: [sbi] DEBUG: {
	"nfInstanceId":	"48808946-694b-41ed-afd2-c34a6fd26e80",
	"nfType":	"UDR",
	"nfStatus":	"REGISTERED",
	"ipv4Addresses":	["127.0.0.20"],
	"allowedNfTypes":	["PCF", "UDM", "SCP"],
	"priority":	0,
	"capacity":	100,
	"load":	0,
	"nfServiceList":	{
		"48810fa6-694b-41ed-afd2-c34a6fd26e80":	{
			"serviceInstanceId":	"48810fa6-694b-41ed-afd2-c34a6fd26e80",
			"serviceName":	"nudr-dr",
			"versions":	[{
					"apiVersionInUri":	"v1",
					"apiFullVersion":	"1.0.0"
				}],
			"scheme":	"http",
			"nfServiceStatus":	"REGISTERED",
			"ipEndPoints":	[{
					"ipv4Address":	"127.0.0.20",
					"port":	7777
				}],
			"allowedNfTypes":	["PCF", "UDM"],
			"priority":	0,
			"capacity":	100,
			"load":	0
		}
	},
	"nfProfileChangesSupportInd":	true
} (../lib/sbi/nghttp2-server.c:806)
11/20 19:19:17.825: [nrf] DEBUG: nrf_state_operational(): OGS_EVENT_NAME_SBI_SERVER (../src/nrf/nrf-sm.c:50)
11/20 19:19:17.825: [sbi] DEBUG: ogs_sbi_nf_instance_add() (../lib/sbi/context.c:762)
11/20 19:19:17.825: [sbi] DEBUG: [REF] 1 (../lib/sbi/context.c:764)
11/20 19:19:17.825: [nrf] DEBUG: nrf_nf_state_initial(): ENTRY (../src/nrf/nf-sm.c:55)
11/20 19:19:17.825: [nrf] DEBUG: nrf_nf_state_will_register(): ENTRY (../src/nrf/nf-sm.c:93)
11/20 19:19:17.826: [nrf] DEBUG: nrf_nf_state_will_register(): OGS_EVENT_NAME_SBI_SERVER (../src/nrf/nf-sm.c:93)
11/20 19:19:17.826: [sock] DEBUG: addr:127.0.0.20, port:80 (../lib/core/ogs-sockaddr.c:140)
11/20 19:19:17.826: [sock] DEBUG: addr:127.0.0.20, port:7777 (../lib/core/ogs-sockaddr.c:140)
11/20 19:19:17.826: [sbi] DEBUG: STATUS [201] (../lib/sbi/nghttp2-server.c:357)
11/20 19:19:17.826: [sbi] DEBUG: SENDING...: 157 (../lib/sbi/nghttp2-server.c:365)
11/20 19:19:17.826: [sbi] DEBUG: {
	"nfInstanceId":	"48808946-694b-41ed-afd2-c34a6fd26e80",
	"nfType":	"UDR",
	"nfStatus":	"REGISTERED",
	"heartBeatTimer":	10,
	"nfProfileChangesInd":	true
} (../lib/sbi/nghttp2-server.c:366)
11/20 19:19:17.826: [sbi] DEBUG: STREAM closed [1] (../lib/sbi/nghttp2-server.c:852)
11/20 19:19:17.826: [nrf] DEBUG: nrf_nf_state_will_register(): EXIT (../src/nrf/nf-sm.c:93)
11/20 19:19:17.826: [nrf] DEBUG: nrf_nf_state_registered(): ENTRY (../src/nrf/nf-sm.c:183)
11/20 19:19:17.826: [nrf] INFO: [48808946-694b-41ed-afd2-c34a6fd26e80] NF registered [Heartbeat:10s] (../src/nrf/nf-sm.c:191)
11/20 19:19:17.826: [sbi] DEBUG: [POST] http://127.0.0.12:7777/nnrf-nfm/v1/nf-status-notify (../lib/sbi/client.c:625)
11/20 19:19:17.826: [sbi] DEBUG: SENDING...[946] (../lib/sbi/client.c:401)
11/20 19:19:17.826: [sbi] DEBUG: {
	"event":	"NF_REGISTERED",
	"nfInstanceUri":	"http://127.0.0.10:7777/nnrf-nfm/v1/nf-instances/48808946-694b-41ed-afd2-c34a6fd26e80",
	"nfProfile":	{
		"nfInstanceId":	"48808946-694b-41ed-afd2-c34a6fd26e80",
		"nfType":	"UDR",
		"nfStatus":	"REGISTERED",
		"heartBeatTimer":	10,
		"ipv4Addresses":	["127.0.0.20"],
		"allowedNfTypes":	["PCF", "UDM", "SCP"],
		"priority":	0,
		"capacity":	100,
		"load":	0,
		"nfServiceList":	{
			"48810fa6-694b-41ed-afd2-c34a6fd26e80":	{
				"serviceInstanceId":	"48810fa6-694b-41ed-afd2-c34a6fd26e80",
				"serviceName":	"nudr-dr",
				"versions":	[{
						"apiVersionInUri":	"v1",
						"apiFullVersion":	"1.0.0"
					}],
				"scheme":	"http",
				"nfServiceStatus":	"REGISTERED",
				"ipEndPoints":	[{
						"ipv4Address":	"127.0.0.20",
						"port":	7777
					}],
				"allowedNfTypes":	["PCF", "UDM"],
				"priority":	0,
				"capacity":	100,
				"load":	0
			}
		},
		"nfProfileChangesSupportInd":	true
	}
} (../lib/sbi/client.c:403)
11/20 19:19:17.826: [sbi] DEBUG: [POST] http://127.0.0.13:7777/nnrf-nfm/v1/nf-status-notify (../lib/sbi/client.c:625)
11/20 19:19:17.827: [sbi] DEBUG: SENDING...[946] (../lib/sbi/client.c:401)
11/20 19:19:17.827: [sbi] DEBUG: {
	"event":	"NF_REGISTERED",
	"nfInstanceUri":	"http://127.0.0.10:7777/nnrf-nfm/v1/nf-instances/48808946-694b-41ed-afd2-c34a6fd26e80",
	"nfProfile":	{
		"nfInstanceId":	"48808946-694b-41ed-afd2-c34a6fd26e80",
		"nfType":	"UDR",
		"nfStatus":	"REGISTERED",
		"heartBeatTimer":	10,
		"ipv4Addresses":	["127.0.0.20"],
		"allowedNfTypes":	["PCF", "UDM", "SCP"],
		"priority":	0,
		"capacity":	100,
		"load":	0,
		"nfServiceList":	{
			"48810fa6-694b-41ed-afd2-c34a6fd26e80":	{
				"serviceInstanceId":	"48810fa6-694b-41ed-afd2-c34a6fd26e80",
				"serviceName":	"nudr-dr",
				"versions":	[{
						"apiVersionInUri":	"v1",
						"apiFullVersion":	"1.0.0"
					}],
				"scheme":	"http",
				"nfServiceStatus":	"REGISTERED",
				"ipEndPoints":	[{
						"ipv4Address":	"127.0.0.20",
						"port":	7777
					}],
				"allowedNfTypes":	["PCF", "UDM"],
				"priority":	0,
				"capacity":	100,
				"load":	0
			}
		},
		"nfProfileChangesSupportInd":	true
	}
} (../lib/sbi/client.c:403)
0000: 00000004 01000000 00                  .........
11/20 19:19:17.827: [sbi] DEBUG: MAX_CONCURRENT_STREAMS = 100 (../lib/sbi/nghttp2-server.c:747)
11/20 19:19:17.827: [sbi] DEBUG: ENABLE_PUSH = false (../lib/sbi/nghttp2-server.c:749)
11/20 19:19:17.827: [sbi] DEBUG: STREAM added [1] (../lib/sbi/nghttp2-server.c:1122)
11/20 19:19:17.827: [sbi] DEBUG: STREAM added [3] (../lib/sbi/nghttp2-server.c:1122)
11/20 19:19:17.828: [sbi] DEBUG: [POST] /nnrf-nfm/v1/nf-status-notify (../lib/sbi/nghttp2-server.c:801)
11/20 19:19:17.828: [sbi] DEBUG: RECEIVED: 946 (../lib/sbi/nghttp2-server.c:805)
11/20 19:19:17.828: [sbi] DEBUG: [POST] /nnrf-nfm/v1/nf-status-notify (../lib/sbi/nghttp2-server.c:801)
11/20 19:19:17.828: [sbi] DEBUG: {
	"event":	"NF_REGISTERED",
	"nfInstanceUri":	"http://127.0.0.10:7777/nnrf-nfm/v1/nf-instances/48808946-694b-41ed-afd2-c34a6fd26e80",
	"nfProfile":	{
		"nfInstanceId":	"48808946-694b-41ed-afd2-c34a6fd26e80",
		"nfType":	"UDR",
		"nfStatus":	"REGISTERED",
		"heartBeatTimer":	10,
		"ipv4Addresses":	["127.0.0.20"],
		"allowedNfTypes":	["PCF", "UDM", "SCP"],
		"priority":	0,
		"capacity":	100,
		"load":	0,
		"nfServiceList":	{
			"48810fa6-694b-41ed-afd2-c34a6fd26e80":	{
				"serviceInstanceId":	"48810fa6-694b-41ed-afd2-c34a6fd26e80",
				"serviceName":	"nudr-dr",
				"versions":	[{
						"apiVersionInUri":	"v1",
						"apiFullVersion":	"1.0.0"
					}],
				"scheme":	"http",
				"nfServiceStatus":	"REGISTERED",
				"ipEndPoints":	[{
						"ipv4Address":	"127.0.0.20",
						"port":	7777
					}],
				"allowedNfTypes":	["PCF", "UDM"],
				"priority":	0,
				"capacity":	100,
				"load":	0
			}
		},
		"nfProfileChangesSupportInd":	true
	}
} (../lib/sbi/nghttp2-server.c:806)
11/20 19:19:17.828: [pcf] DEBUG: pcf_state_operational(): OGS_EVENT_NAME_SBI_SERVER (../src/pcf/pcf-sm.c:58)
11/20 19:19:17.828: [sbi] DEBUG: RECEIVED: 946 (../lib/sbi/nghttp2-server.c:805)
11/20 19:19:17.828: [sbi] DEBUG: {
	"event":	"NF_REGISTERED",
	"nfInstanceUri":	"http://127.0.0.10:7777/nnrf-nfm/v1/nf-instances/48808946-694b-41ed-afd2-c34a6fd26e80",
	"nfProfile":	{
		"nfInstanceId":	"48808946-694b-41ed-afd2-c34a6fd26e80",
		"nfType":	"UDR",
		"nfStatus":	"REGISTERED",
		"heartBeatTimer":	10,
		"ipv4Addresses":	["127.0.0.20"],
		"allowedNfTypes":	["PCF", "UDM", "SCP"],
		"priority":	0,
		"capacity":	100,
		"load":	0,
		"nfServiceList":	{
			"48810fa6-694b-41ed-afd2-c34a6fd26e80":	{
				"serviceInstanceId":	"48810fa6-694b-41ed-afd2-c34a6fd26e80",
				"serviceName":	"nudr-dr",
				"versions":	[{
						"apiVersionInUri":	"v1",
						"apiFullVersion":	"1.0.0"
					}],
				"scheme":	"http",
				"nfServiceStatus":	"REGISTERED",
				"ipEndPoints":	[{
						"ipv4Address":	"127.0.0.20",
						"port":	7777
					}],
				"allowedNfTypes":	["PCF", "UDM"],
				"priority":	0,
				"capacity":	100,
				"load":	0
			}
		},
		"nfProfileChangesSupportInd":	true
	}
} (../lib/sbi/nghttp2-server.c:806)
11/20 19:19:17.828: [sbi] DEBUG: ogs_sbi_nf_instance_add() (../lib/sbi/context.c:762)
11/20 19:19:17.828: [sbi] DEBUG: [REF] 1 (../lib/sbi/context.c:764)
11/20 19:19:17.828: [sbi] DEBUG: ogs_sbi_nf_state_initial(): ENTRY (../lib/sbi/nf-sm.c:66)
11/20 19:19:17.828: [sbi] DEBUG: ogs_sbi_nf_state_registered(): ENTRY (../lib/sbi/nf-sm.c:204)
11/20 19:19:17.828: [sbi] INFO: [48808946-694b-41ed-afd2-c34a6fd26e80] (NRF-notify) NF registered (../lib/sbi/nnrf-handler.c:622)
0000: 00000604 00000000 00000300 04e200     ...............
11/20 19:19:17.828: [sock] DEBUG: addr:127.0.0.20, port:80 (../lib/core/ogs-sockaddr.c:140)
11/20 19:19:17.828: [udm] DEBUG: udm_state_operational(): OGS_EVENT_NAME_SBI_SERVER (../src/udm/udm-sm.c:53)
11/20 19:19:17.828: [sock] DEBUG: addr:127.0.0.20, port:7777 (../lib/core/ogs-sockaddr.c:140)
11/20 19:19:17.828: [sbi] INFO: [48808946-694b-41ed-afd2-c34a6fd26e80] (NRF-notify) NF Profile updated (../lib/sbi/nnrf-handler.c:632)
0000: 00006c01 04000000 01488210 03768bd5   ..l......H...v..
0010: 596a6f16 e53b8976 d76f6196 d07abe94   Yjo..;.v.oa..z..
0020: 1054d27e ea080212 8066e05f b81754c5   .T.~.....f._..T.
0030: a37f0f0d 03313537 0f1fad62 aaac956a   .....157...b...j
0040: a5a58ee1 62a95635 4848ea21 50c34f3c   ....b.V5HH.!P.O<
0050: 079f69c5 9c7da8d6 68259161 cb209623   ..i..}..h%.a. .#
0060: 2d0dc964 1385781f 5f8b1d75 d0620d26   -..d..x._..u.b.&
0070: 3d4c7441 ea                           =LtA.
11/20 19:19:17.828: [sbi] DEBUG: ogs_sbi_client_add() (../lib/sbi/client.c:112)
11/20 19:19:17.828: [sbi] DEBUG: [REF] 1 (../lib/sbi/client.c:113)
11/20 19:19:17.828: [sbi] DEBUG: [REF] 2 (../lib/sbi/context.c:1570)
11/20 19:19:17.828: [sbi] DEBUG: ogs_sbi_client_add() (../lib/sbi/client.c:112)
11/20 19:19:17.828: [sbi] DEBUG: [REF] 1 (../lib/sbi/client.c:113)
11/20 19:19:17.828: [sbi] DEBUG: [REF] 2 (../lib/sbi/context.c:1482)
11/20 19:19:17.828: [sbi] DEBUG: STATUS [204] (../lib/sbi/nghttp2-server.c:357)
11/20 19:19:17.828: [sbi] DEBUG: STREAM closed [3] (../lib/sbi/nghttp2-server.c:852)
0000: 00000301 05000000 0389bfbe            ............
11/20 19:19:17.828: [sbi] DEBUG: ogs_sbi_nf_instance_add() (../lib/sbi/context.c:762)
11/20 19:19:17.828: [sbi] DEBUG: [REF] 1 (../lib/sbi/context.c:764)
11/20 19:19:17.828: [sbi] DEBUG: ogs_sbi_nf_state_initial(): ENTRY (../lib/sbi/nf-sm.c:66)
11/20 19:19:17.828: [sbi] DEBUG: ogs_sbi_nf_state_registered(): ENTRY (../lib/sbi/nf-sm.c:204)
11/20 19:19:17.828: [sbi] INFO: [48808946-694b-41ed-afd2-c34a6fd26e80] (NRF-notify) NF registered (../lib/sbi/nnrf-handler.c:622)
11/20 19:19:17.828: [sock] DEBUG: addr:127.0.0.20, port:80 (../lib/core/ogs-sockaddr.c:140)
11/20 19:19:17.828: [sock] DEBUG: addr:127.0.0.20, port:7777 (../lib/core/ogs-sockaddr.c:140)
0000: 00009d00 01000000 017b0a09 226e6649   .........{.."nfI
0010: 6e737461 6e636549 64223a09 22343838   nstanceId":."488
0020: 30383934 362d3639 34622d34 3165642d   08946-694b-41ed-
0030: 61666432 2d633334 61366664 32366538   afd2-c34a6fd26e8
0040: 30222c0a 09226e66 54797065 223a0922   0",.."nfType":."
0050: 55445222 2c0a0922 6e665374 61747573   UDR",.."nfStatus
0060: 223a0922 52454749 53544552 4544222c   ":."REGISTERED",
0070: 0a092268 65617274 42656174 54696d65   .."heartBeatTime
0080: 72223a09 31302c0a 09226e66 50726f66   r":.10,.."nfProf
0090: 696c6543 68616e67 6573496e 64223a09   ileChangesInd":.
00a0: 74727565 0a7d                         true.}
11/20 19:19:17.828: [sbi] INFO: [48808946-694b-41ed-afd2-c34a6fd26e80] (NRF-notify) NF Profile updated (../lib/sbi/nnrf-handler.c:632)
11/20 19:19:17.828: [sbi] DEBUG: ogs_sbi_client_add() (../lib/sbi/client.c:112)
11/20 19:19:17.828: [sbi] DEBUG: [REF] 1 (../lib/sbi/client.c:113)
11/20 19:19:17.828: [sbi] DEBUG: [204:POST] http://127.0.0.13:7777/nnrf-nfm/v1/nf-status-notify (../lib/sbi/client.c:573)
11/20 19:19:17.828: [sbi] DEBUG: [REF] 2 (../lib/sbi/context.c:1570)
11/20 19:19:17.828: [sbi] DEBUG: RECEIVED[0] (../lib/sbi/client.c:584)
11/20 19:19:17.828: [sbi] DEBUG: ogs_sbi_client_add() (../lib/sbi/client.c:112)
11/20 19:19:17.828: [sbi] DEBUG: [REF] 1 (../lib/sbi/client.c:113)
11/20 19:19:17.828: [sbi] DEBUG: [REF] 2 (../lib/sbi/context.c:1482)
11/20 19:19:17.828: [sbi] DEBUG: STATUS [204] (../lib/sbi/nghttp2-server.c:357)
11/20 19:19:17.828: [sbi] DEBUG: STREAM closed [1] (../lib/sbi/nghttp2-server.c:852)
11/20 19:19:17.829: [sbi] DEBUG: MAX_CONCURRENT_STREAMS = 100 (../lib/sbi/nghttp2-server.c:747)
11/20 19:19:17.829: [sbi] DEBUG: ENABLE_PUSH = false (../lib/sbi/nghttp2-server.c:749)
0000: 00000004 01000000 00                  .........
0000: 00002601 05000000 0189768b d5596a6f   ..&.......v..Yjo
0010: 16e53b89 76d76f61 96d07abe 941054d2   ..;.v.oa..z...T.
0020: 7eea0802 128066e0 5fb81754 c5a37f     ~.....f._..T...
11/20 19:19:17.829: [sbi] DEBUG: [204:POST] http://127.0.0.12:7777/nnrf-nfm/v1/nf-status-notify (../lib/sbi/client.c:573)
11/20 19:19:17.829: [sbi] DEBUG: RECEIVED[0] (../lib/sbi/client.c:584)
11/20 19:19:17.829: [sbi] DEBUG: [201:PUT] http://[::1]:7777/nnrf-nfm/v1/nf-instances/48808946-694b-41ed-afd2-c34a6fd26e80 (../lib/sbi/client.c:573)
11/20 19:19:17.829: [sbi] DEBUG: RECEIVED[157] (../lib/sbi/client.c:584)
11/20 19:19:17.829: [sbi] DEBUG: {
	"nfInstanceId":	"48808946-694b-41ed-afd2-c34a6fd26e80",
	"nfType":	"UDR",
	"nfStatus":	"REGISTERED",
	"heartBeatTimer":	10,
	"nfProfileChangesInd":	true
} (../lib/sbi/client.c:586)
11/20 19:19:17.829: [udr] DEBUG: udr_state_operational(): OGS_EVENT_NAME_SBI_CLIENT (../src/udr/udr-sm.c:51)
11/20 19:19:17.830: [sbi] DEBUG: ogs_sbi_nf_state_will_register(): OGS_EVENT_NAME_SBI_CLIENT (../lib/sbi/nf-sm.c:118)
11/20 19:19:17.830: [sbi] DEBUG: ogs_sbi_nf_state_will_register(): EXIT (../lib/sbi/nf-sm.c:118)
11/20 19:19:17.830: [sbi] DEBUG: ogs_sbi_nf_state_registered(): ENTRY (../lib/sbi/nf-sm.c:204)
11/20 19:19:17.830: [sbi] INFO: [48808946-694b-41ed-afd2-c34a6fd26e80] NF registered [Heartbeat:10s] (../lib/sbi/nf-sm.c:216)
11/20 19:19:18.327: [sock] DEBUG: addr:127.0.0.2, port:2152 (../lib/core/ogs-sockaddr.c:140)
11/20 19:19:18.327: [sock] DEBUG: addr:fd69:f21d:873c:fa::2, port:2152 (../lib/core/ogs-sockaddr.c:140)
11/20 19:19:18.327: [sock] DEBUG: addr:127.0.0.3, port:2152 (../lib/core/ogs-sockaddr.c:140)
11/20 19:19:18.327: [sock] DEBUG: addr:fd69:f21d:873c:fa::3, port:2152 (../lib/core/ogs-sockaddr.c:140)
11/20 19:19:18.327: [sock] DEBUG: addr:127.0.0.2, port:36412 (../lib/core/ogs-sockaddr.c:140)
11/20 19:19:18.327: [sock] DEBUG: addr:127.0.0.5, port:38412 (../lib/core/ogs-sockaddr.c:140)
11/20 19:19:18.327: [sock] DEBUG: addr:127.0.0.20, port:38412 (../lib/core/ogs-sockaddr.c:140)
11/20 19:19:18.327: [sock] DEBUG: addr:127.0.0.21, port:38412 (../lib/core/ogs-sockaddr.c:140)
11/20 19:19:18.327: [sock] DEBUG: addr:127.0.0.22, port:38412 (../lib/core/ogs-sockaddr.c:140)
11/20 19:19:18.327: [sock] DEBUG: addr:127.0.0.23, port:38412 (../lib/core/ogs-sockaddr.c:140)
11/20 19:19:18.327: [sock] DEBUG: addr:127.0.0.24, port:38412 (../lib/core/ogs-sockaddr.c:140)
11/20 19:19:18.327: [sock] DEBUG: addr:127.0.0.25, port:38412 (../lib/core/ogs-sockaddr.c:140)
11/20 19:19:18.327: [sock] DEBUG: addr:127.0.0.26, port:38412 (../lib/core/ogs-sockaddr.c:140)
11/20 19:19:18.327: [sock] DEBUG: addr:127.0.0.27, port:38412 (../lib/core/ogs-sockaddr.c:140)
11/20 19:19:18.327: [sock] DEBUG: addr:127.0.0.28, port:38412 (../lib/core/ogs-sockaddr.c:140)
11/20 19:19:18.327: [core] WARNING: unknown key `ngap` (../tests/common/context.c:548)
11/20 19:19:18.327: [core] WARNING: unknown key `guami` (../tests/common/context.c:548)
11/20 19:19:18.327: [core] WARNING: unknown key `security` (../tests/common/context.c:548)
11/20 19:19:18.327: [core] WARNING: unknown key `network_name` (../tests/common/context.c:548)
11/20 19:19:18.327: [core] WARNING: unknown key `amf_name` (../tests/common/context.c:548)
11/20 19:19:18.327: [thread] DEBUG: [0x56470442cd80] thread started (../lib/core/ogs-thread.c:101)
11/20 19:19:18.327: [thread] DEBUG: [0x56470442cd80] worker signal (../lib/core/ogs-thread.c:66)
11/20 19:19:18.327: [thread] DEBUG: [0x56470442cf90] thread started (../lib/core/ogs-thread.c:101)
11/20 19:19:18.327: [thread] DEBUG: [0x56470442cf90] worker signal (../lib/core/ogs-thread.c:66)
11/20 19:19:18.327: [thread] DEBUG: [0x56470442d1a0] worker signal (../lib/core/ogs-thread.c:66)
11/20 19:19:18.327: [thread] DEBUG: [0x56470442d1a0] thread started (../lib/core/ogs-thread.c:101)
11/20 19:19:19.627: [sbi] DEBUG: ogs_sbi_nf_state_initial(): ENTRY (../lib/sbi/nf-sm.c:66)
11/20 19:19:19.627: [sbi] DEBUG: ogs_sbi_nf_state_registered(): ENTRY (../lib/sbi/nf-sm.c:204)
11/20 19:19:19.627: [sbi] INFO: NF Service [namf-comm] (../lib/sbi/context.c:1401)
11/20 19:19:19.627: [sbi] DEBUG: ogs_sbi_nf_state_initial(): ENTRY (../lib/sbi/nf-sm.c:66)
11/20 19:19:19.627: [sbi] DEBUG: ogs_sbi_nf_state_will_register(): ENTRY (../lib/sbi/nf-sm.c:118)
11/20 19:19:19.627: [sbi] DEBUG: [PUT] http://[::1]:7777/nnrf-nfm/v1/nf-instances/4852b174-694b-41ed-8013-d76538520ad0 (../lib/sbi/client.c:625)
11/20 19:19:19.627: [sbi] DEBUG: SENDING...[996] (../lib/sbi/client.c:401)
11/20 19:19:19.627: [sbi] DEBUG: {
	"nfInstanceId":	"4852b174-694b-41ed-8013-d76538520ad0",
	"nfType":	"AMF",
	"nfStatus":	"REGISTERED",
	"ipv4Addresses":	["127.0.0.5"],
	"allowedNfTypes":	["SMF", "SCP"],
	"priority":	0,
	"capacity":	100,
	"load":	0,
	"amfInfo":	{
		"amfSetId":	"001",
		"amfRegionId":	"02",
		"guamiList":	[{
				"plmnId":	{
					"mcc":	"999",
					"mnc":	"70"
				},
				"amfId":	"020040"
			}],
		"taiList":	[{
				"plmnId":	{
					"mcc":	"999",
					"mnc":	"70"
				},
				"tac":	"000001"
			}]
	},
	"nfServiceList":	{
		"4994566e-694b-41ed-8013-d76538520ad0":	{
			"serviceInstanceId":	"4994566e-694b-41ed-8013-d76538520ad0",
			"serviceName":	"namf-comm",
			"versions":	[{
					"apiVersionInUri":	"v1",
					"apiFullVersion":	"1.0.0"
				}],
			"scheme":	"http",
			"nfServiceStatus":	"REGISTERED",
			"ipEndPoints":	[{
					"ipv4Address":	"127.0.0.5",
					"port":	7777
				}],
			"allowedNfTypes":	["SMF"],
			"priority":	0,
			"capacity":	100,
			"load":	0
		}
	},
	"nfProfileChangesSupportInd":	true
} (../lib/sbi/client.c:403)
11/20 19:19:19.627: [sock] DEBUG: socket create(2:1:6) (../lib/core/ogs-socket.c:92)
11/20 19:19:19.627: [sock] DEBUG: Turn on TCP_NODELAY (../lib/core/ogs-sockopt.c:139)
11/20 19:19:19.627: [sock] DEBUG: Turn on SO_REUSEADDR (../lib/core/ogs-sockopt.c:120)
11/20 19:19:19.627: [sock] DEBUG: socket bind 127.0.0.5:7777 (../lib/core/ogs-socket.c:117)
11/20 19:19:19.627: [sock] DEBUG: tcp_server() [127.0.0.5]:7777 (../lib/core/ogs-tcp.c:61)
11/20 19:19:19.627: [sbi] INFO: nghttp2_server() [127.0.0.5]:7777 (../lib/sbi/nghttp2-server.c:151)
11/20 19:19:19.627: [sock] DEBUG: socket create(2:1:132) (../lib/core/ogs-socket.c:92)
11/20 19:19:19.628: [sock] DEBUG: sizes of 'struct sctp_event_subscribe': compile-time 10, kernel: 13 (../lib/sctp/ogs-lksctp.c:320)
11/20 19:19:19.628: [sock] DEBUG: OLD spp_flags = 0x29 hbinter = 30000 pathmax = 5, sackdelay = 200 (../lib/sctp/ogs-lksctp.c:517)
11/20 19:19:19.628: [sock] DEBUG: sizes of 'struct sctp_paddrparams': compile-time 152, kernel: 156 (../lib/sctp/ogs-lksctp.c:447)
11/20 19:19:19.628: [sock] DEBUG: NEW spp_flags = 0x29 hbinter = 5000 pathmax = 5, sackdelay = 200 (../lib/sctp/ogs-lksctp.c:549)
11/20 19:19:19.628: [sock] DEBUG: OLD RTO (initial:3000 max:60000 min:1000) (../lib/sctp/ogs-lksctp.c:580)
11/20 19:19:19.628: [sock] DEBUG: New RTO (initial:3000 max:5000 min:1000) (../lib/sctp/ogs-lksctp.c:596)
11/20 19:19:19.628: [sock] DEBUG: Old INITMSG (numout:10 maxin:65535 maxattempt:8 maxinit_to:60000) (../lib/sctp/ogs-lksctp.c:623)
11/20 19:19:19.628: [sock] DEBUG: New INITMSG (numout:30 maxin:65535 maxattempt:4 maxinit_to:8000) (../lib/sctp/ogs-lksctp.c:641)
11/20 19:19:19.628: [sock] DEBUG: Turn on SCTP_NODELAY (../lib/sctp/ogs-lksctp.c:650)
11/20 19:19:19.628: [sock] DEBUG: Turn on SO_REUSEADDR (../lib/core/ogs-sockopt.c:120)
11/20 19:19:19.628: [sock] DEBUG: socket bind 127.0.0.5:38412 (../lib/core/ogs-socket.c:117)
11/20 19:19:19.628: [sock] DEBUG: sctp_server() [127.0.0.5]:38412 (../lib/sctp/ogs-lksctp.c:101)
11/20 19:19:19.628: [amf] INFO: ngap_server() [127.0.0.5]:38412 (../src/amf/ngap-sctp.c:62)
11/20 19:19:19.628: [sock] DEBUG: socket create(2:1:132) (../lib/core/ogs-socket.c:92)
11/20 19:19:19.628: [sock] DEBUG: OLD spp_flags = 0x29 hbinter = 30000 pathmax = 5, sackdelay = 200 (../lib/sctp/ogs-lksctp.c:517)
11/20 19:19:19.628: [sock] DEBUG: NEW spp_flags = 0x29 hbinter = 5000 pathmax = 5, sackdelay = 200 (../lib/sctp/ogs-lksctp.c:549)
11/20 19:19:19.628: [sock] DEBUG: OLD RTO (initial:3000 max:60000 min:1000) (../lib/sctp/ogs-lksctp.c:580)
11/20 19:19:19.628: [sock] DEBUG: New RTO (initial:3000 max:5000 min:1000) (../lib/sctp/ogs-lksctp.c:596)
11/20 19:19:19.628: [sock] DEBUG: Old INITMSG (numout:10 maxin:65535 maxattempt:8 maxinit_to:60000) (../lib/sctp/ogs-lksctp.c:623)
11/20 19:19:19.628: [sock] DEBUG: New INITMSG (numout:30 maxin:65535 maxattempt:4 maxinit_to:8000) (../lib/sctp/ogs-lksctp.c:641)
11/20 19:19:19.628: [sock] DEBUG: Turn on SCTP_NODELAY (../lib/sctp/ogs-lksctp.c:650)
11/20 19:19:19.628: [sock] DEBUG: Turn on SO_REUSEADDR (../lib/core/ogs-sockopt.c:120)
11/20 19:19:19.628: [sock] DEBUG: socket bind 127.0.0.20:38412 (../lib/core/ogs-socket.c:117)
11/20 19:19:19.628: [sock] DEBUG: sctp_server() [127.0.0.20]:38412 (../lib/sctp/ogs-lksctp.c:101)
11/20 19:19:19.628: [amf] INFO: ngap_server() [127.0.0.20]:38412 (../src/amf/ngap-sctp.c:62)
11/20 19:19:19.628: [sock] DEBUG: socket create(2:1:132) (../lib/core/ogs-socket.c:92)
11/20 19:19:19.628: [sock] DEBUG: OLD spp_flags = 0x29 hbinter = 30000 pathmax = 5, sackdelay = 200 (../lib/sctp/ogs-lksctp.c:517)
11/20 19:19:19.628: [sock] DEBUG: NEW spp_flags = 0x29 hbinter = 5000 pathmax = 5, sackdelay = 200 (../lib/sctp/ogs-lksctp.c:549)
11/20 19:19:19.628: [sock] DEBUG: OLD RTO (initial:3000 max:60000 min:1000) (../lib/sctp/ogs-lksctp.c:580)
11/20 19:19:19.628: [sock] DEBUG: New RTO (initial:3000 max:5000 min:1000) (../lib/sctp/ogs-lksctp.c:596)
11/20 19:19:19.628: [sock] DEBUG: Old INITMSG (numout:10 maxin:65535 maxattempt:8 maxinit_to:60000) (../lib/sctp/ogs-lksctp.c:623)
11/20 19:19:19.628: [sock] DEBUG: New INITMSG (numout:30 maxin:65535 maxattempt:4 maxinit_to:8000) (../lib/sctp/ogs-lksctp.c:641)
11/20 19:19:19.628: [sock] DEBUG: Turn on SCTP_NODELAY (../lib/sctp/ogs-lksctp.c:650)
11/20 19:19:19.628: [sock] DEBUG: Turn on SO_REUSEADDR (../lib/core/ogs-sockopt.c:120)
11/20 19:19:19.628: [sock] DEBUG: socket bind 127.0.0.21:38412 (../lib/core/ogs-socket.c:117)
11/20 19:19:19.628: [sock] DEBUG: sctp_server() [127.0.0.21]:38412 (../lib/sctp/ogs-lksctp.c:101)
11/20 19:19:19.628: [amf] INFO: ngap_server() [127.0.0.21]:38412 (../src/amf/ngap-sctp.c:62)
11/20 19:19:19.628: [sock] DEBUG: socket create(2:1:132) (../lib/core/ogs-socket.c:92)
11/20 19:19:19.628: [sock] DEBUG: OLD spp_flags = 0x29 hbinter = 30000 pathmax = 5, sackdelay = 200 (../lib/sctp/ogs-lksctp.c:517)
11/20 19:19:19.628: [sock] DEBUG: NEW spp_flags = 0x29 hbinter = 5000 pathmax = 5, sackdelay = 200 (../lib/sctp/ogs-lksctp.c:549)
11/20 19:19:19.628: [sock] DEBUG: OLD RTO (initial:3000 max:60000 min:1000) (../lib/sctp/ogs-lksctp.c:580)
11/20 19:19:19.628: [sock] DEBUG: New RTO (initial:3000 max:5000 min:1000) (../lib/sctp/ogs-lksctp.c:596)
11/20 19:19:19.628: [sock] DEBUG: Old INITMSG (numout:10 maxin:65535 maxattempt:8 maxinit_to:60000) (../lib/sctp/ogs-lksctp.c:623)
11/20 19:19:19.628: [sock] DEBUG: New INITMSG (numout:30 maxin:65535 maxattempt:4 maxinit_to:8000) (../lib/sctp/ogs-lksctp.c:641)
11/20 19:19:19.628: [sock] DEBUG: Turn on SCTP_NODELAY (../lib/sctp/ogs-lksctp.c:650)
11/20 19:19:19.628: [sock] DEBUG: Turn on SO_REUSEADDR (../lib/core/ogs-sockopt.c:120)
11/20 19:19:19.628: [sock] DEBUG: socket bind 127.0.0.22:38412 (../lib/core/ogs-socket.c:117)
11/20 19:19:19.628: [sock] DEBUG: sctp_server() [127.0.0.22]:38412 (../lib/sctp/ogs-lksctp.c:101)
11/20 19:19:19.628: [amf] INFO: ngap_server() [127.0.0.22]:38412 (../src/amf/ngap-sctp.c:62)
11/20 19:19:19.628: [sock] DEBUG: socket create(2:1:132) (../lib/core/ogs-socket.c:92)
11/20 19:19:19.628: [sock] DEBUG: OLD spp_flags = 0x29 hbinter = 30000 pathmax = 5, sackdelay = 200 (../lib/sctp/ogs-lksctp.c:517)
11/20 19:19:19.628: [sock] DEBUG: NEW spp_flags = 0x29 hbinter = 5000 pathmax = 5, sackdelay = 200 (../lib/sctp/ogs-lksctp.c:549)
11/20 19:19:19.628: [sock] DEBUG: OLD RTO (initial:3000 max:60000 min:1000) (../lib/sctp/ogs-lksctp.c:580)
11/20 19:19:19.628: [sock] DEBUG: New RTO (initial:3000 max:5000 min:1000) (../lib/sctp/ogs-lksctp.c:596)
11/20 19:19:19.628: [sock] DEBUG: Old INITMSG (numout:10 maxin:65535 maxattempt:8 maxinit_to:60000) (../lib/sctp/ogs-lksctp.c:623)
11/20 19:19:19.628: [sock] DEBUG: New INITMSG (numout:30 maxin:65535 maxattempt:4 maxinit_to:8000) (../lib/sctp/ogs-lksctp.c:641)
11/20 19:19:19.628: [sock] DEBUG: Turn on SCTP_NODELAY (../lib/sctp/ogs-lksctp.c:650)
11/20 19:19:19.628: [sock] DEBUG: Turn on SO_REUSEADDR (../lib/core/ogs-sockopt.c:120)
11/20 19:19:19.628: [sock] DEBUG: socket bind 127.0.0.23:38412 (../lib/core/ogs-socket.c:117)
11/20 19:19:19.628: [sock] DEBUG: sctp_server() [127.0.0.23]:38412 (../lib/sctp/ogs-lksctp.c:101)
11/20 19:19:19.628: [amf] INFO: ngap_server() [127.0.0.23]:38412 (../src/amf/ngap-sctp.c:62)
11/20 19:19:19.628: [sock] DEBUG: socket create(2:1:132) (../lib/core/ogs-socket.c:92)
11/20 19:19:19.628: [sock] DEBUG: OLD spp_flags = 0x29 hbinter = 30000 pathmax = 5, sackdelay = 200 (../lib/sctp/ogs-lksctp.c:517)
11/20 19:19:19.628: [sock] DEBUG: NEW spp_flags = 0x29 hbinter = 5000 pathmax = 5, sackdelay = 200 (../lib/sctp/ogs-lksctp.c:549)
11/20 19:19:19.628: [sock] DEBUG: OLD RTO (initial:3000 max:60000 min:1000) (../lib/sctp/ogs-lksctp.c:580)
11/20 19:19:19.628: [sock] DEBUG: New RTO (initial:3000 max:5000 min:1000) (../lib/sctp/ogs-lksctp.c:596)
11/20 19:19:19.628: [sock] DEBUG: Old INITMSG (numout:10 maxin:65535 maxattempt:8 maxinit_to:60000) (../lib/sctp/ogs-lksctp.c:623)
11/20 19:19:19.628: [sock] DEBUG: New INITMSG (numout:30 maxin:65535 maxattempt:4 maxinit_to:8000) (../lib/sctp/ogs-lksctp.c:641)
11/20 19:19:19.628: [sock] DEBUG: Turn on SCTP_NODELAY (../lib/sctp/ogs-lksctp.c:650)
11/20 19:19:19.628: [sock] DEBUG: Turn on SO_REUSEADDR (../lib/core/ogs-sockopt.c:120)
11/20 19:19:19.628: [sock] DEBUG: socket bind 127.0.0.24:38412 (../lib/core/ogs-socket.c:117)
11/20 19:19:19.628: [sock] DEBUG: sctp_server() [127.0.0.24]:38412 (../lib/sctp/ogs-lksctp.c:101)
11/20 19:19:19.628: [amf] INFO: ngap_server() [127.0.0.24]:38412 (../src/amf/ngap-sctp.c:62)
11/20 19:19:19.628: [sock] DEBUG: socket create(2:1:132) (../lib/core/ogs-socket.c:92)
11/20 19:19:19.628: [sock] DEBUG: OLD spp_flags = 0x29 hbinter = 30000 pathmax = 5, sackdelay = 200 (../lib/sctp/ogs-lksctp.c:517)
11/20 19:19:19.628: [sock] DEBUG: NEW spp_flags = 0x29 hbinter = 5000 pathmax = 5, sackdelay = 200 (../lib/sctp/ogs-lksctp.c:549)
11/20 19:19:19.628: [sock] DEBUG: OLD RTO (initial:3000 max:60000 min:1000) (../lib/sctp/ogs-lksctp.c:580)
11/20 19:19:19.628: [sock] DEBUG: New RTO (initial:3000 max:5000 min:1000) (../lib/sctp/ogs-lksctp.c:596)
11/20 19:19:19.628: [sock] DEBUG: Old INITMSG (numout:10 maxin:65535 maxattempt:8 maxinit_to:60000) (../lib/sctp/ogs-lksctp.c:623)
11/20 19:19:19.628: [sock] DEBUG: New INITMSG (numout:30 maxin:65535 maxattempt:4 maxinit_to:8000) (../lib/sctp/ogs-lksctp.c:641)
11/20 19:19:19.628: [sock] DEBUG: Turn on SCTP_NODELAY (../lib/sctp/ogs-lksctp.c:650)
11/20 19:19:19.628: [sock] DEBUG: Turn on SO_REUSEADDR (../lib/core/ogs-sockopt.c:120)
11/20 19:19:19.628: [sock] DEBUG: socket bind 127.0.0.25:38412 (../lib/core/ogs-socket.c:117)
11/20 19:19:19.628: [sock] DEBUG: sctp_server() [127.0.0.25]:38412 (../lib/sctp/ogs-lksctp.c:101)
11/20 19:19:19.628: [amf] INFO: ngap_server() [127.0.0.25]:38412 (../src/amf/ngap-sctp.c:62)
11/20 19:19:19.628: [sock] DEBUG: socket create(2:1:132) (../lib/core/ogs-socket.c:92)
11/20 19:19:19.628: [sock] DEBUG: OLD spp_flags = 0x29 hbinter = 30000 pathmax = 5, sackdelay = 200 (../lib/sctp/ogs-lksctp.c:517)
11/20 19:19:19.628: [sock] DEBUG: NEW spp_flags = 0x29 hbinter = 5000 pathmax = 5, sackdelay = 200 (../lib/sctp/ogs-lksctp.c:549)
11/20 19:19:19.628: [sock] DEBUG: OLD RTO (initial:3000 max:60000 min:1000) (../lib/sctp/ogs-lksctp.c:580)
11/20 19:19:19.628: [sock] DEBUG: New RTO (initial:3000 max:5000 min:1000) (../lib/sctp/ogs-lksctp.c:596)
11/20 19:19:19.628: [sock] DEBUG: Old INITMSG (numout:10 maxin:65535 maxattempt:8 maxinit_to:60000) (../lib/sctp/ogs-lksctp.c:623)
11/20 19:19:19.628: [sock] DEBUG: New INITMSG (numout:30 maxin:65535 maxattempt:4 maxinit_to:8000) (../lib/sctp/ogs-lksctp.c:641)
11/20 19:19:19.628: [sock] DEBUG: Turn on SCTP_NODELAY (../lib/sctp/ogs-lksctp.c:650)
11/20 19:19:19.628: [sock] DEBUG: Turn on SO_REUSEADDR (../lib/core/ogs-sockopt.c:120)
11/20 19:19:19.628: [sock] DEBUG: socket bind 127.0.0.26:38412 (../lib/core/ogs-socket.c:117)
11/20 19:19:19.628: [sock] DEBUG: sctp_server() [127.0.0.26]:38412 (../lib/sctp/ogs-lksctp.c:101)
11/20 19:19:19.628: [amf] INFO: ngap_server() [127.0.0.26]:38412 (../src/amf/ngap-sctp.c:62)
11/20 19:19:19.628: [sock] DEBUG: socket create(2:1:132) (../lib/core/ogs-socket.c:92)
11/20 19:19:19.628: [sock] DEBUG: OLD spp_flags = 0x29 hbinter = 30000 pathmax = 5, sackdelay = 200 (../lib/sctp/ogs-lksctp.c:517)
11/20 19:19:19.628: [sock] DEBUG: NEW spp_flags = 0x29 hbinter = 5000 pathmax = 5, sackdelay = 200 (../lib/sctp/ogs-lksctp.c:549)
11/20 19:19:19.628: [sock] DEBUG: OLD RTO (initial:3000 max:60000 min:1000) (../lib/sctp/ogs-lksctp.c:580)
11/20 19:19:19.628: [sock] DEBUG: New RTO (initial:3000 max:5000 min:1000) (../lib/sctp/ogs-lksctp.c:596)
11/20 19:19:19.628: [sock] DEBUG: Old INITMSG (numout:10 maxin:65535 maxattempt:8 maxinit_to:60000) (../lib/sctp/ogs-lksctp.c:623)
11/20 19:19:19.628: [sock] DEBUG: New INITMSG (numout:30 maxin:65535 maxattempt:4 maxinit_to:8000) (../lib/sctp/ogs-lksctp.c:641)
11/20 19:19:19.628: [sock] DEBUG: Turn on SCTP_NODELAY (../lib/sctp/ogs-lksctp.c:650)
11/20 19:19:19.628: [sock] DEBUG: Turn on SO_REUSEADDR (../lib/core/ogs-sockopt.c:120)
11/20 19:19:19.628: [sock] DEBUG: socket bind 127.0.0.27:38412 (../lib/core/ogs-socket.c:117)
11/20 19:19:19.628: [sock] DEBUG: sctp_server() [127.0.0.27]:38412 (../lib/sctp/ogs-lksctp.c:101)
11/20 19:19:19.628: [amf] INFO: ngap_server() [127.0.0.27]:38412 (../src/amf/ngap-sctp.c:62)
11/20 19:19:19.628: [sock] DEBUG: socket create(2:1:132) (../lib/core/ogs-socket.c:92)
11/20 19:19:19.628: [sock] DEBUG: OLD spp_flags = 0x29 hbinter = 30000 pathmax = 5, sackdelay = 200 (../lib/sctp/ogs-lksctp.c:517)
11/20 19:19:19.628: [sock] DEBUG: NEW spp_flags = 0x29 hbinter = 5000 pathmax = 5, sackdelay = 200 (../lib/sctp/ogs-lksctp.c:549)
11/20 19:19:19.628: [sock] DEBUG: OLD RTO (initial:3000 max:60000 min:1000) (../lib/sctp/ogs-lksctp.c:580)
11/20 19:19:19.628: [sock] DEBUG: New RTO (initial:3000 max:5000 min:1000) (../lib/sctp/ogs-lksctp.c:596)
11/20 19:19:19.628: [sock] DEBUG: Old INITMSG (numout:10 maxin:65535 maxattempt:8 maxinit_to:60000) (../lib/sctp/ogs-lksctp.c:623)
11/20 19:19:19.628: [sock] DEBUG: New INITMSG (numout:30 maxin:65535 maxattempt:4 maxinit_to:8000) (../lib/sctp/ogs-lksctp.c:641)
11/20 19:19:19.628: [sock] DEBUG: Turn on SCTP_NODELAY (../lib/sctp/ogs-lksctp.c:650)
11/20 19:19:19.628: [sock] DEBUG: Turn on SO_REUSEADDR (../lib/core/ogs-sockopt.c:120)
11/20 19:19:19.628: [sock] DEBUG: socket bind 127.0.0.28:38412 (../lib/core/ogs-socket.c:117)
11/20 19:19:19.628: [sock] DEBUG: sctp_server() [127.0.0.28]:38412 (../lib/sctp/ogs-lksctp.c:101)
11/20 19:19:19.628: [amf] INFO: ngap_server() [127.0.0.28]:38412 (../src/amf/ngap-sctp.c:62)
11/20 19:19:19.628: [thread] DEBUG: [0x55db305b0000] thread started (../lib/core/ogs-thread.c:101)
11/20 19:19:19.628: [sctp] INFO: AMF initialize...done (../src/amf/app.c:33)
11/20 19:19:19.628: [thread] DEBUG: [0x55db305b0000] worker signal (../lib/core/ogs-thread.c:66)
11/20 19:19:19.628: [amf] DEBUG: amf_state_initial(): INIT (../src/amf/amf-sm.c:32)
11/20 19:19:19.628: [amf] DEBUG: amf_state_operational(): ENTRY (../src/amf/amf-sm.c:78)
11/20 19:19:19.629: [sbi] DEBUG: MAX_CONCURRENT_STREAMS = 100 (../lib/sbi/nghttp2-server.c:747)
11/20 19:19:19.629: [sbi] DEBUG: ENABLE_PUSH = false (../lib/sbi/nghttp2-server.c:749)
11/20 19:19:19.629: [sbi] DEBUG: STREAM added [1] (../lib/sbi/nghttp2-server.c:1122)
11/20 19:19:19.629: [sbi] DEBUG: [PUT] /nnrf-nfm/v1/nf-instances/4852b174-694b-41ed-8013-d76538520ad0 (../lib/sbi/nghttp2-server.c:801)
11/20 19:19:19.629: [sbi] DEBUG: RECEIVED: 996 (../lib/sbi/nghttp2-server.c:805)
11/20 19:19:19.629: [sbi] DEBUG: {
	"nfInstanceId":	"4852b174-694b-41ed-8013-d76538520ad0",
	"nfType":	"AMF",
	"nfStatus":	"REGISTERED",
	"ipv4Addresses":	["127.0.0.5"],
	"allowedNfTypes":	["SMF", "SCP"],
	"priority":	0,
	"capacity":	100,
	"load":	0,
	"amfInfo":	{
		"amfSetId":	"001",
		"amfRegionId":	"02",
		"guamiList":	[{
				"plmnId":	{
					"mcc":	"999",
					"mnc":	"70"
				},
				"amfId":	"020040"
			}],
		"taiList":	[{
				"plmnId":	{
					"mcc":	"999",
					"mnc":	"70"
				},
				"tac":	"000001"
			}]
	},
	"nfServiceList":	{
		"4994566e-694b-41ed-8013-d76538520ad0":	{
			"serviceInstanceId":	"4994566e-694b-41ed-8013-d76538520ad0",
			"serviceName":	"namf-comm",
			"versions":	[{
					"apiVersionInUri":	"v1",
					"apiFullVersion":	"1.0.0"
				}],
			"scheme":	"http",
			"nfServiceStatus":	"REGISTERED",
			"ipEndPoints":	[{
					"ipv4Address":	"127.0.0.5",
					"port":	7777
				}],
			"allowedNfTypes":	["SMF"],
			"priority":	0,
			"capacity":	100,
			"load":	0
		}
	},
	"nfProfileChangesSupportInd":	true
} (../lib/sbi/nghttp2-server.c:806)
0000: 00000604 00000000 00000300 04e200     ...............
11/20 19:19:19.629: [nrf] DEBUG: nrf_state_operational(): OGS_EVENT_NAME_SBI_SERVER (../src/nrf/nrf-sm.c:50)
11/20 19:19:19.629: [sbi] DEBUG: ogs_sbi_nf_instance_add() (../lib/sbi/context.c:762)
11/20 19:19:19.629: [sbi] DEBUG: [REF] 1 (../lib/sbi/context.c:764)
11/20 19:19:19.629: [nrf] DEBUG: nrf_nf_state_initial(): ENTRY (../src/nrf/nf-sm.c:55)
11/20 19:19:19.629: [nrf] DEBUG: nrf_nf_state_will_register(): ENTRY (../src/nrf/nf-sm.c:93)
11/20 19:19:19.629: [nrf] DEBUG: nrf_nf_state_will_register(): OGS_EVENT_NAME_SBI_SERVER (../src/nrf/nf-sm.c:93)
11/20 19:19:19.629: [sock] DEBUG: addr:127.0.0.5, port:80 (../lib/core/ogs-sockaddr.c:140)
11/20 19:19:19.629: [sock] DEBUG: addr:127.0.0.5, port:7777 (../lib/core/ogs-sockaddr.c:140)
11/20 19:19:19.629: [sbi] DEBUG: STATUS [201] (../lib/sbi/nghttp2-server.c:357)
11/20 19:19:19.629: [sbi] DEBUG: SENDING...: 157 (../lib/sbi/nghttp2-server.c:365)
11/20 19:19:19.629: [sbi] DEBUG: {
	"nfInstanceId":	"4852b174-694b-41ed-8013-d76538520ad0",
	"nfType":	"AMF",
	"nfStatus":	"REGISTERED",
	"heartBeatTimer":	10,
	"nfProfileChangesInd":	true
} (../lib/sbi/nghttp2-server.c:366)
11/20 19:19:19.629: [sbi] DEBUG: STREAM closed [1] (../lib/sbi/nghttp2-server.c:852)
11/20 19:19:19.629: [nrf] DEBUG: nrf_nf_state_will_register(): EXIT (../src/nrf/nf-sm.c:93)
11/20 19:19:19.629: [nrf] DEBUG: nrf_nf_state_registered(): ENTRY (../src/nrf/nf-sm.c:183)
11/20 19:19:19.629: [nrf] INFO: [4852b174-694b-41ed-8013-d76538520ad0] NF registered [Heartbeat:10s] (../src/nrf/nf-sm.c:191)
11/20 19:19:19.629: [sbi] DEBUG: [POST] http://127.0.0.4:7777/nnrf-nfm/v1/nf-status-notify (../lib/sbi/client.c:625)
11/20 19:19:19.629: [sbi] DEBUG: SENDING...[932] (../lib/sbi/client.c:401)
11/20 19:19:19.629: [sbi] DEBUG: {
	"event":	"NF_REGISTERED",
	"nfInstanceUri":	"http://127.0.0.10:7777/nnrf-nfm/v1/nf-instances/4852b174-694b-41ed-8013-d76538520ad0",
	"nfProfile":	{
		"nfInstanceId":	"4852b174-694b-41ed-8013-d76538520ad0",
		"nfType":	"AMF",
		"nfStatus":	"REGISTERED",
		"heartBeatTimer":	10,
		"ipv4Addresses":	["127.0.0.5"],
		"allowedNfTypes":	["SMF", "SCP"],
		"priority":	0,
		"capacity":	100,
		"load":	0,
		"nfServiceList":	{
			"4994566e-694b-41ed-8013-d76538520ad0":	{
				"serviceInstanceId":	"4994566e-694b-41ed-8013-d76538520ad0",
				"serviceName":	"namf-comm",
				"versions":	[{
						"apiVersionInUri":	"v1",
						"apiFullVersion":	"1.0.0"
					}],
				"scheme":	"http",
				"nfServiceStatus":	"REGISTERED",
				"ipEndPoints":	[{
						"ipv4Address":	"127.0.0.5",
						"port":	7777
					}],
				"allowedNfTypes":	["SMF"],
				"priority":	0,
				"capacity":	100,
				"load":	0
			}
		},
		"nfProfileChangesSupportInd":	true
	}
} (../lib/sbi/client.c:403)
11/20 19:19:19.629: [sbi] DEBUG: MAX_CONCURRENT_STREAMS = 100 (../lib/sbi/nghttp2-server.c:747)
11/20 19:19:19.629: [sbi] DEBUG: ENABLE_PUSH = false (../lib/sbi/nghttp2-server.c:749)
0000: 00000004 01000000 00                  .........
0000: 00006c01 04000000 01488210 03768bd5   ..l......H...v..
0010: 596a6f16 e53b8976 d76f6196 d07abe94   Yjo..;.v.oa..z..
0020: 1054d27e ea080212 8066e05f b817d4c5   .T.~.....f._....
0030: a37f0f0d 03313537 0f1fad62 aaac956a   .....157...b...j
0040: a5a58ee1 62a95635 4848ea21 50c34f36   ....b.V5HH.!P.O6
0050: 28c2eb4b 38fb51ac d04b22cf 002cad23   (..K8.Q..K"..,.#
0060: ae36cbcd 8803901f 5f8b1d75 d0620d26   .6......_..u.b.&
0070: 3d4c7441 ea                           =LtA.
11/20 19:19:19.630: [sbi] DEBUG: MAX_CONCURRENT_STREAMS = 100 (../lib/sbi/nghttp2-server.c:747)
11/20 19:19:19.630: [sbi] DEBUG: ENABLE_PUSH = false (../lib/sbi/nghttp2-server.c:749)
11/20 19:19:19.630: [sbi] DEBUG: [201:PUT] http://[::1]:7777/nnrf-nfm/v1/nf-instances/4852b174-694b-41ed-8013-d76538520ad0 (../lib/sbi/client.c:573)
0000: 00009d00 01000000 017b0a09 226e6649   .........{.."nfI
0010: 6e737461 6e636549 64223a09 22343835   nstanceId":."485
0020: 32623137 342d3639 34622d34 3165642d   2b174-694b-41ed-
0030: 38303133 2d643736 35333835 32306164   8013-d76538520ad
0040: 30222c0a 09226e66 54797065 223a0922   0",.."nfType":."
0050: 414d4622 2c0a0922 6e665374 61747573   AMF",.."nfStatus
0060: 223a0922 52454749 53544552 4544222c   ":."REGISTERED",
0070: 0a092268 65617274 42656174 54696d65   .."heartBeatTime
0080: 72223a09 31302c0a 09226e66 50726f66   r":.10,.."nfProf
0090: 696c6543 68616e67 6573496e 64223a09   ileChangesInd":.
00a0: 74727565 0a7d                         true.}
11/20 19:19:19.630: [sbi] DEBUG: RECEIVED[157] (../lib/sbi/client.c:584)
11/20 19:19:19.630: [sbi] DEBUG: STREAM added [1] (../lib/sbi/nghttp2-server.c:1122)
11/20 19:19:19.630: [sbi] DEBUG: {
	"nfInstanceId":	"4852b174-694b-41ed-8013-d76538520ad0",
	"nfType":	"AMF",
	"nfStatus":	"REGISTERED",
	"heartBeatTimer":	10,
	"nfProfileChangesInd":	true
} (../lib/sbi/client.c:586)
11/20 19:19:19.630: [amf] DEBUG: amf_state_operational(): OGS_EVENT_NAME_SBI_CLIENT (../src/amf/amf-sm.c:78)
11/20 19:19:19.630: [sbi] DEBUG: [POST] /nnrf-nfm/v1/nf-status-notify (../lib/sbi/nghttp2-server.c:801)
11/20 19:19:19.630: [sbi] DEBUG: RECEIVED: 932 (../lib/sbi/nghttp2-server.c:805)
11/20 19:19:19.630: [sbi] DEBUG: ogs_sbi_nf_state_will_register(): OGS_EVENT_NAME_SBI_CLIENT (../lib/sbi/nf-sm.c:118)
11/20 19:19:19.630: [sbi] DEBUG: {
	"event":	"NF_REGISTERED",
	"nfInstanceUri":	"http://127.0.0.10:7777/nnrf-nfm/v1/nf-instances/4852b174-694b-41ed-8013-d76538520ad0",
	"nfProfile":	{
		"nfInstanceId":	"4852b174-694b-41ed-8013-d76538520ad0",
		"nfType":	"AMF",
		"nfStatus":	"REGISTERED",
		"heartBeatTimer":	10,
		"ipv4Addresses":	["127.0.0.5"],
		"allowedNfTypes":	["SMF", "SCP"],
		"priority":	0,
		"capacity":	100,
		"load":	0,
		"nfServiceList":	{
			"4994566e-694b-41ed-8013-d76538520ad0":	{
				"serviceInstanceId":	"4994566e-694b-41ed-8013-d76538520ad0",
				"serviceName":	"namf-comm",
				"versions":	[{
						"apiVersionInUri":	"v1",
						"apiFullVersion":	"1.0.0"
					}],
				"scheme":	"http",
				"nfServiceStatus":	"REGISTERED",
				"ipEndPoints":	[{
						"ipv4Address":	"127.0.0.5",
						"port":	7777
					}],
				"allowedNfTypes":	["SMF"],
				"priority":	0,
				"capacity":	100,
				"load":	0
			}
		},
		"nfProfileChangesSupportInd":	true
	}
} (../lib/sbi/nghttp2-server.c:806)
11/20 19:19:19.630: [sbi] DEBUG: ogs_sbi_nf_state_will_register(): EXIT (../lib/sbi/nf-sm.c:118)
0000: 00000604 00000000 00000300 04e200     ...............
11/20 19:19:19.630: [smf] DEBUG: smf_state_operational(): OGS_EVENT_NAME_SBI_SERVER (../src/smf/smf-sm.c:83)
11/20 19:19:19.630: [sbi] DEBUG: ogs_sbi_nf_state_registered(): ENTRY (../lib/sbi/nf-sm.c:204)
11/20 19:19:19.630: [sbi] INFO: [4852b174-694b-41ed-8013-d76538520ad0] NF registered [Heartbeat:10s] (../lib/sbi/nf-sm.c:216)
11/20 19:19:19.630: [sbi] DEBUG: [POST] http://[::1]:7777/nnrf-nfm/v1/subscriptions (../lib/sbi/client.c:625)
11/20 19:19:19.630: [sbi] DEBUG: SENDING...[263] (../lib/sbi/client.c:401)
11/20 19:19:19.630: [sbi] DEBUG: {
	"nfStatusNotificationUri":	"http://127.0.0.5:7777/nnrf-nfm/v1/nf-status-notify",
	"reqNfInstanceId":	"4852b174-694b-41ed-8013-d76538520ad0",
	"subscrCond":	{
		"nfType":	"AUSF",
		"serviceName":	"nausf-auth"
	},
	"reqNfType":	"AMF",
	"requesterFeatures":	"1"
} (../lib/sbi/client.c:403)
11/20 19:19:19.631: [sbi] DEBUG: [POST] http://[::1]:7777/nnrf-nfm/v1/subscriptions (../lib/sbi/client.c:625)
11/20 19:19:19.631: [sbi] DEBUG: SENDING...[261] (../lib/sbi/client.c:401)
11/20 19:19:19.631: [sbi] DEBUG: {
	"nfStatusNotificationUri":	"http://127.0.0.5:7777/nnrf-nfm/v1/nf-status-notify",
	"reqNfInstanceId":	"4852b174-694b-41ed-8013-d76538520ad0",
	"subscrCond":	{
		"nfType":	"UDM",
		"serviceName":	"nudm-uecm"
	},
	"reqNfType":	"AMF",
	"requesterFeatures":	"1"
} (../lib/sbi/client.c:403)
11/20 19:19:19.631: [sbi] DEBUG: [POST] http://[::1]:7777/nnrf-nfm/v1/subscriptions (../lib/sbi/client.c:625)
11/20 19:19:19.631: [sbi] DEBUG: SENDING...[260] (../lib/sbi/client.c:401)
11/20 19:19:19.631: [sbi] DEBUG: {
	"nfStatusNotificationUri":	"http://127.0.0.5:7777/nnrf-nfm/v1/nf-status-notify",
	"reqNfInstanceId":	"4852b174-694b-41ed-8013-d76538520ad0",
	"subscrCond":	{
		"nfType":	"UDM",
		"serviceName":	"nudm-sdm"
	},
	"reqNfType":	"AMF",
	"requesterFeatures":	"1"
} (../lib/sbi/client.c:403)
11/20 19:19:19.631: [sbi] DEBUG: ogs_sbi_nf_instance_add() (../lib/sbi/context.c:762)
11/20 19:19:19.631: [sbi] DEBUG: [POST] http://[::1]:7777/nnrf-nfm/v1/subscriptions (../lib/sbi/client.c:625)
11/20 19:19:19.631: [sbi] DEBUG: [REF] 1 (../lib/sbi/context.c:764)
11/20 19:19:19.631: [sbi] DEBUG: SENDING...[274] (../lib/sbi/client.c:401)
11/20 19:19:19.631: [sbi] DEBUG: ogs_sbi_nf_state_initial(): ENTRY (../lib/sbi/nf-sm.c:66)
11/20 19:19:19.631: [sbi] DEBUG: {
	"nfStatusNotificationUri":	"http://127.0.0.5:7777/nnrf-nfm/v1/nf-status-notify",
	"reqNfInstanceId":	"4852b174-694b-41ed-8013-d76538520ad0",
	"subscrCond":	{
		"nfType":	"PCF",
		"serviceName":	"npcf-am-policy-control"
	},
	"reqNfType":	"AMF",
	"requesterFeatures":	"1"
} (../lib/sbi/client.c:403)
11/20 19:19:19.631: [sbi] DEBUG: ogs_sbi_nf_state_registered(): ENTRY (../lib/sbi/nf-sm.c:204)
11/20 19:19:19.631: [sbi] DEBUG: [POST] http://[::1]:7777/nnrf-nfm/v1/subscriptions (../lib/sbi/client.c:625)
11/20 19:19:19.631: [sbi] INFO: [4852b174-694b-41ed-8013-d76538520ad0] (NRF-notify) NF registered (../lib/sbi/nnrf-handler.c:622)
11/20 19:19:19.631: [sbi] DEBUG: SENDING...[267] (../lib/sbi/client.c:401)
11/20 19:19:19.631: [sbi] DEBUG: {
	"nfStatusNotificationUri":	"http://127.0.0.5:7777/nnrf-nfm/v1/nf-status-notify",
	"reqNfInstanceId":	"4852b174-694b-41ed-8013-d76538520ad0",
	"subscrCond":	{
		"nfType":	"SMF",
		"serviceName":	"nsmf-pdusession"
	},
	"reqNfType":	"AMF",
	"requesterFeatures":	"1"
} (../lib/sbi/client.c:403)
11/20 19:19:19.631: [sbi] DEBUG: [POST] http://[::1]:7777/nnrf-nfm/v1/subscriptions (../lib/sbi/client.c:625)
11/20 19:19:19.631: [sock] DEBUG: addr:127.0.0.5, port:80 (../lib/core/ogs-sockaddr.c:140)
11/20 19:19:19.631: [sbi] DEBUG: SENDING...[270] (../lib/sbi/client.c:401)
11/20 19:19:19.631: [sbi] DEBUG: {
	"nfStatusNotificationUri":	"http://127.0.0.5:7777/nnrf-nfm/v1/nf-status-notify",
	"reqNfInstanceId":	"4852b174-694b-41ed-8013-d76538520ad0",
	"subscrCond":	{
		"nfType":	"NSSF",
		"serviceName":	"nnssf-nsselection"
	},
	"reqNfType":	"AMF",
	"requesterFeatures":	"1"
} (../lib/sbi/client.c:403)
11/20 19:19:19.631: [sock] DEBUG: addr:127.0.0.5, port:7777 (../lib/core/ogs-sockaddr.c:140)
11/20 19:19:19.631: [sbi] INFO: [4852b174-694b-41ed-8013-d76538520ad0] (NRF-notify) NF Profile updated (../lib/sbi/nnrf-handler.c:632)
11/20 19:19:19.631: [sbi] DEBUG: ogs_sbi_client_add() (../lib/sbi/client.c:112)
11/20 19:19:19.631: [sbi] DEBUG: [REF] 1 (../lib/sbi/client.c:113)
11/20 19:19:19.631: [sbi] DEBUG: [REF] 2 (../lib/sbi/context.c:1570)
11/20 19:19:19.631: [sbi] DEBUG: ogs_sbi_client_add() (../lib/sbi/client.c:112)
11/20 19:19:19.631: [sbi] DEBUG: STREAM added [3] (../lib/sbi/nghttp2-server.c:1122)
11/20 19:19:19.631: [sbi] DEBUG: [REF] 1 (../lib/sbi/client.c:113)
11/20 19:19:19.631: [sbi] DEBUG: [POST] /nnrf-nfm/v1/subscriptions (../lib/sbi/nghttp2-server.c:801)
11/20 19:19:19.631: [sbi] DEBUG: RECEIVED: 263 (../lib/sbi/nghttp2-server.c:805)
11/20 19:19:19.631: [sbi] DEBUG: [REF] 2 (../lib/sbi/context.c:1482)
11/20 19:19:19.631: [sbi] DEBUG: {
	"nfStatusNotificationUri":	"http://127.0.0.5:7777/nnrf-nfm/v1/nf-status-notify",
	"reqNfInstanceId":	"4852b174-694b-41ed-8013-d76538520ad0",
	"subscrCond":	{
		"nfType":	"AUSF",
		"serviceName":	"nausf-auth"
	},
	"reqNfType":	"AMF",
	"requesterFeatures":	"1"
} (../lib/sbi/nghttp2-server.c:806)
11/20 19:19:19.631: [nrf] DEBUG: nrf_state_operational(): OGS_EVENT_NAME_SBI_SERVER (../src/nrf/nrf-sm.c:50)
11/20 19:19:19.631: [sbi] DEBUG: STATUS [204] (../lib/sbi/nghttp2-server.c:357)
11/20 19:19:19.631: [sbi] DEBUG: STREAM closed [1] (../lib/sbi/nghttp2-server.c:852)
11/20 19:19:19.631: [sock] DEBUG: addr:127.0.0.5, port:7777 (../lib/core/ogs-sockaddr.c:140)
11/20 19:19:19.631: [sbi] DEBUG: ogs_sbi_client_add() (../lib/sbi/client.c:112)
11/20 19:19:19.631: [sbi] DEBUG: [REF] 1 (../lib/sbi/client.c:113)
11/20 19:19:19.631: [nrf] DEBUG: [REF] 2 (../src/nrf/nnrf-handler.c:261)
11/20 19:19:19.631: [sbi] DEBUG: MAX_CONCURRENT_STREAMS = 100 (../lib/sbi/nghttp2-server.c:747)
11/20 19:19:19.631: [sbi] DEBUG: STATUS [201] (../lib/sbi/nghttp2-server.c:357)
11/20 19:19:19.631: [sbi] DEBUG: SENDING...: 378 (../lib/sbi/nghttp2-server.c:365)
11/20 19:19:19.631: [sbi] DEBUG: ENABLE_PUSH = false (../lib/sbi/nghttp2-server.c:749)
11/20 19:19:19.631: [sbi] DEBUG: {
	"nfStatusNotificationUri":	"http://127.0.0.5:7777/nnrf-nfm/v1/nf-status-notify",
	"reqNfInstanceId":	"4852b174-694b-41ed-8013-d76538520ad0",
	"subscrCond":	{
		"nfType":	"AUSF",
		"serviceName":	"nausf-auth"
	},
	"subscriptionId":	"4994f4b6-694b-41ed-a2f9-8f4c756402e9",
	"validityTime":	"2022-11-21T19:19:19.631671-08:00",
	"reqNfType":	"AMF",
	"nrfSupportedFeatures":	"1"
} (../lib/sbi/nghttp2-server.c:366)
11/20 19:19:19.631: [sbi] DEBUG: STREAM closed [3] (../lib/sbi/nghttp2-server.c:852)
0000: 00000004 01000000 00                  .........
0000: 00002001 04000000 03c1c0bf 0f0d0333   .. ............3
0010: 37380f1f 9362aaac 956aa5a5 8ee16116   78...b...j....a.
0020: c682586a d263d48f be                  ..Xj.c...
0000: 00002601 05000000 0189768b d5596a6f   ..&.......v..Yjo
0010: 16e53b89 76d76f61 96d07abe 941054d2   ..;.v.oa..z...T.
0020: 7eea0802 128066e0 5fb817d4 c5a37f     ~.....f._......
11/20 19:19:19.631: [sbi] DEBUG: [204:POST] http://127.0.0.4:7777/nnrf-nfm/v1/nf-status-notify (../lib/sbi/client.c:573)
11/20 19:19:19.631: [sbi] DEBUG: RECEIVED[0] (../lib/sbi/client.c:584)
11/20 19:19:19.631: [sbi] DEBUG: [201:POST] http://[::1]:7777/nnrf-nfm/v1/subscriptions (../lib/sbi/client.c:573)
11/20 19:19:19.631: [sbi] DEBUG: RECEIVED[378] (../lib/sbi/client.c:584)
11/20 19:19:19.631: [sbi] DEBUG: {
	"nfStatusNotificationUri":	"http://127.0.0.5:7777/nnrf-nfm/v1/nf-status-notify",
	"reqNfInstanceId":	"4852b174-694b-41ed-8013-d76538520ad0",
	"subscrCond":	{
		"nfType":	"AUSF",
		"serviceName":	"nausf-auth"
	},
	"subscriptionId":	"4994f4b6-694b-41ed-a2f9-8f4c756402e9",
	"validityTime":	"2022-11-21T19:19:19.631671-08:00",
	"reqNfType":	"AMF",
	"nrfSupportedFeatures":	"1"
} (../lib/sbi/client.c:586)
11/20 19:19:19.631: [amf] DEBUG: amf_state_operational(): OGS_EVENT_NAME_SBI_CLIENT (../src/amf/amf-sm.c:78)
0000: 00017a00 01000000 037b0a09 226e6653   ..z......{.."nfS
0010: 74617475 734e6f74 69666963 6174696f   tatusNotificatio
0020: 6e557269 223a0922 68747470 3a2f2f31   nUri":."http://1
0030: 32372e30 2e302e35 3a373737 372f6e6e   27.0.0.5:7777/nn
0040: 72662d6e 666d2f76 312f6e66 2d737461   rf-nfm/v1/nf-sta
0050: 7475732d 6e6f7469 6679222c 0a092272   tus-notify",.."r
0060: 65714e66 496e7374 616e6365 4964223a   eqNfInstanceId":
0070: 09223438 35326231 37342d36 3934622d   ."4852b174-694b-
0080: 34316564 2d383031 332d6437 36353338   41ed-8013-d76538
0090: 35323061 6430222c 0a092273 75627363   520ad0",.."subsc
00a0: 72436f6e 64223a09 7b0a0909 226e6654   rCond":.{..."nfT
00b0: 79706522 3a092241 55534622 2c0a0909   ype":."AUSF",...
00c0: 22736572 76696365 4e616d65 223a0922   "serviceName":."
00d0: 6e617573 662d6175 7468220a 097d2c0a   nausf-auth"..},.
00e0: 09227375 62736372 69707469 6f6e4964   ."subscriptionId
00f0: 223a0922 34393934 66346236 2d363934   ":."4994f4b6-694
0100: 622d3431 65642d61 3266392d 38663463   b-41ed-a2f9-8f4c
0110: 37353634 30326539 222c0a09 2276616c   756402e9",.."val
0120: 69646974 7954696d 65223a09 22323032   idityTime":."202
0130: 322d3131 2d323154 31393a31 393a3139   2-11-21T19:19:19
0140: 2e363331 3637312d 30383a30 30222c0a   .631671-08:00",.
0150: 09227265 714e6654 79706522 3a092241   ."reqNfType":."A
0160: 4d46222c 0a09226e 72665375 70706f72   MF",.."nrfSuppor
0170: 74656446 65617475 72657322 3a092231   tedFeatures":."1
0180: 220a7d                                ".}
11/20 19:19:19.632: [sbi] DEBUG: MAX_CONCURRENT_STREAMS = 100 (../lib/sbi/nghttp2-server.c:747)
11/20 19:19:19.632: [sbi] DEBUG: ENABLE_PUSH = false (../lib/sbi/nghttp2-server.c:749)
11/20 19:19:19.632: [sbi] DEBUG: STREAM added [1] (../lib/sbi/nghttp2-server.c:1122)
11/20 19:19:19.632: [sbi] DEBUG: [POST] /nnrf-nfm/v1/subscriptions (../lib/sbi/nghttp2-server.c:801)
11/20 19:19:19.632: [sbi] DEBUG: RECEIVED: 261 (../lib/sbi/nghttp2-server.c:805)
11/20 19:19:19.632: [sbi] DEBUG: {
	"nfStatusNotificationUri":	"http://127.0.0.5:7777/nnrf-nfm/v1/nf-status-notify",
	"reqNfInstanceId":	"4852b174-694b-41ed-8013-d76538520ad0",
	"subscrCond":	{
		"nfType":	"UDM",
		"serviceName":	"nudm-uecm"
	},
	"reqNfType":	"AMF",
	"requesterFeatures":	"1"
} (../lib/sbi/nghttp2-server.c:806)
0000: 00000604 00000000 00000300 04e200     ...............
11/20 19:19:19.632: [nrf] DEBUG: nrf_state_operational(): OGS_EVENT_NAME_SBI_SERVER (../src/nrf/nrf-sm.c:50)
11/20 19:19:19.632: [sock] DEBUG: addr:127.0.0.5, port:7777 (../lib/core/ogs-sockaddr.c:140)
11/20 19:19:19.632: [nrf] DEBUG: [REF] 3 (../src/nrf/nnrf-handler.c:261)
11/20 19:19:19.632: [sbi] DEBUG: STATUS [201] (../lib/sbi/nghttp2-server.c:357)
11/20 19:19:19.632: [sbi] DEBUG: SENDING...: 376 (../lib/sbi/nghttp2-server.c:365)
11/20 19:19:19.632: [sbi] DEBUG: {
	"nfStatusNotificationUri":	"http://127.0.0.5:7777/nnrf-nfm/v1/nf-status-notify",
	"reqNfInstanceId":	"4852b174-694b-41ed-8013-d76538520ad0",
	"subscrCond":	{
		"nfType":	"UDM",
		"serviceName":	"nudm-uecm"
	},
	"subscriptionId":	"49950ece-694b-41ed-a2f9-8f4c756402e9",
	"validityTime":	"2022-11-21T19:19:19.632310-08:00",
	"reqNfType":	"AMF",
	"nrfSupportedFeatures":	"1"
} (../lib/sbi/nghttp2-server.c:366)
11/20 19:19:19.632: [sbi] DEBUG: STREAM closed [1] (../lib/sbi/nghttp2-server.c:852)
11/20 19:19:19.632: [sbi] DEBUG: MAX_CONCURRENT_STREAMS = 100 (../lib/sbi/nghttp2-server.c:747)
11/20 19:19:19.632: [sbi] DEBUG: ENABLE_PUSH = false (../lib/sbi/nghttp2-server.c:749)
0000: 00000004 01000000 00                  .........
11/20 19:19:19.632: [sbi] DEBUG: MAX_CONCURRENT_STREAMS = 100 (../lib/sbi/nghttp2-server.c:747)
11/20 19:19:19.632: [sbi] DEBUG: ENABLE_PUSH = false (../lib/sbi/nghttp2-server.c:749)
11/20 19:19:19.632: [sbi] DEBUG: STREAM added [1] (../lib/sbi/nghttp2-server.c:1122)
11/20 19:19:19.632: [sbi] DEBUG: [POST] /nnrf-nfm/v1/subscriptions (../lib/sbi/nghttp2-server.c:801)
11/20 19:19:19.632: [sbi] DEBUG: RECEIVED: 260 (../lib/sbi/nghttp2-server.c:805)
11/20 19:19:19.632: [sbi] DEBUG: {
	"nfStatusNotificationUri":	"http://127.0.0.5:7777/nnrf-nfm/v1/nf-status-notify",
	"reqNfInstanceId":	"4852b174-694b-41ed-8013-d76538520ad0",
	"subscrCond":	{
		"nfType":	"UDM",
		"serviceName":	"nudm-sdm"
	},
	"reqNfType":	"AMF",
	"requesterFeatures":	"1"
} (../lib/sbi/nghttp2-server.c:806)
0000: 00000604 00000000 00000300 04e200     ...............
11/20 19:19:19.632: [nrf] DEBUG: nrf_state_operational(): OGS_EVENT_NAME_SBI_SERVER (../src/nrf/nrf-sm.c:50)
11/20 19:19:19.632: [sock] DEBUG: addr:127.0.0.5, port:7777 (../lib/core/ogs-sockaddr.c:140)
11/20 19:19:19.632: [nrf] DEBUG: [REF] 4 (../src/nrf/nnrf-handler.c:261)
11/20 19:19:19.632: [sbi] DEBUG: STATUS [201] (../lib/sbi/nghttp2-server.c:357)
11/20 19:19:19.632: [sbi] DEBUG: SENDING...: 375 (../lib/sbi/nghttp2-server.c:365)
11/20 19:19:19.632: [sbi] DEBUG: {
	"nfStatusNotificationUri":	"http://127.0.0.5:7777/nnrf-nfm/v1/nf-status-notify",
	"reqNfInstanceId":	"4852b174-694b-41ed-8013-d76538520ad0",
	"subscrCond":	{
		"nfType":	"UDM",
		"serviceName":	"nudm-sdm"
	},
	"subscriptionId":	"49951afe-694b-41ed-a2f9-8f4c756402e9",
	"validityTime":	"2022-11-21T19:19:19.632584-08:00",
	"reqNfType":	"AMF",
	"nrfSupportedFeatures":	"1"
} (../lib/sbi/nghttp2-server.c:366)
11/20 19:19:19.632: [sbi] DEBUG: STREAM closed [1] (../lib/sbi/nghttp2-server.c:852)
0000: 00005201 04000000 01488210 03768bd5   ..R......H...v..
0010: 596a6f16 e53b8976 d76f6196 d07abe94   Yjo..;.v.oa..z..
0020: 1054d27e ea080212 8066e05f b817d4c5   .T.~.....f._....
0030: a37f0f0d 03333736 0f1f9362 aaac956a   .....376...b...j
0040: a5a58ee1 6116c682 586ad263 d48f5f8b   ....a...Xj.c.._.
0050: 1d75d062 0d263d4c 7441ea              .u.b.&=LtA.
11/20 19:19:19.632: [sbi] DEBUG: MAX_CONCURRENT_STREAMS = 100 (../lib/sbi/nghttp2-server.c:747)
11/20 19:19:19.632: [sbi] DEBUG: ENABLE_PUSH = false (../lib/sbi/nghttp2-server.c:749)
0000: 00000004 01000000 00                  .........
11/20 19:19:19.632: [sbi] DEBUG: MAX_CONCURRENT_STREAMS = 100 (../lib/sbi/nghttp2-server.c:747)
11/20 19:19:19.632: [sbi] DEBUG: ENABLE_PUSH = false (../lib/sbi/nghttp2-server.c:749)
11/20 19:19:19.632: [sbi] DEBUG: STREAM added [1] (../lib/sbi/nghttp2-server.c:1122)
11/20 19:19:19.632: [sbi] DEBUG: [POST] /nnrf-nfm/v1/subscriptions (../lib/sbi/nghttp2-server.c:801)
11/20 19:19:19.632: [sbi] DEBUG: RECEIVED: 274 (../lib/sbi/nghttp2-server.c:805)
11/20 19:19:19.632: [sbi] DEBUG: {
	"nfStatusNotificationUri":	"http://127.0.0.5:7777/nnrf-nfm/v1/nf-status-notify",
	"reqNfInstanceId":	"4852b174-694b-41ed-8013-d76538520ad0",
	"subscrCond":	{
		"nfType":	"PCF",
		"serviceName":	"npcf-am-policy-control"
	},
	"reqNfType":	"AMF",
	"requesterFeatures":	"1"
} (../lib/sbi/nghttp2-server.c:806)
0000: 00000604 00000000 00000300 04e200     ...............
11/20 19:19:19.633: [nrf] DEBUG: nrf_state_operational(): OGS_EVENT_NAME_SBI_SERVER (../src/nrf/nrf-sm.c:50)
11/20 19:19:19.633: [sock] DEBUG: addr:127.0.0.5, port:7777 (../lib/core/ogs-sockaddr.c:140)
11/20 19:19:19.633: [nrf] DEBUG: [REF] 5 (../src/nrf/nnrf-handler.c:261)
11/20 19:19:19.633: [sbi] DEBUG: STATUS [201] (../lib/sbi/nghttp2-server.c:357)
11/20 19:19:19.633: [sbi] DEBUG: SENDING...: 389 (../lib/sbi/nghttp2-server.c:365)
11/20 19:19:19.633: [sbi] DEBUG: {
	"nfStatusNotificationUri":	"http://127.0.0.5:7777/nnrf-nfm/v1/nf-status-notify",
	"reqNfInstanceId":	"4852b174-694b-41ed-8013-d76538520ad0",
	"subscrCond":	{
		"nfType":	"PCF",
		"serviceName":	"npcf-am-policy-control"
	},
	"subscriptionId":	"49952dd2-694b-41ed-a2f9-8f4c756402e9",
	"validityTime":	"2022-11-21T19:19:19.633075-08:00",
	"reqNfType":	"AMF",
	"nrfSupportedFeatures":	"1"
} (../lib/sbi/nghttp2-server.c:366)
11/20 19:19:19.633: [sbi] DEBUG: STREAM closed [1] (../lib/sbi/nghttp2-server.c:852)
11/20 19:19:19.633: [sbi] DEBUG: [201:POST] http://[::1]:7777/nnrf-nfm/v1/subscriptions (../lib/sbi/client.c:573)
11/20 19:19:19.633: [sbi] DEBUG: RECEIVED[376] (../lib/sbi/client.c:584)
11/20 19:19:19.633: [sbi] DEBUG: {
	"nfStatusNotificationUri":	"http://127.0.0.5:7777/nnrf-nfm/v1/nf-status-notify",
	"reqNfInstanceId":	"4852b174-694b-41ed-8013-d76538520ad0",
	"subscrCond":	{
		"nfType":	"UDM",
		"serviceName":	"nudm-uecm"
	},
	"subscriptionId":	"49950ece-694b-41ed-a2f9-8f4c756402e9",
	"validityTime":	"2022-11-21T19:19:19.632310-08:00",
	"reqNfType":	"AMF",
	"nrfSupportedFeatures":	"1"
} (../lib/sbi/client.c:586)
11/20 19:19:19.633: [amf] DEBUG: amf_state_operational(): OGS_EVENT_NAME_SBI_CLIENT (../src/amf/amf-sm.c:78)
0000: 00017800 01000000 017b0a09 226e6653   ..x......{.."nfS
0010: 74617475 734e6f74 69666963 6174696f   tatusNotificatio
0020: 6e557269 223a0922 68747470 3a2f2f31   nUri":."http://1
0030: 32372e30 2e302e35 3a373737 372f6e6e   27.0.0.5:7777/nn
0040: 72662d6e 666d2f76 312f6e66 2d737461   rf-nfm/v1/nf-sta
0050: 7475732d 6e6f7469 6679222c 0a092272   tus-notify",.."r
0060: 65714e66 496e7374 616e6365 4964223a   eqNfInstanceId":
0070: 09223438 35326231 37342d36 3934622d   ."4852b174-694b-
0080: 34316564 2d383031 332d6437 36353338   41ed-8013-d76538
0090: 35323061 6430222c 0a092273 75627363   520ad0",.."subsc
00a0: 72436f6e 64223a09 7b0a0909 226e6654   rCond":.{..."nfT
00b0: 79706522 3a092255 444d222c 0a090922   ype":."UDM",..."
00c0: 73657276 6963654e 616d6522 3a09226e   serviceName":."n
00d0: 75646d2d 7565636d 220a097d 2c0a0922   udm-uecm"..},.."
00e0: 73756273 63726970 74696f6e 4964223a   subscriptionId":
00f0: 09223439 39353065 63652d36 3934622d   ."49950ece-694b-
0100: 34316564 2d613266 392d3866 34633735   41ed-a2f9-8f4c75
0110: 36343032 6539222c 0a092276 616c6964   6402e9",.."valid
0120: 69747954 696d6522 3a092232 3032322d   ityTime":."2022-
0130: 31312d32 31543139 3a31393a 31392e36   11-21T19:19:19.6
0140: 33323331 302d3038 3a303022 2c0a0922   32310-08:00",.."
0150: 7265714e 66547970 65223a09 22414d46   reqNfType":."AMF
0160: 222c0a09 226e7266 53757070 6f727465   ",.."nrfSupporte
0170: 64466561 74757265 73223a09 2231220a   dFeatures":."1".
0180: 7d                                    }
0000: 00005201 04000000 01488210 03768bd5   ..R......H...v..
0010: 596a6f16 e53b8976 d76f6196 d07abe94   Yjo..;.v.oa..z..
0020: 1054d27e ea080212 8066e05f b817d4c5   .T.~.....f._....
0030: a37f0f0d 03333735 0f1f9362 aaac956a   .....375...b...j
0040: a5a58ee1 6116c682 586ad263 d48f5f8b   ....a...Xj.c.._.
0050: 1d75d062 0d263d4c 7441ea              .u.b.&=LtA.
11/20 19:19:19.633: [sbi] DEBUG: MAX_CONCURRENT_STREAMS = 100 (../lib/sbi/nghttp2-server.c:747)
11/20 19:19:19.633: [sbi] DEBUG: ENABLE_PUSH = false (../lib/sbi/nghttp2-server.c:749)
0000: 00000004 01000000 00                  .........
11/20 19:19:19.633: [sbi] DEBUG: MAX_CONCURRENT_STREAMS = 100 (../lib/sbi/nghttp2-server.c:747)
11/20 19:19:19.633: [sbi] DEBUG: ENABLE_PUSH = false (../lib/sbi/nghttp2-server.c:749)
11/20 19:19:19.633: [sbi] DEBUG: STREAM added [1] (../lib/sbi/nghttp2-server.c:1122)
11/20 19:19:19.633: [sbi] DEBUG: [POST] /nnrf-nfm/v1/subscriptions (../lib/sbi/nghttp2-server.c:801)
11/20 19:19:19.633: [sbi] DEBUG: RECEIVED: 267 (../lib/sbi/nghttp2-server.c:805)
11/20 19:19:19.633: [sbi] DEBUG: {
	"nfStatusNotificationUri":	"http://127.0.0.5:7777/nnrf-nfm/v1/nf-status-notify",
	"reqNfInstanceId":	"4852b174-694b-41ed-8013-d76538520ad0",
	"subscrCond":	{
		"nfType":	"SMF",
		"serviceName":	"nsmf-pdusession"
	},
	"reqNfType":	"AMF",
	"requesterFeatures":	"1"
} (../lib/sbi/nghttp2-server.c:806)
0000: 00000604 00000000 00000300 04e200     ...............
11/20 19:19:19.633: [nrf] DEBUG: nrf_state_operational(): OGS_EVENT_NAME_SBI_SERVER (../src/nrf/nrf-sm.c:50)
11/20 19:19:19.633: [sock] DEBUG: addr:127.0.0.5, port:7777 (../lib/core/ogs-sockaddr.c:140)
11/20 19:19:19.633: [nrf] DEBUG: [REF] 6 (../src/nrf/nnrf-handler.c:261)
11/20 19:19:19.633: [sbi] DEBUG: STATUS [201] (../lib/sbi/nghttp2-server.c:357)
11/20 19:19:19.633: [sbi] DEBUG: SENDING...: 382 (../lib/sbi/nghttp2-server.c:365)
11/20 19:19:19.633: [sbi] DEBUG: {
	"nfStatusNotificationUri":	"http://127.0.0.5:7777/nnrf-nfm/v1/nf-status-notify",
	"reqNfInstanceId":	"4852b174-694b-41ed-8013-d76538520ad0",
	"subscrCond":	{
		"nfType":	"SMF",
		"serviceName":	"nsmf-pdusession"
	},
	"subscriptionId":	"4995427c-694b-41ed-a2f9-8f4c756402e9",
	"validityTime":	"2022-11-21T19:19:19.633612-08:00",
	"reqNfType":	"AMF",
	"nrfSupportedFeatures":	"1"
} (../lib/sbi/nghttp2-server.c:366)
11/20 19:19:19.633: [sbi] DEBUG: STREAM closed [1] (../lib/sbi/nghttp2-server.c:852)
11/20 19:19:19.633: [sbi] DEBUG: [201:POST] http://[::1]:7777/nnrf-nfm/v1/subscriptions (../lib/sbi/client.c:573)
11/20 19:19:19.633: [sbi] DEBUG: RECEIVED[375] (../lib/sbi/client.c:584)
11/20 19:19:19.633: [sbi] DEBUG: {
	"nfStatusNotificationUri":	"http://127.0.0.5:7777/nnrf-nfm/v1/nf-status-notify",
	"reqNfInstanceId":	"4852b174-694b-41ed-8013-d76538520ad0",
	"subscrCond":	{
		"nfType":	"UDM",
		"serviceName":	"nudm-sdm"
	},
	"subscriptionId":	"49951afe-694b-41ed-a2f9-8f4c756402e9",
	"validityTime":	"2022-11-21T19:19:19.632584-08:00",
	"reqNfType":	"AMF",
	"nrfSupportedFeatures":	"1"
} (../lib/sbi/client.c:586)
11/20 19:19:19.633: [amf] DEBUG: amf_state_operational(): OGS_EVENT_NAME_SBI_CLIENT (../src/amf/amf-sm.c:78)
0000: 00017700 01000000 017b0a09 226e6653   ..w......{.."nfS
0010: 74617475 734e6f74 69666963 6174696f   tatusNotificatio
0020: 6e557269 223a0922 68747470 3a2f2f31   nUri":."http://1
0030: 32372e30 2e302e35 3a373737 372f6e6e   27.0.0.5:7777/nn
0040: 72662d6e 666d2f76 312f6e66 2d737461   rf-nfm/v1/nf-sta
0050: 7475732d 6e6f7469 6679222c 0a092272   tus-notify",.."r
0060: 65714e66 496e7374 616e6365 4964223a   eqNfInstanceId":
0070: 09223438 35326231 37342d36 3934622d   ."4852b174-694b-
0080: 34316564 2d383031 332d6437 36353338   41ed-8013-d76538
0090: 35323061 6430222c 0a092273 75627363   520ad0",.."subsc
00a0: 72436f6e 64223a09 7b0a0909 226e6654   rCond":.{..."nfT
00b0: 79706522 3a092255 444d222c 0a090922   ype":."UDM",..."
00c0: 73657276 6963654e 616d6522 3a09226e   serviceName":."n
00d0: 75646d2d 73646d22 0a097d2c 0a092273   udm-sdm"..},.."s
00e0: 75627363 72697074 696f6e49 64223a09   ubscriptionId":.
00f0: 22343939 35316166 652d3639 34622d34   "49951afe-694b-4
0100: 3165642d 61326639 2d386634 63373536   1ed-a2f9-8f4c756
0110: 34303265 39222c0a 09227661 6c696469   402e9",.."validi
0120: 74795469 6d65223a 09223230 32322d31   tyTime":."2022-1
0130: 312d3231 5431393a 31393a31 392e3633   1-21T19:19:19.63
0140: 32353834 2d30383a 3030222c 0a092272   2584-08:00",.."r
0150: 65714e66 54797065 223a0922 414d4622   eqNfType":."AMF"
0160: 2c0a0922 6e726653 7570706f 72746564   ,.."nrfSupported
0170: 46656174 75726573 223a0922 31220a7d   Features":."1".}
0000: 00005201 04000000 01488210 03768bd5   ..R......H...v..
0010: 596a6f16 e53b8976 d76f6196 d07abe94   Yjo..;.v.oa..z..
0020: 1054d27e ea080212 8066e05f b817d4c5   .T.~.....f._....
0030: a37f0f0d 03333839 0f1f9362 aaac956a   .....389...b...j
0040: a5a58ee1 6116c682 586ad263 d48f5f8b   ....a...Xj.c.._.
0050: 1d75d062 0d263d4c 7441ea              .u.b.&=LtA.
11/20 19:19:19.634: [sbi] DEBUG: MAX_CONCURRENT_STREAMS = 100 (../lib/sbi/nghttp2-server.c:747)
11/20 19:19:19.634: [sbi] DEBUG: ENABLE_PUSH = false (../lib/sbi/nghttp2-server.c:749)
0000: 00000004 01000000 00                  .........
11/20 19:19:19.634: [sbi] DEBUG: MAX_CONCURRENT_STREAMS = 100 (../lib/sbi/nghttp2-server.c:747)
11/20 19:19:19.634: [sbi] DEBUG: ENABLE_PUSH = false (../lib/sbi/nghttp2-server.c:749)
11/20 19:19:19.634: [sbi] DEBUG: STREAM added [1] (../lib/sbi/nghttp2-server.c:1122)
11/20 19:19:19.634: [sbi] DEBUG: [POST] /nnrf-nfm/v1/subscriptions (../lib/sbi/nghttp2-server.c:801)
11/20 19:19:19.634: [sbi] DEBUG: RECEIVED: 270 (../lib/sbi/nghttp2-server.c:805)
11/20 19:19:19.634: [sbi] DEBUG: {
	"nfStatusNotificationUri":	"http://127.0.0.5:7777/nnrf-nfm/v1/nf-status-notify",
	"reqNfInstanceId":	"4852b174-694b-41ed-8013-d76538520ad0",
	"subscrCond":	{
		"nfType":	"NSSF",
		"serviceName":	"nnssf-nsselection"
	},
	"reqNfType":	"AMF",
	"requesterFeatures":	"1"
} (../lib/sbi/nghttp2-server.c:806)
0000: 00000604 00000000 00000300 04e200     ...............
11/20 19:19:19.634: [nrf] DEBUG: nrf_state_operational(): OGS_EVENT_NAME_SBI_SERVER (../src/nrf/nrf-sm.c:50)
11/20 19:19:19.634: [sock] DEBUG: addr:127.0.0.5, port:7777 (../lib/core/ogs-sockaddr.c:140)
11/20 19:19:19.634: [nrf] DEBUG: [REF] 7 (../src/nrf/nnrf-handler.c:261)
11/20 19:19:19.634: [sbi] DEBUG: STATUS [201] (../lib/sbi/nghttp2-server.c:357)
11/20 19:19:19.634: [sbi] DEBUG: SENDING...: 385 (../lib/sbi/nghttp2-server.c:365)
11/20 19:19:19.634: [sbi] DEBUG: {
	"nfStatusNotificationUri":	"http://127.0.0.5:7777/nnrf-nfm/v1/nf-status-notify",
	"reqNfInstanceId":	"4852b174-694b-41ed-8013-d76538520ad0",
	"subscrCond":	{
		"nfType":	"NSSF",
		"serviceName":	"nnssf-nsselection"
	},
	"subscriptionId":	"49955d16-694b-41ed-a2f9-8f4c756402e9",
	"validityTime":	"2022-11-21T19:19:19.634286-08:00",
	"reqNfType":	"AMF",
	"nrfSupportedFeatures":	"1"
} (../lib/sbi/nghttp2-server.c:366)
11/20 19:19:19.634: [sbi] DEBUG: STREAM closed [1] (../lib/sbi/nghttp2-server.c:852)
11/20 19:19:19.634: [sbi] DEBUG: [201:POST] http://[::1]:7777/nnrf-nfm/v1/subscriptions (../lib/sbi/client.c:573)
11/20 19:19:19.634: [sbi] DEBUG: RECEIVED[389] (../lib/sbi/client.c:584)
11/20 19:19:19.634: [sbi] DEBUG: {
	"nfStatusNotificationUri":	"http://127.0.0.5:7777/nnrf-nfm/v1/nf-status-notify",
	"reqNfInstanceId":	"4852b174-694b-41ed-8013-d76538520ad0",
	"subscrCond":	{
		"nfType":	"PCF",
		"serviceName":	"npcf-am-policy-control"
	},
	"subscriptionId":	"49952dd2-694b-41ed-a2f9-8f4c756402e9",
	"validityTime":	"2022-11-21T19:19:19.633075-08:00",
	"reqNfType":	"AMF",
	"nrfSupportedFeatures":	"1"
} (../lib/sbi/client.c:586)
0000: 00018500 01000000 017b0a09 226e6653   .........{.."nfS
0010: 74617475 734e6f74 69666963 6174696f   tatusNotificatio
0020: 6e557269 223a0922 68747470 3a2f2f31   nUri":."http://1
0030: 32372e30 2e302e35 3a373737 372f6e6e   27.0.0.5:7777/nn
0040: 72662d6e 666d2f76 312f6e66 2d737461   rf-nfm/v1/nf-sta
0050: 7475732d 6e6f7469 6679222c 0a092272   tus-notify",.."r
0060: 65714e66 496e7374 616e6365 4964223a   eqNfInstanceId":
0070: 09223438 35326231 37342d36 3934622d   ."4852b174-694b-
0080: 34316564 2d383031 332d6437 36353338   41ed-8013-d76538
0090: 35323061 6430222c 0a092273 75627363   520ad0",.."subsc
00a0: 72436f6e 64223a09 7b0a0909 226e6654   rCond":.{..."nfT
00b0: 79706522 3a092250 4346222c 0a090922   ype":."PCF",..."
00c0: 73657276 6963654e 616d6522 3a09226e   serviceName":."n
00d0: 7063662d 616d2d70 6f6c6963 792d636f   pcf-am-policy-co
00e0: 6e74726f 6c220a09 7d2c0a09 22737562   ntrol"..},.."sub
00f0: 73637269 7074696f 6e496422 3a092234   scriptionId":."4
0100: 39393532 6464322d 36393462 2d343165   9952dd2-694b-41e
0110: 642d6132 66392d38 66346337 35363430   d-a2f9-8f4c75640
0120: 32653922 2c0a0922 76616c69 64697479   2e9",.."validity
0130: 54696d65 223a0922 32303232 2d31312d   Time":."2022-11-
0140: 32315431 393a3139 3a31392e 36333330   21T19:19:19.6330
0150: 37352d30 383a3030 222c0a09 22726571   75-08:00",.."req
0160: 4e665479 7065223a 0922414d 46222c0a   NfType":."AMF",.
0170: 09226e72 66537570 706f7274 65644665   ."nrfSupportedFe
0180: 61747572 6573223a 09223122 0a7d       atures":."1".}
0000: 00005201 04000000 01488210 03768bd5   ..R......H...v..
0010: 596a6f16 e53b8976 d76f6196 d07abe94   Yjo..;.v.oa..z..
0020: 1054d27e ea080212 8066e05f b817d4c5   .T.~.....f._....
0030: a37f0f0d 03333832 0f1f9362 aaac956a   .....382...b...j
0040: a5a58ee1 6116c682 586ad263 d48f5f8b   ....a...Xj.c.._.
0050: 1d75d062 0d263d4c 7441ea              .u.b.&=LtA.
11/20 19:19:19.634: [sbi] DEBUG: MAX_CONCURRENT_STREAMS = 100 (../lib/sbi/nghttp2-server.c:747)
11/20 19:19:19.635: [sbi] DEBUG: ENABLE_PUSH = false (../lib/sbi/nghttp2-server.c:749)
11/20 19:19:19.634: [amf] DEBUG: amf_state_operational(): OGS_EVENT_NAME_SBI_CLIENT (../src/amf/amf-sm.c:78)
0000: 00000004 01000000 00                  .........
0000: 00017e00 01000000 017b0a09 226e6653   ..~......{.."nfS
0010: 74617475 734e6f74 69666963 6174696f   tatusNotificatio
0020: 6e557269 223a0922 68747470 3a2f2f31   nUri":."http://1
0030: 32372e30 2e302e35 3a373737 372f6e6e   27.0.0.5:7777/nn
0040: 72662d6e 666d2f76 312f6e66 2d737461   rf-nfm/v1/nf-sta
0050: 7475732d 6e6f7469 6679222c 0a092272   tus-notify",.."r
0060: 65714e66 496e7374 616e6365 4964223a   eqNfInstanceId":
0070: 09223438 35326231 37342d36 3934622d   ."4852b174-694b-
0080: 34316564 2d383031 332d6437 36353338   41ed-8013-d76538
0090: 35323061 6430222c 0a092273 75627363   520ad0",.."subsc
00a0: 72436f6e 64223a09 7b0a0909 226e6654   rCond":.{..."nfT
00b0: 79706522 3a092253 4d46222c 0a090922   ype":."SMF",..."
00c0: 73657276 6963654e 616d6522 3a09226e   serviceName":."n
00d0: 736d662d 70647573 65737369 6f6e220a   smf-pdusession".
00e0: 097d2c0a 09227375 62736372 69707469   .},.."subscripti
00f0: 6f6e4964 223a0922 34393935 34323763   onId":."4995427c
0100: 2d363934 622d3431 65642d61 3266392d   -694b-41ed-a2f9-
0110: 38663463 37353634 30326539 222c0a09   8f4c756402e9",..
0120: 2276616c 69646974 7954696d 65223a09   "validityTime":.
0130: 22323032 322d3131 2d323154 31393a31   "2022-11-21T19:1
0140: 393a3139 2e363333 3631322d 30383a30   9:19.633612-08:0
0150: 30222c0a 09227265 714e6654 79706522   0",.."reqNfType"
0160: 3a092241 4d46222c 0a09226e 72665375   :."AMF",.."nrfSu
0170: 70706f72 74656446 65617475 72657322   pportedFeatures"
0180: 3a092231 220a7d                       :."1".}
0000: 00005201 04000000 01488210 03768bd5   ..R......H...v..
0010: 596a6f16 e53b8976 d76f6196 d07abe94   Yjo..;.v.oa..z..
0020: 1054d27e ea080212 8066e05f b817d4c5   .T.~.....f._....
0030: a37f0f0d 03333835 0f1f9362 aaac956a   .....385...b...j
0040: a5a58ee1 6116c682 586ad263 d48f5f8b   ....a...Xj.c.._.
0050: 1d75d062 0d263d4c 7441ea              .u.b.&=LtA.
11/20 19:19:19.635: [sbi] DEBUG: [201:POST] http://[::1]:7777/nnrf-nfm/v1/subscriptions (../lib/sbi/client.c:573)
11/20 19:19:19.635: [sbi] DEBUG: RECEIVED[382] (../lib/sbi/client.c:584)
11/20 19:19:19.635: [sbi] DEBUG: {
	"nfStatusNotificationUri":	"http://127.0.0.5:7777/nnrf-nfm/v1/nf-status-notify",
	"reqNfInstanceId":	"4852b174-694b-41ed-8013-d76538520ad0",
	"subscrCond":	{
		"nfType":	"SMF",
		"serviceName":	"nsmf-pdusession"
	},
	"subscriptionId":	"4995427c-694b-41ed-a2f9-8f4c756402e9",
	"validityTime":	"2022-11-21T19:19:19.633612-08:00",
	"reqNfType":	"AMF",
	"nrfSupportedFeatures":	"1"
} (../lib/sbi/client.c:586)
0000: 00018100 01000000 017b0a09 226e6653   .........{.."nfS
0010: 74617475 734e6f74 69666963 6174696f   tatusNotificatio
0020: 6e557269 223a0922 68747470 3a2f2f31   nUri":."http://1
0030: 32372e30 2e302e35 3a373737 372f6e6e   27.0.0.5:7777/nn
0040: 72662d6e 666d2f76 312f6e66 2d737461   rf-nfm/v1/nf-sta
0050: 7475732d 6e6f7469 6679222c 0a092272   tus-notify",.."r
0060: 65714e66 496e7374 616e6365 4964223a   eqNfInstanceId":
0070: 09223438 35326231 37342d36 3934622d   ."4852b174-694b-
0080: 34316564 2d383031 332d6437 36353338   41ed-8013-d76538
0090: 35323061 6430222c 0a092273 75627363   520ad0",.."subsc
00a0: 72436f6e 64223a09 7b0a0909 226e6654   rCond":.{..."nfT
00b0: 79706522 3a09224e 53534622 2c0a0909   ype":."NSSF",...
00c0: 22736572 76696365 4e616d65 223a0922   "serviceName":."
00d0: 6e6e7373 662d6e73 73656c65 6374696f   nnssf-nsselectio
00e0: 6e220a09 7d2c0a09 22737562 73637269   n"..},.."subscri
00f0: 7074696f 6e496422 3a092234 39393535   ptionId":."49955
0100: 6431362d 36393462 2d343165 642d6132   d16-694b-41ed-a2
0110: 66392d38 66346337 35363430 32653922   f9-8f4c756402e9"
0120: 2c0a0922 76616c69 64697479 54696d65   ,.."validityTime
0130: 223a0922 32303232 2d31312d 32315431   ":."2022-11-21T1
0140: 393a3139 3a31392e 36333432 38362d30   9:19:19.634286-0
0150: 383a3030 222c0a09 22726571 4e665479   8:00",.."reqNfTy
0160: 7065223a 0922414d 46222c0a 09226e72   pe":."AMF",.."nr
0170: 66537570 706f7274 65644665 61747572   fSupportedFeatur
0180: 6573223a 09223122 0a7d                es":."1".}
11/20 19:19:19.635: [sbi] DEBUG: connection closed [::1]:48970 (../lib/sbi/nghttp2-server.c:618)
11/20 19:19:19.635: [sbi] DEBUG: [201:POST] http://[::1]:7777/nnrf-nfm/v1/subscriptions (../lib/sbi/client.c:573)
11/20 19:19:19.635: [sbi] DEBUG: RECEIVED[385] (../lib/sbi/client.c:584)
11/20 19:19:19.635: [sbi] DEBUG: {
	"nfStatusNotificationUri":	"http://127.0.0.5:7777/nnrf-nfm/v1/nf-status-notify",
	"reqNfInstanceId":	"4852b174-694b-41ed-8013-d76538520ad0",
	"subscrCond":	{
		"nfType":	"NSSF",
		"serviceName":	"nnssf-nsselection"
	},
	"subscriptionId":	"49955d16-694b-41ed-a2f9-8f4c756402e9",
	"validityTime":	"2022-11-21T19:19:19.634286-08:00",
	"reqNfType":	"AMF",
	"nrfSupportedFeatures":	"1"
} (../lib/sbi/client.c:586)
11/20 19:19:19.635: [amf] DEBUG: amf_state_operational(): OGS_EVENT_NAME_SBI_CLIENT (../src/amf/amf-sm.c:78)
11/20 19:19:19.636: [amf] DEBUG: amf_state_operational(): OGS_EVENT_NAME_SBI_CLIENT (../src/amf/amf-sm.c:78)
11/20 19:19:20.114: [pfcp] DEBUG: [1] LOCAL  Response Timeout for step 1 type 5 peer [127.0.0.4]:8805 (../lib/pfcp/xact.c:596)
11/20 19:19:20.114: [smf] DEBUG: smf_state_operational(): SMF_EVT_N4_MESSAGE (../src/smf/smf-sm.c:83)
11/20 19:19:20.114: [pfcp] DEBUG: [1] Cannot find xact type 5 from PFCP peer [127.0.0.7]:8805 (../lib/pfcp/xact.c:797)
11/20 19:19:20.114: [pfcp] DEBUG: [1] REMOTE Create  peer [127.0.0.7]:8805 (../lib/pfcp/xact.c:159)
11/20 19:19:20.114: [pfcp] DEBUG: [1] REMOTE Receive peer [127.0.0.7]:8805 (../lib/pfcp/xact.c:704)
11/20 19:19:20.114: [pfcp] DEBUG: [1] REMOTE UPD RX-5  peer [127.0.0.7]:8805 (../lib/pfcp/xact.c:298)
11/20 19:19:20.114: [smf] DEBUG: smf_pfcp_state_associated(): SMF_EVT_N4_MESSAGE (../src/smf/pfcp-sm.c:165)
11/20 19:19:20.114: [smf] WARNING: PFCP[REQ] has already been associated [127.0.0.7]:8805 (../src/smf/pfcp-sm.c:219)
11/20 19:19:20.114: [pfcp] DEBUG: Association Setup Response (../lib/pfcp/build.c:97)
11/20 19:19:20.115: [pfcp] DEBUG: [1] REMOTE UPD TX-6  peer [127.0.0.7]:8805 (../lib/pfcp/xact.c:197)
11/20 19:19:20.115: [pfcp] DEBUG: [1] REMOTE Commit  peer [127.0.0.7]:8805 (../lib/pfcp/xact.c:475)
11/20 19:19:20.115: [upf] DEBUG: upf_state_operational(): UPF_EVT_N4_MESSAGE (../src/upf/upf-sm.c:51)
11/20 19:19:20.115: [pfcp] DEBUG: [1] LOCAL  Find    peer [127.0.0.4]:8805 (../lib/pfcp/xact.c:790)
11/20 19:19:20.115: [pfcp] DEBUG: [1] LOCAL  Receive peer [127.0.0.4]:8805 (../lib/pfcp/xact.c:704)
11/20 19:19:20.115: [pfcp] DEBUG: [1] LOCAL  UPD RX-6  peer [127.0.0.4]:8805 (../lib/pfcp/xact.c:298)
11/20 19:19:20.115: [upf] DEBUG: upf_pfcp_state_associated(): UPF_EVT_N4_MESSAGE (../src/upf/pfcp-sm.c:164)
11/20 19:19:20.115: [upf] WARNING: PFCP[RSP] has already been associated [127.0.0.4]:8805 (../src/upf/pfcp-sm.c:215)
11/20 19:19:20.115: [pfcp] DEBUG: [1] LOCAL  Commit  peer [127.0.0.4]:8805 (../lib/pfcp/xact.c:475)
11/20 19:19:20.115: [pfcp] DEBUG: [1] LOCAL  Delete  peer [127.0.0.4]:8805 (../lib/pfcp/xact.c:813)
11/20 19:19:22.327: [sock] DEBUG: socket create(2:1:132) (../lib/core/ogs-socket.c:92)
11/20 19:19:22.328: [sock] DEBUG: sizes of 'struct sctp_event_subscribe': compile-time 10, kernel: 13 (../lib/sctp/ogs-lksctp.c:320)
11/20 19:19:22.328: [sock] DEBUG: socket create(2:1:132) (../lib/core/ogs-socket.c:92)
11/20 19:19:22.328: [sock] DEBUG: OLD spp_flags = 0x29 hbinter = 30000 pathmax = 5, sackdelay = 200 (../lib/sctp/ogs-lksctp.c:517)
11/20 19:19:22.328: [sock] DEBUG: OLD spp_flags = 0x29 hbinter = 30000 pathmax = 5, sackdelay = 200 (../lib/sctp/ogs-lksctp.c:517)
11/20 19:19:22.328: [sock] DEBUG: socket create(2:1:132) (../lib/core/ogs-socket.c:92)
11/20 19:19:22.328: [sock] DEBUG: sizes of 'struct sctp_paddrparams': compile-time 152, kernel: 156 (../lib/sctp/ogs-lksctp.c:447)
11/20 19:19:22.328: [sock] DEBUG: OLD spp_flags = 0x29 hbinter = 30000 pathmax = 5, sackdelay = 200 (../lib/sctp/ogs-lksctp.c:517)
11/20 19:19:22.328: [sock] DEBUG: sizes of 'struct sctp_paddrparams': compile-time 152, kernel: 156 (../lib/sctp/ogs-lksctp.c:447)
11/20 19:19:22.328: [sock] DEBUG: NEW spp_flags = 0x29 hbinter = 5000 pathmax = 5, sackdelay = 200 (../lib/sctp/ogs-lksctp.c:549)
11/20 19:19:22.328: [sock] DEBUG: OLD RTO (initial:3000 max:60000 min:1000) (../lib/sctp/ogs-lksctp.c:580)
11/20 19:19:22.328: [sock] DEBUG: NEW spp_flags = 0x29 hbinter = 5000 pathmax = 5, sackdelay = 200 (../lib/sctp/ogs-lksctp.c:549)
11/20 19:19:22.328: [sock] DEBUG: New RTO (initial:3000 max:5000 min:1000) (../lib/sctp/ogs-lksctp.c:596)
11/20 19:19:22.328: [sock] DEBUG: Old INITMSG (numout:10 maxin:65535 maxattempt:8 maxinit_to:60000) (../lib/sctp/ogs-lksctp.c:623)
11/20 19:19:22.328: [sock] DEBUG: NEW spp_flags = 0x29 hbinter = 5000 pathmax = 5, sackdelay = 200 (../lib/sctp/ogs-lksctp.c:549)
11/20 19:19:22.328: [sock] DEBUG: OLD RTO (initial:3000 max:60000 min:1000) (../lib/sctp/ogs-lksctp.c:580)
11/20 19:19:22.328: [sock] DEBUG: New INITMSG (numout:30 maxin:65535 maxattempt:4 maxinit_to:8000) (../lib/sctp/ogs-lksctp.c:641)
11/20 19:19:22.328: [sock] DEBUG: OLD RTO (initial:3000 max:60000 min:1000) (../lib/sctp/ogs-lksctp.c:580)
11/20 19:19:22.328: [sock] DEBUG: New RTO (initial:3000 max:5000 min:1000) (../lib/sctp/ogs-lksctp.c:596)
11/20 19:19:22.328: [sock] DEBUG: Turn on SCTP_NODELAY (../lib/sctp/ogs-lksctp.c:650)
11/20 19:19:22.328: [sock] DEBUG: New RTO (initial:3000 max:5000 min:1000) (../lib/sctp/ogs-lksctp.c:596)
11/20 19:19:22.328: [sock] DEBUG: Old INITMSG (numout:10 maxin:65535 maxattempt:8 maxinit_to:60000) (../lib/sctp/ogs-lksctp.c:623)
11/20 19:19:22.328: [sock] DEBUG: Old INITMSG (numout:10 maxin:65535 maxattempt:8 maxinit_to:60000) (../lib/sctp/ogs-lksctp.c:623)
11/20 19:19:22.328: [sock] DEBUG: New INITMSG (numout:30 maxin:65535 maxattempt:4 maxinit_to:8000) (../lib/sctp/ogs-lksctp.c:641)
11/20 19:19:22.328: [sock] DEBUG: New INITMSG (numout:30 maxin:65535 maxattempt:4 maxinit_to:8000) (../lib/sctp/ogs-lksctp.c:641)
11/20 19:19:22.328: [sock] DEBUG: Turn on SCTP_NODELAY (../lib/sctp/ogs-lksctp.c:650)
11/20 19:19:22.328: [sock] DEBUG: Turn on SCTP_NODELAY (../lib/sctp/ogs-lksctp.c:650)
11/20 19:19:22.328: [sock] DEBUG: socket connect 127.0.0.20:38412
 (../lib/core/ogs-socket.c:142)
11/20 19:19:22.328: [amf] INFO: gNB-N2 accepted[127.0.0.1]:52199 in ng-path module (../src/amf/ngap-sctp.c:114)
11/20 19:19:22.329: [amf] DEBUG: amf_state_operational(): AMF_EVENT_NGAP_LO_ACCEPT (../src/amf/amf-sm.c:78)
11/20 19:19:22.329: [sock] DEBUG: sctp_client() [127.0.0.20]:38412 (../lib/sctp/ogs-lksctp.c:168)
11/20 19:19:22.329: [amf] INFO: gNB-N2 accepted[127.0.0.1] in master_sm module (../src/amf/amf-sm.c:665)
11/20 19:19:22.329: [amf] DEBUG: ngap_state_initial(): ENTRY (../src/amf/ngap-sm.c:28)
11/20 19:19:22.329: [amf] DEBUG: ngap_state_operational(): ENTRY (../src/amf/ngap-sm.c:53)
11/20 19:19:22.329: [amf] INFO: [Added] Number of gNBs is now 1 (../src/amf/context.c:974)
11/20 19:19:22.329: [amf] DEBUG: SCTP_ASSOC_CHANGE:[T:32769, F:0x0, S:0, I/O:30/30] (../src/amf/ngap-sctp.c:158)
11/20 19:19:22.329: [amf] DEBUG: SCTP_COMM_UP (../src/amf/ngap-sctp.c:161)
11/20 19:19:22.329: [amf] DEBUG: amf_state_operational(): AMF_EVENT_NGAP_LO_SCTP_COMM_UP (../src/amf/amf-sm.c:78)
11/20 19:19:22.329: [amf] INFO: gNB-N2[127.0.0.1] max_num_of_ostreams : 30 (../src/amf/amf-sm.c:704)
11/20 19:19:22.329: [amf] INFO: gNB-N2 accepted[127.0.0.1]:45192 in ng-path module (../src/amf/ngap-sctp.c:114)
11/20 19:19:22.329: [amf] INFO: gNB-N2 accepted[127.0.0.1]:60534 in ng-path module (../src/amf/ngap-sctp.c:114)
11/20 19:19:22.329: [amf] DEBUG: amf_state_operational(): AMF_EVENT_NGAP_LO_ACCEPT (../src/amf/amf-sm.c:78)
11/20 19:19:22.329: [amf] INFO: gNB-N2 accepted[127.0.0.1] in master_sm module (../src/amf/amf-sm.c:665)
11/20 19:19:22.329: [amf] DEBUG: ngap_state_initial(): ENTRY (../src/amf/ngap-sm.c:28)
11/20 19:19:22.329: [amf] DEBUG: ngap_state_operational(): ENTRY (../src/amf/ngap-sm.c:53)
11/20 19:19:22.329: [amf] INFO: [Added] Number of gNBs is now 2 (../src/amf/context.c:974)
11/20 19:19:22.329: [amf] DEBUG: amf_state_operational(): AMF_EVENT_NGAP_LO_ACCEPT (../src/amf/amf-sm.c:78)
11/20 19:19:22.329: [sock] DEBUG: socket connect 127.0.0.21:38412
 (../lib/core/ogs-socket.c:142)
11/20 19:19:22.329: [amf] INFO: gNB-N2 accepted[127.0.0.1] in master_sm module (../src/amf/amf-sm.c:665)
11/20 19:19:22.329: [amf] DEBUG: ngap_state_initial(): ENTRY (../src/amf/ngap-sm.c:28)
11/20 19:19:22.329: [amf] DEBUG: ngap_state_operational(): ENTRY (../src/amf/ngap-sm.c:53)
11/20 19:19:22.329: [sock] DEBUG: sctp_client() [127.0.0.21]:38412 (../lib/sctp/ogs-lksctp.c:168)
11/20 19:19:22.329: [amf] INFO: [Added] Number of gNBs is now 3 (../src/amf/context.c:974)
11/20 19:19:22.329: [amf] DEBUG: SCTP_ASSOC_CHANGE:[T:32769, F:0x0, S:0, I/O:30/30] (../src/amf/ngap-sctp.c:158)
11/20 19:19:22.329: [amf] DEBUG: SCTP_COMM_UP (../src/amf/ngap-sctp.c:161)
11/20 19:19:22.329: [amf] DEBUG: SCTP_ASSOC_CHANGE:[T:32769, F:0x0, S:0, I/O:30/30] (../src/amf/ngap-sctp.c:158)
11/20 19:19:22.329: [amf] DEBUG: SCTP_COMM_UP (../src/amf/ngap-sctp.c:161)
11/20 19:19:22.329: [amf] DEBUG: amf_state_operational(): AMF_EVENT_NGAP_LO_SCTP_COMM_UP (../src/amf/amf-sm.c:78)
11/20 19:19:22.329: [amf] INFO: gNB-N2[127.0.0.1] max_num_of_ostreams : 30 (../src/amf/amf-sm.c:704)
11/20 19:19:22.329: [amf] DEBUG: amf_state_operational(): AMF_EVENT_NGAP_LO_SCTP_COMM_UP (../src/amf/amf-sm.c:78)
11/20 19:19:22.329: [amf] INFO: gNB-N2[127.0.0.1] max_num_of_ostreams : 30 (../src/amf/amf-sm.c:704)
11/20 19:19:22.329: [amf] DEBUG: amf_state_operational(): AMF_EVENT_NGAP_MESSAGE (../src/amf/amf-sm.c:78)
11/20 19:19:22.329: [amf] DEBUG: ngap_state_operational(): AMF_EVENT_NGAP_MESSAGE (../src/amf/ngap-sm.c:53)
11/20 19:19:22.329: [amf] DEBUG: NGSetupRequest (../src/amf/ngap-handler.c:128)
11/20 19:19:22.329: [amf] DEBUG:     IP[127.0.0.1] GNB_ID[0x4000] (../src/amf/ngap-handler.c:176)
11/20 19:19:22.329: [amf] DEBUG:     PagingDRX[0] (../src/amf/ngap-handler.c:179)
11/20 19:19:22.329: [amf] DEBUG:     TAC[1] (../src/amf/ngap-handler.c:202)
11/20 19:19:22.329: [amf] DEBUG:     PLMN_ID[MCC:999 MNC:70] (../src/amf/ngap-handler.c:234)
11/20 19:19:22.329: [amf] DEBUG:     S_NSSAI[SST:1 SD:0xffffff] (../src/amf/ngap-handler.c:271)
11/20 19:19:22.329: [amf] DEBUG:     TAC[1] (../src/amf/ngap-handler.c:40)
11/20 19:19:22.329: [amf] DEBUG:     PLMN_ID[MCC:999 MNC:70] (../src/amf/ngap-handler.c:45)
11/20 19:19:22.329: [amf] DEBUG:     SERVED_TAI_INDEX[0] (../src/amf/ngap-handler.c:46)
11/20 19:19:22.329: [amf] DEBUG:     PLMN_ID[MCC:999 MNC:70] (../src/amf/ngap-handler.c:72)
11/20 19:19:22.329: [amf] DEBUG:     S_NSSAI[SST:1 SD:0xffffff] (../src/amf/ngap-handler.c:76)
11/20 19:19:22.329: [amf] DEBUG: NG-Setup response (../src/amf/ngap-path.c:254)
11/20 19:19:22.329: [amf] DEBUG: NGSetupResponse (../src/amf/ngap-build.c:36)
11/20 19:19:22.330: [amf] DEBUG:     IP[127.0.0.1] RAN_ID[16384] (../src/amf/ngap-path.c:71)
11/20 19:19:22.330: [amf] DEBUG: amf_state_operational(): AMF_EVENT_NGAP_MESSAGE (../src/amf/amf-sm.c:78)
11/20 19:19:22.330: [amf] DEBUG: ngap_state_operational(): AMF_EVENT_NGAP_MESSAGE (../src/amf/ngap-sm.c:53)
11/20 19:19:22.330: [amf] DEBUG: NGSetupRequest (../src/amf/ngap-handler.c:128)
11/20 19:19:22.330: [amf] DEBUG:     IP[127.0.0.1] GNB_ID[0x4000] (../src/amf/ngap-handler.c:176)
11/20 19:19:22.330: [amf] DEBUG:     PagingDRX[0] (../src/amf/ngap-handler.c:179)
11/20 19:19:22.330: [amf] DEBUG:     TAC[1] (../src/amf/ngap-handler.c:202)
11/20 19:19:22.330: [amf] DEBUG:     PLMN_ID[MCC:999 MNC:70] (../src/amf/ngap-handler.c:234)
11/20 19:19:22.330: [amf] DEBUG:     S_NSSAI[SST:1 SD:0xffffff] (../src/amf/ngap-handler.c:271)
11/20 19:19:22.330: [amf] DEBUG:     TAC[1] (../src/amf/ngap-handler.c:40)
11/20 19:19:22.330: [amf] DEBUG:     PLMN_ID[MCC:999 MNC:70] (../src/amf/ngap-handler.c:45)
11/20 19:19:22.330: [amf] DEBUG:     SERVED_TAI_INDEX[0] (../src/amf/ngap-handler.c:46)
11/20 19:19:22.330: [amf] DEBUG:     PLMN_ID[MCC:999 MNC:70] (../src/amf/ngap-handler.c:72)
11/20 19:19:22.330: [amf] DEBUG:     S_NSSAI[SST:1 SD:0xffffff] (../src/amf/ngap-handler.c:76)
11/20 19:19:22.330: [amf] DEBUG: NG-Setup response (../src/amf/ngap-path.c:254)
11/20 19:19:22.330: [amf] DEBUG: NGSetupResponse (../src/amf/ngap-build.c:36)
11/20 19:19:22.330: [amf] DEBUG:     IP[127.0.0.1] RAN_ID[16384] (../src/amf/ngap-path.c:71)
11/20 19:19:22.329: [sock] DEBUG: socket connect 127.0.0.5:38412
 (../lib/core/ogs-socket.c:142)
11/20 19:19:22.331: [sock] DEBUG: sctp_client() [127.0.0.5]:38412 (../lib/sctp/ogs-lksctp.c:168)
11/20 19:19:22.332: [amf] DEBUG: amf_state_operational(): AMF_EVENT_NGAP_MESSAGE (../src/amf/amf-sm.c:78)
11/20 19:19:22.333: [amf] DEBUG: ngap_state_operational(): AMF_EVENT_NGAP_MESSAGE (../src/amf/ngap-sm.c:53)
11/20 19:19:22.333: [amf] DEBUG: NGSetupRequest (../src/amf/ngap-handler.c:128)
11/20 19:19:22.333: [amf] DEBUG:     IP[127.0.0.1] GNB_ID[0x4000] (../src/amf/ngap-handler.c:176)
11/20 19:19:22.333: [amf] DEBUG:     PagingDRX[0] (../src/amf/ngap-handler.c:179)
11/20 19:19:22.333: [amf] DEBUG:     TAC[1] (../src/amf/ngap-handler.c:202)
11/20 19:19:22.333: [amf] DEBUG:     PLMN_ID[MCC:999 MNC:70] (../src/amf/ngap-handler.c:234)
11/20 19:19:22.333: [amf] DEBUG:     S_NSSAI[SST:1 SD:0xffffff] (../src/amf/ngap-handler.c:271)
11/20 19:19:22.333: [amf] DEBUG:     TAC[1] (../src/amf/ngap-handler.c:40)
11/20 19:19:22.333: [amf] DEBUG:     PLMN_ID[MCC:999 MNC:70] (../src/amf/ngap-handler.c:45)
11/20 19:19:22.333: [amf] DEBUG:     SERVED_TAI_INDEX[0] (../src/amf/ngap-handler.c:46)
11/20 19:19:22.333: [amf] DEBUG:     PLMN_ID[MCC:999 MNC:70] (../src/amf/ngap-handler.c:72)
11/20 19:19:22.333: [amf] DEBUG:     S_NSSAI[SST:1 SD:0xffffff] (../src/amf/ngap-handler.c:76)
11/20 19:19:22.333: [amf] DEBUG: NG-Setup response (../src/amf/ngap-path.c:254)
11/20 19:19:22.333: [amf] DEBUG: NGSetupResponse (../src/amf/ngap-build.c:36)
11/20 19:19:22.333: [amf] DEBUG:     IP[127.0.0.1] RAN_ID[16384] (../src/amf/ngap-path.c:71)
11/20 19:19:22.333: [amf] DEBUG: amf_state_operational(): AMF_EVENT_NGAP_MESSAGE (../src/amf/amf-sm.c:78)
11/20 19:19:22.333: [amf] DEBUG: ngap_state_operational(): AMF_EVENT_NGAP_MESSAGE (../src/amf/ngap-sm.c:53)
11/20 19:19:22.333: [amf] INFO: InitialUEMessage (../src/amf/ngap-handler.c:361)
11/20 19:19:22.333: [amf] DEBUG:     IP[127.0.0.1] RAN_ID[16384] (../src/amf/ngap-handler.c:388)
11/20 19:19:22.333: [amf] INFO: [Added] Number of gNB-UEs is now 1 (../src/amf/context.c:2239)
11/20 19:19:22.333: [amf] INFO:     RAN_UE_NGAP_ID[1] AMF_UE_NGAP_ID[1] TAC[1] CellID[0x40001] (../src/amf/ngap-handler.c:506)
11/20 19:19:22.333: [amf] DEBUG: amf_state_operational(): AMF_EVENT_5GMM_MESSAGE (../src/amf/amf-sm.c:78)
11/20 19:19:22.333: [amf] INFO: Unknown UE by 5G-S_TMSI[AMF_ID:0x0,M_TMSI:0x0] (../src/amf/context.c:1565)
11/20 19:19:22.333: [gmm] DEBUG: gmm_state_initial(): ENTRY (../src/amf/gmm-sm.c:40)
11/20 19:19:22.333: [gmm] DEBUG: gmm_state_de_registered(): ENTRY (../src/amf/gmm-sm.c:60)
11/20 19:19:22.333: [amf] INFO: [Added] Number of AMF-UEs is now 1 (../src/amf/context.c:1341)
11/20 19:19:22.333: [gmm] DEBUG: gmm_state_de_registered(): AMF_EVENT_5GMM_MESSAGE (../src/amf/gmm-sm.c:60)
11/20 19:19:22.333: [gmm] INFO: Registration request (../src/amf/gmm-sm.c:135)
11/20 19:19:22.333: [gmm] INFO: [Unknown ID]    5G-S_GUTI[AMF_ID:0x0,M_TMSI:0x0] (../src/amf/gmm-handler.c:164)
11/20 19:19:22.333: [gmm] DEBUG:     OLD TSC[UE:0,AMF:0] KSI[UE:7,AMF:7] (../src/amf/gmm-handler.c:181)
11/20 19:19:22.333: [gmm] DEBUG:     NEW TSC[UE:0,AMF:0] KSI[UE:7,AMF:7] (../src/amf/gmm-handler.c:188)
11/20 19:19:22.333: [gmm] DEBUG:     OLD TAI[PLMN_ID:000000,TAC:0] (../src/amf/gmm-handler.c:232)
11/20 19:19:22.333: [gmm] DEBUG:     OLD NR_CGI[PLMN_ID:000000,CELL_ID:0x0] (../src/amf/gmm-handler.c:235)
11/20 19:19:22.333: [gmm] DEBUG:     TAI[PLMN_ID:99f907,TAC:1] (../src/amf/gmm-handler.c:238)
11/20 19:19:22.333: [gmm] DEBUG:     NR_CGI[PLMN_ID:99f907,CELL_ID:0x40001] (../src/amf/gmm-handler.c:241)
11/20 19:19:22.333: [gmm] DEBUG:     SERVED_TAI_INDEX[0] (../src/amf/gmm-handler.c:256)
11/20 19:19:22.333: [amf] DEBUG: Identity request (../src/amf/nas-path.c:328)
11/20 19:19:22.333: [gmm] DEBUG:     Identity Type 2 : SUCI (../src/amf/gmm-build.c:327)
11/20 19:19:22.333: [amf] DEBUG: DownlinkNASTransport (../src/amf/ngap-build.c:321)
11/20 19:19:22.333: [amf] DEBUG:     RAN_UE_NGAP_ID[1] AMF_UE_NGAP_ID[1] (../src/amf/ngap-build.c:365)
11/20 19:19:22.333: [amf] DEBUG:     IP[127.0.0.1] RAN_ID[16384] (../src/amf/ngap-path.c:71)
11/20 19:19:22.334: [amf] DEBUG: amf_state_operational(): AMF_EVENT_NGAP_MESSAGE (../src/amf/amf-sm.c:78)
11/20 19:19:22.334: [amf] DEBUG: ngap_state_operational(): AMF_EVENT_NGAP_MESSAGE (../src/amf/ngap-sm.c:53)
11/20 19:19:22.334: [amf] INFO: InitialUEMessage (../src/amf/ngap-handler.c:361)
11/20 19:19:22.334: [amf] DEBUG:     IP[127.0.0.1] RAN_ID[16384] (../src/amf/ngap-handler.c:388)
11/20 19:19:22.334: [amf] INFO: [Added] Number of gNB-UEs is now 2 (../src/amf/context.c:2239)
11/20 19:19:22.334: [amf] INFO:     RAN_UE_NGAP_ID[1] AMF_UE_NGAP_ID[2] TAC[1] CellID[0x40001] (../src/amf/ngap-handler.c:506)
11/20 19:19:22.334: [amf] DEBUG: amf_state_operational(): AMF_EVENT_5GMM_MESSAGE (../src/amf/amf-sm.c:78)
11/20 19:19:22.334: [amf] INFO: Unknown UE by 5G-S_TMSI[AMF_ID:0x0,M_TMSI:0x0] (../src/amf/context.c:1565)
11/20 19:19:22.334: [gmm] DEBUG: gmm_state_initial(): ENTRY (../src/amf/gmm-sm.c:40)
11/20 19:19:22.334: [gmm] DEBUG: gmm_state_de_registered(): ENTRY (../src/amf/gmm-sm.c:60)
11/20 19:19:22.334: [amf] INFO: [Added] Number of AMF-UEs is now 2 (../src/amf/context.c:1341)
11/20 19:19:22.334: [gmm] DEBUG: gmm_state_de_registered(): AMF_EVENT_5GMM_MESSAGE (../src/amf/gmm-sm.c:60)
11/20 19:19:22.334: [gmm] INFO: Registration request (../src/amf/gmm-sm.c:135)
11/20 19:19:22.334: [gmm] INFO: [Unknown ID]    5G-S_GUTI[AMF_ID:0x0,M_TMSI:0x0] (../src/amf/gmm-handler.c:164)
11/20 19:19:22.334: [gmm] DEBUG:     OLD TSC[UE:0,AMF:0] KSI[UE:7,AMF:7] (../src/amf/gmm-handler.c:181)
11/20 19:19:22.334: [gmm] DEBUG:     NEW TSC[UE:0,AMF:0] KSI[UE:7,AMF:7] (../src/amf/gmm-handler.c:188)
11/20 19:19:22.334: [gmm] DEBUG:     OLD TAI[PLMN_ID:000000,TAC:0] (../src/amf/gmm-handler.c:232)
11/20 19:19:22.334: [gmm] DEBUG:     OLD NR_CGI[PLMN_ID:000000,CELL_ID:0x0] (../src/amf/gmm-handler.c:235)
11/20 19:19:22.334: [gmm] DEBUG:     TAI[PLMN_ID:99f907,TAC:1] (../src/amf/gmm-handler.c:238)
11/20 19:19:22.334: [gmm] DEBUG:     NR_CGI[PLMN_ID:99f907,CELL_ID:0x40001] (../src/amf/gmm-handler.c:241)
11/20 19:19:22.334: [gmm] DEBUG:     SERVED_TAI_INDEX[0] (../src/amf/gmm-handler.c:256)
11/20 19:19:22.334: [amf] DEBUG: Identity request (../src/amf/nas-path.c:328)
11/20 19:19:22.334: [gmm] DEBUG:     Identity Type 2 : SUCI (../src/amf/gmm-build.c:327)
11/20 19:19:22.334: [amf] DEBUG: DownlinkNASTransport (../src/amf/ngap-build.c:321)
11/20 19:19:22.334: [amf] DEBUG:     RAN_UE_NGAP_ID[1] AMF_UE_NGAP_ID[2] (../src/amf/ngap-build.c:365)
11/20 19:19:22.334: [amf] DEBUG:     IP[127.0.0.1] RAN_ID[16384] (../src/amf/ngap-path.c:71)
11/20 19:19:22.334: [amf] DEBUG: amf_state_operational(): AMF_EVENT_NGAP_MESSAGE (../src/amf/amf-sm.c:78)
11/20 19:19:22.334: [amf] DEBUG: ngap_state_operational(): AMF_EVENT_NGAP_MESSAGE (../src/amf/ngap-sm.c:53)
11/20 19:19:22.334: [amf] DEBUG: UplinkNASTransport (../src/amf/ngap-handler.c:546)
11/20 19:19:22.334: [amf] DEBUG:     IP[127.0.0.1] RAN_ID[16384] (../src/amf/ngap-handler.c:569)
11/20 19:19:22.334: [amf] DEBUG:     RAN_UE_NGAP_ID[1] AMF_UE_NGAP_ID[1] TAC[1] CellID[0x40001] (../src/amf/ngap-handler.c:650)
11/20 19:19:22.334: [amf] DEBUG: amf_state_operational(): AMF_EVENT_5GMM_MESSAGE (../src/amf/amf-sm.c:78)
11/20 19:19:22.334: [gmm] DEBUG: gmm_state_de_registered(): AMF_EVENT_5GMM_MESSAGE (../src/amf/gmm-sm.c:60)
11/20 19:19:22.334: [gmm] INFO: Identity response (../src/amf/gmm-sm.c:263)
11/20 19:19:22.334: [gmm] INFO: [suci-0-999-70-0-0-0-2000000010]    SUCI (../src/amf/gmm-handler.c:765)
11/20 19:19:22.334: [sbi] DEBUG: [REF] 2 (../lib/sbi/path.c:328)
11/20 19:19:22.334: [sbi] WARNING: Try to discover [nausf-auth] (../lib/sbi/path.c:337)
11/20 19:19:22.334: [sbi] DEBUG: [GET] http://[::1]:7777/nnrf-disc/v1/nf-instances (../lib/sbi/client.c:625)
11/20 19:19:22.334: [gmm] DEBUG: gmm_state_de_registered(): EXIT (../src/amf/gmm-sm.c:60)
11/20 19:19:22.334: [gmm] DEBUG: gmm_state_authentication(): ENTRY (../src/amf/gmm-sm.c:532)
11/20 19:19:22.334: [amf] DEBUG: amf_state_operational(): AMF_EVENT_NGAP_MESSAGE (../src/amf/amf-sm.c:78)
11/20 19:19:22.334: [amf] DEBUG: ngap_state_operational(): AMF_EVENT_NGAP_MESSAGE (../src/amf/ngap-sm.c:53)
11/20 19:19:22.334: [amf] DEBUG: UplinkNASTransport (../src/amf/ngap-handler.c:546)
11/20 19:19:22.334: [amf] DEBUG:     IP[127.0.0.1] RAN_ID[16384] (../src/amf/ngap-handler.c:569)
11/20 19:19:22.334: [amf] DEBUG:     RAN_UE_NGAP_ID[1] AMF_UE_NGAP_ID[2] TAC[1] CellID[0x40001] (../src/amf/ngap-handler.c:650)
11/20 19:19:22.334: [amf] DEBUG: amf_state_operational(): AMF_EVENT_5GMM_MESSAGE (../src/amf/amf-sm.c:78)
11/20 19:19:22.334: [sbi] DEBUG: STREAM added [3] (../lib/sbi/nghttp2-server.c:1122)
11/20 19:19:22.335: [sbi] DEBUG: [GET] /nnrf-disc/v1/nf-instances (../lib/sbi/nghttp2-server.c:801)
11/20 19:19:22.335: [nrf] DEBUG: nrf_state_operational(): OGS_EVENT_NAME_SBI_SERVER (../src/nrf/nrf-sm.c:50)
11/20 19:19:22.335: [nrf] DEBUG: NF-Discover : Requester[AMF] Target[AUSF] (../src/nrf/nnrf-handler.c:450)
11/20 19:19:22.335: [nrf] DEBUG: [0] service-names[nausf-auth] (../src/nrf/nnrf-handler.c:478)
11/20 19:19:22.335: [nrf] DEBUG: [485b1d50-694b-41ed-a118-1fcc33a0b7f6:0] NF-Discovered [NF-Type:AUSF,NF-Status:REGISTERED,IPv4:1,IPv6:0] (../src/nrf/nnrf-handler.c:505)
11/20 19:19:22.335: [sbi] DEBUG: STATUS [200] (../lib/sbi/nghttp2-server.c:357)
11/20 19:19:22.335: [sbi] DEBUG: SENDING...: 863 (../lib/sbi/nghttp2-server.c:365)
11/20 19:19:22.335: [sbi] DEBUG: {
	"validityPeriod":	3600,
	"nfInstances":	[{
			"nfInstanceId":	"485b1d50-694b-41ed-a118-1fcc33a0b7f6",
			"nfType":	"AUSF",
			"nfStatus":	"REGISTERED",
			"heartBeatTimer":	10,
			"ipv4Addresses":	["127.0.0.11"],
			"allowedNfTypes":	["AMF", "SCP"],
			"priority":	0,
			"capacity":	100,
			"load":	0,
			"nfServiceList":	{
				"485b2f52-694b-41ed-a118-1fcc33a0b7f6":	{
					"serviceInstanceId":	"485b2f52-694b-41ed-a118-1fcc33a0b7f6",
					"serviceName":	"nausf-auth",
					"versions":	[{
							"apiVersionInUri":	"v1",
							"apiFullVersion":	"1.0.0"
						}],
					"scheme":	"http",
					"nfServiceStatus":	"REGISTERED",
					"ipEndPoints":	[{
							"ipv4Address":	"127.0.0.11",
							"port":	7777
						}],
					"allowedNfTypes":	["AMF"],
					"priority":	0,
					"capacity":	100,
					"load":	0
				}
			},
			"nfProfileChangesSupportInd":	true
		}]
} (../lib/sbi/nghttp2-server.c:366)
11/20 19:19:22.335: [sbi] DEBUG: STREAM closed [3] (../lib/sbi/nghttp2-server.c:852)
0000: 00002c01 04000000 0388c061 96d07abe   ..,........a..z.
0010: 941054d2 7eea0802 128066e0 5fb82129   ..T.~.....f._.!)
0020: 8b46ff0f 0d033836 33bf5889 a47e561c   .F....863.X..~V.
0030: c5819700 0f                           .....
0000: 00035f00 01000000 037b0a09 2276616c   .._......{.."val
0010: 69646974 79506572 696f6422 3a093336   idityPeriod":.36
0020: 30302c0a 09226e66 496e7374 616e6365   00,.."nfInstance
0030: 73223a09 5b7b0a09 0909226e 66496e73   s":.[{...."nfIns
0040: 74616e63 65496422 3a092234 38356231   tanceId":."485b1
0050: 6435302d 36393462 2d343165 642d6131   d50-694b-41ed-a1
0060: 31382d31 66636333 33613062 37663622   18-1fcc33a0b7f6"
0070: 2c0a0909 09226e66 54797065 223a0922   ,...."nfType":."
0080: 41555346 222c0a09 0909226e 66537461   AUSF",...."nfSta
0090: 74757322 3a092252 45474953 54455245   tus":."REGISTERE
00a0: 44222c0a 09090922 68656172 74426561   D",...."heartBea
00b0: 7454696d 6572223a 0931302c 0a090909   tTimer":.10,....
00c0: 22697076 34416464 72657373 6573223a   "ipv4Addresses":
00d0: 095b2231 32372e30 2e302e31 31225d2c   .["127.0.0.11"],
00e0: 0a090909 22616c6c 6f776564 4e665479   ...."allowedNfTy
00f0: 70657322 3a095b22 414d4622 2c202253   pes":.["AMF", "S
0100: 4350225d 2c0a0909 09227072 696f7269   CP"],...."priori
0110: 7479223a 09302c0a 09090922 63617061   ty":.0,...."capa
0120: 63697479 223a0931 30302c0a 09090922   city":.100,...."
0130: 6c6f6164 223a0930 2c0a0909 09226e66   load":.0,...."nf
0140: 53657276 6963654c 69737422 3a097b0a   ServiceList":.{.
0150: 09090909 22343835 62326635 322d3639   ...."485b2f52-69
0160: 34622d34 3165642d 61313138 2d316663   4b-41ed-a118-1fc
0170: 63333361 30623766 36223a09 7b0a0909   c33a0b7f6":.{...
0180: 09090922 73657276 69636549 6e737461   ..."serviceInsta
0190: 6e636549 64223a09 22343835 62326635   nceId":."485b2f5
01a0: 322d3639 34622d34 3165642d 61313138   2-694b-41ed-a118
01b0: 2d316663 63333361 30623766 36222c0a   -1fcc33a0b7f6",.
01c0: 09090909 09227365 72766963 654e616d   ....."serviceNam
01d0: 65223a09 226e6175 73662d61 75746822   e":."nausf-auth"
01e0: 2c0a0909 09090922 76657273 696f6e73   ,......"versions
01f0: 223a095b 7b0a0909 09090909 09226170   ":.[{........"ap
0200: 69566572 73696f6e 496e5572 69223a09   iVersionInUri":.
0210: 22763122 2c0a0909 09090909 09226170   "v1",........"ap
0220: 6946756c 6c566572 73696f6e 223a0922   iFullVersion":."
0230: 312e302e 30220a09 09090909 097d5d2c   1.0.0".......}],
0240: 0a090909 09092273 6368656d 65223a09   ......"scheme":.
0250: 22687474 70222c0a 09090909 09226e66   "http",......"nf
0260: 53657276 69636553 74617475 73223a09   ServiceStatus":.
0270: 22524547 49535445 52454422 2c0a0909   "REGISTERED",...
0280: 09090922 6970456e 64506f69 6e747322   ..."ipEndPoints"
0290: 3a095b7b 0a090909 09090909 22697076   :.[{........"ipv
02a0: 34416464 72657373 223a0922 3132372e   4Address":."127.
02b0: 302e302e 3131222c 0a090909 09090909   0.0.11",........
02c0: 22706f72 74223a09 37373737 0a090909   "port":.7777....
02d0: 0909097d 5d2c0a09 09090909 22616c6c   ...}],......"all
02e0: 6f776564 4e665479 70657322 3a095b22   owedNfTypes":.["
02f0: 414d4622 5d2c0a09 09090909 22707269   AMF"],......"pri
0300: 6f726974 79223a09 302c0a09 09090909   ority":.0,......
0310: 22636170 61636974 79223a09 3130302c   "capacity":.100,
0320: 0a090909 0909226c 6f616422 3a09300a   ......"load":.0.
0330: 09090909 7d0a0909 097d2c0a 09090922   ....}....},...."
0340: 6e665072 6f66696c 65436861 6e676573   nfProfileChanges
0350: 53757070 6f727449 6e64223a 09747275   SupportInd":.tru
0360: 650a0909 7d5d0a7d                     e...}].}
11/20 19:19:22.336: [gmm] DEBUG: gmm_state_de_registered(): AMF_EVENT_5GMM_MESSAGE (../src/amf/gmm-sm.c:60)
11/20 19:19:22.336: [gmm] INFO: Identity response (../src/amf/gmm-sm.c:263)
11/20 19:19:22.336: [gmm] INFO: [suci-0-999-70-0-0-0-1000000010]    SUCI (../src/amf/gmm-handler.c:765)
11/20 19:19:22.336: [sbi] DEBUG: [REF] 3 (../lib/sbi/path.c:328)
11/20 19:19:22.336: [sbi] WARNING: Try to discover [nausf-auth] (../lib/sbi/path.c:337)
11/20 19:19:22.336: [sbi] DEBUG: [GET] http://[::1]:7777/nnrf-disc/v1/nf-instances (../lib/sbi/client.c:625)
11/20 19:19:22.336: [gmm] DEBUG: gmm_state_de_registered(): EXIT (../src/amf/gmm-sm.c:60)
11/20 19:19:22.336: [gmm] DEBUG: gmm_state_authentication(): ENTRY (../src/amf/gmm-sm.c:532)
11/20 19:19:22.336: [sbi] DEBUG: [200:GET] http://[::1]:7777/nnrf-disc/v1/nf-instances?target-nf-type=AUSF&requester-nf-type=AMF&service-names=nausf-auth (../lib/sbi/client.c:573)
11/20 19:19:22.336: [sbi] DEBUG: STREAM added [5] (../lib/sbi/nghttp2-server.c:1122)
11/20 19:19:22.336: [sbi] DEBUG: RECEIVED[863] (../lib/sbi/client.c:584)
11/20 19:19:22.336: [sbi] DEBUG: {
	"validityPeriod":	3600,
	"nfInstances":	[{
			"nfInstanceId":	"485b1d50-694b-41ed-a118-1fcc33a0b7f6",
			"nfType":	"AUSF",
			"nfStatus":	"REGISTERED",
			"heartBeatTimer":	10,
			"ipv4Addresses":	["127.0.0.11"],
			"allowedNfTypes":	["AMF", "SCP"],
			"priority":	0,
			"capacity":	100,
			"load":	0,
			"nfServiceList":	{
				"485b2f52-694b-41ed-a118-1fcc33a0b7f6":	{
					"serviceInstanceId":	"485b2f52-694b-41ed-a118-1fcc33a0b7f6",
					"serviceName":	"nausf-auth",
					"versions":	[{
							"apiVersionInUri":	"v1",
							"apiFullVersion":	"1.0.0"
						}],
					"scheme":	"http",
					"nfServiceStatus":	"REGISTERED",
					"ipEndPoints":	[{
							"ipv4Address":	"127.0.0.11",
							"port":	7777
						}],
					"allowedNfTypes":	["AMF"],
					"priority":	0,
					"capacity":	100,
					"load":	0
				}
			},
			"nfProfileChangesSupportInd":	true
		}]
} (../lib/sbi/client.c:586)
11/20 19:19:22.336: [sbi] DEBUG: [GET] /nnrf-disc/v1/nf-instances (../lib/sbi/nghttp2-server.c:801)
11/20 19:19:22.336: [nrf] DEBUG: nrf_state_operational(): OGS_EVENT_NAME_SBI_SERVER (../src/nrf/nrf-sm.c:50)
11/20 19:19:22.336: [amf] DEBUG: amf_state_operational(): OGS_EVENT_NAME_SBI_CLIENT (../src/amf/amf-sm.c:78)
11/20 19:19:22.336: [nrf] DEBUG: NF-Discover : Requester[AMF] Target[AUSF] (../src/nrf/nnrf-handler.c:450)
11/20 19:19:22.336: [nrf] DEBUG: [0] service-names[nausf-auth] (../src/nrf/nnrf-handler.c:478)
11/20 19:19:22.336: [nrf] DEBUG: [485b1d50-694b-41ed-a118-1fcc33a0b7f6:0] NF-Discovered [NF-Type:AUSF,NF-Status:REGISTERED,IPv4:1,IPv6:0] (../src/nrf/nnrf-handler.c:505)
11/20 19:19:22.336: [sbi] DEBUG: STATUS [200] (../lib/sbi/nghttp2-server.c:357)
11/20 19:19:22.336: [sbi] DEBUG: SENDING...: 863 (../lib/sbi/nghttp2-server.c:365)
11/20 19:19:22.337: [sbi] DEBUG: {
	"validityPeriod":	3600,
	"nfInstances":	[{
			"nfInstanceId":	"485b1d50-694b-41ed-a118-1fcc33a0b7f6",
			"nfType":	"AUSF",
			"nfStatus":	"REGISTERED",
			"heartBeatTimer":	10,
			"ipv4Addresses":	["127.0.0.11"],
			"allowedNfTypes":	["AMF", "SCP"],
			"priority":	0,
			"capacity":	100,
			"load":	0,
			"nfServiceList":	{
				"485b2f52-694b-41ed-a118-1fcc33a0b7f6":	{
					"serviceInstanceId":	"485b2f52-694b-41ed-a118-1fcc33a0b7f6",
					"serviceName":	"nausf-auth",
					"versions":	[{
							"apiVersionInUri":	"v1",
							"apiFullVersion":	"1.0.0"
						}],
					"scheme":	"http",
					"nfServiceStatus":	"REGISTERED",
					"ipEndPoints":	[{
							"ipv4Address":	"127.0.0.11",
							"port":	7777
						}],
					"allowedNfTypes":	["AMF"],
					"priority":	0,
					"capacity":	100,
					"load":	0
				}
			},
			"nfProfileChangesSupportInd":	true
		}]
} (../lib/sbi/nghttp2-server.c:366)
11/20 19:19:22.337: [sbi] DEBUG: STREAM closed [5] (../lib/sbi/nghttp2-server.c:852)
11/20 19:19:22.337: [sbi] DEBUG: ogs_sbi_nf_instance_add() (../lib/sbi/context.c:762)
0000: 00000b01 04000000 0588c2bf 0f0d0338   ...............8
0010: 3633bec0                              63..
11/20 19:19:22.337: [sbi] DEBUG: [REF] 1 (../lib/sbi/context.c:764)
11/20 19:19:22.337: [sbi] DEBUG: ogs_sbi_nf_state_initial(): ENTRY (../lib/sbi/nf-sm.c:66)
11/20 19:19:22.337: [sbi] DEBUG: ogs_sbi_nf_state_registered(): ENTRY (../lib/sbi/nf-sm.c:204)
11/20 19:19:22.337: [sbi] INFO: [485b1d50-694b-41ed-a118-1fcc33a0b7f6] (NF-discover) NF registered (../lib/sbi/nnrf-handler.c:725)
11/20 19:19:22.337: [sock] DEBUG: addr:127.0.0.11, port:80 (../lib/core/ogs-sockaddr.c:140)
0000: 00035f00 01000000 057b0a09 2276616c   .._......{.."val
0010: 69646974 79506572 696f6422 3a093336   idityPeriod":.36
0020: 30302c0a 09226e66 496e7374 616e6365   00,.."nfInstance
0030: 73223a09 5b7b0a09 0909226e 66496e73   s":.[{...."nfIns
0040: 74616e63 65496422 3a092234 38356231   tanceId":."485b1
0050: 6435302d 36393462 2d343165 642d6131   d50-694b-41ed-a1
0060: 31382d31 66636333 33613062 37663622   18-1fcc33a0b7f6"
0070: 2c0a0909 09226e66 54797065 223a0922   ,...."nfType":."
0080: 41555346 222c0a09 0909226e 66537461   AUSF",...."nfSta
0090: 74757322 3a092252 45474953 54455245   tus":."REGISTERE
00a0: 44222c0a 09090922 68656172 74426561   D",...."heartBea
00b0: 7454696d 6572223a 0931302c 0a090909   tTimer":.10,....
00c0: 22697076 34416464 72657373 6573223a   "ipv4Addresses":
00d0: 095b2231 32372e30 2e302e31 31225d2c   .["127.0.0.11"],
00e0: 0a090909 22616c6c 6f776564 4e665479   ...."allowedNfTy
00f0: 70657322 3a095b22 414d4622 2c202253   pes":.["AMF", "S
0100: 4350225d 2c0a0909 09227072 696f7269   CP"],...."priori
0110: 7479223a 09302c0a 09090922 63617061   ty":.0,...."capa
0120: 63697479 223a0931 30302c0a 09090922   city":.100,...."
0130: 6c6f6164 223a0930 2c0a0909 09226e66   load":.0,...."nf
0140: 53657276 6963654c 69737422 3a097b0a   ServiceList":.{.
0150: 09090909 22343835 62326635 322d3639   ...."485b2f52-69
0160: 34622d34 3165642d 61313138 2d316663   4b-41ed-a118-1fc
0170: 63333361 30623766 36223a09 7b0a0909   c33a0b7f6":.{...
0180: 09090922 73657276 69636549 6e737461   ..."serviceInsta
0190: 6e636549 64223a09 22343835 62326635   nceId":."485b2f5
01a0: 322d3639 34622d34 3165642d 61313138   2-694b-41ed-a118
01b0: 2d316663 63333361 30623766 36222c0a   -1fcc33a0b7f6",.
01c0: 09090909 09227365 72766963 654e616d   ....."serviceNam
01d0: 65223a09 226e6175 73662d61 75746822   e":."nausf-auth"
01e0: 2c0a0909 09090922 76657273 696f6e73   ,......"versions
01f0: 223a095b 7b0a0909 09090909 09226170   ":.[{........"ap
0200: 69566572 73696f6e 496e5572 69223a09   iVersionInUri":.
0210: 22763122 2c0a0909 09090909 09226170   "v1",........"ap
0220: 6946756c 6c566572 73696f6e 223a0922   iFullVersion":."
0230: 312e302e 30220a09 09090909 097d5d2c   1.0.0".......}],
0240: 0a090909 09092273 6368656d 65223a09   ......"scheme":.
0250: 22687474 70222c0a 09090909 09226e66   "http",......"nf
0260: 53657276 69636553 74617475 73223a09   ServiceStatus":.
0270: 22524547 49535445 52454422 2c0a0909   "REGISTERED",...
0280: 09090922 6970456e 64506f69 6e747322   ..."ipEndPoints"
0290: 3a095b7b 0a090909 09090909 22697076   :.[{........"ipv
02a0: 34416464 72657373 223a0922 3132372e   4Address":."127.
02b0: 302e302e 3131222c 0a090909 09090909   0.0.11",........
02c0: 22706f72 74223a09 37373737 0a090909   "port":.7777....
02d0: 0909097d 5d2c0a09 09090909 22616c6c   ...}],......"all
02e0: 6f776564 4e665479 70657322 3a095b22   owedNfTypes":.["
02f0: 414d4622 5d2c0a09 09090909 22707269   AMF"],......"pri
0300: 6f726974 79223a09 302c0a09 09090909   ority":.0,......
0310: 22636170 61636974 79223a09 3130302c   "capacity":.100,
0320: 0a090909 0909226c 6f616422 3a09300a   ......"load":.0.
0330: 09090909 7d0a0909 097d2c0a 09090922   ....}....},...."
0340: 6e665072 6f66696c 65436861 6e676573   nfProfileChanges
0350: 53757070 6f727449 6e64223a 09747275   SupportInd":.tru
0360: 650a0909 7d5d0a7d                     e...}].}
11/20 19:19:22.337: [sock] DEBUG: addr:127.0.0.11, port:7777 (../lib/core/ogs-sockaddr.c:140)
11/20 19:19:22.338: [sbi] DEBUG: ogs_sbi_client_add() (../lib/sbi/client.c:112)
11/20 19:19:22.338: [sbi] DEBUG: [REF] 1 (../lib/sbi/client.c:113)
11/20 19:19:22.338: [sbi] DEBUG: [REF] 2 (../lib/sbi/context.c:1570)
11/20 19:19:22.338: [sbi] DEBUG: ogs_sbi_client_add() (../lib/sbi/client.c:112)
11/20 19:19:22.338: [sbi] DEBUG: [REF] 1 (../lib/sbi/client.c:113)
11/20 19:19:22.338: [sbi] DEBUG: [REF] 2 (../lib/sbi/context.c:1482)
11/20 19:19:22.338: [sbi] INFO: [485b1d50-694b-41ed-a118-1fcc33a0b7f6] (NF-discover) NF Profile updated (../lib/sbi/nnrf-handler.c:752)
11/20 19:19:22.338: [amf] DEBUG: [REF] 2 (../src/amf/context.c:1945)
11/20 19:19:22.338: [sbi] DEBUG: [POST] http://127.0.0.11:7777/nausf-auth/v1/ue-authentications (../lib/sbi/client.c:625)
11/20 19:19:22.338: [sbi] DEBUG: SENDING...[110] (../lib/sbi/client.c:401)
11/20 19:19:22.338: [sbi] DEBUG: {
	"supiOrSuci":	"suci-0-999-70-0-0-0-2000000010",
	"servingNetworkName":	"5G:mnc070.mcc999.3gppnetwork.org"
} (../lib/sbi/client.c:403)
11/20 19:19:22.338: [sbi] DEBUG: [200:GET] http://[::1]:7777/nnrf-disc/v1/nf-instances?target-nf-type=AUSF&requester-nf-type=AMF&service-names=nausf-auth (../lib/sbi/client.c:573)
11/20 19:19:22.338: [sbi] DEBUG: RECEIVED[863] (../lib/sbi/client.c:584)
11/20 19:19:22.338: [sbi] DEBUG: {
	"validityPeriod":	3600,
	"nfInstances":	[{
			"nfInstanceId":	"485b1d50-694b-41ed-a118-1fcc33a0b7f6",
			"nfType":	"AUSF",
			"nfStatus":	"REGISTERED",
			"heartBeatTimer":	10,
			"ipv4Addresses":	["127.0.0.11"],
			"allowedNfTypes":	["AMF", "SCP"],
			"priority":	0,
			"capacity":	100,
			"load":	0,
			"nfServiceList":	{
				"485b2f52-694b-41ed-a118-1fcc33a0b7f6":	{
					"serviceInstanceId":	"485b2f52-694b-41ed-a118-1fcc33a0b7f6",
					"serviceName":	"nausf-auth",
					"versions":	[{
							"apiVersionInUri":	"v1",
							"apiFullVersion":	"1.0.0"
						}],
					"scheme":	"http",
					"nfServiceStatus":	"REGISTERED",
					"ipEndPoints":	[{
							"ipv4Address":	"127.0.0.11",
							"port":	7777
						}],
					"allowedNfTypes":	["AMF"],
					"priority":	0,
					"capacity":	100,
					"load":	0
				}
			},
			"nfProfileChangesSupportInd":	true
		}]
} (../lib/sbi/client.c:586)
11/20 19:19:22.338: [sbi] DEBUG: connection closed [::1]:48976 (../lib/sbi/nghttp2-server.c:618)
11/20 19:19:22.338: [amf] DEBUG: amf_state_operational(): OGS_EVENT_NAME_SBI_CLIENT (../src/amf/amf-sm.c:78)
11/20 19:19:22.338: [sbi] DEBUG: MAX_CONCURRENT_STREAMS = 100 (../lib/sbi/nghttp2-server.c:747)
11/20 19:19:22.338: [sbi] DEBUG: ENABLE_PUSH = false (../lib/sbi/nghttp2-server.c:749)
11/20 19:19:22.338: [sbi] DEBUG: STREAM added [1] (../lib/sbi/nghttp2-server.c:1122)
11/20 19:19:22.338: [sbi] WARNING: [485b1d50-694b-41ed-a118-1fcc33a0b7f6] (NF-discover) NF has already been added (../lib/sbi/nnrf-handler.c:730)
11/20 19:19:22.338: [sbi] DEBUG: [POST] /nausf-auth/v1/ue-authentications (../lib/sbi/nghttp2-server.c:801)
11/20 19:19:22.338: [sock] DEBUG: addr:127.0.0.11, port:80 (../lib/core/ogs-sockaddr.c:140)
11/20 19:19:22.338: [sbi] DEBUG: RECEIVED: 110 (../lib/sbi/nghttp2-server.c:805)
11/20 19:19:22.338: [sock] DEBUG: addr:127.0.0.11, port:7777 (../lib/core/ogs-sockaddr.c:140)
11/20 19:19:22.338: [sbi] DEBUG: {
	"supiOrSuci":	"suci-0-999-70-0-0-0-2000000010",
	"servingNetworkName":	"5G:mnc070.mcc999.3gppnetwork.org"
} (../lib/sbi/nghttp2-server.c:806)
11/20 19:19:22.338: [sbi] WARNING: NF EndPoint updated [127.0.0.11:80] (../lib/sbi/context.c:1570)
11/20 19:19:22.338: [sbi] DEBUG: ogs_sbi_client_remove() [127.0.0.11:80] (../lib/sbi/client.c:153)
11/20 19:19:22.338: [sbi] DEBUG: [UNREF] 2 (../lib/sbi/client.c:157)
11/20 19:19:22.338: [sbi] DEBUG: [REF] 2 (../lib/sbi/context.c:1570)
11/20 19:19:22.338: [sbi] WARNING: NF EndPoint updated [127.0.0.11:7777] (../lib/sbi/context.c:1482)
0000: 00000604 00000000 00000300 04e200     ...............
11/20 19:19:22.338: [sbi] DEBUG: ogs_sbi_client_remove() [127.0.0.11:7777] (../lib/sbi/client.c:153)
11/20 19:19:22.338: [sbi] DEBUG: [UNREF] 2 (../lib/sbi/client.c:157)
11/20 19:19:22.338: [ausf] DEBUG: ausf_state_operational(): OGS_EVENT_NAME_SBI_SERVER (../src/ausf/ausf-sm.c:52)
11/20 19:19:22.338: [sbi] DEBUG: [REF] 2 (../lib/sbi/context.c:1482)
11/20 19:19:22.338: [sbi] INFO: [485b1d50-694b-41ed-a118-1fcc33a0b7f6] (NF-discover) NF Profile updated (../lib/sbi/nnrf-handler.c:752)
11/20 19:19:22.338: [amf] DEBUG: [REF] 3 (../src/amf/context.c:1945)
11/20 19:19:22.338: [sbi] DEBUG: [POST] http://127.0.0.11:7777/nausf-auth/v1/ue-authentications (../lib/sbi/client.c:625)
11/20 19:19:22.338: [sbi] DEBUG: SENDING...[110] (../lib/sbi/client.c:401)
11/20 19:19:22.338: [sbi] DEBUG: {
	"supiOrSuci":	"suci-0-999-70-0-0-0-1000000010",
	"servingNetworkName":	"5G:mnc070.mcc999.3gppnetwork.org"
} (../lib/sbi/client.c:403)
11/20 19:19:22.338: [ausf] DEBUG: ausf_ue_state_initial(): ENTRY (../src/ausf/ue-sm.c:32)
11/20 19:19:22.338: [amf] DEBUG: amf_state_operational(): AMF_EVENT_NGAP_MESSAGE (../src/amf/amf-sm.c:78)
11/20 19:19:22.338: [ausf] DEBUG: ausf_ue_state_operational(): ENTRY (../src/ausf/ue-sm.c:64)
11/20 19:19:22.338: [ausf] DEBUG: ausf_ue_state_operational(): OGS_EVENT_NAME_SBI_SERVER (../src/ausf/ue-sm.c:64)
11/20 19:19:22.338: [amf] DEBUG: ngap_state_operational(): AMF_EVENT_NGAP_MESSAGE (../src/amf/ngap-sm.c:53)
11/20 19:19:22.338: [amf] INFO: InitialUEMessage (../src/amf/ngap-handler.c:361)
11/20 19:19:22.338: [amf] DEBUG:     IP[127.0.0.1] RAN_ID[16384] (../src/amf/ngap-handler.c:388)
11/20 19:19:22.338: [sbi] DEBUG: [REF] 2 (../lib/sbi/path.c:212)
11/20 19:19:22.338: [amf] INFO: [Added] Number of gNB-UEs is now 3 (../src/amf/context.c:2239)
11/20 19:19:22.338: [amf] INFO:     RAN_UE_NGAP_ID[1] AMF_UE_NGAP_ID[3] TAC[1] CellID[0x40001] (../src/amf/ngap-handler.c:506)
11/20 19:19:22.338: [sbi] DEBUG: [POST] http://127.0.0.12:7777/nudm-ueau/v1/suci-0-999-70-0-0-0-2000000010/security-information/generate-auth-data (../lib/sbi/client.c:625)
11/20 19:19:22.338: [amf] DEBUG: amf_state_operational(): AMF_EVENT_5GMM_MESSAGE (../src/amf/amf-sm.c:78)
11/20 19:19:22.338: [amf] INFO: Unknown UE by 5G-S_TMSI[AMF_ID:0x0,M_TMSI:0x0] (../src/amf/context.c:1565)
11/20 19:19:22.338: [gmm] DEBUG: gmm_state_initial(): ENTRY (../src/amf/gmm-sm.c:40)
11/20 19:19:22.338: [sbi] DEBUG: SENDING...[120] (../lib/sbi/client.c:401)
11/20 19:19:22.338: [gmm] DEBUG: gmm_state_de_registered(): ENTRY (../src/amf/gmm-sm.c:60)
11/20 19:19:22.338: [sbi] DEBUG: {
	"servingNetworkName":	"5G:mnc070.mcc999.3gppnetwork.org",
	"ausfInstanceId":	"485b1d50-694b-41ed-a118-1fcc33a0b7f6"
} (../lib/sbi/client.c:403)
11/20 19:19:22.338: [amf] INFO: [Added] Number of AMF-UEs is now 3 (../src/amf/context.c:1341)
11/20 19:19:22.338: [gmm] DEBUG: gmm_state_de_registered(): AMF_EVENT_5GMM_MESSAGE (../src/amf/gmm-sm.c:60)
11/20 19:19:22.338: [gmm] INFO: Registration request (../src/amf/gmm-sm.c:135)
11/20 19:19:22.338: [gmm] INFO: [Unknown ID]    5G-S_GUTI[AMF_ID:0x0,M_TMSI:0x0] (../src/amf/gmm-handler.c:164)
11/20 19:19:22.338: [gmm] DEBUG:     OLD TSC[UE:0,AMF:0] KSI[UE:7,AMF:7] (../src/amf/gmm-handler.c:181)
11/20 19:19:22.338: [gmm] DEBUG:     NEW TSC[UE:0,AMF:0] KSI[UE:7,AMF:7] (../src/amf/gmm-handler.c:188)
11/20 19:19:22.338: [gmm] DEBUG:     OLD TAI[PLMN_ID:000000,TAC:0] (../src/amf/gmm-handler.c:232)
11/20 19:19:22.338: [gmm] DEBUG:     OLD NR_CGI[PLMN_ID:000000,CELL_ID:0x0] (../src/amf/gmm-handler.c:235)
11/20 19:19:22.338: [gmm] DEBUG:     TAI[PLMN_ID:99f907,TAC:1] (../src/amf/gmm-handler.c:238)
11/20 19:19:22.338: [gmm] DEBUG:     NR_CGI[PLMN_ID:99f907,CELL_ID:0x40001] (../src/amf/gmm-handler.c:241)
11/20 19:19:22.338: [gmm] DEBUG:     SERVED_TAI_INDEX[0] (../src/amf/gmm-handler.c:256)
11/20 19:19:22.338: [amf] DEBUG: Identity request (../src/amf/nas-path.c:328)
11/20 19:19:22.338: [gmm] DEBUG:     Identity Type 2 : SUCI (../src/amf/gmm-build.c:327)
11/20 19:19:22.338: [amf] DEBUG: DownlinkNASTransport (../src/amf/ngap-build.c:321)
11/20 19:19:22.338: [amf] DEBUG:     RAN_UE_NGAP_ID[1] AMF_UE_NGAP_ID[3] (../src/amf/ngap-build.c:365)
11/20 19:19:22.338: [amf] DEBUG:     IP[127.0.0.1] RAN_ID[16384] (../src/amf/ngap-path.c:71)
11/20 19:19:22.338: [sbi] DEBUG: MAX_CONCURRENT_STREAMS = 100 (../lib/sbi/nghttp2-server.c:747)
11/20 19:19:22.339: [sbi] DEBUG: ENABLE_PUSH = false (../lib/sbi/nghttp2-server.c:749)
0000: 00000604 00000000 00000300 04e200     ...............
11/20 19:19:22.339: [sbi] DEBUG: MAX_CONCURRENT_STREAMS = 100 (../lib/sbi/nghttp2-server.c:747)
11/20 19:19:22.339: [sbi] DEBUG: ENABLE_PUSH = false (../lib/sbi/nghttp2-server.c:749)
11/20 19:19:22.339: [sbi] DEBUG: STREAM added [1] (../lib/sbi/nghttp2-server.c:1122)
11/20 19:19:22.339: [sbi] DEBUG: [POST] /nudm-ueau/v1/suci-0-999-70-0-0-0-2000000010/security-information/generate-auth-data (../lib/sbi/nghttp2-server.c:801)
11/20 19:19:22.339: [sbi] DEBUG: RECEIVED: 120 (../lib/sbi/nghttp2-server.c:805)
11/20 19:19:22.339: [sbi] DEBUG: {
	"servingNetworkName":	"5G:mnc070.mcc999.3gppnetwork.org",
	"ausfInstanceId":	"485b1d50-694b-41ed-a118-1fcc33a0b7f6"
} (../lib/sbi/nghttp2-server.c:806)
11/20 19:19:22.339: [sbi] DEBUG: MAX_CONCURRENT_STREAMS = 100 (../lib/sbi/nghttp2-server.c:747)
11/20 19:19:22.339: [sbi] DEBUG: ENABLE_PUSH = false (../lib/sbi/nghttp2-server.c:749)
11/20 19:19:22.339: [udm] DEBUG: udm_state_operational(): OGS_EVENT_NAME_SBI_SERVER (../src/udm/udm-sm.c:53)
11/20 19:19:22.339: [sbi] DEBUG: STREAM added [1] (../lib/sbi/nghttp2-server.c:1122)
11/20 19:19:22.339: [sbi] DEBUG: [POST] /nausf-auth/v1/ue-authentications (../lib/sbi/nghttp2-server.c:801)
11/20 19:19:22.339: [sbi] DEBUG: RECEIVED: 110 (../lib/sbi/nghttp2-server.c:805)
11/20 19:19:22.339: [sbi] DEBUG: {
	"supiOrSuci":	"suci-0-999-70-0-0-0-1000000010",
	"servingNetworkName":	"5G:mnc070.mcc999.3gppnetwork.org"
} (../lib/sbi/nghttp2-server.c:806)
11/20 19:19:22.339: [udm] DEBUG: udm_ue_state_operational(): ENTRY (../src/udm/ue-sm.c:46)
0000: 00000604 00000000 00000300 04e200     ...............
11/20 19:19:22.339: [udm] DEBUG: udm_ue_state_operational(): OGS_EVENT_NAME_SBI_SERVER (../src/udm/ue-sm.c:46)
11/20 19:19:22.339: [ausf] DEBUG: ausf_state_operational(): OGS_EVENT_NAME_SBI_SERVER (../src/ausf/ausf-sm.c:52)
11/20 19:19:22.339: [ausf] DEBUG: ausf_ue_state_initial(): ENTRY (../src/ausf/ue-sm.c:32)
11/20 19:19:22.339: [sbi] DEBUG: [REF] 2 (../lib/sbi/path.c:212)
11/20 19:19:22.339: [ausf] DEBUG: ausf_ue_state_operational(): ENTRY (../src/ausf/ue-sm.c:64)
11/20 19:19:22.339: [ausf] DEBUG: ausf_ue_state_operational(): OGS_EVENT_NAME_SBI_SERVER (../src/ausf/ue-sm.c:64)
11/20 19:19:22.339: [sbi] DEBUG: [GET] http://127.0.0.20:7777/nudr-dr/v1/subscription-data/imsi-999702000000010/authentication-data/authentication-subscription (../lib/sbi/client.c:625)
11/20 19:19:22.339: [sbi] DEBUG: [REF] 3 (../lib/sbi/path.c:212)
11/20 19:19:22.339: [sbi] DEBUG: [POST] http://127.0.0.12:7777/nudm-ueau/v1/suci-0-999-70-0-0-0-1000000010/security-information/generate-auth-data (../lib/sbi/client.c:625)
11/20 19:19:22.339: [sbi] DEBUG: MAX_CONCURRENT_STREAMS = 100 (../lib/sbi/nghttp2-server.c:747)
11/20 19:19:22.339: [sbi] DEBUG: SENDING...[120] (../lib/sbi/client.c:401)
11/20 19:19:22.339: [sbi] DEBUG: ENABLE_PUSH = false (../lib/sbi/nghttp2-server.c:749)
11/20 19:19:22.339: [sbi] DEBUG: {
	"servingNetworkName":	"5G:mnc070.mcc999.3gppnetwork.org",
	"ausfInstanceId":	"485b1d50-694b-41ed-a118-1fcc33a0b7f6"
} (../lib/sbi/client.c:403)
11/20 19:19:22.339: [sbi] DEBUG: MAX_CONCURRENT_STREAMS = 100 (../lib/sbi/nghttp2-server.c:747)
11/20 19:19:22.339: [sbi] DEBUG: ENABLE_PUSH = false (../lib/sbi/nghttp2-server.c:749)
11/20 19:19:22.339: [sbi] DEBUG: MAX_CONCURRENT_STREAMS = 100 (../lib/sbi/nghttp2-server.c:747)
11/20 19:19:22.339: [sbi] DEBUG: ENABLE_PUSH = false (../lib/sbi/nghttp2-server.c:749)
11/20 19:19:22.339: [sbi] DEBUG: STREAM added [1] (../lib/sbi/nghttp2-server.c:1122)
11/20 19:19:22.339: [sbi] DEBUG: [POST] /nudm-ueau/v1/suci-0-999-70-0-0-0-1000000010/security-information/generate-auth-data (../lib/sbi/nghttp2-server.c:801)
11/20 19:19:22.339: [sbi] DEBUG: RECEIVED: 120 (../lib/sbi/nghttp2-server.c:805)
11/20 19:19:22.339: [sbi] DEBUG: {
	"servingNetworkName":	"5G:mnc070.mcc999.3gppnetwork.org",
	"ausfInstanceId":	"485b1d50-694b-41ed-a118-1fcc33a0b7f6"
} (../lib/sbi/nghttp2-server.c:806)
0000: 00000604 00000000 00000300 04e200     ...............
11/20 19:19:22.339: [udm] DEBUG: udm_state_operational(): OGS_EVENT_NAME_SBI_SERVER (../src/udm/udm-sm.c:53)
11/20 19:19:22.339: [udm] DEBUG: udm_ue_state_operational(): ENTRY (../src/udm/ue-sm.c:46)
11/20 19:19:22.339: [udm] DEBUG: udm_ue_state_operational(): OGS_EVENT_NAME_SBI_SERVER (../src/udm/ue-sm.c:46)
11/20 19:19:22.339: [sbi] DEBUG: [REF] 3 (../lib/sbi/path.c:212)
11/20 19:19:22.339: [sbi] DEBUG: [GET] http://127.0.0.20:7777/nudr-dr/v1/subscription-data/imsi-999701000000010/authentication-data/authentication-subscription (../lib/sbi/client.c:625)
11/20 19:19:22.339: [amf] DEBUG: amf_state_operational(): AMF_EVENT_NGAP_MESSAGE (../src/amf/amf-sm.c:78)
11/20 19:19:22.339: [sbi] DEBUG: MAX_CONCURRENT_STREAMS = 100 (../lib/sbi/nghttp2-server.c:747)
11/20 19:19:22.339: [sbi] DEBUG: ENABLE_PUSH = false (../lib/sbi/nghttp2-server.c:749)
11/20 19:19:22.339: [amf] DEBUG: ngap_state_operational(): AMF_EVENT_NGAP_MESSAGE (../src/amf/ngap-sm.c:53)
11/20 19:19:22.339: [amf] DEBUG: UplinkNASTransport (../src/amf/ngap-handler.c:546)
11/20 19:19:22.339: [amf] DEBUG:     IP[127.0.0.1] RAN_ID[16384] (../src/amf/ngap-handler.c:569)
11/20 19:19:22.339: [amf] DEBUG:     RAN_UE_NGAP_ID[1] AMF_UE_NGAP_ID[3] TAC[1] CellID[0x40001] (../src/amf/ngap-handler.c:650)
11/20 19:19:22.339: [amf] DEBUG: amf_state_operational(): AMF_EVENT_5GMM_MESSAGE (../src/amf/amf-sm.c:78)
11/20 19:19:22.339: [gmm] DEBUG: gmm_state_de_registered(): AMF_EVENT_5GMM_MESSAGE (../src/amf/gmm-sm.c:60)
11/20 19:19:22.339: [gmm] INFO: Identity response (../src/amf/gmm-sm.c:263)
11/20 19:19:22.339: [gmm] INFO: [suci-0-999-70-0-0-0-0000000010]    SUCI (../src/amf/gmm-handler.c:765)
11/20 19:19:22.339: [sbi] DEBUG: MAX_CONCURRENT_STREAMS = 100 (../lib/sbi/nghttp2-server.c:747)
11/20 19:19:22.339: [sbi] DEBUG: ENABLE_PUSH = false (../lib/sbi/nghttp2-server.c:749)
11/20 19:19:22.339: [sbi] DEBUG: STREAM added [1] (../lib/sbi/nghttp2-server.c:1122)
11/20 19:19:22.339: [sbi] DEBUG: [REF] 4 (../lib/sbi/path.c:212)
11/20 19:19:22.339: [sbi] DEBUG: [POST] http://127.0.0.11:7777/nausf-auth/v1/ue-authentications (../lib/sbi/client.c:625)
11/20 19:19:22.339: [sbi] DEBUG: SENDING...[110] (../lib/sbi/client.c:401)
11/20 19:19:22.339: [sbi] DEBUG: {
	"supiOrSuci":	"suci-0-999-70-0-0-0-0000000010",
	"servingNetworkName":	"5G:mnc070.mcc999.3gppnetwork.org"
} (../lib/sbi/client.c:403)
11/20 19:19:22.339: [sbi] DEBUG: [GET] /nudr-dr/v1/subscription-data/imsi-999702000000010/authentication-data/authentication-subscription (../lib/sbi/nghttp2-server.c:801)
11/20 19:19:22.339: [gmm] DEBUG: gmm_state_de_registered(): EXIT (../src/amf/gmm-sm.c:60)
11/20 19:19:22.339: [gmm] DEBUG: gmm_state_authentication(): ENTRY (../src/amf/gmm-sm.c:532)
0000: 00000604 00000000 00000300 04e200     ...............
11/20 19:19:22.339: [udr] DEBUG: udr_state_operational(): OGS_EVENT_NAME_SBI_SERVER (../src/udr/udr-sm.c:51)
11/20 19:19:22.339: [sbi] DEBUG: MAX_CONCURRENT_STREAMS = 100 (../lib/sbi/nghttp2-server.c:747)
11/20 19:19:22.339: [sbi] DEBUG: ENABLE_PUSH = false (../lib/sbi/nghttp2-server.c:749)
0000: 00000604 00000000 00000300 04e200     ...............
11/20 19:19:22.340: [sbi] DEBUG: STREAM added [1] (../lib/sbi/nghttp2-server.c:1122)
11/20 19:19:22.340: [sbi] DEBUG: [POST] /nausf-auth/v1/ue-authentications (../lib/sbi/nghttp2-server.c:801)
11/20 19:19:22.340: [sbi] DEBUG: RECEIVED: 110 (../lib/sbi/nghttp2-server.c:805)
11/20 19:19:22.340: [sbi] DEBUG: {
	"supiOrSuci":	"suci-0-999-70-0-0-0-0000000010",
	"servingNetworkName":	"5G:mnc070.mcc999.3gppnetwork.org"
} (../lib/sbi/nghttp2-server.c:806)
11/20 19:19:22.340: [sbi] DEBUG: MAX_CONCURRENT_STREAMS = 100 (../lib/sbi/nghttp2-server.c:747)
11/20 19:19:22.340: [sbi] DEBUG: ENABLE_PUSH = false (../lib/sbi/nghttp2-server.c:749)
11/20 19:19:22.340: [ausf] DEBUG: ausf_state_operational(): OGS_EVENT_NAME_SBI_SERVER (../src/ausf/ausf-sm.c:52)
11/20 19:19:22.340: [ausf] DEBUG: ausf_ue_state_initial(): ENTRY (../src/ausf/ue-sm.c:32)
11/20 19:19:22.340: [ausf] DEBUG: ausf_ue_state_operational(): ENTRY (../src/ausf/ue-sm.c:64)
11/20 19:19:22.340: [ausf] DEBUG: ausf_ue_state_operational(): OGS_EVENT_NAME_SBI_SERVER (../src/ausf/ue-sm.c:64)
11/20 19:19:22.340: [sbi] DEBUG: [REF] 4 (../lib/sbi/path.c:212)
11/20 19:19:22.340: [sbi] DEBUG: [POST] http://127.0.0.12:7777/nudm-ueau/v1/suci-0-999-70-0-0-0-0000000010/security-information/generate-auth-data (../lib/sbi/client.c:625)
11/20 19:19:22.340: [sbi] DEBUG: SENDING...[120] (../lib/sbi/client.c:401)
11/20 19:19:22.340: [sbi] DEBUG: {
	"servingNetworkName":	"5G:mnc070.mcc999.3gppnetwork.org",
	"ausfInstanceId":	"485b1d50-694b-41ed-a118-1fcc33a0b7f6"
} (../lib/sbi/client.c:403)
11/20 19:19:22.340: [sbi] DEBUG: MAX_CONCURRENT_STREAMS = 100 (../lib/sbi/nghttp2-server.c:747)
11/20 19:19:22.340: [sbi] DEBUG: ENABLE_PUSH = false (../lib/sbi/nghttp2-server.c:749)
0000: 00000604 00000000 00000300 04e200     ...............
11/20 19:19:22.340: [sbi] DEBUG: STREAM added [1] (../lib/sbi/nghttp2-server.c:1122)
11/20 19:19:22.340: [sbi] DEBUG: STATUS [200] (../lib/sbi/nghttp2-server.c:357)
11/20 19:19:22.340: [sbi] DEBUG: MAX_CONCURRENT_STREAMS = 100 (../lib/sbi/nghttp2-server.c:747)
11/20 19:19:22.340: [sbi] DEBUG: SENDING...: 234 (../lib/sbi/nghttp2-server.c:365)
11/20 19:19:22.340: [sbi] DEBUG: {
	"authenticationMethod":	"5G_AKA",
	"encPermanentKey":	"465b5ce8b199b49faa5f0a2ee238a6bc",
	"sequenceNumber":	{
		"sqn":	"000000000040"
	},
	"authenticationManagementField":	"8000",
	"encOpcKey":	"e8ed289deba952e4283b54e88e6183ca"
} (../lib/sbi/nghttp2-server.c:366)
11/20 19:19:22.340: [sbi] DEBUG: ENABLE_PUSH = false (../lib/sbi/nghttp2-server.c:749)
11/20 19:19:22.340: [sbi] DEBUG: [POST] /nudm-ueau/v1/suci-0-999-70-0-0-0-0000000010/security-information/generate-auth-data (../lib/sbi/nghttp2-server.c:801)
11/20 19:19:22.340: [sbi] DEBUG: STREAM closed [1] (../lib/sbi/nghttp2-server.c:852)
11/20 19:19:22.340: [sbi] DEBUG: RECEIVED: 120 (../lib/sbi/nghttp2-server.c:805)
11/20 19:19:22.340: [sbi] DEBUG: {
	"servingNetworkName":	"5G:mnc070.mcc999.3gppnetwork.org",
	"ausfInstanceId":	"485b1d50-694b-41ed-a118-1fcc33a0b7f6"
} (../lib/sbi/nghttp2-server.c:806)
11/20 19:19:22.340: [udm] DEBUG: udm_state_operational(): OGS_EVENT_NAME_SBI_SERVER (../src/udm/udm-sm.c:53)
11/20 19:19:22.340: [udm] DEBUG: udm_ue_state_operational(): ENTRY (../src/udm/ue-sm.c:46)
11/20 19:19:22.340: [udm] DEBUG: udm_ue_state_operational(): OGS_EVENT_NAME_SBI_SERVER (../src/udm/ue-sm.c:46)
11/20 19:19:22.340: [sbi] DEBUG: MAX_CONCURRENT_STREAMS = 100 (../lib/sbi/nghttp2-server.c:747)
11/20 19:19:22.340: [sbi] DEBUG: ENABLE_PUSH = false (../lib/sbi/nghttp2-server.c:749)
11/20 19:19:22.340: [sbi] DEBUG: [REF] 4 (../lib/sbi/path.c:212)
11/20 19:19:22.340: [sbi] DEBUG: [GET] http://127.0.0.20:7777/nudr-dr/v1/subscription-data/imsi-999700000000010/authentication-data/authentication-subscription (../lib/sbi/client.c:625)
0000: 00000004 01000000 00                  .........
0000: 00003901 04000000 0188768b d5596a6f   ..9.......v..Yjo
0010: 16e53b89 76d76f61 96d07abe 941054d2   ..;.v.oa..z...T.
0020: 7eea0802 128066e0 5fb82129 8b46ff0f   ~.....f._.!).F..
0030: 0d033233 345f8b1d 75d0620d 263d4c74   ..234_..u.b.&=Lt
0040: 41ea                                  A.
11/20 19:19:22.340: [sbi] DEBUG: MAX_CONCURRENT_STREAMS = 100 (../lib/sbi/nghttp2-server.c:747)
11/20 19:19:22.340: [sbi] DEBUG: ENABLE_PUSH = false (../lib/sbi/nghttp2-server.c:749)
11/20 19:19:22.340: [sbi] DEBUG: STREAM added [1] (../lib/sbi/nghttp2-server.c:1122)
11/20 19:19:22.340: [sbi] DEBUG: [GET] /nudr-dr/v1/subscription-data/imsi-999701000000010/authentication-data/authentication-subscription (../lib/sbi/nghttp2-server.c:801)
0000: 00000604 00000000 00000300 04e200     ...............
11/20 19:19:22.340: [udr] DEBUG: udr_state_operational(): OGS_EVENT_NAME_SBI_SERVER (../src/udr/udr-sm.c:51)
11/20 19:19:22.341: [sbi] DEBUG: STATUS [200] (../lib/sbi/nghttp2-server.c:357)
11/20 19:19:22.341: [sbi] DEBUG: SENDING...: 234 (../lib/sbi/nghttp2-server.c:365)
11/20 19:19:22.341: [sbi] DEBUG: {
	"authenticationMethod":	"5G_AKA",
	"encPermanentKey":	"465b5ce8b199b49faa5f0a2ee238a6bc",
	"sequenceNumber":	{
		"sqn":	"000000000040"
	},
	"authenticationManagementField":	"8000",
	"encOpcKey":	"e8ed289deba952e4283b54e88e6183ca"
} (../lib/sbi/nghttp2-server.c:366)
11/20 19:19:22.341: [sbi] DEBUG: STREAM closed [1] (../lib/sbi/nghttp2-server.c:852)
11/20 19:19:22.341: [sbi] DEBUG: [200:GET] http://127.0.0.20:7777/nudr-dr/v1/subscription-data/imsi-999702000000010/authentication-data/authentication-subscription (../lib/sbi/client.c:573)
11/20 19:19:22.341: [sbi] DEBUG: RECEIVED[234] (../lib/sbi/client.c:584)
0000: 0000ea00 01000000 017b0a09 22617574   .........{.."aut
0010: 68656e74 69636174 696f6e4d 6574686f   henticationMetho
0020: 64223a09 2235475f 414b4122 2c0a0922   d":."5G_AKA",.."
0030: 656e6350 65726d61 6e656e74 4b657922   encPermanentKey"
0040: 3a092234 36356235 63653862 31393962   :."465b5ce8b199b
0050: 34396661 61356630 61326565 32333861   49faa5f0a2ee238a
0060: 36626322 2c0a0922 73657175 656e6365   6bc",.."sequence
0070: 4e756d62 6572223a 097b0a09 09227371   Number":.{..."sq
0080: 6e223a09 22303030 30303030 30303034   n":."00000000004
0090: 30220a09 7d2c0a09 22617574 68656e74   0"..},.."authent
00a0: 69636174 696f6e4d 616e6167 656d656e   icationManagemen
00b0: 74466965 6c64223a 09223830 3030222c   tField":."8000",
00c0: 0a092265 6e634f70 634b6579 223a0922   .."encOpcKey":."
00d0: 65386564 32383964 65626139 35326534   e8ed289deba952e4
00e0: 32383362 35346538 38653631 38336361   283b54e88e6183ca
00f0: 220a7d                                ".}
11/20 19:19:22.341: [sbi] DEBUG: {
	"authenticationMethod":	"5G_AKA",
	"encPermanentKey":	"465b5ce8b199b49faa5f0a2ee238a6bc",
	"sequenceNumber":	{
		"sqn":	"000000000040"
	},
	"authenticationManagementField":	"8000",
	"encOpcKey":	"e8ed289deba952e4283b54e88e6183ca"
} (../lib/sbi/client.c:586)
11/20 19:19:22.341: [sbi] DEBUG: MAX_CONCURRENT_STREAMS = 100 (../lib/sbi/nghttp2-server.c:747)
11/20 19:19:22.341: [udm] DEBUG: udm_state_operational(): OGS_EVENT_NAME_SBI_CLIENT (../src/udm/udm-sm.c:53)
11/20 19:19:22.341: [sbi] DEBUG: ENABLE_PUSH = false (../lib/sbi/nghttp2-server.c:749)
0000: 00000004 01000000 00                  .........
11/20 19:19:22.341: [udm] DEBUG: udm_ue_state_operational(): OGS_EVENT_NAME_SBI_CLIENT (../src/udm/ue-sm.c:46)
0000: 00003901 04000000 0188768b d5596a6f   ..9.......v..Yjo
0010: 16e53b89 76d76f61 96d07abe 941054d2   ..;.v.oa..z...T.
0020: 7eea0802 128066e0 5fb82129 8b46ff0f   ~.....f._.!).F..
0030: 0d033233 345f8b1d 75d0620d 263d4c74   ..234_..u.b.&=Lt
0040: 41ea                                  A.
11/20 19:19:22.341: [sbi] DEBUG: MAX_CONCURRENT_STREAMS = 100 (../lib/sbi/nghttp2-server.c:747)
11/20 19:19:22.341: [sbi] DEBUG: ENABLE_PUSH = false (../lib/sbi/nghttp2-server.c:749)
11/20 19:19:22.341: [sbi] DEBUG: STREAM added [1] (../lib/sbi/nghttp2-server.c:1122)
11/20 19:19:22.341: [sbi] DEBUG: STATUS [200] (../lib/sbi/nghttp2-server.c:357)
11/20 19:19:22.341: [sbi] DEBUG: SENDING...: 301 (../lib/sbi/nghttp2-server.c:365)
11/20 19:19:22.341: [sbi] DEBUG: [GET] /nudr-dr/v1/subscription-data/imsi-999700000000010/authentication-data/authentication-subscription (../lib/sbi/nghttp2-server.c:801)
11/20 19:19:22.341: [sbi] DEBUG: {
	"authType":	"5G_AKA",
	"authenticationVector":	{
		"avType":	"5G_HE_AKA",
		"rand":	"a9b413efcea4a19be15d12b9395687f1",
		"autn":	"ad0786ae4e3580005d70d0c000a71b66",
		"xresStar":	"6c0293b04d91236d3ecc5bdfe22b05a4",
		"kausf":	"f78ede6b3eb9e4588c3b3fecdfe1417332ca94e8af1e4c0c70030bce1e2f89a3"
	}
} (../lib/sbi/nghttp2-server.c:366)
0000: 00000604 00000000 00000300 04e200     ...............
11/20 19:19:22.341: [sbi] DEBUG: STREAM closed [1] (../lib/sbi/nghttp2-server.c:852)
11/20 19:19:22.341: [udr] DEBUG: udr_state_operational(): OGS_EVENT_NAME_SBI_SERVER (../src/udr/udr-sm.c:51)
0000: 00000004 01000000 00                  .........
0000: 00003801 04000000 0188768b d5596a6f   ..8.......v..Yjo
0010: 16e53b89 76d76f61 96d07abe 941054d2   ..;.v.oa..z...T.
0020: 7eea0802 128066e0 5fb82129 8b46ff0f   ~.....f._.!).F..
0030: 0d826401 5f8b1d75 d0620d26 3d4c7441   ..d._..u.b.&=LtA
0040: ea                                    .
11/20 19:19:22.341: [sbi] DEBUG: [200:POST] http://127.0.0.12:7777/nudm-ueau/v1/suci-0-999-70-0-0-0-2000000010/security-information/generate-auth-data (../lib/sbi/client.c:573)
11/20 19:19:22.341: [sbi] DEBUG: RECEIVED[301] (../lib/sbi/client.c:584)
11/20 19:19:22.341: [sbi] DEBUG: {
	"authType":	"5G_AKA",
	"authenticationVector":	{
		"avType":	"5G_HE_AKA",
		"rand":	"a9b413efcea4a19be15d12b9395687f1",
		"autn":	"ad0786ae4e3580005d70d0c000a71b66",
		"xresStar":	"6c0293b04d91236d3ecc5bdfe22b05a4",
		"kausf":	"f78ede6b3eb9e4588c3b3fecdfe1417332ca94e8af1e4c0c70030bce1e2f89a3"
	}
} (../lib/sbi/client.c:586)
11/20 19:19:22.341: [ausf] DEBUG: ausf_state_operational(): OGS_EVENT_NAME_SBI_CLIENT (../src/ausf/ausf-sm.c:52)
0000: 00012d00 01000000 017b0a09 22617574   ..-......{.."aut
0010: 68547970 65223a09 2235475f 414b4122   hType":."5G_AKA"
0020: 2c0a0922 61757468 656e7469 63617469   ,.."authenticati
0030: 6f6e5665 63746f72 223a097b 0a090922   onVector":.{..."
0040: 61765479 7065223a 09223547 5f48455f   avType":."5G_HE_
0050: 414b4122 2c0a0909 2272616e 64223a09   AKA",..."rand":.
0060: 22613962 34313365 66636561 34613139   "a9b413efcea4a19
0070: 62653135 64313262 39333935 36383766   be15d12b9395687f
0080: 31222c0a 09092261 75746e22 3a092261   1",..."autn":."a
0090: 64303738 36616534 65333538 30303035   d0786ae4e3580005
00a0: 64373064 30633030 30613731 62363622   d70d0c000a71b66"
00b0: 2c0a0909 22787265 73537461 72223a09   ,..."xresStar":.
00c0: 22366330 32393362 30346439 31323336   "6c0293b04d91236
00d0: 64336563 63356264 66653232 62303561   d3ecc5bdfe22b05a
00e0: 34222c0a 0909226b 61757366 223a0922   4",..."kausf":."
00f0: 66373865 64653662 33656239 65343538   f78ede6b3eb9e458
0100: 38633362 33666563 64666531 34313733   8c3b3fecdfe14173
0110: 33326361 39346538 61663165 34633063   32ca94e8af1e4c0c
0120: 37303033 30626365 31653266 38396133   70030bce1e2f89a3
0130: 220a097d 0a7d                         "..}.}
11/20 19:19:22.341: [ausf] DEBUG: ausf_ue_state_operational(): OGS_EVENT_NAME_SBI_CLIENT (../src/ausf/ue-sm.c:64)
11/20 19:19:22.341: [sbi] DEBUG: STATUS [201] (../lib/sbi/nghttp2-server.c:357)
11/20 19:19:22.341: [sbi] DEBUG: SENDING...: 314 (../lib/sbi/nghttp2-server.c:365)
11/20 19:19:22.341: [sbi] DEBUG: {
	"authType":	"5G_AKA",
	"5gAuthData":	{
		"rand":	"a9b413efcea4a19be15d12b9395687f1",
		"hxresStar":	"50fa2eb95fc47f9bf7cd74770fe1e4c1",
		"autn":	"ad0786ae4e3580005d70d0c000a71b66"
	},
	"_links":	{
		"5g-aka":	{
			"href":	"http://127.0.0.11:7777/nausf-auth/v1/ue-authentications/1/5g-aka-confirmation"
		}
	}
} (../lib/sbi/nghttp2-server.c:366)
11/20 19:19:22.341: [sbi] DEBUG: STREAM closed [1] (../lib/sbi/nghttp2-server.c:852)
0000: 00000004 01000000 00                  .........
0000: 00006e01 04000000 01488210 03768bd5   ..n......H...v..
0010: 596a6f16 e53b8976 d76f6196 d07abe94   Yjo..;.v.oa..z..
0020: 1054d27e ea080212 8066e05f b821298b   .T.~.....f._.!).
0030: 46ff0f0d 03333134 0f1fa89d 29aee30c   F....314....)...
0040: 044eae05 c0b84371 d75d758a 876a2558   .N....Cq.]u..j%X
0050: 76a6763b 858b4ab0 ed4ce5a9 2620d263   v.v;..J..L..& .c
0060: d486035f 921d75d0 620d263d 4c333575   ..._..u.b.&=L35u
0070: e31d1fef a20f57                       ......W
11/20 19:19:22.342: [sbi] DEBUG: [201:POST] http://127.0.0.11:7777/nausf-auth/v1/ue-authentications (../lib/sbi/client.c:573)
11/20 19:19:22.342: [sbi] DEBUG: RECEIVED[314] (../lib/sbi/client.c:584)
11/20 19:19:22.342: [sbi] DEBUG: {
	"authType":	"5G_AKA",
	"5gAuthData":	{
		"rand":	"a9b413efcea4a19be15d12b9395687f1",
		"hxresStar":	"50fa2eb95fc47f9bf7cd74770fe1e4c1",
		"autn":	"ad0786ae4e3580005d70d0c000a71b66"
	},
	"_links":	{
		"5g-aka":	{
			"href":	"http://127.0.0.11:7777/nausf-auth/v1/ue-authentications/1/5g-aka-confirmation"
		}
	}
} (../lib/sbi/client.c:586)
11/20 19:19:22.342: [amf] DEBUG: amf_state_operational(): OGS_EVENT_NAME_SBI_CLIENT (../src/amf/amf-sm.c:78)
11/20 19:19:22.342: [sbi] DEBUG: STATUS [200] (../lib/sbi/nghttp2-server.c:357)
11/20 19:19:22.342: [sbi] DEBUG: SENDING...: 234 (../lib/sbi/nghttp2-server.c:365)
11/20 19:19:22.342: [gmm] DEBUG: gmm_state_authentication(): OGS_EVENT_NAME_SBI_CLIENT (../src/amf/gmm-sm.c:532)
11/20 19:19:22.342: [sbi] DEBUG: {
	"authenticationMethod":	"5G_AKA",
	"encPermanentKey":	"465b5ce8b199b49faa5f0a2ee238a6bc",
	"sequenceNumber":	{
		"sqn":	"000000000040"
	},
	"authenticationManagementField":	"8000",
	"encOpcKey":	"e8ed289deba952e4283b54e88e6183ca"
} (../lib/sbi/nghttp2-server.c:366)
11/20 19:19:22.342: [amf] DEBUG: [suci-0-999-70-0-0-0-2000000010] Authentication request (../src/amf/nas-path.c:356)
0000: 00013a00 01000000 017b0a09 22617574   ..:......{.."aut
0010: 68547970 65223a09 2235475f 414b4122   hType":."5G_AKA"
0020: 2c0a0922 35674175 74684461 7461223a   ,.."5gAuthData":
0030: 097b0a09 09227261 6e64223a 09226139   .{..."rand":."a9
0040: 62343133 65666365 61346131 39626531   b413efcea4a19be1
0050: 35643132 62393339 35363837 6631222c   5d12b9395687f1",
0060: 0a090922 68787265 73537461 72223a09   ..."hxresStar":.
0070: 22353066 61326562 39356663 34376639   "50fa2eb95fc47f9
0080: 62663763 64373437 37306665 31653463   bf7cd74770fe1e4c
0090: 31222c0a 09092261 75746e22 3a092261   1",..."autn":."a
00a0: 64303738 36616534 65333538 30303035   d0786ae4e3580005
00b0: 64373064 30633030 30613731 62363622   d70d0c000a71b66"
00c0: 0a097d2c 0a09225f 6c696e6b 73223a09   ..},.."_links":.
00d0: 7b0a0909 2235672d 616b6122 3a097b0a   {..."5g-aka":.{.
00e0: 09090922 68726566 223a0922 68747470   ..."href":."http
00f0: 3a2f2f31 32372e30 2e302e31 313a3737   ://127.0.0.11:77
0100: 37372f6e 61757366 2d617574 682f7631   77/nausf-auth/v1
0110: 2f75652d 61757468 656e7469 63617469   /ue-authenticati
0120: 6f6e732f 312f3567 2d616b61 2d636f6e   ons/1/5g-aka-con
0130: 6669726d 6174696f 6e220a09 097d0a09   firmation"...}..
0140: 7d0a7d                                }.}
11/20 19:19:22.342: [amf] DEBUG: DownlinkNASTransport (../src/amf/ngap-build.c:321)
11/20 19:19:22.342: [amf] DEBUG:     RAN_UE_NGAP_ID[1] AMF_UE_NGAP_ID[1] (../src/amf/ngap-build.c:365)
11/20 19:19:22.342: [amf] DEBUG:     IP[127.0.0.1] RAN_ID[16384] (../src/amf/ngap-path.c:71)
11/20 19:19:22.342: [sbi] DEBUG: STREAM closed [1] (../lib/sbi/nghttp2-server.c:852)
11/20 19:19:22.342: [sbi] DEBUG: [200:GET] http://127.0.0.20:7777/nudr-dr/v1/subscription-data/imsi-999701000000010/authentication-data/authentication-subscription (../lib/sbi/client.c:573)
11/20 19:19:22.342: [sbi] DEBUG: RECEIVED[234] (../lib/sbi/client.c:584)
11/20 19:19:22.342: [sbi] DEBUG: {
	"authenticationMethod":	"5G_AKA",
	"encPermanentKey":	"465b5ce8b199b49faa5f0a2ee238a6bc",
	"sequenceNumber":	{
		"sqn":	"000000000040"
	},
	"authenticationManagementField":	"8000",
	"encOpcKey":	"e8ed289deba952e4283b54e88e6183ca"
} (../lib/sbi/client.c:586)
11/20 19:19:22.342: [udm] DEBUG: udm_state_operational(): OGS_EVENT_NAME_SBI_CLIENT (../src/udm/udm-sm.c:53)
11/20 19:19:22.342: [udm] DEBUG: udm_ue_state_operational(): OGS_EVENT_NAME_SBI_CLIENT (../src/udm/ue-sm.c:46)
0000: 0000ea00 01000000 017b0a09 22617574   .........{.."aut
0010: 68656e74 69636174 696f6e4d 6574686f   henticationMetho
0020: 64223a09 2235475f 414b4122 2c0a0922   d":."5G_AKA",.."
0030: 656e6350 65726d61 6e656e74 4b657922   encPermanentKey"
0040: 3a092234 36356235 63653862 31393962   :."465b5ce8b199b
0050: 34396661 61356630 61326565 32333861   49faa5f0a2ee238a
0060: 36626322 2c0a0922 73657175 656e6365   6bc",.."sequence
0070: 4e756d62 6572223a 097b0a09 09227371   Number":.{..."sq
0080: 6e223a09 22303030 30303030 30303034   n":."00000000004
0090: 30220a09 7d2c0a09 22617574 68656e74   0"..},.."authent
00a0: 69636174 696f6e4d 616e6167 656d656e   icationManagemen
00b0: 74466965 6c64223a 09223830 3030222c   tField":."8000",
00c0: 0a092265 6e634f70 634b6579 223a0922   .."encOpcKey":."
00d0: 65386564 32383964 65626139 35326534   e8ed289deba952e4
00e0: 32383362 35346538 38653631 38336361   283b54e88e6183ca
00f0: 220a7d                                ".}
11/20 19:19:22.342: [sbi] DEBUG: MAX_CONCURRENT_STREAMS = 100 (../lib/sbi/nghttp2-server.c:747)
11/20 19:19:22.342: [sbi] DEBUG: STATUS [200] (../lib/sbi/nghttp2-server.c:357)
11/20 19:19:22.342: [sbi] DEBUG: ENABLE_PUSH = false (../lib/sbi/nghttp2-server.c:749)
11/20 19:19:22.342: [sbi] DEBUG: SENDING...: 301 (../lib/sbi/nghttp2-server.c:365)
11/20 19:19:22.342: [sbi] DEBUG: {
	"authType":	"5G_AKA",
	"authenticationVector":	{
		"avType":	"5G_HE_AKA",
		"rand":	"0586985248f716d69df07e0b09a8abbb",
		"autn":	"eeb8921a35e080005c024451f43cf5fb",
		"xresStar":	"b95f8f69f4c57f3695d24a8eb630451c",
		"kausf":	"55d9d449960a46bd0b3fefd679dbd2215f9f307a476ac77fd5c6f52a3f5dd51d"
	}
} (../lib/sbi/nghttp2-server.c:366)
0000: 00000004 01000000 00                  .........
11/20 19:19:22.342: [sbi] DEBUG: STREAM closed [1] (../lib/sbi/nghttp2-server.c:852)
0000: 00003901 04000000 0188768b d5596a6f   ..9.......v..Yjo
0010: 16e53b89 76d76f61 96d07abe 941054d2   ..;.v.oa..z...T.
0020: 7eea0802 128066e0 5fb82129 8b46ff0f   ~.....f._.!).F..
0030: 0d033233 345f8b1d 75d0620d 263d4c74   ..234_..u.b.&=Lt
0040: 41ea                                  A.
11/20 19:19:22.342: [sbi] DEBUG: [200:GET] http://127.0.0.20:7777/nudr-dr/v1/subscription-data/imsi-999700000000010/authentication-data/authentication-subscription (../lib/sbi/client.c:573)
11/20 19:19:22.342: [amf] DEBUG: amf_state_operational(): AMF_EVENT_NGAP_MESSAGE (../src/amf/amf-sm.c:78)
11/20 19:19:22.342: [sbi] DEBUG: RECEIVED[234] (../lib/sbi/client.c:584)
11/20 19:19:22.342: [sbi] DEBUG: {
	"authenticationMethod":	"5G_AKA",
	"encPermanentKey":	"465b5ce8b199b49faa5f0a2ee238a6bc",
	"sequenceNumber":	{
		"sqn":	"000000000040"
	},
	"authenticationManagementField":	"8000",
	"encOpcKey":	"e8ed289deba952e4283b54e88e6183ca"
} (../lib/sbi/client.c:586)
11/20 19:19:22.342: [amf] DEBUG: ngap_state_operational(): AMF_EVENT_NGAP_MESSAGE (../src/amf/ngap-sm.c:53)
11/20 19:19:22.342: [amf] DEBUG: UplinkNASTransport (../src/amf/ngap-handler.c:546)
11/20 19:19:22.342: [amf] DEBUG:     IP[127.0.0.1] RAN_ID[16384] (../src/amf/ngap-handler.c:569)
11/20 19:19:22.342: [amf] DEBUG:     RAN_UE_NGAP_ID[1] AMF_UE_NGAP_ID[1] TAC[1] CellID[0x40001] (../src/amf/ngap-handler.c:650)
0000: 00000004 01000000 00                  .........
11/20 19:19:22.342: [amf] DEBUG: amf_state_operational(): AMF_EVENT_5GMM_MESSAGE (../src/amf/amf-sm.c:78)
11/20 19:19:22.342: [udm] DEBUG: udm_state_operational(): OGS_EVENT_NAME_SBI_CLIENT (../src/udm/udm-sm.c:53)
11/20 19:19:22.342: [gmm] DEBUG: gmm_state_authentication(): AMF_EVENT_5GMM_MESSAGE (../src/amf/gmm-sm.c:532)
11/20 19:19:22.342: [gmm] DEBUG: [suci-0-999-70-0-0-0-2000000010] Authentication response (../src/amf/gmm-handler.c:695)
11/20 19:19:22.342: [udm] DEBUG: udm_ue_state_operational(): OGS_EVENT_NAME_SBI_CLIENT (../src/udm/ue-sm.c:46)
11/20 19:19:22.342: [sock] DEBUG: addr:127.0.0.11, port:7777 (../lib/core/ogs-sockaddr.c:140)
11/20 19:19:22.342: [sbi] DEBUG: [PUT] http://127.0.0.11:7777/nausf-auth/v1/ue-authentications/1/5g-aka-confirmation (../lib/sbi/client.c:625)
11/20 19:19:22.342: [sbi] DEBUG: STATUS [200] (../lib/sbi/nghttp2-server.c:357)
11/20 19:19:22.342: [sbi] DEBUG: SENDING...: 301 (../lib/sbi/nghttp2-server.c:365)
0000: 0000ea00 01000000 017b0a09 22617574   .........{.."aut
0010: 68656e74 69636174 696f6e4d 6574686f   henticationMetho
0020: 64223a09 2235475f 414b4122 2c0a0922   d":."5G_AKA",.."
0030: 656e6350 65726d61 6e656e74 4b657922   encPermanentKey"
0040: 3a092234 36356235 63653862 31393962   :."465b5ce8b199b
0050: 34396661 61356630 61326565 32333861   49faa5f0a2ee238a
0060: 36626322 2c0a0922 73657175 656e6365   6bc",.."sequence
0070: 4e756d62 6572223a 097b0a09 09227371   Number":.{..."sq
0080: 6e223a09 22303030 30303030 30303034   n":."00000000004
0090: 30220a09 7d2c0a09 22617574 68656e74   0"..},.."authent
00a0: 69636174 696f6e4d 616e6167 656d656e   icationManagemen
00b0: 74466965 6c64223a 09223830 3030222c   tField":."8000",
00c0: 0a092265 6e634f70 634b6579 223a0922   .."encOpcKey":."
00d0: 65386564 32383964 65626139 35326534   e8ed289deba952e4
00e0: 32383362 35346538 38653631 38336361   283b54e88e6183ca
00f0: 220a7d                                ".}
11/20 19:19:22.342: [sbi] DEBUG: {
	"authType":	"5G_AKA",
	"authenticationVector":	{
		"avType":	"5G_HE_AKA",
		"rand":	"c7fda7f0431c6db0f762b31ec917fb70",
		"autn":	"1139347dd79e8000f22c5a656dc2b595",
		"xresStar":	"24ef0ff803e4c9a1111e258679918b40",
		"kausf":	"32e05ce38abd7c23ddf9eaca4d0518a66878a7bf716130783cd98ffc90e4f3c3"
	}
} (../lib/sbi/nghttp2-server.c:366)
11/20 19:19:22.342: [sbi] DEBUG: SENDING...[50] (../lib/sbi/client.c:401)
11/20 19:19:22.342: [sbi] DEBUG: {
	"resStar":	"6c0293b04d91236d3ecc5bdfe22b05a4"
} (../lib/sbi/client.c:403)
11/20 19:19:22.342: [sbi] DEBUG: STREAM closed [1] (../lib/sbi/nghttp2-server.c:852)
0000: 00003801 04000000 0188768b d5596a6f   ..8.......v..Yjo
0010: 16e53b89 76d76f61 96d07abe 941054d2   ..;.v.oa..z...T.
0020: 7eea0802 128066e0 5fb82129 8b46ff0f   ~.....f._.!).F..
0030: 0d826401 5f8b1d75 d0620d26 3d4c7441   ..d._..u.b.&=LtA
0040: ea                                    .
0000: 00000004 01000000 00                  .........
11/20 19:19:22.342: [sbi] DEBUG: STREAM added [3] (../lib/sbi/nghttp2-server.c:1122)
11/20 19:19:22.342: [sbi] DEBUG: [PUT] /nausf-auth/v1/ue-authentications/1/5g-aka-confirmation (../lib/sbi/nghttp2-server.c:801)
11/20 19:19:22.342: [sbi] DEBUG: RECEIVED: 50 (../lib/sbi/nghttp2-server.c:805)
11/20 19:19:22.342: [sbi] DEBUG: {
	"resStar":	"6c0293b04d91236d3ecc5bdfe22b05a4"
} (../lib/sbi/nghttp2-server.c:806)
0000: 00012d00 01000000 017b0a09 22617574   ..-......{.."aut
0010: 68547970 65223a09 2235475f 414b4122   hType":."5G_AKA"
0020: 2c0a0922 61757468 656e7469 63617469   ,.."authenticati
0030: 6f6e5665 63746f72 223a097b 0a090922   onVector":.{..."
0040: 61765479 7065223a 09223547 5f48455f   avType":."5G_HE_
0050: 414b4122 2c0a0909 2272616e 64223a09   AKA",..."rand":.
0060: 22303538 36393835 32343866 37313664   "0586985248f716d
0070: 36396466 30376530 62303961 38616262   69df07e0b09a8abb
0080: 62222c0a 09092261 75746e22 3a092265   b",..."autn":."e
0090: 65623839 32316133 35653038 30303035   eb8921a35e080005
00a0: 63303234 34353166 34336366 35666222   c024451f43cf5fb"
00b0: 2c0a0909 22787265 73537461 72223a09   ,..."xresStar":.
00c0: 22623935 66386636 39663463 35376633   "b95f8f69f4c57f3
00d0: 36393564 32346138 65623633 30343531   695d24a8eb630451
00e0: 63222c0a 0909226b 61757366 223a0922   c",..."kausf":."
00f0: 35356439 64343439 39363061 34366264   55d9d449960a46bd
0100: 30623366 65666436 37396462 64323231   0b3fefd679dbd221
0110: 35663966 33303761 34373661 63373766   5f9f307a476ac77f
0120: 64356336 66353261 33663564 64353164   d5c6f52a3f5dd51d
0130: 220a097d 0a7d                         "..}.}
11/20 19:19:22.342: [ausf] DEBUG: ausf_state_operational(): OGS_EVENT_NAME_SBI_SERVER (../src/ausf/ausf-sm.c:52)
11/20 19:19:22.342: [ausf] DEBUG: ausf_ue_state_operational(): OGS_EVENT_NAME_SBI_SERVER (../src/ausf/ue-sm.c:64)
0000: 00003801 04000000 0188768b d5596a6f   ..8.......v..Yjo
0010: 16e53b89 76d76f61 96d07abe 941054d2   ..;.v.oa..z...T.
0020: 7eea0802 128066e0 5fb82129 8b46ff0f   ~.....f._.!).F..
0030: 0d826401 5f8b1d75 d0620d26 3d4c7441   ..d._..u.b.&=LtA
0040: ea                                    .
11/20 19:19:22.342: [sbi] DEBUG: [POST] http://127.0.0.12:7777/nudm-ueau/v1/imsi-999702000000010/auth-events (../lib/sbi/client.c:625)
11/20 19:19:22.342: [sbi] DEBUG: SENDING...[209] (../lib/sbi/client.c:401)
11/20 19:19:22.342: [sbi] DEBUG: {
	"nfInstanceId":	"485b1d50-694b-41ed-a118-1fcc33a0b7f6",
	"success":	true,
	"timeStamp":	"2022-11-20T19:19:22.342925-08:00",
	"authType":	"5G_AKA",
	"servingNetworkName":	"5G:mnc070.mcc999.3gppnetwork.org"
} (../lib/sbi/client.c:403)
0000: 00012d00 01000000 017b0a09 22617574   ..-......{.."aut
0010: 68547970 65223a09 2235475f 414b4122   hType":."5G_AKA"
0020: 2c0a0922 61757468 656e7469 63617469   ,.."authenticati
0030: 6f6e5665 63746f72 223a097b 0a090922   onVector":.{..."
0040: 61765479 7065223a 09223547 5f48455f   avType":."5G_HE_
0050: 414b4122 2c0a0909 2272616e 64223a09   AKA",..."rand":.
0060: 22633766 64613766 30343331 63366462   "c7fda7f0431c6db
0070: 30663736 32623331 65633931 37666237   0f762b31ec917fb7
0080: 30222c0a 09092261 75746e22 3a092231   0",..."autn":."1
0090: 31333933 34376464 37396538 30303066   139347dd79e8000f
00a0: 32326335 61363536 64633262 35393522   22c5a656dc2b595"
00b0: 2c0a0909 22787265 73537461 72223a09   ,..."xresStar":.
00c0: 22323465 66306666 38303365 34633961   "24ef0ff803e4c9a
00d0: 31313131 65323538 36373939 31386234   1111e258679918b4
00e0: 30222c0a 0909226b 61757366 223a0922   0",..."kausf":."
00f0: 33326530 35636533 38616264 37633233   32e05ce38abd7c23
0100: 64646639 65616361 34643035 31386136   ddf9eaca4d0518a6
0110: 36383738 61376266 37313631 33303738   6878a7bf71613078
0120: 33636439 38666663 39306534 66336333   3cd98ffc90e4f3c3
0130: 220a097d 0a7d                         "..}.}
11/20 19:19:22.343: [sbi] DEBUG: STREAM added [3] (../lib/sbi/nghttp2-server.c:1122)
11/20 19:19:22.343: [sbi] DEBUG: [POST] /nudm-ueau/v1/imsi-999702000000010/auth-events (../lib/sbi/nghttp2-server.c:801)
11/20 19:19:22.343: [sbi] DEBUG: [200:POST] http://127.0.0.12:7777/nudm-ueau/v1/suci-0-999-70-0-0-0-1000000010/security-information/generate-auth-data (../lib/sbi/client.c:573)
11/20 19:19:22.343: [sbi] DEBUG: RECEIVED: 209 (../lib/sbi/nghttp2-server.c:805)
11/20 19:19:22.343: [sbi] DEBUG: RECEIVED[301] (../lib/sbi/client.c:584)
11/20 19:19:22.343: [sbi] DEBUG: {
	"nfInstanceId":	"485b1d50-694b-41ed-a118-1fcc33a0b7f6",
	"success":	true,
	"timeStamp":	"2022-11-20T19:19:22.342925-08:00",
	"authType":	"5G_AKA",
	"servingNetworkName":	"5G:mnc070.mcc999.3gppnetwork.org"
} (../lib/sbi/nghttp2-server.c:806)
11/20 19:19:22.343: [sbi] DEBUG: {
	"authType":	"5G_AKA",
	"authenticationVector":	{
		"avType":	"5G_HE_AKA",
		"rand":	"0586985248f716d69df07e0b09a8abbb",
		"autn":	"eeb8921a35e080005c024451f43cf5fb",
		"xresStar":	"b95f8f69f4c57f3695d24a8eb630451c",
		"kausf":	"55d9d449960a46bd0b3fefd679dbd2215f9f307a476ac77fd5c6f52a3f5dd51d"
	}
} (../lib/sbi/client.c:586)
11/20 19:19:22.343: [udm] DEBUG: udm_state_operational(): OGS_EVENT_NAME_SBI_SERVER (../src/udm/udm-sm.c:53)
11/20 19:19:22.343: [udm] DEBUG: udm_ue_state_operational(): OGS_EVENT_NAME_SBI_SERVER (../src/udm/ue-sm.c:46)
11/20 19:19:22.343: [sbi] DEBUG: [200:POST] http://127.0.0.12:7777/nudm-ueau/v1/suci-0-999-70-0-0-0-0000000010/security-information/generate-auth-data (../lib/sbi/client.c:573)
11/20 19:19:22.343: [sbi] DEBUG: RECEIVED[301] (../lib/sbi/client.c:584)
11/20 19:19:22.343: [sbi] DEBUG: [PUT] http://127.0.0.20:7777/nudr-dr/v1/subscription-data/imsi-999702000000010/authentication-data/authentication-status (../lib/sbi/client.c:625)
11/20 19:19:22.343: [sbi] DEBUG: {
	"authType":	"5G_AKA",
	"authenticationVector":	{
		"avType":	"5G_HE_AKA",
		"rand":	"c7fda7f0431c6db0f762b31ec917fb70",
		"autn":	"1139347dd79e8000f22c5a656dc2b595",
		"xresStar":	"24ef0ff803e4c9a1111e258679918b40",
		"kausf":	"32e05ce38abd7c23ddf9eaca4d0518a66878a7bf716130783cd98ffc90e4f3c3"
	}
} (../lib/sbi/client.c:586)
11/20 19:19:22.343: [sbi] DEBUG: SENDING...[209] (../lib/sbi/client.c:401)
11/20 19:19:22.343: [ausf] DEBUG: ausf_state_operational(): OGS_EVENT_NAME_SBI_CLIENT (../src/ausf/ausf-sm.c:52)
11/20 19:19:22.343: [sbi] DEBUG: {
	"nfInstanceId":	"485b1d50-694b-41ed-a118-1fcc33a0b7f6",
	"success":	true,
	"timeStamp":	"2022-11-20T19:19:22.342925-08:00",
	"authType":	"5G_AKA",
	"servingNetworkName":	"5G:mnc070.mcc999.3gppnetwork.org"
} (../lib/sbi/client.c:403)
11/20 19:19:22.343: [ausf] DEBUG: ausf_ue_state_operational(): OGS_EVENT_NAME_SBI_CLIENT (../src/ausf/ue-sm.c:64)
11/20 19:19:22.343: [sbi] DEBUG: STATUS [201] (../lib/sbi/nghttp2-server.c:357)
11/20 19:19:22.343: [sbi] DEBUG: SENDING...: 314 (../lib/sbi/nghttp2-server.c:365)
11/20 19:19:22.343: [sbi] DEBUG: {
	"authType":	"5G_AKA",
	"5gAuthData":	{
		"rand":	"0586985248f716d69df07e0b09a8abbb",
		"hxresStar":	"8d06ab995ebad546fdd6a4d4c1a994d1",
		"autn":	"eeb8921a35e080005c024451f43cf5fb"
	},
	"_links":	{
		"5g-aka":	{
			"href":	"http://127.0.0.11:7777/nausf-auth/v1/ue-authentications/2/5g-aka-confirmation"
		}
	}
} (../lib/sbi/nghttp2-server.c:366)
11/20 19:19:22.343: [sbi] DEBUG: STREAM closed [1] (../lib/sbi/nghttp2-server.c:852)
11/20 19:19:22.343: [ausf] DEBUG: ausf_state_operational(): OGS_EVENT_NAME_SBI_CLIENT (../src/ausf/ausf-sm.c:52)
11/20 19:19:22.343: [ausf] DEBUG: ausf_ue_state_operational(): OGS_EVENT_NAME_SBI_CLIENT (../src/ausf/ue-sm.c:64)
11/20 19:19:22.343: [sbi] DEBUG: STATUS [201] (../lib/sbi/nghttp2-server.c:357)
11/20 19:19:22.343: [sbi] DEBUG: SENDING...: 314 (../lib/sbi/nghttp2-server.c:365)
11/20 19:19:22.343: [sbi] DEBUG: {
	"authType":	"5G_AKA",
	"5gAuthData":	{
		"rand":	"c7fda7f0431c6db0f762b31ec917fb70",
		"hxresStar":	"773858caee2eac6c814f70d5de0e8952",
		"autn":	"1139347dd79e8000f22c5a656dc2b595"
	},
	"_links":	{
		"5g-aka":	{
			"href":	"http://127.0.0.11:7777/nausf-auth/v1/ue-authentications/3/5g-aka-confirmation"
		}
	}
} (../lib/sbi/nghttp2-server.c:366)
11/20 19:19:22.343: [sbi] DEBUG: STREAM closed [1] (../lib/sbi/nghttp2-server.c:852)
0000: 00000004 01000000 00                  .........
0000: 00000004 01000000 00                  .........
0000: 00006e01 04000000 01488210 03768bd5   ..n......H...v..
0010: 596a6f16 e53b8976 d76f6196 d07abe94   Yjo..;.v.oa..z..
0020: 1054d27e ea080212 8066e05f b821298b   .T.~.....f._.!).
0030: 46ff0f0d 03333134 0f1fa89d 29aee30c   F....314....)...
0040: 044eae05 c0b84371 d75d758a 876a2558   .N....Cq.]u..j%X
0050: 76a6763b 858b4ab0 ed4ce5a9 2620d263   v.v;..J..L..& .c
0060: d486055f 921d75d0 620d263d 4c333575   ..._..u.b.&=L35u
0070: e31d1fef a20f57                       ......W
0000: 00006e01 04000000 01488210 03768bd5   ..n......H...v..
0010: 596a6f16 e53b8976 d76f6196 d07abe94   Yjo..;.v.oa..z..
0020: 1054d27e ea080212 8066e05f b821298b   .T.~.....f._.!).
0030: 46ff0f0d 03333134 0f1fa89d 29aee30c   F....314....)...
0040: 044eae05 c0b84371 d75d758a 876a2558   .N....Cq.]u..j%X
0050: 76a6763b 858b4ab0 ed4ce5a9 2620d263   v.v;..J..L..& .c
0060: d486195f 921d75d0 620d263d 4c333575   ..._..u.b.&=L35u
0070: e31d1fef a20f57                       ......W
11/20 19:19:22.343: [sbi] DEBUG: [201:POST] http://127.0.0.11:7777/nausf-auth/v1/ue-authentications (../lib/sbi/client.c:573)
11/20 19:19:22.343: [sbi] DEBUG: RECEIVED[314] (../lib/sbi/client.c:584)
11/20 19:19:22.343: [sbi] DEBUG: {
	"authType":	"5G_AKA",
	"5gAuthData":	{
		"rand":	"0586985248f716d69df07e0b09a8abbb",
		"hxresStar":	"8d06ab995ebad546fdd6a4d4c1a994d1",
		"autn":	"eeb8921a35e080005c024451f43cf5fb"
	},
	"_links":	{
		"5g-aka":	{
			"href":	"http://127.0.0.11:7777/nausf-auth/v1/ue-authentications/2/5g-aka-confirmation"
		}
	}
} (../lib/sbi/client.c:586)
11/20 19:19:22.343: [amf] DEBUG: amf_state_operational(): OGS_EVENT_NAME_SBI_CLIENT (../src/amf/amf-sm.c:78)
11/20 19:19:22.343: [gmm] DEBUG: gmm_state_authentication(): OGS_EVENT_NAME_SBI_CLIENT (../src/amf/gmm-sm.c:532)
11/20 19:19:22.343: [amf] DEBUG: [suci-0-999-70-0-0-0-1000000010] Authentication request (../src/amf/nas-path.c:356)
0000: 00013a00 01000000 017b0a09 22617574   ..:......{.."aut
0010: 68547970 65223a09 2235475f 414b4122   hType":."5G_AKA"
0020: 2c0a0922 35674175 74684461 7461223a   ,.."5gAuthData":
0030: 097b0a09 09227261 6e64223a 09223035   .{..."rand":."05
0040: 38363938 35323438 66373136 64363964   86985248f716d69d
0050: 66303765 30623039 61386162 6262222c   f07e0b09a8abbb",
0060: 0a090922 68787265 73537461 72223a09   ..."hxresStar":.
0070: 22386430 36616239 39356562 61643534   "8d06ab995ebad54
0080: 36666464 36613464 34633161 39393464   6fdd6a4d4c1a994d
0090: 31222c0a 09092261 75746e22 3a092265   1",..."autn":."e
00a0: 65623839 32316133 35653038 30303035   eb8921a35e080005
00b0: 63303234 34353166 34336366 35666222   c024451f43cf5fb"
00c0: 0a097d2c 0a09225f 6c696e6b 73223a09   ..},.."_links":.
00d0: 7b0a0909 2235672d 616b6122 3a097b0a   {..."5g-aka":.{.
00e0: 09090922 68726566 223a0922 68747470   ..."href":."http
00f0: 3a2f2f31 32372e30 2e302e31 313a3737   ://127.0.0.11:77
0100: 37372f6e 61757366 2d617574 682f7631   77/nausf-auth/v1
0110: 2f75652d 61757468 656e7469 63617469   /ue-authenticati
0120: 6f6e732f 322f3567 2d616b61 2d636f6e   ons/2/5g-aka-con
0130: 6669726d 6174696f 6e220a09 097d0a09   firmation"...}..
0140: 7d0a7d                                }.}
11/20 19:19:22.343: [amf] DEBUG: DownlinkNASTransport (../src/amf/ngap-build.c:321)
11/20 19:19:22.343: [amf] DEBUG:     RAN_UE_NGAP_ID[1] AMF_UE_NGAP_ID[2] (../src/amf/ngap-build.c:365)
11/20 19:19:22.343: [amf] DEBUG:     IP[127.0.0.1] RAN_ID[16384] (../src/amf/ngap-path.c:71)
11/20 19:19:22.343: [sbi] DEBUG: [201:POST] http://127.0.0.11:7777/nausf-auth/v1/ue-authentications (../lib/sbi/client.c:573)
11/20 19:19:22.343: [sbi] DEBUG: RECEIVED[314] (../lib/sbi/client.c:584)
11/20 19:19:22.343: [sbi] DEBUG: {
	"authType":	"5G_AKA",
	"5gAuthData":	{
		"rand":	"c7fda7f0431c6db0f762b31ec917fb70",
		"hxresStar":	"773858caee2eac6c814f70d5de0e8952",
		"autn":	"1139347dd79e8000f22c5a656dc2b595"
	},
	"_links":	{
		"5g-aka":	{
			"href":	"http://127.0.0.11:7777/nausf-auth/v1/ue-authentications/3/5g-aka-confirmation"
		}
	}
} (../lib/sbi/client.c:586)
0000: 00013a00 01000000 017b0a09 22617574   ..:......{.."aut
0010: 68547970 65223a09 2235475f 414b4122   hType":."5G_AKA"
0020: 2c0a0922 35674175 74684461 7461223a   ,.."5gAuthData":
0030: 097b0a09 09227261 6e64223a 09226337   .{..."rand":."c7
0040: 66646137 66303433 31633664 62306637   fda7f0431c6db0f7
0050: 36326233 31656339 31376662 3730222c   62b31ec917fb70",
0060: 0a090922 68787265 73537461 72223a09   ..."hxresStar":.
0070: 22373733 38353863 61656532 65616336   "773858caee2eac6
0080: 63383134 66373064 35646530 65383935   c814f70d5de0e895
0090: 32222c0a 09092261 75746e22 3a092231   2",..."autn":."1
00a0: 31333933 34376464 37396538 30303066   139347dd79e8000f
00b0: 32326335 61363536 64633262 35393522   22c5a656dc2b595"
00c0: 0a097d2c 0a09225f 6c696e6b 73223a09   ..},.."_links":.
00d0: 7b0a0909 2235672d 616b6122 3a097b0a   {..."5g-aka":.{.
00e0: 09090922 68726566 223a0922 68747470   ..."href":."http
00f0: 3a2f2f31 32372e30 2e302e31 313a3737   ://127.0.0.11:77
0100: 37372f6e 61757366 2d617574 682f7631   77/nausf-auth/v1
0110: 2f75652d 61757468 656e7469 63617469   /ue-authenticati
0120: 6f6e732f 332f3567 2d616b61 2d636f6e   ons/3/5g-aka-con
0130: 6669726d 6174696f 6e220a09 097d0a09   firmation"...}..
0140: 7d0a7d                                }.}
11/20 19:19:22.343: [amf] DEBUG: amf_state_operational(): OGS_EVENT_NAME_SBI_CLIENT (../src/amf/amf-sm.c:78)
11/20 19:19:22.343: [gmm] DEBUG: gmm_state_authentication(): OGS_EVENT_NAME_SBI_CLIENT (../src/amf/gmm-sm.c:532)
11/20 19:19:22.343: [amf] DEBUG: [suci-0-999-70-0-0-0-0000000010] Authentication request (../src/amf/nas-path.c:356)
11/20 19:19:22.343: [amf] DEBUG: DownlinkNASTransport (../src/amf/ngap-build.c:321)
11/20 19:19:22.343: [amf] DEBUG:     RAN_UE_NGAP_ID[1] AMF_UE_NGAP_ID[3] (../src/amf/ngap-build.c:365)
11/20 19:19:22.343: [sbi] DEBUG: STREAM added [3] (../lib/sbi/nghttp2-server.c:1122)
11/20 19:19:22.343: [amf] DEBUG:     IP[127.0.0.1] RAN_ID[16384] (../src/amf/ngap-path.c:71)
11/20 19:19:22.344: [sbi] DEBUG: [PUT] /nudr-dr/v1/subscription-data/imsi-999702000000010/authentication-data/authentication-status (../lib/sbi/nghttp2-server.c:801)
11/20 19:19:22.344: [sbi] DEBUG: RECEIVED: 209 (../lib/sbi/nghttp2-server.c:805)
11/20 19:19:22.344: [sbi] DEBUG: {
	"nfInstanceId":	"485b1d50-694b-41ed-a118-1fcc33a0b7f6",
	"success":	true,
	"timeStamp":	"2022-11-20T19:19:22.342925-08:00",
	"authType":	"5G_AKA",
	"servingNetworkName":	"5G:mnc070.mcc999.3gppnetwork.org"
} (../lib/sbi/nghttp2-server.c:806)
11/20 19:19:22.344: [amf] DEBUG: amf_state_operational(): AMF_EVENT_NGAP_MESSAGE (../src/amf/amf-sm.c:78)
11/20 19:19:22.344: [udr] DEBUG: udr_state_operational(): OGS_EVENT_NAME_SBI_SERVER (../src/udr/udr-sm.c:51)
11/20 19:19:22.344: [amf] DEBUG: ngap_state_operational(): AMF_EVENT_NGAP_MESSAGE (../src/amf/ngap-sm.c:53)
11/20 19:19:22.344: [amf] DEBUG: UplinkNASTransport (../src/amf/ngap-handler.c:546)
11/20 19:19:22.344: [amf] DEBUG:     IP[127.0.0.1] RAN_ID[16384] (../src/amf/ngap-handler.c:569)
11/20 19:19:22.344: [amf] DEBUG:     RAN_UE_NGAP_ID[1] AMF_UE_NGAP_ID[3] TAC[1] CellID[0x40001] (../src/amf/ngap-handler.c:650)
11/20 19:19:22.344: [amf] DEBUG: amf_state_operational(): AMF_EVENT_5GMM_MESSAGE (../src/amf/amf-sm.c:78)
11/20 19:19:22.344: [gmm] DEBUG: gmm_state_authentication(): AMF_EVENT_5GMM_MESSAGE (../src/amf/gmm-sm.c:532)
11/20 19:19:22.344: [gmm] DEBUG: [suci-0-999-70-0-0-0-0000000010] Authentication response (../src/amf/gmm-handler.c:695)
11/20 19:19:22.344: [sock] DEBUG: addr:127.0.0.11, port:7777 (../lib/core/ogs-sockaddr.c:140)
11/20 19:19:22.344: [sbi] DEBUG: [PUT] http://127.0.0.11:7777/nausf-auth/v1/ue-authentications/3/5g-aka-confirmation (../lib/sbi/client.c:625)
11/20 19:19:22.344: [sbi] DEBUG: SENDING...[50] (../lib/sbi/client.c:401)
11/20 19:19:22.344: [sbi] DEBUG: {
	"resStar":	"24ef0ff803e4c9a1111e258679918b40"
} (../lib/sbi/client.c:403)
11/20 19:19:22.344: [amf] DEBUG: amf_state_operational(): AMF_EVENT_NGAP_MESSAGE (../src/amf/amf-sm.c:78)
11/20 19:19:22.344: [sbi] DEBUG: STREAM added [3] (../lib/sbi/nghttp2-server.c:1122)
11/20 19:19:22.344: [amf] DEBUG: ngap_state_operational(): AMF_EVENT_NGAP_MESSAGE (../src/amf/ngap-sm.c:53)
11/20 19:19:22.344: [amf] DEBUG: UplinkNASTransport (../src/amf/ngap-handler.c:546)
11/20 19:19:22.344: [amf] DEBUG:     IP[127.0.0.1] RAN_ID[16384] (../src/amf/ngap-handler.c:569)
11/20 19:19:22.344: [amf] DEBUG:     RAN_UE_NGAP_ID[1] AMF_UE_NGAP_ID[2] TAC[1] CellID[0x40001] (../src/amf/ngap-handler.c:650)
11/20 19:19:22.344: [sbi] DEBUG: [PUT] /nausf-auth/v1/ue-authentications/3/5g-aka-confirmation (../lib/sbi/nghttp2-server.c:801)
11/20 19:19:22.344: [amf] DEBUG: amf_state_operational(): AMF_EVENT_5GMM_MESSAGE (../src/amf/amf-sm.c:78)
11/20 19:19:22.344: [sbi] DEBUG: RECEIVED: 50 (../lib/sbi/nghttp2-server.c:805)
11/20 19:19:22.344: [sbi] DEBUG: {
	"resStar":	"24ef0ff803e4c9a1111e258679918b40"
} (../lib/sbi/nghttp2-server.c:806)
11/20 19:19:22.344: [gmm] DEBUG: gmm_state_authentication(): AMF_EVENT_5GMM_MESSAGE (../src/amf/gmm-sm.c:532)
11/20 19:19:22.344: [gmm] DEBUG: [suci-0-999-70-0-0-0-1000000010] Authentication response (../src/amf/gmm-handler.c:695)
11/20 19:19:22.344: [ausf] DEBUG: ausf_state_operational(): OGS_EVENT_NAME_SBI_SERVER (../src/ausf/ausf-sm.c:52)
11/20 19:19:22.344: [ausf] DEBUG: ausf_ue_state_operational(): OGS_EVENT_NAME_SBI_SERVER (../src/ausf/ue-sm.c:64)
11/20 19:19:22.344: [sock] DEBUG: addr:127.0.0.11, port:7777 (../lib/core/ogs-sockaddr.c:140)
11/20 19:19:22.344: [sbi] DEBUG: [POST] http://127.0.0.12:7777/nudm-ueau/v1/imsi-999700000000010/auth-events (../lib/sbi/client.c:625)
11/20 19:19:22.344: [sbi] DEBUG: [PUT] http://127.0.0.11:7777/nausf-auth/v1/ue-authentications/2/5g-aka-confirmation (../lib/sbi/client.c:625)
11/20 19:19:22.344: [sbi] DEBUG: SENDING...[50] (../lib/sbi/client.c:401)
11/20 19:19:22.344: [sbi] DEBUG: {
	"resStar":	"b95f8f69f4c57f3695d24a8eb630451c"
} (../lib/sbi/client.c:403)
11/20 19:19:22.344: [sbi] DEBUG: SENDING...[209] (../lib/sbi/client.c:401)
11/20 19:19:22.344: [sbi] DEBUG: {
	"nfInstanceId":	"485b1d50-694b-41ed-a118-1fcc33a0b7f6",
	"success":	true,
	"timeStamp":	"2022-11-20T19:19:22.344565-08:00",
	"authType":	"5G_AKA",
	"servingNetworkName":	"5G:mnc070.mcc999.3gppnetwork.org"
} (../lib/sbi/client.c:403)
11/20 19:19:22.344: [sbi] DEBUG: STREAM added [3] (../lib/sbi/nghttp2-server.c:1122)
11/20 19:19:22.344: [sbi] DEBUG: STREAM added [3] (../lib/sbi/nghttp2-server.c:1122)
11/20 19:19:22.344: [sbi] DEBUG: [PUT] /nausf-auth/v1/ue-authentications/2/5g-aka-confirmation (../lib/sbi/nghttp2-server.c:801)
11/20 19:19:22.344: [sbi] DEBUG: RECEIVED: 50 (../lib/sbi/nghttp2-server.c:805)
11/20 19:19:22.344: [sbi] DEBUG: [POST] /nudm-ueau/v1/imsi-999700000000010/auth-events (../lib/sbi/nghttp2-server.c:801)
11/20 19:19:22.344: [sbi] DEBUG: {
	"resStar":	"b95f8f69f4c57f3695d24a8eb630451c"
} (../lib/sbi/nghttp2-server.c:806)
11/20 19:19:22.344: [sbi] DEBUG: RECEIVED: 209 (../lib/sbi/nghttp2-server.c:805)
11/20 19:19:22.344: [ausf] DEBUG: ausf_state_operational(): OGS_EVENT_NAME_SBI_SERVER (../src/ausf/ausf-sm.c:52)
11/20 19:19:22.344: [sbi] DEBUG: {
	"nfInstanceId":	"485b1d50-694b-41ed-a118-1fcc33a0b7f6",
	"success":	true,
	"timeStamp":	"2022-11-20T19:19:22.344565-08:00",
	"authType":	"5G_AKA",
	"servingNetworkName":	"5G:mnc070.mcc999.3gppnetwork.org"
} (../lib/sbi/nghttp2-server.c:806)
11/20 19:19:22.344: [udm] DEBUG: udm_state_operational(): OGS_EVENT_NAME_SBI_SERVER (../src/udm/udm-sm.c:53)
11/20 19:19:22.344: [ausf] DEBUG: ausf_ue_state_operational(): OGS_EVENT_NAME_SBI_SERVER (../src/ausf/ue-sm.c:64)
11/20 19:19:22.344: [udm] DEBUG: udm_ue_state_operational(): OGS_EVENT_NAME_SBI_SERVER (../src/udm/ue-sm.c:46)
11/20 19:19:22.344: [sbi] DEBUG: [POST] http://127.0.0.12:7777/nudm-ueau/v1/imsi-999701000000010/auth-events (../lib/sbi/client.c:625)
11/20 19:19:22.344: [sbi] DEBUG: SENDING...[209] (../lib/sbi/client.c:401)
11/20 19:19:22.344: [sbi] DEBUG: {
	"nfInstanceId":	"485b1d50-694b-41ed-a118-1fcc33a0b7f6",
	"success":	true,
	"timeStamp":	"2022-11-20T19:19:22.344805-08:00",
	"authType":	"5G_AKA",
	"servingNetworkName":	"5G:mnc070.mcc999.3gppnetwork.org"
} (../lib/sbi/client.c:403)
11/20 19:19:22.344: [sbi] DEBUG: [PUT] http://127.0.0.20:7777/nudr-dr/v1/subscription-data/imsi-999700000000010/authentication-data/authentication-status (../lib/sbi/client.c:625)
11/20 19:19:22.344: [sbi] DEBUG: SENDING...[209] (../lib/sbi/client.c:401)
11/20 19:19:22.344: [sbi] DEBUG: {
	"nfInstanceId":	"485b1d50-694b-41ed-a118-1fcc33a0b7f6",
	"success":	true,
	"timeStamp":	"2022-11-20T19:19:22.344565-08:00",
	"authType":	"5G_AKA",
	"servingNetworkName":	"5G:mnc070.mcc999.3gppnetwork.org"
} (../lib/sbi/client.c:403)
11/20 19:19:22.344: [sbi] DEBUG: STREAM added [3] (../lib/sbi/nghttp2-server.c:1122)
11/20 19:19:22.345: [sbi] DEBUG: [POST] /nudm-ueau/v1/imsi-999701000000010/auth-events (../lib/sbi/nghttp2-server.c:801)
11/20 19:19:22.345: [sbi] DEBUG: RECEIVED: 209 (../lib/sbi/nghttp2-server.c:805)
11/20 19:19:22.345: [sbi] DEBUG: {
	"nfInstanceId":	"485b1d50-694b-41ed-a118-1fcc33a0b7f6",
	"success":	true,
	"timeStamp":	"2022-11-20T19:19:22.344805-08:00",
	"authType":	"5G_AKA",
	"servingNetworkName":	"5G:mnc070.mcc999.3gppnetwork.org"
} (../lib/sbi/nghttp2-server.c:806)
11/20 19:19:22.345: [udm] DEBUG: udm_state_operational(): OGS_EVENT_NAME_SBI_SERVER (../src/udm/udm-sm.c:53)
11/20 19:19:22.345: [udm] DEBUG: udm_ue_state_operational(): OGS_EVENT_NAME_SBI_SERVER (../src/udm/ue-sm.c:46)
11/20 19:19:22.345: [sbi] DEBUG: [PUT] http://127.0.0.20:7777/nudr-dr/v1/subscription-data/imsi-999701000000010/authentication-data/authentication-status (../lib/sbi/client.c:625)
11/20 19:19:22.345: [sbi] DEBUG: SENDING...[209] (../lib/sbi/client.c:401)
11/20 19:19:22.345: [sbi] DEBUG: {
	"nfInstanceId":	"485b1d50-694b-41ed-a118-1fcc33a0b7f6",
	"success":	true,
	"timeStamp":	"2022-11-20T19:19:22.344805-08:00",
	"authType":	"5G_AKA",
	"servingNetworkName":	"5G:mnc070.mcc999.3gppnetwork.org"
} (../lib/sbi/client.c:403)
11/20 19:19:22.345: [sbi] DEBUG: STATUS [204] (../lib/sbi/nghttp2-server.c:357)
11/20 19:19:22.345: [sbi] DEBUG: STREAM closed [3] (../lib/sbi/nghttp2-server.c:852)
0000: 00000301 05000000 0389c0bf            ............
11/20 19:19:22.345: [sbi] DEBUG: STREAM added [3] (../lib/sbi/nghttp2-server.c:1122)
11/20 19:19:22.345: [sbi] DEBUG: [204:PUT] http://127.0.0.20:7777/nudr-dr/v1/subscription-data/imsi-999702000000010/authentication-data/authentication-status (../lib/sbi/client.c:573)
11/20 19:19:22.345: [sbi] DEBUG: [PUT] /nudr-dr/v1/subscription-data/imsi-999700000000010/authentication-data/authentication-status (../lib/sbi/nghttp2-server.c:801)
11/20 19:19:22.345: [sbi] DEBUG: RECEIVED: 209 (../lib/sbi/nghttp2-server.c:805)
11/20 19:19:22.345: [sbi] DEBUG: RECEIVED[0] (../lib/sbi/client.c:584)
11/20 19:19:22.345: [sbi] DEBUG: {
	"nfInstanceId":	"485b1d50-694b-41ed-a118-1fcc33a0b7f6",
	"success":	true,
	"timeStamp":	"2022-11-20T19:19:22.344565-08:00",
	"authType":	"5G_AKA",
	"servingNetworkName":	"5G:mnc070.mcc999.3gppnetwork.org"
} (../lib/sbi/nghttp2-server.c:806)
11/20 19:19:22.345: [udm] DEBUG: udm_state_operational(): OGS_EVENT_NAME_SBI_CLIENT (../src/udm/udm-sm.c:53)
11/20 19:19:22.345: [sbi] DEBUG: STREAM added [3] (../lib/sbi/nghttp2-server.c:1122)
11/20 19:19:22.345: [udm] DEBUG: udm_ue_state_operational(): OGS_EVENT_NAME_SBI_CLIENT (../src/udm/ue-sm.c:46)
11/20 19:19:22.345: [sbi] DEBUG: [PUT] /nudr-dr/v1/subscription-data/imsi-999701000000010/authentication-data/authentication-status (../lib/sbi/nghttp2-server.c:801)
11/20 19:19:22.345: [sbi] DEBUG: RECEIVED: 209 (../lib/sbi/nghttp2-server.c:805)
11/20 19:19:22.345: [sbi] DEBUG: {
	"nfInstanceId":	"485b1d50-694b-41ed-a118-1fcc33a0b7f6",
	"success":	true,
	"timeStamp":	"2022-11-20T19:19:22.344805-08:00",
	"authType":	"5G_AKA",
	"servingNetworkName":	"5G:mnc070.mcc999.3gppnetwork.org"
} (../lib/sbi/nghttp2-server.c:806)
11/20 19:19:22.345: [sbi] DEBUG: STATUS [201] (../lib/sbi/nghttp2-server.c:357)
11/20 19:19:22.345: [sbi] DEBUG: SENDING...: 209 (../lib/sbi/nghttp2-server.c:365)
11/20 19:19:22.345: [udr] DEBUG: udr_state_operational(): OGS_EVENT_NAME_SBI_SERVER (../src/udr/udr-sm.c:51)
11/20 19:19:22.345: [sbi] DEBUG: {
	"nfInstanceId":	"485b1d50-694b-41ed-a118-1fcc33a0b7f6",
	"success":	true,
	"timeStamp":	"2022-11-20T19:19:22.342925-08:00",
	"authType":	"5G_AKA",
	"servingNetworkName":	"5G:mnc070.mcc999.3gppnetwork.org"
} (../lib/sbi/nghttp2-server.c:366)
11/20 19:19:22.345: [sbi] DEBUG: STREAM closed [3] (../lib/sbi/nghttp2-server.c:852)
0000: 00004001 04000000 03488210 03c1c00f   ..@......H......
0010: 0d82101f 0f1fb19d 29aee30c 044eae05   ........)....N..
0020: c0b84571 d75d758a ad9295ad 28ed63b8   ..Eq.]u.....(.c.
0030: 58352832 cfbefba0 10000000 0008181d   X5(2............
0040: a99d62f7 2d494301 bf                  ..b.-IC..
11/20 19:19:22.345: [sbi] DEBUG: [201:POST] http://127.0.0.12:7777/nudm-ueau/v1/imsi-999702000000010/auth-events (../lib/sbi/client.c:573)
11/20 19:19:22.345: [sbi] DEBUG: RECEIVED[209] (../lib/sbi/client.c:584)
11/20 19:19:22.345: [sbi] DEBUG: {
	"nfInstanceId":	"485b1d50-694b-41ed-a118-1fcc33a0b7f6",
	"success":	true,
	"timeStamp":	"2022-11-20T19:19:22.342925-08:00",
	"authType":	"5G_AKA",
	"servingNetworkName":	"5G:mnc070.mcc999.3gppnetwork.org"
} (../lib/sbi/client.c:586)
0000: 0000d100 01000000 037b0a09 226e6649   .........{.."nfI
0010: 6e737461 6e636549 64223a09 22343835   nstanceId":."485
0020: 62316435 302d3639 34622d34 3165642d   b1d50-694b-41ed-
0030: 61313138 2d316663 63333361 30623766   a118-1fcc33a0b7f
0040: 36222c0a 09227375 63636573 73223a09   6",.."success":.
0050: 74727565 2c0a0922 74696d65 5374616d   true,.."timeStam
0060: 70223a09 22323032 322d3131 2d323054   p":."2022-11-20T
0070: 31393a31 393a3232 2e333432 3932352d   19:19:22.342925-
0080: 30383a30 30222c0a 09226175 74685479   08:00",.."authTy
0090: 7065223a 09223547 5f414b41 222c0a09   pe":."5G_AKA",..
00a0: 22736572 76696e67 4e657477 6f726b4e   "servingNetworkN
00b0: 616d6522 3a092235 473a6d6e 63303730   ame":."5G:mnc070
00c0: 2e6d6363 3939392e 33677070 6e657477   .mcc999.3gppnetw
00d0: 6f726b2e 6f726722 0a7d                ork.org".}
11/20 19:19:22.345: [ausf] DEBUG: ausf_state_operational(): OGS_EVENT_NAME_SBI_CLIENT (../src/ausf/ausf-sm.c:52)
11/20 19:19:22.345: [ausf] DEBUG: ausf_ue_state_operational(): OGS_EVENT_NAME_SBI_CLIENT (../src/ausf/ue-sm.c:64)
11/20 19:19:22.345: [sbi] DEBUG: STATUS [200] (../lib/sbi/nghttp2-server.c:357)
11/20 19:19:22.346: [sbi] DEBUG: SENDING...: 154 (../lib/sbi/nghttp2-server.c:365)
11/20 19:19:22.346: [sbi] DEBUG: {
	"authResult":	"AUTHENTICATION_SUCCESS",
	"supi":	"imsi-999702000000010",
	"kseaf":	"a2866fa8d2be901bfef339baac358534db377efad28a84239659c1cd3ca983f0"
} (../lib/sbi/nghttp2-server.c:366)
11/20 19:19:22.346: [sbi] DEBUG: STREAM closed [3] (../lib/sbi/nghttp2-server.c:852)
0000: 00001601 04000000 0388c0bf 0f0d0331   ...............1
0010: 35345f8b 1d75d062 0d263d4c 7441ea     54_..u.b.&=LtA.
11/20 19:19:22.346: [sbi] DEBUG: [200:PUT] http://127.0.0.11:7777/nausf-auth/v1/ue-authentications/1/5g-aka-confirmation (../lib/sbi/client.c:573)
11/20 19:19:22.346: [sbi] DEBUG: RECEIVED[154] (../lib/sbi/client.c:584)
0000: 00009a00 01000000 037b0a09 22617574   .........{.."aut
0010: 68526573 756c7422 3a092241 55544845   hResult":."AUTHE
0020: 4e544943 4154494f 4e5f5355 43434553   NTICATION_SUCCES
0030: 53222c0a 09227375 7069223a 0922696d   S",.."supi":."im
0040: 73692d39 39393730 32303030 30303030   si-9997020000000
0050: 3130222c 0a09226b 73656166 223a0922   10",.."kseaf":."
0060: 61323836 36666138 64326265 39303162   a2866fa8d2be901b
0070: 66656633 33396261 61633335 38353334   fef339baac358534
0080: 64623337 37656661 64323861 38343233   db377efad28a8423
0090: 39363539 63316364 33636139 38336630   9659c1cd3ca983f0
00a0: 220a7d                                ".}
11/20 19:19:22.346: [sbi] DEBUG: {
	"authResult":	"AUTHENTICATION_SUCCESS",
	"supi":	"imsi-999702000000010",
	"kseaf":	"a2866fa8d2be901bfef339baac358534db377efad28a84239659c1cd3ca983f0"
} (../lib/sbi/client.c:586)
11/20 19:19:22.346: [amf] DEBUG: amf_state_operational(): OGS_EVENT_NAME_SBI_CLIENT (../src/amf/amf-sm.c:78)
11/20 19:19:22.346: [gmm] DEBUG: gmm_state_authentication(): OGS_EVENT_NAME_SBI_CLIENT (../src/amf/gmm-sm.c:532)
11/20 19:19:22.346: [gmm] DEBUG: gmm_state_authentication(): EXIT (../src/amf/gmm-sm.c:532)
11/20 19:19:22.346: [gmm] DEBUG: gmm_state_security_mode(): ENTRY (../src/amf/gmm-sm.c:777)
11/20 19:19:22.346: [amf] DEBUG: [imsi-999702000000010] Security mode command (../src/amf/nas-path.c:402)
11/20 19:19:22.346: [gmm] DEBUG:     Replayed UE SEC[LEN:2 NEA:0xf0 NIA:0xf0 EEA:0x0 EIA:0x0 (../src/amf/gmm-build.c:442)
11/20 19:19:22.346: [gmm] DEBUG:     Selected[Integrity:0x2 Encrypt:0x0] (../src/amf/gmm-build.c:444)
11/20 19:19:22.346: [amf] DEBUG: DownlinkNASTransport (../src/amf/ngap-build.c:321)
11/20 19:19:22.346: [amf] DEBUG:     RAN_UE_NGAP_ID[1] AMF_UE_NGAP_ID[1] (../src/amf/ngap-build.c:365)
11/20 19:19:22.346: [amf] DEBUG:     IP[127.0.0.1] RAN_ID[16384] (../src/amf/ngap-path.c:71)
11/20 19:19:22.346: [amf] DEBUG: amf_state_operational(): AMF_EVENT_NGAP_MESSAGE (../src/amf/amf-sm.c:78)
11/20 19:19:22.346: [amf] DEBUG: ngap_state_operational(): AMF_EVENT_NGAP_MESSAGE (../src/amf/ngap-sm.c:53)
11/20 19:19:22.346: [amf] DEBUG: UplinkNASTransport (../src/amf/ngap-handler.c:546)
11/20 19:19:22.346: [sbi] DEBUG: STATUS [204] (../lib/sbi/nghttp2-server.c:357)
11/20 19:19:22.346: [amf] DEBUG:     IP[127.0.0.1] RAN_ID[16384] (../src/amf/ngap-handler.c:569)
11/20 19:19:22.346: [amf] DEBUG:     RAN_UE_NGAP_ID[1] AMF_UE_NGAP_ID[1] TAC[1] CellID[0x40001] (../src/amf/ngap-handler.c:650)
11/20 19:19:22.346: [sbi] DEBUG: STREAM closed [3] (../lib/sbi/nghttp2-server.c:852)
11/20 19:19:22.346: [amf] DEBUG: amf_state_operational(): AMF_EVENT_5GMM_MESSAGE (../src/amf/amf-sm.c:78)
11/20 19:19:22.346: [udr] DEBUG: udr_state_operational(): OGS_EVENT_NAME_SBI_SERVER (../src/udr/udr-sm.c:51)
11/20 19:19:22.346: [gmm] DEBUG: gmm_state_security_mode(): AMF_EVENT_5GMM_MESSAGE (../src/amf/gmm-sm.c:777)
11/20 19:19:22.346: [gmm] DEBUG: [imsi-999702000000010] Security mode complete (../src/amf/gmm-sm.c:798)
11/20 19:19:22.347: [gmm] DEBUG: Registration request in NAS message container (../src/amf/gmm-handler.c:1265)
11/20 19:19:22.347: [gmm] DEBUG:     5GMM Capability:[LPP:0, HO_ATTACH:1, S1_MODE:1] (../src/amf/gmm-handler.c:322)
11/20 19:19:22.347: [sbi] WARNING: Try to discover [nudm-uecm] (../lib/sbi/path.c:337)
11/20 19:19:22.347: [sbi] DEBUG: [GET] http://[::1]:7777/nnrf-disc/v1/nf-instances (../lib/sbi/client.c:625)
11/20 19:19:22.347: [gmm] DEBUG: gmm_state_security_mode(): EXIT (../src/amf/gmm-sm.c:777)
11/20 19:19:22.347: [gmm] DEBUG: gmm_state_initial_context_setup(): ENTRY (../src/amf/gmm-sm.c:969)
11/20 19:19:22.347: [sbi] DEBUG: STREAM added [7] (../lib/sbi/nghttp2-server.c:1122)
11/20 19:19:22.347: [sbi] DEBUG: [GET] /nnrf-disc/v1/nf-instances (../lib/sbi/nghttp2-server.c:801)
11/20 19:19:22.347: [nrf] DEBUG: nrf_state_operational(): OGS_EVENT_NAME_SBI_SERVER (../src/nrf/nrf-sm.c:50)
11/20 19:19:22.347: [nrf] DEBUG: NF-Discover : Requester[AMF] Target[UDM] (../src/nrf/nnrf-handler.c:450)
11/20 19:19:22.347: [nrf] DEBUG: [0] service-names[nudm-uecm] (../src/nrf/nnrf-handler.c:478)
11/20 19:19:22.347: [nrf] DEBUG: [486054dc-694b-41ed-927b-4d0a906ac64b:0] NF-Discovered [NF-Type:UDM,NF-Status:REGISTERED,IPv4:1,IPv6:0] (../src/nrf/nnrf-handler.c:505)
11/20 19:19:22.347: [sbi] DEBUG: STATUS [200] (../lib/sbi/nghttp2-server.c:357)
11/20 19:19:22.347: [sbi] DEBUG: SENDING...: 876 (../lib/sbi/nghttp2-server.c:365)
11/20 19:19:22.347: [sbi] DEBUG: {
	"validityPeriod":	3600,
	"nfInstances":	[{
			"nfInstanceId":	"486054dc-694b-41ed-927b-4d0a906ac64b",
			"nfType":	"UDM",
			"nfStatus":	"REGISTERED",
			"heartBeatTimer":	10,
			"ipv4Addresses":	["127.0.0.12"],
			"allowedNfTypes":	["AMF", "SMF", "AUSF", "SCP"],
			"priority":	0,
			"capacity":	100,
			"load":	0,
			"nfServiceList":	{
				"486062b0-694b-41ed-927b-4d0a906ac64b":	{
					"serviceInstanceId":	"486062b0-694b-41ed-927b-4d0a906ac64b",
					"serviceName":	"nudm-uecm",
					"versions":	[{
							"apiVersionInUri":	"v1",
							"apiFullVersion":	"1.0.0"
						}],
					"scheme":	"http",
					"nfServiceStatus":	"REGISTERED",
					"ipEndPoints":	[{
							"ipv4Address":	"127.0.0.12",
							"port":	7777
						}],
					"allowedNfTypes":	["AMF"],
					"priority":	0,
					"capacity":	100,
					"load":	0
				}
			},
			"nfProfileChangesSupportInd":	true
		}]
} (../lib/sbi/nghttp2-server.c:366)
11/20 19:19:22.347: [sbi] DEBUG: STREAM closed [7] (../lib/sbi/nghttp2-server.c:852)
0000: 00000b01 04000000 0788c2bf 0f0d0338   ...............8
0010: 3736c0be                              76..
0000: 00036c00 01000000 077b0a09 2276616c   ..l......{.."val
0010: 69646974 79506572 696f6422 3a093336   idityPeriod":.36
0020: 30302c0a 09226e66 496e7374 616e6365   00,.."nfInstance
0030: 73223a09 5b7b0a09 0909226e 66496e73   s":.[{...."nfIns
0040: 74616e63 65496422 3a092234 38363035   tanceId":."48605
0050: 3464632d 36393462 2d343165 642d3932   4dc-694b-41ed-92
0060: 37622d34 64306139 30366163 36346222   7b-4d0a906ac64b"
0070: 2c0a0909 09226e66 54797065 223a0922   ,...."nfType":."
0080: 55444d22 2c0a0909 09226e66 53746174   UDM",...."nfStat
0090: 7573223a 09225245 47495354 45524544   us":."REGISTERED
00a0: 222c0a09 09092268 65617274 42656174   ",...."heartBeat
00b0: 54696d65 72223a09 31302c0a 09090922   Timer":.10,...."
00c0: 69707634 41646472 65737365 73223a09   ipv4Addresses":.
00d0: 5b223132 372e302e 302e3132 225d2c0a   ["127.0.0.12"],.
00e0: 09090922 616c6c6f 7765644e 66547970   ..."allowedNfTyp
00f0: 6573223a 095b2241 4d46222c 2022534d   es":.["AMF", "SM
0100: 46222c20 22415553 46222c20 22534350   F", "AUSF", "SCP
0110: 225d2c0a 09090922 7072696f 72697479   "],...."priority
0120: 223a0930 2c0a0909 09226361 70616369   ":.0,...."capaci
0130: 7479223a 09313030 2c0a0909 09226c6f   ty":.100,...."lo
0140: 6164223a 09302c0a 09090922 6e665365   ad":.0,...."nfSe
0150: 72766963 654c6973 74223a09 7b0a0909   rviceList":.{...
0160: 09092234 38363036 3262302d 36393462   .."486062b0-694b
0170: 2d343165 642d3932 37622d34 64306139   -41ed-927b-4d0a9
0180: 30366163 36346222 3a097b0a 09090909   06ac64b":.{.....
0190: 09227365 72766963 65496e73 74616e63   ."serviceInstanc
01a0: 65496422 3a092234 38363036 3262302d   eId":."486062b0-
01b0: 36393462 2d343165 642d3932 37622d34   694b-41ed-927b-4
01c0: 64306139 30366163 36346222 2c0a0909   d0a906ac64b",...
01d0: 09090922 73657276 6963654e 616d6522   ..."serviceName"
01e0: 3a09226e 75646d2d 7565636d 222c0a09   :."nudm-uecm",..
01f0: 09090909 22766572 73696f6e 73223a09   ...."versions":.
0200: 5b7b0a09 09090909 09092261 70695665   [{........"apiVe
0210: 7273696f 6e496e55 7269223a 09227631   rsionInUri":."v1
0220: 222c0a09 09090909 09092261 70694675   ",........"apiFu
0230: 6c6c5665 7273696f 6e223a09 22312e30   llVersion":."1.0
0240: 2e30220a 09090909 09097d5d 2c0a0909   .0".......}],...
0250: 09090922 73636865 6d65223a 09226874   ..."scheme":."ht
0260: 7470222c 0a090909 0909226e 66536572   tp",......"nfSer
0270: 76696365 53746174 7573223a 09225245   viceStatus":."RE
0280: 47495354 45524544 222c0a09 09090909   GISTERED",......
0290: 22697045 6e64506f 696e7473 223a095b   "ipEndPoints":.[
02a0: 7b0a0909 09090909 09226970 76344164   {........"ipv4Ad
02b0: 64726573 73223a09 22313237 2e302e30   dress":."127.0.0
02c0: 2e313222 2c0a0909 09090909 0922706f   .12",........"po
02d0: 7274223a 09373737 370a0909 09090909   rt":.7777.......
02e0: 7d5d2c0a 09090909 0922616c 6c6f7765   }],......"allowe
02f0: 644e6654 79706573 223a095b 22414d46   dNfTypes":.["AMF
0300: 225d2c0a 09090909 09227072 696f7269   "],......"priori
0310: 7479223a 09302c0a 09090909 09226361   ty":.0,......"ca
0320: 70616369 7479223a 09313030 2c0a0909   pacity":.100,...
0330: 09090922 6c6f6164 223a0930 0a090909   ..."load":.0....
0340: 097d0a09 09097d2c 0a090909 226e6650   .}....},...."nfP
0350: 726f6669 6c654368 616e6765 73537570   rofileChangesSup
0360: 706f7274 496e6422 3a097472 75650a09   portInd":.true..
0370: 097d5d0a 7d                           .}].}
11/20 19:19:22.348: [sbi] DEBUG: [200:GET] http://[::1]:7777/nnrf-disc/v1/nf-instances?target-nf-type=UDM&requester-nf-type=AMF&service-names=nudm-uecm (../lib/sbi/client.c:573)
11/20 19:19:22.348: [sbi] DEBUG: RECEIVED[876] (../lib/sbi/client.c:584)
11/20 19:19:22.348: [sbi] DEBUG: {
	"validityPeriod":	3600,
	"nfInstances":	[{
			"nfInstanceId":	"486054dc-694b-41ed-927b-4d0a906ac64b",
			"nfType":	"UDM",
			"nfStatus":	"REGISTERED",
			"heartBeatTimer":	10,
			"ipv4Addresses":	["127.0.0.12"],
			"allowedNfTypes":	["AMF", "SMF", "AUSF", "SCP"],
			"priority":	0,
			"capacity":	100,
			"load":	0,
			"nfServiceList":	{
				"486062b0-694b-41ed-927b-4d0a906ac64b":	{
					"serviceInstanceId":	"486062b0-694b-41ed-927b-4d0a906ac64b",
					"serviceName":	"nudm-uecm",
					"versions":	[{
							"apiVersionInUri":	"v1",
							"apiFullVersion":	"1.0.0"
						}],
					"scheme":	"http",
					"nfServiceStatus":	"REGISTERED",
					"ipEndPoints":	[{
							"ipv4Address":	"127.0.0.12",
							"port":	7777
						}],
					"allowedNfTypes":	["AMF"],
					"priority":	0,
					"capacity":	100,
					"load":	0
				}
			},
			"nfProfileChangesSupportInd":	true
		}]
} (../lib/sbi/client.c:586)
11/20 19:19:22.348: [amf] DEBUG: amf_state_operational(): OGS_EVENT_NAME_SBI_CLIENT (../src/amf/amf-sm.c:78)
11/20 19:19:22.348: [sbi] DEBUG: ogs_sbi_nf_instance_add() (../lib/sbi/context.c:762)
11/20 19:19:22.348: [sbi] DEBUG: [REF] 1 (../lib/sbi/context.c:764)
11/20 19:19:22.348: [sbi] DEBUG: ogs_sbi_nf_state_initial(): ENTRY (../lib/sbi/nf-sm.c:66)
11/20 19:19:22.348: [sbi] DEBUG: ogs_sbi_nf_state_registered(): ENTRY (../lib/sbi/nf-sm.c:204)
11/20 19:19:22.348: [sbi] INFO: [486054dc-694b-41ed-927b-4d0a906ac64b] (NF-discover) NF registered (../lib/sbi/nnrf-handler.c:725)
11/20 19:19:22.348: [sock] DEBUG: addr:127.0.0.12, port:80 (../lib/core/ogs-sockaddr.c:140)
11/20 19:19:22.348: [sock] DEBUG: addr:127.0.0.12, port:7777 (../lib/core/ogs-sockaddr.c:140)
11/20 19:19:22.348: [sbi] DEBUG: STATUS [204] (../lib/sbi/nghttp2-server.c:357)
11/20 19:19:22.348: [sbi] DEBUG: ogs_sbi_client_add() (../lib/sbi/client.c:112)
11/20 19:19:22.348: [sbi] DEBUG: STREAM closed [3] (../lib/sbi/nghttp2-server.c:852)
11/20 19:19:22.348: [sbi] DEBUG: [REF] 1 (../lib/sbi/client.c:113)
11/20 19:19:22.348: [sbi] DEBUG: [REF] 2 (../lib/sbi/context.c:1570)
11/20 19:19:22.348: [sbi] DEBUG: ogs_sbi_client_add() (../lib/sbi/client.c:112)
11/20 19:19:22.348: [sbi] DEBUG: [REF] 1 (../lib/sbi/client.c:113)
11/20 19:19:22.348: [sbi] DEBUG: [REF] 2 (../lib/sbi/context.c:1482)
11/20 19:19:22.348: [sbi] INFO: [486054dc-694b-41ed-927b-4d0a906ac64b] (NF-discover) NF Profile updated (../lib/sbi/nnrf-handler.c:752)
0000: 00000301 05000000 0389c0bf            ............
11/20 19:19:22.348: [sbi] DEBUG: [204:PUT] http://127.0.0.20:7777/nudr-dr/v1/subscription-data/imsi-999700000000010/authentication-data/authentication-status (../lib/sbi/client.c:573)
11/20 19:19:22.348: [amf] DEBUG: [REF] 2 (../src/amf/context.c:1945)
11/20 19:19:22.348: [sbi] DEBUG: RECEIVED[0] (../lib/sbi/client.c:584)
0000: 00000301 05000000 0389c0bf            ............
11/20 19:19:22.348: [sbi] DEBUG: [PUT] http://127.0.0.12:7777/nudm-uecm/v1/imsi-999702000000010/registrations/amf-3gpp-access (../lib/sbi/client.c:625)
11/20 19:19:22.348: [udm] DEBUG: udm_state_operational(): OGS_EVENT_NAME_SBI_CLIENT (../src/udm/udm-sm.c:53)
11/20 19:19:22.348: [sbi] DEBUG: SENDING...[262] (../lib/sbi/client.c:401)
11/20 19:19:22.348: [udm] DEBUG: udm_ue_state_operational(): OGS_EVENT_NAME_SBI_CLIENT (../src/udm/ue-sm.c:46)
11/20 19:19:22.348: [sbi] DEBUG: {
	"amfInstanceId":	"4852b174-694b-41ed-8013-d76538520ad0",
	"deregCallbackUri":	"http://127.0.0.5:7777/namf-callback/v1/imsi-999702000000010/dereg-notify",
	"guami":	{
		"plmnId":	{
			"mcc":	"999",
			"mnc":	"70"
		},
		"amfId":	"020040"
	},
	"ratType":	"NR"
} (../lib/sbi/client.c:403)
11/20 19:19:22.348: [sbi] DEBUG: STATUS [201] (../lib/sbi/nghttp2-server.c:357)
11/20 19:19:22.348: [sbi] DEBUG: SENDING...: 209 (../lib/sbi/nghttp2-server.c:365)
11/20 19:19:22.348: [sbi] DEBUG: {
	"nfInstanceId":	"485b1d50-694b-41ed-a118-1fcc33a0b7f6",
	"success":	true,
	"timeStamp":	"2022-11-20T19:19:22.344565-08:00",
	"authType":	"5G_AKA",
	"servingNetworkName":	"5G:mnc070.mcc999.3gppnetwork.org"
} (../lib/sbi/nghttp2-server.c:366)
11/20 19:19:22.348: [sbi] DEBUG: STREAM closed [3] (../lib/sbi/nghttp2-server.c:852)
11/20 19:19:22.348: [sbi] DEBUG: [204:PUT] http://127.0.0.20:7777/nudr-dr/v1/subscription-data/imsi-999701000000010/authentication-data/authentication-status (../lib/sbi/client.c:573)
11/20 19:19:22.348: [sbi] DEBUG: RECEIVED[0] (../lib/sbi/client.c:584)
0000: 00004101 04000000 03488210 03c1c00f   ..A......H......
0010: 0d82101f 0f1fb29d 29aee30c 044eae05   ........)....N..
0020: c0b84571 d75d758a ad9295ad 28ed63b8   ..Eq.]u.....(.c.
0030: 58352832 cfbefba0 00000000 0008181d   X5(2............
0040: a99d62f7 2d49430c ffbf                ..b.-IC...
11/20 19:19:22.348: [udm] DEBUG: udm_state_operational(): OGS_EVENT_NAME_SBI_CLIENT (../src/udm/udm-sm.c:53)
11/20 19:19:22.348: [udm] DEBUG: udm_ue_state_operational(): OGS_EVENT_NAME_SBI_CLIENT (../src/udm/ue-sm.c:46)
11/20 19:19:22.348: [sbi] DEBUG: STATUS [201] (../lib/sbi/nghttp2-server.c:357)
11/20 19:19:22.348: [sbi] DEBUG: SENDING...: 209 (../lib/sbi/nghttp2-server.c:365)
11/20 19:19:22.348: [sbi] DEBUG: {
	"nfInstanceId":	"485b1d50-694b-41ed-a118-1fcc33a0b7f6",
	"success":	true,
	"timeStamp":	"2022-11-20T19:19:22.344805-08:00",
	"authType":	"5G_AKA",
	"servingNetworkName":	"5G:mnc070.mcc999.3gppnetwork.org"
} (../lib/sbi/nghttp2-server.c:366)
11/20 19:19:22.348: [sbi] DEBUG: STREAM closed [3] (../lib/sbi/nghttp2-server.c:852)
0000: 0000d100 01000000 037b0a09 226e6649   .........{.."nfI
0010: 6e737461 6e636549 64223a09 22343835   nstanceId":."485
0020: 62316435 302d3639 34622d34 3165642d   b1d50-694b-41ed-
0030: 61313138 2d316663 63333361 30623766   a118-1fcc33a0b7f
0040: 36222c0a 09227375 63636573 73223a09   6",.."success":.
0050: 74727565 2c0a0922 74696d65 5374616d   true,.."timeStam
0060: 70223a09 22323032 322d3131 2d323054   p":."2022-11-20T
0070: 31393a31 393a3232 2e333434 3536352d   19:19:22.344565-
0080: 30383a30 30222c0a 09226175 74685479   08:00",.."authTy
0090: 7065223a 09223547 5f414b41 222c0a09   pe":."5G_AKA",..
00a0: 22736572 76696e67 4e657477 6f726b4e   "servingNetworkN
00b0: 616d6522 3a092235 473a6d6e 63303730   ame":."5G:mnc070
00c0: 2e6d6363 3939392e 33677070 6e657477   .mcc999.3gppnetw
00d0: 6f726b2e 6f726722 0a7d                ork.org".}
11/20 19:19:22.348: [sbi] DEBUG: [201:POST] http://127.0.0.12:7777/nudm-ueau/v1/imsi-999700000000010/auth-events (../lib/sbi/client.c:573)
11/20 19:19:22.348: [sbi] DEBUG: RECEIVED[209] (../lib/sbi/client.c:584)
11/20 19:19:22.348: [sbi] DEBUG: {
	"nfInstanceId":	"485b1d50-694b-41ed-a118-1fcc33a0b7f6",
	"success":	true,
	"timeStamp":	"2022-11-20T19:19:22.344565-08:00",
	"authType":	"5G_AKA",
	"servingNetworkName":	"5G:mnc070.mcc999.3gppnetwork.org"
} (../lib/sbi/client.c:586)
0000: 00004001 04000000 03488210 03c1c00f   ..@......H......
0010: 0d82101f bf0f1fb1 9d29aee3 0c044eae   .........)....N.
0020: 05c0b845 71d75d75 8aad9295 ad28ed63   ...Eq.]u.....(.c
0030: b8583528 32cfbefb a0080000 00000818   .X5(2...........
0040: 1da99d62 f72d4943 02                  ...b.-IC.
11/20 19:19:22.348: [ausf] DEBUG: ausf_state_operational(): OGS_EVENT_NAME_SBI_CLIENT (../src/ausf/ausf-sm.c:52)
11/20 19:19:22.348: [ausf] DEBUG: ausf_ue_state_operational(): OGS_EVENT_NAME_SBI_CLIENT (../src/ausf/ue-sm.c:64)
0000: 0000d100 01000000 037b0a09 226e6649   .........{.."nfI
0010: 6e737461 6e636549 64223a09 22343835   nstanceId":."485
0020: 62316435 302d3639 34622d34 3165642d   b1d50-694b-41ed-
0030: 61313138 2d316663 63333361 30623766   a118-1fcc33a0b7f
0040: 36222c0a 09227375 63636573 73223a09   6",.."success":.
0050: 74727565 2c0a0922 74696d65 5374616d   true,.."timeStam
0060: 70223a09 22323032 322d3131 2d323054   p":."2022-11-20T
0070: 31393a31 393a3232 2e333434 3830352d   19:19:22.344805-
0080: 30383a30 30222c0a 09226175 74685479   08:00",.."authTy
0090: 7065223a 09223547 5f414b41 222c0a09   pe":."5G_AKA",..
00a0: 22736572 76696e67 4e657477 6f726b4e   "servingNetworkN
00b0: 616d6522 3a092235 473a6d6e 63303730   ame":."5G:mnc070
00c0: 2e6d6363 3939392e 33677070 6e657477   .mcc999.3gppnetw
00d0: 6f726b2e 6f726722 0a7d                ork.org".}
11/20 19:19:22.348: [sbi] DEBUG: STATUS [200] (../lib/sbi/nghttp2-server.c:357)
11/20 19:19:22.348: [sbi] DEBUG: SENDING...: 154 (../lib/sbi/nghttp2-server.c:365)
11/20 19:19:22.348: [sbi] DEBUG: MAX_CONCURRENT_STREAMS = 100 (../lib/sbi/nghttp2-server.c:747)
11/20 19:19:22.348: [sbi] DEBUG: {
	"authResult":	"AUTHENTICATION_SUCCESS",
	"supi":	"imsi-999700000000010",
	"kseaf":	"091567710b5804dde790179df13321e4bf662099995f96641d5d34e13ae16a17"
} (../lib/sbi/nghttp2-server.c:366)
11/20 19:19:22.348: [sbi] DEBUG: ENABLE_PUSH = false (../lib/sbi/nghttp2-server.c:749)
11/20 19:19:22.348: [sbi] DEBUG: STREAM added [1] (../lib/sbi/nghttp2-server.c:1122)
11/20 19:19:22.348: [sbi] DEBUG: STREAM closed [3] (../lib/sbi/nghttp2-server.c:852)
11/20 19:19:22.348: [sbi] DEBUG: [PUT] /nudm-uecm/v1/imsi-999702000000010/registrations/amf-3gpp-access (../lib/sbi/nghttp2-server.c:801)
11/20 19:19:22.348: [sbi] DEBUG: RECEIVED: 262 (../lib/sbi/nghttp2-server.c:805)
11/20 19:19:22.348: [sbi] DEBUG: {
	"amfInstanceId":	"4852b174-694b-41ed-8013-d76538520ad0",
	"deregCallbackUri":	"http://127.0.0.5:7777/namf-callback/v1/imsi-999702000000010/dereg-notify",
	"guami":	{
		"plmnId":	{
			"mcc":	"999",
			"mnc":	"70"
		},
		"amfId":	"020040"
	},
	"ratType":	"NR"
} (../lib/sbi/nghttp2-server.c:806)
11/20 19:19:22.348: [sbi] DEBUG: [201:POST] http://127.0.0.12:7777/nudm-ueau/v1/imsi-999701000000010/auth-events (../lib/sbi/client.c:573)
0000: 00000604 00000000 00000300 04e200     ...............
11/20 19:19:22.348: [sbi] DEBUG: RECEIVED[209] (../lib/sbi/client.c:584)
11/20 19:19:22.348: [udm] DEBUG: udm_state_operational(): OGS_EVENT_NAME_SBI_SERVER (../src/udm/udm-sm.c:53)
11/20 19:19:22.348: [sbi] DEBUG: {
	"nfInstanceId":	"485b1d50-694b-41ed-a118-1fcc33a0b7f6",
	"success":	true,
	"timeStamp":	"2022-11-20T19:19:22.344805-08:00",
	"authType":	"5G_AKA",
	"servingNetworkName":	"5G:mnc070.mcc999.3gppnetwork.org"
} (../lib/sbi/client.c:586)
0000: 00001601 04000000 0388c0bf 0f0d0331   ...............1
0010: 35345f8b 1d75d062 0d263d4c 7441ea     54_..u.b.&=LtA.
11/20 19:19:22.348: [ausf] DEBUG: ausf_state_operational(): OGS_EVENT_NAME_SBI_CLIENT (../src/ausf/ausf-sm.c:52)
11/20 19:19:22.348: [udm] DEBUG: udm_ue_state_operational(): OGS_EVENT_NAME_SBI_SERVER (../src/udm/ue-sm.c:46)
11/20 19:19:22.349: [ausf] DEBUG: ausf_ue_state_operational(): OGS_EVENT_NAME_SBI_CLIENT (../src/ausf/ue-sm.c:64)
11/20 19:19:22.349: [sbi] DEBUG: STATUS [200] (../lib/sbi/nghttp2-server.c:357)
11/20 19:19:22.349: [sbi] DEBUG: SENDING...: 154 (../lib/sbi/nghttp2-server.c:365)
11/20 19:19:22.349: [sbi] DEBUG: {
	"authResult":	"AUTHENTICATION_SUCCESS",
	"supi":	"imsi-999701000000010",
	"kseaf":	"b37b332b5f4dab105f02e95557b9eea22eadd4a0959e371a1e211fc095d8b63a"
} (../lib/sbi/nghttp2-server.c:366)
11/20 19:19:22.349: [sbi] DEBUG: STREAM closed [3] (../lib/sbi/nghttp2-server.c:852)
11/20 19:19:22.349: [sbi] DEBUG: [PUT] http://127.0.0.20:7777/nudr-dr/v1/subscription-data/imsi-999702000000010/context-data/amf-3gpp-access (../lib/sbi/client.c:625)
11/20 19:19:22.349: [sbi] DEBUG: SENDING...[262] (../lib/sbi/client.c:401)
11/20 19:19:22.349: [sbi] DEBUG: {
	"amfInstanceId":	"4852b174-694b-41ed-8013-d76538520ad0",
	"deregCallbackUri":	"http://127.0.0.5:7777/namf-callback/v1/imsi-999702000000010/dereg-notify",
	"guami":	{
		"plmnId":	{
			"mcc":	"999",
			"mnc":	"70"
		},
		"amfId":	"020040"
	},
	"ratType":	"NR"
} (../lib/sbi/client.c:403)
11/20 19:19:22.349: [sbi] DEBUG: MAX_CONCURRENT_STREAMS = 100 (../lib/sbi/nghttp2-server.c:747)
11/20 19:19:22.349: [sbi] DEBUG: ENABLE_PUSH = false (../lib/sbi/nghttp2-server.c:749)
11/20 19:19:22.349: [sbi] DEBUG: [200:PUT] http://127.0.0.11:7777/nausf-auth/v1/ue-authentications/3/5g-aka-confirmation (../lib/sbi/client.c:573)
11/20 19:19:22.349: [sbi] DEBUG: RECEIVED[154] (../lib/sbi/client.c:584)
11/20 19:19:22.349: [sbi] DEBUG: {
	"authResult":	"AUTHENTICATION_SUCCESS",
	"supi":	"imsi-999700000000010",
	"kseaf":	"091567710b5804dde790179df13321e4bf662099995f96641d5d34e13ae16a17"
} (../lib/sbi/client.c:586)
11/20 19:19:22.349: [amf] DEBUG: amf_state_operational(): OGS_EVENT_NAME_SBI_CLIENT (../src/amf/amf-sm.c:78)
0000: 00009a00 01000000 037b0a09 22617574   .........{.."aut
0010: 68526573 756c7422 3a092241 55544845   hResult":."AUTHE
0020: 4e544943 4154494f 4e5f5355 43434553   NTICATION_SUCCES
0030: 53222c0a 09227375 7069223a 0922696d   S",.."supi":."im
0040: 73692d39 39393730 30303030 30303030   si-9997000000000
0050: 3130222c 0a09226b 73656166 223a0922   10",.."kseaf":."
0060: 30393135 36373731 30623538 30346464   091567710b5804dd
0070: 65373930 31373964 66313333 32316534   e790179df13321e4
0080: 62663636 32303939 39393566 39363634   bf662099995f9664
0090: 31643564 33346531 33616531 36613137   1d5d34e13ae16a17
00a0: 220a7d                                ".}
11/20 19:19:22.349: [gmm] DEBUG: gmm_state_authentication(): OGS_EVENT_NAME_SBI_CLIENT (../src/amf/gmm-sm.c:532)
0000: 00001601 04000000 0388c0bf 0f0d0331   ...............1
0010: 35345f8b 1d75d062 0d263d4c 7441ea     54_..u.b.&=LtA.
11/20 19:19:22.349: [gmm] DEBUG: gmm_state_authentication(): EXIT (../src/amf/gmm-sm.c:532)
11/20 19:19:22.349: [gmm] DEBUG: gmm_state_security_mode(): ENTRY (../src/amf/gmm-sm.c:777)
11/20 19:19:22.349: [amf] DEBUG: [imsi-999700000000010] Security mode command (../src/amf/nas-path.c:402)
11/20 19:19:22.349: [gmm] DEBUG:     Replayed UE SEC[LEN:2 NEA:0xf0 NIA:0xf0 EEA:0x0 EIA:0x0 (../src/amf/gmm-build.c:442)
11/20 19:19:22.349: [gmm] DEBUG:     Selected[Integrity:0x2 Encrypt:0x0] (../src/amf/gmm-build.c:444)
0000: 00009a00 01000000 037b0a09 22617574   .........{.."aut
0010: 68526573 756c7422 3a092241 55544845   hResult":."AUTHE
0020: 4e544943 4154494f 4e5f5355 43434553   NTICATION_SUCCES
0030: 53222c0a 09227375 7069223a 0922696d   S",.."supi":."im
0040: 73692d39 39393730 31303030 30303030   si-9997010000000
0050: 3130222c 0a09226b 73656166 223a0922   10",.."kseaf":."
0060: 62333762 33333262 35663464 61623130   b37b332b5f4dab10
0070: 35663032 65393535 35376239 65656132   5f02e95557b9eea2
0080: 32656164 64346130 39353965 33373161   2eadd4a0959e371a
0090: 31653231 31666330 39356438 62363361   1e211fc095d8b63a
00a0: 220a7d                                ".}
11/20 19:19:22.349: [amf] DEBUG: DownlinkNASTransport (../src/amf/ngap-build.c:321)
11/20 19:19:22.349: [amf] DEBUG:     RAN_UE_NGAP_ID[1] AMF_UE_NGAP_ID[3] (../src/amf/ngap-build.c:365)
11/20 19:19:22.349: [amf] DEBUG:     IP[127.0.0.1] RAN_ID[16384] (../src/amf/ngap-path.c:71)
11/20 19:19:22.349: [sbi] DEBUG: [200:PUT] http://127.0.0.11:7777/nausf-auth/v1/ue-authentications/2/5g-aka-confirmation (../lib/sbi/client.c:573)
11/20 19:19:22.349: [sbi] DEBUG: RECEIVED[154] (../lib/sbi/client.c:584)
11/20 19:19:22.349: [sbi] DEBUG: {
	"authResult":	"AUTHENTICATION_SUCCESS",
	"supi":	"imsi-999701000000010",
	"kseaf":	"b37b332b5f4dab105f02e95557b9eea22eadd4a0959e371a1e211fc095d8b63a"
} (../lib/sbi/client.c:586)
11/20 19:19:22.349: [amf] DEBUG: amf_state_operational(): OGS_EVENT_NAME_SBI_CLIENT (../src/amf/amf-sm.c:78)
11/20 19:19:22.349: [gmm] DEBUG: gmm_state_authentication(): OGS_EVENT_NAME_SBI_CLIENT (../src/amf/gmm-sm.c:532)
11/20 19:19:22.349: [gmm] DEBUG: gmm_state_authentication(): EXIT (../src/amf/gmm-sm.c:532)
11/20 19:19:22.349: [sbi] DEBUG: STREAM added [5] (../lib/sbi/nghttp2-server.c:1122)
11/20 19:19:22.349: [gmm] DEBUG: gmm_state_security_mode(): ENTRY (../src/amf/gmm-sm.c:777)
11/20 19:19:22.349: [amf] DEBUG: [imsi-999701000000010] Security mode command (../src/amf/nas-path.c:402)
11/20 19:19:22.349: [gmm] DEBUG:     Replayed UE SEC[LEN:2 NEA:0xf0 NIA:0xf0 EEA:0x0 EIA:0x0 (../src/amf/gmm-build.c:442)
11/20 19:19:22.349: [gmm] DEBUG:     Selected[Integrity:0x2 Encrypt:0x0] (../src/amf/gmm-build.c:444)
11/20 19:19:22.349: [sbi] DEBUG: [PUT] /nudr-dr/v1/subscription-data/imsi-999702000000010/context-data/amf-3gpp-access (../lib/sbi/nghttp2-server.c:801)
11/20 19:19:22.349: [sbi] DEBUG: RECEIVED: 262 (../lib/sbi/nghttp2-server.c:805)
11/20 19:19:22.349: [sbi] DEBUG: {
	"amfInstanceId":	"4852b174-694b-41ed-8013-d76538520ad0",
	"deregCallbackUri":	"http://127.0.0.5:7777/namf-callback/v1/imsi-999702000000010/dereg-notify",
	"guami":	{
		"plmnId":	{
			"mcc":	"999",
			"mnc":	"70"
		},
		"amfId":	"020040"
	},
	"ratType":	"NR"
} (../lib/sbi/nghttp2-server.c:806)
11/20 19:19:22.349: [amf] DEBUG: DownlinkNASTransport (../src/amf/ngap-build.c:321)
11/20 19:19:22.349: [amf] DEBUG:     RAN_UE_NGAP_ID[1] AMF_UE_NGAP_ID[2] (../src/amf/ngap-build.c:365)
11/20 19:19:22.349: [udr] DEBUG: udr_state_operational(): OGS_EVENT_NAME_SBI_SERVER (../src/udr/udr-sm.c:51)
11/20 19:19:22.349: [amf] DEBUG:     IP[127.0.0.1] RAN_ID[16384] (../src/amf/ngap-path.c:71)
11/20 19:19:22.349: [sbi] DEBUG: STATUS [204] (../lib/sbi/nghttp2-server.c:357)
11/20 19:19:22.349: [sbi] DEBUG: STREAM closed [5] (../lib/sbi/nghttp2-server.c:852)
0000: 00000301 05000000 0589c0bf            ............
11/20 19:19:22.350: [sbi] DEBUG: [204:PUT] http://127.0.0.20:7777/nudr-dr/v1/subscription-data/imsi-999702000000010/context-data/amf-3gpp-access (../lib/sbi/client.c:573)
11/20 19:19:22.350: [sbi] DEBUG: RECEIVED[0] (../lib/sbi/client.c:584)
11/20 19:19:22.350: [udm] DEBUG: udm_state_operational(): OGS_EVENT_NAME_SBI_CLIENT (../src/udm/udm-sm.c:53)
11/20 19:19:22.350: [udm] DEBUG: udm_ue_state_operational(): OGS_EVENT_NAME_SBI_CLIENT (../src/udm/ue-sm.c:46)
11/20 19:19:22.350: [sbi] DEBUG: STATUS [201] (../lib/sbi/nghttp2-server.c:357)
11/20 19:19:22.350: [sbi] DEBUG: SENDING...: 262 (../lib/sbi/nghttp2-server.c:365)
11/20 19:19:22.350: [sbi] DEBUG: {
	"amfInstanceId":	"4852b174-694b-41ed-8013-d76538520ad0",
	"deregCallbackUri":	"http://127.0.0.5:7777/namf-callback/v1/imsi-999702000000010/dereg-notify",
	"guami":	{
		"plmnId":	{
			"mcc":	"999",
			"mnc":	"70"
		},
		"amfId":	"020040"
	},
	"ratType":	"NR"
} (../lib/sbi/nghttp2-server.c:366)
11/20 19:19:22.350: [sbi] DEBUG: STREAM closed [1] (../lib/sbi/nghttp2-server.c:852)
0000: 00000004 01000000 00                  .........
0000: 00007a01 04000000 01488210 03768bd5   ..z......H...v..
0010: 596a6f16 e53b8976 d76f6196 d07abe94   Yjo..;.v.oa..z..
0020: 1054d27e ea080212 8066e05f b821298b   .T.~.....f._.!).
0030: 46ff0f0d 8213820f 1fbc9d29 aee30c04   F..........)....
0040: 4eae05c0 b84571d7 5d758aad 9295ad29   N....Eq.]u.....)
0050: 2963b858 352832cf befba010 00000000   )c.X5(2.........
0060: 0818b0b3 1909b069 31ea4303 a655999a   .......i1.C..U..
0070: bad61908 54235f8b 1d75d062 0d263d4c   ....T#_..u.b.&=L
0080: 7441ea                                tA.
11/20 19:19:22.350: [sbi] DEBUG: [201:PUT] http://127.0.0.12:7777/nudm-uecm/v1/imsi-999702000000010/registrations/amf-3gpp-access (../lib/sbi/client.c:573)
11/20 19:19:22.350: [sbi] DEBUG: RECEIVED[262] (../lib/sbi/client.c:584)
11/20 19:19:22.350: [sbi] DEBUG: {
	"amfInstanceId":	"4852b174-694b-41ed-8013-d76538520ad0",
	"deregCallbackUri":	"http://127.0.0.5:7777/namf-callback/v1/imsi-999702000000010/dereg-notify",
	"guami":	{
		"plmnId":	{
			"mcc":	"999",
			"mnc":	"70"
		},
		"amfId":	"020040"
	},
	"ratType":	"NR"
} (../lib/sbi/client.c:586)
0000: 00010600 01000000 017b0a09 22616d66   .........{.."amf
0010: 496e7374 616e6365 4964223a 09223438   InstanceId":."48
0020: 35326231 37342d36 3934622d 34316564   52b174-694b-41ed
0030: 2d383031 332d6437 36353338 35323061   -8013-d76538520a
0040: 6430222c 0a092264 65726567 43616c6c   d0",.."deregCall
0050: 6261636b 55726922 3a092268 7474703a   backUri":."http:
0060: 2f2f3132 372e302e 302e353a 37373737   //127.0.0.5:7777
0070: 2f6e616d 662d6361 6c6c6261 636b2f76   /namf-callback/v
0080: 312f696d 73692d39 39393730 32303030   1/imsi-999702000
0090: 30303030 31302f64 65726567 2d6e6f74   000010/dereg-not
00a0: 69667922 2c0a0922 6775616d 69223a09   ify",.."guami":.
00b0: 7b0a0909 22706c6d 6e496422 3a097b0a   {..."plmnId":.{.
00c0: 09090922 6d636322 3a092239 3939222c   ..."mcc":."999",
00d0: 0a090909 226d6e63 223a0922 3730220a   ...."mnc":."70".
00e0: 09097d2c 0a090922 616d6649 64223a09   ..},..."amfId":.
00f0: 22303230 30343022 0a097d2c 0a092272   "020040"..},.."r
0100: 61745479 7065223a 09224e52 220a7d     atType":."NR".}
11/20 19:19:22.350: [amf] DEBUG: amf_state_operational(): OGS_EVENT_NAME_SBI_CLIENT (../src/amf/amf-sm.c:78)
11/20 19:19:22.350: [gmm] DEBUG: gmm_state_initial_context_setup(): OGS_EVENT_NAME_SBI_CLIENT (../src/amf/gmm-sm.c:969)
11/20 19:19:22.350: [sbi] WARNING: Try to discover [nudm-sdm] (../lib/sbi/path.c:337)
11/20 19:19:22.350: [sbi] DEBUG: [GET] http://[::1]:7777/nnrf-disc/v1/nf-instances (../lib/sbi/client.c:625)
11/20 19:19:22.350: [sbi] DEBUG: STREAM added [9] (../lib/sbi/nghttp2-server.c:1122)
11/20 19:19:22.350: [sbi] DEBUG: [GET] /nnrf-disc/v1/nf-instances (../lib/sbi/nghttp2-server.c:801)
11/20 19:19:22.350: [nrf] DEBUG: nrf_state_operational(): OGS_EVENT_NAME_SBI_SERVER (../src/nrf/nrf-sm.c:50)
11/20 19:19:22.350: [nrf] DEBUG: NF-Discover : Requester[AMF] Target[UDM] (../src/nrf/nnrf-handler.c:450)
11/20 19:19:22.350: [nrf] DEBUG: [0] service-names[nudm-sdm] (../src/nrf/nnrf-handler.c:478)
11/20 19:19:22.350: [nrf] DEBUG: [486054dc-694b-41ed-927b-4d0a906ac64b:0] NF-Discovered [NF-Type:UDM,NF-Status:REGISTERED,IPv4:1,IPv6:0] (../src/nrf/nnrf-handler.c:505)
11/20 19:19:22.350: [sbi] DEBUG: STATUS [200] (../lib/sbi/nghttp2-server.c:357)
11/20 19:19:22.350: [sbi] DEBUG: SENDING...: 882 (../lib/sbi/nghttp2-server.c:365)
11/20 19:19:22.350: [sbi] DEBUG: {
	"validityPeriod":	3600,
	"nfInstances":	[{
			"nfInstanceId":	"486054dc-694b-41ed-927b-4d0a906ac64b",
			"nfType":	"UDM",
			"nfStatus":	"REGISTERED",
			"heartBeatTimer":	10,
			"ipv4Addresses":	["127.0.0.12"],
			"allowedNfTypes":	["AMF", "SMF", "AUSF", "SCP"],
			"priority":	0,
			"capacity":	100,
			"load":	0,
			"nfServiceList":	{
				"48606300-694b-41ed-927b-4d0a906ac64b":	{
					"serviceInstanceId":	"48606300-694b-41ed-927b-4d0a906ac64b",
					"serviceName":	"nudm-sdm",
					"versions":	[{
							"apiVersionInUri":	"v2",
							"apiFullVersion":	"2.0.0"
						}],
					"scheme":	"http",
					"nfServiceStatus":	"REGISTERED",
					"ipEndPoints":	[{
							"ipv4Address":	"127.0.0.12",
							"port":	7777
						}],
					"allowedNfTypes":	["AMF", "SMF"],
					"priority":	0,
					"capacity":	100,
					"load":	0
				}
			},
			"nfProfileChangesSupportInd":	true
		}]
} (../lib/sbi/nghttp2-server.c:366)
11/20 19:19:22.350: [sbi] DEBUG: STREAM closed [9] (../lib/sbi/nghttp2-server.c:852)
0000: 00000b01 04000000 0988c2bf 0f0d0338   ...............8
0010: 3832c0be                              82..
11/20 19:19:22.350: [sbi] DEBUG: [200:GET] http://[::1]:7777/nnrf-disc/v1/nf-instances?requester-nf-type=AMF&service-names=nudm-sdm&target-nf-type=UDM (../lib/sbi/client.c:573)
11/20 19:19:22.350: [sbi] DEBUG: RECEIVED[882] (../lib/sbi/client.c:584)
11/20 19:19:22.350: [sbi] DEBUG: {
	"validityPeriod":	3600,
	"nfInstances":	[{
			"nfInstanceId":	"486054dc-694b-41ed-927b-4d0a906ac64b",
			"nfType":	"UDM",
			"nfStatus":	"REGISTERED",
			"heartBeatTimer":	10,
			"ipv4Addresses":	["127.0.0.12"],
			"allowedNfTypes":	["AMF", "SMF", "AUSF", "SCP"],
			"priority":	0,
			"capacity":	100,
			"load":	0,
			"nfServiceList":	{
				"48606300-694b-41ed-927b-4d0a906ac64b":	{
					"serviceInstanceId":	"48606300-694b-41ed-927b-4d0a906ac64b",
					"serviceName":	"nudm-sdm",
					"versions":	[{
							"apiVersionInUri":	"v2",
							"apiFullVersion":	"2.0.0"
						}],
					"scheme":	"http",
					"nfServiceStatus":	"REGISTERED",
					"ipEndPoints":	[{
							"ipv4Address":	"127.0.0.12",
							"port":	7777
						}],
					"allowedNfTypes":	["AMF", "SMF"],
					"priority":	0,
					"capacity":	100,
					"load":	0
				}
			},
			"nfProfileChangesSupportInd":	true
		}]
} (../lib/sbi/client.c:586)
11/20 19:19:22.350: [amf] DEBUG: amf_state_operational(): OGS_EVENT_NAME_SBI_CLIENT (../src/amf/amf-sm.c:78)
11/20 19:19:22.350: [sbi] WARNING: [486054dc-694b-41ed-927b-4d0a906ac64b] (NF-discover) NF has already been added (../lib/sbi/nnrf-handler.c:730)
0000: 00037200 01000000 097b0a09 2276616c   ..r......{.."val
0010: 69646974 79506572 696f6422 3a093336   idityPeriod":.36
0020: 30302c0a 09226e66 496e7374 616e6365   00,.."nfInstance
0030: 73223a09 5b7b0a09 0909226e 66496e73   s":.[{...."nfIns
0040: 74616e63 65496422 3a092234 38363035   tanceId":."48605
0050: 3464632d 36393462 2d343165 642d3932   4dc-694b-41ed-92
0060: 37622d34 64306139 30366163 36346222   7b-4d0a906ac64b"
0070: 2c0a0909 09226e66 54797065 223a0922   ,...."nfType":."
0080: 55444d22 2c0a0909 09226e66 53746174   UDM",...."nfStat
0090: 7573223a 09225245 47495354 45524544   us":."REGISTERED
00a0: 222c0a09 09092268 65617274 42656174   ",...."heartBeat
00b0: 54696d65 72223a09 31302c0a 09090922   Timer":.10,...."
00c0: 69707634 41646472 65737365 73223a09   ipv4Addresses":.
00d0: 5b223132 372e302e 302e3132 225d2c0a   ["127.0.0.12"],.
00e0: 09090922 616c6c6f 7765644e 66547970   ..."allowedNfTyp
00f0: 6573223a 095b2241 4d46222c 2022534d   es":.["AMF", "SM
0100: 46222c20 22415553 46222c20 22534350   F", "AUSF", "SCP
0110: 225d2c0a 09090922 7072696f 72697479   "],...."priority
0120: 223a0930 2c0a0909 09226361 70616369   ":.0,...."capaci
0130: 7479223a 09313030 2c0a0909 09226c6f   ty":.100,...."lo
0140: 6164223a 09302c0a 09090922 6e665365   ad":.0,...."nfSe
0150: 72766963 654c6973 74223a09 7b0a0909   rviceList":.{...
0160: 09092234 38363036 3330302d 36393462   .."48606300-694b
0170: 2d343165 642d3932 37622d34 64306139   -41ed-927b-4d0a9
0180: 30366163 36346222 3a097b0a 09090909   06ac64b":.{.....
0190: 09227365 72766963 65496e73 74616e63   ."serviceInstanc
01a0: 65496422 3a092234 38363036 3330302d   eId":."48606300-
01b0: 36393462 2d343165 642d3932 37622d34   694b-41ed-927b-4
01c0: 64306139 30366163 36346222 2c0a0909   d0a906ac64b",...
01d0: 09090922 73657276 6963654e 616d6522   ..."serviceName"
01e0: 3a09226e 75646d2d 73646d22 2c0a0909   :."nudm-sdm",...
01f0: 09090922 76657273 696f6e73 223a095b   ..."versions":.[
0200: 7b0a0909 09090909 09226170 69566572   {........"apiVer
0210: 73696f6e 496e5572 69223a09 22763222   sionInUri":."v2"
0220: 2c0a0909 09090909 09226170 6946756c   ,........"apiFul
0230: 6c566572 73696f6e 223a0922 322e302e   lVersion":."2.0.
0240: 30220a09 09090909 097d5d2c 0a090909   0".......}],....
0250: 09092273 6368656d 65223a09 22687474   .."scheme":."htt
0260: 70222c0a 09090909 09226e66 53657276   p",......"nfServ
0270: 69636553 74617475 73223a09 22524547   iceStatus":."REG
0280: 49535445 52454422 2c0a0909 09090922   ISTERED",......"
0290: 6970456e 64506f69 6e747322 3a095b7b   ipEndPoints":.[{
02a0: 0a090909 09090909 22697076 34416464   ........"ipv4Add
02b0: 72657373 223a0922 3132372e 302e302e   ress":."127.0.0.
02c0: 3132222c 0a090909 09090909 22706f72   12",........"por
02d0: 74223a09 37373737 0a090909 0909097d   t":.7777.......}
02e0: 5d2c0a09 09090909 22616c6c 6f776564   ],......"allowed
02f0: 4e665479 70657322 3a095b22 414d4622   NfTypes":.["AMF"
0300: 2c202253 4d46225d 2c0a0909 09090922   , "SMF"],......"
0310: 7072696f 72697479 223a0930 2c0a0909   priority":.0,...
0320: 09090922 63617061 63697479 223a0931   ..."capacity":.1
0330: 30302c0a 09090909 09226c6f 6164223a   00,......"load":
0340: 09300a09 0909097d 0a090909 7d2c0a09   .0.....}....},..
0350: 0909226e 6650726f 66696c65 4368616e   .."nfProfileChan
0360: 67657353 7570706f 7274496e 64223a09   gesSupportInd":.
0370: 74727565 0a09097d 5d0a7d              true...}].}
11/20 19:19:22.351: [sock] DEBUG: addr:127.0.0.12, port:80 (../lib/core/ogs-sockaddr.c:140)
11/20 19:19:22.351: [sock] DEBUG: addr:127.0.0.12, port:7777 (../lib/core/ogs-sockaddr.c:140)
11/20 19:19:22.351: [sbi] WARNING: NF EndPoint updated [127.0.0.12:80] (../lib/sbi/context.c:1570)
11/20 19:19:22.351: [sbi] DEBUG: ogs_sbi_client_remove() [127.0.0.12:80] (../lib/sbi/client.c:153)
11/20 19:19:22.351: [sbi] DEBUG: [UNREF] 2 (../lib/sbi/client.c:157)
11/20 19:19:22.351: [sbi] DEBUG: [REF] 2 (../lib/sbi/context.c:1570)
11/20 19:19:22.351: [sbi] WARNING: NF EndPoint updated [127.0.0.12:7777] (../lib/sbi/context.c:1482)
11/20 19:19:22.351: [sbi] DEBUG: ogs_sbi_client_remove() [127.0.0.12:7777] (../lib/sbi/client.c:153)
11/20 19:19:22.351: [sbi] DEBUG: [UNREF] 2 (../lib/sbi/client.c:157)
11/20 19:19:22.351: [sbi] DEBUG: [REF] 2 (../lib/sbi/context.c:1482)
11/20 19:19:22.351: [sbi] DEBUG: [REF] 3 (../lib/sbi/context.c:1482)
11/20 19:19:22.351: [sbi] INFO: [486054dc-694b-41ed-927b-4d0a906ac64b] (NF-discover) NF Profile updated (../lib/sbi/nnrf-handler.c:752)
11/20 19:19:22.351: [amf] DEBUG: [REF] 3 (../src/amf/context.c:1945)
11/20 19:19:22.351: [sbi] DEBUG: [GET] http://127.0.0.12:7777/nudm-sdm/v2/imsi-999702000000010/am-data (../lib/sbi/client.c:625)
11/20 19:19:22.351: [amf] DEBUG: amf_state_operational(): AMF_EVENT_NGAP_MESSAGE (../src/amf/amf-sm.c:78)
11/20 19:19:22.351: [sbi] DEBUG: STREAM added [3] (../lib/sbi/nghttp2-server.c:1122)
11/20 19:19:22.351: [amf] DEBUG: ngap_state_operational(): AMF_EVENT_NGAP_MESSAGE (../src/amf/ngap-sm.c:53)
11/20 19:19:22.351: [amf] DEBUG: UplinkNASTransport (../src/amf/ngap-handler.c:546)
11/20 19:19:22.351: [amf] DEBUG:     IP[127.0.0.1] RAN_ID[16384] (../src/amf/ngap-handler.c:569)
11/20 19:19:22.351: [sbi] DEBUG: [GET] /nudm-sdm/v2/imsi-999702000000010/am-data (../lib/sbi/nghttp2-server.c:801)
11/20 19:19:22.351: [amf] DEBUG:     RAN_UE_NGAP_ID[1] AMF_UE_NGAP_ID[2] TAC[1] CellID[0x40001] (../src/amf/ngap-handler.c:650)
11/20 19:19:22.351: [udm] DEBUG: udm_state_operational(): OGS_EVENT_NAME_SBI_SERVER (../src/udm/udm-sm.c:53)
11/20 19:19:22.351: [amf] DEBUG: amf_state_operational(): AMF_EVENT_5GMM_MESSAGE (../src/amf/amf-sm.c:78)
11/20 19:19:22.351: [udm] DEBUG: udm_ue_state_operational(): OGS_EVENT_NAME_SBI_SERVER (../src/udm/ue-sm.c:46)
11/20 19:19:22.351: [gmm] DEBUG: gmm_state_security_mode(): AMF_EVENT_5GMM_MESSAGE (../src/amf/gmm-sm.c:777)
11/20 19:19:22.351: [sbi] DEBUG: [GET] http://127.0.0.20:7777/nudr-dr/v1/subscription-data/imsi-999702000000010/99970/provisioned-data/am-data (../lib/sbi/client.c:625)
11/20 19:19:22.351: [gmm] DEBUG: [imsi-999701000000010] Security mode complete (../src/amf/gmm-sm.c:798)
11/20 19:19:22.351: [gmm] DEBUG: Registration request in NAS message container (../src/amf/gmm-handler.c:1265)
11/20 19:19:22.351: [gmm] DEBUG:     5GMM Capability:[LPP:0, HO_ATTACH:1, S1_MODE:1] (../src/amf/gmm-handler.c:322)
11/20 19:19:22.351: [sbi] DEBUG: STREAM added [7] (../lib/sbi/nghttp2-server.c:1122)
11/20 19:19:22.351: [sbi] DEBUG: [GET] /nudr-dr/v1/subscription-data/imsi-999702000000010/99970/provisioned-data/am-data (../lib/sbi/nghttp2-server.c:801)
11/20 19:19:22.351: [udr] DEBUG: udr_state_operational(): OGS_EVENT_NAME_SBI_SERVER (../src/udr/udr-sm.c:51)
11/20 19:19:22.351: [sbi] DEBUG: [REF] 4 (../lib/sbi/path.c:212)
11/20 19:19:22.351: [sbi] DEBUG: [PUT] http://127.0.0.12:7777/nudm-uecm/v1/imsi-999701000000010/registrations/amf-3gpp-access (../lib/sbi/client.c:625)
11/20 19:19:22.351: [sbi] DEBUG: SENDING...[262] (../lib/sbi/client.c:401)
11/20 19:19:22.351: [sbi] DEBUG: {
	"amfInstanceId":	"4852b174-694b-41ed-8013-d76538520ad0",
	"deregCallbackUri":	"http://127.0.0.5:7777/namf-callback/v1/imsi-999701000000010/dereg-notify",
	"guami":	{
		"plmnId":	{
			"mcc":	"999",
			"mnc":	"70"
		},
		"amfId":	"020040"
	},
	"ratType":	"NR"
} (../lib/sbi/client.c:403)
11/20 19:19:22.351: [gmm] DEBUG: gmm_state_security_mode(): EXIT (../src/amf/gmm-sm.c:777)
11/20 19:19:22.351: [gmm] DEBUG: gmm_state_initial_context_setup(): ENTRY (../src/amf/gmm-sm.c:969)
11/20 19:19:22.351: [sbi] DEBUG: MAX_CONCURRENT_STREAMS = 100 (../lib/sbi/nghttp2-server.c:747)
11/20 19:19:22.351: [sbi] DEBUG: ENABLE_PUSH = false (../lib/sbi/nghttp2-server.c:749)
11/20 19:19:22.351: [amf] DEBUG: amf_state_operational(): AMF_EVENT_NGAP_MESSAGE (../src/amf/amf-sm.c:78)
0000: 00000604 00000000 00000300 04e200     ...............
11/20 19:19:22.351: [sbi] DEBUG: STREAM added [1] (../lib/sbi/nghttp2-server.c:1122)
11/20 19:19:22.351: [amf] DEBUG: ngap_state_operational(): AMF_EVENT_NGAP_MESSAGE (../src/amf/ngap-sm.c:53)
11/20 19:19:22.351: [amf] DEBUG: UplinkNASTransport (../src/amf/ngap-handler.c:546)
11/20 19:19:22.351: [amf] DEBUG:     IP[127.0.0.1] RAN_ID[16384] (../src/amf/ngap-handler.c:569)
11/20 19:19:22.351: [amf] DEBUG:     RAN_UE_NGAP_ID[1] AMF_UE_NGAP_ID[3] TAC[1] CellID[0x40001] (../src/amf/ngap-handler.c:650)
11/20 19:19:22.351: [amf] DEBUG: amf_state_operational(): AMF_EVENT_5GMM_MESSAGE (../src/amf/amf-sm.c:78)
11/20 19:19:22.351: [sbi] DEBUG: [PUT] /nudm-uecm/v1/imsi-999701000000010/registrations/amf-3gpp-access (../lib/sbi/nghttp2-server.c:801)
11/20 19:19:22.351: [sbi] DEBUG: RECEIVED: 262 (../lib/sbi/nghttp2-server.c:805)
11/20 19:19:22.352: [sbi] DEBUG: {
	"amfInstanceId":	"4852b174-694b-41ed-8013-d76538520ad0",
	"deregCallbackUri":	"http://127.0.0.5:7777/namf-callback/v1/imsi-999701000000010/dereg-notify",
	"guami":	{
		"plmnId":	{
			"mcc":	"999",
			"mnc":	"70"
		},
		"amfId":	"020040"
	},
	"ratType":	"NR"
} (../lib/sbi/nghttp2-server.c:806)
11/20 19:19:22.352: [gmm] DEBUG: gmm_state_security_mode(): AMF_EVENT_5GMM_MESSAGE (../src/amf/gmm-sm.c:777)
11/20 19:19:22.352: [udm] DEBUG: udm_state_operational(): OGS_EVENT_NAME_SBI_SERVER (../src/udm/udm-sm.c:53)
11/20 19:19:22.352: [gmm] DEBUG: [imsi-999700000000010] Security mode complete (../src/amf/gmm-sm.c:798)
11/20 19:19:22.352: [gmm] DEBUG: Registration request in NAS message container (../src/amf/gmm-handler.c:1265)
11/20 19:19:22.352: [udm] DEBUG: udm_ue_state_operational(): OGS_EVENT_NAME_SBI_SERVER (../src/udm/ue-sm.c:46)
11/20 19:19:22.352: [gmm] DEBUG:     5GMM Capability:[LPP:0, HO_ATTACH:1, S1_MODE:1] (../src/amf/gmm-handler.c:322)
11/20 19:19:22.352: [sbi] DEBUG: [REF] 5 (../lib/sbi/path.c:212)
11/20 19:19:22.352: [sbi] DEBUG: [PUT] http://127.0.0.12:7777/nudm-uecm/v1/imsi-999700000000010/registrations/amf-3gpp-access (../lib/sbi/client.c:625)
11/20 19:19:22.352: [sbi] DEBUG: STATUS [200] (../lib/sbi/nghttp2-server.c:357)
11/20 19:19:22.352: [sbi] DEBUG: SENDING...: 207 (../lib/sbi/nghttp2-server.c:365)
11/20 19:19:22.352: [sbi] DEBUG: SENDING...[262] (../lib/sbi/client.c:401)
11/20 19:19:22.352: [sbi] DEBUG: [PUT] http://127.0.0.20:7777/nudr-dr/v1/subscription-data/imsi-999701000000010/context-data/amf-3gpp-access (../lib/sbi/client.c:625)
11/20 19:19:22.352: [sbi] DEBUG: {
	"gpsis":	["msisdn-491725670014", "msisdn-491725670015"],
	"subscribedUeAmbr":	{
		"uplink":	"1048576 Kbps",
		"downlink":	"1048576 Kbps"
	},
	"nssai":	{
		"defaultSingleNssais":	[{
				"sst":	1
			}]
	}
} (../lib/sbi/nghttp2-server.c:366)
11/20 19:19:22.352: [sbi] DEBUG: {
	"amfInstanceId":	"4852b174-694b-41ed-8013-d76538520ad0",
	"deregCallbackUri":	"http://127.0.0.5:7777/namf-callback/v1/imsi-999700000000010/dereg-notify",
	"guami":	{
		"plmnId":	{
			"mcc":	"999",
			"mnc":	"70"
		},
		"amfId":	"020040"
	},
	"ratType":	"NR"
} (../lib/sbi/client.c:403)
11/20 19:19:22.352: [gmm] DEBUG: gmm_state_security_mode(): EXIT (../src/amf/gmm-sm.c:777)
11/20 19:19:22.352: [gmm] DEBUG: gmm_state_initial_context_setup(): ENTRY (../src/amf/gmm-sm.c:969)
11/20 19:19:22.352: [sbi] DEBUG: STREAM closed [7] (../lib/sbi/nghttp2-server.c:852)
11/20 19:19:22.352: [sbi] DEBUG: SENDING...[262] (../lib/sbi/client.c:401)
11/20 19:19:22.352: [sbi] DEBUG: {
	"amfInstanceId":	"4852b174-694b-41ed-8013-d76538520ad0",
	"deregCallbackUri":	"http://127.0.0.5:7777/namf-callback/v1/imsi-999701000000010/dereg-notify",
	"guami":	{
		"plmnId":	{
			"mcc":	"999",
			"mnc":	"70"
		},
		"amfId":	"020040"
	},
	"ratType":	"NR"
} (../lib/sbi/client.c:403)
0000: 00000901 04000000 0788c0bf 0f0d8210   ................
0010: 1dbe                                  ..
11/20 19:19:22.352: [sbi] DEBUG: MAX_CONCURRENT_STREAMS = 100 (../lib/sbi/nghttp2-server.c:747)
11/20 19:19:22.352: [sbi] DEBUG: ENABLE_PUSH = false (../lib/sbi/nghttp2-server.c:749)
0000: 0000cf00 01000000 077b0a09 22677073   .........{.."gps
0010: 6973223a 095b226d 73697364 6e2d3439   is":.["msisdn-49
0020: 31373235 36373030 3134222c 20226d73   1725670014", "ms
0030: 6973646e 2d343931 37323536 37303031   isdn-49172567001
0040: 35225d2c 0a092273 75627363 72696265   5"],.."subscribe
0050: 64556541 6d627222 3a097b0a 09092275   dUeAmbr":.{..."u
0060: 706c696e 6b223a09 22313034 38353736   plink":."1048576
0070: 204b6270 73222c0a 09092264 6f776e6c    Kbps",..."downl
0080: 696e6b22 3a092231 30343835 3736204b   ink":."1048576 K
0090: 62707322 0a097d2c 0a09226e 73736169   bps"..},.."nssai
00a0: 223a097b 0a090922 64656661 756c7453   ":.{..."defaultS
00b0: 696e676c 654e7373 61697322 3a095b7b   ingleNssais":.[{
00c0: 0a090909 09227373 74223a09 310a0909   ....."sst":.1...
00d0: 097d5d0a 097d0a7d                     .}]..}.}
11/20 19:19:22.352: [sbi] DEBUG: STREAM added [9] (../lib/sbi/nghttp2-server.c:1122)
11/20 19:19:22.352: [sbi] DEBUG: [200:GET] http://127.0.0.20:7777/nudr-dr/v1/subscription-data/imsi-999702000000010/99970/provisioned-data/am-data (../lib/sbi/client.c:573)
11/20 19:19:22.352: [sbi] DEBUG: RECEIVED[207] (../lib/sbi/client.c:584)
11/20 19:19:22.352: [sbi] DEBUG: {
	"gpsis":	["msisdn-491725670014", "msisdn-491725670015"],
	"subscribedUeAmbr":	{
		"uplink":	"1048576 Kbps",
		"downlink":	"1048576 Kbps"
	},
	"nssai":	{
		"defaultSingleNssais":	[{
				"sst":	1
			}]
	}
} (../lib/sbi/client.c:586)
11/20 19:19:22.352: [sbi] DEBUG: [PUT] /nudr-dr/v1/subscription-data/imsi-999701000000010/context-data/amf-3gpp-access (../lib/sbi/nghttp2-server.c:801)
11/20 19:19:22.352: [sbi] DEBUG: RECEIVED: 262 (../lib/sbi/nghttp2-server.c:805)
11/20 19:19:22.352: [sbi] DEBUG: {
	"amfInstanceId":	"4852b174-694b-41ed-8013-d76538520ad0",
	"deregCallbackUri":	"http://127.0.0.5:7777/namf-callback/v1/imsi-999701000000010/dereg-notify",
	"guami":	{
		"plmnId":	{
			"mcc":	"999",
			"mnc":	"70"
		},
		"amfId":	"020040"
	},
	"ratType":	"NR"
} (../lib/sbi/nghttp2-server.c:806)
11/20 19:19:22.352: [udm] DEBUG: udm_state_operational(): OGS_EVENT_NAME_SBI_CLIENT (../src/udm/udm-sm.c:53)
11/20 19:19:22.352: [udr] DEBUG: udr_state_operational(): OGS_EVENT_NAME_SBI_SERVER (../src/udr/udr-sm.c:51)
11/20 19:19:22.352: [sbi] DEBUG: STATUS [204] (../lib/sbi/nghttp2-server.c:357)
11/20 19:19:22.352: [sbi] DEBUG: STREAM closed [9] (../lib/sbi/nghttp2-server.c:852)
0000: 00000301 05000000 0989c0bf            ............
11/20 19:19:22.352: [udm] DEBUG: udm_ue_state_operational(): OGS_EVENT_NAME_SBI_CLIENT (../src/udm/ue-sm.c:46)
11/20 19:19:22.352: [sbi] DEBUG: STATUS [200] (../lib/sbi/nghttp2-server.c:357)
11/20 19:19:22.352: [sbi] DEBUG: SENDING...: 207 (../lib/sbi/nghttp2-server.c:365)
11/20 19:19:22.352: [sbi] DEBUG: {
	"gpsis":	["msisdn-491725670014", "msisdn-491725670015"],
	"subscribedUeAmbr":	{
		"uplink":	"1048576 Kbps",
		"downlink":	"1048576 Kbps"
	},
	"nssai":	{
		"defaultSingleNssais":	[{
				"sst":	1
			}]
	}
} (../lib/sbi/nghttp2-server.c:366)
11/20 19:19:22.352: [sbi] DEBUG: STREAM closed [3] (../lib/sbi/nghttp2-server.c:852)
11/20 19:19:22.352: [sbi] DEBUG: [204:PUT] http://127.0.0.20:7777/nudr-dr/v1/subscription-data/imsi-999701000000010/context-data/amf-3gpp-access (../lib/sbi/client.c:573)
11/20 19:19:22.352: [sbi] DEBUG: RECEIVED[0] (../lib/sbi/client.c:584)
0000: 00000901 04000000 0388c0bf 0f0d8210   ................
0010: 1dbe                                  ..
11/20 19:19:22.352: [udm] DEBUG: udm_state_operational(): OGS_EVENT_NAME_SBI_CLIENT (../src/udm/udm-sm.c:53)
11/20 19:19:22.352: [udm] DEBUG: udm_ue_state_operational(): OGS_EVENT_NAME_SBI_CLIENT (../src/udm/ue-sm.c:46)
11/20 19:19:22.352: [sbi] DEBUG: STATUS [201] (../lib/sbi/nghttp2-server.c:357)
11/20 19:19:22.352: [sbi] DEBUG: SENDING...: 262 (../lib/sbi/nghttp2-server.c:365)
11/20 19:19:22.352: [sbi] DEBUG: {
	"amfInstanceId":	"4852b174-694b-41ed-8013-d76538520ad0",
	"deregCallbackUri":	"http://127.0.0.5:7777/namf-callback/v1/imsi-999701000000010/dereg-notify",
	"guami":	{
		"plmnId":	{
			"mcc":	"999",
			"mnc":	"70"
		},
		"amfId":	"020040"
	},
	"ratType":	"NR"
} (../lib/sbi/nghttp2-server.c:366)
11/20 19:19:22.352: [sbi] DEBUG: STREAM closed [1] (../lib/sbi/nghttp2-server.c:852)
11/20 19:19:22.352: [sbi] DEBUG: [200:GET] http://127.0.0.12:7777/nudm-sdm/v2/imsi-999702000000010/am-data (../lib/sbi/client.c:573)
11/20 19:19:22.352: [sbi] DEBUG: RECEIVED[207] (../lib/sbi/client.c:584)
11/20 19:19:22.352: [sbi] DEBUG: {
	"gpsis":	["msisdn-491725670014", "msisdn-491725670015"],
	"subscribedUeAmbr":	{
		"uplink":	"1048576 Kbps",
		"downlink":	"1048576 Kbps"
	},
	"nssai":	{
		"defaultSingleNssais":	[{
				"sst":	1
			}]
	}
} (../lib/sbi/client.c:586)
11/20 19:19:22.352: [amf] DEBUG: amf_state_operational(): OGS_EVENT_NAME_SBI_CLIENT (../src/amf/amf-sm.c:78)
0000: 0000cf00 01000000 037b0a09 22677073   .........{.."gps
0010: 6973223a 095b226d 73697364 6e2d3439   is":.["msisdn-49
0020: 31373235 36373030 3134222c 20226d73   1725670014", "ms
0030: 6973646e 2d343931 37323536 37303031   isdn-49172567001
0040: 35225d2c 0a092273 75627363 72696265   5"],.."subscribe
0050: 64556541 6d627222 3a097b0a 09092275   dUeAmbr":.{..."u
0060: 706c696e 6b223a09 22313034 38353736   plink":."1048576
0070: 204b6270 73222c0a 09092264 6f776e6c    Kbps",..."downl
0080: 696e6b22 3a092231 30343835 3736204b   ink":."1048576 K
0090: 62707322 0a097d2c 0a09226e 73736169   bps"..},.."nssai
00a0: 223a097b 0a090922 64656661 756c7453   ":.{..."defaultS
00b0: 696e676c 654e7373 61697322 3a095b7b   ingleNssais":.[{
00c0: 0a090909 09227373 74223a09 310a0909   ....."sst":.1...
00d0: 097d5d0a 097d0a7d                     .}]..}.}
11/20 19:19:22.352: [gmm] DEBUG: gmm_state_initial_context_setup(): OGS_EVENT_NAME_SBI_CLIENT (../src/amf/gmm-sm.c:969)
11/20 19:19:22.352: [sbi] DEBUG: MAX_CONCURRENT_STREAMS = 100 (../lib/sbi/nghttp2-server.c:747)
11/20 19:19:22.352: [sbi] DEBUG: [GET] http://127.0.0.12:7777/nudm-sdm/v2/imsi-999702000000010/smf-select-data (../lib/sbi/client.c:625)
11/20 19:19:22.352: [sbi] DEBUG: ENABLE_PUSH = false (../lib/sbi/nghttp2-server.c:749)
11/20 19:19:22.352: [sbi] DEBUG: STREAM added [1] (../lib/sbi/nghttp2-server.c:1122)
11/20 19:19:22.352: [sbi] DEBUG: [PUT] /nudm-uecm/v1/imsi-999700000000010/registrations/amf-3gpp-access (../lib/sbi/nghttp2-server.c:801)
11/20 19:19:22.352: [sbi] DEBUG: RECEIVED: 262 (../lib/sbi/nghttp2-server.c:805)
11/20 19:19:22.352: [sbi] DEBUG: {
	"amfInstanceId":	"4852b174-694b-41ed-8013-d76538520ad0",
	"deregCallbackUri":	"http://127.0.0.5:7777/namf-callback/v1/imsi-999700000000010/dereg-notify",
	"guami":	{
		"plmnId":	{
			"mcc":	"999",
			"mnc":	"70"
		},
		"amfId":	"020040"
	},
	"ratType":	"NR"
} (../lib/sbi/nghttp2-server.c:806)
0000: 00000604 00000000 00000300 04e200     ...............
0000: 00000004 01000000 00                  .........
11/20 19:19:22.353: [udm] DEBUG: udm_state_operational(): OGS_EVENT_NAME_SBI_SERVER (../src/udm/udm-sm.c:53)
11/20 19:19:22.353: [udm] DEBUG: udm_ue_state_operational(): OGS_EVENT_NAME_SBI_SERVER (../src/udm/ue-sm.c:46)
11/20 19:19:22.353: [sbi] DEBUG: [PUT] http://127.0.0.20:7777/nudr-dr/v1/subscription-data/imsi-999700000000010/context-data/amf-3gpp-access (../lib/sbi/client.c:625)
11/20 19:19:22.353: [sbi] DEBUG: SENDING...[262] (../lib/sbi/client.c:401)
11/20 19:19:22.353: [sbi] DEBUG: {
	"amfInstanceId":	"4852b174-694b-41ed-8013-d76538520ad0",
	"deregCallbackUri":	"http://127.0.0.5:7777/namf-callback/v1/imsi-999700000000010/dereg-notify",
	"guami":	{
		"plmnId":	{
			"mcc":	"999",
			"mnc":	"70"
		},
		"amfId":	"020040"
	},
	"ratType":	"NR"
} (../lib/sbi/client.c:403)
11/20 19:19:22.353: [sbi] DEBUG: STREAM added [5] (../lib/sbi/nghttp2-server.c:1122)
11/20 19:19:22.353: [sbi] DEBUG: [GET] /nudm-sdm/v2/imsi-999702000000010/smf-select-data (../lib/sbi/nghttp2-server.c:801)
11/20 19:19:22.353: [sbi] DEBUG: MAX_CONCURRENT_STREAMS = 100 (../lib/sbi/nghttp2-server.c:747)
11/20 19:19:22.353: [sbi] DEBUG: ENABLE_PUSH = false (../lib/sbi/nghttp2-server.c:749)
0000: 00007a01 04000000 01488210 03768bd5   ..z......H...v..
0010: 596a6f16 e53b8976 d76f6196 d07abe94   Yjo..;.v.oa..z..
0020: 1054d27e ea080212 8066e05f b821298b   .T.~.....f._.!).
0030: 46ff0f0d 8213820f 1fbc9d29 aee30c04   F..........)....
0040: 4eae05c0 b84571d7 5d758aad 9295ad29   N....Eq.]u.....)
0050: 2963b858 352832cf befba008 00000000   )c.X5(2.........
0060: 0818b0b3 1909b069 31ea4303 a655999a   .......i1.C..U..
0070: bad61908 54235f8b 1d75d062 0d263d4c   ....T#_..u.b.&=L
0080: 7441ea                                tA.
11/20 19:19:22.353: [sbi] DEBUG: STREAM added [11] (../lib/sbi/nghttp2-server.c:1122)
11/20 19:19:22.353: [udm] DEBUG: udm_state_operational(): OGS_EVENT_NAME_SBI_SERVER (../src/udm/udm-sm.c:53)
11/20 19:19:22.353: [udm] DEBUG: udm_ue_state_operational(): OGS_EVENT_NAME_SBI_SERVER (../src/udm/ue-sm.c:46)
11/20 19:19:22.353: [sbi] DEBUG: [PUT] /nudr-dr/v1/subscription-data/imsi-999700000000010/context-data/amf-3gpp-access (../lib/sbi/nghttp2-server.c:801)
11/20 19:19:22.353: [sbi] DEBUG: RECEIVED: 262 (../lib/sbi/nghttp2-server.c:805)
11/20 19:19:22.353: [sbi] DEBUG: {
	"amfInstanceId":	"4852b174-694b-41ed-8013-d76538520ad0",
	"deregCallbackUri":	"http://127.0.0.5:7777/namf-callback/v1/imsi-999700000000010/dereg-notify",
	"guami":	{
		"plmnId":	{
			"mcc":	"999",
			"mnc":	"70"
		},
		"amfId":	"020040"
	},
	"ratType":	"NR"
} (../lib/sbi/nghttp2-server.c:806)
11/20 19:19:22.353: [udr] DEBUG: udr_state_operational(): OGS_EVENT_NAME_SBI_SERVER (../src/udr/udr-sm.c:51)
11/20 19:19:22.353: [sbi] DEBUG: [GET] http://127.0.0.20:7777/nudr-dr/v1/subscription-data/imsi-999702000000010/99970/provisioned-data/smf-selection-subscription-data (../lib/sbi/client.c:625)
11/20 19:19:22.353: [sbi] DEBUG: STATUS [204] (../lib/sbi/nghttp2-server.c:357)
11/20 19:19:22.353: [sbi] DEBUG: STREAM closed [11] (../lib/sbi/nghttp2-server.c:852)
0000: 00000301 05000000 0b89c0bf            ............
11/20 19:19:22.353: [sbi] DEBUG: [201:PUT] http://127.0.0.12:7777/nudm-uecm/v1/imsi-999701000000010/registrations/amf-3gpp-access (../lib/sbi/client.c:573)
11/20 19:19:22.353: [sbi] DEBUG: RECEIVED[262] (../lib/sbi/client.c:584)
11/20 19:19:22.353: [sbi] DEBUG: {
	"amfInstanceId":	"4852b174-694b-41ed-8013-d76538520ad0",
	"deregCallbackUri":	"http://127.0.0.5:7777/namf-callback/v1/imsi-999701000000010/dereg-notify",
	"guami":	{
		"plmnId":	{
			"mcc":	"999",
			"mnc":	"70"
		},
		"amfId":	"020040"
	},
	"ratType":	"NR"
} (../lib/sbi/client.c:586)
11/20 19:19:22.353: [amf] DEBUG: amf_state_operational(): OGS_EVENT_NAME_SBI_CLIENT (../src/amf/amf-sm.c:78)
11/20 19:19:22.353: [gmm] DEBUG: gmm_state_initial_context_setup(): OGS_EVENT_NAME_SBI_CLIENT (../src/amf/gmm-sm.c:969)
11/20 19:19:22.353: [sbi] DEBUG: [REF] 6 (../lib/sbi/path.c:212)
11/20 19:19:22.353: [sbi] DEBUG: [GET] http://127.0.0.12:7777/nudm-sdm/v2/imsi-999701000000010/am-data (../lib/sbi/client.c:625)
0000: 00010600 01000000 017b0a09 22616d66   .........{.."amf
0010: 496e7374 616e6365 4964223a 09223438   InstanceId":."48
0020: 35326231 37342d36 3934622d 34316564   52b174-694b-41ed
0030: 2d383031 332d6437 36353338 35323061   -8013-d76538520a
0040: 6430222c 0a092264 65726567 43616c6c   d0",.."deregCall
0050: 6261636b 55726922 3a092268 7474703a   backUri":."http:
0060: 2f2f3132 372e302e 302e353a 37373737   //127.0.0.5:7777
0070: 2f6e616d 662d6361 6c6c6261 636b2f76   /namf-callback/v
0080: 312f696d 73692d39 39393730 31303030   1/imsi-999701000
0090: 30303030 31302f64 65726567 2d6e6f74   000010/dereg-not
00a0: 69667922 2c0a0922 6775616d 69223a09   ify",.."guami":.
00b0: 7b0a0909 22706c6d 6e496422 3a097b0a   {..."plmnId":.{.
00c0: 09090922 6d636322 3a092239 3939222c   ..."mcc":."999",
00d0: 0a090909 226d6e63 223a0922 3730220a   ...."mnc":."70".
00e0: 09097d2c 0a090922 616d6649 64223a09   ..},..."amfId":.
00f0: 22303230 30343022 0a097d2c 0a092272   "020040"..},.."r
0100: 61745479 7065223a 09224e52 220a7d     atType":."NR".}
11/20 19:19:22.353: [sbi] DEBUG: STREAM added [13] (../lib/sbi/nghttp2-server.c:1122)
11/20 19:19:22.353: [sbi] DEBUG: [204:PUT] http://127.0.0.20:7777/nudr-dr/v1/subscription-data/imsi-999700000000010/context-data/amf-3gpp-access (../lib/sbi/client.c:573)
11/20 19:19:22.353: [sbi] DEBUG: RECEIVED[0] (../lib/sbi/client.c:584)
11/20 19:19:22.353: [sbi] DEBUG: [GET] /nudr-dr/v1/subscription-data/imsi-999702000000010/99970/provisioned-data/smf-selection-subscription-data (../lib/sbi/nghttp2-server.c:801)
11/20 19:19:22.353: [udr] DEBUG: udr_state_operational(): OGS_EVENT_NAME_SBI_SERVER (../src/udr/udr-sm.c:51)
11/20 19:19:22.353: [udm] DEBUG: udm_state_operational(): OGS_EVENT_NAME_SBI_CLIENT (../src/udm/udm-sm.c:53)
11/20 19:19:22.353: [udm] DEBUG: udm_ue_state_operational(): OGS_EVENT_NAME_SBI_CLIENT (../src/udm/ue-sm.c:46)
11/20 19:19:22.353: [sbi] DEBUG: STATUS [201] (../lib/sbi/nghttp2-server.c:357)
11/20 19:19:22.353: [sbi] DEBUG: SENDING...: 262 (../lib/sbi/nghttp2-server.c:365)
11/20 19:19:22.353: [sbi] DEBUG: {
	"amfInstanceId":	"4852b174-694b-41ed-8013-d76538520ad0",
	"deregCallbackUri":	"http://127.0.0.5:7777/namf-callback/v1/imsi-999700000000010/dereg-notify",
	"guami":	{
		"plmnId":	{
			"mcc":	"999",
			"mnc":	"70"
		},
		"amfId":	"020040"
	},
	"ratType":	"NR"
} (../lib/sbi/nghttp2-server.c:366)
11/20 19:19:22.353: [sbi] DEBUG: STREAM closed [1] (../lib/sbi/nghttp2-server.c:852)
11/20 19:19:22.353: [sbi] DEBUG: STREAM added [3] (../lib/sbi/nghttp2-server.c:1122)
11/20 19:19:22.353: [sbi] DEBUG: [GET] /nudm-sdm/v2/imsi-999701000000010/am-data (../lib/sbi/nghttp2-server.c:801)
0000: 00000004 01000000 00                  .........
11/20 19:19:22.353: [udm] DEBUG: udm_state_operational(): OGS_EVENT_NAME_SBI_SERVER (../src/udm/udm-sm.c:53)
11/20 19:19:22.353: [udm] DEBUG: udm_ue_state_operational(): OGS_EVENT_NAME_SBI_SERVER (../src/udm/ue-sm.c:46)
11/20 19:19:22.353: [sbi] DEBUG: [GET] http://127.0.0.20:7777/nudr-dr/v1/subscription-data/imsi-999701000000010/99970/provisioned-data/am-data (../lib/sbi/client.c:625)
0000: 00007a01 04000000 01488210 03768bd5   ..z......H...v..
0010: 596a6f16 e53b8976 d76f6196 d07abe94   Yjo..;.v.oa..z..
0020: 1054d27e ea080212 8066e05f b821298b   .T.~.....f._.!).
0030: 46ff0f0d 8213820f 1fbc9d29 aee30c04   F..........)....
0040: 4eae05c0 b84571d7 5d758aad 9295ad29   N....Eq.]u.....)
0050: 2963b858 352832cf befba000 00000000   )c.X5(2.........
0060: 0818b0b3 1909b069 31ea4303 a655999a   .......i1.C..U..
0070: bad61908 54235f8b 1d75d062 0d263d4c   ....T#_..u.b.&=L
0080: 7441ea                                tA.
11/20 19:19:22.354: [sbi] DEBUG: STATUS [200] (../lib/sbi/nghttp2-server.c:357)
11/20 19:19:22.354: [sbi] DEBUG: SENDING...: 147 (../lib/sbi/nghttp2-server.c:365)
11/20 19:19:22.354: [sbi] DEBUG: {
	"subscribedSnssaiInfos":	{
		"{\n\t\"sst\":\t1\n}":	{
			"dnnInfos":	[{
					"dnn":	"internet",
					"defaultDnnIndicator":	true
				}]
		}
	}
} (../lib/sbi/nghttp2-server.c:366)
11/20 19:19:22.354: [sbi] DEBUG: STREAM closed [13] (../lib/sbi/nghttp2-server.c:852)
0000: 00000a01 04000000 0d88c0bf 0f0d0331   ...............1
0010: 3437be                                47.
11/20 19:19:22.354: [sbi] DEBUG: STREAM added [5] (../lib/sbi/nghttp2-server.c:1122)
11/20 19:19:22.354: [sbi] DEBUG: [201:PUT] http://127.0.0.12:7777/nudm-uecm/v1/imsi-999700000000010/registrations/amf-3gpp-access (../lib/sbi/client.c:573)
11/20 19:19:22.354: [sbi] DEBUG: [GET] /nudr-dr/v1/subscription-data/imsi-999701000000010/99970/provisioned-data/am-data (../lib/sbi/nghttp2-server.c:801)
11/20 19:19:22.354: [sbi] DEBUG: RECEIVED[262] (../lib/sbi/client.c:584)
11/20 19:19:22.354: [udr] DEBUG: udr_state_operational(): OGS_EVENT_NAME_SBI_SERVER (../src/udr/udr-sm.c:51)
11/20 19:19:22.354: [sbi] DEBUG: {
	"amfInstanceId":	"4852b174-694b-41ed-8013-d76538520ad0",
	"deregCallbackUri":	"http://127.0.0.5:7777/namf-callback/v1/imsi-999700000000010/dereg-notify",
	"guami":	{
		"plmnId":	{
			"mcc":	"999",
			"mnc":	"70"
		},
		"amfId":	"020040"
	},
	"ratType":	"NR"
} (../lib/sbi/client.c:586)
11/20 19:19:22.354: [amf] DEBUG: amf_state_operational(): OGS_EVENT_NAME_SBI_CLIENT (../src/amf/amf-sm.c:78)
11/20 19:19:22.354: [gmm] DEBUG: gmm_state_initial_context_setup(): OGS_EVENT_NAME_SBI_CLIENT (../src/amf/gmm-sm.c:969)
11/20 19:19:22.354: [sbi] DEBUG: [REF] 7 (../lib/sbi/path.c:212)
11/20 19:19:22.354: [sbi] DEBUG: [GET] http://127.0.0.12:7777/nudm-sdm/v2/imsi-999700000000010/am-data (../lib/sbi/client.c:625)
0000: 00010600 01000000 017b0a09 22616d66   .........{.."amf
0010: 496e7374 616e6365 4964223a 09223438   InstanceId":."48
0020: 35326231 37342d36 3934622d 34316564   52b174-694b-41ed
0030: 2d383031 332d6437 36353338 35323061   -8013-d76538520a
0040: 6430222c 0a092264 65726567 43616c6c   d0",.."deregCall
0050: 6261636b 55726922 3a092268 7474703a   backUri":."http:
0060: 2f2f3132 372e302e 302e353a 37373737   //127.0.0.5:7777
0070: 2f6e616d 662d6361 6c6c6261 636b2f76   /namf-callback/v
0080: 312f696d 73692d39 39393730 30303030   1/imsi-999700000
0090: 30303030 31302f64 65726567 2d6e6f74   000010/dereg-not
00a0: 69667922 2c0a0922 6775616d 69223a09   ify",.."guami":.
00b0: 7b0a0909 22706c6d 6e496422 3a097b0a   {..."plmnId":.{.
00c0: 09090922 6d636322 3a092239 3939222c   ..."mcc":."999",
00d0: 0a090909 226d6e63 223a0922 3730220a   ...."mnc":."70".
00e0: 09097d2c 0a090922 616d6649 64223a09   ..},..."amfId":.
00f0: 22303230 30343022 0a097d2c 0a092272   "020040"..},.."r
0100: 61745479 7065223a 09224e52 220a7d     atType":."NR".}
11/20 19:19:22.354: [sbi] DEBUG: STREAM added [3] (../lib/sbi/nghttp2-server.c:1122)
11/20 19:19:22.354: [sbi] DEBUG: [GET] /nudm-sdm/v2/imsi-999700000000010/am-data (../lib/sbi/nghttp2-server.c:801)
11/20 19:19:22.354: [udm] DEBUG: udm_state_operational(): OGS_EVENT_NAME_SBI_SERVER (../src/udm/udm-sm.c:53)
11/20 19:19:22.354: [udm] DEBUG: udm_ue_state_operational(): OGS_EVENT_NAME_SBI_SERVER (../src/udm/ue-sm.c:46)
11/20 19:19:22.354: [sbi] DEBUG: [GET] http://127.0.0.20:7777/nudr-dr/v1/subscription-data/imsi-999700000000010/99970/provisioned-data/am-data (../lib/sbi/client.c:625)
11/20 19:19:22.354: [sbi] DEBUG: STATUS [200] (../lib/sbi/nghttp2-server.c:357)
11/20 19:19:22.354: [sbi] DEBUG: SENDING...: 207 (../lib/sbi/nghttp2-server.c:365)
11/20 19:19:22.354: [sbi] DEBUG: {
	"gpsis":	["msisdn-491725670014", "msisdn-491725670015"],
	"subscribedUeAmbr":	{
		"uplink":	"1048576 Kbps",
		"downlink":	"1048576 Kbps"
	},
	"nssai":	{
		"defaultSingleNssais":	[{
				"sst":	1
			}]
	}
} (../lib/sbi/nghttp2-server.c:366)
11/20 19:19:22.354: [sbi] DEBUG: STREAM closed [5] (../lib/sbi/nghttp2-server.c:852)
11/20 19:19:22.354: [sbi] DEBUG: [200:GET] http://127.0.0.20:7777/nudr-dr/v1/subscription-data/imsi-999702000000010/99970/provisioned-data/smf-selection-subscription-data (../lib/sbi/client.c:573)
0000: 00009300 01000000 0d7b0a09 22737562   .........{.."sub
0010: 73637269 62656453 6e737361 69496e66   scribedSnssaiInf
0020: 6f73223a 097b0a09 09227b5c 6e5c745c   os":.{..."{\n\t\
0030: 22737374 5c223a5c 74315c6e 7d223a09   "sst\":\t1\n}":.
0040: 7b0a0909 0922646e 6e496e66 6f73223a   {...."dnnInfos":
0050: 095b7b0a 09090909 0922646e 6e223a09   .[{......"dnn":.
0060: 22696e74 65726e65 74222c0a 09090909   "internet",.....
0070: 09226465 6661756c 74446e6e 496e6469   ."defaultDnnIndi
0080: 6361746f 72223a09 74727565 0a090909   cator":.true....
0090: 097d5d0a 09097d0a 097d0a7d            .}]...}..}.}
11/20 19:19:22.354: [sbi] DEBUG: RECEIVED[147] (../lib/sbi/client.c:584)
11/20 19:19:22.354: [sbi] DEBUG: {
	"subscribedSnssaiInfos":	{
		"{\n\t\"sst\":\t1\n}":	{
			"dnnInfos":	[{
					"dnn":	"internet",
					"defaultDnnIndicator":	true
				}]
		}
	}
} (../lib/sbi/client.c:586)
0000: 00000901 04000000 0588c0bf 0f0d8210   ................
0010: 1dbe                                  ..
11/20 19:19:22.354: [udm] DEBUG: udm_state_operational(): OGS_EVENT_NAME_SBI_CLIENT (../src/udm/udm-sm.c:53)
11/20 19:19:22.354: [sbi] DEBUG: STREAM added [5] (../lib/sbi/nghttp2-server.c:1122)
11/20 19:19:22.354: [udm] DEBUG: udm_ue_state_operational(): OGS_EVENT_NAME_SBI_CLIENT (../src/udm/ue-sm.c:46)
11/20 19:19:22.354: [sbi] DEBUG: [GET] /nudr-dr/v1/subscription-data/imsi-999700000000010/99970/provisioned-data/am-data (../lib/sbi/nghttp2-server.c:801)
11/20 19:19:22.354: [udr] DEBUG: udr_state_operational(): OGS_EVENT_NAME_SBI_SERVER (../src/udr/udr-sm.c:51)
11/20 19:19:22.354: [sbi] DEBUG: STATUS [200] (../lib/sbi/nghttp2-server.c:357)
11/20 19:19:22.354: [sbi] DEBUG: SENDING...: 147 (../lib/sbi/nghttp2-server.c:365)
11/20 19:19:22.354: [sbi] DEBUG: {
	"subscribedSnssaiInfos":	{
		"{\n\t\"sst\":\t1\n}":	{
			"dnnInfos":	[{
					"dnn":	"internet",
					"defaultDnnIndicator":	true
				}]
		}
	}
} (../lib/sbi/nghttp2-server.c:366)
11/20 19:19:22.354: [sbi] DEBUG: STREAM closed [5] (../lib/sbi/nghttp2-server.c:852)
0000: 00000a01 04000000 0588c0bf 0f0d0331   ...............1
0010: 3437be                                47.
11/20 19:19:22.354: [sbi] DEBUG: [200:GET] http://127.0.0.12:7777/nudm-sdm/v2/imsi-999702000000010/smf-select-data (../lib/sbi/client.c:573)
11/20 19:19:22.354: [sbi] DEBUG: RECEIVED[147] (../lib/sbi/client.c:584)
11/20 19:19:22.354: [sbi] DEBUG: {
	"subscribedSnssaiInfos":	{
		"{\n\t\"sst\":\t1\n}":	{
			"dnnInfos":	[{
					"dnn":	"internet",
					"defaultDnnIndicator":	true
				}]
		}
	}
} (../lib/sbi/client.c:586)
0000: 00009300 01000000 057b0a09 22737562   .........{.."sub
0010: 73637269 62656453 6e737361 69496e66   scribedSnssaiInf
0020: 6f73223a 097b0a09 09227b5c 6e5c745c   os":.{..."{\n\t\
0030: 22737374 5c223a5c 74315c6e 7d223a09   "sst\":\t1\n}":.
0040: 7b0a0909 0922646e 6e496e66 6f73223a   {...."dnnInfos":
0050: 095b7b0a 09090909 0922646e 6e223a09   .[{......"dnn":.
0060: 22696e74 65726e65 74222c0a 09090909   "internet",.....
0070: 09226465 6661756c 74446e6e 496e6469   ."defaultDnnIndi
0080: 6361746f 72223a09 74727565 0a090909   cator":.true....
0090: 097d5d0a 09097d0a 097d0a7d            .}]...}..}.}
11/20 19:19:22.354: [amf] DEBUG: amf_state_operational(): OGS_EVENT_NAME_SBI_CLIENT (../src/amf/amf-sm.c:78)
11/20 19:19:22.354: [gmm] DEBUG: gmm_state_initial_context_setup(): OGS_EVENT_NAME_SBI_CLIENT (../src/amf/gmm-sm.c:969)
11/20 19:19:22.354: [sbi] DEBUG: [GET] http://127.0.0.12:7777/nudm-sdm/v2/imsi-999702000000010/ue-context-in-smf-data (../lib/sbi/client.c:625)
11/20 19:19:22.354: [sbi] DEBUG: STREAM added [7] (../lib/sbi/nghttp2-server.c:1122)
11/20 19:19:22.354: [sbi] DEBUG: STATUS [200] (../lib/sbi/nghttp2-server.c:357)
11/20 19:19:22.354: [sbi] DEBUG: [GET] /nudm-sdm/v2/imsi-999702000000010/ue-context-in-smf-data (../lib/sbi/nghttp2-server.c:801)
11/20 19:19:22.354: [sbi] DEBUG: SENDING...: 207 (../lib/sbi/nghttp2-server.c:365)
11/20 19:19:22.354: [udm] DEBUG: udm_state_operational(): OGS_EVENT_NAME_SBI_SERVER (../src/udm/udm-sm.c:53)
11/20 19:19:22.354: [sbi] DEBUG: {
	"gpsis":	["msisdn-491725670014", "msisdn-491725670015"],
	"subscribedUeAmbr":	{
		"uplink":	"1048576 Kbps",
		"downlink":	"1048576 Kbps"
	},
	"nssai":	{
		"defaultSingleNssais":	[{
				"sst":	1
			}]
	}
} (../lib/sbi/nghttp2-server.c:366)
11/20 19:19:22.354: [udm] DEBUG: udm_ue_state_operational(): OGS_EVENT_NAME_SBI_SERVER (../src/udm/ue-sm.c:46)
11/20 19:19:22.354: [sbi] DEBUG: STREAM closed [5] (../lib/sbi/nghttp2-server.c:852)
11/20 19:19:22.354: [sbi] DEBUG: STATUS [200] (../lib/sbi/nghttp2-server.c:357)
11/20 19:19:22.354: [sbi] DEBUG: SENDING...: 3 (../lib/sbi/nghttp2-server.c:365)
11/20 19:19:22.354: [sbi] DEBUG: {
} (../lib/sbi/nghttp2-server.c:366)
11/20 19:19:22.354: [sbi] DEBUG: STREAM closed [7] (../lib/sbi/nghttp2-server.c:852)
0000: 00000801 04000000 0788c0bf 0f0d0133   ...............3
0010: be                                    .
0000: 0000cf00 01000000 057b0a09 22677073   .........{.."gps
0010: 6973223a 095b226d 73697364 6e2d3439   is":.["msisdn-49
0020: 31373235 36373030 3134222c 20226d73   1725670014", "ms
0030: 6973646e 2d343931 37323536 37303031   isdn-49172567001
0040: 35225d2c 0a092273 75627363 72696265   5"],.."subscribe
0050: 64556541 6d627222 3a097b0a 09092275   dUeAmbr":.{..."u
0060: 706c696e 6b223a09 22313034 38353736   plink":."1048576
0070: 204b6270 73222c0a 09092264 6f776e6c    Kbps",..."downl
0080: 696e6b22 3a092231 30343835 3736204b   ink":."1048576 K
0090: 62707322 0a097d2c 0a09226e 73736169   bps"..},.."nssai
00a0: 223a097b 0a090922 64656661 756c7453   ":.{..."defaultS
00b0: 696e676c 654e7373 61697322 3a095b7b   ingleNssais":.[{
00c0: 0a090909 09227373 74223a09 310a0909   ....."sst":.1...
00d0: 097d5d0a 097d0a7d                     .}]..}.}
11/20 19:19:22.355: [sbi] DEBUG: [200:GET] http://127.0.0.20:7777/nudr-dr/v1/subscription-data/imsi-999701000000010/99970/provisioned-data/am-data (../lib/sbi/client.c:573)
11/20 19:19:22.355: [sbi] DEBUG: RECEIVED[207] (../lib/sbi/client.c:584)
11/20 19:19:22.355: [sbi] DEBUG: {
	"gpsis":	["msisdn-491725670014", "msisdn-491725670015"],
	"subscribedUeAmbr":	{
		"uplink":	"1048576 Kbps",
		"downlink":	"1048576 Kbps"
	},
	"nssai":	{
		"defaultSingleNssais":	[{
				"sst":	1
			}]
	}
} (../lib/sbi/client.c:586)
11/20 19:19:22.355: [udm] DEBUG: udm_state_operational(): OGS_EVENT_NAME_SBI_CLIENT (../src/udm/udm-sm.c:53)
0000: 00000901 04000000 0588c0bf 0f0d8210   ................
0010: 1dbe                                  ..
11/20 19:19:22.355: [udm] DEBUG: udm_ue_state_operational(): OGS_EVENT_NAME_SBI_CLIENT (../src/udm/ue-sm.c:46)
11/20 19:19:22.355: [sbi] DEBUG: STATUS [200] (../lib/sbi/nghttp2-server.c:357)
11/20 19:19:22.355: [sbi] DEBUG: SENDING...: 207 (../lib/sbi/nghttp2-server.c:365)
11/20 19:19:22.355: [sbi] DEBUG: {
	"gpsis":	["msisdn-491725670014", "msisdn-491725670015"],
	"subscribedUeAmbr":	{
		"uplink":	"1048576 Kbps",
		"downlink":	"1048576 Kbps"
	},
	"nssai":	{
		"defaultSingleNssais":	[{
				"sst":	1
			}]
	}
} (../lib/sbi/nghttp2-server.c:366)
0000: 0000cf00 01000000 057b0a09 22677073   .........{.."gps
0010: 6973223a 095b226d 73697364 6e2d3439   is":.["msisdn-49
0020: 31373235 36373030 3134222c 20226d73   1725670014", "ms
0030: 6973646e 2d343931 37323536 37303031   isdn-49172567001
0040: 35225d2c 0a092273 75627363 72696265   5"],.."subscribe
0050: 64556541 6d627222 3a097b0a 09092275   dUeAmbr":.{..."u
0060: 706c696e 6b223a09 22313034 38353736   plink":."1048576
0070: 204b6270 73222c0a 09092264 6f776e6c    Kbps",..."downl
0080: 696e6b22 3a092231 30343835 3736204b   ink":."1048576 K
0090: 62707322 0a097d2c 0a09226e 73736169   bps"..},.."nssai
00a0: 223a097b 0a090922 64656661 756c7453   ":.{..."defaultS
00b0: 696e676c 654e7373 61697322 3a095b7b   ingleNssais":.[{
00c0: 0a090909 09227373 74223a09 310a0909   ....."sst":.1...
00d0: 097d5d0a 097d0a7d                     .}]..}.}
11/20 19:19:22.355: [sbi] DEBUG: STREAM closed [3] (../lib/sbi/nghttp2-server.c:852)
0000: 00000300 01000000 077b0a7d            .........{.}
11/20 19:19:22.355: [sbi] DEBUG: [200:GET] http://127.0.0.12:7777/nudm-sdm/v2/imsi-999702000000010/ue-context-in-smf-data (../lib/sbi/client.c:573)
11/20 19:19:22.355: [sbi] DEBUG: [200:GET] http://127.0.0.20:7777/nudr-dr/v1/subscription-data/imsi-999700000000010/99970/provisioned-data/am-data (../lib/sbi/client.c:573)
11/20 19:19:22.355: [sbi] DEBUG: RECEIVED[207] (../lib/sbi/client.c:584)
11/20 19:19:22.355: [sbi] DEBUG: RECEIVED[3] (../lib/sbi/client.c:584)
11/20 19:19:22.355: [sbi] DEBUG: {
	"gpsis":	["msisdn-491725670014", "msisdn-491725670015"],
	"subscribedUeAmbr":	{
		"uplink":	"1048576 Kbps",
		"downlink":	"1048576 Kbps"
	},
	"nssai":	{
		"defaultSingleNssais":	[{
				"sst":	1
			}]
	}
} (../lib/sbi/client.c:586)
11/20 19:19:22.355: [sbi] DEBUG: {
} (../lib/sbi/client.c:586)
0000: 00000901 04000000 0388c0bf 0f0d8210   ................
0010: 1dbe                                  ..
11/20 19:19:22.355: [amf] DEBUG: amf_state_operational(): OGS_EVENT_NAME_SBI_CLIENT (../src/amf/amf-sm.c:78)
11/20 19:19:22.355: [udm] DEBUG: udm_state_operational(): OGS_EVENT_NAME_SBI_CLIENT (../src/udm/udm-sm.c:53)
11/20 19:19:22.355: [gmm] DEBUG: gmm_state_initial_context_setup(): OGS_EVENT_NAME_SBI_CLIENT (../src/amf/gmm-sm.c:969)
11/20 19:19:22.355: [udm] DEBUG: udm_ue_state_operational(): OGS_EVENT_NAME_SBI_CLIENT (../src/udm/ue-sm.c:46)
11/20 19:19:22.355: [sbi] DEBUG: STATUS [200] (../lib/sbi/nghttp2-server.c:357)
11/20 19:19:22.355: [sbi] DEBUG: SENDING...: 207 (../lib/sbi/nghttp2-server.c:365)
11/20 19:19:22.355: [sbi] DEBUG: {
	"gpsis":	["msisdn-491725670014", "msisdn-491725670015"],
	"subscribedUeAmbr":	{
		"uplink":	"1048576 Kbps",
		"downlink":	"1048576 Kbps"
	},
	"nssai":	{
		"defaultSingleNssais":	[{
				"sst":	1
			}]
	}
} (../lib/sbi/nghttp2-server.c:366)
11/20 19:19:22.355: [sbi] DEBUG: [POST] http://127.0.0.12:7777/nudm-sdm/v2/imsi-999702000000010/sdm-subscriptions (../lib/sbi/client.c:625)
11/20 19:19:22.355: [sbi] DEBUG: STREAM closed [3] (../lib/sbi/nghttp2-server.c:852)
11/20 19:19:22.355: [sbi] DEBUG: SENDING...[257] (../lib/sbi/client.c:401)
11/20 19:19:22.355: [sbi] DEBUG: {
	"nfInstanceId":	"4852b174-694b-41ed-8013-d76538520ad0",
	"implicitUnsubscribe":	true,
	"callbackReference":	"http://127.0.0.5:7777/namf-callback/v1/imsi-999702000000010/sdmsubscription-notify",
	"monitoredResourceUris":	["imsi-999702000000010/am-data"]
} (../lib/sbi/client.c:403)
0000: 0000cf00 01000000 037b0a09 22677073   .........{.."gps
0010: 6973223a 095b226d 73697364 6e2d3439   is":.["msisdn-49
0020: 31373235 36373030 3134222c 20226d73   1725670014", "ms
0030: 6973646e 2d343931 37323536 37303031   isdn-49172567001
0040: 35225d2c 0a092273 75627363 72696265   5"],.."subscribe
0050: 64556541 6d627222 3a097b0a 09092275   dUeAmbr":.{..."u
0060: 706c696e 6b223a09 22313034 38353736   plink":."1048576
0070: 204b6270 73222c0a 09092264 6f776e6c    Kbps",..."downl
0080: 696e6b22 3a092231 30343835 3736204b   ink":."1048576 K
0090: 62707322 0a097d2c 0a09226e 73736169   bps"..},.."nssai
00a0: 223a097b 0a090922 64656661 756c7453   ":.{..."defaultS
00b0: 696e676c 654e7373 61697322 3a095b7b   ingleNssais":.[{
00c0: 0a090909 09227373 74223a09 310a0909   ....."sst":.1...
00d0: 097d5d0a 097d0a7d                     .}]..}.}
0000: 00000901 04000000 0388c0bf 0f0d8210   ................
0010: 1dbe                                  ..
11/20 19:19:22.355: [sbi] DEBUG: [200:GET] http://127.0.0.12:7777/nudm-sdm/v2/imsi-999701000000010/am-data (../lib/sbi/client.c:573)
11/20 19:19:22.355: [sbi] DEBUG: RECEIVED[207] (../lib/sbi/client.c:584)
11/20 19:19:22.355: [sbi] DEBUG: {
	"gpsis":	["msisdn-491725670014", "msisdn-491725670015"],
	"subscribedUeAmbr":	{
		"uplink":	"1048576 Kbps",
		"downlink":	"1048576 Kbps"
	},
	"nssai":	{
		"defaultSingleNssais":	[{
				"sst":	1
			}]
	}
} (../lib/sbi/client.c:586)
11/20 19:19:22.355: [sbi] DEBUG: STREAM added [9] (../lib/sbi/nghttp2-server.c:1122)
11/20 19:19:22.355: [amf] DEBUG: amf_state_operational(): OGS_EVENT_NAME_SBI_CLIENT (../src/amf/amf-sm.c:78)
11/20 19:19:22.355: [sbi] DEBUG: [POST] /nudm-sdm/v2/imsi-999702000000010/sdm-subscriptions (../lib/sbi/nghttp2-server.c:801)
11/20 19:19:22.355: [gmm] DEBUG: gmm_state_initial_context_setup(): OGS_EVENT_NAME_SBI_CLIENT (../src/amf/gmm-sm.c:969)
11/20 19:19:22.355: [sbi] DEBUG: RECEIVED: 257 (../lib/sbi/nghttp2-server.c:805)
11/20 19:19:22.355: [sbi] DEBUG: {
	"nfInstanceId":	"4852b174-694b-41ed-8013-d76538520ad0",
	"implicitUnsubscribe":	true,
	"callbackReference":	"http://127.0.0.5:7777/namf-callback/v1/imsi-999702000000010/sdmsubscription-notify",
	"monitoredResourceUris":	["imsi-999702000000010/am-data"]
} (../lib/sbi/nghttp2-server.c:806)
11/20 19:19:22.355: [sbi] DEBUG: [GET] http://127.0.0.12:7777/nudm-sdm/v2/imsi-999701000000010/smf-select-data (../lib/sbi/client.c:625)
0000: 0000cf00 01000000 037b0a09 22677073   .........{.."gps
0010: 6973223a 095b226d 73697364 6e2d3439   is":.["msisdn-49
0020: 31373235 36373030 3134222c 20226d73   1725670014", "ms
0030: 6973646e 2d343931 37323536 37303031   isdn-49172567001
0040: 35225d2c 0a092273 75627363 72696265   5"],.."subscribe
0050: 64556541 6d627222 3a097b0a 09092275   dUeAmbr":.{..."u
0060: 706c696e 6b223a09 22313034 38353736   plink":."1048576
0070: 204b6270 73222c0a 09092264 6f776e6c    Kbps",..."downl
0080: 696e6b22 3a092231 30343835 3736204b   ink":."1048576 K
0090: 62707322 0a097d2c 0a09226e 73736169   bps"..},.."nssai
00a0: 223a097b 0a090922 64656661 756c7453   ":.{..."defaultS
00b0: 696e676c 654e7373 61697322 3a095b7b   ingleNssais":.[{
00c0: 0a090909 09227373 74223a09 310a0909   ....."sst":.1...
00d0: 097d5d0a 097d0a7d                     .}]..}.}
11/20 19:19:22.355: [udm] DEBUG: udm_state_operational(): OGS_EVENT_NAME_SBI_SERVER (../src/udm/udm-sm.c:53)
11/20 19:19:22.355: [sbi] DEBUG: [200:GET] http://127.0.0.12:7777/nudm-sdm/v2/imsi-999700000000010/am-data (../lib/sbi/client.c:573)
11/20 19:19:22.355: [sbi] DEBUG: RECEIVED[207] (../lib/sbi/client.c:584)
11/20 19:19:22.355: [udm] DEBUG: udm_ue_state_operational(): OGS_EVENT_NAME_SBI_SERVER (../src/udm/ue-sm.c:46)
11/20 19:19:22.355: [sbi] DEBUG: {
	"gpsis":	["msisdn-491725670014", "msisdn-491725670015"],
	"subscribedUeAmbr":	{
		"uplink":	"1048576 Kbps",
		"downlink":	"1048576 Kbps"
	},
	"nssai":	{
		"defaultSingleNssais":	[{
				"sst":	1
			}]
	}
} (../lib/sbi/client.c:586)
11/20 19:19:22.355: [amf] DEBUG: amf_state_operational(): OGS_EVENT_NAME_SBI_CLIENT (../src/amf/amf-sm.c:78)
11/20 19:19:22.355: [sbi] DEBUG: STATUS [201] (../lib/sbi/nghttp2-server.c:357)
11/20 19:19:22.355: [sbi] DEBUG: SENDING...: 257 (../lib/sbi/nghttp2-server.c:365)
11/20 19:19:22.355: [sbi] DEBUG: {
	"nfInstanceId":	"4852b174-694b-41ed-8013-d76538520ad0",
	"implicitUnsubscribe":	true,
	"callbackReference":	"http://127.0.0.5:7777/namf-callback/v1/imsi-999702000000010/sdmsubscription-notify",
	"monitoredResourceUris":	["imsi-999702000000010/am-data"]
} (../lib/sbi/nghttp2-server.c:366)
11/20 19:19:22.355: [gmm] DEBUG: gmm_state_initial_context_setup(): OGS_EVENT_NAME_SBI_CLIENT (../src/amf/gmm-sm.c:969)
11/20 19:19:22.355: [sbi] DEBUG: STREAM closed [9] (../lib/sbi/nghttp2-server.c:852)
11/20 19:19:22.355: [sbi] DEBUG: [GET] http://127.0.0.12:7777/nudm-sdm/v2/imsi-999700000000010/smf-select-data (../lib/sbi/client.c:625)
0000: 00004201 04000000 09c1c0bf 0f0d0332   ..B............2
0010: 35370f1f b59d29ae e30c044e ae05c0b8   57....)....N....
0020: 4571d75d 758aad92 9591252c 771306a5   Eq.]u.....%,w...
0030: 0659f7df 74020000 00000103 08929591   .Y..t...........
0040: 6c682586 ad263d48 603fbe              lh%..&=H`?.
11/20 19:19:22.355: [sbi] DEBUG: STREAM added [5] (../lib/sbi/nghttp2-server.c:1122)
11/20 19:19:22.355: [sbi] DEBUG: [GET] /nudm-sdm/v2/imsi-999701000000010/smf-select-data (../lib/sbi/nghttp2-server.c:801)
11/20 19:19:22.355: [udm] DEBUG: udm_state_operational(): OGS_EVENT_NAME_SBI_SERVER (../src/udm/udm-sm.c:53)
11/20 19:19:22.355: [udm] DEBUG: udm_ue_state_operational(): OGS_EVENT_NAME_SBI_SERVER (../src/udm/ue-sm.c:46)
11/20 19:19:22.355: [sbi] DEBUG: [GET] http://127.0.0.20:7777/nudr-dr/v1/subscription-data/imsi-999701000000010/99970/provisioned-data/smf-selection-subscription-data (../lib/sbi/client.c:625)
11/20 19:19:22.356: [sbi] DEBUG: [201:POST] http://127.0.0.12:7777/nudm-sdm/v2/imsi-999702000000010/sdm-subscriptions (../lib/sbi/client.c:573)
11/20 19:19:22.356: [sbi] DEBUG: RECEIVED[257] (../lib/sbi/client.c:584)
11/20 19:19:22.356: [sbi] DEBUG: {
	"nfInstanceId":	"4852b174-694b-41ed-8013-d76538520ad0",
	"implicitUnsubscribe":	true,
	"callbackReference":	"http://127.0.0.5:7777/namf-callback/v1/imsi-999702000000010/sdmsubscription-notify",
	"monitoredResourceUris":	["imsi-999702000000010/am-data"]
} (../lib/sbi/client.c:586)
11/20 19:19:22.356: [amf] DEBUG: amf_state_operational(): OGS_EVENT_NAME_SBI_CLIENT (../src/amf/amf-sm.c:78)
0000: 00010100 01000000 097b0a09 226e6649   .........{.."nfI
0010: 6e737461 6e636549 64223a09 22343835   nstanceId":."485
0020: 32623137 342d3639 34622d34 3165642d   2b174-694b-41ed-
0030: 38303133 2d643736 35333835 32306164   8013-d76538520ad
0040: 30222c0a 0922696d 706c6963 6974556e   0",.."implicitUn
0050: 73756273 63726962 65223a09 74727565   subscribe":.true
0060: 2c0a0922 63616c6c 6261636b 52656665   ,.."callbackRefe
0070: 72656e63 65223a09 22687474 703a2f2f   rence":."http://
0080: 3132372e 302e302e 353a3737 37372f6e   127.0.0.5:7777/n
0090: 616d662d 63616c6c 6261636b 2f76312f   amf-callback/v1/
00a0: 696d7369 2d393939 37303230 30303030   imsi-99970200000
00b0: 30303130 2f73646d 73756273 63726970   0010/sdmsubscrip
00c0: 74696f6e 2d6e6f74 69667922 2c0a0922   tion-notify",.."
00d0: 6d6f6e69 746f7265 64526573 6f757263   monitoredResourc
00e0: 65557269 73223a09 5b22696d 73692d39   eUris":.["imsi-9
00f0: 39393730 32303030 30303030 31302f61   99702000000010/a
0100: 6d2d6461 7461225d 0a7d                m-data"].}
11/20 19:19:22.356: [gmm] DEBUG: gmm_state_initial_context_setup(): OGS_EVENT_NAME_SBI_CLIENT (../src/amf/gmm-sm.c:969)
11/20 19:19:22.356: [sbi] DEBUG: STREAM added [5] (../lib/sbi/nghttp2-server.c:1122)
11/20 19:19:22.356: [sbi] DEBUG: [GET] /nudm-sdm/v2/imsi-999700000000010/smf-select-data (../lib/sbi/nghttp2-server.c:801)
11/20 19:19:22.356: [udm] DEBUG: udm_state_operational(): OGS_EVENT_NAME_SBI_SERVER (../src/udm/udm-sm.c:53)
11/20 19:19:22.356: [udm] DEBUG: udm_ue_state_operational(): OGS_EVENT_NAME_SBI_SERVER (../src/udm/ue-sm.c:46)
11/20 19:19:22.356: [sbi] DEBUG: STREAM added [15] (../lib/sbi/nghttp2-server.c:1122)
11/20 19:19:22.356: [sbi] WARNING: Try to discover [npcf-am-policy-control] (../lib/sbi/path.c:337)
11/20 19:19:22.356: [sbi] DEBUG: [GET] http://127.0.0.20:7777/nudr-dr/v1/subscription-data/imsi-999700000000010/99970/provisioned-data/smf-selection-subscription-data (../lib/sbi/client.c:625)
11/20 19:19:22.356: [sbi] DEBUG: [GET] http://[::1]:7777/nnrf-disc/v1/nf-instances (../lib/sbi/client.c:625)
11/20 19:19:22.356: [sbi] DEBUG: [GET] /nudr-dr/v1/subscription-data/imsi-999701000000010/99970/provisioned-data/smf-selection-subscription-data (../lib/sbi/nghttp2-server.c:801)
11/20 19:19:22.356: [udr] DEBUG: udr_state_operational(): OGS_EVENT_NAME_SBI_SERVER (../src/udr/udr-sm.c:51)
11/20 19:19:22.356: [sbi] DEBUG: STREAM added [11] (../lib/sbi/nghttp2-server.c:1122)
11/20 19:19:22.356: [sbi] DEBUG: [GET] /nnrf-disc/v1/nf-instances (../lib/sbi/nghttp2-server.c:801)
11/20 19:19:22.356: [nrf] DEBUG: nrf_state_operational(): OGS_EVENT_NAME_SBI_SERVER (../src/nrf/nrf-sm.c:50)
11/20 19:19:22.356: [nrf] DEBUG: NF-Discover : Requester[AMF] Target[PCF] (../src/nrf/nnrf-handler.c:450)
11/20 19:19:22.356: [nrf] DEBUG: [0] service-names[npcf-am-policy-control] (../src/nrf/nnrf-handler.c:478)
11/20 19:19:22.356: [nrf] DEBUG: [486be608-694b-41ed-95c2-f92a023310de:0] NF-Discovered [NF-Type:PCF,NF-Status:REGISTERED,IPv4:1,IPv6:0] (../src/nrf/nnrf-handler.c:505)
11/20 19:19:22.356: [sbi] DEBUG: STATUS [200] (../lib/sbi/nghttp2-server.c:357)
11/20 19:19:22.356: [sbi] DEBUG: SENDING...: 881 (../lib/sbi/nghttp2-server.c:365)
11/20 19:19:22.356: [sbi] DEBUG: {
	"validityPeriod":	3600,
	"nfInstances":	[{
			"nfInstanceId":	"486be608-694b-41ed-95c2-f92a023310de",
			"nfType":	"PCF",
			"nfStatus":	"REGISTERED",
			"heartBeatTimer":	10,
			"ipv4Addresses":	["127.0.0.13"],
			"allowedNfTypes":	["AMF", "SMF", "SCP"],
			"priority":	0,
			"capacity":	100,
			"load":	0,
			"nfServiceList":	{
				"486c9a12-694b-41ed-95c2-f92a023310de":	{
					"serviceInstanceId":	"486c9a12-694b-41ed-95c2-f92a023310de",
					"serviceName":	"npcf-am-policy-control",
					"versions":	[{
							"apiVersionInUri":	"v1",
							"apiFullVersion":	"1.0.0"
						}],
					"scheme":	"http",
					"nfServiceStatus":	"REGISTERED",
					"ipEndPoints":	[{
							"ipv4Address":	"127.0.0.13",
							"port":	7777
						}],
					"allowedNfTypes":	["AMF"],
					"priority":	0,
					"capacity":	100,
					"load":	0
				}
			},
			"nfProfileChangesSupportInd":	true
		}]
} (../lib/sbi/nghttp2-server.c:366)
11/20 19:19:22.356: [sbi] DEBUG: STREAM closed [11] (../lib/sbi/nghttp2-server.c:852)
0000: 00000b01 04000000 0b88c2bf 0f0d0338   ...............8
0010: 3831bec0                              81..
11/20 19:19:22.356: [sbi] DEBUG: [200:GET] http://[::1]:7777/nnrf-disc/v1/nf-instances?target-nf-type=PCF&requester-nf-type=AMF&service-names=npcf-am-policy-control (../lib/sbi/client.c:573)
11/20 19:19:22.356: [sbi] DEBUG: RECEIVED[881] (../lib/sbi/client.c:584)
11/20 19:19:22.356: [sbi] DEBUG: {
	"validityPeriod":	3600,
	"nfInstances":	[{
			"nfInstanceId":	"486be608-694b-41ed-95c2-f92a023310de",
			"nfType":	"PCF",
			"nfStatus":	"REGISTERED",
			"heartBeatTimer":	10,
			"ipv4Addresses":	["127.0.0.13"],
			"allowedNfTypes":	["AMF", "SMF", "SCP"],
			"priority":	0,
			"capacity":	100,
			"load":	0,
			"nfServiceList":	{
				"486c9a12-694b-41ed-95c2-f92a023310de":	{
					"serviceInstanceId":	"486c9a12-694b-41ed-95c2-f92a023310de",
					"serviceName":	"npcf-am-policy-control",
					"versions":	[{
							"apiVersionInUri":	"v1",
							"apiFullVersion":	"1.0.0"
						}],
					"scheme":	"http",
					"nfServiceStatus":	"REGISTERED",
					"ipEndPoints":	[{
							"ipv4Address":	"127.0.0.13",
							"port":	7777
						}],
					"allowedNfTypes":	["AMF"],
					"priority":	0,
					"capacity":	100,
					"load":	0
				}
			},
			"nfProfileChangesSupportInd":	true
		}]
} (../lib/sbi/client.c:586)
11/20 19:19:22.356: [amf] DEBUG: amf_state_operational(): OGS_EVENT_NAME_SBI_CLIENT (../src/amf/amf-sm.c:78)
11/20 19:19:22.356: [sbi] DEBUG: ogs_sbi_nf_instance_add() (../lib/sbi/context.c:762)
11/20 19:19:22.356: [sbi] DEBUG: [REF] 1 (../lib/sbi/context.c:764)
11/20 19:19:22.356: [sbi] DEBUG: ogs_sbi_nf_state_initial(): ENTRY (../lib/sbi/nf-sm.c:66)
11/20 19:19:22.356: [sbi] DEBUG: ogs_sbi_nf_state_registered(): ENTRY (../lib/sbi/nf-sm.c:204)
11/20 19:19:22.356: [sbi] INFO: [486be608-694b-41ed-95c2-f92a023310de] (NF-discover) NF registered (../lib/sbi/nnrf-handler.c:725)
11/20 19:19:22.356: [sock] DEBUG: addr:127.0.0.13, port:80 (../lib/core/ogs-sockaddr.c:140)
11/20 19:19:22.356: [sock] DEBUG: addr:127.0.0.13, port:7777 (../lib/core/ogs-sockaddr.c:140)
11/20 19:19:22.356: [sbi] DEBUG: ogs_sbi_client_add() (../lib/sbi/client.c:112)
11/20 19:19:22.356: [sbi] DEBUG: [REF] 1 (../lib/sbi/client.c:113)
11/20 19:19:22.356: [sbi] DEBUG: [REF] 2 (../lib/sbi/context.c:1570)
11/20 19:19:22.356: [sbi] DEBUG: ogs_sbi_client_add() (../lib/sbi/client.c:112)
11/20 19:19:22.356: [sbi] DEBUG: [REF] 1 (../lib/sbi/client.c:113)
0000: 00037100 01000000 0b7b0a09 2276616c   ..q......{.."val
0010: 69646974 79506572 696f6422 3a093336   idityPeriod":.36
0020: 30302c0a 09226e66 496e7374 616e6365   00,.."nfInstance
0030: 73223a09 5b7b0a09 0909226e 66496e73   s":.[{...."nfIns
0040: 74616e63 65496422 3a092234 38366265   tanceId":."486be
0050: 3630382d 36393462 2d343165 642d3935   608-694b-41ed-95
0060: 63322d66 39326130 32333331 30646522   c2-f92a023310de"
0070: 2c0a0909 09226e66 54797065 223a0922   ,...."nfType":."
0080: 50434622 2c0a0909 09226e66 53746174   PCF",...."nfStat
0090: 7573223a 09225245 47495354 45524544   us":."REGISTERED
00a0: 222c0a09 09092268 65617274 42656174   ",...."heartBeat
00b0: 54696d65 72223a09 31302c0a 09090922   Timer":.10,...."
00c0: 69707634 41646472 65737365 73223a09   ipv4Addresses":.
00d0: 5b223132 372e302e 302e3133 225d2c0a   ["127.0.0.13"],.
00e0: 09090922 616c6c6f 7765644e 66547970   ..."allowedNfTyp
00f0: 6573223a 095b2241 4d46222c 2022534d   es":.["AMF", "SM
0100: 46222c20 22534350 225d2c0a 09090922   F", "SCP"],...."
0110: 7072696f 72697479 223a0930 2c0a0909   priority":.0,...
0120: 09226361 70616369 7479223a 09313030   ."capacity":.100
0130: 2c0a0909 09226c6f 6164223a 09302c0a   ,...."load":.0,.
0140: 09090922 6e665365 72766963 654c6973   ..."nfServiceLis
0150: 74223a09 7b0a0909 09092234 38366339   t":.{....."486c9
0160: 6131322d 36393462 2d343165 642d3935   a12-694b-41ed-95
0170: 63322d66 39326130 32333331 30646522   c2-f92a023310de"
0180: 3a097b0a 09090909 09227365 72766963   :.{......"servic
0190: 65496e73 74616e63 65496422 3a092234   eInstanceId":."4
01a0: 38366339 6131322d 36393462 2d343165   86c9a12-694b-41e
01b0: 642d3935 63322d66 39326130 32333331   d-95c2-f92a02331
01c0: 30646522 2c0a0909 09090922 73657276   0de",......"serv
01d0: 6963654e 616d6522 3a09226e 7063662d   iceName":."npcf-
01e0: 616d2d70 6f6c6963 792d636f 6e74726f   am-policy-contro
01f0: 6c222c0a 09090909 09227665 7273696f   l",......"versio
0200: 6e73223a 095b7b0a 09090909 09090922   ns":.[{........"
0210: 61706956 65727369 6f6e496e 55726922   apiVersionInUri"
0220: 3a092276 31222c0a 09090909 09090922   :."v1",........"
0230: 61706946 756c6c56 65727369 6f6e223a   apiFullVersion":
0240: 0922312e 302e3022 0a090909 0909097d   ."1.0.0".......}
0250: 5d2c0a09 09090909 22736368 656d6522   ],......"scheme"
0260: 3a092268 74747022 2c0a0909 09090922   :."http",......"
0270: 6e665365 72766963 65537461 74757322   nfServiceStatus"
0280: 3a092252 45474953 54455245 44222c0a   :."REGISTERED",.
0290: 09090909 09226970 456e6450 6f696e74   ....."ipEndPoint
02a0: 73223a09 5b7b0a09 09090909 09092269   s":.[{........"i
02b0: 70763441 64647265 7373223a 09223132   pv4Address":."12
02c0: 372e302e 302e3133 222c0a09 09090909   7.0.0.13",......
02d0: 09092270 6f727422 3a093737 37370a09   .."port":.7777..
02e0: 09090909 097d5d2c 0a090909 09092261   .....}],......"a
02f0: 6c6c6f77 65644e66 54797065 73223a09   llowedNfTypes":.
0300: 5b22414d 46225d2c 0a090909 09092270   ["AMF"],......"p
0310: 72696f72 69747922 3a09302c 0a090909   riority":.0,....
0320: 09092263 61706163 69747922 3a093130   .."capacity":.10
0330: 302c0a09 09090909 226c6f61 64223a09   0,......"load":.
0340: 300a0909 09097d0a 0909097d 2c0a0909   0.....}....},...
0350: 09226e66 50726f66 696c6543 68616e67   ."nfProfileChang
0360: 65735375 70706f72 74496e64 223a0974   esSupportInd":.t
0370: 7275650a 09097d5d 0a7d                rue...}].}
11/20 19:19:22.356: [sbi] DEBUG: [REF] 2 (../lib/sbi/context.c:1482)
11/20 19:19:22.356: [sbi] INFO: [486be608-694b-41ed-95c2-f92a023310de] (NF-discover) NF Profile updated (../lib/sbi/nnrf-handler.c:752)
11/20 19:19:22.356: [amf] DEBUG: [REF] 2 (../src/amf/context.c:1945)
11/20 19:19:22.356: [sbi] DEBUG: [POST] http://127.0.0.13:7777/npcf-am-policy-control/v1/policies (../lib/sbi/client.c:625)
11/20 19:19:22.356: [sbi] DEBUG: SENDING...[876] (../lib/sbi/client.c:401)
11/20 19:19:22.356: [sbi] DEBUG: {
	"notificationUri":	"http://127.0.0.5:7777/namf-callback/v1/imsi-999702000000010/am-policy-notify",
	"supi":	"imsi-999702000000010",
	"gpsi":	"msisdn-491725670014",
	"accessType":	"3GPP_ACCESS",
	"pei":	"imeisv-8665070400405301",
	"userLoc":	{
		"nrLocation":	{
			"tai":	{
				"plmnId":	{
					"mcc":	"999",
					"mnc":	"70"
				},
				"tac":	"000001"
			},
			"ncgi":	{
				"plmnId":	{
					"mcc":	"999",
					"mnc":	"70"
				},
				"nrCellId":	"000040001"
			},
			"ueLocationTimestamp":	"2022-11-21T03:19:22.333865Z"
		}
	},
	"timeZone":	"-08:00",
	"servingPlmn":	{
		"mcc":	"999",
		"mnc":	"70"
	},
	"ratType":	"NR",
	"ueAmbr":	{
		"uplink":	"1048576 Kbps",
		"downlink":	"1048576 Kbps"
	},
	"allowedSnssais":	[{
			"sst":	1
		}],
	"guami":	{
		"plmnId":	{
			"mcc":	"999",
			"mnc":	"70"
		},
		"amfId":	"020040"
	},
	"serviceName":	"namf-callback",
	"suppFeat":	"4"
} (../lib/sbi/client.c:403)
11/20 19:19:22.357: [sbi] DEBUG: STATUS [200] (../lib/sbi/nghttp2-server.c:357)
11/20 19:19:22.357: [sbi] DEBUG: MAX_CONCURRENT_STREAMS = 100 (../lib/sbi/nghttp2-server.c:747)
11/20 19:19:22.357: [sbi] DEBUG: SENDING...: 147 (../lib/sbi/nghttp2-server.c:365)
11/20 19:19:22.357: [sbi] DEBUG: ENABLE_PUSH = false (../lib/sbi/nghttp2-server.c:749)
11/20 19:19:22.357: [sbi] DEBUG: {
	"subscribedSnssaiInfos":	{
		"{\n\t\"sst\":\t1\n}":	{
			"dnnInfos":	[{
					"dnn":	"internet",
					"defaultDnnIndicator":	true
				}]
		}
	}
} (../lib/sbi/nghttp2-server.c:366)
11/20 19:19:22.357: [sbi] DEBUG: STREAM added [1] (../lib/sbi/nghttp2-server.c:1122)
11/20 19:19:22.357: [sbi] DEBUG: STREAM closed [15] (../lib/sbi/nghttp2-server.c:852)
11/20 19:19:22.357: [sbi] DEBUG: [POST] /npcf-am-policy-control/v1/policies (../lib/sbi/nghttp2-server.c:801)
11/20 19:19:22.357: [sbi] DEBUG: RECEIVED: 876 (../lib/sbi/nghttp2-server.c:805)
11/20 19:19:22.357: [sbi] DEBUG: {
	"notificationUri":	"http://127.0.0.5:7777/namf-callback/v1/imsi-999702000000010/am-policy-notify",
	"supi":	"imsi-999702000000010",
	"gpsi":	"msisdn-491725670014",
	"accessType":	"3GPP_ACCESS",
	"pei":	"imeisv-8665070400405301",
	"userLoc":	{
		"nrLocation":	{
			"tai":	{
				"plmnId":	{
					"mcc":	"999",
					"mnc":	"70"
				},
				"tac":	"000001"
			},
			"ncgi":	{
				"plmnId":	{
					"mcc":	"999",
					"mnc":	"70"
				},
				"nrCellId":	"000040001"
			},
			"ueLocationTimestamp":	"2022-11-21T03:19:22.333865Z"
		}
	},
	"timeZone":	"-08:00",
	"servingPlmn":	{
		"mcc":	"999",
		"mnc":	"70"
	},
	"ratType":	"NR",
	"ueAmbr":	{
		"uplink":	"1048576 Kbps",
		"downlink":	"1048576 Kbps"
	},
	"allowedSnssais":	[{
			"sst":	1
		}],
	"guami":	{
		"plmnId":	{
			"mcc":	"999",
			"mnc":	"70"
		},
		"amfId":	"020040"
	},
	"serviceName":	"namf-callback",
	"suppFeat":	"4"
} (../lib/sbi/nghttp2-server.c:806)
0000: 00000604 00000000 00000300 04e200     ...............
11/20 19:19:22.357: [pcf] DEBUG: pcf_state_operational(): OGS_EVENT_NAME_SBI_SERVER (../src/pcf/pcf-sm.c:58)
0000: 00000a01 04000000 0f88c0bf 0f0d0331   ...............1
0010: 3437be                                47.
11/20 19:19:22.357: [sbi] DEBUG: STREAM added [7] (../lib/sbi/nghttp2-server.c:1122)
11/20 19:19:22.357: [pcf] DEBUG: pcf_am_state_operational(): ENTRY (../src/pcf/am-sm.c:48)
11/20 19:19:22.357: [pcf] DEBUG: pcf_am_state_operational(): OGS_EVENT_NAME_SBI_SERVER (../src/pcf/am-sm.c:48)
11/20 19:19:22.357: [sbi] DEBUG: [GET] /nudr-dr/v1/subscription-data/imsi-999700000000010/99970/provisioned-data/smf-selection-subscription-data (../lib/sbi/nghttp2-server.c:801)
11/20 19:19:22.357: [sock] DEBUG: addr:127.0.0.5, port:7777 (../lib/core/ogs-sockaddr.c:140)
11/20 19:19:22.357: [udr] DEBUG: udr_state_operational(): OGS_EVENT_NAME_SBI_SERVER (../src/udr/udr-sm.c:51)
11/20 19:19:22.357: [sbi] DEBUG: ogs_sbi_client_add() (../lib/sbi/client.c:112)
11/20 19:19:22.357: [sbi] DEBUG: [REF] 1 (../lib/sbi/client.c:113)
11/20 19:19:22.357: [pcf] DEBUG: [REF] 2 (../src/pcf/npcf-handler.c:93)
11/20 19:19:22.357: [dbi] DEBUG: SUPI type: imsi, SUPI id: 999702000000010, imeisv: 8665070400405301 (../lib/dbi/subscription.c:169)
11/20 19:19:22.357: [sbi] DEBUG: STATUS [200] (../lib/sbi/nghttp2-server.c:357)
11/20 19:19:22.357: [sbi] DEBUG: SENDING...: 147 (../lib/sbi/nghttp2-server.c:365)
11/20 19:19:22.357: [sbi] DEBUG: {
	"subscribedSnssaiInfos":	{
		"{\n\t\"sst\":\t1\n}":	{
			"dnnInfos":	[{
					"dnn":	"internet",
					"defaultDnnIndicator":	true
				}]
		}
	}
} (../lib/sbi/nghttp2-server.c:366)
11/20 19:19:22.357: [sbi] DEBUG: STREAM closed [7] (../lib/sbi/nghttp2-server.c:852)
11/20 19:19:22.357: [sbi] DEBUG: [200:GET] http://127.0.0.20:7777/nudr-dr/v1/subscription-data/imsi-999701000000010/99970/provisioned-data/smf-selection-subscription-data (../lib/sbi/client.c:573)
0000: 00009300 01000000 0f7b0a09 22737562   .........{.."sub
0010: 73637269 62656453 6e737361 69496e66   scribedSnssaiInf
0020: 6f73223a 097b0a09 09227b5c 6e5c745c   os":.{..."{\n\t\
0030: 22737374 5c223a5c 74315c6e 7d223a09   "sst\":\t1\n}":.
0040: 7b0a0909 0922646e 6e496e66 6f73223a   {...."dnnInfos":
0050: 095b7b0a 09090909 0922646e 6e223a09   .[{......"dnn":.
0060: 22696e74 65726e65 74222c0a 09090909   "internet",.....
0070: 09226465 6661756c 74446e6e 496e6469   ."defaultDnnIndi
0080: 6361746f 72223a09 74727565 0a090909   cator":.true....
0090: 097d5d0a 09097d0a 097d0a7d            .}]...}..}.}
11/20 19:19:22.357: [sbi] DEBUG: RECEIVED[147] (../lib/sbi/client.c:584)
11/20 19:19:22.357: [sbi] DEBUG: {
	"subscribedSnssaiInfos":	{
		"{\n\t\"sst\":\t1\n}":	{
			"dnnInfos":	[{
					"dnn":	"internet",
					"defaultDnnIndicator":	true
				}]
		}
	}
} (../lib/sbi/client.c:586)
0000: 00000a01 04000000 0788c0bf 0f0d0331   ...............1
0010: 3437be                                47.
11/20 19:19:22.357: [udm] DEBUG: udm_state_operational(): OGS_EVENT_NAME_SBI_CLIENT (../src/udm/udm-sm.c:53)
11/20 19:19:22.357: [udm] DEBUG: udm_ue_state_operational(): OGS_EVENT_NAME_SBI_CLIENT (../src/udm/ue-sm.c:46)
0000: 00009300 01000000 077b0a09 22737562   .........{.."sub
0010: 73637269 62656453 6e737361 69496e66   scribedSnssaiInf
0020: 6f73223a 097b0a09 09227b5c 6e5c745c   os":.{..."{\n\t\
0030: 22737374 5c223a5c 74315c6e 7d223a09   "sst\":\t1\n}":.
0040: 7b0a0909 0922646e 6e496e66 6f73223a   {...."dnnInfos":
0050: 095b7b0a 09090909 0922646e 6e223a09   .[{......"dnn":.
0060: 22696e74 65726e65 74222c0a 09090909   "internet",.....
0070: 09226465 6661756c 74446e6e 496e6469   ."defaultDnnIndi
0080: 6361746f 72223a09 74727565 0a090909   cator":.true....
0090: 097d5d0a 09097d0a 097d0a7d            .}]...}..}.}
11/20 19:19:22.357: [sbi] DEBUG: STATUS [200] (../lib/sbi/nghttp2-server.c:357)
11/20 19:19:22.357: [sbi] DEBUG: SENDING...: 147 (../lib/sbi/nghttp2-server.c:365)
11/20 19:19:22.357: [sbi] DEBUG: {
	"subscribedSnssaiInfos":	{
		"{\n\t\"sst\":\t1\n}":	{
			"dnnInfos":	[{
					"dnn":	"internet",
					"defaultDnnIndicator":	true
				}]
		}
	}
} (../lib/sbi/nghttp2-server.c:366)
11/20 19:19:22.357: [sbi] DEBUG: STREAM closed [5] (../lib/sbi/nghttp2-server.c:852)
11/20 19:19:22.357: [sbi] DEBUG: [200:GET] http://127.0.0.20:7777/nudr-dr/v1/subscription-data/imsi-999700000000010/99970/provisioned-data/smf-selection-subscription-data (../lib/sbi/client.c:573)
11/20 19:19:22.357: [sbi] DEBUG: RECEIVED[147] (../lib/sbi/client.c:584)
11/20 19:19:22.357: [sbi] DEBUG: {
	"subscribedSnssaiInfos":	{
		"{\n\t\"sst\":\t1\n}":	{
			"dnnInfos":	[{
					"dnn":	"internet",
					"defaultDnnIndicator":	true
				}]
		}
	}
} (../lib/sbi/client.c:586)
0000: 00000a01 04000000 0588c0bf 0f0d0331   ...............1
0010: 3437be                                47.
11/20 19:19:22.357: [udm] DEBUG: udm_state_operational(): OGS_EVENT_NAME_SBI_CLIENT (../src/udm/udm-sm.c:53)
11/20 19:19:22.357: [udm] DEBUG: udm_ue_state_operational(): OGS_EVENT_NAME_SBI_CLIENT (../src/udm/ue-sm.c:46)
11/20 19:19:22.357: [sbi] DEBUG: STATUS [200] (../lib/sbi/nghttp2-server.c:357)
11/20 19:19:22.357: [sbi] DEBUG: SENDING...: 147 (../lib/sbi/nghttp2-server.c:365)
11/20 19:19:22.357: [sbi] DEBUG: {
	"subscribedSnssaiInfos":	{
		"{\n\t\"sst\":\t1\n}":	{
			"dnnInfos":	[{
					"dnn":	"internet",
					"defaultDnnIndicator":	true
				}]
		}
	}
} (../lib/sbi/nghttp2-server.c:366)
11/20 19:19:22.357: [sbi] DEBUG: STREAM closed [5] (../lib/sbi/nghttp2-server.c:852)
11/20 19:19:22.358: [sbi] DEBUG: [200:GET] http://127.0.0.12:7777/nudm-sdm/v2/imsi-999701000000010/smf-select-data (../lib/sbi/client.c:573)
11/20 19:19:22.358: [sbi] DEBUG: RECEIVED[147] (../lib/sbi/client.c:584)
11/20 19:19:22.358: [sbi] DEBUG: {
	"subscribedSnssaiInfos":	{
		"{\n\t\"sst\":\t1\n}":	{
			"dnnInfos":	[{
					"dnn":	"internet",
					"defaultDnnIndicator":	true
				}]
		}
	}
} (../lib/sbi/client.c:586)
11/20 19:19:22.358: [sbi] DEBUG: [REF] 2 (../lib/sbi/path.c:212)
11/20 19:19:22.358: [amf] DEBUG: amf_state_operational(): OGS_EVENT_NAME_SBI_CLIENT (../src/amf/amf-sm.c:78)
0000: 00009300 01000000 057b0a09 22737562   .........{.."sub
0010: 73637269 62656453 6e737361 69496e66   scribedSnssaiInf
0020: 6f73223a 097b0a09 09227b5c 6e5c745c   os":.{..."{\n\t\
0030: 22737374 5c223a5c 74315c6e 7d223a09   "sst\":\t1\n}":.
0040: 7b0a0909 0922646e 6e496e66 6f73223a   {...."dnnInfos":
0050: 095b7b0a 09090909 0922646e 6e223a09   .[{......"dnn":.
0060: 22696e74 65726e65 74222c0a 09090909   "internet",.....
0070: 09226465 6661756c 74446e6e 496e6469   ."defaultDnnIndi
0080: 6361746f 72223a09 74727565 0a090909   cator":.true....
0090: 097d5d0a 09097d0a 097d0a7d            .}]...}..}.}
11/20 19:19:22.358: [sbi] DEBUG: [GET] http://127.0.0.20:7777/nudr-dr/v1/policy-data/ues/imsi-999702000000010/am-data (../lib/sbi/client.c:625)
0000: 00000a01 04000000 0588c0bf 0f0d0331   ...............1
0010: 3437be                                47.
11/20 19:19:22.358: [gmm] DEBUG: gmm_state_initial_context_setup(): OGS_EVENT_NAME_SBI_CLIENT (../src/amf/gmm-sm.c:969)
11/20 19:19:22.358: [sbi] DEBUG: [GET] http://127.0.0.12:7777/nudm-sdm/v2/imsi-999701000000010/ue-context-in-smf-data (../lib/sbi/client.c:625)
11/20 19:19:22.358: [sbi] DEBUG: MAX_CONCURRENT_STREAMS = 100 (../lib/sbi/nghttp2-server.c:747)
11/20 19:19:22.358: [sbi] DEBUG: ENABLE_PUSH = false (../lib/sbi/nghttp2-server.c:749)
0000: 00009300 01000000 057b0a09 22737562   .........{.."sub
0010: 73637269 62656453 6e737361 69496e66   scribedSnssaiInf
0020: 6f73223a 097b0a09 09227b5c 6e5c745c   os":.{..."{\n\t\
0030: 22737374 5c223a5c 74315c6e 7d223a09   "sst\":\t1\n}":.
0040: 7b0a0909 0922646e 6e496e66 6f73223a   {...."dnnInfos":
0050: 095b7b0a 09090909 0922646e 6e223a09   .[{......"dnn":.
0060: 22696e74 65726e65 74222c0a 09090909   "internet",.....
0070: 09226465 6661756c 74446e6e 496e6469   ."defaultDnnIndi
0080: 6361746f 72223a09 74727565 0a090909   cator":.true....
0090: 097d5d0a 09097d0a 097d0a7d            .}]...}..}.}
11/20 19:19:22.358: [sbi] DEBUG: [200:GET] http://127.0.0.12:7777/nudm-sdm/v2/imsi-999700000000010/smf-select-data (../lib/sbi/client.c:573)
11/20 19:19:22.358: [sbi] DEBUG: STREAM added [11] (../lib/sbi/nghttp2-server.c:1122)
11/20 19:19:22.358: [sbi] DEBUG: RECEIVED[147] (../lib/sbi/client.c:584)
11/20 19:19:22.358: [sbi] DEBUG: {
	"subscribedSnssaiInfos":	{
		"{\n\t\"sst\":\t1\n}":	{
			"dnnInfos":	[{
					"dnn":	"internet",
					"defaultDnnIndicator":	true
				}]
		}
	}
} (../lib/sbi/client.c:586)
11/20 19:19:22.358: [amf] DEBUG: amf_state_operational(): OGS_EVENT_NAME_SBI_CLIENT (../src/amf/amf-sm.c:78)
11/20 19:19:22.358: [sbi] DEBUG: [GET] /nudm-sdm/v2/imsi-999701000000010/ue-context-in-smf-data (../lib/sbi/nghttp2-server.c:801)
11/20 19:19:22.358: [udm] DEBUG: udm_state_operational(): OGS_EVENT_NAME_SBI_SERVER (../src/udm/udm-sm.c:53)
11/20 19:19:22.358: [gmm] DEBUG: gmm_state_initial_context_setup(): OGS_EVENT_NAME_SBI_CLIENT (../src/amf/gmm-sm.c:969)
11/20 19:19:22.358: [udm] DEBUG: udm_ue_state_operational(): OGS_EVENT_NAME_SBI_SERVER (../src/udm/ue-sm.c:46)
11/20 19:19:22.358: [sbi] DEBUG: [GET] http://127.0.0.12:7777/nudm-sdm/v2/imsi-999700000000010/ue-context-in-smf-data (../lib/sbi/client.c:625)
11/20 19:19:22.358: [sbi] DEBUG: STATUS [200] (../lib/sbi/nghttp2-server.c:357)
11/20 19:19:22.358: [sbi] DEBUG: SENDING...: 3 (../lib/sbi/nghttp2-server.c:365)
11/20 19:19:22.358: [sbi] DEBUG: {
} (../lib/sbi/nghttp2-server.c:366)
11/20 19:19:22.358: [sbi] DEBUG: STREAM closed [11] (../lib/sbi/nghttp2-server.c:852)
0000: 00000801 04000000 0b88c0bf 0f0d0133   ...............3
0010: be                                    .
0000: 00000300 01000000 0b7b0a7d            .........{.}
0000: 00000604 00000000 00000300 04e200     ...............
11/20 19:19:22.358: [sbi] DEBUG: STREAM added [7] (../lib/sbi/nghttp2-server.c:1122)
11/20 19:19:22.358: [sbi] DEBUG: [200:GET] http://127.0.0.12:7777/nudm-sdm/v2/imsi-999701000000010/ue-context-in-smf-data (../lib/sbi/client.c:573)
11/20 19:19:22.358: [sbi] DEBUG: MAX_CONCURRENT_STREAMS = 100 (../lib/sbi/nghttp2-server.c:747)
11/20 19:19:22.358: [sbi] DEBUG: [GET] /nudm-sdm/v2/imsi-999700000000010/ue-context-in-smf-data (../lib/sbi/nghttp2-server.c:801)
11/20 19:19:22.358: [sbi] DEBUG: RECEIVED[3] (../lib/sbi/client.c:584)
11/20 19:19:22.358: [sbi] DEBUG: ENABLE_PUSH = false (../lib/sbi/nghttp2-server.c:749)
11/20 19:19:22.358: [udm] DEBUG: udm_state_operational(): OGS_EVENT_NAME_SBI_SERVER (../src/udm/udm-sm.c:53)
11/20 19:19:22.358: [sbi] DEBUG: {
} (../lib/sbi/client.c:586)
11/20 19:19:22.358: [udm] DEBUG: udm_ue_state_operational(): OGS_EVENT_NAME_SBI_SERVER (../src/udm/ue-sm.c:46)
11/20 19:19:22.358: [amf] DEBUG: amf_state_operational(): OGS_EVENT_NAME_SBI_CLIENT (../src/amf/amf-sm.c:78)
11/20 19:19:22.358: [sbi] DEBUG: STATUS [200] (../lib/sbi/nghttp2-server.c:357)
11/20 19:19:22.358: [gmm] DEBUG: gmm_state_initial_context_setup(): OGS_EVENT_NAME_SBI_CLIENT (../src/amf/gmm-sm.c:969)
11/20 19:19:22.358: [sbi] DEBUG: SENDING...: 3 (../lib/sbi/nghttp2-server.c:365)
11/20 19:19:22.358: [sbi] DEBUG: STREAM added [1] (../lib/sbi/nghttp2-server.c:1122)
11/20 19:19:22.358: [sbi] DEBUG: {
} (../lib/sbi/nghttp2-server.c:366)
11/20 19:19:22.358: [sbi] DEBUG: [POST] http://127.0.0.12:7777/nudm-sdm/v2/imsi-999701000000010/sdm-subscriptions (../lib/sbi/client.c:625)
11/20 19:19:22.358: [sbi] DEBUG: STREAM closed [7] (../lib/sbi/nghttp2-server.c:852)
11/20 19:19:22.358: [sbi] DEBUG: SENDING...[257] (../lib/sbi/client.c:401)
11/20 19:19:22.358: [sbi] DEBUG: {
	"nfInstanceId":	"4852b174-694b-41ed-8013-d76538520ad0",
	"implicitUnsubscribe":	true,
	"callbackReference":	"http://127.0.0.5:7777/namf-callback/v1/imsi-999701000000010/sdmsubscription-notify",
	"monitoredResourceUris":	["imsi-999701000000010/am-data"]
} (../lib/sbi/client.c:403)
11/20 19:19:22.358: [sbi] DEBUG: [GET] /nudr-dr/v1/policy-data/ues/imsi-999702000000010/am-data (../lib/sbi/nghttp2-server.c:801)
0000: 00000801 04000000 0788c0bf 0f0d0133   ...............3
0010: be                                    .
11/20 19:19:22.358: [sbi] DEBUG: MAX_CONCURRENT_STREAMS = 100 (../lib/sbi/nghttp2-server.c:747)
0000: 00000300 01000000 077b0a7d            .........{.}
11/20 19:19:22.358: [sbi] DEBUG: ENABLE_PUSH = false (../lib/sbi/nghttp2-server.c:749)
11/20 19:19:22.358: [udr] DEBUG: udr_state_operational(): OGS_EVENT_NAME_SBI_SERVER (../src/udr/udr-sm.c:51)
11/20 19:19:22.358: [sbi] DEBUG: STREAM added [13] (../lib/sbi/nghttp2-server.c:1122)
11/20 19:19:22.358: [sbi] DEBUG: [200:GET] http://127.0.0.12:7777/nudm-sdm/v2/imsi-999700000000010/ue-context-in-smf-data (../lib/sbi/client.c:573)
11/20 19:19:22.358: [sbi] DEBUG: RECEIVED[3] (../lib/sbi/client.c:584)
11/20 19:19:22.358: [sbi] DEBUG: [POST] /nudm-sdm/v2/imsi-999701000000010/sdm-subscriptions (../lib/sbi/nghttp2-server.c:801)
11/20 19:19:22.358: [sbi] DEBUG: {
} (../lib/sbi/client.c:586)
11/20 19:19:22.358: [sbi] DEBUG: RECEIVED: 257 (../lib/sbi/nghttp2-server.c:805)
11/20 19:19:22.358: [sbi] DEBUG: {
	"nfInstanceId":	"4852b174-694b-41ed-8013-d76538520ad0",
	"implicitUnsubscribe":	true,
	"callbackReference":	"http://127.0.0.5:7777/namf-callback/v1/imsi-999701000000010/sdmsubscription-notify",
	"monitoredResourceUris":	["imsi-999701000000010/am-data"]
} (../lib/sbi/nghttp2-server.c:806)
11/20 19:19:22.358: [amf] DEBUG: amf_state_operational(): OGS_EVENT_NAME_SBI_CLIENT (../src/amf/amf-sm.c:78)
11/20 19:19:22.358: [udm] DEBUG: udm_state_operational(): OGS_EVENT_NAME_SBI_SERVER (../src/udm/udm-sm.c:53)
11/20 19:19:22.358: [gmm] DEBUG: gmm_state_initial_context_setup(): OGS_EVENT_NAME_SBI_CLIENT (../src/amf/gmm-sm.c:969)
11/20 19:19:22.358: [udm] DEBUG: udm_ue_state_operational(): OGS_EVENT_NAME_SBI_SERVER (../src/udm/ue-sm.c:46)
11/20 19:19:22.358: [sbi] DEBUG: STATUS [201] (../lib/sbi/nghttp2-server.c:357)
11/20 19:19:22.358: [sbi] DEBUG: SENDING...: 257 (../lib/sbi/nghttp2-server.c:365)
11/20 19:19:22.358: [sbi] DEBUG: [POST] http://127.0.0.12:7777/nudm-sdm/v2/imsi-999700000000010/sdm-subscriptions (../lib/sbi/client.c:625)
11/20 19:19:22.358: [sbi] DEBUG: {
	"nfInstanceId":	"4852b174-694b-41ed-8013-d76538520ad0",
	"implicitUnsubscribe":	true,
	"callbackReference":	"http://127.0.0.5:7777/namf-callback/v1/imsi-999701000000010/sdmsubscription-notify",
	"monitoredResourceUris":	["imsi-999701000000010/am-data"]
} (../lib/sbi/nghttp2-server.c:366)
11/20 19:19:22.358: [sbi] DEBUG: STREAM closed [13] (../lib/sbi/nghttp2-server.c:852)
11/20 19:19:22.358: [sbi] DEBUG: SENDING...[257] (../lib/sbi/client.c:401)
11/20 19:19:22.358: [sbi] DEBUG: {
	"nfInstanceId":	"4852b174-694b-41ed-8013-d76538520ad0",
	"implicitUnsubscribe":	true,
	"callbackReference":	"http://127.0.0.5:7777/namf-callback/v1/imsi-999700000000010/sdmsubscription-notify",
	"monitoredResourceUris":	["imsi-999700000000010/am-data"]
} (../lib/sbi/client.c:403)
0000: 00004201 04000000 0dc1c0bf 0f0d0332   ..B............2
0010: 3537be0f 1fb59d29 aee30c04 4eae05c0   57.....)....N...
0020: b84571d7 5d758aad 92959125 2c771306   .Eq.]u.....%,w..
0030: a50659f7 df740100 00000001 03089295   ..Y..t..........
0040: 916c6825 86ad263d 48605f              .lh%..&=H`_
11/20 19:19:22.358: [sbi] DEBUG: STATUS [200] (../lib/sbi/nghttp2-server.c:357)
11/20 19:19:22.358: [sbi] DEBUG: SENDING...: 3 (../lib/sbi/nghttp2-server.c:365)
11/20 19:19:22.358: [sbi] DEBUG: {
} (../lib/sbi/nghttp2-server.c:366)
11/20 19:19:22.358: [sbi] DEBUG: STREAM closed [1] (../lib/sbi/nghttp2-server.c:852)
11/20 19:19:22.358: [sbi] DEBUG: [201:POST] http://127.0.0.12:7777/nudm-sdm/v2/imsi-999701000000010/sdm-subscriptions (../lib/sbi/client.c:573)
0000: 00010100 01000000 0d7b0a09 226e6649   .........{.."nfI
0010: 6e737461 6e636549 64223a09 22343835   nstanceId":."485
0020: 32623137 342d3639 34622d34 3165642d   2b174-694b-41ed-
0030: 38303133 2d643736 35333835 32306164   8013-d76538520ad
0040: 30222c0a 0922696d 706c6963 6974556e   0",.."implicitUn
0050: 73756273 63726962 65223a09 74727565   subscribe":.true
0060: 2c0a0922 63616c6c 6261636b 52656665   ,.."callbackRefe
0070: 72656e63 65223a09 22687474 703a2f2f   rence":."http://
0080: 3132372e 302e302e 353a3737 37372f6e   127.0.0.5:7777/n
0090: 616d662d 63616c6c 6261636b 2f76312f   amf-callback/v1/
00a0: 696d7369 2d393939 37303130 30303030   imsi-99970100000
00b0: 30303130 2f73646d 73756273 63726970   0010/sdmsubscrip
00c0: 74696f6e 2d6e6f74 69667922 2c0a0922   tion-notify",.."
00d0: 6d6f6e69 746f7265 64526573 6f757263   monitoredResourc
00e0: 65557269 73223a09 5b22696d 73692d39   eUris":.["imsi-9
00f0: 39393730 31303030 30303030 31302f61   99701000000010/a
0100: 6d2d6461 7461225d 0a7d                m-data"].}
11/20 19:19:22.358: [sbi] DEBUG: RECEIVED[257] (../lib/sbi/client.c:584)
11/20 19:19:22.358: [sbi] DEBUG: {
	"nfInstanceId":	"4852b174-694b-41ed-8013-d76538520ad0",
	"implicitUnsubscribe":	true,
	"callbackReference":	"http://127.0.0.5:7777/namf-callback/v1/imsi-999701000000010/sdmsubscription-notify",
	"monitoredResourceUris":	["imsi-999701000000010/am-data"]
} (../lib/sbi/client.c:586)
11/20 19:19:22.358: [sbi] DEBUG: STREAM added [9] (../lib/sbi/nghttp2-server.c:1122)
11/20 19:19:22.358: [sbi] DEBUG: [POST] /nudm-sdm/v2/imsi-999700000000010/sdm-subscriptions (../lib/sbi/nghttp2-server.c:801)
0000: 00000004 01000000 00                  .........
11/20 19:19:22.358: [amf] DEBUG: amf_state_operational(): OGS_EVENT_NAME_SBI_CLIENT (../src/amf/amf-sm.c:78)
11/20 19:19:22.358: [sbi] DEBUG: RECEIVED: 257 (../lib/sbi/nghttp2-server.c:805)
11/20 19:19:22.358: [sbi] DEBUG: {
	"nfInstanceId":	"4852b174-694b-41ed-8013-d76538520ad0",
	"implicitUnsubscribe":	true,
	"callbackReference":	"http://127.0.0.5:7777/namf-callback/v1/imsi-999700000000010/sdmsubscription-notify",
	"monitoredResourceUris":	["imsi-999700000000010/am-data"]
} (../lib/sbi/nghttp2-server.c:806)
11/20 19:19:22.358: [udm] DEBUG: udm_state_operational(): OGS_EVENT_NAME_SBI_SERVER (../src/udm/udm-sm.c:53)
11/20 19:19:22.358: [gmm] DEBUG: gmm_state_initial_context_setup(): OGS_EVENT_NAME_SBI_CLIENT (../src/amf/gmm-sm.c:969)
0000: 00003701 04000000 0188768b d5596a6f   ..7.......v..Yjo
0010: 16e53b89 76d76f61 96d07abe 941054d2   ..;.v.oa..z...T.
0020: 7eea0802 128066e0 5fb82129 8b46ff0f   ~.....f._.!).F..
0030: 0d01335f 8b1d75d0 620d263d 4c7441ea   ..3_..u.b.&=LtA.
11/20 19:19:22.358: [udm] DEBUG: udm_ue_state_operational(): OGS_EVENT_NAME_SBI_SERVER (../src/udm/ue-sm.c:46)
0000: 00000300 01000000 017b0a7d            .........{.}
11/20 19:19:22.359: [sbi] DEBUG: STATUS [201] (../lib/sbi/nghttp2-server.c:357)
11/20 19:19:22.359: [sbi] DEBUG: SENDING...: 257 (../lib/sbi/nghttp2-server.c:365)
11/20 19:19:22.359: [sbi] DEBUG: {
	"nfInstanceId":	"4852b174-694b-41ed-8013-d76538520ad0",
	"implicitUnsubscribe":	true,
	"callbackReference":	"http://127.0.0.5:7777/namf-callback/v1/imsi-999700000000010/sdmsubscription-notify",
	"monitoredResourceUris":	["imsi-999700000000010/am-data"]
} (../lib/sbi/nghttp2-server.c:366)
11/20 19:19:22.359: [sbi] DEBUG: [200:GET] http://127.0.0.20:7777/nudr-dr/v1/policy-data/ues/imsi-999702000000010/am-data (../lib/sbi/client.c:573)
11/20 19:19:22.359: [sbi] DEBUG: RECEIVED[3] (../lib/sbi/client.c:584)
11/20 19:19:22.359: [sbi] DEBUG: STREAM closed [9] (../lib/sbi/nghttp2-server.c:852)
11/20 19:19:22.359: [sbi] DEBUG: {
} (../lib/sbi/client.c:586)
11/20 19:19:22.359: [pcf] DEBUG: pcf_state_operational(): OGS_EVENT_NAME_SBI_CLIENT (../src/pcf/pcf-sm.c:58)
11/20 19:19:22.359: [pcf] DEBUG: pcf_am_state_operational(): OGS_EVENT_NAME_SBI_CLIENT (../src/pcf/am-sm.c:48)
0000: 00004201 04000000 09c1c0bf 0f0d0332   ..B............2
0010: 35370f1f b59d29ae e30c044e ae05c0b8   57....)....N....
0020: 4571d75d 758aad92 9591252c 771306a5   Eq.]u.....%,w...
0030: 0659f7df 74000000 00000103 08929591   .Y..t...........
0040: 6c682586 ad263d48 619fbe              lh%..&=Ha..
0000: 00010100 01000000 097b0a09 226e6649   .........{.."nfI
0010: 6e737461 6e636549 64223a09 22343835   nstanceId":."485
0020: 32623137 342d3639 34622d34 3165642d   2b174-694b-41ed-
0030: 38303133 2d643736 35333835 32306164   8013-d76538520ad
0040: 30222c0a 0922696d 706c6963 6974556e   0",.."implicitUn
0050: 73756273 63726962 65223a09 74727565   subscribe":.true
0060: 2c0a0922 63616c6c 6261636b 52656665   ,.."callbackRefe
0070: 72656e63 65223a09 22687474 703a2f2f   rence":."http://
0080: 3132372e 302e302e 353a3737 37372f6e   127.0.0.5:7777/n
0090: 616d662d 63616c6c 6261636b 2f76312f   amf-callback/v1/
00a0: 696d7369 2d393939 37303030 30303030   imsi-99970000000
00b0: 30303130 2f73646d 73756273 63726970   0010/sdmsubscrip
00c0: 74696f6e 2d6e6f74 69667922 2c0a0922   tion-notify",.."
00d0: 6d6f6e69 746f7265 64526573 6f757263   monitoredResourc
00e0: 65557269 73223a09 5b22696d 73692d39   eUris":.["imsi-9
00f0: 39393730 30303030 30303030 31302f61   99700000000010/a
0100: 6d2d6461 7461225d 0a7d                m-data"].}
11/20 19:19:22.359: [sbi] DEBUG: [REF] 3 (../lib/sbi/path.c:212)
11/20 19:19:22.359: [sbi] DEBUG: [POST] http://127.0.0.13:7777/npcf-am-policy-control/v1/policies (../lib/sbi/client.c:625)
11/20 19:19:22.359: [sbi] DEBUG: SENDING...[876] (../lib/sbi/client.c:401)
11/20 19:19:22.359: [sbi] DEBUG: {
	"notificationUri":	"http://127.0.0.5:7777/namf-callback/v1/imsi-999701000000010/am-policy-notify",
	"supi":	"imsi-999701000000010",
	"gpsi":	"msisdn-491725670014",
	"accessType":	"3GPP_ACCESS",
	"pei":	"imeisv-8665070400405301",
	"userLoc":	{
		"nrLocation":	{
			"tai":	{
				"plmnId":	{
					"mcc":	"999",
					"mnc":	"70"
				},
				"tac":	"000001"
			},
			"ncgi":	{
				"plmnId":	{
					"mcc":	"999",
					"mnc":	"70"
				},
				"nrCellId":	"000040001"
			},
			"ueLocationTimestamp":	"2022-11-21T03:19:22.334227Z"
		}
	},
	"timeZone":	"-08:00",
	"servingPlmn":	{
		"mcc":	"999",
		"mnc":	"70"
	},
	"ratType":	"NR",
	"ueAmbr":	{
		"uplink":	"1048576 Kbps",
		"downlink":	"1048576 Kbps"
	},
	"allowedSnssais":	[{
			"sst":	1
		}],
	"guami":	{
		"plmnId":	{
			"mcc":	"999",
			"mnc":	"70"
		},
		"amfId":	"020040"
	},
	"serviceName":	"namf-callback",
	"suppFeat":	"4"
} (../lib/sbi/client.c:403)
11/20 19:19:22.359: [sbi] DEBUG: [201:POST] http://127.0.0.12:7777/nudm-sdm/v2/imsi-999700000000010/sdm-subscriptions (../lib/sbi/client.c:573)
11/20 19:19:22.359: [sbi] DEBUG: RECEIVED[257] (../lib/sbi/client.c:584)
11/20 19:19:22.359: [sbi] DEBUG: {
	"nfInstanceId":	"4852b174-694b-41ed-8013-d76538520ad0",
	"implicitUnsubscribe":	true,
	"callbackReference":	"http://127.0.0.5:7777/namf-callback/v1/imsi-999700000000010/sdmsubscription-notify",
	"monitoredResourceUris":	["imsi-999700000000010/am-data"]
} (../lib/sbi/client.c:586)
11/20 19:19:22.359: [sbi] DEBUG: STATUS [201] (../lib/sbi/nghttp2-server.c:357)
11/20 19:19:22.359: [sbi] DEBUG: SENDING...: 1031 (../lib/sbi/nghttp2-server.c:365)
11/20 19:19:22.359: [sbi] DEBUG: {
	"request":	{
		"notificationUri":	"http://127.0.0.5:7777/namf-callback/v1/imsi-999702000000010/am-policy-notify",
		"supi":	"imsi-999702000000010",
		"gpsi":	"msisdn-491725670014",
		"accessType":	"3GPP_ACCESS",
		"pei":	"imeisv-8665070400405301",
		"userLoc":	{
			"nrLocation":	{
				"tai":	{
					"plmnId":	{
						"mcc":	"999",
						"mnc":	"70"
					},
					"tac":	"000001"
				},
				"ncgi":	{
					"plmnId":	{
						"mcc":	"999",
						"mnc":	"70"
					},
					"nrCellId":	"000040001"
				},
				"ueLocationTimestamp":	"2022-11-21T03:19:22.333865Z"
			}
		},
		"timeZone":	"-08:00",
		"servingPlmn":	{
			"mcc":	"999",
			"mnc":	"70"
		},
		"ratType":	"NR",
		"ueAmbr":	{
			"uplink":	"1048576 Kbps",
			"downlink":	"1048576 Kbps"
		},
		"allowedSnssais":	[{
				"sst":	1
			}],
		"guami":	{
			"plmnId":	{
				"mcc":	"999",
				"mnc":	"70"
			},
			"amfId":	"020040"
		},
		"serviceName":	"namf-callback",
		"suppFeat":	"4"
	},
	"ueAmbr":	{
		"uplink":	"1048576 Kbps",
		"downlink":	"1048576 Kbps"
	},
	"suppFeat":	"4"
} (../lib/sbi/nghttp2-server.c:366)
11/20 19:19:22.359: [sbi] DEBUG: STREAM closed [1] (../lib/sbi/nghttp2-server.c:852)
0000: 00000004 01000000 00                  .........
11/20 19:19:22.359: [amf] DEBUG: amf_state_operational(): OGS_EVENT_NAME_SBI_CLIENT (../src/amf/amf-sm.c:78)
0000: 00006901 04000000 01488210 03768bd5   ..i......H...v..
0010: 596a6f16 e53b8976 d76f6196 d07abe94   Yjo..;.v.oa..z..
0020: 1054d27e ea080212 8066e05f b821298b   .T.~.....f._.!).
0030: 46ff0f0d 8308190f 0f1faa9d 29aee30c   F...........)...
0040: 044eae05 c0b859b8 ebaebac5 55925587   .N....Y.....U.U.
0050: 4ad59e83 13d2c43d 49b0f431 dc2c567a   J......=I..1.,Vz
0060: 0c43150c 075f8b1d 75d0620d 263d4c74   .C..._..u.b.&=Lt
0070: 41ea                                  A.
11/20 19:19:22.359: [gmm] DEBUG: gmm_state_initial_context_setup(): OGS_EVENT_NAME_SBI_CLIENT (../src/amf/gmm-sm.c:969)
11/20 19:19:22.359: [sbi] DEBUG: MAX_CONCURRENT_STREAMS = 100 (../lib/sbi/nghttp2-server.c:747)
11/20 19:19:22.359: [sbi] DEBUG: ENABLE_PUSH = false (../lib/sbi/nghttp2-server.c:749)
11/20 19:19:22.359: [sbi] DEBUG: STREAM added [1] (../lib/sbi/nghttp2-server.c:1122)
11/20 19:19:22.359: [sbi] DEBUG: [POST] /npcf-am-policy-control/v1/policies (../lib/sbi/nghttp2-server.c:801)
11/20 19:19:22.359: [sbi] DEBUG: RECEIVED: 876 (../lib/sbi/nghttp2-server.c:805)
11/20 19:19:22.359: [sbi] DEBUG: {
	"notificationUri":	"http://127.0.0.5:7777/namf-callback/v1/imsi-999701000000010/am-policy-notify",
	"supi":	"imsi-999701000000010",
	"gpsi":	"msisdn-491725670014",
	"accessType":	"3GPP_ACCESS",
	"pei":	"imeisv-8665070400405301",
	"userLoc":	{
		"nrLocation":	{
			"tai":	{
				"plmnId":	{
					"mcc":	"999",
					"mnc":	"70"
				},
				"tac":	"000001"
			},
			"ncgi":	{
				"plmnId":	{
					"mcc":	"999",
					"mnc":	"70"
				},
				"nrCellId":	"000040001"
			},
			"ueLocationTimestamp":	"2022-11-21T03:19:22.334227Z"
		}
	},
	"timeZone":	"-08:00",
	"servingPlmn":	{
		"mcc":	"999",
		"mnc":	"70"
	},
	"ratType":	"NR",
	"ueAmbr":	{
		"uplink":	"1048576 Kbps",
		"downlink":	"1048576 Kbps"
	},
	"allowedSnssais":	[{
			"sst":	1
		}],
	"guami":	{
		"plmnId":	{
			"mcc":	"999",
			"mnc":	"70"
		},
		"amfId":	"020040"
	},
	"serviceName":	"namf-callback",
	"suppFeat":	"4"
} (../lib/sbi/nghttp2-server.c:806)
0000: 00000604 00000000 00000300 04e200     ...............
11/20 19:19:22.359: [sbi] DEBUG: [REF] 4 (../lib/sbi/path.c:212)
11/20 19:19:22.359: [pcf] DEBUG: pcf_state_operational(): OGS_EVENT_NAME_SBI_SERVER (../src/pcf/pcf-sm.c:58)
11/20 19:19:22.359: [sbi] DEBUG: [POST] http://127.0.0.13:7777/npcf-am-policy-control/v1/policies (../lib/sbi/client.c:625)
11/20 19:19:22.359: [pcf] DEBUG: pcf_am_state_operational(): ENTRY (../src/pcf/am-sm.c:48)
11/20 19:19:22.359: [pcf] DEBUG: pcf_am_state_operational(): OGS_EVENT_NAME_SBI_SERVER (../src/pcf/am-sm.c:48)
11/20 19:19:22.359: [sock] DEBUG: addr:127.0.0.5, port:7777 (../lib/core/ogs-sockaddr.c:140)
11/20 19:19:22.359: [sbi] DEBUG: SENDING...[876] (../lib/sbi/client.c:401)
11/20 19:19:22.359: [pcf] DEBUG: [REF] 3 (../src/pcf/npcf-handler.c:93)
11/20 19:19:22.359: [dbi] DEBUG: SUPI type: imsi, SUPI id: 999701000000010, imeisv: 8665070400405301 (../lib/dbi/subscription.c:169)
11/20 19:19:22.359: [sbi] DEBUG: {
	"notificationUri":	"http://127.0.0.5:7777/namf-callback/v1/imsi-999700000000010/am-policy-notify",
	"supi":	"imsi-999700000000010",
	"gpsi":	"msisdn-491725670014",
	"accessType":	"3GPP_ACCESS",
	"pei":	"imeisv-8665070400405301",
	"userLoc":	{
		"nrLocation":	{
			"tai":	{
				"plmnId":	{
					"mcc":	"999",
					"mnc":	"70"
				},
				"tac":	"000001"
			},
			"ncgi":	{
				"plmnId":	{
					"mcc":	"999",
					"mnc":	"70"
				},
				"nrCellId":	"000040001"
			},
			"ueLocationTimestamp":	"2022-11-21T03:19:22.338857Z"
		}
	},
	"timeZone":	"-08:00",
	"servingPlmn":	{
		"mcc":	"999",
		"mnc":	"70"
	},
	"ratType":	"NR",
	"ueAmbr":	{
		"uplink":	"1048576 Kbps",
		"downlink":	"1048576 Kbps"
	},
	"allowedSnssais":	[{
			"sst":	1
		}],
	"guami":	{
		"plmnId":	{
			"mcc":	"999",
			"mnc":	"70"
		},
		"amfId":	"020040"
	},
	"serviceName":	"namf-callback",
	"suppFeat":	"4"
} (../lib/sbi/client.c:403)
11/20 19:19:22.360: [sbi] DEBUG: [REF] 3 (../lib/sbi/path.c:212)
11/20 19:19:22.360: [sbi] DEBUG: [GET] http://127.0.0.20:7777/nudr-dr/v1/policy-data/ues/imsi-999701000000010/am-data (../lib/sbi/client.c:625)
11/20 19:19:22.360: [sbi] DEBUG: [201:POST] http://127.0.0.13:7777/npcf-am-policy-control/v1/policies (../lib/sbi/client.c:573)
11/20 19:19:22.360: [sbi] DEBUG: RECEIVED[1031] (../lib/sbi/client.c:584)
11/20 19:19:22.360: [sbi] DEBUG: {
	"request":	{
		"notificationUri":	"http://127.0.0.5:7777/namf-callback/v1/imsi-999702000000010/am-policy-notify",
		"supi":	"imsi-999702000000010",
		"gpsi":	"msisdn-491725670014",
		"accessType":	"3GPP_ACCESS",
		"pei":	"imeisv-8665070400405301",
		"userLoc":	{
			"nrLocation":	{
				"tai":	{
					"plmnId":	{
						"mcc":	"999",
						"mnc":	"70"
					},
					"tac":	"000001"
				},
				"ncgi":	{
					"plmnId":	{
						"mcc":	"999",
						"mnc":	"70"
					},
					"nrCellId":	"000040001"
				},
				"ueLocationTimestamp":	"2022-11-21T03:19:22.333865Z"
			}
		},
		"timeZone":	"-08:00",
		"servingPlmn":	{
			"mcc":	"999",
			"mnc":	"70"
		},
		"ratType":	"NR",
		"ueAmbr":	{
			"uplink":	"1048576 Kbps",
			"downlink":	"1048576 Kbps"
		},
		"allowedSnssais":	[{
				"sst":	1
			}],
		"guami":	{
			"plmnId":	{
				"mcc":	"999",
				"mnc":	"70"
			},
			"amfId":	"020040"
		},
		"serviceName":	"namf-callback",
		"suppFeat":	"4"
	},
	"ueAmbr":	{
		"uplink":	"1048576 Kbps",
		"downlink":	"1048576 Kbps"
	},
	"suppFeat":	"4"
} (../lib/sbi/client.c:586)
11/20 19:19:22.360: [amf] DEBUG: amf_state_operational(): OGS_EVENT_NAME_SBI_CLIENT (../src/amf/amf-sm.c:78)
0000: 00040700 01000000 017b0a09 22726571   .........{.."req
0010: 75657374 223a097b 0a090922 6e6f7469   uest":.{..."noti
0020: 66696361 74696f6e 55726922 3a092268   ficationUri":."h
0030: 7474703a 2f2f3132 372e302e 302e353a   ttp://127.0.0.5:
0040: 37373737 2f6e616d 662d6361 6c6c6261   7777/namf-callba
0050: 636b2f76 312f696d 73692d39 39393730   ck/v1/imsi-99970
0060: 32303030 30303030 31302f61 6d2d706f   2000000010/am-po
0070: 6c696379 2d6e6f74 69667922 2c0a0909   licy-notify",...
0080: 22737570 69223a09 22696d73 692d3939   "supi":."imsi-99
0090: 39373032 30303030 30303031 30222c0a   9702000000010",.
00a0: 09092267 70736922 3a09226d 73697364   .."gpsi":."msisd
00b0: 6e2d3439 31373235 36373030 3134222c   n-491725670014",
00c0: 0a090922 61636365 73735479 7065223a   ..."accessType":
00d0: 09223347 50505f41 43434553 53222c0a   ."3GPP_ACCESS",.
00e0: 09092270 6569223a 0922696d 65697376   .."pei":."imeisv
00f0: 2d383636 35303730 34303034 30353330   -866507040040530
0100: 31222c0a 09092275 7365724c 6f63223a   1",..."userLoc":
0110: 097b0a09 0909226e 724c6f63 6174696f   .{...."nrLocatio
0120: 6e223a09 7b0a0909 09092274 6169223a   n":.{....."tai":
0130: 097b0a09 09090909 22706c6d 6e496422   .{......"plmnId"
0140: 3a097b0a 09090909 0909226d 6363223a   :.{......."mcc":
0150: 09223939 39222c0a 09090909 0909226d   ."999",......."m
0160: 6e63223a 09223730 220a0909 0909097d   nc":."70"......}
0170: 2c0a0909 09090922 74616322 3a092230   ,......"tac":."0
0180: 30303030 31220a09 0909097d 2c0a0909   00001".....},...
0190: 0909226e 63676922 3a097b0a 09090909   .."ncgi":.{.....
01a0: 0922706c 6d6e4964 223a097b 0a090909   ."plmnId":.{....
01b0: 09090922 6d636322 3a092239 3939222c   ..."mcc":."999",
01c0: 0a090909 09090922 6d6e6322 3a092237   ......."mnc":."7
01d0: 30220a09 09090909 7d2c0a09 09090909   0"......},......
01e0: 226e7243 656c6c49 64223a09 22303030   "nrCellId":."000
01f0: 30343030 3031220a 09090909 7d2c0a09   040001".....},..
0200: 09090922 75654c6f 63617469 6f6e5469   ..."ueLocationTi
0210: 6d657374 616d7022 3a092232 3032322d   mestamp":."2022-
0220: 31312d32 31543033 3a31393a 32322e33   11-21T03:19:22.3
0230: 33333836 355a220a 0909097d 0a09097d   33865Z"....}...}
0240: 2c0a0909 2274696d 655a6f6e 65223a09   ,..."timeZone":.
0250: 222d3038 3a303022 2c0a0909 22736572   "-08:00",..."ser
0260: 76696e67 506c6d6e 223a097b 0a090909   vingPlmn":.{....
0270: 226d6363 223a0922 39393922 2c0a0909   "mcc":."999",...
0280: 09226d6e 63223a09 22373022 0a09097d   ."mnc":."70"...}
0290: 2c0a0909 22726174 54797065 223a0922   ,..."ratType":."
02a0: 4e52222c 0a090922 7565416d 6272223a   NR",..."ueAmbr":
02b0: 097b0a09 09092275 706c696e 6b223a09   .{...."uplink":.
02c0: 22313034 38353736 204b6270 73222c0a   "1048576 Kbps",.
02d0: 09090922 646f776e 6c696e6b 223a0922   ..."downlink":."
02e0: 31303438 35373620 4b627073 220a0909   1048576 Kbps"...
02f0: 7d2c0a09 0922616c 6c6f7765 64536e73   },..."allowedSns
0300: 73616973 223a095b 7b0a0909 09092273   sais":.[{....."s
0310: 7374223a 09310a09 09097d5d 2c0a0909   st":.1....}],...
0320: 22677561 6d69223a 097b0a09 09092270   "guami":.{...."p
0330: 6c6d6e49 64223a09 7b0a0909 0909226d   lmnId":.{....."m
0340: 6363223a 09223939 39222c0a 09090909   cc":."999",.....
0350: 226d6e63 223a0922 3730220a 0909097d   "mnc":."70"....}
0360: 2c0a0909 0922616d 66496422 3a092230   ,...."amfId":."0
0370: 32303034 30220a09 097d2c0a 09092273   20040"...},..."s
0380: 65727669 63654e61 6d65223a 09226e61   erviceName":."na
0390: 6d662d63 616c6c62 61636b22 2c0a0909   mf-callback",...
03a0: 22737570 70466561 74223a09 2234220a   "suppFeat":."4".
03b0: 097d2c0a 09227565 416d6272 223a097b   .},.."ueAmbr":.{
03c0: 0a090922 75706c69 6e6b223a 09223130   ..."uplink":."10
03d0: 34383537 36204b62 7073222c 0a090922   48576 Kbps",..."
03e0: 646f776e 6c696e6b 223a0922 31303438   downlink":."1048
03f0: 35373620 4b627073 220a097d 2c0a0922   576 Kbps"..},.."
0400: 73757070 46656174 223a0922 34220a7d   suppFeat":."4".}
11/20 19:19:22.360: [gmm] DEBUG: gmm_state_initial_context_setup(): OGS_EVENT_NAME_SBI_CLIENT (../src/amf/gmm-sm.c:969)
11/20 19:19:22.360: [amf] DEBUG: [imsi-999702000000010] Registration accept (../src/amf/nas-path.c:85)
11/20 19:19:22.360: [sbi] DEBUG: MAX_CONCURRENT_STREAMS = 100 (../lib/sbi/nghttp2-server.c:747)
11/20 19:19:22.360: [sbi] DEBUG: ENABLE_PUSH = false (../lib/sbi/nghttp2-server.c:749)
11/20 19:19:22.360: [gmm] DEBUG: [imsi-999702000000010]    5G-S_GUTI[AMF_ID:0x20040,M_TMSI:0xed004bc4] (../src/amf/gmm-build.c:77)
11/20 19:19:22.360: [gmm] DEBUG: [imsi-999702000000010]    TAI[PLMN_ID:99f907,TAC:1] (../src/amf/gmm-build.c:90)
11/20 19:19:22.360: [gmm] DEBUG: [imsi-999702000000010]    NR_CGI[PLMN_ID:99f907,CELL_ID:0x40001] (../src/amf/gmm-build.c:93)
11/20 19:19:22.360: [sbi] DEBUG: STREAM added [3] (../lib/sbi/nghttp2-server.c:1122)
11/20 19:19:22.360: [sbi] DEBUG: MAX_CONCURRENT_STREAMS = 100 (../lib/sbi/nghttp2-server.c:747)
11/20 19:19:22.360: [gmm] DEBUG: [imsi-999702000000010]    SERVED_TAI_INDEX[0] (../src/amf/gmm-build.c:96)
11/20 19:19:22.360: [sbi] DEBUG: ENABLE_PUSH = false (../lib/sbi/nghttp2-server.c:749)
11/20 19:19:22.360: [sbi] DEBUG: [GET] /nudr-dr/v1/policy-data/ues/imsi-999701000000010/am-data (../lib/sbi/nghttp2-server.c:801)
11/20 19:19:22.360: [sbi] DEBUG: STREAM added [1] (../lib/sbi/nghttp2-server.c:1122)
11/20 19:19:22.360: [udr] DEBUG: udr_state_operational(): OGS_EVENT_NAME_SBI_SERVER (../src/udr/udr-sm.c:51)
11/20 19:19:22.360: [sbi] DEBUG: [POST] /npcf-am-policy-control/v1/policies (../lib/sbi/nghttp2-server.c:801)
11/20 19:19:22.360: [sbi] DEBUG: RECEIVED: 876 (../lib/sbi/nghttp2-server.c:805)
11/20 19:19:22.360: [sbi] DEBUG: {
	"notificationUri":	"http://127.0.0.5:7777/namf-callback/v1/imsi-999700000000010/am-policy-notify",
	"supi":	"imsi-999700000000010",
	"gpsi":	"msisdn-491725670014",
	"accessType":	"3GPP_ACCESS",
	"pei":	"imeisv-8665070400405301",
	"userLoc":	{
		"nrLocation":	{
			"tai":	{
				"plmnId":	{
					"mcc":	"999",
					"mnc":	"70"
				},
				"tac":	"000001"
			},
			"ncgi":	{
				"plmnId":	{
					"mcc":	"999",
					"mnc":	"70"
				},
				"nrCellId":	"000040001"
			},
			"ueLocationTimestamp":	"2022-11-21T03:19:22.338857Z"
		}
	},
	"timeZone":	"-08:00",
	"servingPlmn":	{
		"mcc":	"999",
		"mnc":	"70"
	},
	"ratType":	"NR",
	"ueAmbr":	{
		"uplink":	"1048576 Kbps",
		"downlink":	"1048576 Kbps"
	},
	"allowedSnssais":	[{
			"sst":	1
		}],
	"guami":	{
		"plmnId":	{
			"mcc":	"999",
			"mnc":	"70"
		},
		"amfId":	"020040"
	},
	"serviceName":	"namf-callback",
	"suppFeat":	"4"
} (../lib/sbi/nghttp2-server.c:806)
0000: 00000604 00000000 00000300 04e200     ...............
11/20 19:19:22.360: [pcf] DEBUG: pcf_state_operational(): OGS_EVENT_NAME_SBI_SERVER (../src/pcf/pcf-sm.c:58)
11/20 19:19:22.360: [amf] DEBUG: InitialContextSetupRequest(UE) (../src/amf/ngap-build.c:477)
11/20 19:19:22.361: [amf] DEBUG:     RAN_UE_NGAP_ID[1] AMF_UE_NGAP_ID[1] (../src/amf/ngap-build.c:627)
11/20 19:19:22.361: [amf] DEBUG:     IP[127.0.0.1] RAN_ID[16384] (../src/amf/ngap-path.c:71)
11/20 19:19:22.361: [pcf] DEBUG: pcf_am_state_operational(): ENTRY (../src/pcf/am-sm.c:48)
11/20 19:19:22.361: [pcf] DEBUG: pcf_am_state_operational(): OGS_EVENT_NAME_SBI_SERVER (../src/pcf/am-sm.c:48)
11/20 19:19:22.361: [sock] DEBUG: addr:127.0.0.5, port:7777 (../lib/core/ogs-sockaddr.c:140)
11/20 19:19:22.361: [pcf] DEBUG: [REF] 4 (../src/pcf/npcf-handler.c:93)
11/20 19:19:22.361: [dbi] DEBUG: SUPI type: imsi, SUPI id: 999700000000010, imeisv: 8665070400405301 (../lib/dbi/subscription.c:169)
11/20 19:19:22.361: [sbi] DEBUG: STATUS [200] (../lib/sbi/nghttp2-server.c:357)
11/20 19:19:22.361: [sbi] DEBUG: SENDING...: 3 (../lib/sbi/nghttp2-server.c:365)
11/20 19:19:22.361: [sbi] DEBUG: {
} (../lib/sbi/nghttp2-server.c:366)
11/20 19:19:22.361: [sbi] DEBUG: STREAM closed [3] (../lib/sbi/nghttp2-server.c:852)
0000: 00000801 04000000 0388c0bf 0f0d0133   ...............3
0010: be                                    .
0000: 00000300 01000000 037b0a7d            .........{.}
11/20 19:19:22.361: [sbi] DEBUG: [REF] 4 (../lib/sbi/path.c:212)
11/20 19:19:22.361: [sbi] DEBUG: [GET] http://127.0.0.20:7777/nudr-dr/v1/policy-data/ues/imsi-999700000000010/am-data (../lib/sbi/client.c:625)
11/20 19:19:22.362: [sbi] DEBUG: MAX_CONCURRENT_STREAMS = 100 (../lib/sbi/nghttp2-server.c:747)
11/20 19:19:22.362: [sbi] DEBUG: ENABLE_PUSH = false (../lib/sbi/nghttp2-server.c:749)
11/20 19:19:22.362: [sbi] DEBUG: [200:GET] http://127.0.0.20:7777/nudr-dr/v1/policy-data/ues/imsi-999701000000010/am-data (../lib/sbi/client.c:573)
11/20 19:19:22.362: [sbi] DEBUG: RECEIVED[3] (../lib/sbi/client.c:584)
11/20 19:19:22.362: [sbi] DEBUG: {
} (../lib/sbi/client.c:586)
11/20 19:19:22.362: [sbi] DEBUG: STREAM added [5] (../lib/sbi/nghttp2-server.c:1122)
11/20 19:19:22.362: [pcf] DEBUG: pcf_state_operational(): OGS_EVENT_NAME_SBI_CLIENT (../src/pcf/pcf-sm.c:58)
11/20 19:19:22.362: [sbi] DEBUG: [GET] /nudr-dr/v1/policy-data/ues/imsi-999700000000010/am-data (../lib/sbi/nghttp2-server.c:801)
11/20 19:19:22.362: [pcf] DEBUG: pcf_am_state_operational(): OGS_EVENT_NAME_SBI_CLIENT (../src/pcf/am-sm.c:48)
11/20 19:19:22.362: [udr] DEBUG: udr_state_operational(): OGS_EVENT_NAME_SBI_SERVER (../src/udr/udr-sm.c:51)
11/20 19:19:22.362: [sbi] DEBUG: STATUS [200] (../lib/sbi/nghttp2-server.c:357)
11/20 19:19:22.362: [sbi] DEBUG: SENDING...: 3 (../lib/sbi/nghttp2-server.c:365)
11/20 19:19:22.362: [sbi] DEBUG: {
} (../lib/sbi/nghttp2-server.c:366)
11/20 19:19:22.362: [sbi] DEBUG: STREAM closed [5] (../lib/sbi/nghttp2-server.c:852)
0000: 00000801 04000000 0588c0bf 0f0d0133   ...............3
0010: be                                    .
0000: 00000300 01000000 057b0a7d            .........{.}
11/20 19:19:22.362: [sbi] DEBUG: STATUS [201] (../lib/sbi/nghttp2-server.c:357)
11/20 19:19:22.362: [sbi] DEBUG: SENDING...: 1031 (../lib/sbi/nghttp2-server.c:365)
11/20 19:19:22.362: [sbi] DEBUG: {
	"request":	{
		"notificationUri":	"http://127.0.0.5:7777/namf-callback/v1/imsi-999701000000010/am-policy-notify",
		"supi":	"imsi-999701000000010",
		"gpsi":	"msisdn-491725670014",
		"accessType":	"3GPP_ACCESS",
		"pei":	"imeisv-8665070400405301",
		"userLoc":	{
			"nrLocation":	{
				"tai":	{
					"plmnId":	{
						"mcc":	"999",
						"mnc":	"70"
					},
					"tac":	"000001"
				},
				"ncgi":	{
					"plmnId":	{
						"mcc":	"999",
						"mnc":	"70"
					},
					"nrCellId":	"000040001"
				},
				"ueLocationTimestamp":	"2022-11-21T03:19:22.334227Z"
			}
		},
		"timeZone":	"-08:00",
		"servingPlmn":	{
			"mcc":	"999",
			"mnc":	"70"
		},
		"ratType":	"NR",
		"ueAmbr":	{
			"uplink":	"1048576 Kbps",
			"downlink":	"1048576 Kbps"
		},
		"allowedSnssais":	[{
				"sst":	1
			}],
		"guami":	{
			"plmnId":	{
				"mcc":	"999",
				"mnc":	"70"
			},
			"amfId":	"020040"
		},
		"serviceName":	"namf-callback",
		"suppFeat":	"4"
	},
	"ueAmbr":	{
		"uplink":	"1048576 Kbps",
		"downlink":	"1048576 Kbps"
	},
	"suppFeat":	"4"
} (../lib/sbi/nghttp2-server.c:366)
11/20 19:19:22.362: [sbi] DEBUG: STREAM closed [1] (../lib/sbi/nghttp2-server.c:852)
11/20 19:19:22.362: [sbi] DEBUG: [200:GET] http://127.0.0.20:7777/nudr-dr/v1/policy-data/ues/imsi-999700000000010/am-data (../lib/sbi/client.c:573)
11/20 19:19:22.362: [sbi] DEBUG: RECEIVED[3] (../lib/sbi/client.c:584)
11/20 19:19:22.362: [sbi] DEBUG: {
} (../lib/sbi/client.c:586)
0000: 00000004 01000000 00                  .........
11/20 19:19:22.362: [pcf] DEBUG: pcf_state_operational(): OGS_EVENT_NAME_SBI_CLIENT (../src/pcf/pcf-sm.c:58)
11/20 19:19:22.362: [pcf] DEBUG: pcf_am_state_operational(): OGS_EVENT_NAME_SBI_CLIENT (../src/pcf/am-sm.c:48)
11/20 19:19:22.363: [sbi] DEBUG: STATUS [201] (../lib/sbi/nghttp2-server.c:357)
11/20 19:19:22.363: [sbi] DEBUG: SENDING...: 1031 (../lib/sbi/nghttp2-server.c:365)
11/20 19:19:22.363: [sbi] DEBUG: {
	"request":	{
		"notificationUri":	"http://127.0.0.5:7777/namf-callback/v1/imsi-999700000000010/am-policy-notify",
		"supi":	"imsi-999700000000010",
		"gpsi":	"msisdn-491725670014",
		"accessType":	"3GPP_ACCESS",
		"pei":	"imeisv-8665070400405301",
		"userLoc":	{
			"nrLocation":	{
				"tai":	{
					"plmnId":	{
						"mcc":	"999",
						"mnc":	"70"
					},
					"tac":	"000001"
				},
				"ncgi":	{
					"plmnId":	{
						"mcc":	"999",
						"mnc":	"70"
					},
					"nrCellId":	"000040001"
				},
				"ueLocationTimestamp":	"2022-11-21T03:19:22.338857Z"
			}
		},
		"timeZone":	"-08:00",
		"servingPlmn":	{
			"mcc":	"999",
			"mnc":	"70"
		},
		"ratType":	"NR",
		"ueAmbr":	{
			"uplink":	"1048576 Kbps",
			"downlink":	"1048576 Kbps"
		},
		"allowedSnssais":	[{
				"sst":	1
			}],
		"guami":	{
			"plmnId":	{
				"mcc":	"999",
				"mnc":	"70"
			},
			"amfId":	"020040"
		},
		"serviceName":	"namf-callback",
		"suppFeat":	"4"
	},
	"ueAmbr":	{
		"uplink":	"1048576 Kbps",
		"downlink":	"1048576 Kbps"
	},
	"suppFeat":	"4"
} (../lib/sbi/nghttp2-server.c:366)
11/20 19:19:22.363: [sbi] DEBUG: STREAM closed [1] (../lib/sbi/nghttp2-server.c:852)
0000: 00006901 04000000 01488210 03768bd5   ..i......H...v..
0010: 596a6f16 e53b8976 d76f6196 d07abe94   Yjo..;.v.oa..z..
0020: 1054d27e ea080212 8066e05f b821298b   .T.~.....f._.!).
0030: 46ff0f0d 8308190f 5f8b1d75 d0620d26   F......._..u.b.&
0040: 3d4c7441 ea0f1faa 9d29aee3 0c044eae   =LtA.....)....N.
0050: 05c0b859 b8ebaeba c5559255 874ad59e   ...Y.....U.U.J..
0060: 8313d2c4 3d49b0f4 31dc2c56 7a0c4315   ....=I..1.,Vz.C.
0070: 0c0b                                  ..
0000: 00000004 01000000 00                  .........
11/20 19:19:22.363: [sbi] DEBUG: [201:POST] http://127.0.0.13:7777/npcf-am-policy-control/v1/policies (../lib/sbi/client.c:573)
11/20 19:19:22.363: [sbi] DEBUG: RECEIVED[1031] (../lib/sbi/client.c:584)
11/20 19:19:22.363: [sbi] DEBUG: {
	"request":	{
		"notificationUri":	"http://127.0.0.5:7777/namf-callback/v1/imsi-999701000000010/am-policy-notify",
		"supi":	"imsi-999701000000010",
		"gpsi":	"msisdn-491725670014",
		"accessType":	"3GPP_ACCESS",
		"pei":	"imeisv-8665070400405301",
		"userLoc":	{
			"nrLocation":	{
				"tai":	{
					"plmnId":	{
						"mcc":	"999",
						"mnc":	"70"
					},
					"tac":	"000001"
				},
				"ncgi":	{
					"plmnId":	{
						"mcc":	"999",
						"mnc":	"70"
					},
					"nrCellId":	"000040001"
				},
				"ueLocationTimestamp":	"2022-11-21T03:19:22.334227Z"
			}
		},
		"timeZone":	"-08:00",
		"servingPlmn":	{
			"mcc":	"999",
			"mnc":	"70"
		},
		"ratType":	"NR",
		"ueAmbr":	{
			"uplink":	"1048576 Kbps",
			"downlink":	"1048576 Kbps"
		},
		"allowedSnssais":	[{
				"sst":	1
			}],
		"guami":	{
			"plmnId":	{
				"mcc":	"999",
				"mnc":	"70"
			},
			"amfId":	"020040"
		},
		"serviceName":	"namf-callback",
		"suppFeat":	"4"
	},
	"ueAmbr":	{
		"uplink":	"1048576 Kbps",
		"downlink":	"1048576 Kbps"
	},
	"suppFeat":	"4"
} (../lib/sbi/client.c:586)
11/20 19:19:22.363: [amf] DEBUG: amf_state_operational(): OGS_EVENT_NAME_SBI_CLIENT (../src/amf/amf-sm.c:78)
11/20 19:19:22.363: [gmm] DEBUG: gmm_state_initial_context_setup(): OGS_EVENT_NAME_SBI_CLIENT (../src/amf/gmm-sm.c:969)
11/20 19:19:22.363: [amf] DEBUG: [imsi-999701000000010] Registration accept (../src/amf/nas-path.c:85)
11/20 19:19:22.363: [gmm] DEBUG: [imsi-999701000000010]    5G-S_GUTI[AMF_ID:0x20040,M_TMSI:0xc9004675] (../src/amf/gmm-build.c:77)
0000: 00040700 01000000 017b0a09 22726571   .........{.."req
0010: 75657374 223a097b 0a090922 6e6f7469   uest":.{..."noti
0020: 66696361 74696f6e 55726922 3a092268   ficationUri":."h
0030: 7474703a 2f2f3132 372e302e 302e353a   ttp://127.0.0.5:
0040: 37373737 2f6e616d 662d6361 6c6c6261   7777/namf-callba
0050: 636b2f76 312f696d 73692d39 39393730   ck/v1/imsi-99970
0060: 31303030 30303030 31302f61 6d2d706f   1000000010/am-po
0070: 6c696379 2d6e6f74 69667922 2c0a0909   licy-notify",...
0080: 22737570 69223a09 22696d73 692d3939   "supi":."imsi-99
0090: 39373031 30303030 30303031 30222c0a   9701000000010",.
00a0: 09092267 70736922 3a09226d 73697364   .."gpsi":."msisd
00b0: 6e2d3439 31373235 36373030 3134222c   n-491725670014",
00c0: 0a090922 61636365 73735479 7065223a   ..."accessType":
00d0: 09223347 50505f41 43434553 53222c0a   ."3GPP_ACCESS",.
00e0: 09092270 6569223a 0922696d 65697376   .."pei":."imeisv
00f0: 2d383636 35303730 34303034 30353330   -866507040040530
0100: 31222c0a 09092275 7365724c 6f63223a   1",..."userLoc":
0110: 097b0a09 0909226e 724c6f63 6174696f   .{...."nrLocatio
0120: 6e223a09 7b0a0909 09092274 6169223a   n":.{....."tai":
0130: 097b0a09 09090909 22706c6d 6e496422   .{......"plmnId"
0140: 3a097b0a 09090909 0909226d 6363223a   :.{......."mcc":
0150: 09223939 39222c0a 09090909 0909226d   ."999",......."m
0160: 6e63223a 09223730 220a0909 0909097d   nc":."70"......}
0170: 2c0a0909 09090922 74616322 3a092230   ,......"tac":."0
0180: 30303030 31220a09 0909097d 2c0a0909   00001".....},...
0190: 0909226e 63676922 3a097b0a 09090909   .."ncgi":.{.....
01a0: 0922706c 6d6e4964 223a097b 0a090909   ."plmnId":.{....
01b0: 09090922 6d636322 3a092239 3939222c   ..."mcc":."999",
01c0: 0a090909 09090922 6d6e6322 3a092237   ......."mnc":."7
01d0: 30220a09 09090909 7d2c0a09 09090909   0"......},......
01e0: 226e7243 656c6c49 64223a09 22303030   "nrCellId":."000
01f0: 30343030 3031220a 09090909 7d2c0a09   040001".....},..
0200: 09090922 75654c6f 63617469 6f6e5469   ..."ueLocationTi
0210: 6d657374 616d7022 3a092232 3032322d   mestamp":."2022-
0220: 31312d32 31543033 3a31393a 32322e33   11-21T03:19:22.3
0230: 33343232 375a220a 0909097d 0a09097d   34227Z"....}...}
0240: 2c0a0909 2274696d 655a6f6e 65223a09   ,..."timeZone":.
0250: 222d3038 3a303022 2c0a0909 22736572   "-08:00",..."ser
0260: 76696e67 506c6d6e 223a097b 0a090909   vingPlmn":.{....
0270: 226d6363 223a0922 39393922 2c0a0909   "mcc":."999",...
0280: 09226d6e 63223a09 22373022 0a09097d   ."mnc":."70"...}
0290: 2c0a0909 22726174 54797065 223a0922   ,..."ratType":."
02a0: 4e52222c 0a090922 7565416d 6272223a   NR",..."ueAmbr":
02b0: 097b0a09 09092275 706c696e 6b223a09   .{...."uplink":.
02c0: 22313034 38353736 204b6270 73222c0a   "1048576 Kbps",.
02d0: 09090922 646f776e 6c696e6b 223a0922   ..."downlink":."
02e0: 31303438 35373620 4b627073 220a0909   1048576 Kbps"...
02f0: 7d2c0a09 0922616c 6c6f7765 64536e73   },..."allowedSns
0300: 73616973 223a095b 7b0a0909 09092273   sais":.[{....."s
0310: 7374223a 09310a09 09097d5d 2c0a0909   st":.1....}],...
0320: 22677561 6d69223a 097b0a09 09092270   "guami":.{...."p
0330: 6c6d6e49 64223a09 7b0a0909 0909226d   lmnId":.{....."m
0340: 6363223a 09223939 39222c0a 09090909   cc":."999",.....
0350: 226d6e63 223a0922 3730220a 0909097d   "mnc":."70"....}
0360: 2c0a0909 0922616d 66496422 3a092230   ,...."amfId":."0
0370: 32303034 30220a09 097d2c0a 09092273   20040"...},..."s
0380: 65727669 63654e61 6d65223a 09226e61   erviceName":."na
0390: 6d662d63 616c6c62 61636b22 2c0a0909   mf-callback",...
03a0: 22737570 70466561 74223a09 2234220a   "suppFeat":."4".
03b0: 097d2c0a 09227565 416d6272 223a097b   .},.."ueAmbr":.{
03c0: 0a090922 75706c69 6e6b223a 09223130   ..."uplink":."10
03d0: 34383537 36204b62 7073222c 0a090922   48576 Kbps",..."
03e0: 646f776e 6c696e6b 223a0922 31303438   downlink":."1048
03f0: 35373620 4b627073 220a097d 2c0a0922   576 Kbps"..},.."
0400: 73757070 46656174 223a0922 34220a7d   suppFeat":."4".}
11/20 19:19:22.363: [gmm] DEBUG: [imsi-999701000000010]    TAI[PLMN_ID:99f907,TAC:1] (../src/amf/gmm-build.c:90)
11/20 19:19:22.363: [gmm] DEBUG: [imsi-999701000000010]    NR_CGI[PLMN_ID:99f907,CELL_ID:0x40001] (../src/amf/gmm-build.c:93)
0000: 00006901 04000000 01488210 03768bd5   ..i......H...v..
0010: 596a6f16 e53b8976 d76f6196 d07abe94   Yjo..;.v.oa..z..
0020: 1054d27e ea080212 8066e05f b821298b   .T.~.....f._.!).
0030: 46ff0f0d 8308190f 0f1faa9d 29aee30c   F...........)...
0040: 044eae05 c0b859b8 ebaebac5 55925587   .N....Y.....U.U.
0050: 4ad59e83 13d2c43d 49b0f431 dc2c567a   J......=I..1.,Vz
0060: 0c43150c 335f8b1d 75d0620d 263d4c74   .C..3_..u.b.&=Lt
0070: 41ea                                  A.
11/20 19:19:22.363: [gmm] DEBUG: [imsi-999701000000010]    SERVED_TAI_INDEX[0] (../src/amf/gmm-build.c:96)
11/20 19:19:22.363: [amf] DEBUG: InitialContextSetupRequest(UE) (../src/amf/ngap-build.c:477)
11/20 19:19:22.363: [amf] DEBUG:     RAN_UE_NGAP_ID[1] AMF_UE_NGAP_ID[2] (../src/amf/ngap-build.c:627)
11/20 19:19:22.363: [amf] DEBUG:     IP[127.0.0.1] RAN_ID[16384] (../src/amf/ngap-path.c:71)
11/20 19:19:22.363: [sbi] DEBUG: [201:POST] http://127.0.0.13:7777/npcf-am-policy-control/v1/policies (../lib/sbi/client.c:573)
11/20 19:19:22.363: [sbi] DEBUG: RECEIVED[1031] (../lib/sbi/client.c:584)
11/20 19:19:22.363: [sbi] DEBUG: {
	"request":	{
		"notificationUri":	"http://127.0.0.5:7777/namf-callback/v1/imsi-999700000000010/am-policy-notify",
		"supi":	"imsi-999700000000010",
		"gpsi":	"msisdn-491725670014",
		"accessType":	"3GPP_ACCESS",
		"pei":	"imeisv-8665070400405301",
		"userLoc":	{
			"nrLocation":	{
				"tai":	{
					"plmnId":	{
						"mcc":	"999",
						"mnc":	"70"
					},
					"tac":	"000001"
				},
				"ncgi":	{
					"plmnId":	{
						"mcc":	"999",
						"mnc":	"70"
					},
					"nrCellId":	"000040001"
				},
				"ueLocationTimestamp":	"2022-11-21T03:19:22.338857Z"
			}
		},
		"timeZone":	"-08:00",
		"servingPlmn":	{
			"mcc":	"999",
			"mnc":	"70"
		},
		"ratType":	"NR",
		"ueAmbr":	{
			"uplink":	"1048576 Kbps",
			"downlink":	"1048576 Kbps"
		},
		"allowedSnssais":	[{
				"sst":	1
			}],
		"guami":	{
			"plmnId":	{
				"mcc":	"999",
				"mnc":	"70"
			},
			"amfId":	"020040"
		},
		"serviceName":	"namf-callback",
		"suppFeat":	"4"
	},
	"ueAmbr":	{
		"uplink":	"1048576 Kbps",
		"downlink":	"1048576 Kbps"
	},
	"suppFeat":	"4"
} (../lib/sbi/client.c:586)
0000: 00040700 01000000 017b0a09 22726571   .........{.."req
0010: 75657374 223a097b 0a090922 6e6f7469   uest":.{..."noti
0020: 66696361 74696f6e 55726922 3a092268   ficationUri":."h
0030: 7474703a 2f2f3132 372e302e 302e353a   ttp://127.0.0.5:
0040: 37373737 2f6e616d 662d6361 6c6c6261   7777/namf-callba
0050: 636b2f76 312f696d 73692d39 39393730   ck/v1/imsi-99970
0060: 30303030 30303030 31302f61 6d2d706f   0000000010/am-po
0070: 6c696379 2d6e6f74 69667922 2c0a0909   licy-notify",...
0080: 22737570 69223a09 22696d73 692d3939   "supi":."imsi-99
0090: 39373030 30303030 30303031 30222c0a   9700000000010",.
00a0: 09092267 70736922 3a09226d 73697364   .."gpsi":."msisd
00b0: 6e2d3439 31373235 36373030 3134222c   n-491725670014",
00c0: 0a090922 61636365 73735479 7065223a   ..."accessType":
00d0: 09223347 50505f41 43434553 53222c0a   ."3GPP_ACCESS",.
00e0: 09092270 6569223a 0922696d 65697376   .."pei":."imeisv
00f0: 2d383636 35303730 34303034 30353330   -866507040040530
0100: 31222c0a 09092275 7365724c 6f63223a   1",..."userLoc":
0110: 097b0a09 0909226e 724c6f63 6174696f   .{...."nrLocatio
0120: 6e223a09 7b0a0909 09092274 6169223a   n":.{....."tai":
0130: 097b0a09 09090909 22706c6d 6e496422   .{......"plmnId"
0140: 3a097b0a 09090909 0909226d 6363223a   :.{......."mcc":
0150: 09223939 39222c0a 09090909 0909226d   ."999",......."m
0160: 6e63223a 09223730 220a0909 0909097d   nc":."70"......}
0170: 2c0a0909 09090922 74616322 3a092230   ,......"tac":."0
0180: 30303030 31220a09 0909097d 2c0a0909   00001".....},...
0190: 0909226e 63676922 3a097b0a 09090909   .."ncgi":.{.....
01a0: 0922706c 6d6e4964 223a097b 0a090909   ."plmnId":.{....
01b0: 09090922 6d636322 3a092239 3939222c   ..."mcc":."999",
01c0: 0a090909 09090922 6d6e6322 3a092237   ......."mnc":."7
01d0: 30220a09 09090909 7d2c0a09 09090909   0"......},......
01e0: 226e7243 656c6c49 64223a09 22303030   "nrCellId":."000
01f0: 30343030 3031220a 09090909 7d2c0a09   040001".....},..
0200: 09090922 75654c6f 63617469 6f6e5469   ..."ueLocationTi
0210: 6d657374 616d7022 3a092232 3032322d   mestamp":."2022-
0220: 31312d32 31543033 3a31393a 32322e33   11-21T03:19:22.3
0230: 33383835 375a220a 0909097d 0a09097d   38857Z"....}...}
0240: 2c0a0909 2274696d 655a6f6e 65223a09   ,..."timeZone":.
0250: 222d3038 3a303022 2c0a0909 22736572   "-08:00",..."ser
0260: 76696e67 506c6d6e 223a097b 0a090909   vingPlmn":.{....
0270: 226d6363 223a0922 39393922 2c0a0909   "mcc":."999",...
0280: 09226d6e 63223a09 22373022 0a09097d   ."mnc":."70"...}
0290: 2c0a0909 22726174 54797065 223a0922   ,..."ratType":."
02a0: 4e52222c 0a090922 7565416d 6272223a   NR",..."ueAmbr":
02b0: 097b0a09 09092275 706c696e 6b223a09   .{...."uplink":.
02c0: 22313034 38353736 204b6270 73222c0a   "1048576 Kbps",.
02d0: 09090922 646f776e 6c696e6b 223a0922   ..."downlink":."
02e0: 31303438 35373620 4b627073 220a0909   1048576 Kbps"...
02f0: 7d2c0a09 0922616c 6c6f7765 64536e73   },..."allowedSns
0300: 73616973 223a095b 7b0a0909 09092273   sais":.[{....."s
0310: 7374223a 09310a09 09097d5d 2c0a0909   st":.1....}],...
0320: 22677561 6d69223a 097b0a09 09092270   "guami":.{...."p
0330: 6c6d6e49 64223a09 7b0a0909 0909226d   lmnId":.{....."m
0340: 6363223a 09223939 39222c0a 09090909   cc":."999",.....
0350: 226d6e63 223a0922 3730220a 0909097d   "mnc":."70"....}
0360: 2c0a0909 0922616d 66496422 3a092230   ,...."amfId":."0
0370: 32303034 30220a09 097d2c0a 09092273   20040"...},..."s
0380: 65727669 63654e61 6d65223a 09226e61   erviceName":."na
0390: 6d662d63 616c6c62 61636b22 2c0a0909   mf-callback",...
03a0: 22737570 70466561 74223a09 2234220a   "suppFeat":."4".
03b0: 097d2c0a 09227565 416d6272 223a097b   .},.."ueAmbr":.{
03c0: 0a090922 75706c69 6e6b223a 09223130   ..."uplink":."10
03d0: 34383537 36204b62 7073222c 0a090922   48576 Kbps",..."
03e0: 646f776e 6c696e6b 223a0922 31303438   downlink":."1048
03f0: 35373620 4b627073 220a097d 2c0a0922   576 Kbps"..},.."
0400: 73757070 46656174 223a0922 34220a7d   suppFeat":."4".}
11/20 19:19:22.363: [amf] DEBUG: amf_state_operational(): OGS_EVENT_NAME_SBI_CLIENT (../src/amf/amf-sm.c:78)
11/20 19:19:22.364: [gmm] DEBUG: gmm_state_initial_context_setup(): OGS_EVENT_NAME_SBI_CLIENT (../src/amf/gmm-sm.c:969)
11/20 19:19:22.364: [amf] DEBUG: [imsi-999700000000010] Registration accept (../src/amf/nas-path.c:85)
11/20 19:19:22.364: [gmm] DEBUG: [imsi-999700000000010]    5G-S_GUTI[AMF_ID:0x20040,M_TMSI:0xe70038f4] (../src/amf/gmm-build.c:77)
11/20 19:19:22.364: [gmm] DEBUG: [imsi-999700000000010]    TAI[PLMN_ID:99f907,TAC:1] (../src/amf/gmm-build.c:90)
11/20 19:19:22.364: [gmm] DEBUG: [imsi-999700000000010]    NR_CGI[PLMN_ID:99f907,CELL_ID:0x40001] (../src/amf/gmm-build.c:93)
11/20 19:19:22.364: [gmm] DEBUG: [imsi-999700000000010]    SERVED_TAI_INDEX[0] (../src/amf/gmm-build.c:96)
11/20 19:19:22.364: [amf] DEBUG: InitialContextSetupRequest(UE) (../src/amf/ngap-build.c:477)
11/20 19:19:22.364: [amf] DEBUG:     RAN_UE_NGAP_ID[1] AMF_UE_NGAP_ID[3] (../src/amf/ngap-build.c:627)
11/20 19:19:22.364: [amf] DEBUG:     IP[127.0.0.1] RAN_ID[16384] (../src/amf/ngap-path.c:71)
11/20 19:19:22.364: [amf] DEBUG: amf_state_operational(): AMF_EVENT_NGAP_MESSAGE (../src/amf/amf-sm.c:78)
11/20 19:19:22.364: [amf] DEBUG: ngap_state_operational(): AMF_EVENT_NGAP_MESSAGE (../src/amf/ngap-sm.c:53)
11/20 19:19:22.364: [amf] DEBUG: UERadioCapabilityInfoIndication (../src/amf/ngap-handler.c:687)
11/20 19:19:22.364: [amf] DEBUG:     IP[127.0.0.1] RAN_ID[16384] (../src/amf/ngap-handler.c:708)
11/20 19:19:22.364: [amf] DEBUG:     RAN_UE_NGAP_ID[1] AMF_UE_NGAP_ID[3] (../src/amf/ngap-handler.c:740)
11/20 19:19:22.364: [amf] DEBUG: amf_state_operational(): AMF_EVENT_NGAP_MESSAGE (../src/amf/amf-sm.c:78)
11/20 19:19:22.364: [amf] DEBUG: ngap_state_operational(): AMF_EVENT_NGAP_MESSAGE (../src/amf/ngap-sm.c:53)
11/20 19:19:22.364: [amf] DEBUG: UERadioCapabilityInfoIndication (../src/amf/ngap-handler.c:687)
11/20 19:19:22.364: [amf] DEBUG:     IP[127.0.0.1] RAN_ID[16384] (../src/amf/ngap-handler.c:708)
11/20 19:19:22.364: [amf] DEBUG:     RAN_UE_NGAP_ID[1] AMF_UE_NGAP_ID[1] (../src/amf/ngap-handler.c:740)
11/20 19:19:22.366: [amf] DEBUG: amf_state_operational(): AMF_EVENT_NGAP_MESSAGE (../src/amf/amf-sm.c:78)
11/20 19:19:22.366: [amf] DEBUG: ngap_state_operational(): AMF_EVENT_NGAP_MESSAGE (../src/amf/ngap-sm.c:53)
11/20 19:19:22.366: [amf] DEBUG: InitialContextSetupResponse (../src/amf/ngap-handler.c:788)
11/20 19:19:22.366: [amf] DEBUG:     IP[127.0.0.1] RAN_ID[16384] (../src/amf/ngap-handler.c:809)
11/20 19:19:22.366: [amf] DEBUG:     RAN_UE_NGAP_ID[1] AMF_UE_NGAP_ID[1] (../src/amf/ngap-handler.c:841)
11/20 19:19:22.366: [amf] DEBUG: amf_state_operational(): AMF_EVENT_NGAP_MESSAGE (../src/amf/amf-sm.c:78)
11/20 19:19:22.366: [amf] DEBUG: ngap_state_operational(): AMF_EVENT_NGAP_MESSAGE (../src/amf/ngap-sm.c:53)
11/20 19:19:22.366: [amf] DEBUG: UERadioCapabilityInfoIndication (../src/amf/ngap-handler.c:687)
11/20 19:19:22.366: [amf] DEBUG:     IP[127.0.0.1] RAN_ID[16384] (../src/amf/ngap-handler.c:708)
11/20 19:19:22.366: [amf] DEBUG:     RAN_UE_NGAP_ID[1] AMF_UE_NGAP_ID[2] (../src/amf/ngap-handler.c:740)
11/20 19:19:22.366: [amf] DEBUG: amf_state_operational(): AMF_EVENT_NGAP_MESSAGE (../src/amf/amf-sm.c:78)
11/20 19:19:22.366: [amf] DEBUG: ngap_state_operational(): AMF_EVENT_NGAP_MESSAGE (../src/amf/ngap-sm.c:53)
11/20 19:19:22.366: [amf] DEBUG: InitialContextSetupResponse (../src/amf/ngap-handler.c:788)
11/20 19:19:22.366: [amf] DEBUG:     IP[127.0.0.1] RAN_ID[16384] (../src/amf/ngap-handler.c:809)
11/20 19:19:22.366: [amf] DEBUG:     RAN_UE_NGAP_ID[1] AMF_UE_NGAP_ID[2] (../src/amf/ngap-handler.c:841)
11/20 19:19:22.366: [amf] DEBUG: amf_state_operational(): AMF_EVENT_NGAP_MESSAGE (../src/amf/amf-sm.c:78)
11/20 19:19:22.366: [amf] DEBUG: ngap_state_operational(): AMF_EVENT_NGAP_MESSAGE (../src/amf/ngap-sm.c:53)
11/20 19:19:22.366: [amf] DEBUG: InitialContextSetupResponse (../src/amf/ngap-handler.c:788)
11/20 19:19:22.366: [amf] DEBUG:     IP[127.0.0.1] RAN_ID[16384] (../src/amf/ngap-handler.c:809)
11/20 19:19:22.366: [amf] DEBUG:     RAN_UE_NGAP_ID[1] AMF_UE_NGAP_ID[3] (../src/amf/ngap-handler.c:841)
11/20 19:19:22.366: [amf] DEBUG: amf_state_operational(): AMF_EVENT_NGAP_MESSAGE (../src/amf/amf-sm.c:78)
11/20 19:19:22.366: [amf] DEBUG: ngap_state_operational(): AMF_EVENT_NGAP_MESSAGE (../src/amf/ngap-sm.c:53)
11/20 19:19:22.366: [amf] DEBUG: UplinkNASTransport (../src/amf/ngap-handler.c:546)
11/20 19:19:22.366: [amf] DEBUG:     IP[127.0.0.1] RAN_ID[16384] (../src/amf/ngap-handler.c:569)
11/20 19:19:22.366: [amf] DEBUG:     RAN_UE_NGAP_ID[1] AMF_UE_NGAP_ID[1] TAC[1] CellID[0x40001] (../src/amf/ngap-handler.c:650)
11/20 19:19:22.366: [amf] DEBUG: amf_state_operational(): AMF_EVENT_5GMM_MESSAGE (../src/amf/amf-sm.c:78)
11/20 19:19:22.366: [gmm] DEBUG: gmm_state_initial_context_setup(): AMF_EVENT_5GMM_MESSAGE (../src/amf/gmm-sm.c:969)
11/20 19:19:22.366: [gmm] INFO: [imsi-999702000000010] Registration complete (../src/amf/gmm-sm.c:1134)
11/20 19:19:22.366: [amf] INFO: [imsi-999702000000010] Configuration update command (../src/amf/nas-path.c:431)
11/20 19:19:22.366: [gmm] INFO:     UTC [2022-11-21T03:19:22] Timezone[0]/DST[0] (../src/amf/gmm-build.c:540)
11/20 19:19:22.366: [gmm] INFO:     LOCAL [2022-11-20T19:19:22] Timezone[-28800]/DST[0] (../src/amf/gmm-build.c:545)
11/20 19:19:22.366: [gmm] DEBUG:     Timezone:0x2b (../src/amf/gmm-build.c:555)
11/20 19:19:22.366: [amf] DEBUG: DownlinkNASTransport (../src/amf/ngap-build.c:321)
11/20 19:19:22.366: [amf] DEBUG:     RAN_UE_NGAP_ID[1] AMF_UE_NGAP_ID[1] (../src/amf/ngap-build.c:365)
11/20 19:19:22.366: [amf] DEBUG:     IP[127.0.0.1] RAN_ID[16384] (../src/amf/ngap-path.c:71)
11/20 19:19:22.366: [gmm] DEBUG: gmm_state_initial_context_setup(): EXIT (../src/amf/gmm-sm.c:969)
11/20 19:19:22.366: [gmm] DEBUG: gmm_state_registered(): ENTRY (../src/amf/gmm-sm.c:86)
11/20 19:19:22.366: [amf] DEBUG: amf_state_operational(): AMF_EVENT_NGAP_MESSAGE (../src/amf/amf-sm.c:78)
11/20 19:19:22.366: [amf] DEBUG: ngap_state_operational(): AMF_EVENT_NGAP_MESSAGE (../src/amf/ngap-sm.c:53)
11/20 19:19:22.366: [amf] DEBUG: UplinkNASTransport (../src/amf/ngap-handler.c:546)
11/20 19:19:22.366: [amf] DEBUG:     IP[127.0.0.1] RAN_ID[16384] (../src/amf/ngap-handler.c:569)
11/20 19:19:22.366: [amf] DEBUG:     RAN_UE_NGAP_ID[1] AMF_UE_NGAP_ID[2] TAC[1] CellID[0x40001] (../src/amf/ngap-handler.c:650)
11/20 19:19:22.366: [amf] DEBUG: amf_state_operational(): AMF_EVENT_NGAP_MESSAGE (../src/amf/amf-sm.c:78)
11/20 19:19:22.366: [amf] DEBUG: ngap_state_operational(): AMF_EVENT_NGAP_MESSAGE (../src/amf/ngap-sm.c:53)
11/20 19:19:22.366: [amf] DEBUG: UplinkNASTransport (../src/amf/ngap-handler.c:546)
11/20 19:19:22.366: [amf] DEBUG:     IP[127.0.0.1] RAN_ID[16384] (../src/amf/ngap-handler.c:569)
11/20 19:19:22.366: [amf] DEBUG:     RAN_UE_NGAP_ID[1] AMF_UE_NGAP_ID[3] TAC[1] CellID[0x40001] (../src/amf/ngap-handler.c:650)
11/20 19:19:22.366: [amf] DEBUG: amf_state_operational(): AMF_EVENT_5GMM_MESSAGE (../src/amf/amf-sm.c:78)
11/20 19:19:22.366: [gmm] DEBUG: gmm_state_initial_context_setup(): AMF_EVENT_5GMM_MESSAGE (../src/amf/gmm-sm.c:969)
11/20 19:19:22.366: [gmm] INFO: [imsi-999701000000010] Registration complete (../src/amf/gmm-sm.c:1134)
11/20 19:19:22.366: [amf] INFO: [imsi-999701000000010] Configuration update command (../src/amf/nas-path.c:431)
11/20 19:19:22.366: [gmm] INFO:     UTC [2022-11-21T03:19:22] Timezone[0]/DST[0] (../src/amf/gmm-build.c:540)
11/20 19:19:22.366: [gmm] INFO:     LOCAL [2022-11-20T19:19:22] Timezone[-28800]/DST[0] (../src/amf/gmm-build.c:545)
11/20 19:19:22.366: [gmm] DEBUG:     Timezone:0x2b (../src/amf/gmm-build.c:555)
11/20 19:19:22.366: [amf] DEBUG: DownlinkNASTransport (../src/amf/ngap-build.c:321)
11/20 19:19:22.366: [amf] DEBUG:     RAN_UE_NGAP_ID[1] AMF_UE_NGAP_ID[2] (../src/amf/ngap-build.c:365)
11/20 19:19:22.366: [amf] DEBUG:     IP[127.0.0.1] RAN_ID[16384] (../src/amf/ngap-path.c:71)
11/20 19:19:22.366: [gmm] DEBUG: gmm_state_initial_context_setup(): EXIT (../src/amf/gmm-sm.c:969)
11/20 19:19:22.366: [gmm] DEBUG: gmm_state_registered(): ENTRY (../src/amf/gmm-sm.c:86)
11/20 19:19:22.366: [amf] DEBUG: amf_state_operational(): AMF_EVENT_5GMM_MESSAGE (../src/amf/amf-sm.c:78)
11/20 19:19:22.366: [gmm] DEBUG: gmm_state_initial_context_setup(): AMF_EVENT_5GMM_MESSAGE (../src/amf/gmm-sm.c:969)
11/20 19:19:22.366: [gmm] INFO: [imsi-999700000000010] Registration complete (../src/amf/gmm-sm.c:1134)
11/20 19:19:22.366: [amf] INFO: [imsi-999700000000010] Configuration update command (../src/amf/nas-path.c:431)
11/20 19:19:22.366: [gmm] INFO:     UTC [2022-11-21T03:19:22] Timezone[0]/DST[0] (../src/amf/gmm-build.c:540)
11/20 19:19:22.366: [gmm] INFO:     LOCAL [2022-11-20T19:19:22] Timezone[-28800]/DST[0] (../src/amf/gmm-build.c:545)
11/20 19:19:22.366: [gmm] DEBUG:     Timezone:0x2b (../src/amf/gmm-build.c:555)
11/20 19:19:22.366: [amf] DEBUG: DownlinkNASTransport (../src/amf/ngap-build.c:321)
11/20 19:19:22.366: [amf] DEBUG:     RAN_UE_NGAP_ID[1] AMF_UE_NGAP_ID[3] (../src/amf/ngap-build.c:365)
11/20 19:19:22.366: [amf] DEBUG:     IP[127.0.0.1] RAN_ID[16384] (../src/amf/ngap-path.c:71)
11/20 19:19:22.366: [gmm] DEBUG: gmm_state_initial_context_setup(): EXIT (../src/amf/gmm-sm.c:969)
11/20 19:19:22.366: [gmm] DEBUG: gmm_state_registered(): ENTRY (../src/amf/gmm-sm.c:86)
11/20 19:19:22.366: [amf] DEBUG: amf_state_operational(): AMF_EVENT_NGAP_MESSAGE (../src/amf/amf-sm.c:78)
11/20 19:19:22.366: [amf] DEBUG: ngap_state_operational(): AMF_EVENT_NGAP_MESSAGE (../src/amf/ngap-sm.c:53)
11/20 19:19:22.366: [amf] DEBUG: UplinkNASTransport (../src/amf/ngap-handler.c:546)
11/20 19:19:22.366: [amf] DEBUG:     IP[127.0.0.1] RAN_ID[16384] (../src/amf/ngap-handler.c:569)
11/20 19:19:22.366: [amf] DEBUG:     RAN_UE_NGAP_ID[1] AMF_UE_NGAP_ID[1] TAC[1] CellID[0x40001] (../src/amf/ngap-handler.c:650)
11/20 19:19:22.366: [amf] DEBUG: amf_state_operational(): AMF_EVENT_5GMM_MESSAGE (../src/amf/amf-sm.c:78)
11/20 19:19:22.366: [gmm] DEBUG: gmm_state_registered(): AMF_EVENT_5GMM_MESSAGE (../src/amf/gmm-sm.c:86)
11/20 19:19:22.366: [amf] INFO: [Added] Number of AMF-Sessions is now 1 (../src/amf/context.c:2253)
11/20 19:19:22.366: [gmm] INFO: UE SUPI[imsi-999702000000010] DNN[internet] S_NSSAI[SST:1 SD:0xffffff] (../src/amf/gmm-handler.c:1063)
11/20 19:19:22.366: [sbi] DEBUG: [REF] 4 (../lib/sbi/path.c:328)
11/20 19:19:22.366: [sbi] WARNING: Try to discover [nnssf-nsselection] (../lib/sbi/path.c:337)
11/20 19:19:22.366: [sbi] DEBUG: [GET] http://[::1]:7777/nnrf-disc/v1/nf-instances (../lib/sbi/client.c:625)
11/20 19:19:22.367: [amf] DEBUG: amf_state_operational(): AMF_EVENT_NGAP_MESSAGE (../src/amf/amf-sm.c:78)
11/20 19:19:22.367: [sbi] DEBUG: STREAM added [13] (../lib/sbi/nghttp2-server.c:1122)
11/20 19:19:22.367: [amf] DEBUG: ngap_state_operational(): AMF_EVENT_NGAP_MESSAGE (../src/amf/ngap-sm.c:53)
11/20 19:19:22.367: [amf] DEBUG: UplinkNASTransport (../src/amf/ngap-handler.c:546)
11/20 19:19:22.367: [amf] DEBUG:     IP[127.0.0.1] RAN_ID[16384] (../src/amf/ngap-handler.c:569)
11/20 19:19:22.367: [amf] DEBUG:     RAN_UE_NGAP_ID[1] AMF_UE_NGAP_ID[2] TAC[1] CellID[0x40001] (../src/amf/ngap-handler.c:650)
11/20 19:19:22.367: [sbi] DEBUG: [GET] /nnrf-disc/v1/nf-instances (../lib/sbi/nghttp2-server.c:801)
11/20 19:19:22.367: [nrf] DEBUG: nrf_state_operational(): OGS_EVENT_NAME_SBI_SERVER (../src/nrf/nrf-sm.c:50)
11/20 19:19:22.367: [nrf] DEBUG: NF-Discover : Requester[AMF] Target[NSSF] (../src/nrf/nnrf-handler.c:450)
11/20 19:19:22.367: [nrf] DEBUG: [0] service-names[nnssf-nsselection] (../src/nrf/nnrf-handler.c:478)
11/20 19:19:22.367: [amf] DEBUG: amf_state_operational(): AMF_EVENT_NGAP_MESSAGE (../src/amf/amf-sm.c:78)
11/20 19:19:22.367: [nrf] DEBUG: [48713c2a-694b-41ed-ae04-afb3e12d4518:0] NF-Discovered [NF-Type:NSSF,NF-Status:REGISTERED,IPv4:1,IPv6:0] (../src/nrf/nnrf-handler.c:505)
11/20 19:19:22.367: [amf] DEBUG: ngap_state_operational(): AMF_EVENT_NGAP_MESSAGE (../src/amf/ngap-sm.c:53)
11/20 19:19:22.367: [amf] DEBUG: UplinkNASTransport (../src/amf/ngap-handler.c:546)
11/20 19:19:22.367: [amf] DEBUG:     IP[127.0.0.1] RAN_ID[16384] (../src/amf/ngap-handler.c:569)
11/20 19:19:22.367: [amf] DEBUG:     RAN_UE_NGAP_ID[1] AMF_UE_NGAP_ID[3] TAC[1] CellID[0x40001] (../src/amf/ngap-handler.c:650)
11/20 19:19:22.367: [amf] DEBUG: amf_state_operational(): AMF_EVENT_5GMM_MESSAGE (../src/amf/amf-sm.c:78)
11/20 19:19:22.367: [sbi] DEBUG: STATUS [200] (../lib/sbi/nghttp2-server.c:357)
11/20 19:19:22.367: [sbi] DEBUG: SENDING...: 870 (../lib/sbi/nghttp2-server.c:365)
11/20 19:19:22.367: [sbi] DEBUG: {
	"validityPeriod":	3600,
	"nfInstances":	[{
			"nfInstanceId":	"48713c2a-694b-41ed-ae04-afb3e12d4518",
			"nfType":	"NSSF",
			"nfStatus":	"REGISTERED",
			"heartBeatTimer":	10,
			"ipv4Addresses":	["127.0.0.14"],
			"allowedNfTypes":	["AMF", "SCP"],
			"priority":	0,
			"capacity":	100,
			"load":	0,
			"nfServiceList":	{
				"487143be-694b-41ed-ae04-afb3e12d4518":	{
					"serviceInstanceId":	"487143be-694b-41ed-ae04-afb3e12d4518",
					"serviceName":	"nnssf-nsselection",
					"versions":	[{
							"apiVersionInUri":	"v2",
							"apiFullVersion":	"2.0.0"
						}],
					"scheme":	"http",
					"nfServiceStatus":	"REGISTERED",
					"ipEndPoints":	[{
							"ipv4Address":	"127.0.0.14",
							"port":	7777
						}],
					"allowedNfTypes":	["AMF"],
					"priority":	0,
					"capacity":	100,
					"load":	0
				}
			},
			"nfProfileChangesSupportInd":	true
		}]
} (../lib/sbi/nghttp2-server.c:366)
11/20 19:19:22.367: [sbi] DEBUG: STREAM closed [13] (../lib/sbi/nghttp2-server.c:852)
0000: 00000b01 04000000 0d88c2bf 0f0d0338   ...............8
0010: 3730bec0                              70..
0000: 00036600 01000000 0d7b0a09 2276616c   ..f......{.."val
0010: 69646974 79506572 696f6422 3a093336   idityPeriod":.36
0020: 30302c0a 09226e66 496e7374 616e6365   00,.."nfInstance
0030: 73223a09 5b7b0a09 0909226e 66496e73   s":.[{...."nfIns
0040: 74616e63 65496422 3a092234 38373133   tanceId":."48713
0050: 6332612d 36393462 2d343165 642d6165   c2a-694b-41ed-ae
0060: 30342d61 66623365 31326434 35313822   04-afb3e12d4518"
0070: 2c0a0909 09226e66 54797065 223a0922   ,...."nfType":."
0080: 4e535346 222c0a09 0909226e 66537461   NSSF",...."nfSta
0090: 74757322 3a092252 45474953 54455245   tus":."REGISTERE
00a0: 44222c0a 09090922 68656172 74426561   D",...."heartBea
00b0: 7454696d 6572223a 0931302c 0a090909   tTimer":.10,....
00c0: 22697076 34416464 72657373 6573223a   "ipv4Addresses":
00d0: 095b2231 32372e30 2e302e31 34225d2c   .["127.0.0.14"],
00e0: 0a090909 22616c6c 6f776564 4e665479   ...."allowedNfTy
00f0: 70657322 3a095b22 414d4622 2c202253   pes":.["AMF", "S
0100: 4350225d 2c0a0909 09227072 696f7269   CP"],...."priori
0110: 7479223a 09302c0a 09090922 63617061   ty":.0,...."capa
0120: 63697479 223a0931 30302c0a 09090922   city":.100,...."
0130: 6c6f6164 223a0930 2c0a0909 09226e66   load":.0,...."nf
0140: 53657276 6963654c 69737422 3a097b0a   ServiceList":.{.
0150: 09090909 22343837 31343362 652d3639   ...."487143be-69
0160: 34622d34 3165642d 61653034 2d616662   4b-41ed-ae04-afb
0170: 33653132 64343531 38223a09 7b0a0909   3e12d4518":.{...
0180: 09090922 73657276 69636549 6e737461   ..."serviceInsta
0190: 6e636549 64223a09 22343837 31343362   nceId":."487143b
01a0: 652d3639 34622d34 3165642d 61653034   e-694b-41ed-ae04
01b0: 2d616662 33653132 64343531 38222c0a   -afb3e12d4518",.
01c0: 09090909 09227365 72766963 654e616d   ....."serviceNam
01d0: 65223a09 226e6e73 73662d6e 7373656c   e":."nnssf-nssel
01e0: 65637469 6f6e222c 0a090909 09092276   ection",......"v
01f0: 65727369 6f6e7322 3a095b7b 0a090909   ersions":.[{....
0200: 09090909 22617069 56657273 696f6e49   ...."apiVersionI
0210: 6e557269 223a0922 7632222c 0a090909   nUri":."v2",....
0220: 09090909 22617069 46756c6c 56657273   ...."apiFullVers
0230: 696f6e22 3a092232 2e302e30 220a0909   ion":."2.0.0"...
0240: 09090909 7d5d2c0a 09090909 09227363   ....}],......"sc
0250: 68656d65 223a0922 68747470 222c0a09   heme":."http",..
0260: 09090909 226e6653 65727669 63655374   ...."nfServiceSt
0270: 61747573 223a0922 52454749 53544552   atus":."REGISTER
0280: 4544222c 0a090909 09092269 70456e64   ED",......"ipEnd
0290: 506f696e 7473223a 095b7b0a 09090909   Points":.[{.....
02a0: 09090922 69707634 41646472 65737322   ..."ipv4Address"
02b0: 3a092231 32372e30 2e302e31 34222c0a   :."127.0.0.14",.
02c0: 09090909 09090922 706f7274 223a0937   ......."port":.7
02d0: 3737370a 09090909 09097d5d 2c0a0909   777.......}],...
02e0: 09090922 616c6c6f 7765644e 66547970   ..."allowedNfTyp
02f0: 6573223a 095b2241 4d46225d 2c0a0909   es":.["AMF"],...
0300: 09090922 7072696f 72697479 223a0930   ..."priority":.0
0310: 2c0a0909 09090922 63617061 63697479   ,......"capacity
0320: 223a0931 30302c0a 09090909 09226c6f   ":.100,......"lo
0330: 6164223a 09300a09 0909097d 0a090909   ad":.0.....}....
0340: 7d2c0a09 0909226e 6650726f 66696c65   },...."nfProfile
0350: 4368616e 67657353 7570706f 7274496e   ChangesSupportIn
0360: 64223a09 74727565 0a09097d 5d0a7d     d":.true...}].}
11/20 19:19:22.367: [gmm] DEBUG: gmm_state_registered(): AMF_EVENT_5GMM_MESSAGE (../src/amf/gmm-sm.c:86)
11/20 19:19:22.367: [amf] INFO: [Added] Number of AMF-Sessions is now 2 (../src/amf/context.c:2253)
11/20 19:19:22.368: [gmm] INFO: UE SUPI[imsi-999701000000010] DNN[internet] S_NSSAI[SST:1 SD:0xffffff] (../src/amf/gmm-handler.c:1063)
11/20 19:19:22.368: [sbi] DEBUG: [REF] 5 (../lib/sbi/path.c:328)
11/20 19:19:22.368: [sbi] WARNING: Try to discover [nnssf-nsselection] (../lib/sbi/path.c:337)
11/20 19:19:22.368: [sbi] DEBUG: [GET] http://[::1]:7777/nnrf-disc/v1/nf-instances (../lib/sbi/client.c:625)
11/20 19:19:22.368: [amf] DEBUG: amf_state_operational(): AMF_EVENT_5GMM_MESSAGE (../src/amf/amf-sm.c:78)
11/20 19:19:22.368: [gmm] DEBUG: gmm_state_registered(): AMF_EVENT_5GMM_MESSAGE (../src/amf/gmm-sm.c:86)
11/20 19:19:22.368: [amf] INFO: [Added] Number of AMF-Sessions is now 3 (../src/amf/context.c:2253)
11/20 19:19:22.368: [gmm] INFO: UE SUPI[imsi-999700000000010] DNN[internet] S_NSSAI[SST:1 SD:0xffffff] (../src/amf/gmm-handler.c:1063)
11/20 19:19:22.368: [sbi] DEBUG: [REF] 6 (../lib/sbi/path.c:328)
11/20 19:19:22.368: [sbi] WARNING: Try to discover [nnssf-nsselection] (../lib/sbi/path.c:337)
11/20 19:19:22.368: [sbi] DEBUG: [GET] http://[::1]:7777/nnrf-disc/v1/nf-instances (../lib/sbi/client.c:625)
11/20 19:19:22.368: [sbi] DEBUG: STREAM added [15] (../lib/sbi/nghttp2-server.c:1122)
11/20 19:19:22.368: [sbi] DEBUG: [GET] /nnrf-disc/v1/nf-instances (../lib/sbi/nghttp2-server.c:801)
11/20 19:19:22.368: [nrf] DEBUG: nrf_state_operational(): OGS_EVENT_NAME_SBI_SERVER (../src/nrf/nrf-sm.c:50)
11/20 19:19:22.368: [nrf] DEBUG: NF-Discover : Requester[AMF] Target[NSSF] (../src/nrf/nnrf-handler.c:450)
11/20 19:19:22.368: [nrf] DEBUG: [0] service-names[nnssf-nsselection] (../src/nrf/nnrf-handler.c:478)
11/20 19:19:22.368: [nrf] DEBUG: [48713c2a-694b-41ed-ae04-afb3e12d4518:0] NF-Discovered [NF-Type:NSSF,NF-Status:REGISTERED,IPv4:1,IPv6:0] (../src/nrf/nnrf-handler.c:505)
11/20 19:19:22.368: [sbi] DEBUG: [200:GET] http://[::1]:7777/nnrf-disc/v1/nf-instances?target-nf-type=NSSF&requester-nf-type=AMF&service-names=nnssf-nsselection (../lib/sbi/client.c:573)
11/20 19:19:22.368: [sbi] DEBUG: RECEIVED[870] (../lib/sbi/client.c:584)
11/20 19:19:22.368: [sbi] DEBUG: {
	"validityPeriod":	3600,
	"nfInstances":	[{
			"nfInstanceId":	"48713c2a-694b-41ed-ae04-afb3e12d4518",
			"nfType":	"NSSF",
			"nfStatus":	"REGISTERED",
			"heartBeatTimer":	10,
			"ipv4Addresses":	["127.0.0.14"],
			"allowedNfTypes":	["AMF", "SCP"],
			"priority":	0,
			"capacity":	100,
			"load":	0,
			"nfServiceList":	{
				"487143be-694b-41ed-ae04-afb3e12d4518":	{
					"serviceInstanceId":	"487143be-694b-41ed-ae04-afb3e12d4518",
					"serviceName":	"nnssf-nsselection",
					"versions":	[{
							"apiVersionInUri":	"v2",
							"apiFullVersion":	"2.0.0"
						}],
					"scheme":	"http",
					"nfServiceStatus":	"REGISTERED",
					"ipEndPoints":	[{
							"ipv4Address":	"127.0.0.14",
							"port":	7777
						}],
					"allowedNfTypes":	["AMF"],
					"priority":	0,
					"capacity":	100,
					"load":	0
				}
			},
			"nfProfileChangesSupportInd":	true
		}]
} (../lib/sbi/client.c:586)
11/20 19:19:22.368: [sbi] DEBUG: STATUS [200] (../lib/sbi/nghttp2-server.c:357)
11/20 19:19:22.368: [sbi] DEBUG: SENDING...: 870 (../lib/sbi/nghttp2-server.c:365)
11/20 19:19:22.368: [sbi] DEBUG: {
	"validityPeriod":	3600,
	"nfInstances":	[{
			"nfInstanceId":	"48713c2a-694b-41ed-ae04-afb3e12d4518",
			"nfType":	"NSSF",
			"nfStatus":	"REGISTERED",
			"heartBeatTimer":	10,
			"ipv4Addresses":	["127.0.0.14"],
			"allowedNfTypes":	["AMF", "SCP"],
			"priority":	0,
			"capacity":	100,
			"load":	0,
			"nfServiceList":	{
				"487143be-694b-41ed-ae04-afb3e12d4518":	{
					"serviceInstanceId":	"487143be-694b-41ed-ae04-afb3e12d4518",
					"serviceName":	"nnssf-nsselection",
					"versions":	[{
							"apiVersionInUri":	"v2",
							"apiFullVersion":	"2.0.0"
						}],
					"scheme":	"http",
					"nfServiceStatus":	"REGISTERED",
					"ipEndPoints":	[{
							"ipv4Address":	"127.0.0.14",
							"port":	7777
						}],
					"allowedNfTypes":	["AMF"],
					"priority":	0,
					"capacity":	100,
					"load":	0
				}
			},
			"nfProfileChangesSupportInd":	true
		}]
} (../lib/sbi/nghttp2-server.c:366)
11/20 19:19:22.368: [sbi] DEBUG: STREAM closed [15] (../lib/sbi/nghttp2-server.c:852)
0000: 00000b01 04000000 0f88c2bf 0f0d0338   ...............8
0010: 3730bec0                              70..
11/20 19:19:22.368: [sbi] DEBUG: STREAM added [3] (../lib/sbi/nghttp2-server.c:1122)
11/20 19:19:22.368: [sbi] DEBUG: [GET] /nnrf-disc/v1/nf-instances (../lib/sbi/nghttp2-server.c:801)
11/20 19:19:22.368: [nrf] DEBUG: nrf_state_operational(): OGS_EVENT_NAME_SBI_SERVER (../src/nrf/nrf-sm.c:50)
11/20 19:19:22.368: [nrf] DEBUG: NF-Discover : Requester[AMF] Target[NSSF] (../src/nrf/nnrf-handler.c:450)
11/20 19:19:22.368: [nrf] DEBUG: [0] service-names[nnssf-nsselection] (../src/nrf/nnrf-handler.c:478)
11/20 19:19:22.368: [nrf] DEBUG: [48713c2a-694b-41ed-ae04-afb3e12d4518:0] NF-Discovered [NF-Type:NSSF,NF-Status:REGISTERED,IPv4:1,IPv6:0] (../src/nrf/nnrf-handler.c:505)
11/20 19:19:22.368: [sbi] DEBUG: STATUS [200] (../lib/sbi/nghttp2-server.c:357)
11/20 19:19:22.368: [sbi] DEBUG: SENDING...: 870 (../lib/sbi/nghttp2-server.c:365)
11/20 19:19:22.368: [sbi] DEBUG: {
	"validityPeriod":	3600,
	"nfInstances":	[{
			"nfInstanceId":	"48713c2a-694b-41ed-ae04-afb3e12d4518",
			"nfType":	"NSSF",
			"nfStatus":	"REGISTERED",
			"heartBeatTimer":	10,
			"ipv4Addresses":	["127.0.0.14"],
			"allowedNfTypes":	["AMF", "SCP"],
			"priority":	0,
			"capacity":	100,
			"load":	0,
			"nfServiceList":	{
				"487143be-694b-41ed-ae04-afb3e12d4518":	{
					"serviceInstanceId":	"487143be-694b-41ed-ae04-afb3e12d4518",
					"serviceName":	"nnssf-nsselection",
					"versions":	[{
							"apiVersionInUri":	"v2",
							"apiFullVersion":	"2.0.0"
						}],
					"scheme":	"http",
					"nfServiceStatus":	"REGISTERED",
					"ipEndPoints":	[{
							"ipv4Address":	"127.0.0.14",
							"port":	7777
						}],
					"allowedNfTypes":	["AMF"],
					"priority":	0,
					"capacity":	100,
					"load":	0
				}
			},
			"nfProfileChangesSupportInd":	true
		}]
} (../lib/sbi/nghttp2-server.c:366)
11/20 19:19:22.368: [sbi] DEBUG: STREAM closed [3] (../lib/sbi/nghttp2-server.c:852)
0000: 00036600 01000000 0f7b0a09 2276616c   ..f......{.."val
0010: 69646974 79506572 696f6422 3a093336   idityPeriod":.36
0020: 30302c0a 09226e66 496e7374 616e6365   00,.."nfInstance
0030: 73223a09 5b7b0a09 0909226e 66496e73   s":.[{...."nfIns
0040: 74616e63 65496422 3a092234 38373133   tanceId":."48713
0050: 6332612d 36393462 2d343165 642d6165   c2a-694b-41ed-ae
0060: 30342d61 66623365 31326434 35313822   04-afb3e12d4518"
0070: 2c0a0909 09226e66 54797065 223a0922   ,...."nfType":."
0080: 4e535346 222c0a09 0909226e 66537461   NSSF",...."nfSta
0090: 74757322 3a092252 45474953 54455245   tus":."REGISTERE
00a0: 44222c0a 09090922 68656172 74426561   D",...."heartBea
00b0: 7454696d 6572223a 0931302c 0a090909   tTimer":.10,....
00c0: 22697076 34416464 72657373 6573223a   "ipv4Addresses":
00d0: 095b2231 32372e30 2e302e31 34225d2c   .["127.0.0.14"],
00e0: 0a090909 22616c6c 6f776564 4e665479   ...."allowedNfTy
00f0: 70657322 3a095b22 414d4622 2c202253   pes":.["AMF", "S
0100: 4350225d 2c0a0909 09227072 696f7269   CP"],...."priori
0110: 7479223a 09302c0a 09090922 63617061   ty":.0,...."capa
0120: 63697479 223a0931 30302c0a 09090922   city":.100,...."
0130: 6c6f6164 223a0930 2c0a0909 09226e66   load":.0,...."nf
0140: 53657276 6963654c 69737422 3a097b0a   ServiceList":.{.
0150: 09090909 22343837 31343362 652d3639   ...."487143be-69
0160: 34622d34 3165642d 61653034 2d616662   4b-41ed-ae04-afb
0170: 33653132 64343531 38223a09 7b0a0909   3e12d4518":.{...
0180: 09090922 73657276 69636549 6e737461   ..."serviceInsta
0190: 6e636549 64223a09 22343837 31343362   nceId":."487143b
01a0: 652d3639 34622d34 3165642d 61653034   e-694b-41ed-ae04
01b0: 2d616662 33653132 64343531 38222c0a   -afb3e12d4518",.
01c0: 09090909 09227365 72766963 654e616d   ....."serviceNam
01d0: 65223a09 226e6e73 73662d6e 7373656c   e":."nnssf-nssel
01e0: 65637469 6f6e222c 0a090909 09092276   ection",......"v
01f0: 65727369 6f6e7322 3a095b7b 0a090909   ersions":.[{....
0200: 09090909 22617069 56657273 696f6e49   ...."apiVersionI
0210: 6e557269 223a0922 7632222c 0a090909   nUri":."v2",....
0220: 09090909 22617069 46756c6c 56657273   ...."apiFullVers
0230: 696f6e22 3a092232 2e302e30 220a0909   ion":."2.0.0"...
0240: 09090909 7d5d2c0a 09090909 09227363   ....}],......"sc
0250: 68656d65 223a0922 68747470 222c0a09   heme":."http",..
0260: 09090909 226e6653 65727669 63655374   ...."nfServiceSt
0270: 61747573 223a0922 52454749 53544552   atus":."REGISTER
0280: 4544222c 0a090909 09092269 70456e64   ED",......"ipEnd
0290: 506f696e 7473223a 095b7b0a 09090909   Points":.[{.....
02a0: 09090922 69707634 41646472 65737322   ..."ipv4Address"
02b0: 3a092231 32372e30 2e302e31 34222c0a   :."127.0.0.14",.
02c0: 09090909 09090922 706f7274 223a0937   ......."port":.7
02d0: 3737370a 09090909 09097d5d 2c0a0909   777.......}],...
02e0: 09090922 616c6c6f 7765644e 66547970   ..."allowedNfTyp
02f0: 6573223a 095b2241 4d46225d 2c0a0909   es":.["AMF"],...
0300: 09090922 7072696f 72697479 223a0930   ..."priority":.0
0310: 2c0a0909 09090922 63617061 63697479   ,......"capacity
0320: 223a0931 30302c0a 09090909 09226c6f   ":.100,......"lo
0330: 6164223a 09300a09 0909097d 0a090909   ad":.0.....}....
0340: 7d2c0a09 0909226e 6650726f 66696c65   },...."nfProfile
0350: 4368616e 67657353 7570706f 7274496e   ChangesSupportIn
0360: 64223a09 74727565 0a09097d 5d0a7d     d":.true...}].}
0000: 00002c01 04000000 0388c061 96d07abe   ..,........a..z.
0010: 941054d2 7eea0802 128066e0 5fb82129   ..T.~.....f._.!)
0020: 8b46ff0f 0d033837 30bf5889 a47e561c   .F....870.X..~V.
0030: c5819700 0f                           .....
0000: 00036600 01000000 037b0a09 2276616c   ..f......{.."val
0010: 69646974 79506572 696f6422 3a093336   idityPeriod":.36
0020: 30302c0a 09226e66 496e7374 616e6365   00,.."nfInstance
0030: 73223a09 5b7b0a09 0909226e 66496e73   s":.[{...."nfIns
0040: 74616e63 65496422 3a092234 38373133   tanceId":."48713
0050: 6332612d 36393462 2d343165 642d6165   c2a-694b-41ed-ae
0060: 30342d61 66623365 31326434 35313822   04-afb3e12d4518"
0070: 2c0a0909 09226e66 54797065 223a0922   ,...."nfType":."
0080: 4e535346 222c0a09 0909226e 66537461   NSSF",...."nfSta
0090: 74757322 3a092252 45474953 54455245   tus":."REGISTERE
00a0: 44222c0a 09090922 68656172 74426561   D",...."heartBea
00b0: 7454696d 6572223a 0931302c 0a090909   tTimer":.10,....
00c0: 22697076 34416464 72657373 6573223a   "ipv4Addresses":
00d0: 095b2231 32372e30 2e302e31 34225d2c   .["127.0.0.14"],
00e0: 0a090909 22616c6c 6f776564 4e665479   ...."allowedNfTy
00f0: 70657322 3a095b22 414d4622 2c202253   pes":.["AMF", "S
0100: 4350225d 2c0a0909 09227072 696f7269   CP"],...."priori
0110: 7479223a 09302c0a 09090922 63617061   ty":.0,...."capa
0120: 63697479 223a0931 30302c0a 09090922   city":.100,...."
0130: 6c6f6164 223a0930 2c0a0909 09226e66   load":.0,...."nf
0140: 53657276 6963654c 69737422 3a097b0a   ServiceList":.{.
0150: 09090909 22343837 31343362 652d3639   ...."487143be-69
0160: 34622d34 3165642d 61653034 2d616662   4b-41ed-ae04-afb
0170: 33653132 64343531 38223a09 7b0a0909   3e12d4518":.{...
0180: 09090922 73657276 69636549 6e737461   ..."serviceInsta
0190: 6e636549 64223a09 22343837 31343362   nceId":."487143b
01a0: 652d3639 34622d34 3165642d 61653034   e-694b-41ed-ae04
01b0: 2d616662 33653132 64343531 38222c0a   -afb3e12d4518",.
01c0: 09090909 09227365 72766963 654e616d   ....."serviceNam
01d0: 65223a09 226e6e73 73662d6e 7373656c   e":."nnssf-nssel
01e0: 65637469 6f6e222c 0a090909 09092276   ection",......"v
01f0: 65727369 6f6e7322 3a095b7b 0a090909   ersions":.[{....
0200: 09090909 22617069 56657273 696f6e49   ...."apiVersionI
0210: 6e557269 223a0922 7632222c 0a090909   nUri":."v2",....
0220: 09090909 22617069 46756c6c 56657273   ...."apiFullVers
0230: 696f6e22 3a092232 2e302e30 220a0909   ion":."2.0.0"...
0240: 09090909 7d5d2c0a 09090909 09227363   ....}],......"sc
0250: 68656d65 223a0922 68747470 222c0a09   heme":."http",..
0260: 09090909 226e6653 65727669 63655374   ...."nfServiceSt
0270: 61747573 223a0922 52454749 53544552   atus":."REGISTER
0280: 4544222c 0a090909 09092269 70456e64   ED",......"ipEnd
0290: 506f696e 7473223a 095b7b0a 09090909   Points":.[{.....
02a0: 09090922 69707634 41646472 65737322   ..."ipv4Address"
02b0: 3a092231 32372e30 2e302e31 34222c0a   :."127.0.0.14",.
02c0: 09090909 09090922 706f7274 223a0937   ......."port":.7
02d0: 3737370a 09090909 09097d5d 2c0a0909   777.......}],...
02e0: 09090922 616c6c6f 7765644e 66547970   ..."allowedNfTyp
02f0: 6573223a 095b2241 4d46225d 2c0a0909   es":.["AMF"],...
0300: 09090922 7072696f 72697479 223a0930   ..."priority":.0
0310: 2c0a0909 09090922 63617061 63697479   ,......"capacity
0320: 223a0931 30302c0a 09090909 09226c6f   ":.100,......"lo
0330: 6164223a 09300a09 0909097d 0a090909   ad":.0.....}....
0340: 7d2c0a09 0909226e 6650726f 66696c65   },...."nfProfile
0350: 4368616e 67657353 7570706f 7274496e   ChangesSupportIn
0360: 64223a09 74727565 0a09097d 5d0a7d     d":.true...}].}
11/20 19:19:22.370: [amf] DEBUG: amf_state_operational(): OGS_EVENT_NAME_SBI_CLIENT (../src/amf/amf-sm.c:78)
11/20 19:19:22.370: [sbi] DEBUG: ogs_sbi_nf_instance_add() (../lib/sbi/context.c:762)
11/20 19:19:22.370: [sbi] DEBUG: [REF] 1 (../lib/sbi/context.c:764)
11/20 19:19:22.370: [sbi] DEBUG: ogs_sbi_nf_state_initial(): ENTRY (../lib/sbi/nf-sm.c:66)
11/20 19:19:22.370: [sbi] DEBUG: ogs_sbi_nf_state_registered(): ENTRY (../lib/sbi/nf-sm.c:204)
11/20 19:19:22.370: [sbi] INFO: [48713c2a-694b-41ed-ae04-afb3e12d4518] (NF-discover) NF registered (../lib/sbi/nnrf-handler.c:725)
11/20 19:19:22.370: [sock] DEBUG: addr:127.0.0.14, port:80 (../lib/core/ogs-sockaddr.c:140)
11/20 19:19:22.370: [sock] DEBUG: addr:127.0.0.14, port:7777 (../lib/core/ogs-sockaddr.c:140)
11/20 19:19:22.370: [sbi] DEBUG: ogs_sbi_client_add() (../lib/sbi/client.c:112)
11/20 19:19:22.370: [sbi] DEBUG: [REF] 1 (../lib/sbi/client.c:113)
11/20 19:19:22.370: [sbi] DEBUG: [REF] 2 (../lib/sbi/context.c:1570)
11/20 19:19:22.370: [sbi] DEBUG: ogs_sbi_client_add() (../lib/sbi/client.c:112)
11/20 19:19:22.370: [sbi] DEBUG: [REF] 1 (../lib/sbi/client.c:113)
11/20 19:19:22.370: [sbi] DEBUG: [REF] 2 (../lib/sbi/context.c:1482)
11/20 19:19:22.370: [sbi] INFO: [48713c2a-694b-41ed-ae04-afb3e12d4518] (NF-discover) NF Profile updated (../lib/sbi/nnrf-handler.c:752)
11/20 19:19:22.370: [amf] DEBUG: [REF] 2 (../src/amf/context.c:1967)
11/20 19:19:22.370: [sbi] DEBUG: [GET] http://127.0.0.14:7777/nnssf-nsselection/v2/network-slice-information (../lib/sbi/client.c:625)
11/20 19:19:22.370: [sbi] DEBUG: [200:GET] http://[::1]:7777/nnrf-disc/v1/nf-instances?target-nf-type=NSSF&requester-nf-type=AMF&service-names=nnssf-nsselection (../lib/sbi/client.c:573)
11/20 19:19:22.370: [sbi] DEBUG: RECEIVED[870] (../lib/sbi/client.c:584)
11/20 19:19:22.370: [sbi] DEBUG: {
	"validityPeriod":	3600,
	"nfInstances":	[{
			"nfInstanceId":	"48713c2a-694b-41ed-ae04-afb3e12d4518",
			"nfType":	"NSSF",
			"nfStatus":	"REGISTERED",
			"heartBeatTimer":	10,
			"ipv4Addresses":	["127.0.0.14"],
			"allowedNfTypes":	["AMF", "SCP"],
			"priority":	0,
			"capacity":	100,
			"load":	0,
			"nfServiceList":	{
				"487143be-694b-41ed-ae04-afb3e12d4518":	{
					"serviceInstanceId":	"487143be-694b-41ed-ae04-afb3e12d4518",
					"serviceName":	"nnssf-nsselection",
					"versions":	[{
							"apiVersionInUri":	"v2",
							"apiFullVersion":	"2.0.0"
						}],
					"scheme":	"http",
					"nfServiceStatus":	"REGISTERED",
					"ipEndPoints":	[{
							"ipv4Address":	"127.0.0.14",
							"port":	7777
						}],
					"allowedNfTypes":	["AMF"],
					"priority":	0,
					"capacity":	100,
					"load":	0
				}
			},
			"nfProfileChangesSupportInd":	true
		}]
} (../lib/sbi/client.c:586)
11/20 19:19:22.370: [sbi] DEBUG: [200:GET] http://[::1]:7777/nnrf-disc/v1/nf-instances?service-names=nnssf-nsselection&target-nf-type=NSSF&requester-nf-type=AMF (../lib/sbi/client.c:573)
11/20 19:19:22.370: [sbi] DEBUG: RECEIVED[870] (../lib/sbi/client.c:584)
11/20 19:19:22.370: [sbi] DEBUG: {
	"validityPeriod":	3600,
	"nfInstances":	[{
			"nfInstanceId":	"48713c2a-694b-41ed-ae04-afb3e12d4518",
			"nfType":	"NSSF",
			"nfStatus":	"REGISTERED",
			"heartBeatTimer":	10,
			"ipv4Addresses":	["127.0.0.14"],
			"allowedNfTypes":	["AMF", "SCP"],
			"priority":	0,
			"capacity":	100,
			"load":	0,
			"nfServiceList":	{
				"487143be-694b-41ed-ae04-afb3e12d4518":	{
					"serviceInstanceId":	"487143be-694b-41ed-ae04-afb3e12d4518",
					"serviceName":	"nnssf-nsselection",
					"versions":	[{
							"apiVersionInUri":	"v2",
							"apiFullVersion":	"2.0.0"
						}],
					"scheme":	"http",
					"nfServiceStatus":	"REGISTERED",
					"ipEndPoints":	[{
							"ipv4Address":	"127.0.0.14",
							"port":	7777
						}],
					"allowedNfTypes":	["AMF"],
					"priority":	0,
					"capacity":	100,
					"load":	0
				}
			},
			"nfProfileChangesSupportInd":	true
		}]
} (../lib/sbi/client.c:586)
11/20 19:19:22.370: [amf] DEBUG: amf_state_operational(): OGS_EVENT_NAME_SBI_CLIENT (../src/amf/amf-sm.c:78)
11/20 19:19:22.370: [sbi] DEBUG: MAX_CONCURRENT_STREAMS = 100 (../lib/sbi/nghttp2-server.c:747)
11/20 19:19:22.370: [sbi] DEBUG: ENABLE_PUSH = false (../lib/sbi/nghttp2-server.c:749)
11/20 19:19:22.370: [sbi] WARNING: [48713c2a-694b-41ed-ae04-afb3e12d4518] (NF-discover) NF has already been added (../lib/sbi/nnrf-handler.c:730)
11/20 19:19:22.370: [sock] DEBUG: addr:127.0.0.14, port:80 (../lib/core/ogs-sockaddr.c:140)
11/20 19:19:22.370: [sbi] DEBUG: STREAM added [1] (../lib/sbi/nghttp2-server.c:1122)
11/20 19:19:22.370: [sock] DEBUG: addr:127.0.0.14, port:7777 (../lib/core/ogs-sockaddr.c:140)
11/20 19:19:22.370: [sbi] WARNING: NF EndPoint updated [127.0.0.14:80] (../lib/sbi/context.c:1570)
11/20 19:19:22.370: [sbi] DEBUG: ogs_sbi_client_remove() [127.0.0.14:80] (../lib/sbi/client.c:153)
11/20 19:19:22.370: [sbi] DEBUG: [UNREF] 2 (../lib/sbi/client.c:157)
11/20 19:19:22.370: [sbi] DEBUG: [REF] 2 (../lib/sbi/context.c:1570)
11/20 19:19:22.370: [sbi] WARNING: NF EndPoint updated [127.0.0.14:7777] (../lib/sbi/context.c:1482)
11/20 19:19:22.370: [sbi] DEBUG: ogs_sbi_client_remove() [127.0.0.14:7777] (../lib/sbi/client.c:153)
11/20 19:19:22.370: [sbi] DEBUG: [UNREF] 2 (../lib/sbi/client.c:157)
11/20 19:19:22.370: [sbi] DEBUG: [REF] 2 (../lib/sbi/context.c:1482)
11/20 19:19:22.370: [sbi] INFO: [48713c2a-694b-41ed-ae04-afb3e12d4518] (NF-discover) NF Profile updated (../lib/sbi/nnrf-handler.c:752)
11/20 19:19:22.370: [sbi] DEBUG: [GET] /nnssf-nsselection/v2/network-slice-information (../lib/sbi/nghttp2-server.c:801)
11/20 19:19:22.370: [amf] DEBUG: [REF] 3 (../src/amf/context.c:1967)
11/20 19:19:22.370: [sbi] DEBUG: [GET] http://127.0.0.14:7777/nnssf-nsselection/v2/network-slice-information (../lib/sbi/client.c:625)
0000: 00000604 00000000 00000300 04e200     ...............
11/20 19:19:22.370: [nssf] DEBUG: nssf_state_operational(): OGS_EVENT_NAME_SBI_SERVER (../src/nssf/nssf-sm.c:53)
11/20 19:19:22.370: [amf] DEBUG: amf_state_operational(): OGS_EVENT_NAME_SBI_CLIENT (../src/amf/amf-sm.c:78)
11/20 19:19:22.370: [sbi] WARNING: [48713c2a-694b-41ed-ae04-afb3e12d4518] (NF-discover) NF has already been added (../lib/sbi/nnrf-handler.c:730)
11/20 19:19:22.370: [sock] DEBUG: addr:127.0.0.14, port:80 (../lib/core/ogs-sockaddr.c:140)
11/20 19:19:22.370: [sock] DEBUG: addr:127.0.0.14, port:7777 (../lib/core/ogs-sockaddr.c:140)
11/20 19:19:22.370: [sbi] WARNING: NF EndPoint updated [127.0.0.14:80] (../lib/sbi/context.c:1570)
11/20 19:19:22.370: [sbi] DEBUG: ogs_sbi_client_remove() [127.0.0.14:80] (../lib/sbi/client.c:153)
11/20 19:19:22.370: [sbi] DEBUG: [UNREF] 2 (../lib/sbi/client.c:157)
11/20 19:19:22.370: [sbi] DEBUG: STATUS [200] (../lib/sbi/nghttp2-server.c:357)
11/20 19:19:22.370: [sbi] DEBUG: [REF] 2 (../lib/sbi/context.c:1570)
11/20 19:19:22.370: [sbi] DEBUG: SENDING...: 105 (../lib/sbi/nghttp2-server.c:365)
11/20 19:19:22.370: [sbi] WARNING: NF EndPoint updated [127.0.0.14:7777] (../lib/sbi/context.c:1482)
11/20 19:19:22.370: [sbi] DEBUG: {
	"nsiInformation":	{
		"nrfId":	"http://127.0.0.10:7777/nnrf-disc/v1/nf-instances",
		"nsiId":	"1"
	}
} (../lib/sbi/nghttp2-server.c:366)
11/20 19:19:22.370: [sbi] DEBUG: ogs_sbi_client_remove() [127.0.0.14:7777] (../lib/sbi/client.c:153)
11/20 19:19:22.370: [sbi] DEBUG: [UNREF] 2 (../lib/sbi/client.c:157)
11/20 19:19:22.370: [sbi] DEBUG: [REF] 2 (../lib/sbi/context.c:1482)
11/20 19:19:22.370: [sbi] INFO: [48713c2a-694b-41ed-ae04-afb3e12d4518] (NF-discover) NF Profile updated (../lib/sbi/nnrf-handler.c:752)
11/20 19:19:22.370: [sbi] DEBUG: STREAM closed [1] (../lib/sbi/nghttp2-server.c:852)
11/20 19:19:22.370: [amf] DEBUG: [REF] 4 (../src/amf/context.c:1967)
11/20 19:19:22.370: [sbi] DEBUG: [GET] http://127.0.0.14:7777/nnssf-nsselection/v2/network-slice-information (../lib/sbi/client.c:625)
0000: 00000004 01000000 00                  .........
0000: 00003801 04000000 0188768b d5596a6f   ..8.......v..Yjo
0010: 16e53b89 76d76f61 96d07abe 941054d2   ..;.v.oa..z...T.
0020: 7eea0802 128066e0 5fb82129 8b46ff0f   ~.....f._.!).F..
0030: 0d82081b 5f8b1d75 d0620d26 3d4c7441   ...._..u.b.&=LtA
0040: ea                                    .
0000: 00006900 01000000 017b0a09 226e7369   ..i......{.."nsi
0010: 496e666f 726d6174 696f6e22 3a097b0a   Information":.{.
0020: 0909226e 72664964 223a0922 68747470   .."nrfId":."http
0030: 3a2f2f31 32372e30 2e302e31 303a3737   ://127.0.0.10:77
0040: 37372f6e 6e72662d 64697363 2f76312f   77/nnrf-disc/v1/
0050: 6e662d69 6e737461 6e636573 222c0a09   nf-instances",..
0060: 09226e73 69496422 3a092231 220a097d   ."nsiId":."1"..}
0070: 0a7d                                  .}
11/20 19:19:22.371: [sbi] DEBUG: MAX_CONCURRENT_STREAMS = 100 (../lib/sbi/nghttp2-server.c:747)
11/20 19:19:22.371: [sbi] DEBUG: ENABLE_PUSH = false (../lib/sbi/nghttp2-server.c:749)
11/20 19:19:22.371: [sbi] DEBUG: STREAM added [3] (../lib/sbi/nghttp2-server.c:1122)
11/20 19:19:22.371: [sbi] DEBUG: [GET] /nnssf-nsselection/v2/network-slice-information (../lib/sbi/nghttp2-server.c:801)
11/20 19:19:22.371: [nssf] DEBUG: nssf_state_operational(): OGS_EVENT_NAME_SBI_SERVER (../src/nssf/nssf-sm.c:53)
11/20 19:19:22.371: [sbi] DEBUG: STATUS [200] (../lib/sbi/nghttp2-server.c:357)
11/20 19:19:22.371: [sbi] DEBUG: SENDING...: 105 (../lib/sbi/nghttp2-server.c:365)
11/20 19:19:22.371: [sbi] DEBUG: {
	"nsiInformation":	{
		"nrfId":	"http://127.0.0.10:7777/nnrf-disc/v1/nf-instances",
		"nsiId":	"1"
	}
} (../lib/sbi/nghttp2-server.c:366)
11/20 19:19:22.371: [sbi] DEBUG: [200:GET] http://127.0.0.14:7777/nnssf-nsselection/v2/network-slice-information?slice-info-request-for-pdu-session=%7B%0A%09%22sNssai%22%3A%09%7B%0A%09%09%22sst%22%3A%091%0A%09%7D%2C%0A%09%22roamingIndication%22%3A%09%22NON_ROAMING%22%0A%7D&nf-id=4852b174-694b-41ed-8013-d76538520ad0&nf-type=AMF (../lib/sbi/client.c:573)
11/20 19:19:22.371: [sbi] DEBUG: RECEIVED[105] (../lib/sbi/client.c:584)
11/20 19:19:22.371: [sbi] DEBUG: {
	"nsiInformation":	{
		"nrfId":	"http://127.0.0.10:7777/nnrf-disc/v1/nf-instances",
		"nsiId":	"1"
	}
} (../lib/sbi/client.c:586)
11/20 19:19:22.371: [sbi] DEBUG: STREAM closed [3] (../lib/sbi/nghttp2-server.c:852)
11/20 19:19:22.371: [amf] DEBUG: amf_state_operational(): OGS_EVENT_NAME_SBI_CLIENT (../src/amf/amf-sm.c:78)
11/20 19:19:22.371: [sock] DEBUG: addr:127.0.0.10, port:7777 (../lib/core/ogs-sockaddr.c:140)
0000: 00000901 04000000 0388c0bf 0f0d8208   ................
0010: 1bbe                                  ..
11/20 19:19:22.371: [sbi] DEBUG: ogs_sbi_client_add() (../lib/sbi/client.c:112)
11/20 19:19:22.371: [sbi] DEBUG: [REF] 1 (../lib/sbi/client.c:113)
11/20 19:19:22.371: [amf] DEBUG: [REF] 2 (../src/amf/nnssf-handler.c:110)
11/20 19:19:22.371: [amf] WARNING: Try to discover [nsmf-pdusession] (../src/amf/sbi-path.c:291)
11/20 19:19:22.371: [sbi] DEBUG: [GET] http://127.0.0.10:7777/nnrf-disc/v1/nf-instances (../lib/sbi/client.c:625)
0000: 00006900 01000000 037b0a09 226e7369   ..i......{.."nsi
0010: 496e666f 726d6174 696f6e22 3a097b0a   Information":.{.
0020: 0909226e 72664964 223a0922 68747470   .."nrfId":."http
0030: 3a2f2f31 32372e30 2e302e31 303a3737   ://127.0.0.10:77
0040: 37372f6e 6e72662d 64697363 2f76312f   77/nnrf-disc/v1/
0050: 6e662d69 6e737461 6e636573 222c0a09   nf-instances",..
0060: 09226e73 69496422 3a092231 220a097d   ."nsiId":."1"..}
0070: 0a7d                                  .}
11/20 19:19:22.371: [sbi] DEBUG: MAX_CONCURRENT_STREAMS = 100 (../lib/sbi/nghttp2-server.c:747)
11/20 19:19:22.371: [sbi] DEBUG: ENABLE_PUSH = false (../lib/sbi/nghttp2-server.c:749)
11/20 19:19:22.371: [sbi] DEBUG: STREAM added [1] (../lib/sbi/nghttp2-server.c:1122)
11/20 19:19:22.371: [sbi] DEBUG: [200:GET] http://127.0.0.14:7777/nnssf-nsselection/v2/network-slice-information?nf-type=AMF&slice-info-request-for-pdu-session=%7B%0A%09%22sNssai%22%3A%09%7B%0A%09%09%22sst%22%3A%091%0A%09%7D%2C%0A%09%22roamingIndication%22%3A%09%22NON_ROAMING%22%0A%7D&nf-id=4852b174-694b-41ed-8013-d76538520ad0 (../lib/sbi/client.c:573)
11/20 19:19:22.371: [sbi] DEBUG: RECEIVED[105] (../lib/sbi/client.c:584)
11/20 19:19:22.371: [sbi] DEBUG: {
	"nsiInformation":	{
		"nrfId":	"http://127.0.0.10:7777/nnrf-disc/v1/nf-instances",
		"nsiId":	"1"
	}
} (../lib/sbi/client.c:586)
11/20 19:19:22.371: [sbi] DEBUG: [GET] /nnssf-nsselection/v2/network-slice-information (../lib/sbi/nghttp2-server.c:801)
0000: 00000604 00000000 00000300 04e200     ...............
11/20 19:19:22.371: [nssf] DEBUG: nssf_state_operational(): OGS_EVENT_NAME_SBI_SERVER (../src/nssf/nssf-sm.c:53)
11/20 19:19:22.371: [sbi] DEBUG: STATUS [200] (../lib/sbi/nghttp2-server.c:357)
11/20 19:19:22.371: [sbi] DEBUG: SENDING...: 105 (../lib/sbi/nghttp2-server.c:365)
11/20 19:19:22.371: [sbi] DEBUG: {
	"nsiInformation":	{
		"nrfId":	"http://127.0.0.10:7777/nnrf-disc/v1/nf-instances",
		"nsiId":	"1"
	}
} (../lib/sbi/nghttp2-server.c:366)
11/20 19:19:22.371: [sbi] DEBUG: STREAM closed [1] (../lib/sbi/nghttp2-server.c:852)
11/20 19:19:22.371: [sbi] DEBUG: MAX_CONCURRENT_STREAMS = 100 (../lib/sbi/nghttp2-server.c:747)
11/20 19:19:22.371: [sbi] DEBUG: ENABLE_PUSH = false (../lib/sbi/nghttp2-server.c:749)
0000: 00000004 01000000 00                  .........
0000: 00000604 00000000 00000300 04e200     ...............
11/20 19:19:22.371: [amf] DEBUG: amf_state_operational(): OGS_EVENT_NAME_SBI_CLIENT (../src/amf/amf-sm.c:78)
11/20 19:19:22.371: [sbi] DEBUG: STREAM added [1] (../lib/sbi/nghttp2-server.c:1122)
0000: 00003801 04000000 0188768b d5596a6f   ..8.......v..Yjo
0010: 16e53b89 76d76f61 96d07abe 941054d2   ..;.v.oa..z...T.
0020: 7eea0802 128066e0 5fb82129 8b46ff0f   ~.....f._.!).F..
0030: 0d82081b 5f8b1d75 d0620d26 3d4c7441   ...._..u.b.&=LtA
0040: ea                                    .
11/20 19:19:22.371: [sbi] DEBUG: [GET] /nnrf-disc/v1/nf-instances (../lib/sbi/nghttp2-server.c:801)
11/20 19:19:22.371: [sock] DEBUG: addr:127.0.0.10, port:7777 (../lib/core/ogs-sockaddr.c:140)
11/20 19:19:22.371: [sbi] DEBUG: MAX_CONCURRENT_STREAMS = 100 (../lib/sbi/nghttp2-server.c:747)
11/20 19:19:22.371: [amf] DEBUG: [REF] 3 (../src/amf/nnssf-handler.c:110)
11/20 19:19:22.371: [sbi] DEBUG: ENABLE_PUSH = false (../lib/sbi/nghttp2-server.c:749)
11/20 19:19:22.371: [amf] WARNING: Try to discover [nsmf-pdusession] (../src/amf/sbi-path.c:291)
11/20 19:19:22.371: [nrf] DEBUG: nrf_state_operational(): OGS_EVENT_NAME_SBI_SERVER (../src/nrf/nrf-sm.c:50)
11/20 19:19:22.371: [nrf] DEBUG: NF-Discover : Requester[AMF] Target[SMF] (../src/nrf/nnrf-handler.c:450)
11/20 19:19:22.371: [sbi] DEBUG: [GET] http://127.0.0.10:7777/nnrf-disc/v1/nf-instances (../lib/sbi/client.c:625)
11/20 19:19:22.371: [nrf] DEBUG: [0] service-names[nsmf-pdusession] (../src/nrf/nnrf-handler.c:478)
11/20 19:19:22.371: [nrf] DEBUG: [4865a2ca-694b-41ed-8987-5f2e6919394a:0] NF-Discovered [NF-Type:SMF,NF-Status:REGISTERED,IPv4:1,IPv6:0] (../src/nrf/nnrf-handler.c:505)
0000: 00006900 01000000 017b0a09 226e7369   ..i......{.."nsi
0010: 496e666f 726d6174 696f6e22 3a097b0a   Information":.{.
0020: 0909226e 72664964 223a0922 68747470   .."nrfId":."http
0030: 3a2f2f31 32372e30 2e302e31 303a3737   ://127.0.0.10:77
0040: 37372f6e 6e72662d 64697363 2f76312f   77/nnrf-disc/v1/
0050: 6e662d69 6e737461 6e636573 222c0a09   nf-instances",..
0060: 09226e73 69496422 3a092231 220a097d   ."nsiId":."1"..}
0070: 0a7d                                  .}
11/20 19:19:22.371: [sbi] DEBUG: STATUS [200] (../lib/sbi/nghttp2-server.c:357)
11/20 19:19:22.371: [sbi] DEBUG: SENDING...: 865 (../lib/sbi/nghttp2-server.c:365)
11/20 19:19:22.371: [sbi] DEBUG: {
	"validityPeriod":	3600,
	"nfInstances":	[{
			"nfInstanceId":	"4865a2ca-694b-41ed-8987-5f2e6919394a",
			"nfType":	"SMF",
			"nfStatus":	"REGISTERED",
			"heartBeatTimer":	10,
			"ipv4Addresses":	["127.0.0.4"],
			"allowedNfTypes":	["AMF", "SCP"],
			"priority":	0,
			"capacity":	100,
			"load":	0,
			"nfServiceList":	{
				"4878fffa-694b-41ed-8987-5f2e6919394a":	{
					"serviceInstanceId":	"4878fffa-694b-41ed-8987-5f2e6919394a",
					"serviceName":	"nsmf-pdusession",
					"versions":	[{
							"apiVersionInUri":	"v1",
							"apiFullVersion":	"1.0.0"
						}],
					"scheme":	"http",
					"nfServiceStatus":	"REGISTERED",
					"ipEndPoints":	[{
							"ipv4Address":	"127.0.0.4",
							"port":	7777
						}],
					"allowedNfTypes":	["AMF"],
					"priority":	0,
					"capacity":	100,
					"load":	0
				}
			},
			"nfProfileChangesSupportInd":	true
		}]
} (../lib/sbi/nghttp2-server.c:366)
11/20 19:19:22.371: [sbi] DEBUG: STREAM closed [1] (../lib/sbi/nghttp2-server.c:852)
0000: 00000004 01000000 00                  .........
0000: 00004401 04000000 0188768b d5596a6f   ..D.......v..Yjo
0010: 16e53b89 76d76f61 96d07abe 941054d2   ..;.v.oa..z...T.
0020: 7eea0802 128066e0 5fb82129 8b46ff0f   ~.....f._.!).F..
0030: 0d033836 355f8b1d 75d0620d 263d4c74   ..865_..u.b.&=Lt
0040: 41ea5889 a47e561c c5819700 0f         A.X..~V......
11/20 19:19:22.371: [sbi] DEBUG: MAX_CONCURRENT_STREAMS = 100 (../lib/sbi/nghttp2-server.c:747)
11/20 19:19:22.371: [sbi] DEBUG: ENABLE_PUSH = false (../lib/sbi/nghttp2-server.c:749)
0000: 00036100 01000000 017b0a09 2276616c   ..a......{.."val
0010: 69646974 79506572 696f6422 3a093336   idityPeriod":.36
0020: 30302c0a 09226e66 496e7374 616e6365   00,.."nfInstance
0030: 73223a09 5b7b0a09 0909226e 66496e73   s":.[{...."nfIns
0040: 74616e63 65496422 3a092234 38363561   tanceId":."4865a
0050: 3263612d 36393462 2d343165 642d3839   2ca-694b-41ed-89
0060: 38372d35 66326536 39313933 39346122   87-5f2e6919394a"
0070: 2c0a0909 09226e66 54797065 223a0922   ,...."nfType":."
0080: 534d4622 2c0a0909 09226e66 53746174   SMF",...."nfStat
0090: 7573223a 09225245 47495354 45524544   us":."REGISTERED
00a0: 222c0a09 09092268 65617274 42656174   ",...."heartBeat
00b0: 54696d65 72223a09 31302c0a 09090922   Timer":.10,...."
00c0: 69707634 41646472 65737365 73223a09   ipv4Addresses":.
00d0: 5b223132 372e302e 302e3422 5d2c0a09   ["127.0.0.4"],..
00e0: 09092261 6c6c6f77 65644e66 54797065   .."allowedNfType
00f0: 73223a09 5b22414d 46222c20 22534350   s":.["AMF", "SCP
0100: 225d2c0a 09090922 7072696f 72697479   "],...."priority
0110: 223a0930 2c0a0909 09226361 70616369   ":.0,...."capaci
0120: 7479223a 09313030 2c0a0909 09226c6f   ty":.100,...."lo
0130: 6164223a 09302c0a 09090922 6e665365   ad":.0,...."nfSe
0140: 72766963 654c6973 74223a09 7b0a0909   rviceList":.{...
0150: 09092234 38373866 6666612d 36393462   .."4878fffa-694b
0160: 2d343165 642d3839 38372d35 66326536   -41ed-8987-5f2e6
0170: 39313933 39346122 3a097b0a 09090909   919394a":.{.....
0180: 09227365 72766963 65496e73 74616e63   ."serviceInstanc
0190: 65496422 3a092234 38373866 6666612d   eId":."4878fffa-
01a0: 36393462 2d343165 642d3839 38372d35   694b-41ed-8987-5
01b0: 66326536 39313933 39346122 2c0a0909   f2e6919394a",...
01c0: 09090922 73657276 6963654e 616d6522   ..."serviceName"
01d0: 3a09226e 736d662d 70647573 65737369   :."nsmf-pdusessi
01e0: 6f6e222c 0a090909 09092276 65727369   on",......"versi
01f0: 6f6e7322 3a095b7b 0a090909 09090909   ons":.[{........
0200: 22617069 56657273 696f6e49 6e557269   "apiVersionInUri
0210: 223a0922 7631222c 0a090909 09090909   ":."v1",........
0220: 22617069 46756c6c 56657273 696f6e22   "apiFullVersion"
0230: 3a092231 2e302e30 220a0909 09090909   :."1.0.0".......
0240: 7d5d2c0a 09090909 09227363 68656d65   }],......"scheme
0250: 223a0922 68747470 222c0a09 09090909   ":."http",......
0260: 226e6653 65727669 63655374 61747573   "nfServiceStatus
0270: 223a0922 52454749 53544552 4544222c   ":."REGISTERED",
0280: 0a090909 09092269 70456e64 506f696e   ......"ipEndPoin
0290: 7473223a 095b7b0a 09090909 09090922   ts":.[{........"
02a0: 69707634 41646472 65737322 3a092231   ipv4Address":."1
02b0: 32372e30 2e302e34 222c0a09 09090909   27.0.0.4",......
02c0: 09092270 6f727422 3a093737 37370a09   .."port":.7777..
02d0: 09090909 097d5d2c 0a090909 09092261   .....}],......"a
02e0: 6c6c6f77 65644e66 54797065 73223a09   llowedNfTypes":.
02f0: 5b22414d 46225d2c 0a090909 09092270   ["AMF"],......"p
0300: 72696f72 69747922 3a09302c 0a090909   riority":.0,....
0310: 09092263 61706163 69747922 3a093130   .."capacity":.10
0320: 302c0a09 09090909 226c6f61 64223a09   0,......"load":.
0330: 300a0909 09097d0a 0909097d 2c0a0909   0.....}....},...
0340: 09226e66 50726f66 696c6543 68616e67   ."nfProfileChang
0350: 65735375 70706f72 74496e64 223a0974   esSupportInd":.t
0360: 7275650a 09097d5d 0a7d                rue...}].}
11/20 19:19:22.372: [sbi] DEBUG: [200:GET] http://127.0.0.14:7777/nnssf-nsselection/v2/network-slice-information?nf-id=4852b174-694b-41ed-8013-d76538520ad0&nf-type=AMF&slice-info-request-for-pdu-session=%7B%0A%09%22sNssai%22%3A%09%7B%0A%09%09%22sst%22%3A%091%0A%09%7D%2C%0A%09%22roamingIndication%22%3A%09%22NON_ROAMING%22%0A%7D (../lib/sbi/client.c:573)
11/20 19:19:22.372: [sbi] DEBUG: RECEIVED[105] (../lib/sbi/client.c:584)
11/20 19:19:22.372: [sbi] DEBUG: {
	"nsiInformation":	{
		"nrfId":	"http://127.0.0.10:7777/nnrf-disc/v1/nf-instances",
		"nsiId":	"1"
	}
} (../lib/sbi/client.c:586)
11/20 19:19:22.372: [sbi] DEBUG: STREAM added [3] (../lib/sbi/nghttp2-server.c:1122)
11/20 19:19:22.372: [sbi] DEBUG: [200:GET] http://127.0.0.10:7777/nnrf-disc/v1/nf-instances?target-nf-type=SMF&requester-nf-type=AMF&service-names=nsmf-pdusession (../lib/sbi/client.c:573)
11/20 19:19:22.372: [sbi] DEBUG: [GET] /nnrf-disc/v1/nf-instances (../lib/sbi/nghttp2-server.c:801)
11/20 19:19:22.372: [sbi] DEBUG: RECEIVED[865] (../lib/sbi/client.c:584)
11/20 19:19:22.372: [nrf] DEBUG: nrf_state_operational(): OGS_EVENT_NAME_SBI_SERVER (../src/nrf/nrf-sm.c:50)
11/20 19:19:22.372: [nrf] DEBUG: NF-Discover : Requester[AMF] Target[SMF] (../src/nrf/nnrf-handler.c:450)
11/20 19:19:22.372: [sbi] DEBUG: {
	"validityPeriod":	3600,
	"nfInstances":	[{
			"nfInstanceId":	"4865a2ca-694b-41ed-8987-5f2e6919394a",
			"nfType":	"SMF",
			"nfStatus":	"REGISTERED",
			"heartBeatTimer":	10,
			"ipv4Addresses":	["127.0.0.4"],
			"allowedNfTypes":	["AMF", "SCP"],
			"priority":	0,
			"capacity":	100,
			"load":	0,
			"nfServiceList":	{
				"4878fffa-694b-41ed-8987-5f2e6919394a":	{
					"serviceInstanceId":	"4878fffa-694b-41ed-8987-5f2e6919394a",
					"serviceName":	"nsmf-pdusession",
					"versions":	[{
							"apiVersionInUri":	"v1",
							"apiFullVersion":	"1.0.0"
						}],
					"scheme":	"http",
					"nfServiceStatus":	"REGISTERED",
					"ipEndPoints":	[{
							"ipv4Address":	"127.0.0.4",
							"port":	7777
						}],
					"allowedNfTypes":	["AMF"],
					"priority":	0,
					"capacity":	100,
					"load":	0
				}
			},
			"nfProfileChangesSupportInd":	true
		}]
} (../lib/sbi/client.c:586)
11/20 19:19:22.372: [nrf] DEBUG: [0] service-names[nsmf-pdusession] (../src/nrf/nnrf-handler.c:478)
11/20 19:19:22.372: [nrf] DEBUG: [4865a2ca-694b-41ed-8987-5f2e6919394a:0] NF-Discovered [NF-Type:SMF,NF-Status:REGISTERED,IPv4:1,IPv6:0] (../src/nrf/nnrf-handler.c:505)
11/20 19:19:22.372: [sbi] DEBUG: STATUS [200] (../lib/sbi/nghttp2-server.c:357)
11/20 19:19:22.372: [sbi] DEBUG: SENDING...: 865 (../lib/sbi/nghttp2-server.c:365)
11/20 19:19:22.372: [sbi] DEBUG: {
	"validityPeriod":	3600,
	"nfInstances":	[{
			"nfInstanceId":	"4865a2ca-694b-41ed-8987-5f2e6919394a",
			"nfType":	"SMF",
			"nfStatus":	"REGISTERED",
			"heartBeatTimer":	10,
			"ipv4Addresses":	["127.0.0.4"],
			"allowedNfTypes":	["AMF", "SCP"],
			"priority":	0,
			"capacity":	100,
			"load":	0,
			"nfServiceList":	{
				"4878fffa-694b-41ed-8987-5f2e6919394a":	{
					"serviceInstanceId":	"4878fffa-694b-41ed-8987-5f2e6919394a",
					"serviceName":	"nsmf-pdusession",
					"versions":	[{
							"apiVersionInUri":	"v1",
							"apiFullVersion":	"1.0.0"
						}],
					"scheme":	"http",
					"nfServiceStatus":	"REGISTERED",
					"ipEndPoints":	[{
							"ipv4Address":	"127.0.0.4",
							"port":	7777
						}],
					"allowedNfTypes":	["AMF"],
					"priority":	0,
					"capacity":	100,
					"load":	0
				}
			},
			"nfProfileChangesSupportInd":	true
		}]
} (../lib/sbi/nghttp2-server.c:366)
11/20 19:19:22.372: [sbi] DEBUG: STREAM closed [3] (../lib/sbi/nghttp2-server.c:852)
0000: 00000b01 04000000 0388c1c0 0f0d0338   ...............8
0010: 3635bfbe                              65..
0000: 00036100 01000000 037b0a09 2276616c   ..a......{.."val
0010: 69646974 79506572 696f6422 3a093336   idityPeriod":.36
0020: 30302c0a 09226e66 496e7374 616e6365   00,.."nfInstance
0030: 73223a09 5b7b0a09 0909226e 66496e73   s":.[{...."nfIns
0040: 74616e63 65496422 3a092234 38363561   tanceId":."4865a
0050: 3263612d 36393462 2d343165 642d3839   2ca-694b-41ed-89
0060: 38372d35 66326536 39313933 39346122   87-5f2e6919394a"
0070: 2c0a0909 09226e66 54797065 223a0922   ,...."nfType":."
0080: 534d4622 2c0a0909 09226e66 53746174   SMF",...."nfStat
0090: 7573223a 09225245 47495354 45524544   us":."REGISTERED
00a0: 222c0a09 09092268 65617274 42656174   ",...."heartBeat
00b0: 54696d65 72223a09 31302c0a 09090922   Timer":.10,...."
00c0: 69707634 41646472 65737365 73223a09   ipv4Addresses":.
00d0: 5b223132 372e302e 302e3422 5d2c0a09   ["127.0.0.4"],..
00e0: 09092261 6c6c6f77 65644e66 54797065   .."allowedNfType
00f0: 73223a09 5b22414d 46222c20 22534350   s":.["AMF", "SCP
0100: 225d2c0a 09090922 7072696f 72697479   "],...."priority
0110: 223a0930 2c0a0909 09226361 70616369   ":.0,...."capaci
0120: 7479223a 09313030 2c0a0909 09226c6f   ty":.100,...."lo
0130: 6164223a 09302c0a 09090922 6e665365   ad":.0,...."nfSe
0140: 72766963 654c6973 74223a09 7b0a0909   rviceList":.{...
0150: 09092234 38373866 6666612d 36393462   .."4878fffa-694b
0160: 2d343165 642d3839 38372d35 66326536   -41ed-8987-5f2e6
0170: 39313933 39346122 3a097b0a 09090909   919394a":.{.....
0180: 09227365 72766963 65496e73 74616e63   ."serviceInstanc
0190: 65496422 3a092234 38373866 6666612d   eId":."4878fffa-
01a0: 36393462 2d343165 642d3839 38372d35   694b-41ed-8987-5
01b0: 66326536 39313933 39346122 2c0a0909   f2e6919394a",...
01c0: 09090922 73657276 6963654e 616d6522   ..."serviceName"
01d0: 3a09226e 736d662d 70647573 65737369   :."nsmf-pdusessi
01e0: 6f6e222c 0a090909 09092276 65727369   on",......"versi
01f0: 6f6e7322 3a095b7b 0a090909 09090909   ons":.[{........
0200: 22617069 56657273 696f6e49 6e557269   "apiVersionInUri
0210: 223a0922 7631222c 0a090909 09090909   ":."v1",........
0220: 22617069 46756c6c 56657273 696f6e22   "apiFullVersion"
0230: 3a092231 2e302e30 220a0909 09090909   :."1.0.0".......
0240: 7d5d2c0a 09090909 09227363 68656d65   }],......"scheme
0250: 223a0922 68747470 222c0a09 09090909   ":."http",......
0260: 226e6653 65727669 63655374 61747573   "nfServiceStatus
0270: 223a0922 52454749 53544552 4544222c   ":."REGISTERED",
0280: 0a090909 09092269 70456e64 506f696e   ......"ipEndPoin
0290: 7473223a 095b7b0a 09090909 09090922   ts":.[{........"
02a0: 69707634 41646472 65737322 3a092231   ipv4Address":."1
02b0: 32372e30 2e302e34 222c0a09 09090909   27.0.0.4",......
02c0: 09092270 6f727422 3a093737 37370a09   .."port":.7777..
02d0: 09090909 097d5d2c 0a090909 09092261   .....}],......"a
02e0: 6c6c6f77 65644e66 54797065 73223a09   llowedNfTypes":.
02f0: 5b22414d 46225d2c 0a090909 09092270   ["AMF"],......"p
0300: 72696f72 69747922 3a09302c 0a090909   riority":.0,....
0310: 09092263 61706163 69747922 3a093130   .."capacity":.10
0320: 302c0a09 09090909 226c6f61 64223a09   0,......"load":.
0330: 300a0909 09097d0a 0909097d 2c0a0909   0.....}....},...
0340: 09226e66 50726f66 696c6543 68616e67   ."nfProfileChang
0350: 65735375 70706f72 74496e64 223a0974   esSupportInd":.t
0360: 7275650a 09097d5d 0a7d                rue...}].}
11/20 19:19:22.374: [sbi] DEBUG: ogs_sbi_nf_instance_add() (../lib/sbi/context.c:762)
11/20 19:19:22.374: [sbi] DEBUG: [REF] 1 (../lib/sbi/context.c:764)
11/20 19:19:22.374: [sbi] DEBUG: ogs_sbi_nf_state_initial(): ENTRY (../lib/sbi/nf-sm.c:66)
11/20 19:19:22.374: [sbi] DEBUG: ogs_sbi_nf_state_registered(): ENTRY (../lib/sbi/nf-sm.c:204)
11/20 19:19:22.374: [sbi] INFO: [4865a2ca-694b-41ed-8987-5f2e6919394a] (NF-discover) NF registered (../lib/sbi/nnrf-handler.c:725)
11/20 19:19:22.374: [sock] DEBUG: addr:127.0.0.4, port:80 (../lib/core/ogs-sockaddr.c:140)
11/20 19:19:22.374: [sock] DEBUG: addr:127.0.0.4, port:7777 (../lib/core/ogs-sockaddr.c:140)
11/20 19:19:22.374: [sbi] DEBUG: ogs_sbi_client_add() (../lib/sbi/client.c:112)
11/20 19:19:22.374: [sbi] DEBUG: [REF] 1 (../lib/sbi/client.c:113)
11/20 19:19:22.374: [sbi] DEBUG: [REF] 2 (../lib/sbi/context.c:1570)
11/20 19:19:22.374: [sbi] DEBUG: ogs_sbi_client_add() (../lib/sbi/client.c:112)
11/20 19:19:22.374: [sbi] DEBUG: [REF] 1 (../lib/sbi/client.c:113)
11/20 19:19:22.374: [sbi] DEBUG: [REF] 2 (../lib/sbi/context.c:1482)
11/20 19:19:22.374: [sbi] INFO: [4865a2ca-694b-41ed-8987-5f2e6919394a] (NF-discover) NF Profile updated (../lib/sbi/nnrf-handler.c:752)
11/20 19:19:22.374: [amf] DEBUG: [REF] 2 (../src/amf/context.c:1967)
11/20 19:19:22.374: [sbi] DEBUG: [POST] http://127.0.0.4:7777/nsmf-pdusession/v1/sm-contexts (../lib/sbi/client.c:625)
11/20 19:19:22.374: [sbi] DEBUG: SENDING...[1181] (../lib/sbi/client.c:401)
11/20 19:19:22.374: [sbi] DEBUG: --=-jGaYUARacbs/1cZuLZGRFQ==
Content-Type: application/json

{
	"supi":	"imsi-999702000000010",
	"pei":	"imeisv-8665070400405301",
	"gpsi":	"msisdn-491725670014",
	"pduSessionId":	5,
	"dnn":	"internet",
	"sNssai":	{
		"sst":	1
	},
	"servingNfId":	"4852b174-694b-41ed-8013-d76538520ad0",
	"guami":	{
		"plmnId":	{
			"mcc":	"999",
			"mnc":	"70"
		},
		"amfId":	"020040"
	},
	"servingNetwork":	{
		"mcc":	"999",
		"mnc":	"70"
	},
	"n1SmMsg":	{
		"contentId":	"5gnas-sm"
	},
	"anType":	"3GPP_ACCESS",
	"ratType":	"NR",
	"ueLocation":	{
		"nrLocation":	{
			"tai":	{
				"plmnId":	{
					"mcc":	"999",
					"mnc":	"70"
				},
				"tac":	"000001"
			},
			"ncgi":	{
				"plmnId":	{
					"mcc":	"999",
					"mnc":	"70"
				},
				"nrCellId":	"000040001"
			},
			"ueLocationTimestamp":	"2022-11-21T03:19:22.333865Z"
		}
	},
	"ueTimeZone":	"-08:00",
	"smContextStatusUri":	"http://127.0.0.5:7777/namf-callback/v1/imsi-999702000000010/sm-context-status/5",
	"pcfId":	"486be608-694b-41ed-95c2-f92a023310de"
}
--=-jGaYUARacbs/1cZuLZGRFQ==
Content-Id: 5gnas-sm
Content-Type: application/vnd.3gpp.5gnas

.Áÿÿ“¡{ (../lib/sbi/client.c:403)
11/20 19:19:22.374: [amf] DEBUG: amf_state_operational(): OGS_EVENT_NAME_SBI_CLIENT (../src/amf/amf-sm.c:78)
11/20 19:19:22.374: [sock] DEBUG: addr:127.0.0.10, port:7777 (../lib/core/ogs-sockaddr.c:140)
11/20 19:19:22.374: [amf] DEBUG: [REF] 4 (../src/amf/nnssf-handler.c:110)
11/20 19:19:22.374: [amf] WARNING: Try to discover [nsmf-pdusession] (../src/amf/sbi-path.c:291)
11/20 19:19:22.374: [sbi] DEBUG: [GET] http://127.0.0.10:7777/nnrf-disc/v1/nf-instances (../lib/sbi/client.c:625)
11/20 19:19:22.374: [sbi] DEBUG: [200:GET] http://127.0.0.10:7777/nnrf-disc/v1/nf-instances?target-nf-type=SMF&requester-nf-type=AMF&service-names=nsmf-pdusession (../lib/sbi/client.c:573)
11/20 19:19:22.374: [sbi] DEBUG: STREAM added [5] (../lib/sbi/nghttp2-server.c:1122)
11/20 19:19:22.374: [sbi] DEBUG: RECEIVED[865] (../lib/sbi/client.c:584)
11/20 19:19:22.374: [sbi] DEBUG: [GET] /nnrf-disc/v1/nf-instances (../lib/sbi/nghttp2-server.c:801)
11/20 19:19:22.374: [sbi] DEBUG: {
	"validityPeriod":	3600,
	"nfInstances":	[{
			"nfInstanceId":	"4865a2ca-694b-41ed-8987-5f2e6919394a",
			"nfType":	"SMF",
			"nfStatus":	"REGISTERED",
			"heartBeatTimer":	10,
			"ipv4Addresses":	["127.0.0.4"],
			"allowedNfTypes":	["AMF", "SCP"],
			"priority":	0,
			"capacity":	100,
			"load":	0,
			"nfServiceList":	{
				"4878fffa-694b-41ed-8987-5f2e6919394a":	{
					"serviceInstanceId":	"4878fffa-694b-41ed-8987-5f2e6919394a",
					"serviceName":	"nsmf-pdusession",
					"versions":	[{
							"apiVersionInUri":	"v1",
							"apiFullVersion":	"1.0.0"
						}],
					"scheme":	"http",
					"nfServiceStatus":	"REGISTERED",
					"ipEndPoints":	[{
							"ipv4Address":	"127.0.0.4",
							"port":	7777
						}],
					"allowedNfTypes":	["AMF"],
					"priority":	0,
					"capacity":	100,
					"load":	0
				}
			},
			"nfProfileChangesSupportInd":	true
		}]
} (../lib/sbi/client.c:586)
11/20 19:19:22.374: [nrf] DEBUG: nrf_state_operational(): OGS_EVENT_NAME_SBI_SERVER (../src/nrf/nrf-sm.c:50)
11/20 19:19:22.374: [nrf] DEBUG: NF-Discover : Requester[AMF] Target[SMF] (../src/nrf/nnrf-handler.c:450)
11/20 19:19:22.374: [nrf] DEBUG: [0] service-names[nsmf-pdusession] (../src/nrf/nnrf-handler.c:478)
11/20 19:19:22.374: [nrf] DEBUG: [4865a2ca-694b-41ed-8987-5f2e6919394a:0] NF-Discovered [NF-Type:SMF,NF-Status:REGISTERED,IPv4:1,IPv6:0] (../src/nrf/nnrf-handler.c:505)
11/20 19:19:22.374: [sbi] WARNING: [4865a2ca-694b-41ed-8987-5f2e6919394a] (NF-discover) NF has already been added (../lib/sbi/nnrf-handler.c:730)
11/20 19:19:22.374: [sbi] DEBUG: STATUS [200] (../lib/sbi/nghttp2-server.c:357)
11/20 19:19:22.374: [sock] DEBUG: addr:127.0.0.4, port:80 (../lib/core/ogs-sockaddr.c:140)
11/20 19:19:22.374: [sbi] DEBUG: SENDING...: 865 (../lib/sbi/nghttp2-server.c:365)
11/20 19:19:22.374: [sbi] DEBUG: {
	"validityPeriod":	3600,
	"nfInstances":	[{
			"nfInstanceId":	"4865a2ca-694b-41ed-8987-5f2e6919394a",
			"nfType":	"SMF",
			"nfStatus":	"REGISTERED",
			"heartBeatTimer":	10,
			"ipv4Addresses":	["127.0.0.4"],
			"allowedNfTypes":	["AMF", "SCP"],
			"priority":	0,
			"capacity":	100,
			"load":	0,
			"nfServiceList":	{
				"4878fffa-694b-41ed-8987-5f2e6919394a":	{
					"serviceInstanceId":	"4878fffa-694b-41ed-8987-5f2e6919394a",
					"serviceName":	"nsmf-pdusession",
					"versions":	[{
							"apiVersionInUri":	"v1",
							"apiFullVersion":	"1.0.0"
						}],
					"scheme":	"http",
					"nfServiceStatus":	"REGISTERED",
					"ipEndPoints":	[{
							"ipv4Address":	"127.0.0.4",
							"port":	7777
						}],
					"allowedNfTypes":	["AMF"],
					"priority":	0,
					"capacity":	100,
					"load":	0
				}
			},
			"nfProfileChangesSupportInd":	true
		}]
} (../lib/sbi/nghttp2-server.c:366)
11/20 19:19:22.374: [sock] DEBUG: addr:127.0.0.4, port:7777 (../lib/core/ogs-sockaddr.c:140)
11/20 19:19:22.374: [sbi] DEBUG: STREAM closed [5] (../lib/sbi/nghttp2-server.c:852)
0000: 00000b01 04000000 0588c1c0 0f0d0338   ...............8
0010: 3635bebf                              65..
11/20 19:19:22.375: [sbi] WARNING: NF EndPoint updated [127.0.0.4:80] (../lib/sbi/context.c:1570)
11/20 19:19:22.375: [sbi] DEBUG: ogs_sbi_client_remove() [127.0.0.4:80] (../lib/sbi/client.c:153)
11/20 19:19:22.375: [sbi] DEBUG: [UNREF] 2 (../lib/sbi/client.c:157)
11/20 19:19:22.375: [sbi] DEBUG: [REF] 2 (../lib/sbi/context.c:1570)
11/20 19:19:22.375: [sbi] WARNING: NF EndPoint updated [127.0.0.4:7777] (../lib/sbi/context.c:1482)
11/20 19:19:22.375: [sbi] DEBUG: ogs_sbi_client_remove() [127.0.0.4:7777] (../lib/sbi/client.c:153)
11/20 19:19:22.375: [sbi] DEBUG: [UNREF] 2 (../lib/sbi/client.c:157)
11/20 19:19:22.375: [sbi] DEBUG: [REF] 2 (../lib/sbi/context.c:1482)
11/20 19:19:22.375: [sbi] INFO: [4865a2ca-694b-41ed-8987-5f2e6919394a] (NF-discover) NF Profile updated (../lib/sbi/nnrf-handler.c:752)
11/20 19:19:22.375: [amf] DEBUG: [REF] 3 (../src/amf/context.c:1967)
11/20 19:19:22.375: [sbi] DEBUG: [POST] http://127.0.0.4:7777/nsmf-pdusession/v1/sm-contexts (../lib/sbi/client.c:625)
0000: 00036100 01000000 057b0a09 2276616c   ..a......{.."val
0010: 69646974 79506572 696f6422 3a093336   idityPeriod":.36
0020: 30302c0a 09226e66 496e7374 616e6365   00,.."nfInstance
0030: 73223a09 5b7b0a09 0909226e 66496e73   s":.[{...."nfIns
0040: 74616e63 65496422 3a092234 38363561   tanceId":."4865a
0050: 3263612d 36393462 2d343165 642d3839   2ca-694b-41ed-89
0060: 38372d35 66326536 39313933 39346122   87-5f2e6919394a"
0070: 2c0a0909 09226e66 54797065 223a0922   ,...."nfType":."
0080: 534d4622 2c0a0909 09226e66 53746174   SMF",...."nfStat
0090: 7573223a 09225245 47495354 45524544   us":."REGISTERED
00a0: 222c0a09 09092268 65617274 42656174   ",...."heartBeat
00b0: 54696d65 72223a09 31302c0a 09090922   Timer":.10,...."
00c0: 69707634 41646472 65737365 73223a09   ipv4Addresses":.
00d0: 5b223132 372e302e 302e3422 5d2c0a09   ["127.0.0.4"],..
00e0: 09092261 6c6c6f77 65644e66 54797065   .."allowedNfType
00f0: 73223a09 5b22414d 46222c20 22534350   s":.["AMF", "SCP
0100: 225d2c0a 09090922 7072696f 72697479   "],...."priority
0110: 223a0930 2c0a0909 09226361 70616369   ":.0,...."capaci
0120: 7479223a 09313030 2c0a0909 09226c6f   ty":.100,...."lo
0130: 6164223a 09302c0a 09090922 6e665365   ad":.0,...."nfSe
0140: 72766963 654c6973 74223a09 7b0a0909   rviceList":.{...
0150: 09092234 38373866 6666612d 36393462   .."4878fffa-694b
0160: 2d343165 642d3839 38372d35 66326536   -41ed-8987-5f2e6
0170: 39313933 39346122 3a097b0a 09090909   919394a":.{.....
0180: 09227365 72766963 65496e73 74616e63   ."serviceInstanc
0190: 65496422 3a092234 38373866 6666612d   eId":."4878fffa-
01a0: 36393462 2d343165 642d3839 38372d35   694b-41ed-8987-5
01b0: 66326536 39313933 39346122 2c0a0909   f2e6919394a",...
01c0: 09090922 73657276 6963654e 616d6522   ..."serviceName"
01d0: 3a09226e 736d662d 70647573 65737369   :."nsmf-pdusessi
01e0: 6f6e222c 0a090909 09092276 65727369   on",......"versi
01f0: 6f6e7322 3a095b7b 0a090909 09090909   ons":.[{........
0200: 22617069 56657273 696f6e49 6e557269   "apiVersionInUri
0210: 223a0922 7631222c 0a090909 09090909   ":."v1",........
0220: 22617069 46756c6c 56657273 696f6e22   "apiFullVersion"
0230: 3a092231 2e302e30 220a0909 09090909   :."1.0.0".......
0240: 7d5d2c0a 09090909 09227363 68656d65   }],......"scheme
0250: 223a0922 68747470 222c0a09 09090909   ":."http",......
0260: 226e6653 65727669 63655374 61747573   "nfServiceStatus
0270: 223a0922 52454749 53544552 4544222c   ":."REGISTERED",
0280: 0a090909 09092269 70456e64 506f696e   ......"ipEndPoin
0290: 7473223a 095b7b0a 09090909 09090922   ts":.[{........"
02a0: 69707634 41646472 65737322 3a092231   ipv4Address":."1
02b0: 32372e30 2e302e34 222c0a09 09090909   27.0.0.4",......
02c0: 09092270 6f727422 3a093737 37370a09   .."port":.7777..
02d0: 09090909 097d5d2c 0a090909 09092261   .....}],......"a
02e0: 6c6c6f77 65644e66 54797065 73223a09   llowedNfTypes":.
02f0: 5b22414d 46225d2c 0a090909 09092270   ["AMF"],......"p
0300: 72696f72 69747922 3a09302c 0a090909   riority":.0,....
0310: 09092263 61706163 69747922 3a093130   .."capacity":.10
0320: 302c0a09 09090909 226c6f61 64223a09   0,......"load":.
0330: 300a0909 09097d0a 0909097d 2c0a0909   0.....}....},...
0340: 09226e66 50726f66 696c6543 68616e67   ."nfProfileChang
0350: 65735375 70706f72 74496e64 223a0974   esSupportInd":.t
0360: 7275650a 09097d5d 0a7d                rue...}].}
11/20 19:19:22.375: [sbi] DEBUG: SENDING...[1181] (../lib/sbi/client.c:401)
11/20 19:19:22.375: [sbi] DEBUG: --=-N1SCQQ53b4gk6OJht0TnWA==
Content-Type: application/json

{
	"supi":	"imsi-999701000000010",
	"pei":	"imeisv-8665070400405301",
	"gpsi":	"msisdn-491725670014",
	"pduSessionId":	5,
	"dnn":	"internet",
	"sNssai":	{
		"sst":	1
	},
	"servingNfId":	"4852b174-694b-41ed-8013-d76538520ad0",
	"guami":	{
		"plmnId":	{
			"mcc":	"999",
			"mnc":	"70"
		},
		"amfId":	"020040"
	},
	"servingNetwork":	{
		"mcc":	"999",
		"mnc":	"70"
	},
	"n1SmMsg":	{
		"contentId":	"5gnas-sm"
	},
	"anType":	"3GPP_ACCESS",
	"ratType":	"NR",
	"ueLocation":	{
		"nrLocation":	{
			"tai":	{
				"plmnId":	{
					"mcc":	"999",
					"mnc":	"70"
				},
				"tac":	"000001"
			},
			"ncgi":	{
				"plmnId":	{
					"mcc":	"999",
					"mnc":	"70"
				},
				"nrCellId":	"000040001"
			},
			"ueLocationTimestamp":	"2022-11-21T03:19:22.334227Z"
		}
	},
	"ueTimeZone":	"-08:00",
	"smContextStatusUri":	"http://127.0.0.5:7777/namf-callback/v1/imsi-999701000000010/sm-context-status/5",
	"pcfId":	"486be608-694b-41ed-95c2-f92a023310de"
}
--=-N1SCQQ53b4gk6OJht0TnWA==
Content-Id: 5gnas-sm
Content-Type: application/vnd.3gpp.5gnas

.Áÿÿ“¡{ (../lib/sbi/client.c:403)
11/20 19:19:22.375: [sbi] DEBUG: [200:GET] http://127.0.0.10:7777/nnrf-disc/v1/nf-instances?requester-nf-type=AMF&service-names=nsmf-pdusession&target-nf-type=SMF (../lib/sbi/client.c:573)
11/20 19:19:22.375: [sbi] DEBUG: RECEIVED[865] (../lib/sbi/client.c:584)
11/20 19:19:22.375: [sbi] DEBUG: {
	"validityPeriod":	3600,
	"nfInstances":	[{
			"nfInstanceId":	"4865a2ca-694b-41ed-8987-5f2e6919394a",
			"nfType":	"SMF",
			"nfStatus":	"REGISTERED",
			"heartBeatTimer":	10,
			"ipv4Addresses":	["127.0.0.4"],
			"allowedNfTypes":	["AMF", "SCP"],
			"priority":	0,
			"capacity":	100,
			"load":	0,
			"nfServiceList":	{
				"4878fffa-694b-41ed-8987-5f2e6919394a":	{
					"serviceInstanceId":	"4878fffa-694b-41ed-8987-5f2e6919394a",
					"serviceName":	"nsmf-pdusession",
					"versions":	[{
							"apiVersionInUri":	"v1",
							"apiFullVersion":	"1.0.0"
						}],
					"scheme":	"http",
					"nfServiceStatus":	"REGISTERED",
					"ipEndPoints":	[{
							"ipv4Address":	"127.0.0.4",
							"port":	7777
						}],
					"allowedNfTypes":	["AMF"],
					"priority":	0,
					"capacity":	100,
					"load":	0
				}
			},
			"nfProfileChangesSupportInd":	true
		}]
} (../lib/sbi/client.c:586)
11/20 19:19:22.375: [sbi] WARNING: [4865a2ca-694b-41ed-8987-5f2e6919394a] (NF-discover) NF has already been added (../lib/sbi/nnrf-handler.c:730)
11/20 19:19:22.375: [sock] DEBUG: addr:127.0.0.4, port:80 (../lib/core/ogs-sockaddr.c:140)
11/20 19:19:22.375: [sock] DEBUG: addr:127.0.0.4, port:7777 (../lib/core/ogs-sockaddr.c:140)
11/20 19:19:22.375: [sbi] WARNING: NF EndPoint updated [127.0.0.4:80] (../lib/sbi/context.c:1570)
11/20 19:19:22.375: [sbi] DEBUG: ogs_sbi_client_remove() [127.0.0.4:80] (../lib/sbi/client.c:153)
11/20 19:19:22.375: [sbi] DEBUG: [UNREF] 2 (../lib/sbi/client.c:157)
11/20 19:19:22.375: [sbi] DEBUG: [REF] 2 (../lib/sbi/context.c:1570)
11/20 19:19:22.375: [sbi] WARNING: NF EndPoint updated [127.0.0.4:7777] (../lib/sbi/context.c:1482)
11/20 19:19:22.375: [sbi] DEBUG: ogs_sbi_client_remove() [127.0.0.4:7777] (../lib/sbi/client.c:153)
11/20 19:19:22.375: [sbi] DEBUG: [UNREF] 2 (../lib/sbi/client.c:157)
11/20 19:19:22.375: [sbi] DEBUG: [REF] 2 (../lib/sbi/context.c:1482)
11/20 19:19:22.375: [sbi] INFO: [4865a2ca-694b-41ed-8987-5f2e6919394a] (NF-discover) NF Profile updated (../lib/sbi/nnrf-handler.c:752)
11/20 19:19:22.375: [amf] DEBUG: [REF] 4 (../src/amf/context.c:1967)
11/20 19:19:22.375: [sbi] DEBUG: [POST] http://127.0.0.4:7777/nsmf-pdusession/v1/sm-contexts (../lib/sbi/client.c:625)
11/20 19:19:22.375: [sbi] DEBUG: SENDING...[1181] (../lib/sbi/client.c:401)
11/20 19:19:22.375: [sbi] DEBUG: --=-vyCq+c/0eKdndLWarZnktQ==
Content-Type: application/json

{
	"supi":	"imsi-999700000000010",
	"pei":	"imeisv-8665070400405301",
	"gpsi":	"msisdn-491725670014",
	"pduSessionId":	5,
	"dnn":	"internet",
	"sNssai":	{
		"sst":	1
	},
	"servingNfId":	"4852b174-694b-41ed-8013-d76538520ad0",
	"guami":	{
		"plmnId":	{
			"mcc":	"999",
			"mnc":	"70"
		},
		"amfId":	"020040"
	},
	"servingNetwork":	{
		"mcc":	"999",
		"mnc":	"70"
	},
	"n1SmMsg":	{
		"contentId":	"5gnas-sm"
	},
	"anType":	"3GPP_ACCESS",
	"ratType":	"NR",
	"ueLocation":	{
		"nrLocation":	{
			"tai":	{
				"plmnId":	{
					"mcc":	"999",
					"mnc":	"70"
				},
				"tac":	"000001"
			},
			"ncgi":	{
				"plmnId":	{
					"mcc":	"999",
					"mnc":	"70"
				},
				"nrCellId":	"000040001"
			},
			"ueLocationTimestamp":	"2022-11-21T03:19:22.338857Z"
		}
	},
	"ueTimeZone":	"-08:00",
	"smContextStatusUri":	"http://127.0.0.5:7777/namf-callback/v1/imsi-999700000000010/sm-context-status/5",
	"pcfId":	"486be608-694b-41ed-95c2-f92a023310de"
}
--=-vyCq+c/0eKdndLWarZnktQ==
Content-Id: 5gnas-sm
Content-Type: application/vnd.3gpp.5gnas

.Áÿÿ“¡{ (../lib/sbi/client.c:403)
11/20 19:19:22.376: [sbi] DEBUG: MAX_CONCURRENT_STREAMS = 100 (../lib/sbi/nghttp2-server.c:747)
11/20 19:19:22.376: [sbi] DEBUG: ENABLE_PUSH = false (../lib/sbi/nghttp2-server.c:749)
11/20 19:19:22.376: [sbi] DEBUG: STREAM added [1] (../lib/sbi/nghttp2-server.c:1122)
11/20 19:19:22.376: [sbi] DEBUG: [POST] /nsmf-pdusession/v1/sm-contexts (../lib/sbi/nghttp2-server.c:801)
11/20 19:19:22.376: [sbi] DEBUG: RECEIVED: 1181 (../lib/sbi/nghttp2-server.c:805)
11/20 19:19:22.376: [sbi] DEBUG: --=-jGaYUARacbs/1cZuLZGRFQ==
Content-Type: application/json

{
	"supi":	"imsi-999702000000010",
	"pei":	"imeisv-8665070400405301",
	"gpsi":	"msisdn-491725670014",
	"pduSessionId":	5,
	"dnn":	"internet",
	"sNssai":	{
		"sst":	1
	},
	"servingNfId":	"4852b174-694b-41ed-8013-d76538520ad0",
	"guami":	{
		"plmnId":	{
			"mcc":	"999",
			"mnc":	"70"
		},
		"amfId":	"020040"
	},
	"servingNetwork":	{
		"mcc":	"999",
		"mnc":	"70"
	},
	"n1SmMsg":	{
		"contentId":	"5gnas-sm"
	},
	"anType":	"3GPP_ACCESS",
	"ratType":	"NR",
	"ueLocation":	{
		"nrLocation":	{
			"tai":	{
				"plmnId":	{
					"mcc":	"999",
					"mnc":	"70"
				},
				"tac":	"000001"
			},
			"ncgi":	{
				"plmnId":	{
					"mcc":	"999",
					"mnc":	"70"
				},
				"nrCellId":	"000040001"
			},
			"ueLocationTimestamp":	"2022-11-21T03:19:22.333865Z"
		}
	},
	"ueTimeZone":	"-08:00",
	"smContextStatusUri":	"http://127.0.0.5:7777/namf-callback/v1/imsi-999702000000010/sm-context-status/5",
	"pcfId":	"486be608-694b-41ed-95c2-f92a023310de"
}
--=-jGaYUARacbs/1cZuLZGRFQ==
Content-Id: 5gnas-sm
Content-Type: application/vnd.3gpp.5gnas

.Áÿÿ“¡{ (../lib/sbi/nghttp2-server.c:806)
0000: 00000604 00000000 00000300 04e200     ...............
11/20 19:19:22.376: [smf] DEBUG: smf_state_operational(): OGS_EVENT_NAME_SBI_SERVER (../src/smf/smf-sm.c:83)
11/20 19:19:22.377: [smf] INFO: [Added] Number of SMF-UEs is now 1 (../src/smf/context.c:1010)
11/20 19:19:22.377: [smf] DEBUG: smf_gsm_state_initial(): ENTRY (../src/smf/gsm-sm.c:233)
11/20 19:19:22.377: [smf] INFO: [Added] Number of SMF-Sessions is now 1 (../src/smf/context.c:3086)
11/20 19:19:22.377: [smf] DEBUG: smf_gsm_state_initial(): OGS_EVENT_NAME_SBI_SERVER (../src/smf/gsm-sm.c:233)
11/20 19:19:22.377: [sock] DEBUG: addr:127.0.0.5, port:7777 (../lib/core/ogs-sockaddr.c:140)
11/20 19:19:22.377: [smf] DEBUG: [REF] 3 (../src/smf/nsmf-handler.c:192)
11/20 19:19:22.377: [smf] DEBUG: smf_state_operational(): SMF_EVT_5GSM_MESSAGE (../src/smf/smf-sm.c:83)
11/20 19:19:22.377: [smf] DEBUG: smf_gsm_state_initial(): SMF_EVT_5GSM_MESSAGE (../src/smf/gsm-sm.c:233)
11/20 19:19:22.377: [sbi] DEBUG: [REF] 2 (../lib/sbi/path.c:328)
11/20 19:19:22.377: [sbi] WARNING: Try to discover [nudm-sdm] (../lib/sbi/path.c:337)
11/20 19:19:22.377: [sbi] DEBUG: [GET] http://[::1]:7777/nnrf-disc/v1/nf-instances (../lib/sbi/client.c:625)
11/20 19:19:22.377: [smf] DEBUG: smf_gsm_state_initial(): EXIT (../src/smf/gsm-sm.c:233)
11/20 19:19:22.377: [smf] DEBUG: smf_gsm_state_wait_5gc_sm_policy_association(): ENTRY (../src/smf/gsm-sm.c:480)
11/20 19:19:22.377: [sbi] DEBUG: MAX_CONCURRENT_STREAMS = 100 (../lib/sbi/nghttp2-server.c:747)
11/20 19:19:22.378: [sbi] DEBUG: ENABLE_PUSH = false (../lib/sbi/nghttp2-server.c:749)
11/20 19:19:22.378: [sbi] DEBUG: MAX_CONCURRENT_STREAMS = 100 (../lib/sbi/nghttp2-server.c:747)
11/20 19:19:22.378: [sbi] DEBUG: ENABLE_PUSH = false (../lib/sbi/nghttp2-server.c:749)
11/20 19:19:22.378: [sbi] DEBUG: STREAM added [1] (../lib/sbi/nghttp2-server.c:1122)
11/20 19:19:22.378: [sbi] DEBUG: [POST] /nsmf-pdusession/v1/sm-contexts (../lib/sbi/nghttp2-server.c:801)
11/20 19:19:22.378: [sbi] DEBUG: RECEIVED: 1181 (../lib/sbi/nghttp2-server.c:805)
11/20 19:19:22.378: [sbi] DEBUG: --=-N1SCQQ53b4gk6OJht0TnWA==
Content-Type: application/json

{
	"supi":	"imsi-999701000000010",
	"pei":	"imeisv-8665070400405301",
	"gpsi":	"msisdn-491725670014",
	"pduSessionId":	5,
	"dnn":	"internet",
	"sNssai":	{
		"sst":	1
	},
	"servingNfId":	"4852b174-694b-41ed-8013-d76538520ad0",
	"guami":	{
		"plmnId":	{
			"mcc":	"999",
			"mnc":	"70"
		},
		"amfId":	"020040"
	},
	"servingNetwork":	{
		"mcc":	"999",
		"mnc":	"70"
	},
	"n1SmMsg":	{
		"contentId":	"5gnas-sm"
	},
	"anType":	"3GPP_ACCESS",
	"ratType":	"NR",
	"ueLocation":	{
		"nrLocation":	{
			"tai":	{
				"plmnId":	{
					"mcc":	"999",
					"mnc":	"70"
				},
				"tac":	"000001"
			},
			"ncgi":	{
				"plmnId":	{
					"mcc":	"999",
					"mnc":	"70"
				},
				"nrCellId":	"000040001"
			},
			"ueLocationTimestamp":	"2022-11-21T03:19:22.334227Z"
		}
	},
	"ueTimeZone":	"-08:00",
	"smContextStatusUri":	"http://127.0.0.5:7777/namf-callback/v1/imsi-999701000000010/sm-context-status/5",
	"pcfId":	"486be608-694b-41ed-95c2-f92a023310de"
}
--=-N1SCQQ53b4gk6OJht0TnWA==
Content-Id: 5gnas-sm
Content-Type: application/vnd.3gpp.5gnas

.Áÿÿ“¡{ (../lib/sbi/nghttp2-server.c:806)
0000: 00000604 00000000 00000300 04e200     ...............
11/20 19:19:22.378: [sbi] DEBUG: STREAM added [5] (../lib/sbi/nghttp2-server.c:1122)
11/20 19:19:22.378: [smf] DEBUG: smf_state_operational(): OGS_EVENT_NAME_SBI_SERVER (../src/smf/smf-sm.c:83)
11/20 19:19:22.378: [sbi] DEBUG: [GET] /nnrf-disc/v1/nf-instances (../lib/sbi/nghttp2-server.c:801)
11/20 19:19:22.378: [nrf] DEBUG: nrf_state_operational(): OGS_EVENT_NAME_SBI_SERVER (../src/nrf/nrf-sm.c:50)
11/20 19:19:22.378: [nrf] DEBUG: NF-Discover : Requester[SMF] Target[UDM] (../src/nrf/nnrf-handler.c:450)
11/20 19:19:22.378: [nrf] DEBUG: [0] service-names[nudm-sdm] (../src/nrf/nnrf-handler.c:478)
11/20 19:19:22.378: [nrf] DEBUG: [486054dc-694b-41ed-927b-4d0a906ac64b:0] NF-Discovered [NF-Type:UDM,NF-Status:REGISTERED,IPv4:1,IPv6:0] (../src/nrf/nnrf-handler.c:505)
11/20 19:19:22.378: [sbi] DEBUG: STATUS [200] (../lib/sbi/nghttp2-server.c:357)
11/20 19:19:22.378: [sbi] DEBUG: SENDING...: 882 (../lib/sbi/nghttp2-server.c:365)
11/20 19:19:22.378: [sbi] DEBUG: {
	"validityPeriod":	3600,
	"nfInstances":	[{
			"nfInstanceId":	"486054dc-694b-41ed-927b-4d0a906ac64b",
			"nfType":	"UDM",
			"nfStatus":	"REGISTERED",
			"heartBeatTimer":	10,
			"ipv4Addresses":	["127.0.0.12"],
			"allowedNfTypes":	["AMF", "SMF", "AUSF", "SCP"],
			"priority":	0,
			"capacity":	100,
			"load":	0,
			"nfServiceList":	{
				"48606300-694b-41ed-927b-4d0a906ac64b":	{
					"serviceInstanceId":	"48606300-694b-41ed-927b-4d0a906ac64b",
					"serviceName":	"nudm-sdm",
					"versions":	[{
							"apiVersionInUri":	"v2",
							"apiFullVersion":	"2.0.0"
						}],
					"scheme":	"http",
					"nfServiceStatus":	"REGISTERED",
					"ipEndPoints":	[{
							"ipv4Address":	"127.0.0.12",
							"port":	7777
						}],
					"allowedNfTypes":	["AMF", "SMF"],
					"priority":	0,
					"capacity":	100,
					"load":	0
				}
			},
			"nfProfileChangesSupportInd":	true
		}]
} (../lib/sbi/nghttp2-server.c:366)
11/20 19:19:22.378: [sbi] DEBUG: STREAM closed [5] (../lib/sbi/nghttp2-server.c:852)
0000: 00002c01 04000000 0588c061 96d07abe   ..,........a..z.
0010: 941054d2 7eea0802 128066e0 5fb82129   ..T.~.....f._.!)
0020: 8b46ff0f 0d033838 32bf5889 a47e561c   .F....882.X..~V.
0030: c5819700 0f                           .....
11/20 19:19:22.378: [smf] INFO: [Added] Number of SMF-UEs is now 2 (../src/smf/context.c:1010)
11/20 19:19:22.378: [smf] DEBUG: smf_gsm_state_initial(): ENTRY (../src/smf/gsm-sm.c:233)
11/20 19:19:22.378: [smf] INFO: [Added] Number of SMF-Sessions is now 2 (../src/smf/context.c:3086)
11/20 19:19:22.378: [smf] DEBUG: smf_gsm_state_initial(): OGS_EVENT_NAME_SBI_SERVER (../src/smf/gsm-sm.c:233)
11/20 19:19:22.378: [sock] DEBUG: addr:127.0.0.5, port:7777 (../lib/core/ogs-sockaddr.c:140)
11/20 19:19:22.378: [smf] DEBUG: [REF] 4 (../src/smf/nsmf-handler.c:192)
11/20 19:19:22.378: [smf] DEBUG: smf_state_operational(): SMF_EVT_5GSM_MESSAGE (../src/smf/smf-sm.c:83)
0000: 00037200 01000000 057b0a09 2276616c   ..r......{.."val
0010: 69646974 79506572 696f6422 3a093336   idityPeriod":.36
0020: 30302c0a 09226e66 496e7374 616e6365   00,.."nfInstance
0030: 73223a09 5b7b0a09 0909226e 66496e73   s":.[{...."nfIns
0040: 74616e63 65496422 3a092234 38363035   tanceId":."48605
0050: 3464632d 36393462 2d343165 642d3932   4dc-694b-41ed-92
0060: 37622d34 64306139 30366163 36346222   7b-4d0a906ac64b"
0070: 2c0a0909 09226e66 54797065 223a0922   ,...."nfType":."
0080: 55444d22 2c0a0909 09226e66 53746174   UDM",...."nfStat
0090: 7573223a 09225245 47495354 45524544   us":."REGISTERED
00a0: 222c0a09 09092268 65617274 42656174   ",...."heartBeat
00b0: 54696d65 72223a09 31302c0a 09090922   Timer":.10,...."
00c0: 69707634 41646472 65737365 73223a09   ipv4Addresses":.
00d0: 5b223132 372e302e 302e3132 225d2c0a   ["127.0.0.12"],.
00e0: 09090922 616c6c6f 7765644e 66547970   ..."allowedNfTyp
00f0: 6573223a 095b2241 4d46222c 2022534d   es":.["AMF", "SM
0100: 46222c20 22415553 46222c20 22534350   F", "AUSF", "SCP
0110: 225d2c0a 09090922 7072696f 72697479   "],...."priority
0120: 223a0930 2c0a0909 09226361 70616369   ":.0,...."capaci
0130: 7479223a 09313030 2c0a0909 09226c6f   ty":.100,...."lo
0140: 6164223a 09302c0a 09090922 6e665365   ad":.0,...."nfSe
0150: 72766963 654c6973 74223a09 7b0a0909   rviceList":.{...
0160: 09092234 38363036 3330302d 36393462   .."48606300-694b
0170: 2d343165 642d3932 37622d34 64306139   -41ed-927b-4d0a9
0180: 30366163 36346222 3a097b0a 09090909   06ac64b":.{.....
0190: 09227365 72766963 65496e73 74616e63   ."serviceInstanc
01a0: 65496422 3a092234 38363036 3330302d   eId":."48606300-
01b0: 36393462 2d343165 642d3932 37622d34   694b-41ed-927b-4
01c0: 64306139 30366163 36346222 2c0a0909   d0a906ac64b",...
01d0: 09090922 73657276 6963654e 616d6522   ..."serviceName"
01e0: 3a09226e 75646d2d 73646d22 2c0a0909   :."nudm-sdm",...
01f0: 09090922 76657273 696f6e73 223a095b   ..."versions":.[
0200: 7b0a0909 09090909 09226170 69566572   {........"apiVer
0210: 73696f6e 496e5572 69223a09 22763222   sionInUri":."v2"
0220: 2c0a0909 09090909 09226170 6946756c   ,........"apiFul
0230: 6c566572 73696f6e 223a0922 322e302e   lVersion":."2.0.
0240: 30220a09 09090909 097d5d2c 0a090909   0".......}],....
0250: 09092273 6368656d 65223a09 22687474   .."scheme":."htt
0260: 70222c0a 09090909 09226e66 53657276   p",......"nfServ
0270: 69636553 74617475 73223a09 22524547   iceStatus":."REG
0280: 49535445 52454422 2c0a0909 09090922   ISTERED",......"
0290: 6970456e 64506f69 6e747322 3a095b7b   ipEndPoints":.[{
02a0: 0a090909 09090909 22697076 34416464   ........"ipv4Add
02b0: 72657373 223a0922 3132372e 302e302e   ress":."127.0.0.
02c0: 3132222c 0a090909 09090909 22706f72   12",........"por
02d0: 74223a09 37373737 0a090909 0909097d   t":.7777.......}
02e0: 5d2c0a09 09090909 22616c6c 6f776564   ],......"allowed
02f0: 4e665479 70657322 3a095b22 414d4622   NfTypes":.["AMF"
0300: 2c202253 4d46225d 2c0a0909 09090922   , "SMF"],......"
0310: 7072696f 72697479 223a0930 2c0a0909   priority":.0,...
0320: 09090922 63617061 63697479 223a0931   ..."capacity":.1
0330: 30302c0a 09090909 09226c6f 6164223a   00,......"load":
0340: 09300a09 0909097d 0a090909 7d2c0a09   .0.....}....},..
0350: 0909226e 6650726f 66696c65 4368616e   .."nfProfileChan
0360: 67657353 7570706f 7274496e 64223a09   gesSupportInd":.
0370: 74727565 0a09097d 5d0a7d              true...}].}
11/20 19:19:22.379: [smf] DEBUG: smf_gsm_state_initial(): SMF_EVT_5GSM_MESSAGE (../src/smf/gsm-sm.c:233)
11/20 19:19:22.379: [sbi] DEBUG: [REF] 3 (../lib/sbi/path.c:328)
11/20 19:19:22.379: [sbi] WARNING: Try to discover [nudm-sdm] (../lib/sbi/path.c:337)
11/20 19:19:22.379: [sbi] DEBUG: [GET] http://[::1]:7777/nnrf-disc/v1/nf-instances (../lib/sbi/client.c:625)
11/20 19:19:22.379: [smf] DEBUG: smf_gsm_state_initial(): EXIT (../src/smf/gsm-sm.c:233)
11/20 19:19:22.379: [smf] DEBUG: smf_gsm_state_wait_5gc_sm_policy_association(): ENTRY (../src/smf/gsm-sm.c:480)
11/20 19:19:22.379: [sbi] DEBUG: MAX_CONCURRENT_STREAMS = 100 (../lib/sbi/nghttp2-server.c:747)
11/20 19:19:22.379: [sbi] DEBUG: ENABLE_PUSH = false (../lib/sbi/nghttp2-server.c:749)
11/20 19:19:22.379: [sbi] DEBUG: MAX_CONCURRENT_STREAMS = 100 (../lib/sbi/nghttp2-server.c:747)
11/20 19:19:22.379: [sbi] DEBUG: ENABLE_PUSH = false (../lib/sbi/nghttp2-server.c:749)
11/20 19:19:22.379: [sbi] DEBUG: STREAM added [1] (../lib/sbi/nghttp2-server.c:1122)
11/20 19:19:22.379: [sbi] DEBUG: [POST] /nsmf-pdusession/v1/sm-contexts (../lib/sbi/nghttp2-server.c:801)
11/20 19:19:22.379: [sbi] DEBUG: RECEIVED: 1181 (../lib/sbi/nghttp2-server.c:805)
11/20 19:19:22.379: [sbi] DEBUG: --=-vyCq+c/0eKdndLWarZnktQ==
Content-Type: application/json

{
	"supi":	"imsi-999700000000010",
	"pei":	"imeisv-8665070400405301",
	"gpsi":	"msisdn-491725670014",
	"pduSessionId":	5,
	"dnn":	"internet",
	"sNssai":	{
		"sst":	1
	},
	"servingNfId":	"4852b174-694b-41ed-8013-d76538520ad0",
	"guami":	{
		"plmnId":	{
			"mcc":	"999",
			"mnc":	"70"
		},
		"amfId":	"020040"
	},
	"servingNetwork":	{
		"mcc":	"999",
		"mnc":	"70"
	},
	"n1SmMsg":	{
		"contentId":	"5gnas-sm"
	},
	"anType":	"3GPP_ACCESS",
	"ratType":	"NR",
	"ueLocation":	{
		"nrLocation":	{
			"tai":	{
				"plmnId":	{
					"mcc":	"999",
					"mnc":	"70"
				},
				"tac":	"000001"
			},
			"ncgi":	{
				"plmnId":	{
					"mcc":	"999",
					"mnc":	"70"
				},
				"nrCellId":	"000040001"
			},
			"ueLocationTimestamp":	"2022-11-21T03:19:22.338857Z"
		}
	},
	"ueTimeZone":	"-08:00",
	"smContextStatusUri":	"http://127.0.0.5:7777/namf-callback/v1/imsi-999700000000010/sm-context-status/5",
	"pcfId":	"486be608-694b-41ed-95c2-f92a023310de"
}
--=-vyCq+c/0eKdndLWarZnktQ==
Content-Id: 5gnas-sm
Content-Type: application/vnd.3gpp.5gnas

.Áÿÿ“¡{ (../lib/sbi/nghttp2-server.c:806)
0000: 00000604 00000000 00000300 04e200     ...............
11/20 19:19:22.379: [sbi] DEBUG: STREAM added [7] (../lib/sbi/nghttp2-server.c:1122)
11/20 19:19:22.380: [sbi] DEBUG: [GET] /nnrf-disc/v1/nf-instances (../lib/sbi/nghttp2-server.c:801)
11/20 19:19:22.380: [sbi] DEBUG: [200:GET] http://[::1]:7777/nnrf-disc/v1/nf-instances?service-names=nudm-sdm&target-nf-type=UDM&requester-nf-type=SMF (../lib/sbi/client.c:573)
11/20 19:19:22.380: [nrf] DEBUG: nrf_state_operational(): OGS_EVENT_NAME_SBI_SERVER (../src/nrf/nrf-sm.c:50)
11/20 19:19:22.380: [sbi] DEBUG: RECEIVED[882] (../lib/sbi/client.c:584)
11/20 19:19:22.380: [nrf] DEBUG: NF-Discover : Requester[SMF] Target[UDM] (../src/nrf/nnrf-handler.c:450)
11/20 19:19:22.380: [sbi] DEBUG: {
	"validityPeriod":	3600,
	"nfInstances":	[{
			"nfInstanceId":	"486054dc-694b-41ed-927b-4d0a906ac64b",
			"nfType":	"UDM",
			"nfStatus":	"REGISTERED",
			"heartBeatTimer":	10,
			"ipv4Addresses":	["127.0.0.12"],
			"allowedNfTypes":	["AMF", "SMF", "AUSF", "SCP"],
			"priority":	0,
			"capacity":	100,
			"load":	0,
			"nfServiceList":	{
				"48606300-694b-41ed-927b-4d0a906ac64b":	{
					"serviceInstanceId":	"48606300-694b-41ed-927b-4d0a906ac64b",
					"serviceName":	"nudm-sdm",
					"versions":	[{
							"apiVersionInUri":	"v2",
							"apiFullVersion":	"2.0.0"
						}],
					"scheme":	"http",
					"nfServiceStatus":	"REGISTERED",
					"ipEndPoints":	[{
							"ipv4Address":	"127.0.0.12",
							"port":	7777
						}],
					"allowedNfTypes":	["AMF", "SMF"],
					"priority":	0,
					"capacity":	100,
					"load":	0
				}
			},
			"nfProfileChangesSupportInd":	true
		}]
} (../lib/sbi/client.c:586)
11/20 19:19:22.380: [nrf] DEBUG: [0] service-names[nudm-sdm] (../src/nrf/nnrf-handler.c:478)
11/20 19:19:22.380: [nrf] DEBUG: [486054dc-694b-41ed-927b-4d0a906ac64b:0] NF-Discovered [NF-Type:UDM,NF-Status:REGISTERED,IPv4:1,IPv6:0] (../src/nrf/nnrf-handler.c:505)
11/20 19:19:22.380: [smf] DEBUG: smf_state_operational(): OGS_EVENT_NAME_SBI_SERVER (../src/smf/smf-sm.c:83)
11/20 19:19:22.380: [sbi] DEBUG: STATUS [200] (../lib/sbi/nghttp2-server.c:357)
11/20 19:19:22.380: [sbi] DEBUG: SENDING...: 882 (../lib/sbi/nghttp2-server.c:365)
11/20 19:19:22.380: [sbi] DEBUG: {
	"validityPeriod":	3600,
	"nfInstances":	[{
			"nfInstanceId":	"486054dc-694b-41ed-927b-4d0a906ac64b",
			"nfType":	"UDM",
			"nfStatus":	"REGISTERED",
			"heartBeatTimer":	10,
			"ipv4Addresses":	["127.0.0.12"],
			"allowedNfTypes":	["AMF", "SMF", "AUSF", "SCP"],
			"priority":	0,
			"capacity":	100,
			"load":	0,
			"nfServiceList":	{
				"48606300-694b-41ed-927b-4d0a906ac64b":	{
					"serviceInstanceId":	"48606300-694b-41ed-927b-4d0a906ac64b",
					"serviceName":	"nudm-sdm",
					"versions":	[{
							"apiVersionInUri":	"v2",
							"apiFullVersion":	"2.0.0"
						}],
					"scheme":	"http",
					"nfServiceStatus":	"REGISTERED",
					"ipEndPoints":	[{
							"ipv4Address":	"127.0.0.12",
							"port":	7777
						}],
					"allowedNfTypes":	["AMF", "SMF"],
					"priority":	0,
					"capacity":	100,
					"load":	0
				}
			},
			"nfProfileChangesSupportInd":	true
		}]
} (../lib/sbi/nghttp2-server.c:366)
11/20 19:19:22.380: [sbi] DEBUG: STREAM closed [7] (../lib/sbi/nghttp2-server.c:852)
0000: 00000b01 04000000 0788c2bf 0f0d0338   ...............8
0010: 3832bec0                              82..
11/20 19:19:22.380: [smf] INFO: [Added] Number of SMF-UEs is now 3 (../src/smf/context.c:1010)
11/20 19:19:22.380: [smf] DEBUG: smf_gsm_state_initial(): ENTRY (../src/smf/gsm-sm.c:233)
11/20 19:19:22.380: [smf] INFO: [Added] Number of SMF-Sessions is now 3 (../src/smf/context.c:3086)
11/20 19:19:22.380: [smf] DEBUG: smf_gsm_state_initial(): OGS_EVENT_NAME_SBI_SERVER (../src/smf/gsm-sm.c:233)
11/20 19:19:22.380: [sock] DEBUG: addr:127.0.0.5, port:7777 (../lib/core/ogs-sockaddr.c:140)
11/20 19:19:22.380: [smf] DEBUG: [REF] 5 (../src/smf/nsmf-handler.c:192)
11/20 19:19:22.380: [smf] DEBUG: smf_state_operational(): OGS_EVENT_NAME_SBI_CLIENT (../src/smf/smf-sm.c:83)
0000: 00037200 01000000 077b0a09 2276616c   ..r......{.."val
0010: 69646974 79506572 696f6422 3a093336   idityPeriod":.36
0020: 30302c0a 09226e66 496e7374 616e6365   00,.."nfInstance
0030: 73223a09 5b7b0a09 0909226e 66496e73   s":.[{...."nfIns
0040: 74616e63 65496422 3a092234 38363035   tanceId":."48605
0050: 3464632d 36393462 2d343165 642d3932   4dc-694b-41ed-92
0060: 37622d34 64306139 30366163 36346222   7b-4d0a906ac64b"
0070: 2c0a0909 09226e66 54797065 223a0922   ,...."nfType":."
0080: 55444d22 2c0a0909 09226e66 53746174   UDM",...."nfStat
0090: 7573223a 09225245 47495354 45524544   us":."REGISTERED
00a0: 222c0a09 09092268 65617274 42656174   ",...."heartBeat
00b0: 54696d65 72223a09 31302c0a 09090922   Timer":.10,...."
00c0: 69707634 41646472 65737365 73223a09   ipv4Addresses":.
00d0: 5b223132 372e302e 302e3132 225d2c0a   ["127.0.0.12"],.
00e0: 09090922 616c6c6f 7765644e 66547970   ..."allowedNfTyp
00f0: 6573223a 095b2241 4d46222c 2022534d   es":.["AMF", "SM
0100: 46222c20 22415553 46222c20 22534350   F", "AUSF", "SCP
0110: 225d2c0a 09090922 7072696f 72697479   "],...."priority
0120: 223a0930 2c0a0909 09226361 70616369   ":.0,...."capaci
0130: 7479223a 09313030 2c0a0909 09226c6f   ty":.100,...."lo
0140: 6164223a 09302c0a 09090922 6e665365   ad":.0,...."nfSe
0150: 72766963 654c6973 74223a09 7b0a0909   rviceList":.{...
0160: 09092234 38363036 3330302d 36393462   .."48606300-694b
0170: 2d343165 642d3932 37622d34 64306139   -41ed-927b-4d0a9
0180: 30366163 36346222 3a097b0a 09090909   06ac64b":.{.....
0190: 09227365 72766963 65496e73 74616e63   ."serviceInstanc
01a0: 65496422 3a092234 38363036 3330302d   eId":."48606300-
01b0: 36393462 2d343165 642d3932 37622d34   694b-41ed-927b-4
01c0: 64306139 30366163 36346222 2c0a0909   d0a906ac64b",...
01d0: 09090922 73657276 6963654e 616d6522   ..."serviceName"
01e0: 3a09226e 75646d2d 73646d22 2c0a0909   :."nudm-sdm",...
01f0: 09090922 76657273 696f6e73 223a095b   ..."versions":.[
0200: 7b0a0909 09090909 09226170 69566572   {........"apiVer
0210: 73696f6e 496e5572 69223a09 22763222   sionInUri":."v2"
0220: 2c0a0909 09090909 09226170 6946756c   ,........"apiFul
0230: 6c566572 73696f6e 223a0922 322e302e   lVersion":."2.0.
0240: 30220a09 09090909 097d5d2c 0a090909   0".......}],....
0250: 09092273 6368656d 65223a09 22687474   .."scheme":."htt
0260: 70222c0a 09090909 09226e66 53657276   p",......"nfServ
0270: 69636553 74617475 73223a09 22524547   iceStatus":."REG
0280: 49535445 52454422 2c0a0909 09090922   ISTERED",......"
0290: 6970456e 64506f69 6e747322 3a095b7b   ipEndPoints":.[{
02a0: 0a090909 09090909 22697076 34416464   ........"ipv4Add
02b0: 72657373 223a0922 3132372e 302e302e   ress":."127.0.0.
02c0: 3132222c 0a090909 09090909 22706f72   12",........"por
02d0: 74223a09 37373737 0a090909 0909097d   t":.7777.......}
02e0: 5d2c0a09 09090909 22616c6c 6f776564   ],......"allowed
02f0: 4e665479 70657322 3a095b22 414d4622   NfTypes":.["AMF"
0300: 2c202253 4d46225d 2c0a0909 09090922   , "SMF"],......"
0310: 7072696f 72697479 223a0930 2c0a0909   priority":.0,...
0320: 09090922 63617061 63697479 223a0931   ..."capacity":.1
0330: 30302c0a 09090909 09226c6f 6164223a   00,......"load":
0340: 09300a09 0909097d 0a090909 7d2c0a09   .0.....}....},..
0350: 0909226e 6650726f 66696c65 4368616e   .."nfProfileChan
0360: 67657353 7570706f 7274496e 64223a09   gesSupportInd":.
0370: 74727565 0a09097d 5d0a7d              true...}].}
11/20 19:19:22.380: [sbi] DEBUG: ogs_sbi_nf_instance_add() (../lib/sbi/context.c:762)
11/20 19:19:22.380: [sbi] DEBUG: [REF] 1 (../lib/sbi/context.c:764)
11/20 19:19:22.380: [sbi] DEBUG: ogs_sbi_nf_state_initial(): ENTRY (../lib/sbi/nf-sm.c:66)
11/20 19:19:22.380: [sbi] DEBUG: ogs_sbi_nf_state_registered(): ENTRY (../lib/sbi/nf-sm.c:204)
11/20 19:19:22.380: [sbi] INFO: [486054dc-694b-41ed-927b-4d0a906ac64b] (NF-discover) NF registered (../lib/sbi/nnrf-handler.c:725)
11/20 19:19:22.380: [sock] DEBUG: addr:127.0.0.12, port:80 (../lib/core/ogs-sockaddr.c:140)
11/20 19:19:22.380: [sock] DEBUG: addr:127.0.0.12, port:7777 (../lib/core/ogs-sockaddr.c:140)
11/20 19:19:22.380: [sbi] DEBUG: ogs_sbi_client_add() (../lib/sbi/client.c:112)
11/20 19:19:22.380: [sbi] DEBUG: [REF] 1 (../lib/sbi/client.c:113)
11/20 19:19:22.380: [sbi] DEBUG: [REF] 2 (../lib/sbi/context.c:1570)
11/20 19:19:22.381: [sbi] DEBUG: ogs_sbi_client_add() (../lib/sbi/client.c:112)
11/20 19:19:22.381: [sbi] DEBUG: [REF] 1 (../lib/sbi/client.c:113)
11/20 19:19:22.381: [sbi] DEBUG: [REF] 2 (../lib/sbi/context.c:1482)
11/20 19:19:22.381: [sbi] INFO: [486054dc-694b-41ed-927b-4d0a906ac64b] (NF-discover) NF Profile updated (../lib/sbi/nnrf-handler.c:752)
11/20 19:19:22.381: [smf] DEBUG: [REF] 2 (../src/smf/nnrf-handler.c:66)
11/20 19:19:22.381: [sbi] DEBUG: [GET] http://127.0.0.12:7777/nudm-sdm/v2/imsi-999702000000010/sm-data (../lib/sbi/client.c:625)
11/20 19:19:22.381: [smf] DEBUG: smf_state_operational(): SMF_EVT_5GSM_MESSAGE (../src/smf/smf-sm.c:83)
11/20 19:19:22.381: [smf] DEBUG: smf_gsm_state_initial(): SMF_EVT_5GSM_MESSAGE (../src/smf/gsm-sm.c:233)
11/20 19:19:22.381: [sbi] DEBUG: [REF] 3 (../lib/sbi/path.c:212)
11/20 19:19:22.381: [sbi] DEBUG: [GET] http://127.0.0.12:7777/nudm-sdm/v2/imsi-999700000000010/sm-data (../lib/sbi/client.c:625)
11/20 19:19:22.381: [smf] DEBUG: smf_gsm_state_initial(): EXIT (../src/smf/gsm-sm.c:233)
11/20 19:19:22.381: [smf] DEBUG: smf_gsm_state_wait_5gc_sm_policy_association(): ENTRY (../src/smf/gsm-sm.c:480)
11/20 19:19:22.381: [sbi] DEBUG: MAX_CONCURRENT_STREAMS = 100 (../lib/sbi/nghttp2-server.c:747)
11/20 19:19:22.381: [sbi] DEBUG: ENABLE_PUSH = false (../lib/sbi/nghttp2-server.c:749)
11/20 19:19:22.381: [sbi] DEBUG: [200:GET] http://[::1]:7777/nnrf-disc/v1/nf-instances?requester-nf-type=SMF&service-names=nudm-sdm&target-nf-type=UDM (../lib/sbi/client.c:573)
11/20 19:19:22.381: [sbi] DEBUG: RECEIVED[882] (../lib/sbi/client.c:584)
11/20 19:19:22.381: [sbi] DEBUG: {
	"validityPeriod":	3600,
	"nfInstances":	[{
			"nfInstanceId":	"486054dc-694b-41ed-927b-4d0a906ac64b",
			"nfType":	"UDM",
			"nfStatus":	"REGISTERED",
			"heartBeatTimer":	10,
			"ipv4Addresses":	["127.0.0.12"],
			"allowedNfTypes":	["AMF", "SMF", "AUSF", "SCP"],
			"priority":	0,
			"capacity":	100,
			"load":	0,
			"nfServiceList":	{
				"48606300-694b-41ed-927b-4d0a906ac64b":	{
					"serviceInstanceId":	"48606300-694b-41ed-927b-4d0a906ac64b",
					"serviceName":	"nudm-sdm",
					"versions":	[{
							"apiVersionInUri":	"v2",
							"apiFullVersion":	"2.0.0"
						}],
					"scheme":	"http",
					"nfServiceStatus":	"REGISTERED",
					"ipEndPoints":	[{
							"ipv4Address":	"127.0.0.12",
							"port":	7777
						}],
					"allowedNfTypes":	["AMF", "SMF"],
					"priority":	0,
					"capacity":	100,
					"load":	0
				}
			},
			"nfProfileChangesSupportInd":	true
		}]
} (../lib/sbi/client.c:586)
0000: 00000604 00000000 00000300 04e200     ...............
11/20 19:19:22.382: [sbi] DEBUG: MAX_CONCURRENT_STREAMS = 100 (../lib/sbi/nghttp2-server.c:747)
11/20 19:19:22.382: [sbi] DEBUG: ENABLE_PUSH = false (../lib/sbi/nghttp2-server.c:749)
11/20 19:19:22.382: [sbi] DEBUG: STREAM added [1] (../lib/sbi/nghttp2-server.c:1122)
11/20 19:19:22.382: [sbi] DEBUG: [GET] /nudm-sdm/v2/imsi-999702000000010/sm-data (../lib/sbi/nghttp2-server.c:801)
11/20 19:19:22.382: [udm] DEBUG: udm_state_operational(): OGS_EVENT_NAME_SBI_SERVER (../src/udm/udm-sm.c:53)
11/20 19:19:22.382: [udm] DEBUG: udm_ue_state_operational(): OGS_EVENT_NAME_SBI_SERVER (../src/udm/ue-sm.c:46)
11/20 19:19:22.382: [sbi] DEBUG: [GET] http://127.0.0.20:7777/nudr-dr/v1/subscription-data/imsi-999702000000010/99970/provisioned-data/sm-data (../lib/sbi/client.c:625)
11/20 19:19:22.382: [sbi] DEBUG: MAX_CONCURRENT_STREAMS = 100 (../lib/sbi/nghttp2-server.c:747)
11/20 19:19:22.382: [sbi] DEBUG: ENABLE_PUSH = false (../lib/sbi/nghttp2-server.c:749)
11/20 19:19:22.382: [sbi] DEBUG: STREAM added [17] (../lib/sbi/nghttp2-server.c:1122)
11/20 19:19:22.382: [sbi] DEBUG: MAX_CONCURRENT_STREAMS = 100 (../lib/sbi/nghttp2-server.c:747)
11/20 19:19:22.382: [sbi] DEBUG: [GET] /nudr-dr/v1/subscription-data/imsi-999702000000010/99970/provisioned-data/sm-data (../lib/sbi/nghttp2-server.c:801)
11/20 19:19:22.382: [sbi] DEBUG: ENABLE_PUSH = false (../lib/sbi/nghttp2-server.c:749)
11/20 19:19:22.382: [udr] DEBUG: udr_state_operational(): OGS_EVENT_NAME_SBI_SERVER (../src/udr/udr-sm.c:51)
0000: 00000604 00000000 00000300 04e200     ...............
11/20 19:19:22.382: [sbi] DEBUG: STREAM added [1] (../lib/sbi/nghttp2-server.c:1122)
11/20 19:19:22.382: [sbi] DEBUG: [GET] /nudm-sdm/v2/imsi-999700000000010/sm-data (../lib/sbi/nghttp2-server.c:801)
11/20 19:19:22.382: [udm] DEBUG: udm_state_operational(): OGS_EVENT_NAME_SBI_SERVER (../src/udm/udm-sm.c:53)
11/20 19:19:22.382: [udm] DEBUG: udm_ue_state_operational(): OGS_EVENT_NAME_SBI_SERVER (../src/udm/ue-sm.c:46)
11/20 19:19:22.382: [smf] DEBUG: smf_state_operational(): OGS_EVENT_NAME_SBI_CLIENT (../src/smf/smf-sm.c:83)
11/20 19:19:22.382: [sbi] DEBUG: [GET] http://127.0.0.20:7777/nudr-dr/v1/subscription-data/imsi-999700000000010/99970/provisioned-data/sm-data (../lib/sbi/client.c:625)
11/20 19:19:22.382: [sbi] DEBUG: MAX_CONCURRENT_STREAMS = 100 (../lib/sbi/nghttp2-server.c:747)
11/20 19:19:22.382: [sbi] DEBUG: ENABLE_PUSH = false (../lib/sbi/nghttp2-server.c:749)
11/20 19:19:22.382: [sbi] WARNING: [486054dc-694b-41ed-927b-4d0a906ac64b] (NF-discover) NF has already been added (../lib/sbi/nnrf-handler.c:730)
11/20 19:19:22.382: [sbi] DEBUG: STATUS [200] (../lib/sbi/nghttp2-server.c:357)
11/20 19:19:22.382: [sock] DEBUG: addr:127.0.0.12, port:80 (../lib/core/ogs-sockaddr.c:140)
11/20 19:19:22.382: [sbi] DEBUG: SENDING...: 626 (../lib/sbi/nghttp2-server.c:365)
11/20 19:19:22.382: [sbi] DEBUG: [{
		"singleNssai":	{
			"sst":	1
		},
		"dnnConfigurations":	{
			"internet":	{
				"pduSessionTypes":	{
					"defaultSessionType":	"IPV4V6",
					"allowedSessionTypes":	["IPV4", "IPV6", "IPV4V6"]
				},
				"sscModes":	{
					"defaultSscMode":	"SSC_MODE_1",
					"allowedSscModes":	["SSC_MODE_1", "SSC_MODE_2", "SSC_MODE_3"]
				},
				"5gQosProfile":	{
					"5qi":	9,
					"arp":	{
						"priorityLevel":	8,
						"preemptCap":	"NOT_PREEMPT",
						"preemptVuln":	"NOT_PREEMPTABLE"
					},
					"priorityLevel":	8
				},
				"sessionAmbr":	{
					"uplink":	"1048576 Kbps",
					"downlink":	"1048576 Kbps"
				}
			}
		}
	}] (../lib/sbi/nghttp2-server.c:366)
11/20 19:19:22.382: [sock] DEBUG: addr:127.0.0.12, port:7777 (../lib/core/ogs-sockaddr.c:140)
11/20 19:19:22.382: [sbi] DEBUG: STREAM closed [17] (../lib/sbi/nghttp2-server.c:852)
11/20 19:19:22.382: [sbi] WARNING: NF EndPoint updated [127.0.0.12:80] (../lib/sbi/context.c:1570)
11/20 19:19:22.382: [sbi] DEBUG: ogs_sbi_client_remove() [127.0.0.12:80] (../lib/sbi/client.c:153)
0000: 00000a01 04000000 1188c0bf 0f0d0336   ...............6
0010: 3236be                                26.
11/20 19:19:22.383: [sbi] DEBUG: [UNREF] 2 (../lib/sbi/client.c:157)
11/20 19:19:22.383: [sbi] DEBUG: STREAM added [9] (../lib/sbi/nghttp2-server.c:1122)
11/20 19:19:22.383: [sbi] DEBUG: [REF] 2 (../lib/sbi/context.c:1570)
11/20 19:19:22.383: [sbi] DEBUG: [GET] /nudr-dr/v1/subscription-data/imsi-999700000000010/99970/provisioned-data/sm-data (../lib/sbi/nghttp2-server.c:801)
11/20 19:19:22.383: [sbi] WARNING: NF EndPoint updated [127.0.0.12:7777] (../lib/sbi/context.c:1482)
11/20 19:19:22.383: [udr] DEBUG: udr_state_operational(): OGS_EVENT_NAME_SBI_SERVER (../src/udr/udr-sm.c:51)
11/20 19:19:22.383: [sbi] DEBUG: ogs_sbi_client_remove() [127.0.0.12:7777] (../lib/sbi/client.c:153)
11/20 19:19:22.383: [sbi] DEBUG: [UNREF] 2 (../lib/sbi/client.c:157)
11/20 19:19:22.383: [sbi] DEBUG: [REF] 2 (../lib/sbi/context.c:1482)
11/20 19:19:22.383: [sbi] INFO: [486054dc-694b-41ed-927b-4d0a906ac64b] (NF-discover) NF Profile updated (../lib/sbi/nnrf-handler.c:752)
11/20 19:19:22.383: [smf] DEBUG: [REF] 4 (../src/smf/nnrf-handler.c:66)
11/20 19:19:22.383: [sbi] DEBUG: [GET] http://127.0.0.12:7777/nudm-sdm/v2/imsi-999701000000010/sm-data (../lib/sbi/client.c:625)
11/20 19:19:22.383: [sbi] DEBUG: STATUS [200] (../lib/sbi/nghttp2-server.c:357)
11/20 19:19:22.383: [sbi] DEBUG: SENDING...: 626 (../lib/sbi/nghttp2-server.c:365)
11/20 19:19:22.383: [sbi] DEBUG: [{
		"singleNssai":	{
			"sst":	1
		},
		"dnnConfigurations":	{
			"internet":	{
				"pduSessionTypes":	{
					"defaultSessionType":	"IPV4V6",
					"allowedSessionTypes":	["IPV4", "IPV6", "IPV4V6"]
				},
				"sscModes":	{
					"defaultSscMode":	"SSC_MODE_1",
					"allowedSscModes":	["SSC_MODE_1", "SSC_MODE_2", "SSC_MODE_3"]
				},
				"5gQosProfile":	{
					"5qi":	9,
					"arp":	{
						"priorityLevel":	8,
						"preemptCap":	"NOT_PREEMPT",
						"preemptVuln":	"NOT_PREEMPTABLE"
					},
					"priorityLevel":	8
				},
				"sessionAmbr":	{
					"uplink":	"1048576 Kbps",
					"downlink":	"1048576 Kbps"
				}
			}
		}
	}] (../lib/sbi/nghttp2-server.c:366)
11/20 19:19:22.383: [sbi] DEBUG: STREAM closed [9] (../lib/sbi/nghttp2-server.c:852)
0000: 00000604 00000000 00000300 04e200     ...............
11/20 19:19:22.383: [sbi] DEBUG: MAX_CONCURRENT_STREAMS = 100 (../lib/sbi/nghttp2-server.c:747)
11/20 19:19:22.383: [sbi] DEBUG: ENABLE_PUSH = false (../lib/sbi/nghttp2-server.c:749)
11/20 19:19:22.383: [sbi] DEBUG: [200:GET] http://127.0.0.20:7777/nudr-dr/v1/subscription-data/imsi-999702000000010/99970/provisioned-data/sm-data?single-nssai=%7B%0A%09%22sst%22%3A%091%0A%7D&dnn=internet (../lib/sbi/client.c:573)
11/20 19:19:22.383: [sbi] DEBUG: RECEIVED[626] (../lib/sbi/client.c:584)
11/20 19:19:22.383: [sbi] DEBUG: [{
		"singleNssai":	{
			"sst":	1
		},
		"dnnConfigurations":	{
			"internet":	{
				"pduSessionTypes":	{
					"defaultSessionType":	"IPV4V6",
					"allowedSessionTypes":	["IPV4", "IPV6", "IPV4V6"]
				},
				"sscModes":	{
					"defaultSscMode":	"SSC_MODE_1",
					"allowedSscModes":	["SSC_MODE_1", "SSC_MODE_2", "SSC_MODE_3"]
				},
				"5gQosProfile":	{
					"5qi":	9,
					"arp":	{
						"priorityLevel":	8,
						"preemptCap":	"NOT_PREEMPT",
						"preemptVuln":	"NOT_PREEMPTABLE"
					},
					"priorityLevel":	8
				},
				"sessionAmbr":	{
					"uplink":	"1048576 Kbps",
					"downlink":	"1048576 Kbps"
				}
			}
		}
	}] (../lib/sbi/client.c:586)
11/20 19:19:22.383: [udm] DEBUG: udm_state_operational(): OGS_EVENT_NAME_SBI_CLIENT (../src/udm/udm-sm.c:53)
0000: 00027200 01000000 115b7b0a 09092273   ..r......[{..."s
0010: 696e676c 654e7373 6169223a 097b0a09   ingleNssai":.{..
0020: 09092273 7374223a 09310a09 097d2c0a   .."sst":.1...},.
0030: 09092264 6e6e436f 6e666967 75726174   .."dnnConfigurat
0040: 696f6e73 223a097b 0a090909 22696e74   ions":.{...."int
0050: 65726e65 74223a09 7b0a0909 09092270   ernet":.{....."p
0060: 64755365 7373696f 6e547970 6573223a   duSessionTypes":
0070: 097b0a09 09090909 22646566 61756c74   .{......"default
0080: 53657373 696f6e54 79706522 3a092249   SessionType":."I
0090: 50563456 36222c0a 09090909 0922616c   PV4V6",......"al
00a0: 6c6f7765 64536573 73696f6e 54797065   lowedSessionType
00b0: 73223a09 5b224950 5634222c 20224950   s":.["IPV4", "IP
00c0: 5636222c 20224950 56345636 225d0a09   V6", "IPV4V6"]..
00d0: 0909097d 2c0a0909 09092273 73634d6f   ...},....."sscMo
00e0: 64657322 3a097b0a 09090909 09226465   des":.{......"de
00f0: 6661756c 74537363 4d6f6465 223a0922   faultSscMode":."
0100: 5353435f 4d4f4445 5f31222c 0a090909   SSC_MODE_1",....
0110: 09092261 6c6c6f77 65645373 634d6f64   .."allowedSscMod
0120: 6573223a 095b2253 53435f4d 4f44455f   es":.["SSC_MODE_
0130: 31222c20 22535343 5f4d4f44 455f3222   1", "SSC_MODE_2"
0140: 2c202253 53435f4d 4f44455f 33225d0a   , "SSC_MODE_3"].
0150: 09090909 7d2c0a09 09090922 3567516f   ....},....."5gQo
0160: 7350726f 66696c65 223a097b 0a090909   sProfile":.{....
0170: 09092235 7169223a 09392c0a 09090909   .."5qi":.9,.....
0180: 09226172 70223a09 7b0a0909 09090909   ."arp":.{.......
0190: 22707269 6f726974 794c6576 656c223a   "priorityLevel":
01a0: 09382c0a 09090909 09092270 7265656d   .8,......."preem
01b0: 70744361 70223a09 224e4f54 5f505245   ptCap":."NOT_PRE
01c0: 454d5054 222c0a09 09090909 09227072   EMPT",......."pr
01d0: 65656d70 7456756c 6e223a09 224e4f54   eemptVuln":."NOT
01e0: 5f505245 454d5054 41424c45 220a0909   _PREEMPTABLE"...
01f0: 0909097d 2c0a0909 09090922 7072696f   ...},......"prio
0200: 72697479 4c657665 6c223a09 380a0909   rityLevel":.8...
0210: 09097d2c 0a090909 09227365 7373696f   ..},....."sessio
0220: 6e416d62 72223a09 7b0a0909 09090922   nAmbr":.{......"
0230: 75706c69 6e6b223a 09223130 34383537   uplink":."104857
0240: 36204b62 7073222c 0a090909 09092264   6 Kbps",......"d
0250: 6f776e6c 696e6b22 3a092231 30343835   ownlink":."10485
0260: 3736204b 62707322 0a090909 097d0a09   76 Kbps".....}..
0270: 09097d0a 09097d0a 097d5d              ..}...}..}]
0000: 00000a01 04000000 0988c0bf 0f0d0336   ...............6
0010: 3236be                                26.
11/20 19:19:22.383: [udm] DEBUG: udm_ue_state_operational(): OGS_EVENT_NAME_SBI_CLIENT (../src/udm/ue-sm.c:46)
0000: 00027200 01000000 095b7b0a 09092273   ..r......[{..."s
0010: 696e676c 654e7373 6169223a 097b0a09   ingleNssai":.{..
0020: 09092273 7374223a 09310a09 097d2c0a   .."sst":.1...},.
0030: 09092264 6e6e436f 6e666967 75726174   .."dnnConfigurat
0040: 696f6e73 223a097b 0a090909 22696e74   ions":.{...."int
0050: 65726e65 74223a09 7b0a0909 09092270   ernet":.{....."p
0060: 64755365 7373696f 6e547970 6573223a   duSessionTypes":
0070: 097b0a09 09090909 22646566 61756c74   .{......"default
0080: 53657373 696f6e54 79706522 3a092249   SessionType":."I
0090: 50563456 36222c0a 09090909 0922616c   PV4V6",......"al
00a0: 6c6f7765 64536573 73696f6e 54797065   lowedSessionType
00b0: 73223a09 5b224950 5634222c 20224950   s":.["IPV4", "IP
00c0: 5636222c 20224950 56345636 225d0a09   V6", "IPV4V6"]..
00d0: 0909097d 2c0a0909 09092273 73634d6f   ...},....."sscMo
00e0: 64657322 3a097b0a 09090909 09226465   des":.{......"de
00f0: 6661756c 74537363 4d6f6465 223a0922   faultSscMode":."
0100: 5353435f 4d4f4445 5f31222c 0a090909   SSC_MODE_1",....
0110: 09092261 6c6c6f77 65645373 634d6f64   .."allowedSscMod
0120: 6573223a 095b2253 53435f4d 4f44455f   es":.["SSC_MODE_
0130: 31222c20 22535343 5f4d4f44 455f3222   1", "SSC_MODE_2"
0140: 2c202253 53435f4d 4f44455f 33225d0a   , "SSC_MODE_3"].
0150: 09090909 7d2c0a09 09090922 3567516f   ....},....."5gQo
0160: 7350726f 66696c65 223a097b 0a090909   sProfile":.{....
0170: 09092235 7169223a 09392c0a 09090909   .."5qi":.9,.....
0180: 09226172 70223a09 7b0a0909 09090909   ."arp":.{.......
0190: 22707269 6f726974 794c6576 656c223a   "priorityLevel":
01a0: 09382c0a 09090909 09092270 7265656d   .8,......."preem
01b0: 70744361 70223a09 224e4f54 5f505245   ptCap":."NOT_PRE
01c0: 454d5054 222c0a09 09090909 09227072   EMPT",......."pr
01d0: 65656d70 7456756c 6e223a09 224e4f54   eemptVuln":."NOT
01e0: 5f505245 454d5054 41424c45 220a0909   _PREEMPTABLE"...
01f0: 0909097d 2c0a0909 09090922 7072696f   ...},......"prio
0200: 72697479 4c657665 6c223a09 380a0909   rityLevel":.8...
0210: 09097d2c 0a090909 09227365 7373696f   ..},....."sessio
0220: 6e416d62 72223a09 7b0a0909 09090922   nAmbr":.{......"
0230: 75706c69 6e6b223a 09223130 34383537   uplink":."104857
0240: 36204b62 7073222c 0a090909 09092264   6 Kbps",......"d
0250: 6f776e6c 696e6b22 3a092231 30343835   ownlink":."10485
0260: 3736204b 62707322 0a090909 097d0a09   76 Kbps".....}..
0270: 09097d0a 09097d0a 097d5d              ..}...}..}]
11/20 19:19:22.383: [sbi] DEBUG: STATUS [200] (../lib/sbi/nghttp2-server.c:357)
11/20 19:19:22.383: [sbi] DEBUG: SENDING...: 626 (../lib/sbi/nghttp2-server.c:365)
11/20 19:19:22.383: [sbi] DEBUG: [{
		"singleNssai":	{
			"sst":	1
		},
		"dnnConfigurations":	{
			"internet":	{
				"pduSessionTypes":	{
					"defaultSessionType":	"IPV4V6",
					"allowedSessionTypes":	["IPV4", "IPV6", "IPV4V6"]
				},
				"sscModes":	{
					"defaultSscMode":	"SSC_MODE_1",
					"allowedSscModes":	["SSC_MODE_1", "SSC_MODE_2", "SSC_MODE_3"]
				},
				"5gQosProfile":	{
					"5qi":	9,
					"arp":	{
						"priorityLevel":	8,
						"preemptCap":	"NOT_PREEMPT",
						"preemptVuln":	"NOT_PREEMPTABLE"
					},
					"priorityLevel":	8
				},
				"sessionAmbr":	{
					"uplink":	"1048576 Kbps",
					"downlink":	"1048576 Kbps"
				}
			}
		}
	}] (../lib/sbi/nghttp2-server.c:366)
11/20 19:19:22.383: [sbi] DEBUG: STREAM closed [1] (../lib/sbi/nghttp2-server.c:852)
11/20 19:19:22.383: [sbi] DEBUG: STREAM added [1] (../lib/sbi/nghttp2-server.c:1122)
11/20 19:19:22.383: [sbi] DEBUG: [GET] /nudm-sdm/v2/imsi-999701000000010/sm-data (../lib/sbi/nghttp2-server.c:801)
11/20 19:19:22.383: [sbi] DEBUG: MAX_CONCURRENT_STREAMS = 100 (../lib/sbi/nghttp2-server.c:747)
11/20 19:19:22.383: [sbi] DEBUG: ENABLE_PUSH = false (../lib/sbi/nghttp2-server.c:749)
11/20 19:19:22.383: [sbi] DEBUG: [200:GET] http://127.0.0.20:7777/nudr-dr/v1/subscription-data/imsi-999700000000010/99970/provisioned-data/sm-data?single-nssai=%7B%0A%09%22sst%22%3A%091%0A%7D&dnn=internet (../lib/sbi/client.c:573)
11/20 19:19:22.383: [sbi] DEBUG: RECEIVED[626] (../lib/sbi/client.c:584)
11/20 19:19:22.384: [sbi] DEBUG: [{
		"singleNssai":	{
			"sst":	1
		},
		"dnnConfigurations":	{
			"internet":	{
				"pduSessionTypes":	{
					"defaultSessionType":	"IPV4V6",
					"allowedSessionTypes":	["IPV4", "IPV6", "IPV4V6"]
				},
				"sscModes":	{
					"defaultSscMode":	"SSC_MODE_1",
					"allowedSscModes":	["SSC_MODE_1", "SSC_MODE_2", "SSC_MODE_3"]
				},
				"5gQosProfile":	{
					"5qi":	9,
					"arp":	{
						"priorityLevel":	8,
						"preemptCap":	"NOT_PREEMPT",
						"preemptVuln":	"NOT_PREEMPTABLE"
					},
					"priorityLevel":	8
				},
				"sessionAmbr":	{
					"uplink":	"1048576 Kbps",
					"downlink":	"1048576 Kbps"
				}
			}
		}
	}] (../lib/sbi/client.c:586)
0000: 00000004 01000000 00                  .........
11/20 19:19:22.384: [udm] DEBUG: udm_state_operational(): OGS_EVENT_NAME_SBI_SERVER (../src/udm/udm-sm.c:53)
11/20 19:19:22.384: [udm] DEBUG: udm_ue_state_operational(): OGS_EVENT_NAME_SBI_SERVER (../src/udm/ue-sm.c:46)
11/20 19:19:22.384: [sbi] DEBUG: [GET] http://127.0.0.20:7777/nudr-dr/v1/subscription-data/imsi-999701000000010/99970/provisioned-data/sm-data (../lib/sbi/client.c:625)
11/20 19:19:22.384: [udm] DEBUG: udm_state_operational(): OGS_EVENT_NAME_SBI_CLIENT (../src/udm/udm-sm.c:53)
11/20 19:19:22.384: [udm] DEBUG: udm_ue_state_operational(): OGS_EVENT_NAME_SBI_CLIENT (../src/udm/ue-sm.c:46)
11/20 19:19:22.384: [sbi] DEBUG: STATUS [200] (../lib/sbi/nghttp2-server.c:357)
11/20 19:19:22.384: [sbi] DEBUG: SENDING...: 626 (../lib/sbi/nghttp2-server.c:365)
11/20 19:19:22.384: [sbi] DEBUG: [{
		"singleNssai":	{
			"sst":	1
		},
		"dnnConfigurations":	{
			"internet":	{
				"pduSessionTypes":	{
					"defaultSessionType":	"IPV4V6",
					"allowedSessionTypes":	["IPV4", "IPV6", "IPV4V6"]
				},
				"sscModes":	{
					"defaultSscMode":	"SSC_MODE_1",
					"allowedSscModes":	["SSC_MODE_1", "SSC_MODE_2", "SSC_MODE_3"]
				},
				"5gQosProfile":	{
					"5qi":	9,
					"arp":	{
						"priorityLevel":	8,
						"preemptCap":	"NOT_PREEMPT",
						"preemptVuln":	"NOT_PREEMPTABLE"
					},
					"priorityLevel":	8
				},
				"sessionAmbr":	{
					"uplink":	"1048576 Kbps",
					"downlink":	"1048576 Kbps"
				}
			}
		}
	}] (../lib/sbi/nghttp2-server.c:366)
11/20 19:19:22.384: [sbi] DEBUG: STREAM closed [1] (../lib/sbi/nghttp2-server.c:852)
0000: 00003901 04000000 0188768b d5596a6f   ..9.......v..Yjo
0010: 16e53b89 76d76f61 96d07abe 941054d2   ..;.v.oa..z...T.
0020: 7eea0802 128066e0 5fb82129 8b46ff0f   ~.....f._.!).F..
0030: 0d033632 365f8b1d 75d0620d 263d4c74   ..626_..u.b.&=Lt
0040: 41ea                                  A.
0000: 00000004 01000000 00                  .........
11/20 19:19:22.384: [sbi] DEBUG: STREAM added [19] (../lib/sbi/nghttp2-server.c:1122)
11/20 19:19:22.384: [sbi] DEBUG: [GET] /nudr-dr/v1/subscription-data/imsi-999701000000010/99970/provisioned-data/sm-data (../lib/sbi/nghttp2-server.c:801)
11/20 19:19:22.384: [udr] DEBUG: udr_state_operational(): OGS_EVENT_NAME_SBI_SERVER (../src/udr/udr-sm.c:51)
11/20 19:19:22.384: [sbi] DEBUG: [200:GET] http://127.0.0.12:7777/nudm-sdm/v2/imsi-999702000000010/sm-data?single-nssai=%7B%0A%09%22sst%22%3A%091%0A%7D&dnn=internet (../lib/sbi/client.c:573)
11/20 19:19:22.384: [sbi] DEBUG: RECEIVED[626] (../lib/sbi/client.c:584)
11/20 19:19:22.384: [sbi] DEBUG: [{
		"singleNssai":	{
			"sst":	1
		},
		"dnnConfigurations":	{
			"internet":	{
				"pduSessionTypes":	{
					"defaultSessionType":	"IPV4V6",
					"allowedSessionTypes":	["IPV4", "IPV6", "IPV4V6"]
				},
				"sscModes":	{
					"defaultSscMode":	"SSC_MODE_1",
					"allowedSscModes":	["SSC_MODE_1", "SSC_MODE_2", "SSC_MODE_3"]
				},
				"5gQosProfile":	{
					"5qi":	9,
					"arp":	{
						"priorityLevel":	8,
						"preemptCap":	"NOT_PREEMPT",
						"preemptVuln":	"NOT_PREEMPTABLE"
					},
					"priorityLevel":	8
				},
				"sessionAmbr":	{
					"uplink":	"1048576 Kbps",
					"downlink":	"1048576 Kbps"
				}
			}
		}
	}] (../lib/sbi/client.c:586)
11/20 19:19:22.384: [smf] DEBUG: smf_state_operational(): OGS_EVENT_NAME_SBI_CLIENT (../src/smf/smf-sm.c:83)
11/20 19:19:22.384: [smf] DEBUG: smf_gsm_state_wait_5gc_sm_policy_association(): OGS_EVENT_NAME_SBI_CLIENT (../src/smf/gsm-sm.c:480)
11/20 19:19:22.384: [sbi] DEBUG: STATUS [201] (../lib/sbi/nghttp2-server.c:357)
11/20 19:19:22.384: [sbi] DEBUG: SENDING...: 3 (../lib/sbi/nghttp2-server.c:365)
11/20 19:19:22.384: [sbi] DEBUG: {
} (../lib/sbi/nghttp2-server.c:366)
11/20 19:19:22.384: [sbi] DEBUG: STREAM closed [1] (../lib/sbi/nghttp2-server.c:852)
0000: 00027200 01000000 015b7b0a 09092273   ..r......[{..."s
0010: 696e676c 654e7373 6169223a 097b0a09   ingleNssai":.{..
0020: 09092273 7374223a 09310a09 097d2c0a   .."sst":.1...},.
0030: 09092264 6e6e436f 6e666967 75726174   .."dnnConfigurat
0040: 696f6e73 223a097b 0a090909 22696e74   ions":.{...."int
0050: 65726e65 74223a09 7b0a0909 09092270   ernet":.{....."p
0060: 64755365 7373696f 6e547970 6573223a   duSessionTypes":
0070: 097b0a09 09090909 22646566 61756c74   .{......"default
0080: 53657373 696f6e54 79706522 3a092249   SessionType":."I
0090: 50563456 36222c0a 09090909 0922616c   PV4V6",......"al
00a0: 6c6f7765 64536573 73696f6e 54797065   lowedSessionType
00b0: 73223a09 5b224950 5634222c 20224950   s":.["IPV4", "IP
00c0: 5636222c 20224950 56345636 225d0a09   V6", "IPV4V6"]..
00d0: 0909097d 2c0a0909 09092273 73634d6f   ...},....."sscMo
00e0: 64657322 3a097b0a 09090909 09226465   des":.{......"de
00f0: 6661756c 74537363 4d6f6465 223a0922   faultSscMode":."
0100: 5353435f 4d4f4445 5f31222c 0a090909   SSC_MODE_1",....
0110: 09092261 6c6c6f77 65645373 634d6f64   .."allowedSscMod
0120: 6573223a 095b2253 53435f4d 4f44455f   es":.["SSC_MODE_
0130: 31222c20 22535343 5f4d4f44 455f3222   1", "SSC_MODE_2"
0140: 2c202253 53435f4d 4f44455f 33225d0a   , "SSC_MODE_3"].
0150: 09090909 7d2c0a09 09090922 3567516f   ....},....."5gQo
0160: 7350726f 66696c65 223a097b 0a090909   sProfile":.{....
0170: 09092235 7169223a 09392c0a 09090909   .."5qi":.9,.....
0180: 09226172 70223a09 7b0a0909 09090909   ."arp":.{.......
0190: 22707269 6f726974 794c6576 656c223a   "priorityLevel":
01a0: 09382c0a 09090909 09092270 7265656d   .8,......."preem
01b0: 70744361 70223a09 224e4f54 5f505245   ptCap":."NOT_PRE
01c0: 454d5054 222c0a09 09090909 09227072   EMPT",......."pr
01d0: 65656d70 7456756c 6e223a09 224e4f54   eemptVuln":."NOT
01e0: 5f505245 454d5054 41424c45 220a0909   _PREEMPTABLE"...
01f0: 0909097d 2c0a0909 09090922 7072696f   ...},......"prio
0200: 72697479 4c657665 6c223a09 380a0909   rityLevel":.8...
0210: 09097d2c 0a090909 09227365 7373696f   ..},....."sessio
0220: 6e416d62 72223a09 7b0a0909 09090922   nAmbr":.{......"
0230: 75706c69 6e6b223a 09223130 34383537   uplink":."104857
0240: 36204b62 7073222c 0a090909 09092264   6 Kbps",......"d
0250: 6f776e6c 696e6b22 3a092231 30343835   ownlink":."10485
0260: 3736204b 62707322 0a090909 097d0a09   76 Kbps".....}..
0270: 09097d0a 09097d0a 097d5d              ..}...}..}]
0000: 00003901 04000000 0188768b d5596a6f   ..9.......v..Yjo
0010: 16e53b89 76d76f61 96d07abe 941054d2   ..;.v.oa..z...T.
0020: 7eea0802 128066e0 5fb82129 8b46ff0f   ~.....f._.!).F..
0030: 0d033632 365f8b1d 75d0620d 263d4c74   ..626_..u.b.&=Lt
0040: 41ea                                  A.
11/20 19:19:22.384: [sbi] WARNING: Try to discover [npcf-smpolicycontrol] (../lib/sbi/path.c:337)
11/20 19:19:22.384: [sbi] DEBUG: [GET] http://[::1]:7777/nnrf-disc/v1/nf-instances (../lib/sbi/client.c:625)
11/20 19:19:22.384: [sbi] DEBUG: STATUS [200] (../lib/sbi/nghttp2-server.c:357)
11/20 19:19:22.384: [sbi] DEBUG: SENDING...: 626 (../lib/sbi/nghttp2-server.c:365)
11/20 19:19:22.384: [sbi] DEBUG: [{
		"singleNssai":	{
			"sst":	1
		},
		"dnnConfigurations":	{
			"internet":	{
				"pduSessionTypes":	{
					"defaultSessionType":	"IPV4V6",
					"allowedSessionTypes":	["IPV4", "IPV6", "IPV4V6"]
				},
				"sscModes":	{
					"defaultSscMode":	"SSC_MODE_1",
					"allowedSscModes":	["SSC_MODE_1", "SSC_MODE_2", "SSC_MODE_3"]
				},
				"5gQosProfile":	{
					"5qi":	9,
					"arp":	{
						"priorityLevel":	8,
						"preemptCap":	"NOT_PREEMPT",
						"preemptVuln":	"NOT_PREEMPTABLE"
					},
					"priorityLevel":	8
				},
				"sessionAmbr":	{
					"uplink":	"1048576 Kbps",
					"downlink":	"1048576 Kbps"
				}
			}
		}
	}] (../lib/sbi/nghttp2-server.c:366)
11/20 19:19:22.384: [sbi] DEBUG: STREAM closed [19] (../lib/sbi/nghttp2-server.c:852)
0000: 00000a01 04000000 1388c0bf 0f0d0336   ...............6
0010: 3236be                                26.
0000: 00000004 01000000 00                  .........
11/20 19:19:22.384: [sbi] DEBUG: [200:GET] http://127.0.0.12:7777/nudm-sdm/v2/imsi-999700000000010/sm-data?dnn=internet&single-nssai=%7B%0A%09%22sst%22%3A%091%0A%7D (../lib/sbi/client.c:573)
11/20 19:19:22.384: [sbi] DEBUG: RECEIVED[626] (../lib/sbi/client.c:584)
11/20 19:19:22.384: [sbi] DEBUG: [{
		"singleNssai":	{
			"sst":	1
		},
		"dnnConfigurations":	{
			"internet":	{
				"pduSessionTypes":	{
					"defaultSessionType":	"IPV4V6",
					"allowedSessionTypes":	["IPV4", "IPV6", "IPV4V6"]
				},
				"sscModes":	{
					"defaultSscMode":	"SSC_MODE_1",
					"allowedSscModes":	["SSC_MODE_1", "SSC_MODE_2", "SSC_MODE_3"]
				},
				"5gQosProfile":	{
					"5qi":	9,
					"arp":	{
						"priorityLevel":	8,
						"preemptCap":	"NOT_PREEMPT",
						"preemptVuln":	"NOT_PREEMPTABLE"
					},
					"priorityLevel":	8
				},
				"sessionAmbr":	{
					"uplink":	"1048576 Kbps",
					"downlink":	"1048576 Kbps"
				}
			}
		}
	}] (../lib/sbi/client.c:586)
0000: 00027200 01000000 015b7b0a 09092273   ..r......[{..."s
0010: 696e676c 654e7373 6169223a 097b0a09   ingleNssai":.{..
0020: 09092273 7374223a 09310a09 097d2c0a   .."sst":.1...},.
0030: 09092264 6e6e436f 6e666967 75726174   .."dnnConfigurat
0040: 696f6e73 223a097b 0a090909 22696e74   ions":.{...."int
0050: 65726e65 74223a09 7b0a0909 09092270   ernet":.{....."p
0060: 64755365 7373696f 6e547970 6573223a   duSessionTypes":
0070: 097b0a09 09090909 22646566 61756c74   .{......"default
0080: 53657373 696f6e54 79706522 3a092249   SessionType":."I
0090: 50563456 36222c0a 09090909 0922616c   PV4V6",......"al
00a0: 6c6f7765 64536573 73696f6e 54797065   lowedSessionType
00b0: 73223a09 5b224950 5634222c 20224950   s":.["IPV4", "IP
00c0: 5636222c 20224950 56345636 225d0a09   V6", "IPV4V6"]..
00d0: 0909097d 2c0a0909 09092273 73634d6f   ...},....."sscMo
00e0: 64657322 3a097b0a 09090909 09226465   des":.{......"de
00f0: 6661756c 74537363 4d6f6465 223a0922   faultSscMode":."
0100: 5353435f 4d4f4445 5f31222c 0a090909   SSC_MODE_1",....
0110: 09092261 6c6c6f77 65645373 634d6f64   .."allowedSscMod
0120: 6573223a 095b2253 53435f4d 4f44455f   es":.["SSC_MODE_
0130: 31222c20 22535343 5f4d4f44 455f3222   1", "SSC_MODE_2"
0140: 2c202253 53435f4d 4f44455f 33225d0a   , "SSC_MODE_3"].
0150: 09090909 7d2c0a09 09090922 3567516f   ....},....."5gQo
0160: 7350726f 66696c65 223a097b 0a090909   sProfile":.{....
0170: 09092235 7169223a 09392c0a 09090909   .."5qi":.9,.....
0180: 09226172 70223a09 7b0a0909 09090909   ."arp":.{.......
0190: 22707269 6f726974 794c6576 656c223a   "priorityLevel":
01a0: 09382c0a 09090909 09092270 7265656d   .8,......."preem
01b0: 70744361 70223a09 224e4f54 5f505245   ptCap":."NOT_PRE
01c0: 454d5054 222c0a09 09090909 09227072   EMPT",......."pr
01d0: 65656d70 7456756c 6e223a09 224e4f54   eemptVuln":."NOT
01e0: 5f505245 454d5054 41424c45 220a0909   _PREEMPTABLE"...
01f0: 0909097d 2c0a0909 09090922 7072696f   ...},......"prio
0200: 72697479 4c657665 6c223a09 380a0909   rityLevel":.8...
0210: 09097d2c 0a090909 09227365 7373696f   ..},....."sessio
0220: 6e416d62 72223a09 7b0a0909 09090922   nAmbr":.{......"
0230: 75706c69 6e6b223a 09223130 34383537   uplink":."104857
0240: 36204b62 7073222c 0a090909 09092264   6 Kbps",......"d
0250: 6f776e6c 696e6b22 3a092231 30343835   ownlink":."10485
0260: 3736204b 62707322 0a090909 097d0a09   76 Kbps".....}..
0270: 09097d0a 09097d0a 097d5d              ..}...}..}]
11/20 19:19:22.384: [smf] DEBUG: smf_state_operational(): OGS_EVENT_NAME_SBI_CLIENT (../src/smf/smf-sm.c:83)
0000: 00027200 01000000 135b7b0a 09092273   ..r......[{..."s
0010: 696e676c 654e7373 6169223a 097b0a09   ingleNssai":.{..
0020: 09092273 7374223a 09310a09 097d2c0a   .."sst":.1...},.
0030: 09092264 6e6e436f 6e666967 75726174   .."dnnConfigurat
0040: 696f6e73 223a097b 0a090909 22696e74   ions":.{...."int
0050: 65726e65 74223a09 7b0a0909 09092270   ernet":.{....."p
0060: 64755365 7373696f 6e547970 6573223a   duSessionTypes":
0070: 097b0a09 09090909 22646566 61756c74   .{......"default
0080: 53657373 696f6e54 79706522 3a092249   SessionType":."I
0090: 50563456 36222c0a 09090909 0922616c   PV4V6",......"al
00a0: 6c6f7765 64536573 73696f6e 54797065   lowedSessionType
00b0: 73223a09 5b224950 5634222c 20224950   s":.["IPV4", "IP
00c0: 5636222c 20224950 56345636 225d0a09   V6", "IPV4V6"]..
00d0: 0909097d 2c0a0909 09092273 73634d6f   ...},....."sscMo
00e0: 64657322 3a097b0a 09090909 09226465   des":.{......"de
00f0: 6661756c 74537363 4d6f6465 223a0922   faultSscMode":."
0100: 5353435f 4d4f4445 5f31222c 0a090909   SSC_MODE_1",....
0110: 09092261 6c6c6f77 65645373 634d6f64   .."allowedSscMod
0120: 6573223a 095b2253 53435f4d 4f44455f   es":.["SSC_MODE_
0130: 31222c20 22535343 5f4d4f44 455f3222   1", "SSC_MODE_2"
0140: 2c202253 53435f4d 4f44455f 33225d0a   , "SSC_MODE_3"].
0150: 09090909 7d2c0a09 09090922 3567516f   ....},....."5gQo
0160: 7350726f 66696c65 223a097b 0a090909   sProfile":.{....
0170: 09092235 7169223a 09392c0a 09090909   .."5qi":.9,.....
0180: 09226172 70223a09 7b0a0909 09090909   ."arp":.{.......
0190: 22707269 6f726974 794c6576 656c223a   "priorityLevel":
01a0: 09382c0a 09090909 09092270 7265656d   .8,......."preem
01b0: 70744361 70223a09 224e4f54 5f505245   ptCap":."NOT_PRE
01c0: 454d5054 222c0a09 09090909 09227072   EMPT",......."pr
01d0: 65656d70 7456756c 6e223a09 224e4f54   eemptVuln":."NOT
01e0: 5f505245 454d5054 41424c45 220a0909   _PREEMPTABLE"...
01f0: 0909097d 2c0a0909 09090922 7072696f   ...},......"prio
0200: 72697479 4c657665 6c223a09 380a0909   rityLevel":.8...
0210: 09097d2c 0a090909 09227365 7373696f   ..},....."sessio
0220: 6e416d62 72223a09 7b0a0909 09090922   nAmbr":.{......"
0230: 75706c69 6e6b223a 09223130 34383537   uplink":."104857
0240: 36204b62 7073222c 0a090909 09092264   6 Kbps",......"d
0250: 6f776e6c 696e6b22 3a092231 30343835   ownlink":."10485
0260: 3736204b 62707322 0a090909 097d0a09   76 Kbps".....}..
0270: 09097d0a 09097d0a 097d5d              ..}...}..}]
11/20 19:19:22.385: [smf] DEBUG: smf_gsm_state_wait_5gc_sm_policy_association(): OGS_EVENT_NAME_SBI_CLIENT (../src/smf/gsm-sm.c:480)
11/20 19:19:22.385: [sbi] DEBUG: STATUS [201] (../lib/sbi/nghttp2-server.c:357)
11/20 19:19:22.385: [sbi] DEBUG: SENDING...: 3 (../lib/sbi/nghttp2-server.c:365)
11/20 19:19:22.385: [sbi] DEBUG: STREAM added [9] (../lib/sbi/nghttp2-server.c:1122)
11/20 19:19:22.385: [sbi] DEBUG: {
} (../lib/sbi/nghttp2-server.c:366)
11/20 19:19:22.385: [sbi] DEBUG: [GET] /nnrf-disc/v1/nf-instances (../lib/sbi/nghttp2-server.c:801)
11/20 19:19:22.385: [sbi] DEBUG: STREAM closed [1] (../lib/sbi/nghttp2-server.c:852)
11/20 19:19:22.385: [nrf] DEBUG: nrf_state_operational(): OGS_EVENT_NAME_SBI_SERVER (../src/nrf/nrf-sm.c:50)
11/20 19:19:22.385: [sbi] DEBUG: [200:GET] http://127.0.0.20:7777/nudr-dr/v1/subscription-data/imsi-999701000000010/99970/provisioned-data/sm-data?single-nssai=%7B%0A%09%22sst%22%3A%091%0A%7D&dnn=internet (../lib/sbi/client.c:573)
11/20 19:19:22.385: [nrf] DEBUG: NF-Discover : Requester[SMF] Target[PCF] (../src/nrf/nnrf-handler.c:450)
11/20 19:19:22.385: [sbi] DEBUG: RECEIVED[626] (../lib/sbi/client.c:584)
11/20 19:19:22.385: [nrf] DEBUG: [0] service-names[npcf-smpolicycontrol] (../src/nrf/nnrf-handler.c:478)
11/20 19:19:22.385: [sbi] DEBUG: [{
		"singleNssai":	{
			"sst":	1
		},
		"dnnConfigurations":	{
			"internet":	{
				"pduSessionTypes":	{
					"defaultSessionType":	"IPV4V6",
					"allowedSessionTypes":	["IPV4", "IPV6", "IPV4V6"]
				},
				"sscModes":	{
					"defaultSscMode":	"SSC_MODE_1",
					"allowedSscModes":	["SSC_MODE_1", "SSC_MODE_2", "SSC_MODE_3"]
				},
				"5gQosProfile":	{
					"5qi":	9,
					"arp":	{
						"priorityLevel":	8,
						"preemptCap":	"NOT_PREEMPT",
						"preemptVuln":	"NOT_PREEMPTABLE"
					},
					"priorityLevel":	8
				},
				"sessionAmbr":	{
					"uplink":	"1048576 Kbps",
					"downlink":	"1048576 Kbps"
				}
			}
		}
	}] (../lib/sbi/client.c:586)
11/20 19:19:22.385: [nrf] DEBUG: [486be608-694b-41ed-95c2-f92a023310de:0] NF-Discovered [NF-Type:PCF,NF-Status:REGISTERED,IPv4:1,IPv6:0] (../src/nrf/nnrf-handler.c:505)
11/20 19:19:22.385: [udm] DEBUG: udm_state_operational(): OGS_EVENT_NAME_SBI_CLIENT (../src/udm/udm-sm.c:53)
11/20 19:19:22.385: [sbi] DEBUG: [REF] 4 (../lib/sbi/path.c:328)
11/20 19:19:22.385: [sbi] WARNING: Try to discover [npcf-smpolicycontrol] (../lib/sbi/path.c:337)
11/20 19:19:22.385: [sbi] DEBUG: [GET] http://[::1]:7777/nnrf-disc/v1/nf-instances (../lib/sbi/client.c:625)
11/20 19:19:22.385: [sbi] DEBUG: STATUS [200] (../lib/sbi/nghttp2-server.c:357)
11/20 19:19:22.385: [sbi] DEBUG: SENDING...: 879 (../lib/sbi/nghttp2-server.c:365)
11/20 19:19:22.385: [sbi] DEBUG: {
	"validityPeriod":	3600,
	"nfInstances":	[{
			"nfInstanceId":	"486be608-694b-41ed-95c2-f92a023310de",
			"nfType":	"PCF",
			"nfStatus":	"REGISTERED",
			"heartBeatTimer":	10,
			"ipv4Addresses":	["127.0.0.13"],
			"allowedNfTypes":	["AMF", "SMF", "SCP"],
			"priority":	0,
			"capacity":	100,
			"load":	0,
			"nfServiceList":	{
				"486c9a8a-694b-41ed-95c2-f92a023310de":	{
					"serviceInstanceId":	"486c9a8a-694b-41ed-95c2-f92a023310de",
					"serviceName":	"npcf-smpolicycontrol",
					"versions":	[{
							"apiVersionInUri":	"v1",
							"apiFullVersion":	"1.0.0"
						}],
					"scheme":	"http",
					"nfServiceStatus":	"REGISTERED",
					"ipEndPoints":	[{
							"ipv4Address":	"127.0.0.13",
							"port":	7777
						}],
					"allowedNfTypes":	["SMF"],
					"priority":	0,
					"capacity":	100,
					"load":	0
				}
			},
			"nfProfileChangesSupportInd":	true
		}]
} (../lib/sbi/nghttp2-server.c:366)
11/20 19:19:22.385: [sbi] DEBUG: STREAM closed [9] (../lib/sbi/nghttp2-server.c:852)
11/20 19:19:22.385: [udm] DEBUG: udm_ue_state_operational(): OGS_EVENT_NAME_SBI_CLIENT (../src/udm/ue-sm.c:46)
0000: 00000b01 04000000 0988c2bf 0f0d0338   ...............8
0010: 3739bec0                              79..
0000: 00006401 04000000 01488210 03768bd5   ..d......H...v..
0010: 596a6f16 e53b8976 d76f6196 d07abe94   Yjo..;.v.oa..z..
0020: 1054d27e ea080212 8066e05f b821298b   .T.~.....f._.!).
0030: 46ff0f0d 01330f1f a79d29ae e30c044e   F....3....)....N
0040: ae05c0bb 571d75d7 58a914ca b5725a82   ....W.u.X....rZ.
0050: a1063d4c 770b08a5 621ea497 ca50c07f   ..=Lw...b....P..
0060: 5f8b1d75 d0620d26 3d4c7441 ea         _..u.b.&=LtA.
0000: 00000004 01000000 00                  .........
11/20 19:19:22.385: [sbi] DEBUG: STATUS [200] (../lib/sbi/nghttp2-server.c:357)
11/20 19:19:22.385: [sbi] DEBUG: SENDING...: 626 (../lib/sbi/nghttp2-server.c:365)
11/20 19:19:22.385: [sbi] DEBUG: [{
		"singleNssai":	{
			"sst":	1
		},
		"dnnConfigurations":	{
			"internet":	{
				"pduSessionTypes":	{
					"defaultSessionType":	"IPV4V6",
					"allowedSessionTypes":	["IPV4", "IPV6", "IPV4V6"]
				},
				"sscModes":	{
					"defaultSscMode":	"SSC_MODE_1",
					"allowedSscModes":	["SSC_MODE_1", "SSC_MODE_2", "SSC_MODE_3"]
				},
				"5gQosProfile":	{
					"5qi":	9,
					"arp":	{
						"priorityLevel":	8,
						"preemptCap":	"NOT_PREEMPT",
						"preemptVuln":	"NOT_PREEMPTABLE"
					},
					"priorityLevel":	8
				},
				"sessionAmbr":	{
					"uplink":	"1048576 Kbps",
					"downlink":	"1048576 Kbps"
				}
			}
		}
	}] (../lib/sbi/nghttp2-server.c:366)
11/20 19:19:22.385: [sbi] DEBUG: [200:GET] http://[::1]:7777/nnrf-disc/v1/nf-instances?requester-nf-type=SMF&service-names=npcf-smpolicycontrol&target-nf-type=PCF (../lib/sbi/client.c:573)
11/20 19:19:22.385: [sbi] DEBUG: STREAM closed [1] (../lib/sbi/nghttp2-server.c:852)
11/20 19:19:22.385: [sbi] DEBUG: RECEIVED[879] (../lib/sbi/client.c:584)
11/20 19:19:22.385: [sbi] DEBUG: {
	"validityPeriod":	3600,
	"nfInstances":	[{
			"nfInstanceId":	"486be608-694b-41ed-95c2-f92a023310de",
			"nfType":	"PCF",
			"nfStatus":	"REGISTERED",
			"heartBeatTimer":	10,
			"ipv4Addresses":	["127.0.0.13"],
			"allowedNfTypes":	["AMF", "SMF", "SCP"],
			"priority":	0,
			"capacity":	100,
			"load":	0,
			"nfServiceList":	{
				"486c9a8a-694b-41ed-95c2-f92a023310de":	{
					"serviceInstanceId":	"486c9a8a-694b-41ed-95c2-f92a023310de",
					"serviceName":	"npcf-smpolicycontrol",
					"versions":	[{
							"apiVersionInUri":	"v1",
							"apiFullVersion":	"1.0.0"
						}],
					"scheme":	"http",
					"nfServiceStatus":	"REGISTERED",
					"ipEndPoints":	[{
							"ipv4Address":	"127.0.0.13",
							"port":	7777
						}],
					"allowedNfTypes":	["SMF"],
					"priority":	0,
					"capacity":	100,
					"load":	0
				}
			},
			"nfProfileChangesSupportInd":	true
		}]
} (../lib/sbi/client.c:586)
11/20 19:19:22.385: [smf] DEBUG: smf_state_operational(): OGS_EVENT_NAME_SBI_CLIENT (../src/smf/smf-sm.c:83)
0000: 00000004 01000000 00                  .........
0000: 00003901 04000000 0188768b d5596a6f   ..9.......v..Yjo
0010: 16e53b89 76d76f61 96d07abe 941054d2   ..;.v.oa..z...T.
0020: 7eea0802 128066e0 5fb82129 8b46ff0f   ~.....f._.!).F..
0030: 0d033632 365f8b1d 75d0620d 263d4c74   ..626_..u.b.&=Lt
0040: 41ea                                  A.
11/20 19:19:22.385: [sbi] DEBUG: ogs_sbi_nf_instance_add() (../lib/sbi/context.c:762)
11/20 19:19:22.385: [sbi] DEBUG: [REF] 1 (../lib/sbi/context.c:764)
11/20 19:19:22.385: [sbi] DEBUG: ogs_sbi_nf_state_initial(): ENTRY (../lib/sbi/nf-sm.c:66)
11/20 19:19:22.385: [sbi] DEBUG: ogs_sbi_nf_state_registered(): ENTRY (../lib/sbi/nf-sm.c:204)
11/20 19:19:22.385: [sbi] INFO: [486be608-694b-41ed-95c2-f92a023310de] (NF-discover) NF registered (../lib/sbi/nnrf-handler.c:725)
11/20 19:19:22.385: [sock] DEBUG: addr:127.0.0.13, port:80 (../lib/core/ogs-sockaddr.c:140)
11/20 19:19:22.385: [sock] DEBUG: addr:127.0.0.13, port:7777 (../lib/core/ogs-sockaddr.c:140)
11/20 19:19:22.385: [sbi] DEBUG: ogs_sbi_client_add() (../lib/sbi/client.c:112)
0000: 00036f00 01000000 097b0a09 2276616c   ..o......{.."val
0010: 69646974 79506572 696f6422 3a093336   idityPeriod":.36
0020: 30302c0a 09226e66 496e7374 616e6365   00,.."nfInstance
0030: 73223a09 5b7b0a09 0909226e 66496e73   s":.[{...."nfIns
0040: 74616e63 65496422 3a092234 38366265   tanceId":."486be
0050: 3630382d 36393462 2d343165 642d3935   608-694b-41ed-95
0060: 63322d66 39326130 32333331 30646522   c2-f92a023310de"
0070: 2c0a0909 09226e66 54797065 223a0922   ,...."nfType":."
0080: 50434622 2c0a0909 09226e66 53746174   PCF",...."nfStat
0090: 7573223a 09225245 47495354 45524544   us":."REGISTERED
00a0: 222c0a09 09092268 65617274 42656174   ",...."heartBeat
00b0: 54696d65 72223a09 31302c0a 09090922   Timer":.10,...."
00c0: 69707634 41646472 65737365 73223a09   ipv4Addresses":.
00d0: 5b223132 372e302e 302e3133 225d2c0a   ["127.0.0.13"],.
00e0: 09090922 616c6c6f 7765644e 66547970   ..."allowedNfTyp
00f0: 6573223a 095b2241 4d46222c 2022534d   es":.["AMF", "SM
0100: 46222c20 22534350 225d2c0a 09090922   F", "SCP"],...."
0110: 7072696f 72697479 223a0930 2c0a0909   priority":.0,...
0120: 09226361 70616369 7479223a 09313030   ."capacity":.100
0130: 2c0a0909 09226c6f 6164223a 09302c0a   ,...."load":.0,.
0140: 09090922 6e665365 72766963 654c6973   ..."nfServiceLis
0150: 74223a09 7b0a0909 09092234 38366339   t":.{....."486c9
0160: 6138612d 36393462 2d343165 642d3935   a8a-694b-41ed-95
0170: 63322d66 39326130 32333331 30646522   c2-f92a023310de"
0180: 3a097b0a 09090909 09227365 72766963   :.{......"servic
0190: 65496e73 74616e63 65496422 3a092234   eInstanceId":."4
01a0: 38366339 6138612d 36393462 2d343165   86c9a8a-694b-41e
01b0: 642d3935 63322d66 39326130 32333331   d-95c2-f92a02331
01c0: 30646522 2c0a0909 09090922 73657276   0de",......"serv
01d0: 6963654e 616d6522 3a09226e 7063662d   iceName":."npcf-
01e0: 736d706f 6c696379 636f6e74 726f6c22   smpolicycontrol"
01f0: 2c0a0909 09090922 76657273 696f6e73   ,......"versions
0200: 223a095b 7b0a0909 09090909 09226170   ":.[{........"ap
0210: 69566572 73696f6e 496e5572 69223a09   iVersionInUri":.
0220: 22763122 2c0a0909 09090909 09226170   "v1",........"ap
0230: 6946756c 6c566572 73696f6e 223a0922   iFullVersion":."
0240: 312e302e 30220a09 09090909 097d5d2c   1.0.0".......}],
0250: 0a090909 09092273 6368656d 65223a09   ......"scheme":.
0260: 22687474 70222c0a 09090909 09226e66   "http",......"nf
0270: 53657276 69636553 74617475 73223a09   ServiceStatus":.
0280: 22524547 49535445 52454422 2c0a0909   "REGISTERED",...
0290: 09090922 6970456e 64506f69 6e747322   ..."ipEndPoints"
02a0: 3a095b7b 0a090909 09090909 22697076   :.[{........"ipv
02b0: 34416464 72657373 223a0922 3132372e   4Address":."127.
02c0: 302e302e 3133222c 0a090909 09090909   0.0.13",........
02d0: 22706f72 74223a09 37373737 0a090909   "port":.7777....
02e0: 0909097d 5d2c0a09 09090909 22616c6c   ...}],......"all
02f0: 6f776564 4e665479 70657322 3a095b22   owedNfTypes":.["
0300: 534d4622 5d2c0a09 09090909 22707269   SMF"],......"pri
0310: 6f726974 79223a09 302c0a09 09090909   ority":.0,......
0320: 22636170 61636974 79223a09 3130302c   "capacity":.100,
0330: 0a090909 0909226c 6f616422 3a09300a   ......"load":.0.
0340: 09090909 7d0a0909 097d2c0a 09090922   ....}....},...."
0350: 6e665072 6f66696c 65436861 6e676573   nfProfileChanges
0360: 53757070 6f727449 6e64223a 09747275   SupportInd":.tru
0370: 650a0909 7d5d0a7d                     e...}].}
11/20 19:19:22.385: [sbi] DEBUG: [REF] 1 (../lib/sbi/client.c:113)
11/20 19:19:22.385: [sbi] DEBUG: STREAM added [11] (../lib/sbi/nghttp2-server.c:1122)
11/20 19:19:22.385: [sbi] DEBUG: [GET] /nnrf-disc/v1/nf-instances (../lib/sbi/nghttp2-server.c:801)
11/20 19:19:22.385: [sbi] DEBUG: [REF] 2 (../lib/sbi/context.c:1570)
11/20 19:19:22.385: [nrf] DEBUG: nrf_state_operational(): OGS_EVENT_NAME_SBI_SERVER (../src/nrf/nrf-sm.c:50)
11/20 19:19:22.385: [sbi] DEBUG: ogs_sbi_client_add() (../lib/sbi/client.c:112)
11/20 19:19:22.385: [sbi] DEBUG: [REF] 1 (../lib/sbi/client.c:113)
11/20 19:19:22.385: [nrf] DEBUG: NF-Discover : Requester[SMF] Target[PCF] (../src/nrf/nnrf-handler.c:450)
11/20 19:19:22.385: [nrf] DEBUG: [0] service-names[npcf-smpolicycontrol] (../src/nrf/nnrf-handler.c:478)
11/20 19:19:22.385: [nrf] DEBUG: [486be608-694b-41ed-95c2-f92a023310de:0] NF-Discovered [NF-Type:PCF,NF-Status:REGISTERED,IPv4:1,IPv6:0] (../src/nrf/nnrf-handler.c:505)
11/20 19:19:22.385: [sbi] DEBUG: [REF] 2 (../lib/sbi/context.c:1482)
11/20 19:19:22.385: [sbi] INFO: [486be608-694b-41ed-95c2-f92a023310de] (NF-discover) NF Profile updated (../lib/sbi/nnrf-handler.c:752)
11/20 19:19:22.385: [smf] DEBUG: [REF] 2 (../src/smf/nnrf-handler.c:66)
11/20 19:19:22.385: [sbi] DEBUG: [POST] http://127.0.0.13:7777/npcf-smpolicycontrol/v1/sm-policies (../lib/sbi/client.c:625)
11/20 19:19:22.385: [sbi] DEBUG: SENDING...[558] (../lib/sbi/client.c:401)
11/20 19:19:22.385: [sbi] DEBUG: STATUS [200] (../lib/sbi/nghttp2-server.c:357)
11/20 19:19:22.385: [sbi] DEBUG: SENDING...: 879 (../lib/sbi/nghttp2-server.c:365)
11/20 19:19:22.385: [sbi] DEBUG: {
	"supi":	"imsi-999702000000010",
	"pduSessionId":	5,
	"pduSessionType":	"IPV4V6",
	"dnn":	"internet",
	"notificationUri":	"http://127.0.0.4:7777/nsmf-callback/v1/sm-policy-notify/1",
	"ipv4Address":	"10.45.0.2",
	"ipv6AddressPrefix":	"2001:db8:cafe:1::2/128",
	"subsSessAmbr":	{
		"uplink":	"1048576 Kbps",
		"downlink":	"1048576 Kbps"
	},
	"subsDefQos":	{
		"5qi":	9,
		"arp":	{
			"priorityLevel":	8,
			"preemptCap":	"NOT_PREEMPT",
			"preemptVuln":	"NOT_PREEMPTABLE"
		},
		"priorityLevel":	8
	},
	"sliceInfo":	{
		"sst":	1
	},
	"suppFeat":	"4000000"
} (../lib/sbi/client.c:403)
11/20 19:19:22.385: [sbi] DEBUG: {
	"validityPeriod":	3600,
	"nfInstances":	[{
			"nfInstanceId":	"486be608-694b-41ed-95c2-f92a023310de",
			"nfType":	"PCF",
			"nfStatus":	"REGISTERED",
			"heartBeatTimer":	10,
			"ipv4Addresses":	["127.0.0.13"],
			"allowedNfTypes":	["AMF", "SMF", "SCP"],
			"priority":	0,
			"capacity":	100,
			"load":	0,
			"nfServiceList":	{
				"486c9a8a-694b-41ed-95c2-f92a023310de":	{
					"serviceInstanceId":	"486c9a8a-694b-41ed-95c2-f92a023310de",
					"serviceName":	"npcf-smpolicycontrol",
					"versions":	[{
							"apiVersionInUri":	"v1",
							"apiFullVersion":	"1.0.0"
						}],
					"scheme":	"http",
					"nfServiceStatus":	"REGISTERED",
					"ipEndPoints":	[{
							"ipv4Address":	"127.0.0.13",
							"port":	7777
						}],
					"allowedNfTypes":	["SMF"],
					"priority":	0,
					"capacity":	100,
					"load":	0
				}
			},
			"nfProfileChangesSupportInd":	true
		}]
} (../lib/sbi/nghttp2-server.c:366)
0000: 00027200 01000000 015b7b0a 09092273   ..r......[{..."s
0010: 696e676c 654e7373 6169223a 097b0a09   ingleNssai":.{..
0020: 09092273 7374223a 09310a09 097d2c0a   .."sst":.1...},.
0030: 09092264 6e6e436f 6e666967 75726174   .."dnnConfigurat
0040: 696f6e73 223a097b 0a090909 22696e74   ions":.{...."int
0050: 65726e65 74223a09 7b0a0909 09092270   ernet":.{....."p
0060: 64755365 7373696f 6e547970 6573223a   duSessionTypes":
0070: 097b0a09 09090909 22646566 61756c74   .{......"default
0080: 53657373 696f6e54 79706522 3a092249   SessionType":."I
0090: 50563456 36222c0a 09090909 0922616c   PV4V6",......"al
00a0: 6c6f7765 64536573 73696f6e 54797065   lowedSessionType
00b0: 73223a09 5b224950 5634222c 20224950   s":.["IPV4", "IP
00c0: 5636222c 20224950 56345636 225d0a09   V6", "IPV4V6"]..
00d0: 0909097d 2c0a0909 09092273 73634d6f   ...},....."sscMo
00e0: 64657322 3a097b0a 09090909 09226465   des":.{......"de
00f0: 6661756c 74537363 4d6f6465 223a0922   faultSscMode":."
0100: 5353435f 4d4f4445 5f31222c 0a090909   SSC_MODE_1",....
0110: 09092261 6c6c6f77 65645373 634d6f64   .."allowedSscMod
0120: 6573223a 095b2253 53435f4d 4f44455f   es":.["SSC_MODE_
0130: 31222c20 22535343 5f4d4f44 455f3222   1", "SSC_MODE_2"
0140: 2c202253 53435f4d 4f44455f 33225d0a   , "SSC_MODE_3"].
0150: 09090909 7d2c0a09 09090922 3567516f   ....},....."5gQo
0160: 7350726f 66696c65 223a097b 0a090909   sProfile":.{....
0170: 09092235 7169223a 09392c0a 09090909   .."5qi":.9,.....
0180: 09226172 70223a09 7b0a0909 09090909   ."arp":.{.......
0190: 22707269 6f726974 794c6576 656c223a   "priorityLevel":
01a0: 09382c0a 09090909 09092270 7265656d   .8,......."preem
01b0: 70744361 70223a09 224e4f54 5f505245   ptCap":."NOT_PRE
01c0: 454d5054 222c0a09 09090909 09227072   EMPT",......."pr
01d0: 65656d70 7456756c 6e223a09 224e4f54   eemptVuln":."NOT
01e0: 5f505245 454d5054 41424c45 220a0909   _PREEMPTABLE"...
01f0: 0909097d 2c0a0909 09090922 7072696f   ...},......"prio
0200: 72697479 4c657665 6c223a09 380a0909   rityLevel":.8...
0210: 09097d2c 0a090909 09227365 7373696f   ..},....."sessio
0220: 6e416d62 72223a09 7b0a0909 09090922   nAmbr":.{......"
0230: 75706c69 6e6b223a 09223130 34383537   uplink":."104857
0240: 36204b62 7073222c 0a090909 09092264   6 Kbps",......"d
0250: 6f776e6c 696e6b22 3a092231 30343835   ownlink":."10485
0260: 3736204b 62707322 0a090909 097d0a09   76 Kbps".....}..
0270: 09097d0a 09097d0a 097d5d              ..}...}..}]
11/20 19:19:22.385: [sbi] DEBUG: STREAM closed [11] (../lib/sbi/nghttp2-server.c:852)
0000: 00000300 01000000 017b0a7d            .........{.}
0000: 00000b01 04000000 0b88c2bf 0f0d0338   ...............8
0010: 3739c0be                              79..
0000: 00006401 04000000 01488210 03768bd5   ..d......H...v..
0010: 596a6f16 e53b8976 d76f6196 d07abe94   Yjo..;.v.oa..z..
0020: 1054d27e ea080212 8066e05f b821298b   .T.~.....f._.!).
0030: 46ff0f0d 01330f1f a79d29ae e30c044e   F....3....)....N
0040: ae05c0bb 571d75d7 58a914ca b5725a82   ....W.u.X....rZ.
0050: a1063d4c 770b08a5 621ea497 ca50c33f   ..=Lw...b....P.?
0060: 5f8b1d75 d0620d26 3d4c7441 ea         _..u.b.&=LtA.
11/20 19:19:22.385: [sbi] DEBUG: [200:GET] http://127.0.0.12:7777/nudm-sdm/v2/imsi-999701000000010/sm-data?single-nssai=%7B%0A%09%22sst%22%3A%091%0A%7D&dnn=internet (../lib/sbi/client.c:573)
11/20 19:19:22.385: [sbi] DEBUG: RECEIVED[626] (../lib/sbi/client.c:584)
11/20 19:19:22.385: [sbi] DEBUG: [{
		"singleNssai":	{
			"sst":	1
		},
		"dnnConfigurations":	{
			"internet":	{
				"pduSessionTypes":	{
					"defaultSessionType":	"IPV4V6",
					"allowedSessionTypes":	["IPV4", "IPV6", "IPV4V6"]
				},
				"sscModes":	{
					"defaultSscMode":	"SSC_MODE_1",
					"allowedSscModes":	["SSC_MODE_1", "SSC_MODE_2", "SSC_MODE_3"]
				},
				"5gQosProfile":	{
					"5qi":	9,
					"arp":	{
						"priorityLevel":	8,
						"preemptCap":	"NOT_PREEMPT",
						"preemptVuln":	"NOT_PREEMPTABLE"
					},
					"priorityLevel":	8
				},
				"sessionAmbr":	{
					"uplink":	"1048576 Kbps",
					"downlink":	"1048576 Kbps"
				}
			}
		}
	}] (../lib/sbi/client.c:586)
11/20 19:19:22.385: [sbi] DEBUG: [200:GET] http://[::1]:7777/nnrf-disc/v1/nf-instances?target-nf-type=PCF&requester-nf-type=SMF&service-names=npcf-smpolicycontrol (../lib/sbi/client.c:573)
11/20 19:19:22.385: [sbi] DEBUG: RECEIVED[879] (../lib/sbi/client.c:584)
11/20 19:19:22.385: [sbi] DEBUG: {
	"validityPeriod":	3600,
	"nfInstances":	[{
			"nfInstanceId":	"486be608-694b-41ed-95c2-f92a023310de",
			"nfType":	"PCF",
			"nfStatus":	"REGISTERED",
			"heartBeatTimer":	10,
			"ipv4Addresses":	["127.0.0.13"],
			"allowedNfTypes":	["AMF", "SMF", "SCP"],
			"priority":	0,
			"capacity":	100,
			"load":	0,
			"nfServiceList":	{
				"486c9a8a-694b-41ed-95c2-f92a023310de":	{
					"serviceInstanceId":	"486c9a8a-694b-41ed-95c2-f92a023310de",
					"serviceName":	"npcf-smpolicycontrol",
					"versions":	[{
							"apiVersionInUri":	"v1",
							"apiFullVersion":	"1.0.0"
						}],
					"scheme":	"http",
					"nfServiceStatus":	"REGISTERED",
					"ipEndPoints":	[{
							"ipv4Address":	"127.0.0.13",
							"port":	7777
						}],
					"allowedNfTypes":	["SMF"],
					"priority":	0,
					"capacity":	100,
					"load":	0
				}
			},
			"nfProfileChangesSupportInd":	true
		}]
} (../lib/sbi/client.c:586)
0000: 00036f00 01000000 0b7b0a09 2276616c   ..o......{.."val
0010: 69646974 79506572 696f6422 3a093336   idityPeriod":.36
0020: 30302c0a 09226e66 496e7374 616e6365   00,.."nfInstance
0030: 73223a09 5b7b0a09 0909226e 66496e73   s":.[{...."nfIns
0040: 74616e63 65496422 3a092234 38366265   tanceId":."486be
0050: 3630382d 36393462 2d343165 642d3935   608-694b-41ed-95
0060: 63322d66 39326130 32333331 30646522   c2-f92a023310de"
0070: 2c0a0909 09226e66 54797065 223a0922   ,...."nfType":."
0080: 50434622 2c0a0909 09226e66 53746174   PCF",...."nfStat
0090: 7573223a 09225245 47495354 45524544   us":."REGISTERED
00a0: 222c0a09 09092268 65617274 42656174   ",...."heartBeat
00b0: 54696d65 72223a09 31302c0a 09090922   Timer":.10,...."
00c0: 69707634 41646472 65737365 73223a09   ipv4Addresses":.
00d0: 5b223132 372e302e 302e3133 225d2c0a   ["127.0.0.13"],.
00e0: 09090922 616c6c6f 7765644e 66547970   ..."allowedNfTyp
00f0: 6573223a 095b2241 4d46222c 2022534d   es":.["AMF", "SM
0100: 46222c20 22534350 225d2c0a 09090922   F", "SCP"],...."
0110: 7072696f 72697479 223a0930 2c0a0909   priority":.0,...
0120: 09226361 70616369 7479223a 09313030   ."capacity":.100
0130: 2c0a0909 09226c6f 6164223a 09302c0a   ,...."load":.0,.
0140: 09090922 6e665365 72766963 654c6973   ..."nfServiceLis
0150: 74223a09 7b0a0909 09092234 38366339   t":.{....."486c9
0160: 6138612d 36393462 2d343165 642d3935   a8a-694b-41ed-95
0170: 63322d66 39326130 32333331 30646522   c2-f92a023310de"
0180: 3a097b0a 09090909 09227365 72766963   :.{......"servic
0190: 65496e73 74616e63 65496422 3a092234   eInstanceId":."4
01a0: 38366339 6138612d 36393462 2d343165   86c9a8a-694b-41e
01b0: 642d3935 63322d66 39326130 32333331   d-95c2-f92a02331
01c0: 30646522 2c0a0909 09090922 73657276   0de",......"serv
01d0: 6963654e 616d6522 3a09226e 7063662d   iceName":."npcf-
01e0: 736d706f 6c696379 636f6e74 726f6c22   smpolicycontrol"
01f0: 2c0a0909 09090922 76657273 696f6e73   ,......"versions
0200: 223a095b 7b0a0909 09090909 09226170   ":.[{........"ap
0210: 69566572 73696f6e 496e5572 69223a09   iVersionInUri":.
0220: 22763122 2c0a0909 09090909 09226170   "v1",........"ap
0230: 6946756c 6c566572 73696f6e 223a0922   iFullVersion":."
0240: 312e302e 30220a09 09090909 097d5d2c   1.0.0".......}],
0250: 0a090909 09092273 6368656d 65223a09   ......"scheme":.
0260: 22687474 70222c0a 09090909 09226e66   "http",......"nf
0270: 53657276 69636553 74617475 73223a09   ServiceStatus":.
0280: 22524547 49535445 52454422 2c0a0909   "REGISTERED",...
0290: 09090922 6970456e 64506f69 6e747322   ..."ipEndPoints"
02a0: 3a095b7b 0a090909 09090909 22697076   :.[{........"ipv
02b0: 34416464 72657373 223a0922 3132372e   4Address":."127.
02c0: 302e302e 3133222c 0a090909 09090909   0.0.13",........
02d0: 22706f72 74223a09 37373737 0a090909   "port":.7777....
02e0: 0909097d 5d2c0a09 09090909 22616c6c   ...}],......"all
02f0: 6f776564 4e665479 70657322 3a095b22   owedNfTypes":.["
0300: 534d4622 5d2c0a09 09090909 22707269   SMF"],......"pri
0310: 6f726974 79223a09 302c0a09 09090909   ority":.0,......
0320: 22636170 61636974 79223a09 3130302c   "capacity":.100,
0330: 0a090909 0909226c 6f616422 3a09300a   ......"load":.0.
0340: 09090909 7d0a0909 097d2c0a 09090922   ....}....},...."
0350: 6e665072 6f66696c 65436861 6e676573   nfProfileChanges
0360: 53757070 6f727449 6e64223a 09747275   SupportInd":.tru
0370: 650a0909 7d5d0a7d                     e...}].}
11/20 19:19:22.385: [smf] DEBUG: smf_state_operational(): OGS_EVENT_NAME_SBI_CLIENT (../src/smf/smf-sm.c:83)
11/20 19:19:22.386: [smf] DEBUG: smf_gsm_state_wait_5gc_sm_policy_association(): OGS_EVENT_NAME_SBI_CLIENT (../src/smf/gsm-sm.c:480)
11/20 19:19:22.386: [sbi] DEBUG: MAX_CONCURRENT_STREAMS = 100 (../lib/sbi/nghttp2-server.c:747)
11/20 19:19:22.386: [sbi] DEBUG: STATUS [201] (../lib/sbi/nghttp2-server.c:357)
11/20 19:19:22.386: [sbi] DEBUG: SENDING...: 3 (../lib/sbi/nghttp2-server.c:365)
11/20 19:19:22.386: [sbi] DEBUG: ENABLE_PUSH = false (../lib/sbi/nghttp2-server.c:749)
11/20 19:19:22.386: [sbi] DEBUG: {
} (../lib/sbi/nghttp2-server.c:366)
11/20 19:19:22.386: [sbi] DEBUG: STREAM closed [1] (../lib/sbi/nghttp2-server.c:852)
11/20 19:19:22.386: [sbi] DEBUG: STREAM added [1] (../lib/sbi/nghttp2-server.c:1122)
11/20 19:19:22.386: [sbi] DEBUG: [REF] 3 (../lib/sbi/path.c:212)
11/20 19:19:22.386: [sbi] DEBUG: [POST] http://127.0.0.13:7777/npcf-smpolicycontrol/v1/sm-policies (../lib/sbi/client.c:625)
11/20 19:19:22.386: [sbi] DEBUG: [POST] /npcf-smpolicycontrol/v1/sm-policies (../lib/sbi/nghttp2-server.c:801)
11/20 19:19:22.386: [sbi] DEBUG: SENDING...[558] (../lib/sbi/client.c:401)
11/20 19:19:22.386: [sbi] DEBUG: RECEIVED: 558 (../lib/sbi/nghttp2-server.c:805)
11/20 19:19:22.386: [sbi] DEBUG: {
	"supi":	"imsi-999701000000010",
	"pduSessionId":	5,
	"pduSessionType":	"IPV4V6",
	"dnn":	"internet",
	"notificationUri":	"http://127.0.0.4:7777/nsmf-callback/v1/sm-policy-notify/2",
	"ipv4Address":	"10.45.0.4",
	"ipv6AddressPrefix":	"2001:db8:cafe:3::4/128",
	"subsSessAmbr":	{
		"uplink":	"1048576 Kbps",
		"downlink":	"1048576 Kbps"
	},
	"subsDefQos":	{
		"5qi":	9,
		"arp":	{
			"priorityLevel":	8,
			"preemptCap":	"NOT_PREEMPT",
			"preemptVuln":	"NOT_PREEMPTABLE"
		},
		"priorityLevel":	8
	},
	"sliceInfo":	{
		"sst":	1
	},
	"suppFeat":	"4000000"
} (../lib/sbi/client.c:403)
11/20 19:19:22.386: [sbi] DEBUG: {
	"supi":	"imsi-999702000000010",
	"pduSessionId":	5,
	"pduSessionType":	"IPV4V6",
	"dnn":	"internet",
	"notificationUri":	"http://127.0.0.4:7777/nsmf-callback/v1/sm-policy-notify/1",
	"ipv4Address":	"10.45.0.2",
	"ipv6AddressPrefix":	"2001:db8:cafe:1::2/128",
	"subsSessAmbr":	{
		"uplink":	"1048576 Kbps",
		"downlink":	"1048576 Kbps"
	},
	"subsDefQos":	{
		"5qi":	9,
		"arp":	{
			"priorityLevel":	8,
			"preemptCap":	"NOT_PREEMPT",
			"preemptVuln":	"NOT_PREEMPTABLE"
		},
		"priorityLevel":	8
	},
	"sliceInfo":	{
		"sst":	1
	},
	"suppFeat":	"4000000"
} (../lib/sbi/nghttp2-server.c:806)
11/20 19:19:22.386: [smf] DEBUG: smf_state_operational(): OGS_EVENT_NAME_SBI_CLIENT (../src/smf/smf-sm.c:83)
0000: 00000604 00000000 00000300 04e200     ...............
11/20 19:19:22.386: [sbi] WARNING: [486be608-694b-41ed-95c2-f92a023310de] (NF-discover) NF has already been added (../lib/sbi/nnrf-handler.c:730)
11/20 19:19:22.386: [sock] DEBUG: addr:127.0.0.13, port:80 (../lib/core/ogs-sockaddr.c:140)
11/20 19:19:22.386: [pcf] DEBUG: pcf_state_operational(): OGS_EVENT_NAME_SBI_SERVER (../src/pcf/pcf-sm.c:58)
11/20 19:19:22.386: [sock] DEBUG: addr:127.0.0.13, port:7777 (../lib/core/ogs-sockaddr.c:140)
11/20 19:19:22.386: [sbi] WARNING: NF EndPoint updated [127.0.0.13:80] (../lib/sbi/context.c:1570)
11/20 19:19:22.386: [sbi] DEBUG: ogs_sbi_client_remove() [127.0.0.13:80] (../lib/sbi/client.c:153)
11/20 19:19:22.386: [sbi] DEBUG: [UNREF] 2 (../lib/sbi/client.c:157)
11/20 19:19:22.386: [sbi] DEBUG: [REF] 2 (../lib/sbi/context.c:1570)
11/20 19:19:22.386: [sbi] WARNING: NF EndPoint updated [127.0.0.13:7777] (../lib/sbi/context.c:1482)
11/20 19:19:22.386: [sbi] DEBUG: ogs_sbi_client_remove() [127.0.0.13:7777] (../lib/sbi/client.c:153)
11/20 19:19:22.386: [sbi] DEBUG: [UNREF] 2 (../lib/sbi/client.c:157)
11/20 19:19:22.386: [sbi] DEBUG: [REF] 2 (../lib/sbi/context.c:1482)
11/20 19:19:22.386: [sbi] INFO: [486be608-694b-41ed-95c2-f92a023310de] (NF-discover) NF Profile updated (../lib/sbi/nnrf-handler.c:752)
11/20 19:19:22.386: [smf] DEBUG: [REF] 4 (../src/smf/nnrf-handler.c:66)
11/20 19:19:22.386: [sbi] DEBUG: [POST] http://127.0.0.13:7777/npcf-smpolicycontrol/v1/sm-policies (../lib/sbi/client.c:625)
11/20 19:19:22.386: [sbi] DEBUG: SENDING...[558] (../lib/sbi/client.c:401)
11/20 19:19:22.386: [sbi] DEBUG: {
	"supi":	"imsi-999700000000010",
	"pduSessionId":	5,
	"pduSessionType":	"IPV4V6",
	"dnn":	"internet",
	"notificationUri":	"http://127.0.0.4:7777/nsmf-callback/v1/sm-policy-notify/3",
	"ipv4Address":	"10.45.0.3",
	"ipv6AddressPrefix":	"2001:db8:cafe:2::3/128",
	"subsSessAmbr":	{
		"uplink":	"1048576 Kbps",
		"downlink":	"1048576 Kbps"
	},
	"subsDefQos":	{
		"5qi":	9,
		"arp":	{
			"priorityLevel":	8,
			"preemptCap":	"NOT_PREEMPT",
			"preemptVuln":	"NOT_PREEMPTABLE"
		},
		"priorityLevel":	8
	},
	"sliceInfo":	{
		"sst":	1
	},
	"suppFeat":	"4000000"
} (../lib/sbi/client.c:403)
0000: 00000300 01000000 017b0a7d            .........{.}
0000: 00000004 01000000 00                  .........
11/20 19:19:22.386: [pcf] DEBUG: pcf_sm_state_operational(): ENTRY (../src/pcf/sm-sm.c:50)
11/20 19:19:22.386: [pcf] DEBUG: [imsi-999702000000010:5] PCF session added (../src/pcf/pcf-sm.c:195)
11/20 19:19:22.386: [pcf] DEBUG: pcf_sm_state_operational(): OGS_EVENT_NAME_SBI_SERVER (../src/pcf/sm-sm.c:50)
11/20 19:19:22.386: [sock] DEBUG: addr:127.0.0.4, port:7777 (../lib/core/ogs-sockaddr.c:140)
11/20 19:19:22.386: [sbi] DEBUG: ogs_sbi_client_add() (../lib/sbi/client.c:112)
11/20 19:19:22.386: [sbi] DEBUG: [REF] 1 (../lib/sbi/client.c:113)
11/20 19:19:22.386: [pcf] DEBUG: [REF] 2 (../src/pcf/npcf-handler.c:275)
0000: 00006401 04000000 01488210 03768bd5   ..d......H...v..
0010: 596a6f16 e53b8976 d76f6196 d07abe94   Yjo..;.v.oa..z..
0020: 1054d27e ea080212 8066e05f b821298b   .T.~.....f._.!).
0030: 46ff0f0d 01335f8b 1d75d062 0d263d4c   F....3_..u.b.&=L
0040: 7441ea0f 1fa79d29 aee30c04 4eae05c0   tA.....)....N...
0050: bb571d75 d758a914 cab5725a 82a1063d   .W.u.X....rZ...=
0060: 4c770b08 a5621ea4 97ca50c0 bf         Lw...b....P..
0000: 00000300 01000000 017b0a7d            .........{.}
11/20 19:19:22.386: [sbi] DEBUG: [REF] 5 (../lib/sbi/path.c:212)
11/20 19:19:22.386: [sbi] DEBUG: [201:POST] http://127.0.0.4:7777/nsmf-pdusession/v1/sm-contexts (../lib/sbi/client.c:573)
11/20 19:19:22.386: [sbi] DEBUG: RECEIVED[3] (../lib/sbi/client.c:584)
11/20 19:19:22.386: [sbi] DEBUG: [GET] http://127.0.0.20:7777/nudr-dr/v1/policy-data/ues/imsi-999702000000010/sm-data (../lib/sbi/client.c:625)
11/20 19:19:22.386: [sbi] DEBUG: {
} (../lib/sbi/client.c:586)
11/20 19:19:22.386: [amf] DEBUG: amf_state_operational(): OGS_EVENT_NAME_SBI_CLIENT (../src/amf/amf-sm.c:78)
11/20 19:19:22.387: [sbi] DEBUG: MAX_CONCURRENT_STREAMS = 100 (../lib/sbi/nghttp2-server.c:747)
11/20 19:19:22.387: [sbi] DEBUG: ENABLE_PUSH = false (../lib/sbi/nghttp2-server.c:749)
11/20 19:19:22.387: [sbi] DEBUG: [201:POST] http://127.0.0.4:7777/nsmf-pdusession/v1/sm-contexts (../lib/sbi/client.c:573)
11/20 19:19:22.387: [sbi] DEBUG: RECEIVED[3] (../lib/sbi/client.c:584)
11/20 19:19:22.387: [sbi] DEBUG: {
} (../lib/sbi/client.c:586)
11/20 19:19:22.387: [sbi] DEBUG: STREAM added [7] (../lib/sbi/nghttp2-server.c:1122)
11/20 19:19:22.387: [sbi] DEBUG: [GET] /nudr-dr/v1/policy-data/ues/imsi-999702000000010/sm-data (../lib/sbi/nghttp2-server.c:801)
11/20 19:19:22.387: [udr] DEBUG: udr_state_operational(): OGS_EVENT_NAME_SBI_SERVER (../src/udr/udr-sm.c:51)
11/20 19:19:22.387: [sbi] DEBUG: MAX_CONCURRENT_STREAMS = 100 (../lib/sbi/nghttp2-server.c:747)
11/20 19:19:22.387: [sbi] DEBUG: [201:POST] http://127.0.0.4:7777/nsmf-pdusession/v1/sm-contexts (../lib/sbi/client.c:573)
11/20 19:19:22.388: [sbi] DEBUG: ENABLE_PUSH = false (../lib/sbi/nghttp2-server.c:749)
11/20 19:19:22.388: [sbi] DEBUG: RECEIVED[3] (../lib/sbi/client.c:584)
11/20 19:19:22.387: [sbi] DEBUG: STATUS [200] (../lib/sbi/nghttp2-server.c:357)
11/20 19:19:22.388: [sbi] DEBUG: STREAM added [1] (../lib/sbi/nghttp2-server.c:1122)
11/20 19:19:22.388: [sbi] DEBUG: {
} (../lib/sbi/client.c:586)
11/20 19:19:22.388: [sbi] DEBUG: SENDING...: 172 (../lib/sbi/nghttp2-server.c:365)
11/20 19:19:22.388: [sbi] DEBUG: {
	"smPolicySnssaiData":	{
		"{\n\t\"sst\":\t1\n}":	{
			"snssai":	{
				"sst":	1
			},
			"smPolicyDnnData":	{
				"internet":	{
					"dnn":	"internet"
				}
			}
		}
	}
} (../lib/sbi/nghttp2-server.c:366)
11/20 19:19:22.388: [sbi] DEBUG: STREAM closed [7] (../lib/sbi/nghttp2-server.c:852)
11/20 19:19:22.388: [sbi] DEBUG: [POST] /npcf-smpolicycontrol/v1/sm-policies (../lib/sbi/nghttp2-server.c:801)
0000: 00000901 04000000 0788c0bf 0f0d820b   ................
0010: a2be                                  ..
11/20 19:19:22.388: [sbi] DEBUG: RECEIVED: 558 (../lib/sbi/nghttp2-server.c:805)
11/20 19:19:22.388: [amf] DEBUG: amf_state_operational(): OGS_EVENT_NAME_SBI_CLIENT (../src/amf/amf-sm.c:78)
11/20 19:19:22.388: [sbi] DEBUG: {
	"supi":	"imsi-999701000000010",
	"pduSessionId":	5,
	"pduSessionType":	"IPV4V6",
	"dnn":	"internet",
	"notificationUri":	"http://127.0.0.4:7777/nsmf-callback/v1/sm-policy-notify/2",
	"ipv4Address":	"10.45.0.4",
	"ipv6AddressPrefix":	"2001:db8:cafe:3::4/128",
	"subsSessAmbr":	{
		"uplink":	"1048576 Kbps",
		"downlink":	"1048576 Kbps"
	},
	"subsDefQos":	{
		"5qi":	9,
		"arp":	{
			"priorityLevel":	8,
			"preemptCap":	"NOT_PREEMPT",
			"preemptVuln":	"NOT_PREEMPTABLE"
		},
		"priorityLevel":	8
	},
	"sliceInfo":	{
		"sst":	1
	},
	"suppFeat":	"4000000"
} (../lib/sbi/nghttp2-server.c:806)
0000: 0000ac00 01000000 077b0a09 22736d50   .........{.."smP
0010: 6f6c6963 79536e73 73616944 61746122   olicySnssaiData"
0020: 3a097b0a 0909227b 5c6e5c74 5c227373   :.{..."{\n\t\"ss
0030: 745c223a 5c74315c 6e7d223a 097b0a09   t\":\t1\n}":.{..
0040: 09092273 6e737361 69223a09 7b0a0909   .."snssai":.{...
0050: 09092273 7374223a 09310a09 09097d2c   .."sst":.1....},
0060: 0a090909 22736d50 6f6c6963 79446e6e   ...."smPolicyDnn
0070: 44617461 223a097b 0a090909 0922696e   Data":.{....."in
0080: 7465726e 6574223a 097b0a09 09090909   ternet":.{......
0090: 22646e6e 223a0922 696e7465 726e6574   "dnn":."internet
00a0: 220a0909 09097d0a 0909097d 0a09097d   ".....}....}...}
00b0: 0a097d0a 7d                           ..}.}
11/20 19:19:22.388: [amf] DEBUG: amf_state_operational(): OGS_EVENT_NAME_SBI_CLIENT (../src/amf/amf-sm.c:78)
0000: 00000604 00000000 00000300 04e200     ...............
11/20 19:19:22.388: [sbi] DEBUG: [200:GET] http://127.0.0.20:7777/nudr-dr/v1/policy-data/ues/imsi-999702000000010/sm-data?dnn=internet&snssai=%7B%0A%09%22sst%22%3A%091%0A%7D (../lib/sbi/client.c:573)
11/20 19:19:22.388: [sbi] DEBUG: RECEIVED[172] (../lib/sbi/client.c:584)
11/20 19:19:22.388: [sbi] DEBUG: {
	"smPolicySnssaiData":	{
		"{\n\t\"sst\":\t1\n}":	{
			"snssai":	{
				"sst":	1
			},
			"smPolicyDnnData":	{
				"internet":	{
					"dnn":	"internet"
				}
			}
		}
	}
} (../lib/sbi/client.c:586)
11/20 19:19:22.388: [pcf] DEBUG: pcf_state_operational(): OGS_EVENT_NAME_SBI_SERVER (../src/pcf/pcf-sm.c:58)
11/20 19:19:22.388: [pcf] DEBUG: pcf_sm_state_operational(): ENTRY (../src/pcf/sm-sm.c:50)
11/20 19:19:22.388: [pcf] DEBUG: [imsi-999701000000010:5] PCF session added (../src/pcf/pcf-sm.c:195)
11/20 19:19:22.388: [pcf] DEBUG: pcf_sm_state_operational(): OGS_EVENT_NAME_SBI_SERVER (../src/pcf/sm-sm.c:50)
11/20 19:19:22.388: [sock] DEBUG: addr:127.0.0.4, port:7777 (../lib/core/ogs-sockaddr.c:140)
11/20 19:19:22.388: [pcf] DEBUG: [REF] 3 (../src/pcf/npcf-handler.c:275)
11/20 19:19:22.389: [sbi] DEBUG: [REF] 6 (../lib/sbi/path.c:212)
11/20 19:19:22.389: [sbi] DEBUG: [GET] http://127.0.0.20:7777/nudr-dr/v1/policy-data/ues/imsi-999701000000010/sm-data (../lib/sbi/client.c:625)
11/20 19:19:22.389: [pcf] DEBUG: pcf_state_operational(): OGS_EVENT_NAME_SBI_CLIENT (../src/pcf/pcf-sm.c:58)
11/20 19:19:22.389: [pcf] DEBUG: pcf_sm_state_operational(): OGS_EVENT_NAME_SBI_CLIENT (../src/pcf/sm-sm.c:50)
11/20 19:19:22.389: [pcf] DEBUG: [REF] 2 (../src/pcf/nudr-handler.c:211)
11/20 19:19:22.389: [sbi] DEBUG: [REF] 2 (../lib/sbi/path.c:212)
11/20 19:19:22.389: [sbi] DEBUG: [POST] http://127.0.0.15:7777/nbsf-management/v1/pcfBindings (../lib/sbi/client.c:625)
11/20 19:19:22.389: [sbi] DEBUG: SENDING...[276] (../lib/sbi/client.c:401)
11/20 19:19:22.389: [sbi] DEBUG: {
	"supi":	"imsi-999702000000010",
	"gpsi":	"msisdn-491725670014",
	"ipv4Addr":	"10.45.0.2",
	"ipv6Prefix":	"2001:db8:cafe:1::2/128",
	"dnn":	"internet",
	"pcfIpEndPoints":	[{
			"ipv4Address":	"127.0.0.13",
			"port":	7777
		}],
	"snssai":	{
		"sst":	1
	},
	"suppFeat":	"2"
} (../lib/sbi/client.c:403)
11/20 19:19:22.389: [sbi] DEBUG: MAX_CONCURRENT_STREAMS = 100 (../lib/sbi/nghttp2-server.c:747)
11/20 19:19:22.389: [sbi] DEBUG: ENABLE_PUSH = false (../lib/sbi/nghttp2-server.c:749)
11/20 19:19:22.389: [sbi] DEBUG: MAX_CONCURRENT_STREAMS = 100 (../lib/sbi/nghttp2-server.c:747)
11/20 19:19:22.389: [sbi] DEBUG: ENABLE_PUSH = false (../lib/sbi/nghttp2-server.c:749)
11/20 19:19:22.389: [sbi] DEBUG: STREAM added [1] (../lib/sbi/nghttp2-server.c:1122)
11/20 19:19:22.389: [sbi] DEBUG: [POST] /npcf-smpolicycontrol/v1/sm-policies (../lib/sbi/nghttp2-server.c:801)
11/20 19:19:22.389: [sbi] DEBUG: RECEIVED: 558 (../lib/sbi/nghttp2-server.c:805)
11/20 19:19:22.389: [sbi] DEBUG: {
	"supi":	"imsi-999700000000010",
	"pduSessionId":	5,
	"pduSessionType":	"IPV4V6",
	"dnn":	"internet",
	"notificationUri":	"http://127.0.0.4:7777/nsmf-callback/v1/sm-policy-notify/3",
	"ipv4Address":	"10.45.0.3",
	"ipv6AddressPrefix":	"2001:db8:cafe:2::3/128",
	"subsSessAmbr":	{
		"uplink":	"1048576 Kbps",
		"downlink":	"1048576 Kbps"
	},
	"subsDefQos":	{
		"5qi":	9,
		"arp":	{
			"priorityLevel":	8,
			"preemptCap":	"NOT_PREEMPT",
			"preemptVuln":	"NOT_PREEMPTABLE"
		},
		"priorityLevel":	8
	},
	"sliceInfo":	{
		"sst":	1
	},
	"suppFeat":	"4000000"
} (../lib/sbi/nghttp2-server.c:806)
0000: 00000604 00000000 00000300 04e200     ...............
11/20 19:19:22.389: [sbi] DEBUG: STREAM added [9] (../lib/sbi/nghttp2-server.c:1122)
11/20 19:19:22.390: [sbi] DEBUG: [GET] /nudr-dr/v1/policy-data/ues/imsi-999701000000010/sm-data (../lib/sbi/nghttp2-server.c:801)
11/20 19:19:22.390: [udr] DEBUG: udr_state_operational(): OGS_EVENT_NAME_SBI_SERVER (../src/udr/udr-sm.c:51)
0000: 00000604 00000000 00000300 04e200     ...............
11/20 19:19:22.390: [sbi] DEBUG: MAX_CONCURRENT_STREAMS = 100 (../lib/sbi/nghttp2-server.c:747)
11/20 19:19:22.390: [sbi] DEBUG: ENABLE_PUSH = false (../lib/sbi/nghttp2-server.c:749)
11/20 19:19:22.390: [sbi] DEBUG: STREAM added [1] (../lib/sbi/nghttp2-server.c:1122)
11/20 19:19:22.390: [sbi] DEBUG: MAX_CONCURRENT_STREAMS = 100 (../lib/sbi/nghttp2-server.c:747)
11/20 19:19:22.390: [sbi] DEBUG: ENABLE_PUSH = false (../lib/sbi/nghttp2-server.c:749)
11/20 19:19:22.390: [sbi] DEBUG: [POST] /nbsf-management/v1/pcfBindings (../lib/sbi/nghttp2-server.c:801)
11/20 19:19:22.390: [sbi] DEBUG: RECEIVED: 276 (../lib/sbi/nghttp2-server.c:805)
11/20 19:19:22.390: [sbi] DEBUG: STATUS [200] (../lib/sbi/nghttp2-server.c:357)
11/20 19:19:22.390: [sbi] DEBUG: SENDING...: 172 (../lib/sbi/nghttp2-server.c:365)
11/20 19:19:22.390: [sbi] DEBUG: {
	"smPolicySnssaiData":	{
		"{\n\t\"sst\":\t1\n}":	{
			"snssai":	{
				"sst":	1
			},
			"smPolicyDnnData":	{
				"internet":	{
					"dnn":	"internet"
				}
			}
		}
	}
} (../lib/sbi/nghttp2-server.c:366)
11/20 19:19:22.390: [sbi] DEBUG: {
	"supi":	"imsi-999702000000010",
	"gpsi":	"msisdn-491725670014",
	"ipv4Addr":	"10.45.0.2",
	"ipv6Prefix":	"2001:db8:cafe:1::2/128",
	"dnn":	"internet",
	"pcfIpEndPoints":	[{
			"ipv4Address":	"127.0.0.13",
			"port":	7777
		}],
	"snssai":	{
		"sst":	1
	},
	"suppFeat":	"2"
} (../lib/sbi/nghttp2-server.c:806)
11/20 19:19:22.390: [pcf] DEBUG: pcf_state_operational(): OGS_EVENT_NAME_SBI_SERVER (../src/pcf/pcf-sm.c:58)
11/20 19:19:22.390: [sbi] DEBUG: STREAM closed [9] (../lib/sbi/nghttp2-server.c:852)
11/20 19:19:22.390: [bsf] DEBUG: bsf_state_operational(): OGS_EVENT_NAME_SBI_SERVER (../src/bsf/bsf-sm.c:55)
0000: 00000901 04000000 0988c0bf 0f0d820b   ................
0010: a2be                                  ..
0000: 0000ac00 01000000 097b0a09 22736d50   .........{.."smP
0010: 6f6c6963 79536e73 73616944 61746122   olicySnssaiData"
0020: 3a097b0a 0909227b 5c6e5c74 5c227373   :.{..."{\n\t\"ss
0030: 745c223a 5c74315c 6e7d223a 097b0a09   t\":\t1\n}":.{..
0040: 09092273 6e737361 69223a09 7b0a0909   .."snssai":.{...
0050: 09092273 7374223a 09310a09 09097d2c   .."sst":.1....},
0060: 0a090909 22736d50 6f6c6963 79446e6e   ...."smPolicyDnn
0070: 44617461 223a097b 0a090909 0922696e   Data":.{....."in
0080: 7465726e 6574223a 097b0a09 09090909   ternet":.{......
0090: 22646e6e 223a0922 696e7465 726e6574   "dnn":."internet
00a0: 220a0909 09097d0a 0909097d 0a09097d   ".....}....}...}
00b0: 0a097d0a 7d                           ..}.}
11/20 19:19:22.390: [sbi] DEBUG: STATUS [201] (../lib/sbi/nghttp2-server.c:357)
11/20 19:19:22.390: [sbi] DEBUG: SENDING...: 276 (../lib/sbi/nghttp2-server.c:365)
11/20 19:19:22.390: [sbi] DEBUG: {
	"supi":	"imsi-999702000000010",
	"gpsi":	"msisdn-491725670014",
	"ipv4Addr":	"10.45.0.2",
	"ipv6Prefix":	"2001:db8:cafe:1::2/128",
	"dnn":	"internet",
	"pcfIpEndPoints":	[{
			"ipv4Address":	"127.0.0.13",
			"port":	7777
		}],
	"snssai":	{
		"sst":	1
	},
	"suppFeat":	"2"
} (../lib/sbi/nghttp2-server.c:366)
11/20 19:19:22.390: [pcf] DEBUG: pcf_sm_state_operational(): ENTRY (../src/pcf/sm-sm.c:50)
11/20 19:19:22.390: [sbi] DEBUG: STREAM closed [1] (../lib/sbi/nghttp2-server.c:852)
11/20 19:19:22.390: [pcf] DEBUG: [imsi-999700000000010:5] PCF session added (../src/pcf/pcf-sm.c:195)
11/20 19:19:22.390: [pcf] DEBUG: pcf_sm_state_operational(): OGS_EVENT_NAME_SBI_SERVER (../src/pcf/sm-sm.c:50)
0000: 00000004 01000000 00                  .........
11/20 19:19:22.390: [sock] DEBUG: addr:127.0.0.4, port:7777 (../lib/core/ogs-sockaddr.c:140)
11/20 19:19:22.390: [pcf] DEBUG: [REF] 4 (../src/pcf/npcf-handler.c:275)
0000: 00006701 04000000 01488210 03768bd5   ..g......H...v..
0010: 596a6f16 e53b8976 d76f6196 d07abe94   Yjo..;.v.oa..z..
0020: 1054d27e ea080212 8066e05f b821298b   .T.~.....f._.!).
0030: 46ff0f0d 03323736 0f1fa89d 29aee30c   F....276....)...
0040: 044eae05 c0b85bb8 ebaebac5 51a255a9   .N....[.....Q.U.
0050: 1d4398b4 96a4b1dc 2c56496e 9aa90d54   .C......,VIn...T
0060: c8603f5f 8b1d75d0 620d263d 4c7441ea   .`?_..u.b.&=LtA.
11/20 19:19:22.390: [sbi] DEBUG: [REF] 7 (../lib/sbi/path.c:212)
0000: 00011400 01000000 017b0a09 22737570   .........{.."sup
0010: 69223a09 22696d73 692d3939 39373032   i":."imsi-999702
0020: 30303030 30303031 30222c0a 09226770   000000010",.."gp
0030: 7369223a 09226d73 6973646e 2d343931   si":."msisdn-491
0040: 37323536 37303031 34222c0a 09226970   725670014",.."ip
0050: 76344164 6472223a 09223130 2e34352e   v4Addr":."10.45.
0060: 302e3222 2c0a0922 69707636 50726566   0.2",.."ipv6Pref
0070: 6978223a 09223230 30313a64 62383a63   ix":."2001:db8:c
0080: 6166653a 313a3a32 2f313238 222c0a09   afe:1::2/128",..
0090: 22646e6e 223a0922 696e7465 726e6574   "dnn":."internet
00a0: 222c0a09 22706366 4970456e 64506f69   ",.."pcfIpEndPoi
00b0: 6e747322 3a095b7b 0a090909 22697076   nts":.[{...."ipv
00c0: 34416464 72657373 223a0922 3132372e   4Address":."127.
00d0: 302e302e 3133222c 0a090909 22706f72   0.0.13",...."por
00e0: 74223a09 37373737 0a09097d 5d2c0a09   t":.7777...}],..
00f0: 22736e73 73616922 3a097b0a 09092273   "snssai":.{..."s
0100: 7374223a 09310a09 7d2c0a09 22737570   st":.1..},.."sup
0110: 70466561 74223a09 2232220a 7d         pFeat":."2".}
11/20 19:19:22.390: [sbi] DEBUG: [GET] http://127.0.0.20:7777/nudr-dr/v1/policy-data/ues/imsi-999700000000010/sm-data (../lib/sbi/client.c:625)
11/20 19:19:22.390: [sbi] DEBUG: MAX_CONCURRENT_STREAMS = 100 (../lib/sbi/nghttp2-server.c:747)
11/20 19:19:22.390: [sbi] DEBUG: ENABLE_PUSH = false (../lib/sbi/nghttp2-server.c:749)
11/20 19:19:22.391: [sbi] DEBUG: STREAM added [11] (../lib/sbi/nghttp2-server.c:1122)
11/20 19:19:22.391: [sbi] DEBUG: [GET] /nudr-dr/v1/policy-data/ues/imsi-999700000000010/sm-data (../lib/sbi/nghttp2-server.c:801)
11/20 19:19:22.391: [udr] DEBUG: udr_state_operational(): OGS_EVENT_NAME_SBI_SERVER (../src/udr/udr-sm.c:51)
11/20 19:19:22.391: [sbi] DEBUG: [200:GET] http://127.0.0.20:7777/nudr-dr/v1/policy-data/ues/imsi-999701000000010/sm-data?dnn=internet&snssai=%7B%0A%09%22sst%22%3A%091%0A%7D (../lib/sbi/client.c:573)
11/20 19:19:22.391: [sbi] DEBUG: RECEIVED[172] (../lib/sbi/client.c:584)
11/20 19:19:22.391: [sbi] DEBUG: {
	"smPolicySnssaiData":	{
		"{\n\t\"sst\":\t1\n}":	{
			"snssai":	{
				"sst":	1
			},
			"smPolicyDnnData":	{
				"internet":	{
					"dnn":	"internet"
				}
			}
		}
	}
} (../lib/sbi/client.c:586)
11/20 19:19:22.391: [sbi] DEBUG: [201:POST] http://127.0.0.15:7777/nbsf-management/v1/pcfBindings (../lib/sbi/client.c:573)
11/20 19:19:22.391: [sbi] DEBUG: RECEIVED[276] (../lib/sbi/client.c:584)
11/20 19:19:22.391: [sbi] DEBUG: {
	"supi":	"imsi-999702000000010",
	"gpsi":	"msisdn-491725670014",
	"ipv4Addr":	"10.45.0.2",
	"ipv6Prefix":	"2001:db8:cafe:1::2/128",
	"dnn":	"internet",
	"pcfIpEndPoints":	[{
			"ipv4Address":	"127.0.0.13",
			"port":	7777
		}],
	"snssai":	{
		"sst":	1
	},
	"suppFeat":	"2"
} (../lib/sbi/client.c:586)
11/20 19:19:22.391: [pcf] DEBUG: pcf_state_operational(): OGS_EVENT_NAME_SBI_CLIENT (../src/pcf/pcf-sm.c:58)
11/20 19:19:22.391: [sbi] DEBUG: STATUS [200] (../lib/sbi/nghttp2-server.c:357)
11/20 19:19:22.391: [sbi] DEBUG: SENDING...: 172 (../lib/sbi/nghttp2-server.c:365)
11/20 19:19:22.391: [sbi] DEBUG: {
	"smPolicySnssaiData":	{
		"{\n\t\"sst\":\t1\n}":	{
			"snssai":	{
				"sst":	1
			},
			"smPolicyDnnData":	{
				"internet":	{
					"dnn":	"internet"
				}
			}
		}
	}
} (../lib/sbi/nghttp2-server.c:366)
11/20 19:19:22.391: [pcf] DEBUG: pcf_sm_state_operational(): OGS_EVENT_NAME_SBI_CLIENT (../src/pcf/sm-sm.c:50)
11/20 19:19:22.391: [sbi] DEBUG: STREAM closed [11] (../lib/sbi/nghttp2-server.c:852)
11/20 19:19:22.391: [pcf] DEBUG: [REF] 3 (../src/pcf/nudr-handler.c:211)
0000: 00000901 04000000 0b88c0bf 0f0d820b   ................
0010: a2be                                  ..
0000: 0000ac00 01000000 0b7b0a09 22736d50   .........{.."smP
0010: 6f6c6963 79536e73 73616944 61746122   olicySnssaiData"
0020: 3a097b0a 0909227b 5c6e5c74 5c227373   :.{..."{\n\t\"ss
0030: 745c223a 5c74315c 6e7d223a 097b0a09   t\":\t1\n}":.{..
0040: 09092273 6e737361 69223a09 7b0a0909   .."snssai":.{...
0050: 09092273 7374223a 09310a09 09097d2c   .."sst":.1....},
0060: 0a090909 22736d50 6f6c6963 79446e6e   ...."smPolicyDnn
0070: 44617461 223a097b 0a090909 0922696e   Data":.{....."in
0080: 7465726e 6574223a 097b0a09 09090909   ternet":.{......
0090: 22646e6e 223a0922 696e7465 726e6574   "dnn":."internet
00a0: 220a0909 09097d0a 0909097d 0a09097d   ".....}....}...}
00b0: 0a097d0a 7d                           ..}.}
11/20 19:19:22.391: [sbi] DEBUG: [REF] 3 (../lib/sbi/path.c:212)
11/20 19:19:22.391: [sbi] DEBUG: [POST] http://127.0.0.15:7777/nbsf-management/v1/pcfBindings (../lib/sbi/client.c:625)
11/20 19:19:22.391: [sbi] DEBUG: SENDING...[276] (../lib/sbi/client.c:401)
11/20 19:19:22.391: [sbi] DEBUG: {
	"supi":	"imsi-999701000000010",
	"gpsi":	"msisdn-491725670014",
	"ipv4Addr":	"10.45.0.4",
	"ipv6Prefix":	"2001:db8:cafe:3::4/128",
	"dnn":	"internet",
	"pcfIpEndPoints":	[{
			"ipv4Address":	"127.0.0.13",
			"port":	7777
		}],
	"snssai":	{
		"sst":	1
	},
	"suppFeat":	"2"
} (../lib/sbi/client.c:403)
11/20 19:19:22.391: [pcf] DEBUG: pcf_state_operational(): OGS_EVENT_NAME_SBI_CLIENT (../src/pcf/pcf-sm.c:58)
11/20 19:19:22.391: [pcf] DEBUG: pcf_sm_state_operational(): OGS_EVENT_NAME_SBI_CLIENT (../src/pcf/sm-sm.c:50)
11/20 19:19:22.392: [sbi] DEBUG: STATUS [201] (../lib/sbi/nghttp2-server.c:357)
11/20 19:19:22.393: [sbi] DEBUG: SENDING...: 347 (../lib/sbi/nghttp2-server.c:365)
11/20 19:19:22.393: [sbi] DEBUG: {
	"sessRules":	{
		"1":	{
			"authSessAmbr":	{
				"uplink":	"1048576 Kbps",
				"downlink":	"1048576 Kbps"
			},
			"authDefQos":	{
				"5qi":	9,
				"arp":	{
					"priorityLevel":	8,
					"preemptCap":	"NOT_PREEMPT",
					"preemptVuln":	"NOT_PREEMPTABLE"
				},
				"priorityLevel":	8
			},
			"sessRuleId":	"1"
		}
	},
	"suppFeat":	"4000000"
} (../lib/sbi/nghttp2-server.c:366)
11/20 19:19:22.393: [sbi] DEBUG: STREAM closed [1] (../lib/sbi/nghttp2-server.c:852)
11/20 19:19:22.393: [sbi] DEBUG: [200:GET] http://127.0.0.20:7777/nudr-dr/v1/policy-data/ues/imsi-999700000000010/sm-data?dnn=internet&snssai=%7B%0A%09%22sst%22%3A%091%0A%7D (../lib/sbi/client.c:573)
11/20 19:19:22.393: [sbi] DEBUG: RECEIVED[172] (../lib/sbi/client.c:584)
11/20 19:19:22.393: [sbi] DEBUG: {
	"smPolicySnssaiData":	{
		"{\n\t\"sst\":\t1\n}":	{
			"snssai":	{
				"sst":	1
			},
			"smPolicyDnnData":	{
				"internet":	{
					"dnn":	"internet"
				}
			}
		}
	}
} (../lib/sbi/client.c:586)
0000: 00000004 01000000 00                  .........
11/20 19:19:22.393: [sbi] DEBUG: STREAM added [3] (../lib/sbi/nghttp2-server.c:1122)
11/20 19:19:22.393: [sbi] DEBUG: [POST] /nbsf-management/v1/pcfBindings (../lib/sbi/nghttp2-server.c:801)
11/20 19:19:22.393: [sbi] DEBUG: RECEIVED: 276 (../lib/sbi/nghttp2-server.c:805)
11/20 19:19:22.393: [pcf] DEBUG: pcf_state_operational(): OGS_EVENT_NAME_SBI_CLIENT (../src/pcf/pcf-sm.c:58)
11/20 19:19:22.393: [sbi] DEBUG: {
	"supi":	"imsi-999701000000010",
	"gpsi":	"msisdn-491725670014",
	"ipv4Addr":	"10.45.0.4",
	"ipv6Prefix":	"2001:db8:cafe:3::4/128",
	"dnn":	"internet",
	"pcfIpEndPoints":	[{
			"ipv4Address":	"127.0.0.13",
			"port":	7777
		}],
	"snssai":	{
		"sst":	1
	},
	"suppFeat":	"2"
} (../lib/sbi/nghttp2-server.c:806)
11/20 19:19:22.393: [bsf] DEBUG: bsf_state_operational(): OGS_EVENT_NAME_SBI_SERVER (../src/bsf/bsf-sm.c:55)
11/20 19:19:22.393: [sbi] DEBUG: STATUS [201] (../lib/sbi/nghttp2-server.c:357)
11/20 19:19:22.393: [pcf] DEBUG: pcf_sm_state_operational(): OGS_EVENT_NAME_SBI_CLIENT (../src/pcf/sm-sm.c:50)
11/20 19:19:22.393: [sbi] DEBUG: SENDING...: 276 (../lib/sbi/nghttp2-server.c:365)
11/20 19:19:22.393: [pcf] DEBUG: [REF] 4 (../src/pcf/nudr-handler.c:211)
11/20 19:19:22.393: [sbi] DEBUG: {
	"supi":	"imsi-999701000000010",
	"gpsi":	"msisdn-491725670014",
	"ipv4Addr":	"10.45.0.4",
	"ipv6Prefix":	"2001:db8:cafe:3::4/128",
	"dnn":	"internet",
	"pcfIpEndPoints":	[{
			"ipv4Address":	"127.0.0.13",
			"port":	7777
		}],
	"snssai":	{
		"sst":	1
	},
	"suppFeat":	"2"
} (../lib/sbi/nghttp2-server.c:366)
11/20 19:19:22.393: [sbi] DEBUG: STREAM closed [3] (../lib/sbi/nghttp2-server.c:852)
0000: 00003501 04000000 03c1c0bf 0f0d0332   ..5............2
0010: 37360f1f a89d29ae e30c044e ae05c0b8   76....)....N....
0020: 5bb8ebae bac551a2 55a91d43 98b496a4   [.....Q.U..C....
0030: b1dc2c56 496e9aa9 0d54c860 5fbe       ..,VIn...T.`_.
11/20 19:19:22.393: [sbi] DEBUG: [REF] 4 (../lib/sbi/path.c:212)
11/20 19:19:22.393: [sbi] DEBUG: [POST] http://127.0.0.15:7777/nbsf-management/v1/pcfBindings (../lib/sbi/client.c:625)
0000: 00011400 01000000 037b0a09 22737570   .........{.."sup
0010: 69223a09 22696d73 692d3939 39373031   i":."imsi-999701
0020: 30303030 30303031 30222c0a 09226770   000000010",.."gp
0030: 7369223a 09226d73 6973646e 2d343931   si":."msisdn-491
0040: 37323536 37303031 34222c0a 09226970   725670014",.."ip
0050: 76344164 6472223a 09223130 2e34352e   v4Addr":."10.45.
0060: 302e3422 2c0a0922 69707636 50726566   0.4",.."ipv6Pref
0070: 6978223a 09223230 30313a64 62383a63   ix":."2001:db8:c
0080: 6166653a 333a3a34 2f313238 222c0a09   afe:3::4/128",..
0090: 22646e6e 223a0922 696e7465 726e6574   "dnn":."internet
00a0: 222c0a09 22706366 4970456e 64506f69   ",.."pcfIpEndPoi
00b0: 6e747322 3a095b7b 0a090909 22697076   nts":.[{...."ipv
00c0: 34416464 72657373 223a0922 3132372e   4Address":."127.
00d0: 302e302e 3133222c 0a090909 22706f72   0.0.13",...."por
00e0: 74223a09 37373737 0a09097d 5d2c0a09   t":.7777...}],..
00f0: 22736e73 73616922 3a097b0a 09092273   "snssai":.{..."s
0100: 7374223a 09310a09 7d2c0a09 22737570   st":.1..},.."sup
0110: 70466561 74223a09 2232220a 7d         pFeat":."2".}
11/20 19:19:22.393: [sbi] DEBUG: SENDING...[276] (../lib/sbi/client.c:401)
11/20 19:19:22.393: [sbi] DEBUG: {
	"supi":	"imsi-999700000000010",
	"gpsi":	"msisdn-491725670014",
	"ipv4Addr":	"10.45.0.3",
	"ipv6Prefix":	"2001:db8:cafe:2::3/128",
	"dnn":	"internet",
	"pcfIpEndPoints":	[{
			"ipv4Address":	"127.0.0.13",
			"port":	7777
		}],
	"snssai":	{
		"sst":	1
	},
	"suppFeat":	"2"
} (../lib/sbi/client.c:403)
0000: 00006801 04000000 01488210 03768bd5   ..h......H...v..
0010: 596a6f16 e53b8976 d76f6196 d07abe94   Yjo..;.v.oa..z..
0020: 1054d27e ea080212 8066e05f b821298b   .T.~.....f._.!).
0030: 46ff0f0d 03333437 0f1fa99d 29aee30c   F....347....)...
0040: 044eae05 c0b859b8 ebaebac5 55925591   .N....Y.....U.U.
0050: 4d67a0c4 f443d49b 0f431dc2 c567a0c4   Mg...C...C...g..
0060: 3150c07f 5f8b1d75 d0620d26 3d4c7441   1P.._..u.b.&=LtA
0070: ea                                    .
11/20 19:19:22.394: [sbi] DEBUG: STREAM added [5] (../lib/sbi/nghttp2-server.c:1122)
11/20 19:19:22.394: [sbi] DEBUG: [POST] /nbsf-management/v1/pcfBindings (../lib/sbi/nghttp2-server.c:801)
11/20 19:19:22.394: [sbi] DEBUG: RECEIVED: 276 (../lib/sbi/nghttp2-server.c:805)
11/20 19:19:22.394: [sbi] DEBUG: {
	"supi":	"imsi-999700000000010",
	"gpsi":	"msisdn-491725670014",
	"ipv4Addr":	"10.45.0.3",
	"ipv6Prefix":	"2001:db8:cafe:2::3/128",
	"dnn":	"internet",
	"pcfIpEndPoints":	[{
			"ipv4Address":	"127.0.0.13",
			"port":	7777
		}],
	"snssai":	{
		"sst":	1
	},
	"suppFeat":	"2"
} (../lib/sbi/nghttp2-server.c:806)
11/20 19:19:22.394: [bsf] DEBUG: bsf_state_operational(): OGS_EVENT_NAME_SBI_SERVER (../src/bsf/bsf-sm.c:55)
11/20 19:19:22.394: [sbi] DEBUG: [201:POST] http://127.0.0.15:7777/nbsf-management/v1/pcfBindings (../lib/sbi/client.c:573)
11/20 19:19:22.394: [sbi] DEBUG: RECEIVED[276] (../lib/sbi/client.c:584)
11/20 19:19:22.394: [sbi] DEBUG: STATUS [201] (../lib/sbi/nghttp2-server.c:357)
11/20 19:19:22.394: [sbi] DEBUG: {
	"supi":	"imsi-999701000000010",
	"gpsi":	"msisdn-491725670014",
	"ipv4Addr":	"10.45.0.4",
	"ipv6Prefix":	"2001:db8:cafe:3::4/128",
	"dnn":	"internet",
	"pcfIpEndPoints":	[{
			"ipv4Address":	"127.0.0.13",
			"port":	7777
		}],
	"snssai":	{
		"sst":	1
	},
	"suppFeat":	"2"
} (../lib/sbi/client.c:586)
11/20 19:19:22.394: [sbi] DEBUG: SENDING...: 276 (../lib/sbi/nghttp2-server.c:365)
11/20 19:19:22.394: [sbi] DEBUG: {
	"supi":	"imsi-999700000000010",
	"gpsi":	"msisdn-491725670014",
	"ipv4Addr":	"10.45.0.3",
	"ipv6Prefix":	"2001:db8:cafe:2::3/128",
	"dnn":	"internet",
	"pcfIpEndPoints":	[{
			"ipv4Address":	"127.0.0.13",
			"port":	7777
		}],
	"snssai":	{
		"sst":	1
	},
	"suppFeat":	"2"
} (../lib/sbi/nghttp2-server.c:366)
11/20 19:19:22.394: [sbi] DEBUG: STREAM closed [5] (../lib/sbi/nghttp2-server.c:852)
11/20 19:19:22.394: [pcf] DEBUG: pcf_state_operational(): OGS_EVENT_NAME_SBI_CLIENT (../src/pcf/pcf-sm.c:58)
0000: 00003501 04000000 05c1c0bf 0f0d0332   ..5............2
0010: 37360f1f a89d29ae e30c044e ae05c0b8   76....)....N....
0020: 5bb8ebae bac551a2 55a91d43 98b496a4   [.....Q.U..C....
0030: b1dc2c56 496e9aa9 0d54c861 9fbe       ..,VIn...T.a..
11/20 19:19:22.394: [pcf] DEBUG: pcf_sm_state_operational(): OGS_EVENT_NAME_SBI_CLIENT (../src/pcf/sm-sm.c:50)
0000: 00011400 01000000 057b0a09 22737570   .........{.."sup
0010: 69223a09 22696d73 692d3939 39373030   i":."imsi-999700
0020: 30303030 30303031 30222c0a 09226770   000000010",.."gp
0030: 7369223a 09226d73 6973646e 2d343931   si":."msisdn-491
0040: 37323536 37303031 34222c0a 09226970   725670014",.."ip
0050: 76344164 6472223a 09223130 2e34352e   v4Addr":."10.45.
0060: 302e3322 2c0a0922 69707636 50726566   0.3",.."ipv6Pref
0070: 6978223a 09223230 30313a64 62383a63   ix":."2001:db8:c
0080: 6166653a 323a3a33 2f313238 222c0a09   afe:2::3/128",..
0090: 22646e6e 223a0922 696e7465 726e6574   "dnn":."internet
00a0: 222c0a09 22706366 4970456e 64506f69   ",.."pcfIpEndPoi
00b0: 6e747322 3a095b7b 0a090909 22697076   nts":.[{...."ipv
00c0: 34416464 72657373 223a0922 3132372e   4Address":."127.
00d0: 302e302e 3133222c 0a090909 22706f72   0.0.13",...."por
00e0: 74223a09 37373737 0a09097d 5d2c0a09   t":.7777...}],..
00f0: 22736e73 73616922 3a097b0a 09092273   "snssai":.{..."s
0100: 7374223a 09310a09 7d2c0a09 22737570   st":.1..},.."sup
0110: 70466561 74223a09 2232220a 7d         pFeat":."2".}
11/20 19:19:22.394: [sbi] DEBUG: STATUS [201] (../lib/sbi/nghttp2-server.c:357)
11/20 19:19:22.394: [sbi] DEBUG: SENDING...: 347 (../lib/sbi/nghttp2-server.c:365)
11/20 19:19:22.394: [sbi] DEBUG: {
	"sessRules":	{
		"1":	{
			"authSessAmbr":	{
				"uplink":	"1048576 Kbps",
				"downlink":	"1048576 Kbps"
			},
			"authDefQos":	{
				"5qi":	9,
				"arp":	{
					"priorityLevel":	8,
					"preemptCap":	"NOT_PREEMPT",
					"preemptVuln":	"NOT_PREEMPTABLE"
				},
				"priorityLevel":	8
			},
			"sessRuleId":	"1"
		}
	},
	"suppFeat":	"4000000"
} (../lib/sbi/nghttp2-server.c:366)
11/20 19:19:22.394: [sbi] DEBUG: STREAM closed [1] (../lib/sbi/nghttp2-server.c:852)
11/20 19:19:22.395: [sbi] DEBUG: [201:POST] http://127.0.0.13:7777/npcf-smpolicycontrol/v1/sm-policies (../lib/sbi/client.c:573)
11/20 19:19:22.395: [sbi] DEBUG: RECEIVED[347] (../lib/sbi/client.c:584)
11/20 19:19:22.395: [sbi] DEBUG: {
	"sessRules":	{
		"1":	{
			"authSessAmbr":	{
				"uplink":	"1048576 Kbps",
				"downlink":	"1048576 Kbps"
			},
			"authDefQos":	{
				"5qi":	9,
				"arp":	{
					"priorityLevel":	8,
					"preemptCap":	"NOT_PREEMPT",
					"preemptVuln":	"NOT_PREEMPTABLE"
				},
				"priorityLevel":	8
			},
			"sessRuleId":	"1"
		}
	},
	"suppFeat":	"4000000"
} (../lib/sbi/client.c:586)
11/20 19:19:22.395: [smf] DEBUG: smf_state_operational(): OGS_EVENT_NAME_SBI_CLIENT (../src/smf/smf-sm.c:83)
0000: 00015b00 01000000 017b0a09 22736573   ..[......{.."ses
0010: 7352756c 6573223a 097b0a09 09223122   sRules":.{..."1"
0020: 3a097b0a 09090922 61757468 53657373   :.{...."authSess
0030: 416d6272 223a097b 0a090909 09227570   Ambr":.{....."up
0040: 6c696e6b 223a0922 31303438 35373620   link":."1048576 
0050: 4b627073 222c0a09 09090922 646f776e   Kbps",....."down
0060: 6c696e6b 223a0922 31303438 35373620   link":."1048576 
0070: 4b627073 220a0909 097d2c0a 09090922   Kbps"....},...."
0080: 61757468 44656651 6f73223a 097b0a09   authDefQos":.{..
0090: 09090922 35716922 3a09392c 0a090909   ..."5qi":.9,....
00a0: 09226172 70223a09 7b0a0909 09090922   ."arp":.{......"
00b0: 7072696f 72697479 4c657665 6c223a09   priorityLevel":.
00c0: 382c0a09 09090909 22707265 656d7074   8,......"preempt
00d0: 43617022 3a09224e 4f545f50 5245454d   Cap":."NOT_PREEM
00e0: 5054222c 0a090909 09092270 7265656d   PT",......"preem
00f0: 70745675 6c6e223a 09224e4f 545f5052   ptVuln":."NOT_PR
0100: 45454d50 5441424c 45220a09 0909097d   EEMPTABLE".....}
0110: 2c0a0909 09092270 72696f72 6974794c   ,....."priorityL
0120: 6576656c 223a0938 0a090909 7d2c0a09   evel":.8....},..
0130: 09092273 65737352 756c6549 64223a09   .."sessRuleId":.
0140: 2231220a 09097d0a 097d2c0a 09227375   "1"...}..},.."su
0150: 70704665 6174223a 09223430 30303030   ppFeat":."400000
0160: 30220a7d                              0".}
11/20 19:19:22.395: [smf] DEBUG: smf_gsm_state_wait_5gc_sm_policy_association(): OGS_EVENT_NAME_SBI_CLIENT (../src/smf/gsm-sm.c:480)
11/20 19:19:22.395: [sbi] DEBUG: [201:POST] http://127.0.0.15:7777/nbsf-management/v1/pcfBindings (../lib/sbi/client.c:573)
11/20 19:19:22.395: [smf] DEBUG: UE using UPF on IP[127.0.0.7] (../src/smf/context.c:1179)
11/20 19:19:22.395: [sbi] DEBUG: RECEIVED[276] (../lib/sbi/client.c:584)
11/20 19:19:22.395: [sbi] DEBUG: {
	"supi":	"imsi-999700000000010",
	"gpsi":	"msisdn-491725670014",
	"ipv4Addr":	"10.45.0.3",
	"ipv6Prefix":	"2001:db8:cafe:2::3/128",
	"dnn":	"internet",
	"pcfIpEndPoints":	[{
			"ipv4Address":	"127.0.0.13",
			"port":	7777
		}],
	"snssai":	{
		"sst":	1
	},
	"suppFeat":	"2"
} (../lib/sbi/client.c:586)
11/20 19:19:22.395: [smf] INFO: UE SUPI[imsi-999702000000010] DNN[internet] IPv4[10.45.0.2] IPv6[2001:db8:cafe:1::2] (../src/smf/npcf-handler.c:498)
0000: 00000004 01000000 00                  .........
11/20 19:19:22.395: [pcf] DEBUG: pcf_state_operational(): OGS_EVENT_NAME_SBI_CLIENT (../src/pcf/pcf-sm.c:58)
11/20 19:19:22.395: [pfcp] DEBUG: [2] LOCAL  Create  peer [127.0.0.7]:8805 (../lib/pfcp/xact.c:116)
11/20 19:19:22.395: [smf] DEBUG: Session Establishment Request (../src/smf/n4-build.c:40)
11/20 19:19:22.395: [pcf] DEBUG: pcf_sm_state_operational(): OGS_EVENT_NAME_SBI_CLIENT (../src/pcf/sm-sm.c:50)
11/20 19:19:22.395: [pfcp] DEBUG: [2] LOCAL  UPD TX-50  peer [127.0.0.7]:8805 (../lib/pfcp/xact.c:197)
11/20 19:19:22.395: [pfcp] DEBUG: [2] LOCAL  Commit  peer [127.0.0.7]:8805 (../lib/pfcp/xact.c:475)
11/20 19:19:22.395: [smf] DEBUG: smf_gsm_state_wait_5gc_sm_policy_association(): EXIT (../src/smf/gsm-sm.c:480)
11/20 19:19:22.395: [smf] DEBUG: smf_gsm_state_wait_pfcp_establishment(): ENTRY (../src/smf/gsm-sm.c:646)
11/20 19:19:22.395: [upf] DEBUG: upf_state_operational(): UPF_EVT_N4_MESSAGE (../src/upf/upf-sm.c:51)
11/20 19:19:22.395: [pfcp] DEBUG: [2] Cannot find xact type 50 from PFCP peer [127.0.0.4]:8805 (../lib/pfcp/xact.c:797)
11/20 19:19:22.395: [pfcp] DEBUG: [2] REMOTE Create  peer [127.0.0.4]:8805 (../lib/pfcp/xact.c:159)
11/20 19:19:22.395: [pfcp] DEBUG: [2] REMOTE Receive peer [127.0.0.4]:8805 (../lib/pfcp/xact.c:704)
11/20 19:19:22.395: [pfcp] DEBUG: [2] REMOTE UPD RX-50  peer [127.0.0.4]:8805 (../lib/pfcp/xact.c:298)
11/20 19:19:22.395: [upf] DEBUG: upf_pfcp_state_associated(): UPF_EVT_N4_MESSAGE (../src/upf/pfcp-sm.c:164)
11/20 19:19:22.395: [sbi] DEBUG: STATUS [201] (../lib/sbi/nghttp2-server.c:357)
11/20 19:19:22.395: [upf] INFO: [Added] Number of UPF-Sessions is now 1 (../src/upf/context.c:179)
11/20 19:19:22.395: [sbi] DEBUG: SENDING...: 347 (../lib/sbi/nghttp2-server.c:365)
11/20 19:19:22.395: [upf] DEBUG: Session Establishment Request (../src/upf/n4-handler.c:61)
11/20 19:19:22.395: [sbi] DEBUG: {
	"sessRules":	{
		"1":	{
			"authSessAmbr":	{
				"uplink":	"1048576 Kbps",
				"downlink":	"1048576 Kbps"
			},
			"authDefQos":	{
				"5qi":	9,
				"arp":	{
					"priorityLevel":	8,
					"preemptCap":	"NOT_PREEMPT",
					"preemptVuln":	"NOT_PREEMPTABLE"
				},
				"priorityLevel":	8
			},
			"sessRuleId":	"1"
		}
	},
	"suppFeat":	"4000000"
} (../lib/sbi/nghttp2-server.c:366)
11/20 19:19:22.395: [sbi] DEBUG: STREAM closed [1] (../lib/sbi/nghttp2-server.c:852)
0000: 00006801 04000000 01488210 03768bd5   ..h......H...v..
0010: 596a6f16 e53b8976 d76f6196 d07abe94   Yjo..;.v.oa..z..
0020: 1054d27e ea080212 8066e05f b821298b   .T.~.....f._.!).
0030: 46ff0f0d 03333437 0f1fa99d 29aee30c   F....347....)...
0040: 044eae05 c0b859b8 ebaebac5 55925591   .N....Y.....U.U.
0050: 4d67a0c4 f443d49b 0f431dc2 c567a0c4   Mg...C...C...g..
0060: 3150c0bf 5f8b1d75 d0620d26 3d4c7441   1P.._..u.b.&=LtA
0070: ea                                    .
0000: 00000004 01000000 00                  .........
11/20 19:19:22.395: [gtp] INFO: gtp_connect() [127.0.0.4]:2152 (../lib/gtp/path.c:61)
11/20 19:19:22.395: [upf] INFO: UE F-SEID[UP:0x1 CP:0x1] APN[internet] PDN-Type[3] IPv4[10.45.0.2] IPv6[2001:db8:cafe:1::2] (../src/upf/context.c:402)
11/20 19:19:22.395: [sbi] DEBUG: [201:POST] http://127.0.0.13:7777/npcf-smpolicycontrol/v1/sm-policies (../lib/sbi/client.c:573)
11/20 19:19:22.395: [upf] INFO: UE F-SEID[UP:0x1 CP:0x1] APN[internet] PDN-Type[3] IPv4[10.45.0.2] IPv6[2001:db8:cafe:1::2] (../src/upf/context.c:402)
11/20 19:19:22.395: [sbi] DEBUG: RECEIVED[347] (../lib/sbi/client.c:584)
11/20 19:19:22.395: [upf] DEBUG: Session Establishment Response (../src/upf/n4-build.c:36)
11/20 19:19:22.395: [sbi] DEBUG: {
	"sessRules":	{
		"1":	{
			"authSessAmbr":	{
				"uplink":	"1048576 Kbps",
				"downlink":	"1048576 Kbps"
			},
			"authDefQos":	{
				"5qi":	9,
				"arp":	{
					"priorityLevel":	8,
					"preemptCap":	"NOT_PREEMPT",
					"preemptVuln":	"NOT_PREEMPTABLE"
				},
				"priorityLevel":	8
			},
			"sessRuleId":	"1"
		}
	},
	"suppFeat":	"4000000"
} (../lib/sbi/client.c:586)
11/20 19:19:22.395: [smf] DEBUG: smf_state_operational(): OGS_EVENT_NAME_SBI_CLIENT (../src/smf/smf-sm.c:83)
11/20 19:19:22.395: [pfcp] DEBUG: [2] REMOTE UPD TX-51  peer [127.0.0.4]:8805 (../lib/pfcp/xact.c:197)
11/20 19:19:22.395: [pfcp] DEBUG: [2] REMOTE Commit  peer [127.0.0.4]:8805 (../lib/pfcp/xact.c:475)
0000: 00015b00 01000000 017b0a09 22736573   ..[......{.."ses
0010: 7352756c 6573223a 097b0a09 09223122   sRules":.{..."1"
0020: 3a097b0a 09090922 61757468 53657373   :.{...."authSess
0030: 416d6272 223a097b 0a090909 09227570   Ambr":.{....."up
0040: 6c696e6b 223a0922 31303438 35373620   link":."1048576 
0050: 4b627073 222c0a09 09090922 646f776e   Kbps",....."down
0060: 6c696e6b 223a0922 31303438 35373620   link":."1048576 
0070: 4b627073 220a0909 097d2c0a 09090922   Kbps"....},...."
0080: 61757468 44656651 6f73223a 097b0a09   authDefQos":.{..
0090: 09090922 35716922 3a09392c 0a090909   ..."5qi":.9,....
00a0: 09226172 70223a09 7b0a0909 09090922   ."arp":.{......"
00b0: 7072696f 72697479 4c657665 6c223a09   priorityLevel":.
00c0: 382c0a09 09090909 22707265 656d7074   8,......"preempt
00d0: 43617022 3a09224e 4f545f50 5245454d   Cap":."NOT_PREEM
00e0: 5054222c 0a090909 09092270 7265656d   PT",......"preem
00f0: 70745675 6c6e223a 09224e4f 545f5052   ptVuln":."NOT_PR
0100: 45454d50 5441424c 45220a09 0909097d   EEMPTABLE".....}
0110: 2c0a0909 09092270 72696f72 6974794c   ,....."priorityL
0120: 6576656c 223a0938 0a090909 7d2c0a09   evel":.8....},..
0130: 09092273 65737352 756c6549 64223a09   .."sessRuleId":.
0140: 2231220a 09097d0a 097d2c0a 09227375   "1"...}..},.."su
0150: 70704665 6174223a 09223430 30303030   ppFeat":."400000
0160: 30220a7d                              0".}
11/20 19:19:22.395: [smf] DEBUG: smf_gsm_state_wait_5gc_sm_policy_association(): OGS_EVENT_NAME_SBI_CLIENT (../src/smf/gsm-sm.c:480)
0000: 00006801 04000000 01488210 03768bd5   ..h......H...v..
0010: 596a6f16 e53b8976 d76f6196 d07abe94   Yjo..;.v.oa..z..
0020: 1054d27e ea080212 8066e05f b821298b   .T.~.....f._.!).
0030: 46ff0f0d 03333437 0f1fa99d 29aee30c   F....347....)...
0040: 044eae05 c0b859b8 ebaebac5 55925591   .N....Y.....U.U.
0050: 4d67a0c4 f443d49b 0f431dc2 c567a0c4   Mg...C...C...g..
0060: 3150c33f 5f8b1d75 d0620d26 3d4c7441   1P.?_..u.b.&=LtA
0070: ea                                    .
11/20 19:19:22.395: [smf] DEBUG: UE using UPF on IP[127.0.0.7] (../src/smf/context.c:1179)
11/20 19:19:22.395: [smf] INFO: UE SUPI[imsi-999701000000010] DNN[internet] IPv4[10.45.0.4] IPv6[2001:db8:cafe:3::4] (../src/smf/npcf-handler.c:498)
11/20 19:19:22.395: [pfcp] DEBUG: [3] LOCAL  Create  peer [127.0.0.7]:8805 (../lib/pfcp/xact.c:116)
11/20 19:19:22.395: [smf] DEBUG: Session Establishment Request (../src/smf/n4-build.c:40)
0000: 00015b00 01000000 017b0a09 22736573   ..[......{.."ses
0010: 7352756c 6573223a 097b0a09 09223122   sRules":.{..."1"
0020: 3a097b0a 09090922 61757468 53657373   :.{...."authSess
0030: 416d6272 223a097b 0a090909 09227570   Ambr":.{....."up
0040: 6c696e6b 223a0922 31303438 35373620   link":."1048576 
0050: 4b627073 222c0a09 09090922 646f776e   Kbps",....."down
0060: 6c696e6b 223a0922 31303438 35373620   link":."1048576 
0070: 4b627073 220a0909 097d2c0a 09090922   Kbps"....},...."
0080: 61757468 44656651 6f73223a 097b0a09   authDefQos":.{..
0090: 09090922 35716922 3a09392c 0a090909   ..."5qi":.9,....
00a0: 09226172 70223a09 7b0a0909 09090922   ."arp":.{......"
00b0: 7072696f 72697479 4c657665 6c223a09   priorityLevel":.
00c0: 382c0a09 09090909 22707265 656d7074   8,......"preempt
00d0: 43617022 3a09224e 4f545f50 5245454d   Cap":."NOT_PREEM
00e0: 5054222c 0a090909 09092270 7265656d   PT",......"preem
00f0: 70745675 6c6e223a 09224e4f 545f5052   ptVuln":."NOT_PR
0100: 45454d50 5441424c 45220a09 0909097d   EEMPTABLE".....}
0110: 2c0a0909 09092270 72696f72 6974794c   ,....."priorityL
0120: 6576656c 223a0938 0a090909 7d2c0a09   evel":.8....},..
0130: 09092273 65737352 756c6549 64223a09   .."sessRuleId":.
0140: 2231220a 09097d0a 097d2c0a 09227375   "1"...}..},.."su
0150: 70704665 6174223a 09223430 30303030   ppFeat":."400000
0160: 30220a7d                              0".}
11/20 19:19:22.396: [pfcp] DEBUG: [3] LOCAL  UPD TX-50  peer [127.0.0.7]:8805 (../lib/pfcp/xact.c:197)
11/20 19:19:22.396: [pfcp] DEBUG: [3] LOCAL  Commit  peer [127.0.0.7]:8805 (../lib/pfcp/xact.c:475)
11/20 19:19:22.396: [smf] DEBUG: smf_gsm_state_wait_5gc_sm_policy_association(): EXIT (../src/smf/gsm-sm.c:480)
11/20 19:19:22.396: [smf] DEBUG: smf_gsm_state_wait_pfcp_establishment(): ENTRY (../src/smf/gsm-sm.c:646)
11/20 19:19:22.396: [upf] DEBUG: upf_state_operational(): UPF_EVT_N4_MESSAGE (../src/upf/upf-sm.c:51)
11/20 19:19:22.396: [sbi] DEBUG: [201:POST] http://127.0.0.13:7777/npcf-smpolicycontrol/v1/sm-policies (../lib/sbi/client.c:573)
11/20 19:19:22.396: [sbi] DEBUG: RECEIVED[347] (../lib/sbi/client.c:584)
11/20 19:19:22.396: [sbi] DEBUG: {
	"sessRules":	{
		"1":	{
			"authSessAmbr":	{
				"uplink":	"1048576 Kbps",
				"downlink":	"1048576 Kbps"
			},
			"authDefQos":	{
				"5qi":	9,
				"arp":	{
					"priorityLevel":	8,
					"preemptCap":	"NOT_PREEMPT",
					"preemptVuln":	"NOT_PREEMPTABLE"
				},
				"priorityLevel":	8
			},
			"sessRuleId":	"1"
		}
	},
	"suppFeat":	"4000000"
} (../lib/sbi/client.c:586)
11/20 19:19:22.396: [pfcp] DEBUG: [3] Cannot find xact type 50 from PFCP peer [127.0.0.4]:8805 (../lib/pfcp/xact.c:797)
11/20 19:19:22.396: [pfcp] DEBUG: [3] REMOTE Create  peer [127.0.0.4]:8805 (../lib/pfcp/xact.c:159)
11/20 19:19:22.396: [smf] DEBUG: smf_state_operational(): SMF_EVT_N4_MESSAGE (../src/smf/smf-sm.c:83)
11/20 19:19:22.396: [pfcp] DEBUG: [3] REMOTE Receive peer [127.0.0.4]:8805 (../lib/pfcp/xact.c:704)
11/20 19:19:22.396: [pfcp] DEBUG: [3] REMOTE UPD RX-50  peer [127.0.0.4]:8805 (../lib/pfcp/xact.c:298)
11/20 19:19:22.396: [upf] DEBUG: upf_pfcp_state_associated(): UPF_EVT_N4_MESSAGE (../src/upf/pfcp-sm.c:164)
11/20 19:19:22.396: [pfcp] DEBUG: [2] LOCAL  Find    peer [127.0.0.7]:8805 (../lib/pfcp/xact.c:790)
11/20 19:19:22.396: [upf] INFO: [Added] Number of UPF-Sessions is now 2 (../src/upf/context.c:179)
11/20 19:19:22.396: [pfcp] DEBUG: [2] LOCAL  Receive peer [127.0.0.7]:8805 (../lib/pfcp/xact.c:704)
11/20 19:19:22.396: [upf] DEBUG: Session Establishment Request (../src/upf/n4-handler.c:61)
11/20 19:19:22.396: [pfcp] DEBUG: [2] LOCAL  UPD RX-51  peer [127.0.0.7]:8805 (../lib/pfcp/xact.c:298)
11/20 19:19:22.396: [smf] DEBUG: smf_pfcp_state_associated(): SMF_EVT_N4_MESSAGE (../src/smf/pfcp-sm.c:165)
11/20 19:19:22.396: [smf] DEBUG: smf_gsm_state_wait_pfcp_establishment(): SMF_EVT_N4_MESSAGE (../src/smf/gsm-sm.c:646)
11/20 19:19:22.396: [smf] DEBUG: Session Establishment Response [5gc] (../src/smf/n4-handler.c:165)
11/20 19:19:22.396: [upf] INFO: UE F-SEID[UP:0x2 CP:0x2] APN[internet] PDN-Type[3] IPv4[10.45.0.4] IPv6[2001:db8:cafe:3::4] (../src/upf/context.c:402)
11/20 19:19:22.396: [pfcp] DEBUG: [2] LOCAL  Commit  peer [127.0.0.7]:8805 (../lib/pfcp/xact.c:475)
11/20 19:19:22.396: [upf] INFO: UE F-SEID[UP:0x2 CP:0x2] APN[internet] PDN-Type[3] IPv4[10.45.0.4] IPv6[2001:db8:cafe:3::4] (../src/upf/context.c:402)
11/20 19:19:22.396: [pfcp] DEBUG: [2] LOCAL  Delete  peer [127.0.0.7]:8805 (../lib/pfcp/xact.c:813)
11/20 19:19:22.396: [upf] DEBUG: Session Establishment Response (../src/upf/n4-build.c:36)
11/20 19:19:22.396: [pfcp] DEBUG: [3] REMOTE UPD TX-51  peer [127.0.0.4]:8805 (../lib/pfcp/xact.c:197)
11/20 19:19:22.396: [gtp] INFO: gtp_connect() [127.0.0.7]:2152 (../lib/gtp/path.c:61)
11/20 19:19:22.396: [pfcp] DEBUG: [3] REMOTE Commit  peer [127.0.0.4]:8805 (../lib/pfcp/xact.c:475)
11/20 19:19:22.396: [smf] WARNING: Unknown PCO ID:(0x2) (../src/smf/context.c:3012)
11/20 19:19:22.396: [smf] DEBUG: PDUSessionResourceSetupRequestTransfer (../src/smf/ngap-build.c:48)
11/20 19:19:22.396: [core] DEBUG:     IPv4[127.0.0.7] (../lib/asn1c/util/conv.c:202)
11/20 19:19:22.396: [sbi] DEBUG: [REF] 2 (../lib/sbi/path.c:212)
11/20 19:19:22.396: [sbi] DEBUG: [POST] http://127.0.0.5:7777/namf-comm/v1/ue-contexts/imsi-999702000000010/n1-n2-messages (../lib/sbi/client.c:625)
11/20 19:19:22.396: [sbi] DEBUG: SENDING...[788] (../lib/sbi/client.c:401)
11/20 19:19:22.396: [sbi] DEBUG: --=-6pIWomr7dZbHQ3ktwpMaog==
Content-Type: application/json

{
	"n1MessageContainer":	{
		"n1MessageClass":	"SM",
		"n1MessageContent":	{
			"contentId":	"5gnas-sm"
		}
	},
	"n2InfoContainer":	{
		"n2InformationClass":	"SM",
		"smInfo":	{
			"pduSessionId":	5,
			"n2InfoContent":	{
				"ngapIeType":	"PDU_RES_SETUP_REQ",
				"ngapData":	{
					"contentId":	"ngap-sm"
				}
			}
		}
	},
	"pduSessionId":	5
}
--=-6pIWomr7dZbHQ3ktwpMaog==
Content-Id: 5gnas-sm
Content-Type: application/vnd.3gpp.5gnas

.Â (../lib/sbi/client.c:403)
11/20 19:19:22.396: [smf] DEBUG: smf_gsm_state_wait_pfcp_establishment(): EXIT (../src/smf/gsm-sm.c:646)
11/20 19:19:22.396: [smf] DEBUG: smf_gsm_state_operational(): ENTRY (../src/smf/gsm-sm.c:755)
11/20 19:19:22.396: [smf] DEBUG: smf_state_operational(): OGS_EVENT_NAME_SBI_CLIENT (../src/smf/smf-sm.c:83)
11/20 19:19:22.397: [smf] DEBUG: smf_gsm_state_wait_5gc_sm_policy_association(): OGS_EVENT_NAME_SBI_CLIENT (../src/smf/gsm-sm.c:480)
11/20 19:19:22.397: [smf] DEBUG: UE using UPF on IP[127.0.0.7] (../src/smf/context.c:1179)
11/20 19:19:22.397: [smf] INFO: UE SUPI[imsi-999700000000010] DNN[internet] IPv4[10.45.0.3] IPv6[2001:db8:cafe:2::3] (../src/smf/npcf-handler.c:498)
11/20 19:19:22.397: [pfcp] DEBUG: [4] LOCAL  Create  peer [127.0.0.7]:8805 (../lib/pfcp/xact.c:116)
11/20 19:19:22.397: [smf] DEBUG: Session Establishment Request (../src/smf/n4-build.c:40)
11/20 19:19:22.397: [pfcp] DEBUG: [4] LOCAL  UPD TX-50  peer [127.0.0.7]:8805 (../lib/pfcp/xact.c:197)
11/20 19:19:22.397: [pfcp] DEBUG: [4] LOCAL  Commit  peer [127.0.0.7]:8805 (../lib/pfcp/xact.c:475)
11/20 19:19:22.397: [smf] DEBUG: smf_gsm_state_wait_5gc_sm_policy_association(): EXIT (../src/smf/gsm-sm.c:480)
11/20 19:19:22.397: [smf] DEBUG: smf_gsm_state_wait_pfcp_establishment(): ENTRY (../src/smf/gsm-sm.c:646)
11/20 19:19:22.397: [upf] DEBUG: upf_state_operational(): UPF_EVT_N4_MESSAGE (../src/upf/upf-sm.c:51)
11/20 19:19:22.397: [pfcp] DEBUG: [4] Cannot find xact type 50 from PFCP peer [127.0.0.4]:8805 (../lib/pfcp/xact.c:797)
11/20 19:19:22.397: [pfcp] DEBUG: [4] REMOTE Create  peer [127.0.0.4]:8805 (../lib/pfcp/xact.c:159)
11/20 19:19:22.397: [pfcp] DEBUG: [4] REMOTE Receive peer [127.0.0.4]:8805 (../lib/pfcp/xact.c:704)
11/20 19:19:22.397: [pfcp] DEBUG: [4] REMOTE UPD RX-50  peer [127.0.0.4]:8805 (../lib/pfcp/xact.c:298)
11/20 19:19:22.397: [upf] DEBUG: upf_pfcp_state_associated(): UPF_EVT_N4_MESSAGE (../src/upf/pfcp-sm.c:164)
11/20 19:19:22.397: [upf] INFO: [Added] Number of UPF-Sessions is now 3 (../src/upf/context.c:179)
11/20 19:19:22.397: [upf] DEBUG: Session Establishment Request (../src/upf/n4-handler.c:61)
11/20 19:19:22.397: [upf] INFO: UE F-SEID[UP:0x3 CP:0x3] APN[internet] PDN-Type[3] IPv4[10.45.0.3] IPv6[2001:db8:cafe:2::3] (../src/upf/context.c:402)
11/20 19:19:22.397: [upf] INFO: UE F-SEID[UP:0x3 CP:0x3] APN[internet] PDN-Type[3] IPv4[10.45.0.3] IPv6[2001:db8:cafe:2::3] (../src/upf/context.c:402)
11/20 19:19:22.397: [upf] DEBUG: Session Establishment Response (../src/upf/n4-build.c:36)
11/20 19:19:22.397: [sbi] DEBUG: MAX_CONCURRENT_STREAMS = 100 (../lib/sbi/nghttp2-server.c:747)
11/20 19:19:22.397: [smf] DEBUG: smf_state_operational(): SMF_EVT_N4_MESSAGE (../src/smf/smf-sm.c:83)
11/20 19:19:22.397: [sbi] DEBUG: ENABLE_PUSH = false (../lib/sbi/nghttp2-server.c:749)
11/20 19:19:22.397: [pfcp] DEBUG: [4] REMOTE UPD TX-51  peer [127.0.0.4]:8805 (../lib/pfcp/xact.c:197)
11/20 19:19:22.397: [sbi] DEBUG: STREAM added [1] (../lib/sbi/nghttp2-server.c:1122)
11/20 19:19:22.397: [pfcp] DEBUG: [4] REMOTE Commit  peer [127.0.0.4]:8805 (../lib/pfcp/xact.c:475)
11/20 19:19:22.397: [pfcp] DEBUG: [3] LOCAL  Find    peer [127.0.0.7]:8805 (../lib/pfcp/xact.c:790)
11/20 19:19:22.397: [sbi] DEBUG: [POST] /namf-comm/v1/ue-contexts/imsi-999702000000010/n1-n2-messages (../lib/sbi/nghttp2-server.c:801)
11/20 19:19:22.397: [sbi] DEBUG: RECEIVED: 788 (../lib/sbi/nghttp2-server.c:805)
11/20 19:19:22.397: [pfcp] DEBUG: [3] LOCAL  Receive peer [127.0.0.7]:8805 (../lib/pfcp/xact.c:704)
11/20 19:19:22.397: [sbi] DEBUG: --=-6pIWomr7dZbHQ3ktwpMaog==
Content-Type: application/json

{
	"n1MessageContainer":	{
		"n1MessageClass":	"SM",
		"n1MessageContent":	{
			"contentId":	"5gnas-sm"
		}
	},
	"n2InfoContainer":	{
		"n2InformationClass":	"SM",
		"smInfo":	{
			"pduSessionId":	5,
			"n2InfoContent":	{
				"ngapIeType":	"PDU_RES_SETUP_REQ",
				"ngapData":	{
					"contentId":	"ngap-sm"
				}
			}
		}
	},
	"pduSessionId":	5
}
--=-6pIWomr7dZbHQ3ktwpMaog==
Content-Id: 5gnas-sm
Content-Type: application/vnd.3gpp.5gnas

.Â (../lib/sbi/nghttp2-server.c:806)
11/20 19:19:22.397: [pfcp] DEBUG: [3] LOCAL  UPD RX-51  peer [127.0.0.7]:8805 (../lib/pfcp/xact.c:298)
11/20 19:19:22.397: [smf] DEBUG: smf_pfcp_state_associated(): SMF_EVT_N4_MESSAGE (../src/smf/pfcp-sm.c:165)
11/20 19:19:22.397: [smf] DEBUG: smf_gsm_state_wait_pfcp_establishment(): SMF_EVT_N4_MESSAGE (../src/smf/gsm-sm.c:646)
0000: 00000604 00000000 00000300 04e200     ...............
11/20 19:19:22.397: [amf] DEBUG: amf_state_operational(): OGS_EVENT_NAME_SBI_SERVER (../src/amf/amf-sm.c:78)
11/20 19:19:22.397: [smf] DEBUG: Session Establishment Response [5gc] (../src/smf/n4-handler.c:165)
11/20 19:19:22.397: [pfcp] DEBUG: [3] LOCAL  Commit  peer [127.0.0.7]:8805 (../lib/pfcp/xact.c:475)
11/20 19:19:22.397: [pfcp] DEBUG: [3] LOCAL  Delete  peer [127.0.0.7]:8805 (../lib/pfcp/xact.c:813)
11/20 19:19:22.397: [smf] WARNING: Unknown PCO ID:(0x2) (../src/smf/context.c:3012)
11/20 19:19:22.397: [amf] DEBUG: PDUSessionResourceSetupRequest(Session) (../src/amf/ngap-build.c:1329)
11/20 19:19:22.397: [smf] DEBUG: PDUSessionResourceSetupRequestTransfer (../src/smf/ngap-build.c:48)
11/20 19:19:22.397: [amf] DEBUG:     RAN_UE_NGAP_ID[1] AMF_UE_NGAP_ID[1] (../src/amf/ngap-build.c:1375)
11/20 19:19:22.397: [core] DEBUG:     IPv4[127.0.0.7] (../lib/asn1c/util/conv.c:202)
11/20 19:19:22.397: [amf] DEBUG:     IP[127.0.0.1] RAN_ID[16384] (../src/amf/ngap-path.c:71)
11/20 19:19:22.397: [sbi] DEBUG: STATUS [200] (../lib/sbi/nghttp2-server.c:357)
11/20 19:19:22.397: [sbi] DEBUG: SENDING...: 40 (../lib/sbi/nghttp2-server.c:365)
11/20 19:19:22.397: [sbi] DEBUG: {
	"cause":	"N1_N2_TRANSFER_INITIATED"
} (../lib/sbi/nghttp2-server.c:366)
11/20 19:19:22.397: [sbi] DEBUG: STREAM closed [1] (../lib/sbi/nghttp2-server.c:852)
11/20 19:19:22.397: [sbi] DEBUG: [REF] 3 (../lib/sbi/path.c:212)
11/20 19:19:22.397: [sbi] DEBUG: [POST] http://127.0.0.5:7777/namf-comm/v1/ue-contexts/imsi-999701000000010/n1-n2-messages (../lib/sbi/client.c:625)
11/20 19:19:22.397: [sbi] DEBUG: SENDING...[788] (../lib/sbi/client.c:401)
11/20 19:19:22.397: [sbi] DEBUG: --=-MGkXsexsWMCOE5F0GZdPQQ==
Content-Type: application/json

{
	"n1MessageContainer":	{
		"n1MessageClass":	"SM",
		"n1MessageContent":	{
			"contentId":	"5gnas-sm"
		}
	},
	"n2InfoContainer":	{
		"n2InformationClass":	"SM",
		"smInfo":	{
			"pduSessionId":	5,
			"n2InfoContent":	{
				"ngapIeType":	"PDU_RES_SETUP_REQ",
				"ngapData":	{
					"contentId":	"ngap-sm"
				}
			}
		}
	},
	"pduSessionId":	5
}
--=-MGkXsexsWMCOE5F0GZdPQQ==
Content-Id: 5gnas-sm
Content-Type: application/vnd.3gpp.5gnas

.Â (../lib/sbi/client.c:403)
11/20 19:19:22.397: [smf] DEBUG: smf_gsm_state_wait_pfcp_establishment(): EXIT (../src/smf/gsm-sm.c:646)
11/20 19:19:22.397: [smf] DEBUG: smf_gsm_state_operational(): ENTRY (../src/smf/gsm-sm.c:755)
0000: 00000004 01000000 00                  .........
11/20 19:19:22.398: [sbi] DEBUG: MAX_CONCURRENT_STREAMS = 100 (../lib/sbi/nghttp2-server.c:747)
11/20 19:19:22.398: [sbi] DEBUG: ENABLE_PUSH = false (../lib/sbi/nghttp2-server.c:749)
0000: 00003801 04000000 0188768b d5596a6f   ..8.......v..Yjo
0010: 16e53b89 76d76f61 96d07abe 941054d2   ..;.v.oa..z...T.
0020: 7eea0802 128066e0 5fb82129 8b46ff0f   ~.....f._.!).F..
0030: 0d023430 5f8b1d75 d0620d26 3d4c7441   ..40_..u.b.&=LtA
0040: ea                                    .
0000: 00002800 01000000 017b0a09 22636175   ..(......{.."cau
0010: 7365223a 09224e31 5f4e325f 5452414e   se":."N1_N2_TRAN
0020: 53464552 5f494e49 54494154 4544220a   SFER_INITIATED".
0030: 7d                                    }
11/20 19:19:22.398: [smf] DEBUG: smf_state_operational(): SMF_EVT_N4_MESSAGE (../src/smf/smf-sm.c:83)
11/20 19:19:22.398: [sbi] DEBUG: MAX_CONCURRENT_STREAMS = 100 (../lib/sbi/nghttp2-server.c:747)
11/20 19:19:22.398: [sbi] DEBUG: ENABLE_PUSH = false (../lib/sbi/nghttp2-server.c:749)
11/20 19:19:22.398: [sbi] DEBUG: STREAM added [1] (../lib/sbi/nghttp2-server.c:1122)
11/20 19:19:22.398: [sbi] DEBUG: [POST] /namf-comm/v1/ue-contexts/imsi-999701000000010/n1-n2-messages (../lib/sbi/nghttp2-server.c:801)
11/20 19:19:22.398: [sbi] DEBUG: RECEIVED: 788 (../lib/sbi/nghttp2-server.c:805)
11/20 19:19:22.398: [pfcp] DEBUG: [4] LOCAL  Find    peer [127.0.0.7]:8805 (../lib/pfcp/xact.c:790)
11/20 19:19:22.398: [pfcp] DEBUG: [4] LOCAL  Receive peer [127.0.0.7]:8805 (../lib/pfcp/xact.c:704)
11/20 19:19:22.398: [sbi] DEBUG: --=-MGkXsexsWMCOE5F0GZdPQQ==
Content-Type: application/json

{
	"n1MessageContainer":	{
		"n1MessageClass":	"SM",
		"n1MessageContent":	{
			"contentId":	"5gnas-sm"
		}
	},
	"n2InfoContainer":	{
		"n2InformationClass":	"SM",
		"smInfo":	{
			"pduSessionId":	5,
			"n2InfoContent":	{
				"ngapIeType":	"PDU_RES_SETUP_REQ",
				"ngapData":	{
					"contentId":	"ngap-sm"
				}
			}
		}
	},
	"pduSessionId":	5
}
--=-MGkXsexsWMCOE5F0GZdPQQ==
Content-Id: 5gnas-sm
Content-Type: application/vnd.3gpp.5gnas

.Â (../lib/sbi/nghttp2-server.c:806)
11/20 19:19:22.398: [pfcp] DEBUG: [4] LOCAL  UPD RX-51  peer [127.0.0.7]:8805 (../lib/pfcp/xact.c:298)
0000: 00000604 00000000 00000300 04e200     ...............
11/20 19:19:22.398: [smf] DEBUG: smf_pfcp_state_associated(): SMF_EVT_N4_MESSAGE (../src/smf/pfcp-sm.c:165)
11/20 19:19:22.398: [amf] DEBUG: amf_state_operational(): OGS_EVENT_NAME_SBI_SERVER (../src/amf/amf-sm.c:78)
11/20 19:19:22.398: [smf] DEBUG: smf_gsm_state_wait_pfcp_establishment(): SMF_EVT_N4_MESSAGE (../src/smf/gsm-sm.c:646)
11/20 19:19:22.398: [smf] DEBUG: Session Establishment Response [5gc] (../src/smf/n4-handler.c:165)
11/20 19:19:22.398: [pfcp] DEBUG: [4] LOCAL  Commit  peer [127.0.0.7]:8805 (../lib/pfcp/xact.c:475)
11/20 19:19:22.398: [pfcp] DEBUG: [4] LOCAL  Delete  peer [127.0.0.7]:8805 (../lib/pfcp/xact.c:813)
11/20 19:19:22.398: [amf] DEBUG: PDUSessionResourceSetupRequest(Session) (../src/amf/ngap-build.c:1329)
11/20 19:19:22.398: [amf] DEBUG:     RAN_UE_NGAP_ID[1] AMF_UE_NGAP_ID[2] (../src/amf/ngap-build.c:1375)
11/20 19:19:22.398: [core] DEBUG:     IPv4[127.0.0.7] (../lib/asn1c/util/conv.c:169)
11/20 19:19:22.398: [smf] WARNING: Unknown PCO ID:(0x2) (../src/smf/context.c:3012)
11/20 19:19:22.398: [amf] DEBUG:     IP[127.0.0.1] RAN_ID[16384] (../src/amf/ngap-path.c:71)
11/20 19:19:22.398: [smf] DEBUG: PDUSessionResourceSetupRequestTransfer (../src/smf/ngap-build.c:48)
11/20 19:19:22.398: [sbi] DEBUG: STATUS [200] (../lib/sbi/nghttp2-server.c:357)
11/20 19:19:22.398: [sbi] DEBUG: SENDING...: 40 (../lib/sbi/nghttp2-server.c:365)
11/20 19:19:22.398: [core] DEBUG:     IPv4[127.0.0.7] (../lib/asn1c/util/conv.c:202)
11/20 19:19:22.398: [sbi] DEBUG: {
	"cause":	"N1_N2_TRANSFER_INITIATED"
} (../lib/sbi/nghttp2-server.c:366)
11/20 19:19:22.398: [sbi] DEBUG: STREAM closed [1] (../lib/sbi/nghttp2-server.c:852)
0000: 00000004 01000000 00                  .........
0000: 00003801 04000000 0188768b d5596a6f   ..8.......v..Yjo
0010: 16e53b89 76d76f61 96d07abe 941054d2   ..;.v.oa..z...T.
0020: 7eea0802 128066e0 5fb82129 8b46ff0f   ~.....f._.!).F..
0030: 0d023430 5f8b1d75 d0620d26 3d4c7441   ..40_..u.b.&=LtA
0040: ea                                    .
0000: 00002800 01000000 017b0a09 22636175   ..(......{.."cau
0010: 7365223a 09224e31 5f4e325f 5452414e   se":."N1_N2_TRAN
0020: 53464552 5f494e49 54494154 4544220a   SFER_INITIATED".
0030: 7d                                    }
11/20 19:19:22.398: [sbi] DEBUG: [REF] 4 (../lib/sbi/path.c:212)
11/20 19:19:22.398: [sbi] DEBUG: [POST] http://127.0.0.5:7777/namf-comm/v1/ue-contexts/imsi-999700000000010/n1-n2-messages (../lib/sbi/client.c:625)
11/20 19:19:22.398: [sbi] DEBUG: SENDING...[788] (../lib/sbi/client.c:401)
11/20 19:19:22.398: [sbi] DEBUG: --=-jit6Q7dLXIWk7XRAnWJrIw==
Content-Type: application/json

{
	"n1MessageContainer":	{
		"n1MessageClass":	"SM",
		"n1MessageContent":	{
			"contentId":	"5gnas-sm"
		}
	},
	"n2InfoContainer":	{
		"n2InformationClass":	"SM",
		"smInfo":	{
			"pduSessionId":	5,
			"n2InfoContent":	{
				"ngapIeType":	"PDU_RES_SETUP_REQ",
				"ngapData":	{
					"contentId":	"ngap-sm"
				}
			}
		}
	},
	"pduSessionId":	5
}
--=-jit6Q7dLXIWk7XRAnWJrIw==
Content-Id: 5gnas-sm
Content-Type: application/vnd.3gpp.5gnas

.Â (../lib/sbi/client.c:403)
11/20 19:19:22.398: [smf] DEBUG: smf_gsm_state_wait_pfcp_establishment(): EXIT (../src/smf/gsm-sm.c:646)
11/20 19:19:22.398: [smf] DEBUG: smf_gsm_state_operational(): ENTRY (../src/smf/gsm-sm.c:755)
11/20 19:19:22.398: [sbi] DEBUG: STREAM added [3] (../lib/sbi/nghttp2-server.c:1122)
11/20 19:19:22.398: [sbi] DEBUG: [200:POST] http://127.0.0.5:7777/namf-comm/v1/ue-contexts/imsi-999702000000010/n1-n2-messages (../lib/sbi/client.c:573)
11/20 19:19:22.398: [sbi] DEBUG: RECEIVED[40] (../lib/sbi/client.c:584)
11/20 19:19:22.398: [sbi] DEBUG: [POST] /namf-comm/v1/ue-contexts/imsi-999700000000010/n1-n2-messages (../lib/sbi/nghttp2-server.c:801)
11/20 19:19:22.398: [sbi] DEBUG: {
	"cause":	"N1_N2_TRANSFER_INITIATED"
} (../lib/sbi/client.c:586)
11/20 19:19:22.398: [sbi] DEBUG: RECEIVED: 788 (../lib/sbi/nghttp2-server.c:805)
11/20 19:19:22.398: [sbi] DEBUG: --=-jit6Q7dLXIWk7XRAnWJrIw==
Content-Type: application/json

{
	"n1MessageContainer":	{
		"n1MessageClass":	"SM",
		"n1MessageContent":	{
			"contentId":	"5gnas-sm"
		}
	},
	"n2InfoContainer":	{
		"n2InformationClass":	"SM",
		"smInfo":	{
			"pduSessionId":	5,
			"n2InfoContent":	{
				"ngapIeType":	"PDU_RES_SETUP_REQ",
				"ngapData":	{
					"contentId":	"ngap-sm"
				}
			}
		}
	},
	"pduSessionId":	5
}
--=-jit6Q7dLXIWk7XRAnWJrIw==
Content-Id: 5gnas-sm
Content-Type: application/vnd.3gpp.5gnas

.Â (../lib/sbi/nghttp2-server.c:806)
11/20 19:19:22.398: [amf] DEBUG: amf_state_operational(): OGS_EVENT_NAME_SBI_SERVER (../src/amf/amf-sm.c:78)
11/20 19:19:22.398: [sbi] DEBUG: [200:POST] http://127.0.0.5:7777/namf-comm/v1/ue-contexts/imsi-999701000000010/n1-n2-messages (../lib/sbi/client.c:573)
11/20 19:19:22.398: [sbi] DEBUG: RECEIVED[40] (../lib/sbi/client.c:584)
11/20 19:19:22.398: [sbi] DEBUG: {
	"cause":	"N1_N2_TRANSFER_INITIATED"
} (../lib/sbi/client.c:586)
11/20 19:19:22.398: [smf] DEBUG: smf_state_operational(): OGS_EVENT_NAME_SBI_CLIENT (../src/smf/smf-sm.c:83)
11/20 19:19:22.398: [amf] DEBUG: PDUSessionResourceSetupRequest(Session) (../src/amf/ngap-build.c:1329)
11/20 19:19:22.399: [amf] DEBUG:     RAN_UE_NGAP_ID[1] AMF_UE_NGAP_ID[3] (../src/amf/ngap-build.c:1375)
11/20 19:19:22.399: [smf] DEBUG: smf_gsm_state_operational(): OGS_EVENT_NAME_SBI_CLIENT (../src/smf/gsm-sm.c:755)
11/20 19:19:22.399: [smf] DEBUG: smf_state_operational(): OGS_EVENT_NAME_SBI_CLIENT (../src/smf/smf-sm.c:83)
11/20 19:19:22.399: [amf] DEBUG:     IP[127.0.0.1] RAN_ID[16384] (../src/amf/ngap-path.c:71)
11/20 19:19:22.399: [sbi] DEBUG: STATUS [200] (../lib/sbi/nghttp2-server.c:357)
11/20 19:19:22.399: [smf] DEBUG: smf_gsm_state_operational(): OGS_EVENT_NAME_SBI_CLIENT (../src/smf/gsm-sm.c:755)
11/20 19:19:22.399: [sbi] DEBUG: SENDING...: 40 (../lib/sbi/nghttp2-server.c:365)
11/20 19:19:22.399: [sbi] DEBUG: {
	"cause":	"N1_N2_TRANSFER_INITIATED"
} (../lib/sbi/nghttp2-server.c:366)
11/20 19:19:22.399: [sbi] DEBUG: STREAM closed [3] (../lib/sbi/nghttp2-server.c:852)
11/20 19:19:22.399: [core] DEBUG:     IPv4[127.0.0.2] IPv6[fd69:f21d:873c:fa::2] (../lib/asn1c/util/conv.c:197)
0000: 00000901 04000000 0388c0bf 0f0d0234   ...............4
0010: 30be                                  0.
11/20 19:19:22.399: [sbi] DEBUG: MAX_CONCURRENT_STREAMS = 100 (../lib/sbi/nghttp2-server.c:747)
11/20 19:19:22.399: [sbi] DEBUG: ENABLE_PUSH = false (../lib/sbi/nghttp2-server.c:749)
0000: 00002800 01000000 037b0a09 22636175   ..(......{.."cau
0010: 7365223a 09224e31 5f4e325f 5452414e   se":."N1_N2_TRAN
0020: 53464552 5f494e49 54494154 4544220a   SFER_INITIATED".
0030: 7d                                    }
11/20 19:19:22.399: [sbi] DEBUG: [200:POST] http://127.0.0.5:7777/namf-comm/v1/ue-contexts/imsi-999700000000010/n1-n2-messages (../lib/sbi/client.c:573)
11/20 19:19:22.399: [sbi] DEBUG: RECEIVED[40] (../lib/sbi/client.c:584)
11/20 19:19:22.399: [amf] DEBUG: amf_state_operational(): AMF_EVENT_NGAP_MESSAGE (../src/amf/amf-sm.c:78)
11/20 19:19:22.399: [sbi] DEBUG: {
	"cause":	"N1_N2_TRANSFER_INITIATED"
} (../lib/sbi/client.c:586)
11/20 19:19:22.399: [smf] DEBUG: smf_state_operational(): OGS_EVENT_NAME_SBI_CLIENT (../src/smf/smf-sm.c:83)
11/20 19:19:22.399: [amf] DEBUG: ngap_state_operational(): AMF_EVENT_NGAP_MESSAGE (../src/amf/ngap-sm.c:53)
11/20 19:19:22.399: [amf] DEBUG: PDUSessionResourceSetupResponse (../src/amf/ngap-handler.c:1515)
11/20 19:19:22.399: [amf] DEBUG:     IP[127.0.0.1] RAN_ID[16384] (../src/amf/ngap-handler.c:1541)
11/20 19:19:22.399: [smf] DEBUG: smf_gsm_state_operational(): OGS_EVENT_NAME_SBI_CLIENT (../src/smf/gsm-sm.c:755)
11/20 19:19:22.399: [amf] DEBUG:     RAN_UE_NGAP_ID[1] AMF_UE_NGAP_ID[1] (../src/amf/ngap-handler.c:1573)
11/20 19:19:22.399: [sbi] DEBUG: [POST] http://127.0.0.4:7777/nsmf-pdusession/v1/sm-contexts/1/modify (../lib/sbi/client.c:625)
11/20 19:19:22.399: [sbi] DEBUG: SENDING...[307] (../lib/sbi/client.c:401)
11/20 19:19:22.399: [sbi] DEBUG: --=-o+mYDNU9OgCseP/+2E6E5w==
Content-Type: application/json

{
	"n2SmInfo":	{
		"contentId":	"ngap-sm"
	},
	"n2SmInfoType":	"PDU_RES_SETUP_RSP"
}
--=-o+mYDNU9OgCseP/+2E6E5w==
Content-Id: ngap-sm
Content-Type: application/vnd.3gpp.ngap

 (../lib/sbi/client.c:403)
11/20 19:19:22.399: [sbi] DEBUG: STREAM added [3] (../lib/sbi/nghttp2-server.c:1122)
11/20 19:19:22.399: [sbi] DEBUG: [POST] /nsmf-pdusession/v1/sm-contexts/1/modify (../lib/sbi/nghttp2-server.c:801)
11/20 19:19:22.399: [sbi] DEBUG: RECEIVED: 307 (../lib/sbi/nghttp2-server.c:805)
11/20 19:19:22.399: [sbi] DEBUG: --=-o+mYDNU9OgCseP/+2E6E5w==
Content-Type: application/json

{
	"n2SmInfo":	{
		"contentId":	"ngap-sm"
	},
	"n2SmInfoType":	"PDU_RES_SETUP_RSP"
}
--=-o+mYDNU9OgCseP/+2E6E5w==
Content-Id: ngap-sm
Content-Type: application/vnd.3gpp.ngap

 (../lib/sbi/nghttp2-server.c:806)
11/20 19:19:22.399: [smf] DEBUG: smf_state_operational(): OGS_EVENT_NAME_SBI_SERVER (../src/smf/smf-sm.c:83)
11/20 19:19:22.399: [core] DEBUG:     IPv4[127.0.0.7] (../lib/asn1c/util/conv.c:169)
11/20 19:19:22.399: [core] DEBUG:     IPv4[127.0.0.7] (../lib/asn1c/util/conv.c:169)
11/20 19:19:22.399: [smf] DEBUG: smf_gsm_state_operational(): OGS_EVENT_NAME_SBI_SERVER (../src/smf/gsm-sm.c:755)
11/20 19:19:22.399: [smf] DEBUG: smf_state_operational(): SMF_EVT_NGAP_MESSAGE (../src/smf/smf-sm.c:83)
11/20 19:19:22.399: [smf] DEBUG: smf_gsm_state_operational(): SMF_EVT_NGAP_MESSAGE (../src/smf/gsm-sm.c:755)
11/20 19:19:22.399: [smf] DEBUG: PDUSessionResourceSetupResponseTransfer (../src/smf/ngap-handler.c:52)
11/20 19:19:22.399: [core] DEBUG:     IPv4[127.0.0.2] IPv6[fd69:f21d:873c:fa::2] (../lib/asn1c/util/conv.c:197)
11/20 19:19:22.399: [core] DEBUG:     IPv4[127.0.0.2] IPv6[fd69:f21d:873c:fa::2] (../lib/asn1c/util/conv.c:165)
11/20 19:19:22.399: [pfcp] DEBUG: [5] LOCAL  Create  peer [127.0.0.7]:8805 (../lib/pfcp/xact.c:116)
11/20 19:19:22.399: [smf] DEBUG: Session Modification Request (../src/smf/n4-build.c:132)
11/20 19:19:22.399: [amf] DEBUG: amf_state_operational(): AMF_EVENT_NGAP_MESSAGE (../src/amf/amf-sm.c:78)
11/20 19:19:22.399: [pfcp] DEBUG: [5] LOCAL  UPD TX-52  peer [127.0.0.7]:8805 (../lib/pfcp/xact.c:197)
11/20 19:19:22.399: [pfcp] DEBUG: [5] LOCAL  Commit  peer [127.0.0.7]:8805 (../lib/pfcp/xact.c:475)
11/20 19:19:22.399: [core] DEBUG:     IPv4[127.0.0.2] IPv6[fd69:f21d:873c:fa::2] (../lib/asn1c/util/conv.c:197)
11/20 19:19:22.399: [amf] DEBUG: ngap_state_operational(): AMF_EVENT_NGAP_MESSAGE (../src/amf/ngap-sm.c:53)
11/20 19:19:22.399: [amf] DEBUG: UplinkNASTransport (../src/amf/ngap-handler.c:546)
11/20 19:19:22.399: [amf] DEBUG:     IP[127.0.0.1] RAN_ID[16384] (../src/amf/ngap-handler.c:569)
11/20 19:19:22.399: [amf] DEBUG:     RAN_UE_NGAP_ID[1] AMF_UE_NGAP_ID[1] TAC[1] CellID[0x40001] (../src/amf/ngap-handler.c:650)
11/20 19:19:22.399: [upf] DEBUG: upf_state_operational(): UPF_EVT_N4_MESSAGE (../src/upf/upf-sm.c:51)
11/20 19:19:22.399: [pfcp] DEBUG: [5] Cannot find xact type 52 from PFCP peer [127.0.0.4]:8805 (../lib/pfcp/xact.c:797)
11/20 19:19:22.399: [pfcp] DEBUG: [5] REMOTE Create  peer [127.0.0.4]:8805 (../lib/pfcp/xact.c:159)
11/20 19:19:22.399: [pfcp] DEBUG: [5] REMOTE Receive peer [127.0.0.4]:8805 (../lib/pfcp/xact.c:704)
11/20 19:19:22.399: [amf] DEBUG: amf_state_operational(): AMF_EVENT_5GMM_MESSAGE (../src/amf/amf-sm.c:78)
11/20 19:19:22.399: [pfcp] DEBUG: [5] REMOTE UPD RX-52  peer [127.0.0.4]:8805 (../lib/pfcp/xact.c:298)
11/20 19:19:22.399: [upf] DEBUG: upf_pfcp_state_associated(): UPF_EVT_N4_MESSAGE (../src/upf/pfcp-sm.c:164)
11/20 19:19:22.399: [gmm] DEBUG: gmm_state_registered(): AMF_EVENT_5GMM_MESSAGE (../src/amf/gmm-sm.c:86)
11/20 19:19:22.399: [upf] DEBUG: Session Modification Request (../src/upf/n4-handler.c:226)
11/20 19:19:22.399: [sbi] DEBUG: [POST] http://127.0.0.4:7777/nsmf-pdusession/v1/sm-contexts/1/modify (../lib/sbi/client.c:625)
11/20 19:19:22.399: [gtp] INFO: gtp_connect() [127.0.0.2]:2152 (../lib/gtp/path.c:61)
11/20 19:19:22.399: [upf] DEBUG: Session Modification Response (../src/upf/n4-build.c:89)
11/20 19:19:22.399: [pfcp] DEBUG: [5] REMOTE UPD TX-53  peer [127.0.0.4]:8805 (../lib/pfcp/xact.c:197)
11/20 19:19:22.399: [sbi] DEBUG: SENDING...[246] (../lib/sbi/client.c:401)
11/20 19:19:22.399: [sbi] DEBUG: --=-7kPoLcMUm9WHkKJ4chWc+Q==
Content-Type: application/json

{
	"n1SmMsg":	{
		"contentId":	"5gnas-sm"
	}
}
--=-7kPoLcMUm9WHkKJ4chWc+Q==
Content-Id: 5gnas-sm
Content-Type: application/vnd.3gpp.5gnas

.Ñ
--=-7kPoLcMUm9WHkKJ4chWc+Q==--
 (../lib/sbi/client.c:403)
11/20 19:19:22.399: [pfcp] DEBUG: [5] REMOTE Commit  peer [127.0.0.4]:8805 (../lib/pfcp/xact.c:475)
11/20 19:19:22.399: [smf] DEBUG: smf_state_operational(): SMF_EVT_N4_MESSAGE (../src/smf/smf-sm.c:83)
11/20 19:19:22.399: [pfcp] DEBUG: [5] LOCAL  Find    peer [127.0.0.7]:8805 (../lib/pfcp/xact.c:790)
11/20 19:19:22.399: [pfcp] DEBUG: [5] LOCAL  Receive peer [127.0.0.7]:8805 (../lib/pfcp/xact.c:704)
11/20 19:19:22.400: [pfcp] DEBUG: [5] LOCAL  UPD RX-53  peer [127.0.0.7]:8805 (../lib/pfcp/xact.c:298)
11/20 19:19:22.400: [smf] DEBUG: smf_pfcp_state_associated(): SMF_EVT_N4_MESSAGE (../src/smf/pfcp-sm.c:165)
11/20 19:19:22.400: [amf] DEBUG: amf_state_operational(): AMF_EVENT_NGAP_MESSAGE (../src/amf/amf-sm.c:78)
11/20 19:19:22.400: [smf] DEBUG: Session Modification Response [5gc] (../src/smf/n4-handler.c:255)
11/20 19:19:22.400: [pfcp] DEBUG: [5] LOCAL  Commit  peer [127.0.0.7]:8805 (../lib/pfcp/xact.c:475)
11/20 19:19:22.400: [pfcp] DEBUG: [5] LOCAL  Delete  peer [127.0.0.7]:8805 (../lib/pfcp/xact.c:813)
11/20 19:19:22.400: [sbi] DEBUG: STATUS [204] (../lib/sbi/nghttp2-server.c:357)
11/20 19:19:22.400: [amf] DEBUG: ngap_state_operational(): AMF_EVENT_NGAP_MESSAGE (../src/amf/ngap-sm.c:53)
11/20 19:19:22.400: [amf] DEBUG: PDUSessionResourceSetupResponse (../src/amf/ngap-handler.c:1515)
11/20 19:19:22.400: [sbi] DEBUG: STREAM closed [3] (../lib/sbi/nghttp2-server.c:852)
11/20 19:19:22.400: [amf] DEBUG:     IP[127.0.0.1] RAN_ID[16384] (../src/amf/ngap-handler.c:1541)
11/20 19:19:22.400: [amf] DEBUG:     RAN_UE_NGAP_ID[1] AMF_UE_NGAP_ID[3] (../src/amf/ngap-handler.c:1573)
11/20 19:19:22.400: [sbi] DEBUG: STREAM added [3] (../lib/sbi/nghttp2-server.c:1122)
11/20 19:19:22.400: [sbi] DEBUG: [POST] /nsmf-pdusession/v1/sm-contexts/1/modify (../lib/sbi/nghttp2-server.c:801)
11/20 19:19:22.400: [sbi] DEBUG: RECEIVED: 246 (../lib/sbi/nghttp2-server.c:805)
11/20 19:19:22.400: [sbi] DEBUG: [POST] http://127.0.0.4:7777/nsmf-pdusession/v1/sm-contexts/3/modify (../lib/sbi/client.c:625)
11/20 19:19:22.400: [sbi] DEBUG: --=-7kPoLcMUm9WHkKJ4chWc+Q==
Content-Type: application/json

{
	"n1SmMsg":	{
		"contentId":	"5gnas-sm"
	}
}
--=-7kPoLcMUm9WHkKJ4chWc+Q==
Content-Id: 5gnas-sm
Content-Type: application/vnd.3gpp.5gnas

.Ñ
--=-7kPoLcMUm9WHkKJ4chWc+Q==--
 (../lib/sbi/nghttp2-server.c:806)
0000: 00000301 05000000 0389c0bf            ............
11/20 19:19:22.400: [sbi] DEBUG: SENDING...[307] (../lib/sbi/client.c:401)
11/20 19:19:22.400: [smf] DEBUG: smf_state_operational(): OGS_EVENT_NAME_SBI_SERVER (../src/smf/smf-sm.c:83)
11/20 19:19:22.400: [sbi] DEBUG: --=-k64io54tKDX7fSVIeT8JPg==
Content-Type: application/json

{
	"n2SmInfo":	{
		"contentId":	"ngap-sm"
	},
	"n2SmInfoType":	"PDU_RES_SETUP_RSP"
}
--=-k64io54tKDX7fSVIeT8JPg==
Content-Id: ngap-sm
Content-Type: application/vnd.3gpp.ngap

 (../lib/sbi/client.c:403)
11/20 19:19:22.400: [smf] DEBUG: smf_gsm_state_operational(): OGS_EVENT_NAME_SBI_SERVER (../src/smf/gsm-sm.c:755)
11/20 19:19:22.400: [smf] DEBUG: smf_state_operational(): SMF_EVT_5GSM_MESSAGE (../src/smf/smf-sm.c:83)
11/20 19:19:22.400: [smf] DEBUG: smf_gsm_state_operational(): SMF_EVT_5GSM_MESSAGE (../src/smf/gsm-sm.c:755)
11/20 19:19:22.400: [sbi] DEBUG: [POST] http://127.0.0.13:7777/npcf-smpolicycontrol/v1/sm-policies/1/delete (../lib/sbi/client.c:625)
11/20 19:19:22.400: [sbi] DEBUG: SENDING...[179] (../lib/sbi/client.c:401)
11/20 19:19:22.400: [sbi] DEBUG: {
	"servingNetwork":	{
		"mcc":	"999",
		"mnc":	"70"
	},
	"ranNasRelCauses":	[{
			"ngApCause":	{
				"group":	3,
				"value":	0
			},
			"5gMmCause":	0,
			"5gSmCause":	36
		}]
} (../lib/sbi/client.c:403)
11/20 19:19:22.400: [sbi] DEBUG: [204:POST] http://127.0.0.4:7777/nsmf-pdusession/v1/sm-contexts/1/modify (../lib/sbi/client.c:573)
11/20 19:19:22.400: [sbi] DEBUG: RECEIVED[0] (../lib/sbi/client.c:584)
11/20 19:19:22.400: [sbi] DEBUG: STREAM added [3] (../lib/sbi/nghttp2-server.c:1122)
11/20 19:19:22.400: [sbi] DEBUG: STREAM added [5] (../lib/sbi/nghttp2-server.c:1122)
11/20 19:19:22.400: [amf] DEBUG: amf_state_operational(): AMF_EVENT_NGAP_MESSAGE (../src/amf/amf-sm.c:78)
11/20 19:19:22.400: [sbi] DEBUG: [POST] /npcf-smpolicycontrol/v1/sm-policies/1/delete (../lib/sbi/nghttp2-server.c:801)
11/20 19:19:22.400: [amf] DEBUG: ngap_state_operational(): AMF_EVENT_NGAP_MESSAGE (../src/amf/ngap-sm.c:53)
11/20 19:19:22.400: [sbi] DEBUG: RECEIVED: 179 (../lib/sbi/nghttp2-server.c:805)
11/20 19:19:22.400: [amf] DEBUG: UplinkNASTransport (../src/amf/ngap-handler.c:546)
11/20 19:19:22.400: [sbi] DEBUG: [POST] /nsmf-pdusession/v1/sm-contexts/3/modify (../lib/sbi/nghttp2-server.c:801)
11/20 19:19:22.400: [sbi] DEBUG: {
	"servingNetwork":	{
		"mcc":	"999",
		"mnc":	"70"
	},
	"ranNasRelCauses":	[{
			"ngApCause":	{
				"group":	3,
				"value":	0
			},
			"5gMmCause":	0,
			"5gSmCause":	36
		}]
} (../lib/sbi/nghttp2-server.c:806)
11/20 19:19:22.400: [amf] DEBUG:     IP[127.0.0.1] RAN_ID[16384] (../src/amf/ngap-handler.c:569)
11/20 19:19:22.400: [sbi] DEBUG: RECEIVED: 307 (../lib/sbi/nghttp2-server.c:805)
11/20 19:19:22.400: [amf] DEBUG:     RAN_UE_NGAP_ID[1] AMF_UE_NGAP_ID[3] TAC[1] CellID[0x40001] (../src/amf/ngap-handler.c:650)
11/20 19:19:22.400: [pcf] DEBUG: pcf_state_operational(): OGS_EVENT_NAME_SBI_SERVER (../src/pcf/pcf-sm.c:58)
11/20 19:19:22.400: [sbi] DEBUG: --=-k64io54tKDX7fSVIeT8JPg==
Content-Type: application/json

{
	"n2SmInfo":	{
		"contentId":	"ngap-sm"
	},
	"n2SmInfoType":	"PDU_RES_SETUP_RSP"
}
--=-k64io54tKDX7fSVIeT8JPg==
Content-Id: ngap-sm
Content-Type: application/vnd.3gpp.ngap

 (../lib/sbi/nghttp2-server.c:806)
11/20 19:19:22.400: [amf] DEBUG: amf_state_operational(): AMF_EVENT_NGAP_MESSAGE (../src/amf/amf-sm.c:78)
11/20 19:19:22.400: [smf] DEBUG: smf_state_operational(): OGS_EVENT_NAME_SBI_SERVER (../src/smf/smf-sm.c:83)
11/20 19:19:22.400: [amf] DEBUG: ngap_state_operational(): AMF_EVENT_NGAP_MESSAGE (../src/amf/ngap-sm.c:53)
11/20 19:19:22.400: [amf] DEBUG: PDUSessionResourceSetupResponse (../src/amf/ngap-handler.c:1515)
11/20 19:19:22.400: [amf] DEBUG:     IP[127.0.0.1] RAN_ID[16384] (../src/amf/ngap-handler.c:1541)
11/20 19:19:22.400: [amf] DEBUG:     RAN_UE_NGAP_ID[1] AMF_UE_NGAP_ID[2] (../src/amf/ngap-handler.c:1573)
11/20 19:19:22.400: [pcf] DEBUG: pcf_sm_state_operational(): OGS_EVENT_NAME_SBI_SERVER (../src/pcf/sm-sm.c:50)
11/20 19:19:22.400: [smf] DEBUG: smf_gsm_state_operational(): OGS_EVENT_NAME_SBI_SERVER (../src/smf/gsm-sm.c:755)
11/20 19:19:22.400: [smf] DEBUG: smf_state_operational(): SMF_EVT_NGAP_MESSAGE (../src/smf/smf-sm.c:83)
11/20 19:19:22.400: [sbi] DEBUG: [POST] http://127.0.0.4:7777/nsmf-pdusession/v1/sm-contexts/2/modify (../lib/sbi/client.c:625)
11/20 19:19:22.400: [smf] DEBUG: smf_gsm_state_operational(): SMF_EVT_NGAP_MESSAGE (../src/smf/gsm-sm.c:755)
11/20 19:19:22.400: [sbi] DEBUG: [DELETE] http://127.0.0.15:7777/nbsf-management/v1/pcfBindings/1 (../lib/sbi/client.c:625)
11/20 19:19:22.400: [smf] DEBUG: PDUSessionResourceSetupResponseTransfer (../src/smf/ngap-handler.c:52)
11/20 19:19:22.400: [sbi] DEBUG: SENDING...[307] (../lib/sbi/client.c:401)
11/20 19:19:22.400: [sbi] DEBUG: --=-+8ifBrt9GQqupJHYhBqTUw==
Content-Type: application/json

{
	"n2SmInfo":	{
		"contentId":	"ngap-sm"
	},
	"n2SmInfoType":	"PDU_RES_SETUP_RSP"
}
--=-+8ifBrt9GQqupJHYhBqTUw==
Content-Id: ngap-sm
Content-Type: application/vnd.3gpp.ngap

 (../lib/sbi/client.c:403)
11/20 19:19:22.400: [amf] DEBUG: amf_state_operational(): OGS_EVENT_NAME_SBI_CLIENT (../src/amf/amf-sm.c:78)
11/20 19:19:22.400: [core] DEBUG:     IPv4[127.0.0.2] IPv6[fd69:f21d:873c:fa::2] (../lib/asn1c/util/conv.c:165)
11/20 19:19:22.400: [pfcp] DEBUG: [6] LOCAL  Create  peer [127.0.0.7]:8805 (../lib/pfcp/xact.c:116)
11/20 19:19:22.400: [amf] DEBUG: amf_state_operational(): AMF_EVENT_5GMM_MESSAGE (../src/amf/amf-sm.c:78)
11/20 19:19:22.400: [smf] DEBUG: Session Modification Request (../src/smf/n4-build.c:132)
11/20 19:19:22.400: [gmm] DEBUG: gmm_state_registered(): AMF_EVENT_5GMM_MESSAGE (../src/amf/gmm-sm.c:86)
11/20 19:19:22.400: [pfcp] DEBUG: [6] LOCAL  UPD TX-52  peer [127.0.0.7]:8805 (../lib/pfcp/xact.c:197)
11/20 19:19:22.400: [pfcp] DEBUG: [6] LOCAL  Commit  peer [127.0.0.7]:8805 (../lib/pfcp/xact.c:475)
11/20 19:19:22.400: [sbi] DEBUG: [POST] http://127.0.0.4:7777/nsmf-pdusession/v1/sm-contexts/3/modify (../lib/sbi/client.c:625)
11/20 19:19:22.400: [sbi] DEBUG: STREAM added [7] (../lib/sbi/nghttp2-server.c:1122)
11/20 19:19:22.400: [upf] DEBUG: upf_state_operational(): UPF_EVT_N4_MESSAGE (../src/upf/upf-sm.c:51)
11/20 19:19:22.400: [pfcp] DEBUG: [6] Cannot find xact type 52 from PFCP peer [127.0.0.4]:8805 (../lib/pfcp/xact.c:797)
11/20 19:19:22.400: [sbi] DEBUG: SENDING...[246] (../lib/sbi/client.c:401)
11/20 19:19:22.400: [sbi] DEBUG: [DELETE] /nbsf-management/v1/pcfBindings/1 (../lib/sbi/nghttp2-server.c:801)
11/20 19:19:22.400: [pfcp] DEBUG: [6] REMOTE Create  peer [127.0.0.4]:8805 (../lib/pfcp/xact.c:159)
11/20 19:19:22.400: [sbi] DEBUG: --=-fc85yQqJMkbEU4+kVEa+Jw==
Content-Type: application/json

{
	"n1SmMsg":	{
		"contentId":	"5gnas-sm"
	}
}
--=-fc85yQqJMkbEU4+kVEa+Jw==
Content-Id: 5gnas-sm
Content-Type: application/vnd.3gpp.5gnas

.Ñ
--=-fc85yQqJMkbEU4+kVEa+Jw==--
 (../lib/sbi/client.c:403)
11/20 19:19:22.400: [pfcp] DEBUG: [6] REMOTE Receive peer [127.0.0.4]:8805 (../lib/pfcp/xact.c:704)
11/20 19:19:22.400: [bsf] DEBUG: bsf_state_operational(): OGS_EVENT_NAME_SBI_SERVER (../src/bsf/bsf-sm.c:55)
11/20 19:19:22.400: [pfcp] DEBUG: [6] REMOTE UPD RX-52  peer [127.0.0.4]:8805 (../lib/pfcp/xact.c:298)
11/20 19:19:22.400: [upf] DEBUG: upf_pfcp_state_associated(): UPF_EVT_N4_MESSAGE (../src/upf/pfcp-sm.c:164)
11/20 19:19:22.400: [sbi] DEBUG: STATUS [204] (../lib/sbi/nghttp2-server.c:357)
11/20 19:19:22.400: [upf] DEBUG: Session Modification Request (../src/upf/n4-handler.c:226)
11/20 19:19:22.400: [sbi] DEBUG: STREAM closed [7] (../lib/sbi/nghttp2-server.c:852)
11/20 19:19:22.400: [upf] DEBUG: Session Modification Response (../src/upf/n4-build.c:89)
11/20 19:19:22.400: [pfcp] DEBUG: [6] REMOTE UPD TX-53  peer [127.0.0.4]:8805 (../lib/pfcp/xact.c:197)
11/20 19:19:22.400: [pfcp] DEBUG: [6] REMOTE Commit  peer [127.0.0.4]:8805 (../lib/pfcp/xact.c:475)
0000: 00000301 05000000 0789c0bf            ............
11/20 19:19:22.400: [sbi] DEBUG: [204:DELETE] http://127.0.0.15:7777/nbsf-management/v1/pcfBindings/1 (../lib/sbi/client.c:573)
11/20 19:19:22.400: [sbi] DEBUG: RECEIVED[0] (../lib/sbi/client.c:584)
11/20 19:19:22.400: [sbi] DEBUG: STREAM added [3] (../lib/sbi/nghttp2-server.c:1122)
11/20 19:19:22.400: [pcf] DEBUG: pcf_state_operational(): OGS_EVENT_NAME_SBI_CLIENT (../src/pcf/pcf-sm.c:58)
11/20 19:19:22.400: [pcf] DEBUG: pcf_sm_state_operational(): OGS_EVENT_NAME_SBI_CLIENT (../src/pcf/sm-sm.c:50)
11/20 19:19:22.400: [sbi] DEBUG: [POST] /nsmf-pdusession/v1/sm-contexts/2/modify (../lib/sbi/nghttp2-server.c:801)
11/20 19:19:22.400: [sbi] DEBUG: STATUS [204] (../lib/sbi/nghttp2-server.c:357)
11/20 19:19:22.400: [sbi] DEBUG: RECEIVED: 307 (../lib/sbi/nghttp2-server.c:805)
11/20 19:19:22.400: [sbi] DEBUG: STREAM closed [3] (../lib/sbi/nghttp2-server.c:852)
11/20 19:19:22.400: [sbi] DEBUG: --=-+8ifBrt9GQqupJHYhBqTUw==
Content-Type: application/json

{
	"n2SmInfo":	{
		"contentId":	"ngap-sm"
	},
	"n2SmInfoType":	"PDU_RES_SETUP_RSP"
}
--=-+8ifBrt9GQqupJHYhBqTUw==
Content-Id: ngap-sm
Content-Type: application/vnd.3gpp.ngap

 (../lib/sbi/nghttp2-server.c:806)
11/20 19:19:22.400: [smf] DEBUG: smf_state_operational(): SMF_EVT_N4_MESSAGE (../src/smf/smf-sm.c:83)
11/20 19:19:22.400: [pcf] DEBUG: pcf_sm_state_operational(): EXIT (../src/pcf/sm-sm.c:50)
11/20 19:19:22.400: [pcf] DEBUG: pcf_sm_state_deleted(): ENTRY (../src/pcf/sm-sm.c:290)
11/20 19:19:22.400: [pfcp] DEBUG: [6] LOCAL  Find    peer [127.0.0.7]:8805 (../lib/pfcp/xact.c:790)
11/20 19:19:22.400: [pcf] DEBUG: [imsi-999702000000010:5] PCF session removed (../src/pcf/pcf-sm.c:532)
11/20 19:19:22.400: [pfcp] DEBUG: [6] LOCAL  Receive peer [127.0.0.7]:8805 (../lib/pfcp/xact.c:704)
11/20 19:19:22.400: [pcf] DEBUG: pcf_sm_state_deleted(): EXIT (../src/pcf/sm-sm.c:290)
11/20 19:19:22.400: [pfcp] DEBUG: [6] LOCAL  UPD RX-53  peer [127.0.0.7]:8805 (../lib/pfcp/xact.c:298)
11/20 19:19:22.400: [sbi] DEBUG: ogs_sbi_nf_instance_remove() (../lib/sbi/context.c:870)
11/20 19:19:22.400: [smf] DEBUG: smf_pfcp_state_associated(): SMF_EVT_N4_MESSAGE (../src/smf/pfcp-sm.c:165)
11/20 19:19:22.400: [sbi] DEBUG: [UNREF] 4 (../lib/sbi/context.c:873)
11/20 19:19:22.400: [sbi] DEBUG: ogs_sbi_nf_instance_remove() (../lib/sbi/context.c:870)
11/20 19:19:22.400: [smf] DEBUG: Session Modification Response [5gc] (../src/smf/n4-handler.c:255)
11/20 19:19:22.400: [sbi] DEBUG: [UNREF] 7 (../lib/sbi/context.c:873)
11/20 19:19:22.400: [pfcp] DEBUG: [6] LOCAL  Commit  peer [127.0.0.7]:8805 (../lib/pfcp/xact.c:475)
11/20 19:19:22.400: [sbi] DEBUG: ogs_sbi_nf_instance_remove() (../lib/sbi/context.c:870)
11/20 19:19:22.400: [pfcp] DEBUG: [6] LOCAL  Delete  peer [127.0.0.7]:8805 (../lib/pfcp/xact.c:813)
11/20 19:19:22.400: [sbi] DEBUG: [UNREF] 4 (../lib/sbi/context.c:873)
11/20 19:19:22.400: [sbi] DEBUG: ogs_sbi_client_remove() [127.0.0.4:7777] (../lib/sbi/client.c:153)
11/20 19:19:22.400: [sbi] DEBUG: STATUS [204] (../lib/sbi/nghttp2-server.c:357)
11/20 19:19:22.401: [sbi] DEBUG: [UNREF] 4 (../lib/sbi/client.c:157)
11/20 19:19:22.401: [sbi] DEBUG: STREAM closed [5] (../lib/sbi/nghttp2-server.c:852)
0000: 00000301 05000000 0389c0bf            ............
11/20 19:19:22.401: [amf] DEBUG: amf_state_operational(): AMF_EVENT_NGAP_MESSAGE (../src/amf/amf-sm.c:78)
11/20 19:19:22.401: [smf] DEBUG: smf_state_operational(): OGS_EVENT_NAME_SBI_SERVER (../src/smf/smf-sm.c:83)
11/20 19:19:22.401: [smf] DEBUG: smf_gsm_state_operational(): OGS_EVENT_NAME_SBI_SERVER (../src/smf/gsm-sm.c:755)
11/20 19:19:22.401: [smf] DEBUG: smf_state_operational(): SMF_EVT_NGAP_MESSAGE (../src/smf/smf-sm.c:83)
11/20 19:19:22.401: [amf] DEBUG: ngap_state_operational(): AMF_EVENT_NGAP_MESSAGE (../src/amf/ngap-sm.c:53)
11/20 19:19:22.401: [smf] DEBUG: smf_gsm_state_operational(): SMF_EVT_NGAP_MESSAGE (../src/smf/gsm-sm.c:755)
11/20 19:19:22.401: [amf] DEBUG: UplinkNASTransport (../src/amf/ngap-handler.c:546)
11/20 19:19:22.401: [smf] DEBUG: PDUSessionResourceSetupResponseTransfer (../src/smf/ngap-handler.c:52)
11/20 19:19:22.401: [amf] DEBUG:     IP[127.0.0.1] RAN_ID[16384] (../src/amf/ngap-handler.c:569)
11/20 19:19:22.401: [amf] DEBUG:     RAN_UE_NGAP_ID[1] AMF_UE_NGAP_ID[2] TAC[1] CellID[0x40001] (../src/amf/ngap-handler.c:650)
11/20 19:19:22.401: [core] DEBUG:     IPv4[127.0.0.2] IPv6[fd69:f21d:873c:fa::2] (../lib/asn1c/util/conv.c:165)
11/20 19:19:22.401: [pfcp] DEBUG: [7] LOCAL  Create  peer [127.0.0.7]:8805 (../lib/pfcp/xact.c:116)
11/20 19:19:22.401: [amf] DEBUG: amf_state_operational(): AMF_EVENT_5GMM_MESSAGE (../src/amf/amf-sm.c:78)
11/20 19:19:22.401: [smf] DEBUG: Session Modification Request (../src/smf/n4-build.c:132)
11/20 19:19:22.401: [pfcp] DEBUG: [7] LOCAL  UPD TX-52  peer [127.0.0.7]:8805 (../lib/pfcp/xact.c:197)
11/20 19:19:22.401: [gmm] DEBUG: gmm_state_registered(): AMF_EVENT_5GMM_MESSAGE (../src/amf/gmm-sm.c:86)
11/20 19:19:22.401: [pfcp] DEBUG: [7] LOCAL  Commit  peer [127.0.0.7]:8805 (../lib/pfcp/xact.c:475)
11/20 19:19:22.401: [sbi] DEBUG: [POST] http://127.0.0.4:7777/nsmf-pdusession/v1/sm-contexts/2/modify (../lib/sbi/client.c:625)
11/20 19:19:22.401: [upf] DEBUG: upf_state_operational(): UPF_EVT_N4_MESSAGE (../src/upf/upf-sm.c:51)
11/20 19:19:22.401: [pfcp] DEBUG: [7] Cannot find xact type 52 from PFCP peer [127.0.0.4]:8805 (../lib/pfcp/xact.c:797)
11/20 19:19:22.401: [pfcp] DEBUG: [7] REMOTE Create  peer [127.0.0.4]:8805 (../lib/pfcp/xact.c:159)
11/20 19:19:22.401: [pfcp] DEBUG: [7] REMOTE Receive peer [127.0.0.4]:8805 (../lib/pfcp/xact.c:704)
11/20 19:19:22.401: [sbi] DEBUG: SENDING...[246] (../lib/sbi/client.c:401)
11/20 19:19:22.401: [pfcp] DEBUG: [7] REMOTE UPD RX-52  peer [127.0.0.4]:8805 (../lib/pfcp/xact.c:298)
11/20 19:19:22.401: [upf] DEBUG: upf_pfcp_state_associated(): UPF_EVT_N4_MESSAGE (../src/upf/pfcp-sm.c:164)
11/20 19:19:22.401: [sbi] DEBUG: [204:POST] http://127.0.0.13:7777/npcf-smpolicycontrol/v1/sm-policies/1/delete (../lib/sbi/client.c:573)
11/20 19:19:22.401: [upf] DEBUG: Session Modification Request (../src/upf/n4-handler.c:226)
11/20 19:19:22.401: [sbi] DEBUG: RECEIVED[0] (../lib/sbi/client.c:584)
11/20 19:19:22.401: [sbi] DEBUG: --=-OyHJ7quSWx8o4r1z4gYGAg==
Content-Type: application/json

{
	"n1SmMsg":	{
		"contentId":	"5gnas-sm"
	}
}
--=-OyHJ7quSWx8o4r1z4gYGAg==
Content-Id: 5gnas-sm
Content-Type: application/vnd.3gpp.5gnas

.Ñ
--=-OyHJ7quSWx8o4r1z4gYGAg==--
 (../lib/sbi/client.c:403)
11/20 19:19:22.401: [upf] DEBUG: Session Modification Response (../src/upf/n4-build.c:89)
0000: 00000301 05000000 0589c0bf            ............
11/20 19:19:22.401: [smf] DEBUG: smf_state_operational(): OGS_EVENT_NAME_SBI_CLIENT (../src/smf/smf-sm.c:83)
11/20 19:19:22.401: [smf] DEBUG: smf_gsm_state_operational(): OGS_EVENT_NAME_SBI_CLIENT (../src/smf/gsm-sm.c:755)
11/20 19:19:22.401: [smf] DEBUG: smf_gsm_state_operational(): EXIT (../src/smf/gsm-sm.c:755)
11/20 19:19:22.401: [smf] DEBUG: smf_gsm_state_wait_pfcp_deletion(): ENTRY (../src/smf/gsm-sm.c:1159)
11/20 19:19:22.401: [pfcp] DEBUG: [8] LOCAL  Create  peer [127.0.0.7]:8805 (../lib/pfcp/xact.c:116)
11/20 19:19:22.401: [smf] DEBUG: Session Deletion Request (../src/smf/n4-build.c:460)
11/20 19:19:22.401: [pfcp] DEBUG: [8] LOCAL  UPD TX-54  peer [127.0.0.7]:8805 (../lib/pfcp/xact.c:197)
11/20 19:19:22.401: [pfcp] DEBUG: [8] LOCAL  Commit  peer [127.0.0.7]:8805 (../lib/pfcp/xact.c:475)
11/20 19:19:22.401: [pfcp] DEBUG: [7] REMOTE UPD TX-53  peer [127.0.0.4]:8805 (../lib/pfcp/xact.c:197)
11/20 19:19:22.401: [sbi] DEBUG: [204:POST] http://127.0.0.4:7777/nsmf-pdusession/v1/sm-contexts/3/modify (../lib/sbi/client.c:573)
11/20 19:19:22.401: [pfcp] DEBUG: [7] REMOTE Commit  peer [127.0.0.4]:8805 (../lib/pfcp/xact.c:475)
11/20 19:19:22.401: [sbi] DEBUG: MAX_CONCURRENT_STREAMS = 100 (../lib/sbi/nghttp2-server.c:747)
11/20 19:19:22.401: [sbi] DEBUG: RECEIVED[0] (../lib/sbi/client.c:584)
11/20 19:19:22.401: [sbi] DEBUG: ENABLE_PUSH = false (../lib/sbi/nghttp2-server.c:749)
11/20 19:19:22.401: [sbi] DEBUG: STREAM added [1] (../lib/sbi/nghttp2-server.c:1122)
11/20 19:19:22.401: [amf] DEBUG: amf_state_operational(): OGS_EVENT_NAME_SBI_CLIENT (../src/amf/amf-sm.c:78)
11/20 19:19:22.401: [sbi] DEBUG: [POST] /nsmf-pdusession/v1/sm-contexts/3/modify (../lib/sbi/nghttp2-server.c:801)
11/20 19:19:22.401: [sbi] DEBUG: RECEIVED: 246 (../lib/sbi/nghttp2-server.c:805)
11/20 19:19:22.401: [sbi] DEBUG: --=-fc85yQqJMkbEU4+kVEa+Jw==
Content-Type: application/json

{
	"n1SmMsg":	{
		"contentId":	"5gnas-sm"
	}
}
--=-fc85yQqJMkbEU4+kVEa+Jw==
Content-Id: 5gnas-sm
Content-Type: application/vnd.3gpp.5gnas

.Ñ
--=-fc85yQqJMkbEU4+kVEa+Jw==--
 (../lib/sbi/nghttp2-server.c:806)
11/20 19:19:22.401: [upf] DEBUG: upf_state_operational(): UPF_EVT_N4_MESSAGE (../src/upf/upf-sm.c:51)
11/20 19:19:22.401: [pfcp] DEBUG: [8] Cannot find xact type 54 from PFCP peer [127.0.0.4]:8805 (../lib/pfcp/xact.c:797)
0000: 00000604 00000000 00000300 04e200     ...............
11/20 19:19:22.401: [smf] DEBUG: smf_state_operational(): OGS_EVENT_NAME_SBI_SERVER (../src/smf/smf-sm.c:83)
11/20 19:19:22.401: [pfcp] DEBUG: [8] REMOTE Create  peer [127.0.0.4]:8805 (../lib/pfcp/xact.c:159)
11/20 19:19:22.401: [smf] DEBUG: smf_gsm_state_operational(): OGS_EVENT_NAME_SBI_SERVER (../src/smf/gsm-sm.c:755)
11/20 19:19:22.401: [pfcp] DEBUG: [8] REMOTE Receive peer [127.0.0.4]:8805 (../lib/pfcp/xact.c:704)
11/20 19:19:22.401: [smf] DEBUG: smf_state_operational(): SMF_EVT_5GSM_MESSAGE (../src/smf/smf-sm.c:83)
11/20 19:19:22.401: [smf] DEBUG: smf_gsm_state_operational(): SMF_EVT_5GSM_MESSAGE (../src/smf/gsm-sm.c:755)
11/20 19:19:22.401: [pfcp] DEBUG: [8] REMOTE UPD RX-54  peer [127.0.0.4]:8805 (../lib/pfcp/xact.c:298)
11/20 19:19:22.401: [upf] DEBUG: upf_pfcp_state_associated(): UPF_EVT_N4_MESSAGE (../src/upf/pfcp-sm.c:164)
11/20 19:19:22.401: [upf] DEBUG: Session Deletion Request (../src/upf/n4-handler.c:461)
11/20 19:19:22.401: [upf] DEBUG: Session Deletion Response (../src/upf/n4-build.c:121)
11/20 19:19:22.401: [sbi] DEBUG: [POST] http://127.0.0.13:7777/npcf-smpolicycontrol/v1/sm-policies/3/delete (../lib/sbi/client.c:625)
11/20 19:19:22.401: [pfcp] DEBUG: PFCP session deletion response (../lib/pfcp/build.c:942)
11/20 19:19:22.401: [sbi] DEBUG: SENDING...[179] (../lib/sbi/client.c:401)
11/20 19:19:22.401: [sbi] DEBUG: {
	"servingNetwork":	{
		"mcc":	"999",
		"mnc":	"70"
	},
	"ranNasRelCauses":	[{
			"ngApCause":	{
				"group":	3,
				"value":	0
			},
			"5gMmCause":	0,
			"5gSmCause":	36
		}]
} (../lib/sbi/client.c:403)
11/20 19:19:22.401: [sbi] DEBUG: MAX_CONCURRENT_STREAMS = 100 (../lib/sbi/nghttp2-server.c:747)
11/20 19:19:22.401: [sbi] DEBUG: ENABLE_PUSH = false (../lib/sbi/nghttp2-server.c:749)
11/20 19:19:22.401: [sbi] DEBUG: MAX_CONCURRENT_STREAMS = 100 (../lib/sbi/nghttp2-server.c:747)
11/20 19:19:22.401: [pfcp] DEBUG: [8] REMOTE UPD TX-55  peer [127.0.0.4]:8805 (../lib/pfcp/xact.c:197)
11/20 19:19:22.401: [sbi] DEBUG: ENABLE_PUSH = false (../lib/sbi/nghttp2-server.c:749)
11/20 19:19:22.401: [pfcp] DEBUG: [8] REMOTE Commit  peer [127.0.0.4]:8805 (../lib/pfcp/xact.c:475)
11/20 19:19:22.401: [sbi] DEBUG: STREAM added [1] (../lib/sbi/nghttp2-server.c:1122)
11/20 19:19:22.401: [sbi] DEBUG: [POST] /nsmf-pdusession/v1/sm-contexts/2/modify (../lib/sbi/nghttp2-server.c:801)
11/20 19:19:22.401: [sbi] DEBUG: RECEIVED: 246 (../lib/sbi/nghttp2-server.c:805)
11/20 19:19:22.401: [sbi] DEBUG: --=-OyHJ7quSWx8o4r1z4gYGAg==
Content-Type: application/json

{
	"n1SmMsg":	{
		"contentId":	"5gnas-sm"
	}
}
--=-OyHJ7quSWx8o4r1z4gYGAg==
Content-Id: 5gnas-sm
Content-Type: application/vnd.3gpp.5gnas

.Ñ
--=-OyHJ7quSWx8o4r1z4gYGAg==--
 (../lib/sbi/nghttp2-server.c:806)
0000: 00000604 00000000 00000300 04e200     ...............
11/20 19:19:22.401: [upf] INFO: [Removed] Number of UPF-sessions is now 2 (../src/upf/context.c:213)
11/20 19:19:22.401: [smf] DEBUG: smf_state_operational(): OGS_EVENT_NAME_SBI_SERVER (../src/smf/smf-sm.c:83)
11/20 19:19:22.401: [sbi] DEBUG: STREAM added [5] (../lib/sbi/nghttp2-server.c:1122)
11/20 19:19:22.401: [sbi] DEBUG: [POST] /npcf-smpolicycontrol/v1/sm-policies/3/delete (../lib/sbi/nghttp2-server.c:801)
11/20 19:19:22.401: [sbi] DEBUG: RECEIVED: 179 (../lib/sbi/nghttp2-server.c:805)
11/20 19:19:22.401: [smf] DEBUG: smf_gsm_state_operational(): OGS_EVENT_NAME_SBI_SERVER (../src/smf/gsm-sm.c:755)
11/20 19:19:22.401: [sbi] DEBUG: {
	"servingNetwork":	{
		"mcc":	"999",
		"mnc":	"70"
	},
	"ranNasRelCauses":	[{
			"ngApCause":	{
				"group":	3,
				"value":	0
			},
			"5gMmCause":	0,
			"5gSmCause":	36
		}]
} (../lib/sbi/nghttp2-server.c:806)
11/20 19:19:22.401: [smf] DEBUG: smf_state_operational(): SMF_EVT_N4_MESSAGE (../src/smf/smf-sm.c:83)
11/20 19:19:22.401: [pcf] DEBUG: pcf_state_operational(): OGS_EVENT_NAME_SBI_SERVER (../src/pcf/pcf-sm.c:58)
11/20 19:19:22.401: [pfcp] DEBUG: [7] LOCAL  Find    peer [127.0.0.7]:8805 (../lib/pfcp/xact.c:790)
11/20 19:19:22.401: [pfcp] DEBUG: [7] LOCAL  Receive peer [127.0.0.7]:8805 (../lib/pfcp/xact.c:704)
11/20 19:19:22.401: [pcf] DEBUG: pcf_sm_state_operational(): OGS_EVENT_NAME_SBI_SERVER (../src/pcf/sm-sm.c:50)
11/20 19:19:22.401: [pfcp] DEBUG: [7] LOCAL  UPD RX-53  peer [127.0.0.7]:8805 (../lib/pfcp/xact.c:298)
11/20 19:19:22.401: [smf] DEBUG: smf_pfcp_state_associated(): SMF_EVT_N4_MESSAGE (../src/smf/pfcp-sm.c:165)
11/20 19:19:22.402: [smf] DEBUG: Session Modification Response [5gc] (../src/smf/n4-handler.c:255)
11/20 19:19:22.402: [sbi] DEBUG: [DELETE] http://127.0.0.15:7777/nbsf-management/v1/pcfBindings/3 (../lib/sbi/client.c:625)
11/20 19:19:22.402: [pfcp] DEBUG: [7] LOCAL  Commit  peer [127.0.0.7]:8805 (../lib/pfcp/xact.c:475)
11/20 19:19:22.402: [pfcp] DEBUG: [7] LOCAL  Delete  peer [127.0.0.7]:8805 (../lib/pfcp/xact.c:813)
11/20 19:19:22.402: [sbi] DEBUG: STATUS [204] (../lib/sbi/nghttp2-server.c:357)
11/20 19:19:22.402: [sbi] DEBUG: STREAM closed [3] (../lib/sbi/nghttp2-server.c:852)
11/20 19:19:22.402: [smf] DEBUG: smf_state_operational(): SMF_EVT_5GSM_MESSAGE (../src/smf/smf-sm.c:83)
11/20 19:19:22.402: [smf] DEBUG: smf_gsm_state_operational(): SMF_EVT_5GSM_MESSAGE (../src/smf/gsm-sm.c:755)
11/20 19:19:22.402: [sbi] DEBUG: STREAM added [9] (../lib/sbi/nghttp2-server.c:1122)
11/20 19:19:22.402: [sbi] DEBUG: [DELETE] /nbsf-management/v1/pcfBindings/3 (../lib/sbi/nghttp2-server.c:801)
11/20 19:19:22.402: [bsf] DEBUG: bsf_state_operational(): OGS_EVENT_NAME_SBI_SERVER (../src/bsf/bsf-sm.c:55)
11/20 19:19:22.402: [sbi] DEBUG: STATUS [204] (../lib/sbi/nghttp2-server.c:357)
11/20 19:19:22.402: [sbi] DEBUG: STREAM closed [9] (../lib/sbi/nghttp2-server.c:852)
0000: 00000301 05000000 0989c0bf            ............
11/20 19:19:22.402: [sbi] DEBUG: [204:DELETE] http://127.0.0.15:7777/nbsf-management/v1/pcfBindings/3 (../lib/sbi/client.c:573)
11/20 19:19:22.402: [sbi] DEBUG: RECEIVED[0] (../lib/sbi/client.c:584)
11/20 19:19:22.402: [sbi] DEBUG: [POST] http://127.0.0.13:7777/npcf-smpolicycontrol/v1/sm-policies/2/delete (../lib/sbi/client.c:625)
11/20 19:19:22.402: [pcf] DEBUG: pcf_state_operational(): OGS_EVENT_NAME_SBI_CLIENT (../src/pcf/pcf-sm.c:58)
11/20 19:19:22.402: [sbi] DEBUG: SENDING...[179] (../lib/sbi/client.c:401)
11/20 19:19:22.402: [sbi] DEBUG: {
	"servingNetwork":	{
		"mcc":	"999",
		"mnc":	"70"
	},
	"ranNasRelCauses":	[{
			"ngApCause":	{
				"group":	3,
				"value":	0
			},
			"5gMmCause":	0,
			"5gSmCause":	36
		}]
} (../lib/sbi/client.c:403)
11/20 19:19:22.402: [pcf] DEBUG: pcf_sm_state_operational(): OGS_EVENT_NAME_SBI_CLIENT (../src/pcf/sm-sm.c:50)
11/20 19:19:22.402: [sbi] DEBUG: STATUS [204] (../lib/sbi/nghttp2-server.c:357)
11/20 19:19:22.402: [sbi] DEBUG: MAX_CONCURRENT_STREAMS = 100 (../lib/sbi/nghttp2-server.c:747)
11/20 19:19:22.402: [sbi] DEBUG: STREAM closed [5] (../lib/sbi/nghttp2-server.c:852)
11/20 19:19:22.402: [sbi] DEBUG: ENABLE_PUSH = false (../lib/sbi/nghttp2-server.c:749)
11/20 19:19:22.402: [pcf] DEBUG: pcf_sm_state_operational(): EXIT (../src/pcf/sm-sm.c:50)
11/20 19:19:22.402: [pcf] DEBUG: pcf_sm_state_deleted(): ENTRY (../src/pcf/sm-sm.c:290)
11/20 19:19:22.402: [pcf] DEBUG: [imsi-999700000000010:5] PCF session removed (../src/pcf/pcf-sm.c:532)
11/20 19:19:22.402: [pcf] DEBUG: pcf_sm_state_deleted(): EXIT (../src/pcf/sm-sm.c:290)
11/20 19:19:22.402: [sbi] DEBUG: ogs_sbi_nf_instance_remove() (../lib/sbi/context.c:870)
0000: 00000301 05000000 0389c0bf            ............
11/20 19:19:22.402: [sbi] DEBUG: [UNREF] 3 (../lib/sbi/context.c:873)
11/20 19:19:22.402: [sbi] DEBUG: ogs_sbi_nf_instance_remove() (../lib/sbi/context.c:870)
11/20 19:19:22.402: [sbi] DEBUG: [204:POST] http://127.0.0.4:7777/nsmf-pdusession/v1/sm-contexts/2/modify (../lib/sbi/client.c:573)
11/20 19:19:22.402: [sbi] DEBUG: [UNREF] 6 (../lib/sbi/context.c:873)
11/20 19:19:22.402: [sbi] DEBUG: RECEIVED[0] (../lib/sbi/client.c:584)
11/20 19:19:22.402: [sbi] DEBUG: ogs_sbi_nf_instance_remove() (../lib/sbi/context.c:870)
11/20 19:19:22.402: [sbi] DEBUG: [UNREF] 3 (../lib/sbi/context.c:873)
11/20 19:19:22.402: [amf] DEBUG: amf_state_operational(): OGS_EVENT_NAME_SBI_CLIENT (../src/amf/amf-sm.c:78)
11/20 19:19:22.402: [sbi] DEBUG: ogs_sbi_client_remove() [127.0.0.4:7777] (../lib/sbi/client.c:153)
11/20 19:19:22.402: [sbi] DEBUG: [UNREF] 3 (../lib/sbi/client.c:157)
0000: 00000301 05000000 0589c0bf            ............
11/20 19:19:22.402: [sbi] DEBUG: STREAM added [3] (../lib/sbi/nghttp2-server.c:1122)
11/20 19:19:22.402: [smf] DEBUG: smf_state_operational(): SMF_EVT_N4_MESSAGE (../src/smf/smf-sm.c:83)
11/20 19:19:22.402: [sbi] DEBUG: [POST] /npcf-smpolicycontrol/v1/sm-policies/2/delete (../lib/sbi/nghttp2-server.c:801)
11/20 19:19:22.402: [pfcp] DEBUG: [8] LOCAL  Find    peer [127.0.0.7]:8805 (../lib/pfcp/xact.c:790)
11/20 19:19:22.402: [sbi] DEBUG: RECEIVED: 179 (../lib/sbi/nghttp2-server.c:805)
11/20 19:19:22.402: [pfcp] DEBUG: [8] LOCAL  Receive peer [127.0.0.7]:8805 (../lib/pfcp/xact.c:704)
11/20 19:19:22.402: [sbi] DEBUG: {
	"servingNetwork":	{
		"mcc":	"999",
		"mnc":	"70"
	},
	"ranNasRelCauses":	[{
			"ngApCause":	{
				"group":	3,
				"value":	0
			},
			"5gMmCause":	0,
			"5gSmCause":	36
		}]
} (../lib/sbi/nghttp2-server.c:806)
11/20 19:19:22.402: [pfcp] DEBUG: [8] LOCAL  UPD RX-55  peer [127.0.0.7]:8805 (../lib/pfcp/xact.c:298)
11/20 19:19:22.402: [pcf] DEBUG: pcf_state_operational(): OGS_EVENT_NAME_SBI_SERVER (../src/pcf/pcf-sm.c:58)
11/20 19:19:22.402: [smf] DEBUG: smf_pfcp_state_associated(): SMF_EVT_N4_MESSAGE (../src/smf/pfcp-sm.c:165)
11/20 19:19:22.402: [smf] DEBUG: smf_gsm_state_wait_pfcp_deletion(): SMF_EVT_N4_MESSAGE (../src/smf/gsm-sm.c:1159)
11/20 19:19:22.402: [pfcp] DEBUG: [8] LOCAL  Commit  peer [127.0.0.7]:8805 (../lib/pfcp/xact.c:475)
11/20 19:19:22.402: [pcf] DEBUG: pcf_sm_state_operational(): OGS_EVENT_NAME_SBI_SERVER (../src/pcf/sm-sm.c:50)
11/20 19:19:22.402: [pfcp] DEBUG: [8] LOCAL  Delete  peer [127.0.0.7]:8805 (../lib/pfcp/xact.c:813)
11/20 19:19:22.402: [sbi] DEBUG: [DELETE] http://127.0.0.15:7777/nbsf-management/v1/pcfBindings/2 (../lib/sbi/client.c:625)
11/20 19:19:22.402: [smf] DEBUG: Session Deletion Response [5gc] (../src/smf/n4-handler.c:660)
11/20 19:19:22.402: [smf] DEBUG: PDUSessionResourceReleaseCommandTransfer (../src/smf/ngap-build.c:438)
11/20 19:19:22.402: [smf] DEBUG:     Group[3] Cause[0] (../src/smf/ngap-build.c:442)
11/20 19:19:22.402: [sbi] DEBUG: STREAM added [11] (../lib/sbi/nghttp2-server.c:1122)
11/20 19:19:22.402: [sbi] DEBUG: [DELETE] /nbsf-management/v1/pcfBindings/2 (../lib/sbi/nghttp2-server.c:801)
11/20 19:19:22.402: [bsf] DEBUG: bsf_state_operational(): OGS_EVENT_NAME_SBI_SERVER (../src/bsf/bsf-sm.c:55)
11/20 19:19:22.402: [sbi] DEBUG: STATUS [204] (../lib/sbi/nghttp2-server.c:357)
11/20 19:19:22.402: [sbi] DEBUG: STREAM closed [11] (../lib/sbi/nghttp2-server.c:852)
0000: 00000301 05000000 0b89c0bf            ............
11/20 19:19:22.402: [sbi] DEBUG: STATUS [200] (../lib/sbi/nghttp2-server.c:357)
11/20 19:19:22.402: [sbi] DEBUG: SENDING...: 424 (../lib/sbi/nghttp2-server.c:365)
11/20 19:19:22.402: [sbi] DEBUG: [204:DELETE] http://127.0.0.15:7777/nbsf-management/v1/pcfBindings/2 (../lib/sbi/client.c:573)
11/20 19:19:22.402: [sbi] DEBUG: --=-YUGUqiy1g6NYjHp9fxdrRQ==
Content-Type: application/json

{
	"n1SmMsg":	{
		"contentId":	"5gnas-sm"
	},
	"n2SmInfo":	{
		"contentId":	"ngap-sm"
	},
	"n2SmInfoType":	"PDU_RES_REL_CMD"
}
--=-YUGUqiy1g6NYjHp9fxdrRQ==
Content-Id: 5gnas-sm
Content-Type: application/vnd.3gpp.5gnas

.Ó$
--=-YUGUqiy1g6NYjHp9fxdrRQ==
Content-Id: ngap-sm
Content-Type: application/vnd.3gpp.ngap


--=-YUGUqiy1g6NYjHp9fxdrRQ==--
 (../lib/sbi/nghttp2-server.c:366)
11/20 19:19:22.402: [sbi] DEBUG: RECEIVED[0] (../lib/sbi/client.c:584)
11/20 19:19:22.402: [pcf] DEBUG: pcf_state_operational(): OGS_EVENT_NAME_SBI_CLIENT (../src/pcf/pcf-sm.c:58)
11/20 19:19:22.402: [pcf] DEBUG: pcf_sm_state_operational(): OGS_EVENT_NAME_SBI_CLIENT (../src/pcf/sm-sm.c:50)
11/20 19:19:22.402: [sbi] DEBUG: STREAM closed [3] (../lib/sbi/nghttp2-server.c:852)
11/20 19:19:22.402: [sbi] DEBUG: STATUS [204] (../lib/sbi/nghttp2-server.c:357)
11/20 19:19:22.402: [sbi] DEBUG: STREAM closed [3] (../lib/sbi/nghttp2-server.c:852)
11/20 19:19:22.402: [smf] DEBUG: smf_gsm_state_wait_pfcp_deletion(): EXIT (../src/smf/gsm-sm.c:1159)
11/20 19:19:22.402: [smf] DEBUG: smf_gsm_state_wait_5gc_n1_n2_release(): ENTRY (../src/smf/gsm-sm.c:1412)
11/20 19:19:22.402: [pcf] DEBUG: pcf_sm_state_operational(): EXIT (../src/pcf/sm-sm.c:50)
11/20 19:19:22.402: [pcf] DEBUG: pcf_sm_state_deleted(): ENTRY (../src/pcf/sm-sm.c:290)
11/20 19:19:22.402: [pcf] DEBUG: [imsi-999701000000010:5] PCF session removed (../src/pcf/pcf-sm.c:532)
11/20 19:19:22.402: [pcf] DEBUG: pcf_sm_state_deleted(): EXIT (../src/pcf/sm-sm.c:290)
11/20 19:19:22.402: [sbi] DEBUG: ogs_sbi_nf_instance_remove() (../lib/sbi/context.c:870)
11/20 19:19:22.402: [sbi] DEBUG: [UNREF] 2 (../lib/sbi/context.c:873)
11/20 19:19:22.402: [sbi] DEBUG: ogs_sbi_nf_instance_remove() (../lib/sbi/context.c:870)
11/20 19:19:22.402: [sbi] DEBUG: [204:POST] http://127.0.0.13:7777/npcf-smpolicycontrol/v1/sm-policies/3/delete (../lib/sbi/client.c:573)
11/20 19:19:22.402: [sbi] DEBUG: [UNREF] 5 (../lib/sbi/context.c:873)
11/20 19:19:22.402: [sbi] DEBUG: RECEIVED[0] (../lib/sbi/client.c:584)
11/20 19:19:22.402: [sbi] DEBUG: ogs_sbi_nf_instance_remove() (../lib/sbi/context.c:870)
11/20 19:19:22.402: [sbi] DEBUG: [UNREF] 2 (../lib/sbi/context.c:873)
11/20 19:19:22.402: [sbi] DEBUG: ogs_sbi_client_remove() [127.0.0.4:7777] (../lib/sbi/client.c:153)
11/20 19:19:22.402: [sbi] DEBUG: [UNREF] 2 (../lib/sbi/client.c:157)
0000: 00000301 05000000 0389c0bf            ............
0000: 00003701 04000000 0388c0bf 0f0d0334   ..7............4
0010: 32345fac a6da126a c76258b0 b40d2593   24_....j.bX...%.
0020: ed48cf6d 520ecf50 7f302dcf 862e1d8d   .H.mR..P.0-.....
0030: e83339a7 9f4c75bf 2f992cdb b2083f9f   .39..Lu./.,...?.
11/20 19:19:22.402: [smf] DEBUG: smf_state_operational(): OGS_EVENT_NAME_SBI_CLIENT (../src/smf/smf-sm.c:83)
11/20 19:19:22.402: [smf] DEBUG: smf_gsm_state_operational(): OGS_EVENT_NAME_SBI_CLIENT (../src/smf/gsm-sm.c:755)
11/20 19:19:22.402: [smf] DEBUG: smf_gsm_state_operational(): EXIT (../src/smf/gsm-sm.c:755)
11/20 19:19:22.402: [smf] DEBUG: smf_gsm_state_wait_pfcp_deletion(): ENTRY (../src/smf/gsm-sm.c:1159)
11/20 19:19:22.402: [pfcp] DEBUG: [9] LOCAL  Create  peer [127.0.0.7]:8805 (../lib/pfcp/xact.c:116)
11/20 19:19:22.402: [smf] DEBUG: Session Deletion Request (../src/smf/n4-build.c:460)
11/20 19:19:22.402: [pfcp] DEBUG: [9] LOCAL  UPD TX-54  peer [127.0.0.7]:8805 (../lib/pfcp/xact.c:197)
11/20 19:19:22.402: [pfcp] DEBUG: [9] LOCAL  Commit  peer [127.0.0.7]:8805 (../lib/pfcp/xact.c:475)
11/20 19:19:22.402: [upf] DEBUG: upf_state_operational(): UPF_EVT_N4_MESSAGE (../src/upf/upf-sm.c:51)
11/20 19:19:22.402: [sbi] DEBUG: [200:POST] http://127.0.0.4:7777/nsmf-pdusession/v1/sm-contexts/1/modify (../lib/sbi/client.c:573)
11/20 19:19:22.402: [sbi] DEBUG: RECEIVED[424] (../lib/sbi/client.c:584)
11/20 19:19:22.402: [pfcp] DEBUG: [9] Cannot find xact type 54 from PFCP peer [127.0.0.4]:8805 (../lib/pfcp/xact.c:797)
11/20 19:19:22.402: [sbi] DEBUG: --=-YUGUqiy1g6NYjHp9fxdrRQ==
Content-Type: application/json

{
	"n1SmMsg":	{
		"contentId":	"5gnas-sm"
	},
	"n2SmInfo":	{
		"contentId":	"ngap-sm"
	},
	"n2SmInfoType":	"PDU_RES_REL_CMD"
}
--=-YUGUqiy1g6NYjHp9fxdrRQ==
Content-Id: 5gnas-sm
Content-Type: application/vnd.3gpp.5gnas

.Ó$
--=-YUGUqiy1g6NYjHp9fxdrRQ==
Content-Id: ngap-sm
Content-Type: application/vnd.3gpp.ngap


--=-YUGUqiy1g6NYjHp9fxdrRQ==--
 (../lib/sbi/client.c:586)
11/20 19:19:22.402: [pfcp] DEBUG: [9] REMOTE Create  peer [127.0.0.4]:8805 (../lib/pfcp/xact.c:159)
11/20 19:19:22.402: [amf] DEBUG: amf_state_operational(): OGS_EVENT_NAME_SBI_CLIENT (../src/amf/amf-sm.c:78)
11/20 19:19:22.402: [pfcp] DEBUG: [9] REMOTE Receive peer [127.0.0.4]:8805 (../lib/pfcp/xact.c:704)
11/20 19:19:22.402: [pfcp] DEBUG: [9] REMOTE UPD RX-54  peer [127.0.0.4]:8805 (../lib/pfcp/xact.c:298)
11/20 19:19:22.403: [upf] DEBUG: upf_pfcp_state_associated(): UPF_EVT_N4_MESSAGE (../src/upf/pfcp-sm.c:164)
11/20 19:19:22.403: [upf] DEBUG: Session Deletion Request (../src/upf/n4-handler.c:461)
11/20 19:19:22.403: [upf] DEBUG: Session Deletion Response (../src/upf/n4-build.c:121)
11/20 19:19:22.403: [pfcp] DEBUG: PFCP session deletion response (../lib/pfcp/build.c:942)
0000: 0001a800 01000000 032d2d3d 2d595547   .........--=-YUG
0010: 55716979 3167364e 596a4870 39667864   Uqiy1g6NYjHp9fxd
0020: 7252513d 3d0d0a43 6f6e7465 6e742d54   rRQ==..Content-T
0030: 7970653a 20617070 6c696361 74696f6e   ype: application
0040: 2f6a736f 6e0d0a0d 0a7b0a09 226e3153   /json....{.."n1S
0050: 6d4d7367 223a097b 0a090922 636f6e74   mMsg":.{..."cont
0060: 656e7449 64223a09 2235676e 61732d73   entId":."5gnas-s
0070: 6d220a09 7d2c0a09 226e3253 6d496e66   m"..},.."n2SmInf
0080: 6f223a09 7b0a0909 22636f6e 74656e74   o":.{..."content
0090: 4964223a 09226e67 61702d73 6d220a09   Id":."ngap-sm"..
00a0: 7d2c0a09 226e3253 6d496e66 6f547970   },.."n2SmInfoTyp
00b0: 65223a09 22504455 5f524553 5f52454c   e":."PDU_RES_REL
00c0: 5f434d44 220a7d0d 0a2d2d3d 2d595547   _CMD".}..--=-YUG
00d0: 55716979 3167364e 596a4870 39667864   Uqiy1g6NYjHp9fxd
00e0: 7252513d 3d0d0a43 6f6e7465 6e742d49   rRQ==..Content-I
00f0: 643a2035 676e6173 2d736d0d 0a436f6e   d: 5gnas-sm..Con
0100: 74656e74 2d547970 653a2061 70706c69   tent-Type: appli
0110: 63617469 6f6e2f76 6e642e33 6770702e   cation/vnd.3gpp.
0120: 35676e61 730d0a0d 0a2e0501 d3240d0a   5gnas........$..
0130: 2d2d3d2d 59554755 71697931 67364e59   --=-YUGUqiy1g6NY
0140: 6a487039 66786472 52513d3d 0d0a436f   jHp9fxdrRQ==..Co
0150: 6e74656e 742d4964 3a206e67 61702d73   ntent-Id: ngap-s
0160: 6d0d0a43 6f6e7465 6e742d54 7970653a   m..Content-Type:
0170: 20617070 6c696361 74696f6e 2f766e64    application/vnd
0180: 2e336770 702e6e67 61700d0a 0d0a100d   .3gpp.ngap......
0190: 0a2d2d3d 2d595547 55716979 3167364e   .--=-YUGUqiy1g6N
01a0: 596a4870 39667864 7252513d 3d2d2d0d   YjHp9fxdrRQ==--.
01b0: 0a                                    .
11/20 19:19:22.403: [amf] DEBUG: PDUSessionResourceReleaseCommand (../src/amf/ngap-build.c:1570)
11/20 19:19:22.403: [pfcp] DEBUG: [9] REMOTE UPD TX-55  peer [127.0.0.4]:8805 (../lib/pfcp/xact.c:197)
11/20 19:19:22.403: [amf] DEBUG:     RAN_UE_NGAP_ID[1] AMF_UE_NGAP_ID[1] (../src/amf/ngap-build.c:1607)
11/20 19:19:22.403: [pfcp] DEBUG: [9] REMOTE Commit  peer [127.0.0.4]:8805 (../lib/pfcp/xact.c:475)
11/20 19:19:22.403: [sbi] DEBUG: [204:POST] http://127.0.0.13:7777/npcf-smpolicycontrol/v1/sm-policies/2/delete (../lib/sbi/client.c:573)
11/20 19:19:22.403: [sbi] DEBUG: RECEIVED[0] (../lib/sbi/client.c:584)
11/20 19:19:22.403: [upf] INFO: [Removed] Number of UPF-sessions is now 1 (../src/upf/context.c:213)
11/20 19:19:22.403: [smf] DEBUG: smf_state_operational(): OGS_EVENT_NAME_SBI_CLIENT (../src/smf/smf-sm.c:83)
11/20 19:19:22.403: [amf] DEBUG:     IP[127.0.0.1] RAN_ID[16384] (../src/amf/ngap-path.c:71)
11/20 19:19:22.403: [smf] DEBUG: smf_gsm_state_operational(): OGS_EVENT_NAME_SBI_CLIENT (../src/smf/gsm-sm.c:755)
11/20 19:19:22.403: [smf] DEBUG: smf_gsm_state_operational(): EXIT (../src/smf/gsm-sm.c:755)
11/20 19:19:22.403: [smf] DEBUG: smf_gsm_state_wait_pfcp_deletion(): ENTRY (../src/smf/gsm-sm.c:1159)
11/20 19:19:22.403: [pfcp] DEBUG: [10] LOCAL  Create  peer [127.0.0.7]:8805 (../lib/pfcp/xact.c:116)
11/20 19:19:22.403: [smf] DEBUG: Session Deletion Request (../src/smf/n4-build.c:460)
11/20 19:19:22.403: [pfcp] DEBUG: [10] LOCAL  UPD TX-54  peer [127.0.0.7]:8805 (../lib/pfcp/xact.c:197)
11/20 19:19:22.403: [pfcp] DEBUG: [10] LOCAL  Commit  peer [127.0.0.7]:8805 (../lib/pfcp/xact.c:475)
11/20 19:19:22.403: [upf] DEBUG: upf_state_operational(): UPF_EVT_N4_MESSAGE (../src/upf/upf-sm.c:51)
11/20 19:19:22.403: [smf] DEBUG: smf_state_operational(): SMF_EVT_N4_MESSAGE (../src/smf/smf-sm.c:83)
11/20 19:19:22.403: [pfcp] DEBUG: [10] Cannot find xact type 54 from PFCP peer [127.0.0.4]:8805 (../lib/pfcp/xact.c:797)
11/20 19:19:22.403: [pfcp] DEBUG: [10] REMOTE Create  peer [127.0.0.4]:8805 (../lib/pfcp/xact.c:159)
11/20 19:19:22.403: [pfcp] DEBUG: [10] REMOTE Receive peer [127.0.0.4]:8805 (../lib/pfcp/xact.c:704)
11/20 19:19:22.403: [pfcp] DEBUG: [9] LOCAL  Find    peer [127.0.0.7]:8805 (../lib/pfcp/xact.c:790)
11/20 19:19:22.403: [pfcp] DEBUG: [10] REMOTE UPD RX-54  peer [127.0.0.4]:8805 (../lib/pfcp/xact.c:298)
11/20 19:19:22.403: [pfcp] DEBUG: [9] LOCAL  Receive peer [127.0.0.7]:8805 (../lib/pfcp/xact.c:704)
11/20 19:19:22.403: [upf] DEBUG: upf_pfcp_state_associated(): UPF_EVT_N4_MESSAGE (../src/upf/pfcp-sm.c:164)
11/20 19:19:22.403: [pfcp] DEBUG: [9] LOCAL  UPD RX-55  peer [127.0.0.7]:8805 (../lib/pfcp/xact.c:298)
11/20 19:19:22.403: [upf] DEBUG: Session Deletion Request (../src/upf/n4-handler.c:461)
11/20 19:19:22.403: [smf] DEBUG: smf_pfcp_state_associated(): SMF_EVT_N4_MESSAGE (../src/smf/pfcp-sm.c:165)
11/20 19:19:22.403: [upf] DEBUG: Session Deletion Response (../src/upf/n4-build.c:121)
11/20 19:19:22.403: [smf] DEBUG: smf_gsm_state_wait_pfcp_deletion(): SMF_EVT_N4_MESSAGE (../src/smf/gsm-sm.c:1159)
11/20 19:19:22.403: [pfcp] DEBUG: PFCP session deletion response (../lib/pfcp/build.c:942)
11/20 19:19:22.403: [pfcp] DEBUG: [9] LOCAL  Commit  peer [127.0.0.7]:8805 (../lib/pfcp/xact.c:475)
11/20 19:19:22.403: [pfcp] DEBUG: [9] LOCAL  Delete  peer [127.0.0.7]:8805 (../lib/pfcp/xact.c:813)
11/20 19:19:22.403: [pfcp] DEBUG: [10] REMOTE UPD TX-55  peer [127.0.0.4]:8805 (../lib/pfcp/xact.c:197)
11/20 19:19:22.403: [smf] DEBUG: Session Deletion Response [5gc] (../src/smf/n4-handler.c:660)
11/20 19:19:22.403: [pfcp] DEBUG: [10] REMOTE Commit  peer [127.0.0.4]:8805 (../lib/pfcp/xact.c:475)
11/20 19:19:22.403: [smf] DEBUG: PDUSessionResourceReleaseCommandTransfer (../src/smf/ngap-build.c:438)
11/20 19:19:22.403: [upf] INFO: [Removed] Number of UPF-sessions is now 0 (../src/upf/context.c:213)
11/20 19:19:22.403: [smf] DEBUG:     Group[3] Cause[0] (../src/smf/ngap-build.c:442)
11/20 19:19:22.403: [sbi] DEBUG: STATUS [200] (../lib/sbi/nghttp2-server.c:357)
11/20 19:19:22.403: [sbi] DEBUG: SENDING...: 424 (../lib/sbi/nghttp2-server.c:365)
11/20 19:19:22.403: [sbi] DEBUG: --=-Wc3LwpkcWlXtU7Na2UlgPQ==
Content-Type: application/json

{
	"n1SmMsg":	{
		"contentId":	"5gnas-sm"
	},
	"n2SmInfo":	{
		"contentId":	"ngap-sm"
	},
	"n2SmInfoType":	"PDU_RES_REL_CMD"
}
--=-Wc3LwpkcWlXtU7Na2UlgPQ==
Content-Id: 5gnas-sm
Content-Type: application/vnd.3gpp.5gnas

.Ó$
--=-Wc3LwpkcWlXtU7Na2UlgPQ==
Content-Id: ngap-sm
Content-Type: application/vnd.3gpp.ngap


--=-Wc3LwpkcWlXtU7Na2UlgPQ==--
 (../lib/sbi/nghttp2-server.c:366)
11/20 19:19:22.403: [sbi] DEBUG: STREAM closed [1] (../lib/sbi/nghttp2-server.c:852)
11/20 19:19:22.403: [smf] DEBUG: smf_gsm_state_wait_pfcp_deletion(): EXIT (../src/smf/gsm-sm.c:1159)
11/20 19:19:22.403: [smf] DEBUG: smf_gsm_state_wait_5gc_n1_n2_release(): ENTRY (../src/smf/gsm-sm.c:1412)
0000: 00000004 01000000 00                  .........
11/20 19:19:22.403: [smf] DEBUG: smf_state_operational(): SMF_EVT_N4_MESSAGE (../src/smf/smf-sm.c:83)
11/20 19:19:22.403: [pfcp] DEBUG: [10] LOCAL  Find    peer [127.0.0.7]:8805 (../lib/pfcp/xact.c:790)
11/20 19:19:22.403: [pfcp] DEBUG: [10] LOCAL  Receive peer [127.0.0.7]:8805 (../lib/pfcp/xact.c:704)
11/20 19:19:22.403: [pfcp] DEBUG: [10] LOCAL  UPD RX-55  peer [127.0.0.7]:8805 (../lib/pfcp/xact.c:298)
11/20 19:19:22.403: [smf] DEBUG: smf_pfcp_state_associated(): SMF_EVT_N4_MESSAGE (../src/smf/pfcp-sm.c:165)
11/20 19:19:22.403: [amf] DEBUG: amf_state_operational(): AMF_EVENT_NGAP_MESSAGE (../src/amf/amf-sm.c:78)
11/20 19:19:22.403: [smf] DEBUG: smf_gsm_state_wait_pfcp_deletion(): SMF_EVT_N4_MESSAGE (../src/smf/gsm-sm.c:1159)
11/20 19:19:22.403: [pfcp] DEBUG: [10] LOCAL  Commit  peer [127.0.0.7]:8805 (../lib/pfcp/xact.c:475)
11/20 19:19:22.403: [pfcp] DEBUG: [10] LOCAL  Delete  peer [127.0.0.7]:8805 (../lib/pfcp/xact.c:813)
11/20 19:19:22.403: [smf] DEBUG: Session Deletion Response [5gc] (../src/smf/n4-handler.c:660)
11/20 19:19:22.403: [smf] DEBUG: PDUSessionResourceReleaseCommandTransfer (../src/smf/ngap-build.c:438)
11/20 19:19:22.403: [amf] DEBUG: ngap_state_operational(): AMF_EVENT_NGAP_MESSAGE (../src/amf/ngap-sm.c:53)
11/20 19:19:22.403: [smf] DEBUG:     Group[3] Cause[0] (../src/smf/ngap-build.c:442)
11/20 19:19:22.403: [amf] DEBUG: PDUSessionResourceReleaseResponse (../src/amf/ngap-handler.c:1995)
11/20 19:19:22.403: [amf] DEBUG:     IP[127.0.0.1] RAN_ID[16384] (../src/amf/ngap-handler.c:2017)
11/20 19:19:22.403: [amf] DEBUG:     RAN_UE_NGAP_ID[1] AMF_UE_NGAP_ID[1] (../src/amf/ngap-handler.c:2049)
11/20 19:19:22.403: [sbi] DEBUG: STATUS [200] (../lib/sbi/nghttp2-server.c:357)
11/20 19:19:22.403: [sbi] DEBUG: SENDING...: 424 (../lib/sbi/nghttp2-server.c:365)
11/20 19:19:22.403: [sbi] DEBUG: --=-qIcTnsr54itZlqoyhNaiGA==
Content-Type: application/json

{
	"n1SmMsg":	{
		"contentId":	"5gnas-sm"
	},
	"n2SmInfo":	{
		"contentId":	"ngap-sm"
	},
	"n2SmInfoType":	"PDU_RES_REL_CMD"
}
--=-qIcTnsr54itZlqoyhNaiGA==
Content-Id: 5gnas-sm
Content-Type: application/vnd.3gpp.5gnas

.Ó$
--=-qIcTnsr54itZlqoyhNaiGA==
Content-Id: ngap-sm
Content-Type: application/vnd.3gpp.ngap


--=-qIcTnsr54itZlqoyhNaiGA==--
 (../lib/sbi/nghttp2-server.c:366)
11/20 19:19:22.403: [sbi] DEBUG: STREAM closed [1] (../lib/sbi/nghttp2-server.c:852)
11/20 19:19:22.403: [smf] DEBUG: smf_gsm_state_wait_pfcp_deletion(): EXIT (../src/smf/gsm-sm.c:1159)
11/20 19:19:22.403: [smf] DEBUG: smf_gsm_state_wait_5gc_n1_n2_release(): ENTRY (../src/smf/gsm-sm.c:1412)
11/20 19:19:22.403: [sbi] DEBUG: [POST] http://127.0.0.4:7777/nsmf-pdusession/v1/sm-contexts/1/modify (../lib/sbi/client.c:625)
11/20 19:19:22.403: [sbi] DEBUG: SENDING...[277] (../lib/sbi/client.c:401)
11/20 19:19:22.403: [sbi] DEBUG: --=-bfcLgFXZFiI6fQ3EXGPnMw==
Content-Type: application/json

{
	"n2SmInfo":	{
		"contentId":	"ngap-sm"
	},
	"n2SmInfoType":	"PDU_RES_REL_RSP"
}
--=-bfcLgFXZFiI6fQ3EXGPnMw==
Content-Id: ngap-sm
Content-Type: application/vnd.3gpp.ngap

 (../lib/sbi/client.c:403)
0000: 00005901 04000000 0188768b d5596a6f   ..Y.......v..Yjo
0010: 16e53b89 76d76f61 96d07abe 941054d2   ..;.v.oa..z...T.
0020: 7eea0802 128066e0 5fb82129 8b46ff0f   ~.....f._.!).F..
0030: 0d033432 345faba6 da126ac7 6258b0b4   ..424_....j.bX..
0040: 0d2593ed 48cf6d52 0ecf507f 302dc88c   .%..H.mR..P.0-..
0050: e7f15f52 72a3f13c 1dd23170 a26d7b20   .._Rr..<..1p.m{ 
0060: 83f9                                  ..
0000: 00000004 01000000 00                  .........
11/20 19:19:22.403: [amf] DEBUG: amf_state_operational(): AMF_EVENT_NGAP_MESSAGE (../src/amf/amf-sm.c:78)
11/20 19:19:22.403: [amf] DEBUG: ngap_state_operational(): AMF_EVENT_NGAP_MESSAGE (../src/amf/ngap-sm.c:53)
11/20 19:19:22.403: [amf] DEBUG: UplinkNASTransport (../src/amf/ngap-handler.c:546)
11/20 19:19:22.403: [amf] DEBUG:     IP[127.0.0.1] RAN_ID[16384] (../src/amf/ngap-handler.c:569)
11/20 19:19:22.403: [amf] DEBUG:     RAN_UE_NGAP_ID[1] AMF_UE_NGAP_ID[1] TAC[1] CellID[0x40001] (../src/amf/ngap-handler.c:650)
0000: 0001a800 01000000 012d2d3d 2d576333   .........--=-Wc3
0010: 4c77706b 63576c58 7455374e 6132556c   LwpkcWlXtU7Na2Ul
0020: 6750513d 3d0d0a43 6f6e7465 6e742d54   gPQ==..Content-T
0030: 7970653a 20617070 6c696361 74696f6e   ype: application
0040: 2f6a736f 6e0d0a0d 0a7b0a09 226e3153   /json....{.."n1S
0050: 6d4d7367 223a097b 0a090922 636f6e74   mMsg":.{..."cont
0060: 656e7449 64223a09 2235676e 61732d73   entId":."5gnas-s
0070: 6d220a09 7d2c0a09 226e3253 6d496e66   m"..},.."n2SmInf
0080: 6f223a09 7b0a0909 22636f6e 74656e74   o":.{..."content
0090: 4964223a 09226e67 61702d73 6d220a09   Id":."ngap-sm"..
00a0: 7d2c0a09 226e3253 6d496e66 6f547970   },.."n2SmInfoTyp
00b0: 65223a09 22504455 5f524553 5f52454c   e":."PDU_RES_REL
00c0: 5f434d44 220a7d0d 0a2d2d3d 2d576333   _CMD".}..--=-Wc3
00d0: 4c77706b 63576c58 7455374e 6132556c   LwpkcWlXtU7Na2Ul
00e0: 6750513d 3d0d0a43 6f6e7465 6e742d49   gPQ==..Content-I
00f0: 643a2035 676e6173 2d736d0d 0a436f6e   d: 5gnas-sm..Con
0100: 74656e74 2d547970 653a2061 70706c69   tent-Type: appli
0110: 63617469 6f6e2f76 6e642e33 6770702e   cation/vnd.3gpp.
0120: 35676e61 730d0a0d 0a2e0501 d3240d0a   5gnas........$..
0130: 2d2d3d2d 5763334c 77706b63 576c5874   --=-Wc3LwpkcWlXt
0140: 55374e61 32556c67 50513d3d 0d0a436f   U7Na2UlgPQ==..Co
0150: 6e74656e 742d4964 3a206e67 61702d73   ntent-Id: ngap-s
0160: 6d0d0a43 6f6e7465 6e742d54 7970653a   m..Content-Type:
0170: 20617070 6c696361 74696f6e 2f766e64    application/vnd
0180: 2e336770 702e6e67 61700d0a 0d0a100d   .3gpp.ngap......
0190: 0a2d2d3d 2d576333 4c77706b 63576c58   .--=-Wc3LwpkcWlX
01a0: 7455374e 6132556c 6750513d 3d2d2d0d   tU7Na2UlgPQ==--.
01b0: 0a                                    .
11/20 19:19:22.403: [amf] DEBUG: amf_state_operational(): AMF_EVENT_5GMM_MESSAGE (../src/amf/amf-sm.c:78)
11/20 19:19:22.403: [gmm] DEBUG: gmm_state_registered(): AMF_EVENT_5GMM_MESSAGE (../src/amf/gmm-sm.c:86)
0000: 00005901 04000000 0188768b d5596a6f   ..Y.......v..Yjo
0010: 16e53b89 76d76f61 96d07abe 941054d2   ..;.v.oa..z...T.
0020: 7eea0802 128066e0 5fb82129 8b46ff0f   ~.....f._.!).F..
0030: 0d033432 345faba6 da126ac7 6258b0b4   ..424_....j.bX..
0040: 0d2593ed 48cf6d52 0ecf507f 302ddb21   .%..H.mR..P.0-.!
0050: 37d48b1b 68c9fda3 b1fd4fa4 66c50c10   7...h.....O.f...
0060: 7f3f                                  .?
11/20 19:19:22.403: [sbi] DEBUG: [POST] http://127.0.0.4:7777/nsmf-pdusession/v1/sm-contexts/1/modify (../lib/sbi/client.c:625)
11/20 19:19:22.403: [sbi] DEBUG: SENDING...[573] (../lib/sbi/client.c:401)
11/20 19:19:22.403: [sbi] DEBUG: --=-rg2UlQLJD4QlAsUE4gqWzw==
Content-Type: application/json

{
	"ueLocation":	{
		"nrLocation":	{
			"tai":	{
				"plmnId":	{
					"mcc":	"999",
					"mnc":	"70"
				},
				"tac":	"000001"
			},
			"ncgi":	{
				"plmnId":	{
					"mcc":	"999",
					"mnc":	"70"
				},
				"nrCellId":	"000040001"
			},
			"ueLocationTimestamp":	"2022-11-21T03:19:22.333865Z"
		}
	},
	"ueTimeZone":	"-08:00",
	"n1SmMsg":	{
		"contentId":	"5gnas-sm"
	}
}
--=-rg2UlQLJD4QlAsUE4gqWzw==
Content-Id: 5gnas-sm
Content-Type: application/vnd.3gpp.5gnas

.Ô
--=-rg2UlQLJD4QlAsUE4gqWzw==--
 (../lib/sbi/client.c:403)
0000: 0001a800 01000000 012d2d3d 2d714963   .........--=-qIc
0010: 546e7372 35346974 5a6c716f 79684e61   Tnsr54itZlqoyhNa
0020: 6947413d 3d0d0a43 6f6e7465 6e742d54   iGA==..Content-T
0030: 7970653a 20617070 6c696361 74696f6e   ype: application
0040: 2f6a736f 6e0d0a0d 0a7b0a09 226e3153   /json....{.."n1S
0050: 6d4d7367 223a097b 0a090922 636f6e74   mMsg":.{..."cont
0060: 656e7449 64223a09 2235676e 61732d73   entId":."5gnas-s
0070: 6d220a09 7d2c0a09 226e3253 6d496e66   m"..},.."n2SmInf
0080: 6f223a09 7b0a0909 22636f6e 74656e74   o":.{..."content
0090: 4964223a 09226e67 61702d73 6d220a09   Id":."ngap-sm"..
00a0: 7d2c0a09 226e3253 6d496e66 6f547970   },.."n2SmInfoTyp
00b0: 65223a09 22504455 5f524553 5f52454c   e":."PDU_RES_REL
00c0: 5f434d44 220a7d0d 0a2d2d3d 2d714963   _CMD".}..--=-qIc
00d0: 546e7372 35346974 5a6c716f 79684e61   Tnsr54itZlqoyhNa
00e0: 6947413d 3d0d0a43 6f6e7465 6e742d49   iGA==..Content-I
00f0: 643a2035 676e6173 2d736d0d 0a436f6e   d: 5gnas-sm..Con
0100: 74656e74 2d547970 653a2061 70706c69   tent-Type: appli
0110: 63617469 6f6e2f76 6e642e33 6770702e   cation/vnd.3gpp.
0120: 35676e61 730d0a0d 0a2e0501 d3240d0a   5gnas........$..
0130: 2d2d3d2d 71496354 6e737235 3469745a   --=-qIcTnsr54itZ
0140: 6c716f79 684e6169 47413d3d 0d0a436f   lqoyhNaiGA==..Co
0150: 6e74656e 742d4964 3a206e67 61702d73   ntent-Id: ngap-s
0160: 6d0d0a43 6f6e7465 6e742d54 7970653a   m..Content-Type:
0170: 20617070 6c696361 74696f6e 2f766e64    application/vnd
0180: 2e336770 702e6e67 61700d0a 0d0a100d   .3gpp.ngap......
0190: 0a2d2d3d 2d714963 546e7372 35346974   .--=-qIcTnsr54it
01a0: 5a6c716f 79684e61 6947413d 3d2d2d0d   ZlqoyhNaiGA==--.
01b0: 0a                                    .
11/20 19:19:22.404: [sbi] DEBUG: STREAM added [7] (../lib/sbi/nghttp2-server.c:1122)
11/20 19:19:22.404: [sbi] DEBUG: [200:POST] http://127.0.0.4:7777/nsmf-pdusession/v1/sm-contexts/3/modify (../lib/sbi/client.c:573)
11/20 19:19:22.404: [sbi] DEBUG: RECEIVED[424] (../lib/sbi/client.c:584)
11/20 19:19:22.404: [sbi] DEBUG: [POST] /nsmf-pdusession/v1/sm-contexts/1/modify (../lib/sbi/nghttp2-server.c:801)
11/20 19:19:22.404: [sbi] DEBUG: RECEIVED: 277 (../lib/sbi/nghttp2-server.c:805)
11/20 19:19:22.404: [sbi] DEBUG: --=-Wc3LwpkcWlXtU7Na2UlgPQ==
Content-Type: application/json

{
	"n1SmMsg":	{
		"contentId":	"5gnas-sm"
	},
	"n2SmInfo":	{
		"contentId":	"ngap-sm"
	},
	"n2SmInfoType":	"PDU_RES_REL_CMD"
}
--=-Wc3LwpkcWlXtU7Na2UlgPQ==
Content-Id: 5gnas-sm
Content-Type: application/vnd.3gpp.5gnas

.Ó$
--=-Wc3LwpkcWlXtU7Na2UlgPQ==
Content-Id: ngap-sm
Content-Type: application/vnd.3gpp.ngap


--=-Wc3LwpkcWlXtU7Na2UlgPQ==--
 (../lib/sbi/client.c:586)
11/20 19:19:22.404: [sbi] DEBUG: --=-bfcLgFXZFiI6fQ3EXGPnMw==
Content-Type: application/json

{
	"n2SmInfo":	{
		"contentId":	"ngap-sm"
	},
	"n2SmInfoType":	"PDU_RES_REL_RSP"
}
--=-bfcLgFXZFiI6fQ3EXGPnMw==
Content-Id: ngap-sm
Content-Type: application/vnd.3gpp.ngap

 (../lib/sbi/nghttp2-server.c:806)
11/20 19:19:22.404: [smf] DEBUG: smf_state_operational(): OGS_EVENT_NAME_SBI_SERVER (../src/smf/smf-sm.c:83)
11/20 19:19:22.404: [sbi] DEBUG: [200:POST] http://127.0.0.4:7777/nsmf-pdusession/v1/sm-contexts/2/modify (../lib/sbi/client.c:573)
11/20 19:19:22.404: [smf] DEBUG: smf_gsm_state_wait_5gc_n1_n2_release(): OGS_EVENT_NAME_SBI_SERVER (../src/smf/gsm-sm.c:1412)
11/20 19:19:22.404: [sbi] DEBUG: RECEIVED[424] (../lib/sbi/client.c:584)
11/20 19:19:22.404: [sbi] DEBUG: --=-qIcTnsr54itZlqoyhNaiGA==
Content-Type: application/json

{
	"n1SmMsg":	{
		"contentId":	"5gnas-sm"
	},
	"n2SmInfo":	{
		"contentId":	"ngap-sm"
	},
	"n2SmInfoType":	"PDU_RES_REL_CMD"
}
--=-qIcTnsr54itZlqoyhNaiGA==
Content-Id: 5gnas-sm
Content-Type: application/vnd.3gpp.5gnas

.Ó$
--=-qIcTnsr54itZlqoyhNaiGA==
Content-Id: ngap-sm
Content-Type: application/vnd.3gpp.ngap


--=-qIcTnsr54itZlqoyhNaiGA==--
 (../lib/sbi/client.c:586)
11/20 19:19:22.404: [smf] DEBUG: smf_state_operational(): SMF_EVT_NGAP_MESSAGE (../src/smf/smf-sm.c:83)
11/20 19:19:22.404: [smf] DEBUG: smf_gsm_state_wait_5gc_n1_n2_release(): SMF_EVT_NGAP_MESSAGE (../src/smf/gsm-sm.c:1412)
11/20 19:19:22.404: [amf] DEBUG: amf_state_operational(): OGS_EVENT_NAME_SBI_CLIENT (../src/amf/amf-sm.c:78)
11/20 19:19:22.404: [sbi] DEBUG: STATUS [204] (../lib/sbi/nghttp2-server.c:357)
11/20 19:19:22.404: [sbi] DEBUG: STREAM closed [7] (../lib/sbi/nghttp2-server.c:852)
0000: 00000301 05000000 0789c0bf            ............
11/20 19:19:22.404: [amf] DEBUG: PDUSessionResourceReleaseCommand (../src/amf/ngap-build.c:1570)
11/20 19:19:22.404: [sbi] DEBUG: STREAM added [5] (../lib/sbi/nghttp2-server.c:1122)
11/20 19:19:22.404: [amf] DEBUG:     RAN_UE_NGAP_ID[1] AMF_UE_NGAP_ID[3] (../src/amf/ngap-build.c:1607)
11/20 19:19:22.404: [sbi] DEBUG: [POST] /nsmf-pdusession/v1/sm-contexts/1/modify (../lib/sbi/nghttp2-server.c:801)
11/20 19:19:22.404: [sbi] DEBUG: RECEIVED: 573 (../lib/sbi/nghttp2-server.c:805)
11/20 19:19:22.404: [amf] DEBUG:     IP[127.0.0.1] RAN_ID[16384] (../src/amf/ngap-path.c:71)
11/20 19:19:22.404: [sbi] DEBUG: --=-rg2UlQLJD4QlAsUE4gqWzw==
Content-Type: application/json

{
	"ueLocation":	{
		"nrLocation":	{
			"tai":	{
				"plmnId":	{
					"mcc":	"999",
					"mnc":	"70"
				},
				"tac":	"000001"
			},
			"ncgi":	{
				"plmnId":	{
					"mcc":	"999",
					"mnc":	"70"
				},
				"nrCellId":	"000040001"
			},
			"ueLocationTimestamp":	"2022-11-21T03:19:22.333865Z"
		}
	},
	"ueTimeZone":	"-08:00",
	"n1SmMsg":	{
		"contentId":	"5gnas-sm"
	}
}
--=-rg2UlQLJD4QlAsUE4gqWzw==
Content-Id: 5gnas-sm
Content-Type: application/vnd.3gpp.5gnas

.Ô
--=-rg2UlQLJD4QlAsUE4gqWzw==--
 (../lib/sbi/nghttp2-server.c:806)
11/20 19:19:22.404: [amf] DEBUG: amf_state_operational(): OGS_EVENT_NAME_SBI_CLIENT (../src/amf/amf-sm.c:78)
11/20 19:19:22.404: [smf] DEBUG: smf_state_operational(): OGS_EVENT_NAME_SBI_SERVER (../src/smf/smf-sm.c:83)
11/20 19:19:22.404: [smf] DEBUG: smf_gsm_state_wait_5gc_n1_n2_release(): OGS_EVENT_NAME_SBI_SERVER (../src/smf/gsm-sm.c:1412)
11/20 19:19:22.404: [smf] DEBUG:     TAI[PLMN_ID:99f907,TAC:1] (../src/smf/nsmf-handler.c:275)
11/20 19:19:22.404: [amf] DEBUG: PDUSessionResourceReleaseCommand (../src/amf/ngap-build.c:1570)
11/20 19:19:22.404: [smf] DEBUG:     NR_CGI[PLMN_ID:99f907,CELL_ID:0x40001] (../src/smf/nsmf-handler.c:278)
11/20 19:19:22.404: [amf] DEBUG:     RAN_UE_NGAP_ID[1] AMF_UE_NGAP_ID[2] (../src/amf/ngap-build.c:1607)
11/20 19:19:22.404: [smf] DEBUG: smf_state_operational(): SMF_EVT_5GSM_MESSAGE (../src/smf/smf-sm.c:83)
11/20 19:19:22.404: [smf] DEBUG: smf_gsm_state_wait_5gc_n1_n2_release(): SMF_EVT_5GSM_MESSAGE (../src/smf/gsm-sm.c:1412)
11/20 19:19:22.404: [sbi] DEBUG: STATUS [204] (../lib/sbi/nghttp2-server.c:357)
11/20 19:19:22.404: [sbi] DEBUG: STREAM closed [5] (../lib/sbi/nghttp2-server.c:852)
11/20 19:19:22.404: [amf] DEBUG:     IP[127.0.0.1] RAN_ID[16384] (../src/amf/ngap-path.c:71)
11/20 19:19:22.404: [sbi] DEBUG: [POST] http://127.0.0.5:7777/namf-callback/v1/imsi-999702000000010/sm-context-status/5 (../lib/sbi/client.c:625)
11/20 19:19:22.404: [sbi] DEBUG: SENDING...[54] (../lib/sbi/client.c:401)
11/20 19:19:22.404: [sbi] DEBUG: {
	"statusInfo":	{
		"resourceStatus":	"RELEASED"
	}
} (../lib/sbi/client.c:403)
11/20 19:19:22.404: [sbi] DEBUG: [204:POST] http://127.0.0.4:7777/nsmf-pdusession/v1/sm-contexts/1/modify (../lib/sbi/client.c:573)
11/20 19:19:22.404: [smf] DEBUG: smf_gsm_state_wait_5gc_n1_n2_release(): EXIT (../src/smf/gsm-sm.c:1412)
11/20 19:19:22.404: [sbi] DEBUG: RECEIVED[0] (../lib/sbi/client.c:584)
11/20 19:19:22.404: [smf] DEBUG: smf_gsm_state_session_will_release(): ENTRY (../src/smf/gsm-sm.c:1581)
11/20 19:19:22.404: [smf] INFO: Removed Session: UE IMSI:[imsi-999702000000010] DNN:[internet:5] IPv4:[10.45.0.2] IPv6:[2001:db8:cafe:1::2] (../src/smf/context.c:1711)
11/20 19:19:22.404: [smf] DEBUG: smf_gsm_state_session_will_release(): EXIT (../src/smf/gsm-sm.c:1581)
11/20 19:19:22.404: [sbi] DEBUG: ogs_sbi_client_remove() [127.0.0.5:7777] (../lib/sbi/client.c:153)
11/20 19:19:22.404: [sbi] DEBUG: [UNREF] 5 (../lib/sbi/client.c:157)
11/20 19:19:22.404: [sbi] DEBUG: ogs_sbi_nf_instance_remove() (../lib/sbi/context.c:870)
11/20 19:19:22.404: [amf] DEBUG: amf_state_operational(): OGS_EVENT_NAME_SBI_CLIENT (../src/amf/amf-sm.c:78)
11/20 19:19:22.404: [sbi] DEBUG: [UNREF] 4 (../lib/sbi/context.c:873)
11/20 19:19:22.404: [sbi] DEBUG: ogs_sbi_nf_instance_remove() (../lib/sbi/context.c:870)
11/20 19:19:22.404: [sbi] DEBUG: [UNREF] 4 (../lib/sbi/context.c:873)
11/20 19:19:22.404: [amf] DEBUG: [imsi-999702000000010:5] Receive Update SM context(N2-RELEASED) (../src/amf/nsmf-handler.c:542)
11/20 19:19:22.404: [sbi] DEBUG: ogs_sbi_nf_instance_remove() (../lib/sbi/context.c:870)
11/20 19:19:22.404: [sbi] DEBUG: [UNREF] 4 (../lib/sbi/context.c:873)
11/20 19:19:22.404: [sbi] DEBUG: ogs_sbi_nf_instance_remove() (../lib/sbi/context.c:870)
11/20 19:19:22.404: [sbi] DEBUG: [UNREF] 4 (../lib/sbi/context.c:873)
11/20 19:19:22.404: [amf] DEBUG: amf_state_operational(): AMF_EVENT_NGAP_MESSAGE (../src/amf/amf-sm.c:78)
11/20 19:19:22.404: [smf] INFO: [Removed] Number of SMF-Sessions is now 2 (../src/smf/context.c:3093)
11/20 19:19:22.404: [smf] INFO: [Removed] Number of SMF-UEs is now 2 (../src/smf/context.c:1069)
11/20 19:19:22.404: [amf] DEBUG: ngap_state_operational(): AMF_EVENT_NGAP_MESSAGE (../src/amf/ngap-sm.c:53)
11/20 19:19:22.404: [amf] DEBUG: UplinkNASTransport (../src/amf/ngap-handler.c:546)
0000: 00000301 05000000 0589c1c0            ............
11/20 19:19:22.404: [amf] DEBUG:     IP[127.0.0.1] RAN_ID[16384] (../src/amf/ngap-handler.c:569)
11/20 19:19:22.404: [amf] DEBUG:     RAN_UE_NGAP_ID[1] AMF_UE_NGAP_ID[1] TAC[1] CellID[0x40001] (../src/amf/ngap-handler.c:650)
11/20 19:19:22.404: [amf] DEBUG: amf_state_operational(): AMF_EVENT_5GMM_MESSAGE (../src/amf/amf-sm.c:78)
11/20 19:19:22.404: [gmm] DEBUG: gmm_state_registered(): AMF_EVENT_5GMM_MESSAGE (../src/amf/gmm-sm.c:86)
11/20 19:19:22.404: [gmm] INFO: [imsi-999702000000010] Deregistration request (../src/amf/gmm-sm.c:297)
11/20 19:19:22.404: [gmm] DEBUG:     OLD TSC[UE:0,AMF:0] KSI[UE:0,AMF:0] (../src/amf/gmm-handler.c:658)
11/20 19:19:22.404: [gmm] DEBUG:     NEW TSC[UE:0,AMF:0] KSI[UE:0,AMF:0] (../src/amf/gmm-handler.c:665)
11/20 19:19:22.404: [gmm] DEBUG:     Switch-Off (../src/amf/gmm-handler.c:668)
11/20 19:19:22.404: [gmm] INFO: [suci-0-999-70-0-0-0-2000000010]    SUCI (../src/amf/gmm-handler.c:670)
11/20 19:19:22.404: [gmm] DEBUG: gmm_state_registered(): EXIT (../src/amf/gmm-sm.c:86)
11/20 19:19:22.404: [gmm] DEBUG: gmm_state_de_registered(): ENTRY (../src/amf/gmm-sm.c:60)
11/20 19:19:22.404: [sbi] DEBUG: connection closed [127.0.0.1]:50426 (../lib/sbi/nghttp2-server.c:618)
11/20 19:19:22.404: [sbi] DEBUG: [204:POST] http://127.0.0.4:7777/nsmf-pdusession/v1/sm-contexts/1/modify (../lib/sbi/client.c:573)
11/20 19:19:22.404: [sbi] DEBUG: RECEIVED[0] (../lib/sbi/client.c:584)
11/20 19:19:22.404: [sbi] DEBUG: STREAM added [5] (../lib/sbi/nghttp2-server.c:1122)
11/20 19:19:22.404: [sbi] DEBUG: [POST] /namf-callback/v1/imsi-999702000000010/sm-context-status/5 (../lib/sbi/nghttp2-server.c:801)
11/20 19:19:22.404: [sbi] DEBUG: RECEIVED: 54 (../lib/sbi/nghttp2-server.c:805)
11/20 19:19:22.404: [sbi] DEBUG: {
	"statusInfo":	{
		"resourceStatus":	"RELEASED"
	}
} (../lib/sbi/nghttp2-server.c:806)
11/20 19:19:22.404: [amf] DEBUG: amf_state_operational(): AMF_EVENT_NGAP_MESSAGE (../src/amf/amf-sm.c:78)
11/20 19:19:22.404: [amf] DEBUG: ngap_state_operational(): AMF_EVENT_NGAP_MESSAGE (../src/amf/ngap-sm.c:53)
11/20 19:19:22.405: [amf] DEBUG: PDUSessionResourceReleaseResponse (../src/amf/ngap-handler.c:1995)
11/20 19:19:22.405: [amf] DEBUG:     IP[127.0.0.1] RAN_ID[16384] (../src/amf/ngap-handler.c:2017)
11/20 19:19:22.405: [amf] DEBUG:     RAN_UE_NGAP_ID[1] AMF_UE_NGAP_ID[3] (../src/amf/ngap-handler.c:2049)
11/20 19:19:22.405: [sbi] DEBUG: [POST] http://127.0.0.4:7777/nsmf-pdusession/v1/sm-contexts/3/modify (../lib/sbi/client.c:625)
11/20 19:19:22.405: [sbi] DEBUG: SENDING...[277] (../lib/sbi/client.c:401)
11/20 19:19:22.405: [sbi] DEBUG: --=-TcBYoUaLmabq5AMo+eQesA==
Content-Type: application/json

{
	"n2SmInfo":	{
		"contentId":	"ngap-sm"
	},
	"n2SmInfoType":	"PDU_RES_REL_RSP"
}
--=-TcBYoUaLmabq5AMo+eQesA==
Content-Id: ngap-sm
Content-Type: application/vnd.3gpp.ngap

 (../lib/sbi/client.c:403)
11/20 19:19:22.405: [amf] DEBUG: amf_state_operational(): OGS_EVENT_NAME_SBI_CLIENT (../src/amf/amf-sm.c:78)
11/20 19:19:22.405: [amf] DEBUG: [imsi-999702000000010:5] Receive Update SM context(N1-RELEASED) (../src/amf/nsmf-handler.c:554)
11/20 19:19:22.405: [amf] DEBUG: amf_state_operational(): OGS_EVENT_NAME_SBI_SERVER (../src/amf/amf-sm.c:78)
11/20 19:19:22.405: [amf] DEBUG: [imsi-999702000000010:5] SM context remove (../src/amf/namf-handler.c:497)
11/20 19:19:22.405: [sbi] DEBUG: ogs_sbi_nf_instance_remove() (../lib/sbi/context.c:870)
11/20 19:19:22.405: [sbi] DEBUG: [UNREF] 4 (../lib/sbi/context.c:873)
11/20 19:19:22.405: [sbi] DEBUG: ogs_sbi_nf_instance_remove() (../lib/sbi/context.c:870)
11/20 19:19:22.405: [sbi] DEBUG: [UNREF] 4 (../lib/sbi/context.c:873)
11/20 19:19:22.405: [sbi] DEBUG: ogs_sbi_nf_instance_remove() (../lib/sbi/context.c:870)
11/20 19:19:22.405: [sbi] DEBUG: [UNREF] 6 (../lib/sbi/context.c:873)
11/20 19:19:22.405: [sbi] DEBUG: ogs_sbi_client_remove() [127.0.0.10:7777] (../lib/sbi/client.c:153)
11/20 19:19:22.405: [sbi] DEBUG: [UNREF] 4 (../lib/sbi/client.c:157)
11/20 19:19:22.405: [amf] INFO: [Removed] Number of AMF-Sessions is now 2 (../src/amf/context.c:2260)
11/20 19:19:22.405: [sbi] DEBUG: [DELETE] http://127.0.0.13:7777/npcf-am-policy-control/v1/policies/1 (../lib/sbi/client.c:625)
11/20 19:19:22.405: [sbi] DEBUG: STATUS [204] (../lib/sbi/nghttp2-server.c:357)
11/20 19:19:22.405: [sbi] DEBUG: STREAM closed [5] (../lib/sbi/nghttp2-server.c:852)
0000: 00000301 05000000 0589c0bf            ............
11/20 19:19:22.405: [sbi] DEBUG: [204:POST] http://127.0.0.5:7777/namf-callback/v1/imsi-999702000000010/sm-context-status/5 (../lib/sbi/client.c:573)
11/20 19:19:22.405: [sbi] DEBUG: RECEIVED[0] (../lib/sbi/client.c:584)
11/20 19:19:22.405: [sbi] DEBUG: STREAM added [9] (../lib/sbi/nghttp2-server.c:1122)
11/20 19:19:22.405: [sbi] DEBUG: [POST] /nsmf-pdusession/v1/sm-contexts/3/modify (../lib/sbi/nghttp2-server.c:801)
11/20 19:19:22.405: [sbi] DEBUG: RECEIVED: 277 (../lib/sbi/nghttp2-server.c:805)
11/20 19:19:22.405: [amf] DEBUG: amf_state_operational(): AMF_EVENT_NGAP_MESSAGE (../src/amf/amf-sm.c:78)
11/20 19:19:22.405: [sbi] DEBUG: --=-TcBYoUaLmabq5AMo+eQesA==
Content-Type: application/json

{
	"n2SmInfo":	{
		"contentId":	"ngap-sm"
	},
	"n2SmInfoType":	"PDU_RES_REL_RSP"
}
--=-TcBYoUaLmabq5AMo+eQesA==
Content-Id: ngap-sm
Content-Type: application/vnd.3gpp.ngap

 (../lib/sbi/nghttp2-server.c:806)
11/20 19:19:22.405: [smf] DEBUG: smf_state_operational(): OGS_EVENT_NAME_SBI_SERVER (../src/smf/smf-sm.c:83)
11/20 19:19:22.405: [sbi] DEBUG: STREAM added [3] (../lib/sbi/nghttp2-server.c:1122)
11/20 19:19:22.405: [sbi] DEBUG: [DELETE] /npcf-am-policy-control/v1/policies/1 (../lib/sbi/nghttp2-server.c:801)
11/20 19:19:22.405: [amf] DEBUG: ngap_state_operational(): AMF_EVENT_NGAP_MESSAGE (../src/amf/ngap-sm.c:53)
11/20 19:19:22.405: [pcf] DEBUG: pcf_state_operational(): OGS_EVENT_NAME_SBI_SERVER (../src/pcf/pcf-sm.c:58)
11/20 19:19:22.405: [smf] DEBUG: smf_gsm_state_wait_5gc_n1_n2_release(): OGS_EVENT_NAME_SBI_SERVER (../src/smf/gsm-sm.c:1412)
11/20 19:19:22.405: [amf] DEBUG: UplinkNASTransport (../src/amf/ngap-handler.c:546)
11/20 19:19:22.405: [pcf] DEBUG: pcf_am_state_operational(): OGS_EVENT_NAME_SBI_SERVER (../src/pcf/am-sm.c:48)
11/20 19:19:22.405: [amf] DEBUG:     IP[127.0.0.1] RAN_ID[16384] (../src/amf/ngap-handler.c:569)
11/20 19:19:22.405: [smf] DEBUG: smf_state_operational(): SMF_EVT_NGAP_MESSAGE (../src/smf/smf-sm.c:83)
11/20 19:19:22.405: [sbi] DEBUG: STATUS [204] (../lib/sbi/nghttp2-server.c:357)
11/20 19:19:22.405: [amf] DEBUG:     RAN_UE_NGAP_ID[1] AMF_UE_NGAP_ID[3] TAC[1] CellID[0x40001] (../src/amf/ngap-handler.c:650)
11/20 19:19:22.405: [smf] DEBUG: smf_gsm_state_wait_5gc_n1_n2_release(): SMF_EVT_NGAP_MESSAGE (../src/smf/gsm-sm.c:1412)
11/20 19:19:22.405: [sbi] DEBUG: STREAM closed [3] (../lib/sbi/nghttp2-server.c:852)
11/20 19:19:22.405: [sbi] DEBUG: STATUS [204] (../lib/sbi/nghttp2-server.c:357)
11/20 19:19:22.405: [pcf] DEBUG: pcf_am_state_operational(): EXIT (../src/pcf/am-sm.c:48)
11/20 19:19:22.405: [sbi] DEBUG: STREAM closed [9] (../lib/sbi/nghttp2-server.c:852)
11/20 19:19:22.405: [pcf] DEBUG: pcf_am_state_deleted(): ENTRY (../src/pcf/am-sm.c:159)
11/20 19:19:22.405: [amf] DEBUG: amf_state_operational(): AMF_EVENT_NGAP_MESSAGE (../src/amf/amf-sm.c:78)
11/20 19:19:22.405: [pcf] DEBUG: [imsi-999702000000010] PCF-AM removed (../src/pcf/pcf-sm.c:169)
11/20 19:19:22.405: [pcf] DEBUG: pcf_am_state_deleted(): EXIT (../src/pcf/am-sm.c:159)
11/20 19:19:22.405: [sbi] DEBUG: ogs_sbi_nf_instance_remove() (../lib/sbi/context.c:870)
11/20 19:19:22.405: [sbi] DEBUG: [UNREF] 4 (../lib/sbi/context.c:873)
0000: 00000301 05000000 0989c0bf            ............
11/20 19:19:22.405: [sbi] DEBUG: ogs_sbi_client_remove() [127.0.0.5:7777] (../lib/sbi/client.c:153)
11/20 19:19:22.405: [sbi] DEBUG: [UNREF] 4 (../lib/sbi/client.c:157)
11/20 19:19:22.405: [amf] DEBUG: ngap_state_operational(): AMF_EVENT_NGAP_MESSAGE (../src/amf/ngap-sm.c:53)
0000: 00000301 05000000 0389c0bf            ............
11/20 19:19:22.405: [amf] DEBUG: PDUSessionResourceReleaseResponse (../src/amf/ngap-handler.c:1995)
11/20 19:19:22.405: [amf] DEBUG:     IP[127.0.0.1] RAN_ID[16384] (../src/amf/ngap-handler.c:2017)
11/20 19:19:22.405: [amf] DEBUG:     RAN_UE_NGAP_ID[1] AMF_UE_NGAP_ID[2] (../src/amf/ngap-handler.c:2049)
11/20 19:19:22.405: [sbi] DEBUG: [POST] http://127.0.0.4:7777/nsmf-pdusession/v1/sm-contexts/2/modify (../lib/sbi/client.c:625)
11/20 19:19:22.406: [sbi] DEBUG: SENDING...[277] (../lib/sbi/client.c:401)
11/20 19:19:22.406: [sbi] DEBUG: --=-EHB5oQf6DhH/2dxHIp0dTw==
Content-Type: application/json

{
	"n2SmInfo":	{
		"contentId":	"ngap-sm"
	},
	"n2SmInfoType":	"PDU_RES_REL_RSP"
}
--=-EHB5oQf6DhH/2dxHIp0dTw==
Content-Id: ngap-sm
Content-Type: application/vnd.3gpp.ngap

 (../lib/sbi/client.c:403)
11/20 19:19:22.406: [amf] DEBUG: amf_state_operational(): AMF_EVENT_5GMM_MESSAGE (../src/amf/amf-sm.c:78)
11/20 19:19:22.406: [gmm] DEBUG: gmm_state_registered(): AMF_EVENT_5GMM_MESSAGE (../src/amf/gmm-sm.c:86)
11/20 19:19:22.406: [sbi] DEBUG: [POST] http://127.0.0.4:7777/nsmf-pdusession/v1/sm-contexts/3/modify (../lib/sbi/client.c:625)
11/20 19:19:22.406: [sbi] DEBUG: SENDING...[573] (../lib/sbi/client.c:401)
11/20 19:19:22.406: [sbi] DEBUG: --=-dB+vrzyd6c70r348mqbIrw==
Content-Type: application/json

{
	"ueLocation":	{
		"nrLocation":	{
			"tai":	{
				"plmnId":	{
					"mcc":	"999",
					"mnc":	"70"
				},
				"tac":	"000001"
			},
			"ncgi":	{
				"plmnId":	{
					"mcc":	"999",
					"mnc":	"70"
				},
				"nrCellId":	"000040001"
			},
			"ueLocationTimestamp":	"2022-11-21T03:19:22.338857Z"
		}
	},
	"ueTimeZone":	"-08:00",
	"n1SmMsg":	{
		"contentId":	"5gnas-sm"
	}
}
--=-dB+vrzyd6c70r348mqbIrw==
Content-Id: 5gnas-sm
Content-Type: application/vnd.3gpp.5gnas

.Ô
--=-dB+vrzyd6c70r348mqbIrw==--
 (../lib/sbi/client.c:403)
11/20 19:19:22.406: [sbi] DEBUG: STREAM added [11] (../lib/sbi/nghttp2-server.c:1122)
11/20 19:19:22.406: [sbi] DEBUG: [204:POST] http://127.0.0.4:7777/nsmf-pdusession/v1/sm-contexts/3/modify (../lib/sbi/client.c:573)
11/20 19:19:22.406: [sbi] DEBUG: RECEIVED[0] (../lib/sbi/client.c:584)
11/20 19:19:22.406: [sbi] DEBUG: [POST] /nsmf-pdusession/v1/sm-contexts/2/modify (../lib/sbi/nghttp2-server.c:801)
11/20 19:19:22.406: [sbi] DEBUG: RECEIVED: 277 (../lib/sbi/nghttp2-server.c:805)
11/20 19:19:22.406: [sbi] DEBUG: [204:DELETE] http://127.0.0.13:7777/npcf-am-policy-control/v1/policies/1 (../lib/sbi/client.c:573)
11/20 19:19:22.406: [sbi] DEBUG: --=-EHB5oQf6DhH/2dxHIp0dTw==
Content-Type: application/json

{
	"n2SmInfo":	{
		"contentId":	"ngap-sm"
	},
	"n2SmInfoType":	"PDU_RES_REL_RSP"
}
--=-EHB5oQf6DhH/2dxHIp0dTw==
Content-Id: ngap-sm
Content-Type: application/vnd.3gpp.ngap

 (../lib/sbi/nghttp2-server.c:806)
11/20 19:19:22.406: [sbi] DEBUG: RECEIVED[0] (../lib/sbi/client.c:584)
11/20 19:19:22.406: [smf] DEBUG: smf_state_operational(): OGS_EVENT_NAME_SBI_SERVER (../src/smf/smf-sm.c:83)
11/20 19:19:22.406: [amf] DEBUG: amf_state_operational(): AMF_EVENT_NGAP_MESSAGE (../src/amf/amf-sm.c:78)
11/20 19:19:22.406: [amf] DEBUG: ngap_state_operational(): AMF_EVENT_NGAP_MESSAGE (../src/amf/ngap-sm.c:53)
11/20 19:19:22.406: [smf] DEBUG: smf_gsm_state_wait_5gc_n1_n2_release(): OGS_EVENT_NAME_SBI_SERVER (../src/smf/gsm-sm.c:1412)
11/20 19:19:22.406: [amf] DEBUG: UplinkNASTransport (../src/amf/ngap-handler.c:546)
11/20 19:19:22.406: [amf] DEBUG:     IP[127.0.0.1] RAN_ID[16384] (../src/amf/ngap-handler.c:569)
11/20 19:19:22.406: [smf] DEBUG: smf_state_operational(): SMF_EVT_NGAP_MESSAGE (../src/smf/smf-sm.c:83)
11/20 19:19:22.406: [amf] DEBUG:     RAN_UE_NGAP_ID[1] AMF_UE_NGAP_ID[3] TAC[1] CellID[0x40001] (../src/amf/ngap-handler.c:650)
11/20 19:19:22.406: [smf] DEBUG: smf_gsm_state_wait_5gc_n1_n2_release(): SMF_EVT_NGAP_MESSAGE (../src/smf/gsm-sm.c:1412)
11/20 19:19:22.406: [amf] DEBUG: amf_state_operational(): AMF_EVENT_NGAP_MESSAGE (../src/amf/amf-sm.c:78)
11/20 19:19:22.406: [sbi] DEBUG: STATUS [204] (../lib/sbi/nghttp2-server.c:357)
11/20 19:19:22.406: [sbi] DEBUG: STREAM closed [11] (../lib/sbi/nghttp2-server.c:852)
11/20 19:19:22.406: [amf] DEBUG: ngap_state_operational(): AMF_EVENT_NGAP_MESSAGE (../src/amf/ngap-sm.c:53)
11/20 19:19:22.406: [amf] DEBUG: UplinkNASTransport (../src/amf/ngap-handler.c:546)
11/20 19:19:22.406: [amf] DEBUG:     IP[127.0.0.1] RAN_ID[16384] (../src/amf/ngap-handler.c:569)
11/20 19:19:22.406: [amf] DEBUG:     RAN_UE_NGAP_ID[1] AMF_UE_NGAP_ID[2] TAC[1] CellID[0x40001] (../src/amf/ngap-handler.c:650)
11/20 19:19:22.406: [amf] DEBUG: amf_state_operational(): OGS_EVENT_NAME_SBI_CLIENT (../src/amf/amf-sm.c:78)
0000: 00000301 05000000 0b89c0bf            ............
11/20 19:19:22.406: [amf] DEBUG: [imsi-999700000000010:5] Receive Update SM context(N2-RELEASED) (../src/amf/nsmf-handler.c:542)
11/20 19:19:22.406: [sbi] DEBUG: STREAM added [7] (../lib/sbi/nghttp2-server.c:1122)
11/20 19:19:22.406: [amf] DEBUG: amf_state_operational(): OGS_EVENT_NAME_SBI_CLIENT (../src/amf/amf-sm.c:78)
11/20 19:19:22.406: [gmm] DEBUG: gmm_state_de_registered(): OGS_EVENT_NAME_SBI_CLIENT (../src/amf/gmm-sm.c:60)
11/20 19:19:22.406: [amf] DEBUG: [imsi-999702000000010] De-registration accept (../src/amf/nas-path.c:268)
11/20 19:19:22.406: [amf] DEBUG: UEContextReleaseCommand (../src/amf/ngap-path.c:322)
11/20 19:19:22.406: [amf] DEBUG:     RAN_UE_NGAP_ID[1] AMF_UE_NGAP_ID[1] (../src/amf/ngap-path.c:324)
11/20 19:19:22.406: [sbi] DEBUG: [POST] /nsmf-pdusession/v1/sm-contexts/3/modify (../lib/sbi/nghttp2-server.c:801)
11/20 19:19:22.406: [amf] DEBUG:     Group[3] Cause[2] Action[2] Duration[0] (../src/amf/ngap-path.c:330)
11/20 19:19:22.406: [sbi] DEBUG: RECEIVED: 573 (../lib/sbi/nghttp2-server.c:805)
11/20 19:19:22.406: [amf] DEBUG: UEContextReleaseCommand (../src/amf/ngap-build.c:1084)
11/20 19:19:22.406: [sbi] DEBUG: --=-dB+vrzyd6c70r348mqbIrw==
Content-Type: application/json

{
	"ueLocation":	{
		"nrLocation":	{
			"tai":	{
				"plmnId":	{
					"mcc":	"999",
					"mnc":	"70"
				},
				"tac":	"000001"
			},
			"ncgi":	{
				"plmnId":	{
					"mcc":	"999",
					"mnc":	"70"
				},
				"nrCellId":	"000040001"
			},
			"ueLocationTimestamp":	"2022-11-21T03:19:22.338857Z"
		}
	},
	"ueTimeZone":	"-08:00",
	"n1SmMsg":	{
		"contentId":	"5gnas-sm"
	}
}
--=-dB+vrzyd6c70r348mqbIrw==
Content-Id: 5gnas-sm
Content-Type: application/vnd.3gpp.5gnas

.Ô
--=-dB+vrzyd6c70r348mqbIrw==--
 (../lib/sbi/nghttp2-server.c:806)
11/20 19:19:22.406: [smf] DEBUG: smf_state_operational(): OGS_EVENT_NAME_SBI_SERVER (../src/smf/smf-sm.c:83)
11/20 19:19:22.406: [amf] DEBUG:     IP[127.0.0.1] RAN_ID[16384] (../src/amf/ngap-path.c:71)
11/20 19:19:22.406: [amf] DEBUG: amf_state_operational(): AMF_EVENT_5GMM_MESSAGE (../src/amf/amf-sm.c:78)
11/20 19:19:22.406: [gmm] DEBUG: gmm_state_registered(): AMF_EVENT_5GMM_MESSAGE (../src/amf/gmm-sm.c:86)
11/20 19:19:22.406: [gmm] INFO: [imsi-999700000000010] Deregistration request (../src/amf/gmm-sm.c:297)
11/20 19:19:22.406: [gmm] DEBUG:     OLD TSC[UE:0,AMF:0] KSI[UE:0,AMF:0] (../src/amf/gmm-handler.c:658)
11/20 19:19:22.406: [gmm] DEBUG:     NEW TSC[UE:0,AMF:0] KSI[UE:0,AMF:0] (../src/amf/gmm-handler.c:665)
11/20 19:19:22.406: [gmm] DEBUG:     Switch-Off (../src/amf/gmm-handler.c:668)
11/20 19:19:22.406: [gmm] INFO: [suci-0-999-70-0-0-0-0000000010]    SUCI (../src/amf/gmm-handler.c:670)
11/20 19:19:22.406: [smf] DEBUG: smf_gsm_state_wait_5gc_n1_n2_release(): OGS_EVENT_NAME_SBI_SERVER (../src/smf/gsm-sm.c:1412)
11/20 19:19:22.406: [gmm] DEBUG: gmm_state_registered(): EXIT (../src/amf/gmm-sm.c:86)
11/20 19:19:22.406: [gmm] DEBUG: gmm_state_de_registered(): ENTRY (../src/amf/gmm-sm.c:60)
11/20 19:19:22.406: [smf] DEBUG:     TAI[PLMN_ID:99f907,TAC:1] (../src/smf/nsmf-handler.c:275)
11/20 19:19:22.406: [amf] DEBUG: amf_state_operational(): AMF_EVENT_5GMM_MESSAGE (../src/amf/amf-sm.c:78)
11/20 19:19:22.406: [smf] DEBUG:     NR_CGI[PLMN_ID:99f907,CELL_ID:0x40001] (../src/smf/nsmf-handler.c:278)
11/20 19:19:22.406: [gmm] DEBUG: gmm_state_registered(): AMF_EVENT_5GMM_MESSAGE (../src/amf/gmm-sm.c:86)
11/20 19:19:22.406: [smf] DEBUG: smf_state_operational(): SMF_EVT_5GSM_MESSAGE (../src/smf/smf-sm.c:83)
11/20 19:19:22.406: [smf] DEBUG: smf_gsm_state_wait_5gc_n1_n2_release(): SMF_EVT_5GSM_MESSAGE (../src/smf/gsm-sm.c:1412)
11/20 19:19:22.406: [sbi] DEBUG: STATUS [204] (../lib/sbi/nghttp2-server.c:357)
11/20 19:19:22.406: [sbi] DEBUG: STREAM closed [7] (../lib/sbi/nghttp2-server.c:852)
11/20 19:19:22.406: [sbi] DEBUG: [POST] http://127.0.0.5:7777/namf-callback/v1/imsi-999700000000010/sm-context-status/5 (../lib/sbi/client.c:625)
11/20 19:19:22.406: [sbi] DEBUG: [POST] http://127.0.0.4:7777/nsmf-pdusession/v1/sm-contexts/2/modify (../lib/sbi/client.c:625)
11/20 19:19:22.406: [sbi] DEBUG: SENDING...[54] (../lib/sbi/client.c:401)
11/20 19:19:22.406: [sbi] DEBUG: SENDING...[573] (../lib/sbi/client.c:401)
11/20 19:19:22.406: [sbi] DEBUG: {
	"statusInfo":	{
		"resourceStatus":	"RELEASED"
	}
} (../lib/sbi/client.c:403)
11/20 19:19:22.406: [sbi] DEBUG: --=-XMy1rDpX9YFoy6p5k7pprQ==
Content-Type: application/json

{
	"ueLocation":	{
		"nrLocation":	{
			"tai":	{
				"plmnId":	{
					"mcc":	"999",
					"mnc":	"70"
				},
				"tac":	"000001"
			},
			"ncgi":	{
				"plmnId":	{
					"mcc":	"999",
					"mnc":	"70"
				},
				"nrCellId":	"000040001"
			},
			"ueLocationTimestamp":	"2022-11-21T03:19:22.334227Z"
		}
	},
	"ueTimeZone":	"-08:00",
	"n1SmMsg":	{
		"contentId":	"5gnas-sm"
	}
}
--=-XMy1rDpX9YFoy6p5k7pprQ==
Content-Id: 5gnas-sm
Content-Type: application/vnd.3gpp.5gnas

.Ô
--=-XMy1rDpX9YFoy6p5k7pprQ==--
 (../lib/sbi/client.c:403)
11/20 19:19:22.406: [smf] DEBUG: smf_gsm_state_wait_5gc_n1_n2_release(): EXIT (../src/smf/gsm-sm.c:1412)
11/20 19:19:22.406: [smf] DEBUG: smf_gsm_state_session_will_release(): ENTRY (../src/smf/gsm-sm.c:1581)
11/20 19:19:22.406: [smf] INFO: Removed Session: UE IMSI:[imsi-999700000000010] DNN:[internet:5] IPv4:[10.45.0.3] IPv6:[2001:db8:cafe:2::3] (../src/smf/context.c:1711)
11/20 19:19:22.406: [smf] DEBUG: smf_gsm_state_session_will_release(): EXIT (../src/smf/gsm-sm.c:1581)
11/20 19:19:22.406: [sbi] DEBUG: ogs_sbi_client_remove() [127.0.0.5:7777] (../lib/sbi/client.c:153)
11/20 19:19:22.406: [sbi] DEBUG: [UNREF] 4 (../lib/sbi/client.c:157)
11/20 19:19:22.406: [sbi] DEBUG: ogs_sbi_nf_instance_remove() (../lib/sbi/context.c:870)
11/20 19:19:22.406: [sbi] DEBUG: [UNREF] 3 (../lib/sbi/context.c:873)
11/20 19:19:22.406: [sbi] DEBUG: ogs_sbi_nf_instance_remove() (../lib/sbi/context.c:870)
11/20 19:19:22.406: [sbi] DEBUG: [UNREF] 3 (../lib/sbi/context.c:873)
11/20 19:19:22.406: [sbi] DEBUG: ogs_sbi_nf_instance_remove() (../lib/sbi/context.c:870)
11/20 19:19:22.406: [sbi] DEBUG: [UNREF] 3 (../lib/sbi/context.c:873)
11/20 19:19:22.406: [sbi] DEBUG: ogs_sbi_nf_instance_remove() (../lib/sbi/context.c:870)
11/20 19:19:22.406: [sbi] DEBUG: [UNREF] 3 (../lib/sbi/context.c:873)
11/20 19:19:22.406: [smf] INFO: [Removed] Number of SMF-Sessions is now 1 (../src/smf/context.c:3093)
11/20 19:19:22.406: [smf] INFO: [Removed] Number of SMF-UEs is now 1 (../src/smf/context.c:1069)
11/20 19:19:22.407: [sbi] DEBUG: STREAM added [13] (../lib/sbi/nghttp2-server.c:1122)
11/20 19:19:22.407: [sbi] DEBUG: [204:POST] http://127.0.0.4:7777/nsmf-pdusession/v1/sm-contexts/2/modify (../lib/sbi/client.c:573)
11/20 19:19:22.407: [sbi] DEBUG: RECEIVED[0] (../lib/sbi/client.c:584)
0000: 00000301 05000000 0789c1c0            ............
11/20 19:19:22.407: [amf] DEBUG: amf_state_operational(): AMF_EVENT_NGAP_MESSAGE (../src/amf/amf-sm.c:78)
11/20 19:19:22.407: [amf] DEBUG: ngap_state_operational(): AMF_EVENT_NGAP_MESSAGE (../src/amf/ngap-sm.c:53)
11/20 19:19:22.407: [amf] DEBUG: UplinkNASTransport (../src/amf/ngap-handler.c:546)
11/20 19:19:22.407: [amf] DEBUG:     IP[127.0.0.1] RAN_ID[16384] (../src/amf/ngap-handler.c:569)
11/20 19:19:22.407: [sbi] DEBUG: [POST] /nsmf-pdusession/v1/sm-contexts/2/modify (../lib/sbi/nghttp2-server.c:801)
11/20 19:19:22.407: [sbi] DEBUG: RECEIVED: 573 (../lib/sbi/nghttp2-server.c:805)
11/20 19:19:22.407: [amf] DEBUG:     RAN_UE_NGAP_ID[1] AMF_UE_NGAP_ID[2] TAC[1] CellID[0x40001] (../src/amf/ngap-handler.c:650)
11/20 19:19:22.407: [sbi] DEBUG: --=-XMy1rDpX9YFoy6p5k7pprQ==
Content-Type: application/json

{
	"ueLocation":	{
		"nrLocation":	{
			"tai":	{
				"plmnId":	{
					"mcc":	"999",
					"mnc":	"70"
				},
				"tac":	"000001"
			},
			"ncgi":	{
				"plmnId":	{
					"mcc":	"999",
					"mnc":	"70"
				},
				"nrCellId":	"000040001"
			},
			"ueLocationTimestamp":	"2022-11-21T03:19:22.334227Z"
		}
	},
	"ueTimeZone":	"-08:00",
	"n1SmMsg":	{
		"contentId":	"5gnas-sm"
	}
}
--=-XMy1rDpX9YFoy6p5k7pprQ==
Content-Id: 5gnas-sm
Content-Type: application/vnd.3gpp.5gnas

.Ô
--=-XMy1rDpX9YFoy6p5k7pprQ==--
 (../lib/sbi/nghttp2-server.c:806)
11/20 19:19:22.407: [amf] DEBUG: amf_state_operational(): OGS_EVENT_NAME_SBI_CLIENT (../src/amf/amf-sm.c:78)
11/20 19:19:22.407: [smf] DEBUG: smf_state_operational(): OGS_EVENT_NAME_SBI_SERVER (../src/smf/smf-sm.c:83)
11/20 19:19:22.407: [amf] DEBUG: [imsi-999701000000010:5] Receive Update SM context(N2-RELEASED) (../src/amf/nsmf-handler.c:542)
11/20 19:19:22.407: [amf] DEBUG: amf_state_operational(): AMF_EVENT_5GMM_MESSAGE (../src/amf/amf-sm.c:78)
11/20 19:19:22.407: [gmm] DEBUG: gmm_state_registered(): AMF_EVENT_5GMM_MESSAGE (../src/amf/gmm-sm.c:86)
11/20 19:19:22.407: [smf] DEBUG: smf_gsm_state_wait_5gc_n1_n2_release(): OGS_EVENT_NAME_SBI_SERVER (../src/smf/gsm-sm.c:1412)
11/20 19:19:22.407: [gmm] INFO: [imsi-999701000000010] Deregistration request (../src/amf/gmm-sm.c:297)
11/20 19:19:22.407: [smf] DEBUG:     TAI[PLMN_ID:99f907,TAC:1] (../src/smf/nsmf-handler.c:275)
11/20 19:19:22.407: [smf] DEBUG:     NR_CGI[PLMN_ID:99f907,CELL_ID:0x40001] (../src/smf/nsmf-handler.c:278)
11/20 19:19:22.407: [smf] DEBUG: smf_state_operational(): SMF_EVT_5GSM_MESSAGE (../src/smf/smf-sm.c:83)
11/20 19:19:22.407: [gmm] DEBUG:     OLD TSC[UE:0,AMF:0] KSI[UE:0,AMF:0] (../src/amf/gmm-handler.c:658)
11/20 19:19:22.407: [smf] DEBUG: smf_gsm_state_wait_5gc_n1_n2_release(): SMF_EVT_5GSM_MESSAGE (../src/smf/gsm-sm.c:1412)
11/20 19:19:22.407: [gmm] DEBUG:     NEW TSC[UE:0,AMF:0] KSI[UE:0,AMF:0] (../src/amf/gmm-handler.c:665)
11/20 19:19:22.407: [sbi] DEBUG: STATUS [204] (../lib/sbi/nghttp2-server.c:357)
11/20 19:19:22.407: [gmm] DEBUG:     Switch-Off (../src/amf/gmm-handler.c:668)
11/20 19:19:22.407: [sbi] DEBUG: STREAM closed [13] (../lib/sbi/nghttp2-server.c:852)
11/20 19:19:22.407: [gmm] INFO: [suci-0-999-70-0-0-0-1000000010]    SUCI (../src/amf/gmm-handler.c:670)
11/20 19:19:22.407: [gmm] DEBUG: gmm_state_registered(): EXIT (../src/amf/gmm-sm.c:86)
11/20 19:19:22.407: [sbi] DEBUG: [POST] http://127.0.0.5:7777/namf-callback/v1/imsi-999701000000010/sm-context-status/5 (../lib/sbi/client.c:625)
11/20 19:19:22.407: [gmm] DEBUG: gmm_state_de_registered(): ENTRY (../src/amf/gmm-sm.c:60)
11/20 19:19:22.407: [sbi] DEBUG: SENDING...[54] (../lib/sbi/client.c:401)
11/20 19:19:22.407: [sbi] DEBUG: {
	"statusInfo":	{
		"resourceStatus":	"RELEASED"
	}
} (../lib/sbi/client.c:403)
11/20 19:19:22.407: [smf] DEBUG: smf_gsm_state_wait_5gc_n1_n2_release(): EXIT (../src/smf/gsm-sm.c:1412)
11/20 19:19:22.407: [smf] DEBUG: smf_gsm_state_session_will_release(): ENTRY (../src/smf/gsm-sm.c:1581)
11/20 19:19:22.407: [smf] INFO: Removed Session: UE IMSI:[imsi-999701000000010] DNN:[internet:5] IPv4:[10.45.0.4] IPv6:[2001:db8:cafe:3::4] (../src/smf/context.c:1711)
11/20 19:19:22.407: [sbi] DEBUG: [204:POST] http://127.0.0.4:7777/nsmf-pdusession/v1/sm-contexts/3/modify (../lib/sbi/client.c:573)
11/20 19:19:22.407: [smf] DEBUG: smf_gsm_state_session_will_release(): EXIT (../src/smf/gsm-sm.c:1581)
11/20 19:19:22.407: [sbi] DEBUG: RECEIVED[0] (../lib/sbi/client.c:584)
11/20 19:19:22.407: [sbi] DEBUG: ogs_sbi_client_remove() [127.0.0.5:7777] (../lib/sbi/client.c:153)
11/20 19:19:22.407: [sbi] DEBUG: [UNREF] 3 (../lib/sbi/client.c:157)
11/20 19:19:22.407: [sbi] DEBUG: ogs_sbi_nf_instance_remove() (../lib/sbi/context.c:870)
11/20 19:19:22.407: [sbi] DEBUG: [UNREF] 2 (../lib/sbi/context.c:873)
11/20 19:19:22.407: [sbi] DEBUG: ogs_sbi_nf_instance_remove() (../lib/sbi/context.c:870)
11/20 19:19:22.407: [sbi] DEBUG: STREAM added [7] (../lib/sbi/nghttp2-server.c:1122)
11/20 19:19:22.407: [sbi] DEBUG: [UNREF] 2 (../lib/sbi/context.c:873)
11/20 19:19:22.407: [sbi] DEBUG: ogs_sbi_nf_instance_remove() (../lib/sbi/context.c:870)
11/20 19:19:22.407: [sbi] DEBUG: [UNREF] 2 (../lib/sbi/context.c:873)
11/20 19:19:22.407: [sbi] DEBUG: ogs_sbi_nf_instance_remove() (../lib/sbi/context.c:870)
11/20 19:19:22.407: [sbi] DEBUG: [POST] /namf-callback/v1/imsi-999700000000010/sm-context-status/5 (../lib/sbi/nghttp2-server.c:801)
11/20 19:19:22.407: [sbi] DEBUG: [UNREF] 2 (../lib/sbi/context.c:873)
11/20 19:19:22.407: [sbi] DEBUG: RECEIVED: 54 (../lib/sbi/nghttp2-server.c:805)
11/20 19:19:22.407: [sbi] DEBUG: {
	"statusInfo":	{
		"resourceStatus":	"RELEASED"
	}
} (../lib/sbi/nghttp2-server.c:806)
11/20 19:19:22.407: [smf] INFO: [Removed] Number of SMF-Sessions is now 0 (../src/smf/context.c:3093)
11/20 19:19:22.407: [amf] DEBUG: amf_state_operational(): OGS_EVENT_NAME_SBI_CLIENT (../src/amf/amf-sm.c:78)
11/20 19:19:22.407: [smf] INFO: [Removed] Number of SMF-UEs is now 0 (../src/smf/context.c:1069)
11/20 19:19:22.407: [amf] DEBUG: [imsi-999700000000010:5] Receive Update SM context(N1-RELEASED) (../src/amf/nsmf-handler.c:554)
11/20 19:19:22.407: [amf] DEBUG: amf_state_operational(): OGS_EVENT_NAME_SBI_SERVER (../src/amf/amf-sm.c:78)
0000: 00000301 05000000 0d89c0bf            ............
11/20 19:19:22.407: [amf] DEBUG: [imsi-999700000000010:5] SM context remove (../src/amf/namf-handler.c:497)
11/20 19:19:22.407: [sbi] DEBUG: ogs_sbi_nf_instance_remove() (../lib/sbi/context.c:870)
11/20 19:19:22.407: [sbi] DEBUG: [UNREF] 3 (../lib/sbi/context.c:873)
11/20 19:19:22.407: [sbi] DEBUG: ogs_sbi_nf_instance_remove() (../lib/sbi/context.c:870)
11/20 19:19:22.407: [sbi] DEBUG: [UNREF] 3 (../lib/sbi/context.c:873)
11/20 19:19:22.407: [sbi] DEBUG: ogs_sbi_nf_instance_remove() (../lib/sbi/context.c:870)
11/20 19:19:22.407: [sbi] DEBUG: [UNREF] 5 (../lib/sbi/context.c:873)
11/20 19:19:22.407: [sbi] DEBUG: ogs_sbi_client_remove() [127.0.0.10:7777] (../lib/sbi/client.c:153)
11/20 19:19:22.407: [sbi] DEBUG: [UNREF] 3 (../lib/sbi/client.c:157)
11/20 19:19:22.407: [amf] INFO: [Removed] Number of AMF-Sessions is now 1 (../src/amf/context.c:2260)
11/20 19:19:22.407: [sbi] DEBUG: [DELETE] http://127.0.0.13:7777/npcf-am-policy-control/v1/policies/3 (../lib/sbi/client.c:625)
11/20 19:19:22.407: [sbi] DEBUG: STATUS [204] (../lib/sbi/nghttp2-server.c:357)
11/20 19:19:22.407: [sbi] DEBUG: STREAM closed [7] (../lib/sbi/nghttp2-server.c:852)
0000: 00000301 05000000 0789c0bf            ............
11/20 19:19:22.407: [sbi] DEBUG: [204:POST] http://127.0.0.4:7777/nsmf-pdusession/v1/sm-contexts/2/modify (../lib/sbi/client.c:573)
11/20 19:19:22.407: [sbi] DEBUG: [204:POST] http://127.0.0.5:7777/namf-callback/v1/imsi-999700000000010/sm-context-status/5 (../lib/sbi/client.c:573)
11/20 19:19:22.407: [sbi] DEBUG: RECEIVED[0] (../lib/sbi/client.c:584)
11/20 19:19:22.407: [sbi] DEBUG: RECEIVED[0] (../lib/sbi/client.c:584)
11/20 19:19:22.407: [sbi] DEBUG: STREAM added [3] (../lib/sbi/nghttp2-server.c:1122)
11/20 19:19:22.407: [sbi] DEBUG: [POST] /namf-callback/v1/imsi-999701000000010/sm-context-status/5 (../lib/sbi/nghttp2-server.c:801)
11/20 19:19:22.407: [sbi] DEBUG: RECEIVED: 54 (../lib/sbi/nghttp2-server.c:805)
11/20 19:19:22.407: [sbi] DEBUG: {
	"statusInfo":	{
		"resourceStatus":	"RELEASED"
	}
} (../lib/sbi/nghttp2-server.c:806)
11/20 19:19:22.407: [amf] DEBUG: amf_state_operational(): AMF_EVENT_NGAP_MESSAGE (../src/amf/amf-sm.c:78)
11/20 19:19:22.407: [amf] DEBUG: ngap_state_operational(): AMF_EVENT_NGAP_MESSAGE (../src/amf/ngap-sm.c:53)
11/20 19:19:22.407: [sbi] DEBUG: STREAM added [5] (../lib/sbi/nghttp2-server.c:1122)
11/20 19:19:22.407: [amf] DEBUG: UEContextReleaseComplete (../src/amf/ngap-handler.c:1348)
11/20 19:19:22.407: [amf] DEBUG:     IP[127.0.0.1] RAN_ID[16384] (../src/amf/ngap-handler.c:1365)
11/20 19:19:22.407: [amf] INFO: UE Context Release [Action:2] (../src/amf/ngap-handler.c:1412)
11/20 19:19:22.407: [amf] INFO:     RAN_UE_NGAP_ID[1] AMF_UE_NGAP_ID[1] (../src/amf/ngap-handler.c:1414)
11/20 19:19:22.407: [amf] INFO:     SUCI[suci-0-999-70-0-0-0-2000000010] (../src/amf/ngap-handler.c:1416)
11/20 19:19:22.407: [sbi] DEBUG: [DELETE] /npcf-am-policy-control/v1/policies/3 (../lib/sbi/nghttp2-server.c:801)
11/20 19:19:22.407: [amf] DEBUG:     Action: NG normal release (../src/amf/ngap-handler.c:1435)
11/20 19:19:22.407: [amf] INFO: [Removed] Number of gNB-UEs is now 2 (../src/amf/context.c:2246)
11/20 19:19:22.407: [pcf] DEBUG: pcf_state_operational(): OGS_EVENT_NAME_SBI_SERVER (../src/pcf/pcf-sm.c:58)
11/20 19:19:22.407: [amf] DEBUG: amf_state_operational(): OGS_EVENT_NAME_SBI_CLIENT (../src/amf/amf-sm.c:78)
11/20 19:19:22.407: [pcf] DEBUG: pcf_am_state_operational(): OGS_EVENT_NAME_SBI_SERVER (../src/pcf/am-sm.c:48)
11/20 19:19:22.407: [amf] DEBUG: [imsi-999701000000010:5] Receive Update SM context(N1-RELEASED) (../src/amf/nsmf-handler.c:554)
11/20 19:19:22.407: [sbi] DEBUG: STATUS [204] (../lib/sbi/nghttp2-server.c:357)
11/20 19:19:22.407: [sbi] DEBUG: STREAM closed [5] (../lib/sbi/nghttp2-server.c:852)
11/20 19:19:22.407: [amf] DEBUG: amf_state_operational(): OGS_EVENT_NAME_SBI_SERVER (../src/amf/amf-sm.c:78)
11/20 19:19:22.407: [pcf] DEBUG: pcf_am_state_operational(): EXIT (../src/pcf/am-sm.c:48)
11/20 19:19:22.407: [pcf] DEBUG: pcf_am_state_deleted(): ENTRY (../src/pcf/am-sm.c:159)
11/20 19:19:22.407: [pcf] DEBUG: [imsi-999700000000010] PCF-AM removed (../src/pcf/pcf-sm.c:169)
11/20 19:19:22.407: [amf] DEBUG: [imsi-999701000000010:5] SM context remove (../src/amf/namf-handler.c:497)
11/20 19:19:22.408: [pcf] DEBUG: pcf_am_state_deleted(): EXIT (../src/pcf/am-sm.c:159)
11/20 19:19:22.408: [sbi] DEBUG: ogs_sbi_nf_instance_remove() (../lib/sbi/context.c:870)
11/20 19:19:22.408: [sbi] DEBUG: [UNREF] 2 (../lib/sbi/context.c:873)
11/20 19:19:22.408: [sbi] DEBUG: ogs_sbi_nf_instance_remove() (../lib/sbi/context.c:870)
11/20 19:19:22.408: [sbi] DEBUG: ogs_sbi_nf_instance_remove() (../lib/sbi/context.c:870)
11/20 19:19:22.408: [sbi] DEBUG: [UNREF] 3 (../lib/sbi/context.c:873)
11/20 19:19:22.408: [sbi] DEBUG: [UNREF] 2 (../lib/sbi/context.c:873)
11/20 19:19:22.408: [sbi] DEBUG: ogs_sbi_client_remove() [127.0.0.5:7777] (../lib/sbi/client.c:153)
11/20 19:19:22.408: [sbi] DEBUG: ogs_sbi_nf_instance_remove() (../lib/sbi/context.c:870)
11/20 19:19:22.408: [sbi] DEBUG: [UNREF] 3 (../lib/sbi/client.c:157)
11/20 19:19:22.408: [sbi] DEBUG: [UNREF] 4 (../lib/sbi/context.c:873)
11/20 19:19:22.408: [sbi] DEBUG: ogs_sbi_client_remove() [127.0.0.10:7777] (../lib/sbi/client.c:153)
11/20 19:19:22.408: [sbi] DEBUG: [UNREF] 2 (../lib/sbi/client.c:157)
11/20 19:19:22.408: [amf] INFO: [Removed] Number of AMF-Sessions is now 0 (../src/amf/context.c:2260)
0000: 00000301 05000000 0589c0bf            ............
11/20 19:19:22.408: [sbi] DEBUG: [DELETE] http://127.0.0.13:7777/npcf-am-policy-control/v1/policies/2 (../lib/sbi/client.c:625)
11/20 19:19:22.408: [sbi] DEBUG: STATUS [204] (../lib/sbi/nghttp2-server.c:357)
11/20 19:19:22.408: [sbi] DEBUG: STREAM closed [3] (../lib/sbi/nghttp2-server.c:852)
0000: 00000301 05000000 0389c0bf            ............
11/20 19:19:22.408: [sbi] DEBUG: [204:POST] http://127.0.0.5:7777/namf-callback/v1/imsi-999701000000010/sm-context-status/5 (../lib/sbi/client.c:573)
11/20 19:19:22.408: [sbi] DEBUG: RECEIVED[0] (../lib/sbi/client.c:584)
11/20 19:19:22.408: [sbi] DEBUG: [204:DELETE] http://127.0.0.13:7777/npcf-am-policy-control/v1/policies/3 (../lib/sbi/client.c:573)
11/20 19:19:22.408: [sbi] DEBUG: RECEIVED[0] (../lib/sbi/client.c:584)
11/20 19:19:22.408: [sbi] DEBUG: STREAM added [7] (../lib/sbi/nghttp2-server.c:1122)
11/20 19:19:22.408: [amf] DEBUG: amf_state_operational(): OGS_EVENT_NAME_SBI_CLIENT (../src/amf/amf-sm.c:78)
11/20 19:19:22.408: [sbi] DEBUG: [DELETE] /npcf-am-policy-control/v1/policies/2 (../lib/sbi/nghttp2-server.c:801)
11/20 19:19:22.408: [pcf] DEBUG: pcf_state_operational(): OGS_EVENT_NAME_SBI_SERVER (../src/pcf/pcf-sm.c:58)
11/20 19:19:22.408: [gmm] DEBUG: gmm_state_de_registered(): OGS_EVENT_NAME_SBI_CLIENT (../src/amf/gmm-sm.c:60)
11/20 19:19:22.408: [amf] DEBUG: [imsi-999700000000010] De-registration accept (../src/amf/nas-path.c:268)
11/20 19:19:22.408: [amf] DEBUG: UEContextReleaseCommand (../src/amf/ngap-path.c:322)
11/20 19:19:22.408: [pcf] DEBUG: pcf_am_state_operational(): OGS_EVENT_NAME_SBI_SERVER (../src/pcf/am-sm.c:48)
11/20 19:19:22.408: [amf] DEBUG:     RAN_UE_NGAP_ID[1] AMF_UE_NGAP_ID[3] (../src/amf/ngap-path.c:324)
11/20 19:19:22.408: [sbi] DEBUG: STATUS [204] (../lib/sbi/nghttp2-server.c:357)
11/20 19:19:22.408: [amf] DEBUG:     Group[3] Cause[2] Action[2] Duration[0] (../src/amf/ngap-path.c:330)
11/20 19:19:22.408: [sbi] DEBUG: STREAM closed [7] (../lib/sbi/nghttp2-server.c:852)
11/20 19:19:22.408: [amf] DEBUG: UEContextReleaseCommand (../src/amf/ngap-build.c:1084)
11/20 19:19:22.408: [pcf] DEBUG: pcf_am_state_operational(): EXIT (../src/pcf/am-sm.c:48)
11/20 19:19:22.408: [pcf] DEBUG: pcf_am_state_deleted(): ENTRY (../src/pcf/am-sm.c:159)
11/20 19:19:22.408: [amf] DEBUG:     IP[127.0.0.1] RAN_ID[16384] (../src/amf/ngap-path.c:71)
11/20 19:19:22.408: [pcf] DEBUG: [imsi-999701000000010] PCF-AM removed (../src/pcf/pcf-sm.c:169)
11/20 19:19:22.408: [pcf] DEBUG: pcf_am_state_deleted(): EXIT (../src/pcf/am-sm.c:159)
11/20 19:19:22.408: [sbi] DEBUG: ogs_sbi_nf_instance_remove() (../lib/sbi/context.c:870)
11/20 19:19:22.408: [sbi] DEBUG: [UNREF] 2 (../lib/sbi/context.c:873)
11/20 19:19:22.408: [sbi] DEBUG: ogs_sbi_client_remove() [127.0.0.5:7777] (../lib/sbi/client.c:153)
11/20 19:19:22.408: [sbi] DEBUG: [UNREF] 2 (../lib/sbi/client.c:157)
0000: 00000301 05000000 0789c0bf            ............
11/20 19:19:22.408: [sbi] DEBUG: [204:DELETE] http://127.0.0.13:7777/npcf-am-policy-control/v1/policies/2 (../lib/sbi/client.c:573)
11/20 19:19:22.408: [sbi] DEBUG: RECEIVED[0] (../lib/sbi/client.c:584)
11/20 19:19:22.408: [amf] DEBUG: amf_state_operational(): OGS_EVENT_NAME_SBI_CLIENT (../src/amf/amf-sm.c:78)
11/20 19:19:22.408: [gmm] DEBUG: gmm_state_de_registered(): OGS_EVENT_NAME_SBI_CLIENT (../src/amf/gmm-sm.c:60)
11/20 19:19:22.408: [amf] DEBUG: [imsi-999701000000010] De-registration accept (../src/amf/nas-path.c:268)
11/20 19:19:22.408: [amf] DEBUG: UEContextReleaseCommand (../src/amf/ngap-path.c:322)
11/20 19:19:22.408: [amf] DEBUG:     RAN_UE_NGAP_ID[1] AMF_UE_NGAP_ID[2] (../src/amf/ngap-path.c:324)
11/20 19:19:22.408: [amf] DEBUG:     Group[3] Cause[2] Action[2] Duration[0] (../src/amf/ngap-path.c:330)
11/20 19:19:22.408: [amf] DEBUG: UEContextReleaseCommand (../src/amf/ngap-build.c:1084)
11/20 19:19:22.408: [amf] DEBUG:     IP[127.0.0.1] RAN_ID[16384] (../src/amf/ngap-path.c:71)
11/20 19:19:22.408: [amf] DEBUG: amf_state_operational(): AMF_EVENT_NGAP_MESSAGE (../src/amf/amf-sm.c:78)
11/20 19:19:22.408: [amf] DEBUG: ngap_state_operational(): AMF_EVENT_NGAP_MESSAGE (../src/amf/ngap-sm.c:53)
11/20 19:19:22.408: [amf] DEBUG: UEContextReleaseComplete (../src/amf/ngap-handler.c:1348)
11/20 19:19:22.408: [amf] DEBUG:     IP[127.0.0.1] RAN_ID[16384] (../src/amf/ngap-handler.c:1365)
11/20 19:19:22.408: [amf] INFO: UE Context Release [Action:2] (../src/amf/ngap-handler.c:1412)
11/20 19:19:22.408: [amf] INFO:     RAN_UE_NGAP_ID[1] AMF_UE_NGAP_ID[3] (../src/amf/ngap-handler.c:1414)
11/20 19:19:22.408: [amf] INFO:     SUCI[suci-0-999-70-0-0-0-0000000010] (../src/amf/ngap-handler.c:1416)
11/20 19:19:22.408: [amf] DEBUG:     Action: NG normal release (../src/amf/ngap-handler.c:1435)
11/20 19:19:22.408: [amf] INFO: [Removed] Number of gNB-UEs is now 1 (../src/amf/context.c:2246)
11/20 19:19:22.408: [amf] DEBUG: amf_state_operational(): AMF_EVENT_NGAP_MESSAGE (../src/amf/amf-sm.c:78)
11/20 19:19:22.408: [amf] DEBUG: ngap_state_operational(): AMF_EVENT_NGAP_MESSAGE (../src/amf/ngap-sm.c:53)
11/20 19:19:22.408: [amf] DEBUG: UEContextReleaseComplete (../src/amf/ngap-handler.c:1348)
11/20 19:19:22.408: [amf] DEBUG:     IP[127.0.0.1] RAN_ID[16384] (../src/amf/ngap-handler.c:1365)
11/20 19:19:22.408: [amf] INFO: UE Context Release [Action:2] (../src/amf/ngap-handler.c:1412)
11/20 19:19:22.408: [amf] INFO:     RAN_UE_NGAP_ID[1] AMF_UE_NGAP_ID[2] (../src/amf/ngap-handler.c:1414)
11/20 19:19:22.408: [amf] INFO:     SUCI[suci-0-999-70-0-0-0-1000000010] (../src/amf/ngap-handler.c:1416)
11/20 19:19:22.408: [amf] DEBUG:     Action: NG normal release (../src/amf/ngap-handler.c:1435)
11/20 19:19:22.408: [amf] INFO: [Removed] Number of gNB-UEs is now 0 (../src/amf/context.c:2246)
11/20 19:19:22.708: [amf] DEBUG: SCTP_SHUTDOWN_EVENT:[T:32773, F:0x0, L:12] (../src/amf/ngap-sctp.c:191)
11/20 19:19:22.708: [amf] DEBUG: amf_state_operational(): AMF_EVENT_NGAP_LO_CONNREFUSED (../src/amf/amf-sm.c:78)
11/20 19:19:22.708: [amf] INFO: gNB-N2[127.0.0.1] connection refused!!! (../src/amf/amf-sm.c:716)
11/20 19:19:22.708: [amf] DEBUG: ngap_state_operational(): EXIT (../src/amf/ngap-sm.c:53)
11/20 19:19:22.708: [amf] DEBUG: ngap_state_final(): EXIT (../src/amf/ngap-sm.c:37)
11/20 19:19:22.708: [amf] INFO: [Removed] Number of gNBs is now 2 (../src/amf/context.c:1001)
11/20 19:19:22.708: [thread] DEBUG: [0x56470442d1a0] worker done (../lib/core/ogs-thread.c:72)
11/20 19:19:22.709: [thread] DEBUG: [0x56470442cf90] worker done (../lib/core/ogs-thread.c:72)
11/20 19:19:22.709: [amf] DEBUG: SCTP_SHUTDOWN_EVENT:[T:32773, F:0x0, L:12] (../src/amf/ngap-sctp.c:191)
11/20 19:19:22.709: [amf] DEBUG: amf_state_operational(): AMF_EVENT_NGAP_LO_CONNREFUSED (../src/amf/amf-sm.c:78)
11/20 19:19:22.709: [amf] INFO: gNB-N2[127.0.0.1] connection refused!!! (../src/amf/amf-sm.c:716)
11/20 19:19:22.709: [amf] DEBUG: ngap_state_operational(): EXIT (../src/amf/ngap-sm.c:53)
11/20 19:19:22.709: [amf] DEBUG: ngap_state_final(): EXIT (../src/amf/ngap-sm.c:37)
11/20 19:19:22.709: [amf] INFO: [Removed] Number of gNBs is now 1 (../src/amf/context.c:1001)
11/20 19:19:22.709: [amf] DEBUG: SCTP_SHUTDOWN_EVENT:[T:32773, F:0x0, L:12] (../src/amf/ngap-sctp.c:191)
11/20 19:19:22.709: [amf] DEBUG: amf_state_operational(): AMF_EVENT_NGAP_LO_CONNREFUSED (../src/amf/amf-sm.c:78)
11/20 19:19:22.709: [amf] INFO: gNB-N2[127.0.0.1] connection refused!!! (../src/amf/amf-sm.c:716)
11/20 19:19:22.709: [amf] DEBUG: ngap_state_operational(): EXIT (../src/amf/ngap-sm.c:53)
11/20 19:19:22.709: [amf] DEBUG: ngap_state_final(): EXIT (../src/amf/ngap-sm.c:37)
11/20 19:19:22.709: [amf] INFO: [Removed] Number of gNBs is now 0 (../src/amf/context.c:1001)
11/20 19:19:22.709: [thread] DEBUG: [0x56470442cd80] worker done (../lib/core/ogs-thread.c:72)
11/20 19:19:22.709: [thread] DEBUG: [0x56470442cd80] thread running(0) (../lib/core/ogs-thread.c:111)
11/20 19:19:22.709: [thread] DEBUG: [0x56470442cd80] thread destroy (../lib/core/ogs-thread.c:123)
11/20 19:19:22.709: [thread] DEBUG: [0x56470442cd80] thread join (../lib/core/ogs-thread.c:132)
11/20 19:19:22.709: [thread] DEBUG: [0x56470442cd80] thread done (../lib/core/ogs-thread.c:138)
11/20 19:19:22.709: [thread] DEBUG: [0x56470442cf90] thread running(0) (../lib/core/ogs-thread.c:111)
11/20 19:19:22.709: [thread] DEBUG: [0x56470442cf90] thread destroy (../lib/core/ogs-thread.c:123)
11/20 19:19:22.709: [thread] DEBUG: [0x56470442cf90] thread join (../lib/core/ogs-thread.c:132)
11/20 19:19:22.710: [thread] DEBUG: [0x56470442cf90] thread done (../lib/core/ogs-thread.c:138)
11/20 19:19:22.710: [thread] DEBUG: [0x56470442d1a0] thread running(0) (../lib/core/ogs-thread.c:111)
11/20 19:19:22.710: [thread] DEBUG: [0x56470442d1a0] thread destroy (../lib/core/ogs-thread.c:123)
11/20 19:19:22.710: [thread] DEBUG: [0x56470442d1a0] thread join (../lib/core/ogs-thread.c:132)
11/20 19:19:22.710: [thread] DEBUG: [0x56470442d1a0] thread done (../lib/core/ogs-thread.c:138)
11/20 19:19:22.760: [app] INFO: SIGTERM received (../src/main.c:54)
11/20 19:19:22.760: [app] INFO: Open5GS daemon terminating... (../src/main.c:226)
11/20 19:19:22.760: [sbi] DEBUG: ogs_sbi_nf_state_registered(): EXIT (../lib/sbi/nf-sm.c:204)
11/20 19:19:22.760: [sbi] DEBUG: ogs_sbi_nf_state_final(): EXIT (../lib/sbi/nf-sm.c:99)
11/20 19:19:22.760: [sbi] DEBUG: ogs_sbi_nf_state_registered(): EXIT (../lib/sbi/nf-sm.c:204)
11/20 19:19:22.760: [app] INFO: SIGTERM received (../src/main.c:54)
11/20 19:19:22.760: [sbi] INFO: [4865a2ca-694b-41ed-8987-5f2e6919394a] NF de-registered (../lib/sbi/nf-sm.c:238)
11/20 19:19:22.760: [app] INFO: SIGTERM received (../src/main.c:54)
11/20 19:19:22.760: [sbi] DEBUG: [DELETE] http://[::1]:7777/nnrf-nfm/v1/nf-instances/4865a2ca-694b-41ed-8987-5f2e6919394a (../lib/sbi/client.c:625)
11/20 19:19:22.760: [app] INFO: Open5GS daemon terminating... (../src/main.c:226)
11/20 19:19:22.760: [thread] DEBUG: [0x56470442a660] thread running(1) (../lib/core/ogs-thread.c:111)
11/20 19:19:22.760: [app] INFO: SIGTERM received (../src/main.c:54)
11/20 19:19:22.760: [app] INFO: Open5GS daemon terminating... (../src/main.c:226)
11/20 19:19:22.760: [event] DEBUG: interrupt all (../lib/core/ogs-queue.c:277)
11/20 19:19:22.760: [sbi] DEBUG: ogs_sbi_nf_state_final(): EXIT (../lib/sbi/nf-sm.c:99)
11/20 19:19:22.760: [app] INFO: SIGTERM received (../src/main.c:54)
11/20 19:19:22.760: [app] INFO: SIGTERM received (../src/main.c:54)
11/20 19:19:22.760: [app] INFO: Open5GS daemon terminating... (../src/main.c:226)
11/20 19:19:22.760: [sbi] DEBUG: ogs_sbi_nf_state_registered(): EXIT (../lib/sbi/nf-sm.c:204)
11/20 19:19:22.760: [event] DEBUG: interrupt all (../lib/core/ogs-queue.c:277)
11/20 19:19:22.760: [sbi] DEBUG: ogs_sbi_nf_state_final(): EXIT (../lib/sbi/nf-sm.c:99)
11/20 19:19:22.760: [thread] DEBUG: [0x55d2dd5faa60] thread running(1) (../lib/core/ogs-thread.c:111)
11/20 19:19:22.760: [app] INFO: Open5GS daemon terminating... (../src/main.c:226)
11/20 19:19:22.760: [sbi] DEBUG: ogs_sbi_nf_state_registered(): EXIT (../lib/sbi/nf-sm.c:204)
11/20 19:19:22.760: [app] INFO: Open5GS daemon terminating... (../src/main.c:226)
11/20 19:19:22.760: [app] INFO: SIGTERM received (../src/main.c:54)
11/20 19:19:22.760: [sbi] DEBUG: ogs_sbi_nf_state_registered(): EXIT (../lib/sbi/nf-sm.c:204)
11/20 19:19:22.760: [sbi] DEBUG: ogs_sbi_nf_state_final(): EXIT (../lib/sbi/nf-sm.c:99)
11/20 19:19:22.760: [thread] DEBUG: [0x558994811c40] thread running(1) (../lib/core/ogs-thread.c:111)
11/20 19:19:22.760: [sbi] DEBUG: ogs_sbi_nf_state_registered(): EXIT (../lib/sbi/nf-sm.c:204)
11/20 19:19:22.760: [app] INFO: Open5GS daemon terminating... (../src/main.c:226)
11/20 19:19:22.760: [sbi] DEBUG: ogs_sbi_nf_state_final(): EXIT (../lib/sbi/nf-sm.c:99)
11/20 19:19:22.760: [sbi] DEBUG: ogs_sbi_nf_state_final(): EXIT (../lib/sbi/nf-sm.c:99)
11/20 19:19:22.760: [sbi] DEBUG: ogs_sbi_nf_state_registered(): EXIT (../lib/sbi/nf-sm.c:204)
11/20 19:19:22.760: [sbi] DEBUG: ogs_sbi_nf_state_registered(): EXIT (../lib/sbi/nf-sm.c:204)
11/20 19:19:22.760: [event] DEBUG: interrupt all (../lib/core/ogs-queue.c:277)
11/20 19:19:22.760: [sbi] DEBUG: ogs_sbi_nf_state_registered(): EXIT (../lib/sbi/nf-sm.c:204)
11/20 19:19:22.760: [sbi] DEBUG: ogs_sbi_nf_state_registered(): EXIT (../lib/sbi/nf-sm.c:204)
11/20 19:19:22.760: [sbi] DEBUG: ogs_sbi_nf_state_final(): EXIT (../lib/sbi/nf-sm.c:99)
11/20 19:19:22.760: [thread] DEBUG: [0x55e099446860] thread running(1) (../lib/core/ogs-thread.c:111)
11/20 19:19:22.760: [sbi] INFO: [4852b174-694b-41ed-8013-d76538520ad0] NF de-registered (../lib/sbi/nf-sm.c:238)
11/20 19:19:22.760: [sbi] DEBUG: ogs_sbi_nf_state_final(): EXIT (../lib/sbi/nf-sm.c:99)
11/20 19:19:22.760: [sbi] DEBUG: ogs_sbi_nf_state_registered(): EXIT (../lib/sbi/nf-sm.c:204)
11/20 19:19:22.760: [app] INFO: SIGTERM received (../src/main.c:54)
11/20 19:19:22.760: [sbi] DEBUG: ogs_sbi_nf_state_registered(): EXIT (../lib/sbi/nf-sm.c:204)
11/20 19:19:22.760: [sbi] INFO: [486be608-694b-41ed-95c2-f92a023310de] NF de-registered (../lib/sbi/nf-sm.c:238)
11/20 19:19:22.760: [app] INFO: SIGTERM received (../src/main.c:54)
11/20 19:19:22.760: [sbi] DEBUG: [DELETE] http://[::1]:7777/nnrf-nfm/v1/nf-instances/4852b174-694b-41ed-8013-d76538520ad0 (../lib/sbi/client.c:625)
11/20 19:19:22.760: [app] INFO: Open5GS daemon terminating... (../src/main.c:226)
11/20 19:19:22.760: [app] INFO: Open5GS daemon terminating... (../src/main.c:226)
11/20 19:19:22.760: [sbi] INFO: [48713c2a-694b-41ed-ae04-afb3e12d4518] NF de-registered (../lib/sbi/nf-sm.c:238)
11/20 19:19:22.760: [sbi] DEBUG: ogs_sbi_nf_state_registered(): EXIT (../lib/sbi/nf-sm.c:204)
11/20 19:19:22.760: [sbi] DEBUG: ogs_sbi_nf_state_final(): EXIT (../lib/sbi/nf-sm.c:99)
11/20 19:19:22.760: [sbi] DEBUG: ogs_sbi_nf_state_registered(): EXIT (../lib/sbi/nf-sm.c:204)
11/20 19:19:22.760: [sbi] INFO: [48808946-694b-41ed-afd2-c34a6fd26e80] NF de-registered (../lib/sbi/nf-sm.c:238)
11/20 19:19:22.760: [sbi] DEBUG: ogs_sbi_nf_state_registered(): EXIT (../lib/sbi/nf-sm.c:204)
11/20 19:19:22.760: [sbi] DEBUG: ogs_sbi_nf_state_final(): EXIT (../lib/sbi/nf-sm.c:99)
11/20 19:19:22.760: [sbi] DEBUG: [DELETE] http://[::1]:7777/nnrf-nfm/v1/nf-instances/48808946-694b-41ed-afd2-c34a6fd26e80 (../lib/sbi/client.c:625)
11/20 19:19:22.760: [sbi] DEBUG: ogs_sbi_nf_state_final(): EXIT (../lib/sbi/nf-sm.c:99)
11/20 19:19:22.760: [nrf] DEBUG: nrf_state_operational(): EXIT (../src/nrf/nrf-sm.c:50)
11/20 19:19:22.760: [sbi] DEBUG: [DELETE] http://[::1]:7777/nnrf-nfm/v1/nf-instances/486be608-694b-41ed-95c2-f92a023310de (../lib/sbi/client.c:625)
11/20 19:19:22.760: [sbi] DEBUG: ogs_sbi_nf_state_registered(): EXIT (../lib/sbi/nf-sm.c:204)
11/20 19:19:22.760: [sbi] DEBUG: ogs_sbi_nf_state_registered(): EXIT (../lib/sbi/nf-sm.c:204)
11/20 19:19:22.760: [sbi] DEBUG: ogs_sbi_nf_state_final(): EXIT (../lib/sbi/nf-sm.c:99)
11/20 19:19:22.760: [sbi] DEBUG: [DELETE] http://[::1]:7777/nnrf-nfm/v1/nf-instances/48713c2a-694b-41ed-ae04-afb3e12d4518 (../lib/sbi/client.c:625)
11/20 19:19:22.760: [nrf] DEBUG: nrf_state_final(): INIT (../src/nrf/nrf-sm.c:34)
11/20 19:19:22.760: [sbi] DEBUG: ogs_sbi_nf_state_final(): EXIT (../lib/sbi/nf-sm.c:99)
11/20 19:19:22.760: [sbi] DEBUG: ogs_sbi_nf_state_final(): EXIT (../lib/sbi/nf-sm.c:99)
11/20 19:19:22.760: [event] DEBUG: interrupt all (../lib/core/ogs-queue.c:277)
11/20 19:19:22.760: [sbi] INFO: [486054dc-694b-41ed-927b-4d0a906ac64b] NF de-registered (../lib/sbi/nf-sm.c:238)
11/20 19:19:22.760: [thread] DEBUG: [0x558994811c40] worker done (../lib/core/ogs-thread.c:72)
11/20 19:19:22.760: [sbi] DEBUG: ogs_sbi_nf_state_registered(): EXIT (../lib/sbi/nf-sm.c:204)
11/20 19:19:22.760: [sbi] DEBUG: ogs_sbi_nf_state_registered(): EXIT (../lib/sbi/nf-sm.c:204)
11/20 19:19:22.760: [thread] DEBUG: [0x55cc861784a0] thread running(1) (../lib/core/ogs-thread.c:111)
11/20 19:19:22.760: [sbi] INFO: [485b1d50-694b-41ed-a118-1fcc33a0b7f6] NF de-registered (../lib/sbi/nf-sm.c:238)
11/20 19:19:22.760: [sbi] DEBUG: ogs_sbi_nf_state_final(): EXIT (../lib/sbi/nf-sm.c:99)
11/20 19:19:22.761: [upf] DEBUG: upf_state_operational(): EXIT (../src/upf/upf-sm.c:51)
11/20 19:19:22.761: [app] INFO: SIGTERM received (../src/main.c:54)
11/20 19:19:22.761: [sbi] DEBUG: ogs_sbi_nf_state_registered(): EXIT (../lib/sbi/nf-sm.c:204)
11/20 19:19:22.761: [sbi] DEBUG: [DELETE] http://[::1]:7777/nnrf-nfm/v1/nf-instances/485b1d50-694b-41ed-a118-1fcc33a0b7f6 (../lib/sbi/client.c:625)
11/20 19:19:22.761: [app] INFO: Open5GS daemon terminating... (../src/main.c:226)
11/20 19:19:22.761: [sbi] DEBUG: ogs_sbi_nf_state_final(): EXIT (../lib/sbi/nf-sm.c:99)
11/20 19:19:22.761: [upf] DEBUG: upf_state_final(): INIT (../src/upf/upf-sm.c:37)
11/20 19:19:22.761: [smf] DEBUG: smf_state_operational(): EXIT (../src/smf/smf-sm.c:83)
11/20 19:19:22.761: [smf] DEBUG: smf_state_final(): INIT (../src/smf/smf-sm.c:44)
11/20 19:19:22.761: [sbi] DEBUG: ogs_sbi_nf_state_registered(): EXIT (../lib/sbi/nf-sm.c:204)
11/20 19:19:22.761: [thread] DEBUG: [0x55e099446860] worker done (../lib/core/ogs-thread.c:72)
11/20 19:19:22.761: [sbi] DEBUG: ogs_sbi_nf_state_registered(): EXIT (../lib/sbi/nf-sm.c:204)
11/20 19:19:22.761: [thread] DEBUG: [0x55d2dd5faa60] worker done (../lib/core/ogs-thread.c:72)
11/20 19:19:22.761: [sbi] DEBUG: ogs_sbi_nf_state_final(): EXIT (../lib/sbi/nf-sm.c:99)
11/20 19:19:22.761: [sbi] DEBUG: ogs_sbi_nf_state_final(): EXIT (../lib/sbi/nf-sm.c:99)
11/20 19:19:22.761: [sbi] DEBUG: ogs_sbi_nf_state_final(): EXIT (../lib/sbi/nf-sm.c:99)
11/20 19:19:22.761: [sbi] DEBUG: ogs_sbi_nf_state_registered(): EXIT (../lib/sbi/nf-sm.c:204)
11/20 19:19:22.761: [sbi] DEBUG: ogs_sbi_nf_state_final(): EXIT (../lib/sbi/nf-sm.c:99)
11/20 19:19:22.761: [sbi] DEBUG: ogs_sbi_nf_state_registered(): EXIT (../lib/sbi/nf-sm.c:204)
11/20 19:19:22.761: [sbi] DEBUG: ogs_sbi_nf_state_final(): EXIT (../lib/sbi/nf-sm.c:99)
11/20 19:19:22.761: [sbi] DEBUG: ogs_sbi_nf_state_final(): EXIT (../lib/sbi/nf-sm.c:99)
11/20 19:19:22.761: [sbi] DEBUG: ogs_sbi_nf_state_registered(): EXIT (../lib/sbi/nf-sm.c:204)
11/20 19:19:22.761: [sbi] DEBUG: ogs_sbi_nf_state_final(): EXIT (../lib/sbi/nf-sm.c:99)
11/20 19:19:22.761: [event] DEBUG: interrupt all (../lib/core/ogs-queue.c:277)
11/20 19:19:22.761: [sbi] DEBUG: ogs_sbi_nf_state_final(): EXIT (../lib/sbi/nf-sm.c:99)
11/20 19:19:22.761: [sbi] DEBUG: [DELETE] http://[::1]:7777/nnrf-nfm/v1/nf-instances/486054dc-694b-41ed-927b-4d0a906ac64b (../lib/sbi/client.c:625)
11/20 19:19:22.761: [event] DEBUG: interrupt all (../lib/core/ogs-queue.c:277)
11/20 19:19:22.761: [thread] DEBUG: [0x55b35fa67420] thread running(1) (../lib/core/ogs-thread.c:111)
11/20 19:19:22.761: [sbi] DEBUG: ogs_sbi_nf_state_registered(): EXIT (../lib/sbi/nf-sm.c:204)
11/20 19:19:22.761: [thread] DEBUG: [0x560acfa45f90] thread running(1) (../lib/core/ogs-thread.c:111)
11/20 19:19:22.761: [sbi] INFO: [4876ae1c-694b-41ed-b4eb-c347c80e59b5] NF de-registered (../lib/sbi/nf-sm.c:238)
11/20 19:19:22.761: [sbi] DEBUG: ogs_sbi_nf_state_registered(): EXIT (../lib/sbi/nf-sm.c:204)
11/20 19:19:22.761: [event] DEBUG: interrupt all (../lib/core/ogs-queue.c:277)
11/20 19:19:22.761: [sbi] DEBUG: [DELETE] http://[::1]:7777/nnrf-nfm/v1/nf-instances/4876ae1c-694b-41ed-b4eb-c347c80e59b5 (../lib/sbi/client.c:625)
11/20 19:19:22.761: [sbi] DEBUG: ogs_sbi_nf_state_final(): EXIT (../lib/sbi/nf-sm.c:99)
11/20 19:19:22.761: [sbi] DEBUG: ogs_sbi_nf_state_final(): EXIT (../lib/sbi/nf-sm.c:99)
11/20 19:19:22.761: [event] DEBUG: interrupt all (../lib/core/ogs-queue.c:277)
11/20 19:19:22.761: [event] DEBUG: interrupt all (../lib/core/ogs-queue.c:277)
11/20 19:19:22.761: [thread] DEBUG: [0x55e714fad320] thread running(1) (../lib/core/ogs-thread.c:111)
11/20 19:19:22.761: [thread] DEBUG: [0x559c9f795780] thread running(1) (../lib/core/ogs-thread.c:111)
11/20 19:19:22.761: [sbi] DEBUG: ogs_sbi_nf_state_final(): EXIT (../lib/sbi/nf-sm.c:99)
11/20 19:19:22.761: [sbi] DEBUG: ogs_sbi_nf_state_registered(): EXIT (../lib/sbi/nf-sm.c:204)
11/20 19:19:22.761: [thread] DEBUG: [0x55db305b0000] thread running(1) (../lib/core/ogs-thread.c:111)
11/20 19:19:22.761: [sbi] DEBUG: ogs_sbi_nf_state_final(): EXIT (../lib/sbi/nf-sm.c:99)
11/20 19:19:22.761: [event] DEBUG: interrupt all (../lib/core/ogs-queue.c:277)
11/20 19:19:22.761: [thread] DEBUG: [0x55631d9d3de0] thread running(1) (../lib/core/ogs-thread.c:111)
11/20 19:19:22.761: [bsf] DEBUG: bsf_state_operational(): EXIT (../src/bsf/bsf-sm.c:55)
11/20 19:19:22.761: [bsf] DEBUG: bsf_state_final(): INIT (../src/bsf/bsf-sm.c:35)
11/20 19:19:22.761: [thread] DEBUG: [0x559c9f795780] worker done (../lib/core/ogs-thread.c:72)
11/20 19:19:22.761: [thread] DEBUG: [0x55d2dd5faa60] thread destroy (../lib/core/ogs-thread.c:123)
11/20 19:19:22.761: [pcf] DEBUG: pcf_state_operational(): EXIT (../src/pcf/pcf-sm.c:58)
11/20 19:19:22.761: [thread] DEBUG: [0x558994811c40] thread destroy (../lib/core/ogs-thread.c:123)
11/20 19:19:22.761: [thread] DEBUG: [0x55d2dd5faa60] thread join (../lib/core/ogs-thread.c:132)
11/20 19:19:22.761: [thread] DEBUG: [0x558994811c40] thread join (../lib/core/ogs-thread.c:132)
11/20 19:19:22.761: [amf] DEBUG: amf_state_operational(): EXIT (../src/amf/amf-sm.c:78)
11/20 19:19:22.761: [pcf] DEBUG: pcf_state_final(): INIT (../src/pcf/pcf-sm.c:34)
11/20 19:19:22.761: [thread] DEBUG: [0x55e099446860] thread destroy (../lib/core/ogs-thread.c:123)
11/20 19:19:22.761: [nssf] DEBUG: nssf_state_operational(): EXIT (../src/nssf/nssf-sm.c:53)
11/20 19:19:22.761: [thread] DEBUG: [0x558994811c40] thread done (../lib/core/ogs-thread.c:138)
11/20 19:19:22.761: [thread] DEBUG: [0x55d2dd5faa60] thread done (../lib/core/ogs-thread.c:138)
11/20 19:19:22.761: [amf] DEBUG: amf_state_final(): INIT (../src/amf/amf-sm.c:41)
11/20 19:19:22.761: [thread] DEBUG: [0x55e099446860] thread join (../lib/core/ogs-thread.c:132)
11/20 19:19:22.761: [thread] DEBUG: [0x560acfa45f90] worker done (../lib/core/ogs-thread.c:72)
11/20 19:19:22.761: [nssf] DEBUG: nssf_state_final(): INIT (../src/nssf/nssf-sm.c:35)
11/20 19:19:22.761: [thread] DEBUG: [0x55e099446860] thread done (../lib/core/ogs-thread.c:138)
11/20 19:19:22.761: [thread] DEBUG: [0x55db305b0000] worker done (../lib/core/ogs-thread.c:72)
11/20 19:19:22.761: [upf] DEBUG: upf_pfcp_state_associated(): EXIT (../src/upf/pfcp-sm.c:164)
11/20 19:19:22.761: [thread] DEBUG: [0x55e714fad320] worker done (../lib/core/ogs-thread.c:72)
11/20 19:19:22.761: [upf] INFO: PFCP de-associated [127.0.0.4]:8805 (../src/upf/pfcp-sm.c:182)
11/20 19:19:22.761: [smf] DEBUG: smf_pfcp_state_associated(): EXIT (../src/smf/pfcp-sm.c:165)
11/20 19:19:22.761: [smf] INFO: PFCP de-associated [127.0.0.7]:8805 (../src/smf/pfcp-sm.c:183)
11/20 19:19:22.761: [upf] DEBUG: upf_pfcp_state_final(): EXIT (../src/upf/pfcp-sm.c:60)
11/20 19:19:22.761: [smf] DEBUG: smf_pfcp_state_final(): EXIT (../src/smf/pfcp-sm.c:57)
11/20 19:19:22.761: [ausf] DEBUG: ausf_state_operational(): EXIT (../src/ausf/ausf-sm.c:52)
11/20 19:19:22.761: [sbi] DEBUG: ogs_sbi_client_handler() failed [-4] (../lib/sbi/path.c:61)
11/20 19:19:22.761: [ausf] DEBUG: ausf_state_final(): INIT (../src/ausf/ausf-sm.c:34)
11/20 19:19:22.762: [thread] DEBUG: [0x55b35fa67420] worker done (../lib/core/ogs-thread.c:72)
11/20 19:19:22.762: [nrf] DEBUG: nrf_nf_state_registered(): EXIT (../src/nrf/nf-sm.c:183)
11/20 19:19:22.762: [nrf] INFO: [485b1d50-694b-41ed-a118-1fcc33a0b7f6] NF de-registered (../src/nrf/nf-sm.c:205)
11/20 19:19:22.762: [sbi] DEBUG: [POST] http://127.0.0.5:7777/nnrf-nfm/v1/nf-status-notify (../lib/sbi/client.c:625)
11/20 19:19:22.762: [sbi] DEBUG: SENDING...[137] (../lib/sbi/client.c:401)
11/20 19:19:22.762: [sbi] DEBUG: {
	"event":	"NF_DEREGISTERED",
	"nfInstanceUri":	"http://127.0.0.10:7777/nnrf-nfm/v1/nf-instances/485b1d50-694b-41ed-a118-1fcc33a0b7f6"
} (../lib/sbi/client.c:403)
11/20 19:19:22.762: [nrf] DEBUG: nrf_nf_state_final(): EXIT (../src/nrf/nf-sm.c:74)
11/20 19:19:22.762: [nrf] DEBUG: nrf_nf_state_registered(): EXIT (../src/nrf/nf-sm.c:183)
11/20 19:19:22.762: [nrf] INFO: [486054dc-694b-41ed-927b-4d0a906ac64b] NF de-registered (../src/nrf/nf-sm.c:205)
11/20 19:19:22.762: [sbi] DEBUG: [POST] http://127.0.0.11:7777/nnrf-nfm/v1/nf-status-notify (../lib/sbi/client.c:625)
11/20 19:19:22.762: [sbi] DEBUG: SENDING...[137] (../lib/sbi/client.c:401)
11/20 19:19:22.762: [sbi] DEBUG: {
	"event":	"NF_DEREGISTERED",
	"nfInstanceUri":	"http://127.0.0.10:7777/nnrf-nfm/v1/nf-instances/486054dc-694b-41ed-927b-4d0a906ac64b"
} (../lib/sbi/client.c:403)
11/20 19:19:22.762: [sbi] DEBUG: [POST] http://127.0.0.4:7777/nnrf-nfm/v1/nf-status-notify (../lib/sbi/client.c:625)
11/20 19:19:22.762: [sbi] DEBUG: SENDING...[137] (../lib/sbi/client.c:401)
11/20 19:19:22.762: [sbi] DEBUG: {
	"event":	"NF_DEREGISTERED",
	"nfInstanceUri":	"http://127.0.0.10:7777/nnrf-nfm/v1/nf-instances/486054dc-694b-41ed-927b-4d0a906ac64b"
} (../lib/sbi/client.c:403)
11/20 19:19:22.762: [sbi] DEBUG: [POST] http://127.0.0.5:7777/nnrf-nfm/v1/nf-status-notify (../lib/sbi/client.c:625)
11/20 19:19:22.762: [sbi] DEBUG: SENDING...[137] (../lib/sbi/client.c:401)
11/20 19:19:22.762: [sbi] DEBUG: {
	"event":	"NF_DEREGISTERED",
	"nfInstanceUri":	"http://127.0.0.10:7777/nnrf-nfm/v1/nf-instances/486054dc-694b-41ed-927b-4d0a906ac64b"
} (../lib/sbi/client.c:403)
11/20 19:19:22.762: [sbi] DEBUG: [POST] http://127.0.0.5:7777/nnrf-nfm/v1/nf-status-notify (../lib/sbi/client.c:625)
11/20 19:19:22.762: [sbi] DEBUG: SENDING...[137] (../lib/sbi/client.c:401)
11/20 19:19:22.762: [sbi] DEBUG: {
	"event":	"NF_DEREGISTERED",
	"nfInstanceUri":	"http://127.0.0.10:7777/nnrf-nfm/v1/nf-instances/486054dc-694b-41ed-927b-4d0a906ac64b"
} (../lib/sbi/client.c:403)
11/20 19:19:22.762: [nrf] DEBUG: nrf_nf_state_final(): EXIT (../src/nrf/nf-sm.c:74)
11/20 19:19:22.762: [nrf] DEBUG: nrf_nf_state_registered(): EXIT (../src/nrf/nf-sm.c:183)
11/20 19:19:22.762: [nrf] INFO: [486be608-694b-41ed-95c2-f92a023310de] NF de-registered (../src/nrf/nf-sm.c:205)
11/20 19:19:22.762: [sbi] DEBUG: [POST] http://127.0.0.4:7777/nnrf-nfm/v1/nf-status-notify (../lib/sbi/client.c:625)
11/20 19:19:22.762: [sbi] DEBUG: SENDING...[137] (../lib/sbi/client.c:401)
11/20 19:19:22.762: [sbi] DEBUG: {
	"event":	"NF_DEREGISTERED",
	"nfInstanceUri":	"http://127.0.0.10:7777/nnrf-nfm/v1/nf-instances/486be608-694b-41ed-95c2-f92a023310de"
} (../lib/sbi/client.c:403)
11/20 19:19:22.762: [sbi] DEBUG: [POST] http://127.0.0.5:7777/nnrf-nfm/v1/nf-status-notify (../lib/sbi/client.c:625)
11/20 19:19:22.762: [sbi] DEBUG: SENDING...[137] (../lib/sbi/client.c:401)
11/20 19:19:22.762: [sbi] DEBUG: {
	"event":	"NF_DEREGISTERED",
	"nfInstanceUri":	"http://127.0.0.10:7777/nnrf-nfm/v1/nf-instances/486be608-694b-41ed-95c2-f92a023310de"
} (../lib/sbi/client.c:403)
11/20 19:19:22.762: [nrf] DEBUG: nrf_nf_state_final(): EXIT (../src/nrf/nf-sm.c:74)
11/20 19:19:22.762: [nrf] DEBUG: nrf_nf_state_registered(): EXIT (../src/nrf/nf-sm.c:183)
11/20 19:19:22.762: [nrf] INFO: [48713c2a-694b-41ed-ae04-afb3e12d4518] NF de-registered (../src/nrf/nf-sm.c:205)
11/20 19:19:22.762: [sbi] DEBUG: [POST] http://127.0.0.5:7777/nnrf-nfm/v1/nf-status-notify (../lib/sbi/client.c:625)
11/20 19:19:22.762: [sbi] DEBUG: SENDING...[137] (../lib/sbi/client.c:401)
11/20 19:19:22.762: [sbi] DEBUG: {
	"event":	"NF_DEREGISTERED",
	"nfInstanceUri":	"http://127.0.0.10:7777/nnrf-nfm/v1/nf-instances/48713c2a-694b-41ed-ae04-afb3e12d4518"
} (../lib/sbi/client.c:403)
11/20 19:19:22.762: [nrf] DEBUG: nrf_nf_state_final(): EXIT (../src/nrf/nf-sm.c:74)
11/20 19:19:22.762: [nrf] DEBUG: nrf_nf_state_registered(): EXIT (../src/nrf/nf-sm.c:183)
11/20 19:19:22.762: [nrf] INFO: [4876ae1c-694b-41ed-b4eb-c347c80e59b5] NF de-registered (../src/nrf/nf-sm.c:205)
11/20 19:19:22.762: [sbi] DEBUG: [POST] http://127.0.0.13:7777/nnrf-nfm/v1/nf-status-notify (../lib/sbi/client.c:625)
11/20 19:19:22.762: [diam] DEBUG: pid:Main in fd_core_shutdown@core.c:331: Initiating freeDiameter shutdown sequence (3)
 ((null):0)
11/20 19:19:22.762: [sbi] DEBUG: SENDING...[137] (../lib/sbi/client.c:401)
11/20 19:19:22.762: [sbi] DEBUG: {
	"event":	"NF_DEREGISTERED",
	"nfInstanceUri":	"http://127.0.0.10:7777/nnrf-nfm/v1/nf-instances/4876ae1c-694b-41ed-b4eb-c347c80e59b5"
} (../lib/sbi/client.c:403)
11/20 19:19:22.762: [nrf] DEBUG: nrf_nf_state_final(): EXIT (../src/nrf/nf-sm.c:74)
11/20 19:19:22.762: [diam] DEBUG: pid:fD Core Runner in core_shutdown@core.c:99: freediameterd framework is stopping...
 ((null):0)
11/20 19:19:22.762: [nrf] DEBUG: nrf_nf_state_registered(): EXIT (../src/nrf/nf-sm.c:183)
11/20 19:19:22.762: [nrf] INFO: [4865a2ca-694b-41ed-8987-5f2e6919394a] NF de-registered (../src/nrf/nf-sm.c:205)
11/20 19:19:22.762: [sbi] DEBUG: [POST] http://127.0.0.5:7777/nnrf-nfm/v1/nf-status-notify (../lib/sbi/client.c:625)
11/20 19:19:22.762: [sbi] WARNING: [7] Unexpected EOF (../lib/sbi/client.c:595)
11/20 19:19:22.762: [sbi] DEBUG: SENDING...[137] (../lib/sbi/client.c:401)
11/20 19:19:22.762: [sbi] DEBUG: {
	"event":	"NF_DEREGISTERED",
	"nfInstanceUri":	"http://127.0.0.10:7777/nnrf-nfm/v1/nf-instances/4865a2ca-694b-41ed-8987-5f2e6919394a"
} (../lib/sbi/client.c:403)
11/20 19:19:22.762: [nrf] DEBUG: nrf_nf_state_final(): EXIT (../src/nrf/nf-sm.c:74)
11/20 19:19:22.762: [sbi] WARNING: ogs_sbi_client_handler() failed [-1] (../lib/sbi/path.c:61)
11/20 19:19:22.762: [nrf] DEBUG: nrf_nf_state_registered(): EXIT (../src/nrf/nf-sm.c:183)
11/20 19:19:22.762: [nrf] INFO: [48808946-694b-41ed-afd2-c34a6fd26e80] NF de-registered (../src/nrf/nf-sm.c:205)
11/20 19:19:22.762: [thread] DEBUG: [0x55b35fa67420] thread destroy (../lib/core/ogs-thread.c:123)
11/20 19:19:22.762: [thread] DEBUG: [0x559c9f795780] thread destroy (../lib/core/ogs-thread.c:123)
11/20 19:19:22.762: [udr] DEBUG: udr_state_operational(): EXIT (../src/udr/udr-sm.c:51)
11/20 19:19:22.762: [thread] DEBUG: [0x559c9f795780] thread join (../lib/core/ogs-thread.c:132)
11/20 19:19:22.762: [udr] DEBUG: udr_state_final(): INIT (../src/udr/udr-sm.c:34)
11/20 19:19:22.762: [thread] DEBUG: [0x559c9f795780] thread done (../lib/core/ogs-thread.c:138)
11/20 19:19:22.762: [sbi] DEBUG: ogs_sbi_client_handler() failed [-4] (../lib/sbi/path.c:61)
11/20 19:19:22.762: [thread] DEBUG: [0x560acfa45f90] thread destroy (../lib/core/ogs-thread.c:123)
11/20 19:19:22.762: [thread] DEBUG: [0x55cc861784a0] worker done (../lib/core/ogs-thread.c:72)
11/20 19:19:22.762: [thread] DEBUG: [0x55b35fa67420] thread join (../lib/core/ogs-thread.c:132)
11/20 19:19:22.762: [thread] DEBUG: [0x55b35fa67420] thread done (../lib/core/ogs-thread.c:138)
11/20 19:19:22.762: [thread] DEBUG: [0x55db305b0000] thread destroy (../lib/core/ogs-thread.c:123)
11/20 19:19:22.762: [thread] DEBUG: [0x560acfa45f90] thread join (../lib/core/ogs-thread.c:132)
11/20 19:19:22.762: [thread] DEBUG: [0x55db305b0000] thread join (../lib/core/ogs-thread.c:132)
11/20 19:19:22.762: [thread] DEBUG: [0x55db305b0000] thread done (../lib/core/ogs-thread.c:138)
11/20 19:19:22.762: [thread] DEBUG: [0x560acfa45f90] thread done (../lib/core/ogs-thread.c:138)
11/20 19:19:22.762: [sbi] DEBUG: ogs_sbi_client_handler() failed [-4] (../lib/sbi/path.c:61)
11/20 19:19:22.762: [sbi] DEBUG: ogs_sbi_client_handler() failed [-4] (../lib/sbi/path.c:61)
11/20 19:19:22.762: [sbi] DEBUG: ogs_sbi_client_handler() failed [-4] (../lib/sbi/path.c:61)
11/20 19:19:22.762: [thread] DEBUG: [0x55e714fad320] thread destroy (../lib/core/ogs-thread.c:123)
11/20 19:19:22.763: [thread] DEBUG: [0x55e714fad320] thread join (../lib/core/ogs-thread.c:132)
11/20 19:19:22.763: [thread] DEBUG: [0x55e714fad320] thread done (../lib/core/ogs-thread.c:138)
11/20 19:19:22.763: [sbi] DEBUG: ogs_sbi_client_handler() failed [-4] (../lib/sbi/path.c:61)
11/20 19:19:22.763: [gmm] DEBUG: gmm_state_de_registered(): EXIT (../src/amf/gmm-sm.c:60)
11/20 19:19:22.763: [gmm] DEBUG: gmm_state_final(): EXIT (../src/amf/gmm-sm.c:49)
11/20 19:19:22.763: [ausf] DEBUG: ausf_ue_state_operational(): EXIT (../src/ausf/ue-sm.c:64)
11/20 19:19:22.763: [sbi] DEBUG: ogs_sbi_nf_instance_remove() (../lib/sbi/context.c:870)
11/20 19:19:22.763: [ausf] DEBUG: ausf_ue_state_final(): EXIT (../src/ausf/ue-sm.c:47)
11/20 19:19:22.763: [sbi] DEBUG: [UNREF] 7 (../lib/sbi/context.c:873)
11/20 19:19:22.763: [sbi] DEBUG: ogs_sbi_nf_instance_remove() (../lib/sbi/context.c:870)
11/20 19:19:22.763: [sbi] DEBUG: ogs_sbi_nf_instance_remove() (../lib/sbi/context.c:870)
11/20 19:19:22.763: [sbi] DEBUG: [UNREF] 6 (../lib/sbi/context.c:873)
11/20 19:19:22.763: [sbi] DEBUG: ogs_sbi_nf_instance_remove() (../lib/sbi/context.c:870)
11/20 19:19:22.763: [sbi] DEBUG: ogs_sbi_nf_instance_remove() (../lib/sbi/context.c:870)
11/20 19:19:22.763: [sbi] DEBUG: [UNREF] 4 (../lib/sbi/context.c:873)
11/20 19:19:22.763: [sbi] DEBUG: ogs_sbi_nf_instance_remove() (../lib/sbi/context.c:870)
11/20 19:19:22.763: [sbi] DEBUG: ogs_sbi_nf_instance_remove() (../lib/sbi/context.c:870)
11/20 19:19:22.763: [sbi] DEBUG: ogs_sbi_client_remove() [::1:7777] (../lib/sbi/client.c:153)
11/20 19:19:22.763: [sbi] DEBUG: [UNREF] 2 (../lib/sbi/client.c:157)
11/20 19:19:22.763: [sbi] DEBUG: ogs_sbi_nf_instance_remove() (../lib/sbi/context.c:870)
11/20 19:19:22.763: [sbi] DEBUG: [UNREF] 4 (../lib/sbi/context.c:873)
11/20 19:19:22.763: [sbi] DEBUG: ogs_sbi_nf_instance_remove() (../lib/sbi/context.c:870)
11/20 19:19:22.763: [sbi] DEBUG: ogs_sbi_client_remove() [::1:7777] (../lib/sbi/client.c:153)
11/20 19:19:22.763: [sbi] DEBUG: [UNREF] 3 (../lib/sbi/context.c:873)
11/20 19:19:22.763: [sbi] DEBUG: [UNREF] 4 (../lib/sbi/context.c:873)
11/20 19:19:22.763: [amf] INFO: [Removed] Number of AMF-UEs is now 2 (../src/amf/context.c:1427)
11/20 19:19:22.763: [gmm] DEBUG: gmm_state_de_registered(): EXIT (../src/amf/gmm-sm.c:60)
11/20 19:19:22.763: [gmm] DEBUG: gmm_state_final(): EXIT (../src/amf/gmm-sm.c:49)
11/20 19:19:22.763: [sbi] DEBUG: ogs_sbi_nf_instance_remove() (../lib/sbi/context.c:870)
11/20 19:19:22.763: [ausf] DEBUG: ausf_ue_state_operational(): EXIT (../src/ausf/ue-sm.c:64)
11/20 19:19:22.763: [sbi] DEBUG: [UNREF] 5 (../lib/sbi/context.c:873)
11/20 19:19:22.763: [sbi] DEBUG: ogs_sbi_nf_instance_remove() (../lib/sbi/context.c:870)
11/20 19:19:22.763: [sbi] DEBUG: [UNREF] 4 (../lib/sbi/context.c:873)
11/20 19:19:22.763: [ausf] DEBUG: ausf_ue_state_final(): EXIT (../src/ausf/ue-sm.c:47)
11/20 19:19:22.763: [sbi] DEBUG: ogs_sbi_nf_instance_remove() (../lib/sbi/context.c:870)
11/20 19:19:22.763: [sbi] DEBUG: [UNREF] 3 (../lib/sbi/context.c:873)
11/20 19:19:22.763: [sbi] DEBUG: ogs_sbi_nf_instance_remove() (../lib/sbi/context.c:870)
11/20 19:19:22.763: [sbi] DEBUG: [UNREF] 3 (../lib/sbi/context.c:873)
11/20 19:19:22.763: [ausf] DEBUG: ausf_ue_state_operational(): EXIT (../src/ausf/ue-sm.c:64)
11/20 19:19:22.763: [thread] DEBUG: [0x55cc861784a0] thread destroy (../lib/core/ogs-thread.c:123)
11/20 19:19:22.763: [ausf] DEBUG: ausf_ue_state_final(): EXIT (../src/ausf/ue-sm.c:47)
11/20 19:19:22.763: [thread] DEBUG: [0x55cc861784a0] thread join (../lib/core/ogs-thread.c:132)
11/20 19:19:22.763: [sbi] DEBUG: ogs_sbi_nf_instance_remove() (../lib/sbi/context.c:870)
11/20 19:19:22.763: [thread] DEBUG: [0x55cc861784a0] thread done (../lib/core/ogs-thread.c:138)
11/20 19:19:22.763: [sbi] DEBUG: [UNREF] 2 (../lib/sbi/context.c:873)
11/20 19:19:22.762: [sbi] DEBUG: [POST] http://127.0.0.12:7777/nnrf-nfm/v1/nf-status-notify (../lib/sbi/client.c:625)
11/20 19:19:22.763: [sbi] DEBUG: SENDING...[137] (../lib/sbi/client.c:401)
11/20 19:19:22.763: [sbi] DEBUG: {
	"event":	"NF_DEREGISTERED",
	"nfInstanceUri":	"http://127.0.0.10:7777/nnrf-nfm/v1/nf-instances/48808946-694b-41ed-afd2-c34a6fd26e80"
} (../lib/sbi/client.c:403)
11/20 19:19:22.763: [sbi] DEBUG: [POST] http://127.0.0.13:7777/nnrf-nfm/v1/nf-status-notify (../lib/sbi/client.c:625)
11/20 19:19:22.763: [sbi] DEBUG: SENDING...[137] (../lib/sbi/client.c:401)
11/20 19:19:22.763: [sbi] DEBUG: {
	"event":	"NF_DEREGISTERED",
	"nfInstanceUri":	"http://127.0.0.10:7777/nnrf-nfm/v1/nf-instances/48808946-694b-41ed-afd2-c34a6fd26e80"
} (../lib/sbi/client.c:403)
11/20 19:19:22.763: [nrf] DEBUG: nrf_nf_state_final(): EXIT (../src/nrf/nf-sm.c:74)
11/20 19:19:22.763: [nrf] DEBUG: nrf_nf_state_registered(): EXIT (../src/nrf/nf-sm.c:183)
11/20 19:19:22.763: [nrf] INFO: [4852b174-694b-41ed-8013-d76538520ad0] NF de-registered (../src/nrf/nf-sm.c:205)
11/20 19:19:22.763: [sbi] DEBUG: [POST] http://127.0.0.4:7777/nnrf-nfm/v1/nf-status-notify (../lib/sbi/client.c:625)
11/20 19:19:22.763: [sbi] DEBUG: SENDING...[137] (../lib/sbi/client.c:401)
11/20 19:19:22.763: [sbi] DEBUG: {
	"event":	"NF_DEREGISTERED",
	"nfInstanceUri":	"http://127.0.0.10:7777/nnrf-nfm/v1/nf-instances/4852b174-694b-41ed-8013-d76538520ad0"
} (../lib/sbi/client.c:403)
11/20 19:19:22.763: [sbi] DEBUG: ogs_sbi_nf_instance_remove() (../lib/sbi/context.c:870)
11/20 19:19:22.763: [nrf] DEBUG: nrf_nf_state_final(): EXIT (../src/nrf/nf-sm.c:74)
11/20 19:19:22.763: [sbi] DEBUG: ogs_sbi_client_remove() [127.0.0.11:7777] (../lib/sbi/client.c:153)
11/20 19:19:22.763: [sbi] DEBUG: [UNREF] 2 (../lib/sbi/client.c:157)
11/20 19:19:22.763: [sbi] DEBUG: [UNREF] 3 (../lib/sbi/context.c:873)
11/20 19:19:22.763: [sbi] DEBUG: ogs_sbi_client_remove() [127.0.0.12:7777] (../lib/sbi/client.c:153)
11/20 19:19:22.763: [sbi] DEBUG: [UNREF] 2 (../lib/sbi/client.c:157)
11/20 19:19:22.763: [sbi] DEBUG: ogs_sbi_client_remove() [127.0.0.13:7777] (../lib/sbi/client.c:153)
11/20 19:19:22.763: [sbi] DEBUG: ogs_sbi_nf_instance_remove() (../lib/sbi/context.c:870)
11/20 19:19:22.763: [sbi] DEBUG: [UNREF] 3 (../lib/sbi/client.c:157)
11/20 19:19:22.763: [sbi] DEBUG: ogs_sbi_client_remove() [127.0.0.13:7777] (../lib/sbi/client.c:153)
11/20 19:19:22.763: [sbi] DEBUG: [UNREF] 2 (../lib/sbi/client.c:157)
11/20 19:19:22.763: [sbi] DEBUG: [UNREF] 2 (../lib/sbi/context.c:873)
11/20 19:19:22.763: [sbi] DEBUG: ogs_sbi_client_remove() [127.0.0.4:7777] (../lib/sbi/client.c:153)
11/20 19:19:22.763: [sbi] DEBUG: [UNREF] 4 (../lib/sbi/client.c:157)
11/20 19:19:22.764: [sbi] DEBUG: ogs_sbi_client_remove() [127.0.0.4:7777] (../lib/sbi/client.c:153)
11/20 19:19:22.764: [amf] INFO: [Removed] Number of AMF-UEs is now 1 (../src/amf/context.c:1427)
11/20 19:19:22.764: [sbi] DEBUG: [UNREF] 3 (../lib/sbi/client.c:157)
11/20 19:19:22.764: [sbi] DEBUG: ogs_sbi_client_remove() [127.0.0.4:7777] (../lib/sbi/client.c:153)
11/20 19:19:22.764: [sbi] DEBUG: [UNREF] 2 (../lib/sbi/client.c:157)
11/20 19:19:22.764: [gmm] DEBUG: gmm_state_de_registered(): EXIT (../src/amf/gmm-sm.c:60)
11/20 19:19:22.764: [sbi] DEBUG: ogs_sbi_client_remove() [127.0.0.5:7777] (../lib/sbi/client.c:153)
11/20 19:19:22.764: [sbi] DEBUG: [UNREF] 7 (../lib/sbi/client.c:157)
11/20 19:19:22.764: [sbi] DEBUG: ogs_sbi_client_remove() [127.0.0.5:7777] (../lib/sbi/client.c:153)
11/20 19:19:22.764: [gmm] DEBUG: gmm_state_final(): EXIT (../src/amf/gmm-sm.c:49)
11/20 19:19:22.764: [sbi] DEBUG: [UNREF] 6 (../lib/sbi/client.c:157)
11/20 19:19:22.764: [sbi] DEBUG: ogs_sbi_client_remove() [127.0.0.5:7777] (../lib/sbi/client.c:153)
11/20 19:19:22.764: [sbi] DEBUG: [UNREF] 5 (../lib/sbi/client.c:157)
11/20 19:19:22.764: [sbi] DEBUG: ogs_sbi_client_remove() [127.0.0.5:7777] (../lib/sbi/client.c:153)
11/20 19:19:22.764: [sbi] DEBUG: [UNREF] 4 (../lib/sbi/client.c:157)
11/20 19:19:22.764: [sbi] DEBUG: ogs_sbi_nf_instance_remove() (../lib/sbi/context.c:870)
11/20 19:19:22.764: [sbi] DEBUG: ogs_sbi_client_remove() [127.0.0.5:7777] (../lib/sbi/client.c:153)
11/20 19:19:22.764: [sbi] DEBUG: [UNREF] 3 (../lib/sbi/client.c:157)
11/20 19:19:22.764: [sbi] DEBUG: [UNREF] 3 (../lib/sbi/context.c:873)
11/20 19:19:22.764: [sbi] DEBUG: ogs_sbi_client_remove() [127.0.0.5:7777] (../lib/sbi/client.c:153)
11/20 19:19:22.764: [sbi] DEBUG: [UNREF] 2 (../lib/sbi/client.c:157)
11/20 19:19:22.764: [sbi] DEBUG: ogs_sbi_nf_instance_remove() (../lib/sbi/context.c:870)
11/20 19:19:22.764: [sbi] DEBUG: [UNREF] 2 (../lib/sbi/context.c:873)
11/20 19:19:22.764: [sbi] DEBUG: ogs_sbi_nf_instance_remove() (../lib/sbi/context.c:870)
11/20 19:19:22.764: [sbi] DEBUG: [UNREF] 2 (../lib/sbi/context.c:873)
11/20 19:19:22.764: [sbi] DEBUG: ogs_sbi_nf_instance_remove() (../lib/sbi/context.c:870)
11/20 19:19:22.764: [sbi] DEBUG: [UNREF] 2 (../lib/sbi/context.c:873)
11/20 19:19:22.764: [amf] INFO: [Removed] Number of AMF-UEs is now 0 (../src/amf/context.c:1427)
11/20 19:19:22.764: [diam] DEBUG: pid:PSM/pcrf.localdomain in p_psm_th@p_psm.c:894: pcrf.localdomain: Going to ZOMBIE state (no more activity) after abnormal shutdown
 ((null):0)
11/20 19:19:22.764: [sbi] DEBUG: ogs_sbi_nf_instance_remove() (../lib/sbi/context.c:870)
11/20 19:19:22.764: [sbi] DEBUG: ogs_sbi_nf_instance_remove() (../lib/sbi/context.c:870)
11/20 19:19:22.764: [sbi] DEBUG: ogs_sbi_nf_instance_remove() (../lib/sbi/context.c:870)
11/20 19:19:22.764: [sbi] DEBUG: ogs_sbi_nf_instance_remove() (../lib/sbi/context.c:870)
11/20 19:19:22.764: [sbi] DEBUG: ogs_sbi_nf_instance_remove() (../lib/sbi/context.c:870)
11/20 19:19:22.764: [sbi] DEBUG: ogs_sbi_nf_instance_remove() (../lib/sbi/context.c:870)
11/20 19:19:22.764: [sbi] DEBUG: ogs_sbi_nf_instance_remove() (../lib/sbi/context.c:870)
11/20 19:19:22.764: [sbi] DEBUG: ogs_sbi_nf_instance_remove() (../lib/sbi/context.c:870)
11/20 19:19:22.764: [sbi] DEBUG: ogs_sbi_nf_instance_remove() (../lib/sbi/context.c:870)
11/20 19:19:22.764: [sbi] DEBUG: ogs_sbi_nf_instance_remove() (../lib/sbi/context.c:870)
11/20 19:19:22.764: [sbi] DEBUG: ogs_sbi_nf_instance_remove() (../lib/sbi/context.c:870)
11/20 19:19:22.764: [sbi] DEBUG: ogs_sbi_client_remove() [127.0.0.11:7777] (../lib/sbi/client.c:153)
11/20 19:19:22.764: [sbi] DEBUG: ogs_sbi_client_remove() [127.0.0.12:7777] (../lib/sbi/client.c:153)
11/20 19:19:22.764: [sbi] DEBUG: ogs_sbi_client_remove() [127.0.0.13:7777] (../lib/sbi/client.c:153)
11/20 19:19:22.764: [sbi] DEBUG: ogs_sbi_client_remove() [127.0.0.4:7777] (../lib/sbi/client.c:153)
11/20 19:19:22.765: [sbi] DEBUG: ogs_sbi_client_remove() [127.0.0.5:7777] (../lib/sbi/client.c:153)
11/20 19:19:22.765: [sbi] DEBUG: ogs_sbi_nf_instance_remove() (../lib/sbi/context.c:870)
11/20 19:19:22.765: [sbi] DEBUG: ogs_sbi_nf_instance_remove() (../lib/sbi/context.c:870)
11/20 19:19:22.765: [sbi] DEBUG: ogs_sbi_client_remove() [::1:7777] (../lib/sbi/client.c:153)
11/20 19:19:22.765: [sbi] DEBUG: [UNREF] 2 (../lib/sbi/client.c:157)
11/20 19:19:22.765: [sbi] DEBUG: ogs_sbi_nf_instance_remove() (../lib/sbi/context.c:870)
11/20 19:19:22.765: [sbi] DEBUG: ogs_sbi_nf_instance_remove() (../lib/sbi/context.c:870)
11/20 19:19:22.765: [sbi] DEBUG: ogs_sbi_client_remove() [127.0.0.12:7777] (../lib/sbi/client.c:153)
11/20 19:19:22.765: [sbi] DEBUG: [UNREF] 2 (../lib/sbi/client.c:157)
11/20 19:19:22.765: [sbi] DEBUG: ogs_sbi_client_remove() [127.0.0.12:80] (../lib/sbi/client.c:153)
11/20 19:19:22.765: [sbi] DEBUG: [UNREF] 2 (../lib/sbi/client.c:157)
11/20 19:19:22.765: [sbi] DEBUG: ogs_sbi_client_remove() [::1:7777] (../lib/sbi/client.c:153)
11/20 19:19:22.766: [sbi] DEBUG: ogs_sbi_client_remove() [127.0.0.12:80] (../lib/sbi/client.c:153)
11/20 19:19:22.766: [sbi] DEBUG: ogs_sbi_client_remove() [127.0.0.12:7777] (../lib/sbi/client.c:153)
11/20 19:19:22.766: [sbi] DEBUG: ogs_sbi_nf_instance_remove() (../lib/sbi/context.c:870)
11/20 19:19:22.766: [sbi] DEBUG: ogs_sbi_nf_instance_remove() (../lib/sbi/context.c:870)
11/20 19:19:22.766: [sbi] DEBUG: ogs_sbi_client_remove() [::1:7777] (../lib/sbi/client.c:153)
11/20 19:19:22.766: [sbi] DEBUG: [UNREF] 2 (../lib/sbi/client.c:157)
11/20 19:19:22.766: [sbi] DEBUG: ogs_sbi_nf_instance_remove() (../lib/sbi/context.c:870)
11/20 19:19:22.766: [sbi] DEBUG: ogs_sbi_client_remove() [::1:7777] (../lib/sbi/client.c:153)
11/20 19:19:22.767: [app] INFO: NRF terminate...done (../src/nrf/app.c:39)
11/20 19:19:22.768: [sbi] DEBUG: ogs_sbi_nf_instance_remove() (../lib/sbi/context.c:870)
11/20 19:19:22.768: [sbi] DEBUG: ogs_sbi_nf_instance_remove() (../lib/sbi/context.c:870)
11/20 19:19:22.768: [sbi] DEBUG: ogs_sbi_client_remove() [::1:7777] (../lib/sbi/client.c:153)
11/20 19:19:22.768: [sbi] DEBUG: [UNREF] 2 (../lib/sbi/client.c:157)
11/20 19:19:22.768: [sbi] DEBUG: ogs_sbi_nf_instance_remove() (../lib/sbi/context.c:870)
11/20 19:19:22.768: [sbi] DEBUG: ogs_sbi_nf_instance_remove() (../lib/sbi/context.c:870)
11/20 19:19:22.768: [sbi] DEBUG: ogs_sbi_client_remove() [127.0.0.11:7777] (../lib/sbi/client.c:153)
11/20 19:19:22.768: [sbi] DEBUG: [UNREF] 2 (../lib/sbi/client.c:157)
11/20 19:19:22.768: [sbi] DEBUG: ogs_sbi_client_remove() [127.0.0.11:80] (../lib/sbi/client.c:153)
11/20 19:19:22.768: [sbi] DEBUG: [UNREF] 2 (../lib/sbi/client.c:157)
11/20 19:19:22.768: [sbi] DEBUG: ogs_sbi_nf_instance_remove() (../lib/sbi/context.c:870)
11/20 19:19:22.768: [sbi] DEBUG: ogs_sbi_client_remove() [127.0.0.12:7777] (../lib/sbi/client.c:153)
11/20 19:19:22.768: [sbi] DEBUG: [UNREF] 3 (../lib/sbi/client.c:157)
11/20 19:19:22.768: [sbi] DEBUG: ogs_sbi_client_remove() [127.0.0.12:7777] (../lib/sbi/client.c:153)
11/20 19:19:22.768: [sbi] DEBUG: [UNREF] 2 (../lib/sbi/client.c:157)
11/20 19:19:22.768: [sbi] DEBUG: ogs_sbi_client_remove() [127.0.0.12:80] (../lib/sbi/client.c:153)
11/20 19:19:22.768: [sbi] DEBUG: [UNREF] 2 (../lib/sbi/client.c:157)
11/20 19:19:22.768: [sbi] DEBUG: ogs_sbi_nf_instance_remove() (../lib/sbi/context.c:870)
11/20 19:19:22.768: [sbi] DEBUG: ogs_sbi_client_remove() [127.0.0.13:7777] (../lib/sbi/client.c:153)
11/20 19:19:22.768: [sbi] DEBUG: [UNREF] 2 (../lib/sbi/client.c:157)
11/20 19:19:22.768: [sbi] DEBUG: ogs_sbi_client_remove() [127.0.0.13:80] (../lib/sbi/client.c:153)
11/20 19:19:22.768: [sbi] DEBUG: [UNREF] 2 (../lib/sbi/client.c:157)
11/20 19:19:22.768: [sbi] DEBUG: ogs_sbi_nf_instance_remove() (../lib/sbi/context.c:870)
11/20 19:19:22.768: [sbi] DEBUG: ogs_sbi_client_remove() [127.0.0.14:7777] (../lib/sbi/client.c:153)
11/20 19:19:22.768: [app] INFO: NSSF terminate...done (../src/nssf/app.c:39)
11/20 19:19:22.768: [sbi] DEBUG: [UNREF] 2 (../lib/sbi/client.c:157)
11/20 19:19:22.768: [sbi] DEBUG: ogs_sbi_client_remove() [127.0.0.14:80] (../lib/sbi/client.c:153)
11/20 19:19:22.768: [sbi] DEBUG: [UNREF] 2 (../lib/sbi/client.c:157)
11/20 19:19:22.768: [sbi] DEBUG: ogs_sbi_nf_instance_remove() (../lib/sbi/context.c:870)
11/20 19:19:22.768: [sbi] DEBUG: ogs_sbi_client_remove() [127.0.0.4:7777] (../lib/sbi/client.c:153)
11/20 19:19:22.768: [sbi] DEBUG: [UNREF] 2 (../lib/sbi/client.c:157)
11/20 19:19:22.768: [sbi] DEBUG: ogs_sbi_client_remove() [127.0.0.4:80] (../lib/sbi/client.c:153)
11/20 19:19:22.768: [sbi] DEBUG: [UNREF] 2 (../lib/sbi/client.c:157)
11/20 19:19:22.768: [sbi] DEBUG: ogs_sbi_nf_instance_remove() (../lib/sbi/context.c:870)
11/20 19:19:22.769: [sbi] DEBUG: ogs_sbi_nf_instance_remove() (../lib/sbi/context.c:870)
11/20 19:19:22.769: [sbi] DEBUG: ogs_sbi_client_remove() [::1:7777] (../lib/sbi/client.c:153)
11/20 19:19:22.769: [sbi] DEBUG: [UNREF] 2 (../lib/sbi/client.c:157)
11/20 19:19:22.769: [sbi] DEBUG: ogs_sbi_nf_instance_remove() (../lib/sbi/context.c:870)
11/20 19:19:22.769: [sbi] DEBUG: ogs_sbi_nf_instance_remove() (../lib/sbi/context.c:870)
11/20 19:19:22.769: [sbi] DEBUG: ogs_sbi_client_remove() [127.0.0.15:7777] (../lib/sbi/client.c:153)
11/20 19:19:22.769: [sbi] DEBUG: ogs_sbi_client_remove() [::1:7777] (../lib/sbi/client.c:153)
11/20 19:19:22.769: [sbi] DEBUG: [UNREF] 2 (../lib/sbi/client.c:157)
11/20 19:19:22.769: [sbi] DEBUG: ogs_sbi_client_remove() [127.0.0.15:80] (../lib/sbi/client.c:153)
11/20 19:19:22.769: [sbi] DEBUG: [UNREF] 2 (../lib/sbi/client.c:157)
11/20 19:19:22.769: [sbi] DEBUG: ogs_sbi_nf_instance_remove() (../lib/sbi/context.c:870)
11/20 19:19:22.769: [sbi] DEBUG: ogs_sbi_client_remove() [127.0.0.20:7777] (../lib/sbi/client.c:153)
11/20 19:19:22.769: [sbi] DEBUG: [UNREF] 2 (../lib/sbi/client.c:157)
11/20 19:19:22.769: [sbi] DEBUG: ogs_sbi_client_remove() [127.0.0.20:80] (../lib/sbi/client.c:153)
11/20 19:19:22.769: [sbi] DEBUG: [UNREF] 2 (../lib/sbi/client.c:157)
11/20 19:19:22.769: [sbi] DEBUG: ogs_sbi_client_remove() [127.0.0.11:80] (../lib/sbi/client.c:153)
11/20 19:19:22.769: [sbi] DEBUG: ogs_sbi_client_remove() [127.0.0.11:7777] (../lib/sbi/client.c:153)
11/20 19:19:22.769: [sbi] DEBUG: ogs_sbi_client_remove() [::1:7777] (../lib/sbi/client.c:153)
11/20 19:19:22.769: [sbi] DEBUG: ogs_sbi_client_remove() [127.0.0.12:80] (../lib/sbi/client.c:153)
11/20 19:19:22.769: [sbi] DEBUG: ogs_sbi_client_remove() [127.0.0.12:7777] (../lib/sbi/client.c:153)
11/20 19:19:22.769: [sbi] DEBUG: ogs_sbi_client_remove() [127.0.0.13:80] (../lib/sbi/client.c:153)
11/20 19:19:22.769: [sbi] DEBUG: ogs_sbi_client_remove() [127.0.0.13:7777] (../lib/sbi/client.c:153)
11/20 19:19:22.769: [sbi] DEBUG: ogs_sbi_client_remove() [127.0.0.15:80] (../lib/sbi/client.c:153)
11/20 19:19:22.769: [sbi] DEBUG: ogs_sbi_client_remove() [127.0.0.15:7777] (../lib/sbi/client.c:153)
11/20 19:19:22.769: [sbi] DEBUG: ogs_sbi_client_remove() [127.0.0.14:80] (../lib/sbi/client.c:153)
11/20 19:19:22.770: [sbi] DEBUG: ogs_sbi_client_remove() [127.0.0.14:7777] (../lib/sbi/client.c:153)
11/20 19:19:22.770: [sbi] DEBUG: ogs_sbi_client_remove() [127.0.0.20:80] (../lib/sbi/client.c:153)
11/20 19:19:22.770: [sbi] DEBUG: ogs_sbi_client_remove() [127.0.0.20:7777] (../lib/sbi/client.c:153)
11/20 19:19:22.770: [sbi] DEBUG: ogs_sbi_client_remove() [127.0.0.10:7777] (../lib/sbi/client.c:153)
11/20 19:19:22.770: [sbi] DEBUG: ogs_sbi_client_remove() [127.0.0.5:7777] (../lib/sbi/client.c:153)
11/20 19:19:22.770: [sbi] DEBUG: ogs_sbi_client_remove() [127.0.0.4:80] (../lib/sbi/client.c:153)
11/20 19:19:22.770: [sbi] DEBUG: ogs_sbi_client_remove() [127.0.0.4:7777] (../lib/sbi/client.c:153)
11/20 19:19:22.770: [sbi] DEBUG: ogs_sbi_client_remove() [127.0.0.4:7777] (../lib/sbi/client.c:153)
11/20 19:19:22.770: [app] INFO: BSF terminate...done (../src/bsf/app.c:39)
11/20 19:19:22.771: [thread] DEBUG: [0x56470442aea0] worker done (../lib/core/ogs-thread.c:72)
11/20 19:19:22.771: [sbi] DEBUG: ogs_sbi_nf_instance_remove() (../lib/sbi/context.c:870)
11/20 19:19:22.771: [sbi] DEBUG: ogs_sbi_nf_instance_remove() (../lib/sbi/context.c:870)
11/20 19:19:22.771: [sbi] DEBUG: ogs_sbi_client_remove() [::1:7777] (../lib/sbi/client.c:153)
11/20 19:19:22.771: [sbi] DEBUG: [UNREF] 2 (../lib/sbi/client.c:157)
11/20 19:19:22.771: [sbi] DEBUG: ogs_sbi_nf_instance_remove() (../lib/sbi/context.c:870)
11/20 19:19:22.771: [sbi] DEBUG: ogs_sbi_client_remove() [::1:7777] (../lib/sbi/client.c:153)
11/20 19:19:22.772: [thread] DEBUG: [0x56470442b0b0] worker done (../lib/core/ogs-thread.c:72)
11/20 19:19:22.772: [sbi] DEBUG: connection closed [127.0.0.1]:44972 (../lib/sbi/nghttp2-server.c:618)
11/20 19:19:22.772: [sbi] DEBUG: connection closed [127.0.0.1]:44990 (../lib/sbi/nghttp2-server.c:618)
11/20 19:19:22.772: [sbi] DEBUG: connection closed [127.0.0.1]:44996 (../lib/sbi/nghttp2-server.c:618)
11/20 19:19:22.772: [sbi] DEBUG: connection closed [127.0.0.1]:45002 (../lib/sbi/nghttp2-server.c:618)
11/20 19:19:22.772: [sbi] DEBUG: connection closed [127.0.0.1]:45006 (../lib/sbi/nghttp2-server.c:618)
11/20 19:19:22.772: [sbi] DEBUG: connection closed [127.0.0.1]:45008 (../lib/sbi/nghttp2-server.c:618)
11/20 19:19:22.772: [sbi] DEBUG: connection closed [127.0.0.1]:45010 (../lib/sbi/nghttp2-server.c:618)
11/20 19:19:22.772: [thread] DEBUG: [0x564704429f10] worker done (../lib/core/ogs-thread.c:72)
11/20 19:19:22.772: [sbi] WARNING: [7] Failed to connect to ::1 port 7777: Connection refused (../lib/sbi/client.c:595)
11/20 19:19:22.772: [sbi] WARNING: ogs_sbi_client_handler() failed [-1] (../lib/sbi/path.c:61)
11/20 19:19:22.772: [udm] DEBUG: udm_state_operational(): EXIT (../src/udm/udm-sm.c:53)
11/20 19:19:22.772: [udm] DEBUG: udm_state_final(): INIT (../src/udm/udm-sm.c:34)
11/20 19:19:22.772: [thread] DEBUG: [0x55631d9d3de0] worker done (../lib/core/ogs-thread.c:72)
11/20 19:19:22.773: [app] INFO: AUSF terminate...done (../src/ausf/app.c:39)
11/20 19:19:22.773: [thread] DEBUG: [0x55631d9d3de0] thread destroy (../lib/core/ogs-thread.c:123)
11/20 19:19:22.773: [thread] DEBUG: [0x55631d9d3de0] thread join (../lib/core/ogs-thread.c:132)
11/20 19:19:22.773: [thread] DEBUG: [0x55631d9d3de0] thread done (../lib/core/ogs-thread.c:138)
11/20 19:19:22.773: [udm] DEBUG: udm_ue_state_operational(): EXIT (../src/udm/ue-sm.c:46)
11/20 19:19:22.773: [sbi] DEBUG: ogs_sbi_nf_instance_remove() (../lib/sbi/context.c:870)
11/20 19:19:22.773: [sbi] DEBUG: [UNREF] 4 (../lib/sbi/context.c:873)
11/20 19:19:22.773: [udm] DEBUG: udm_ue_state_operational(): EXIT (../src/udm/ue-sm.c:46)
11/20 19:19:22.773: [sbi] DEBUG: ogs_sbi_nf_instance_remove() (../lib/sbi/context.c:870)
11/20 19:19:22.773: [sbi] DEBUG: [UNREF] 3 (../lib/sbi/context.c:873)
11/20 19:19:22.773: [udm] DEBUG: udm_ue_state_operational(): EXIT (../src/udm/ue-sm.c:46)
11/20 19:19:22.773: [sbi] DEBUG: ogs_sbi_nf_instance_remove() (../lib/sbi/context.c:870)
11/20 19:19:22.773: [sbi] DEBUG: [UNREF] 2 (../lib/sbi/context.c:873)
11/20 19:19:22.774: [sbi] DEBUG: ogs_sbi_nf_instance_remove() (../lib/sbi/context.c:870)
11/20 19:19:22.774: [sbi] DEBUG: ogs_sbi_nf_instance_remove() (../lib/sbi/context.c:870)
11/20 19:19:22.774: [sbi] DEBUG: ogs_sbi_client_remove() [::1:7777] (../lib/sbi/client.c:153)
11/20 19:19:22.774: [sbi] DEBUG: [UNREF] 2 (../lib/sbi/client.c:157)
11/20 19:19:22.774: [sbi] DEBUG: ogs_sbi_nf_instance_remove() (../lib/sbi/context.c:870)
11/20 19:19:22.774: [sbi] DEBUG: ogs_sbi_nf_instance_remove() (../lib/sbi/context.c:870)
11/20 19:19:22.774: [sbi] DEBUG: ogs_sbi_client_remove() [127.0.0.20:7777] (../lib/sbi/client.c:153)
11/20 19:19:22.774: [sbi] DEBUG: [UNREF] 2 (../lib/sbi/client.c:157)
11/20 19:19:22.774: [sbi] DEBUG: ogs_sbi_client_remove() [127.0.0.20:80] (../lib/sbi/client.c:153)
11/20 19:19:22.774: [sbi] DEBUG: [UNREF] 2 (../lib/sbi/client.c:157)
11/20 19:19:22.774: [sbi] DEBUG: ogs_sbi_client_remove() [::1:7777] (../lib/sbi/client.c:153)
11/20 19:19:22.774: [sbi] DEBUG: ogs_sbi_client_remove() [127.0.0.20:80] (../lib/sbi/client.c:153)
11/20 19:19:22.774: [sbi] DEBUG: ogs_sbi_client_remove() [127.0.0.20:7777] (../lib/sbi/client.c:153)
11/20 19:19:22.775: [thread] DEBUG: [0x56470442a870] worker done (../lib/core/ogs-thread.c:72)
11/20 19:19:22.776: [sctp] INFO: AMF terminate...done (../src/amf/app.c:42)
11/20 19:19:22.776: [app] INFO: UDM terminate...done (../src/udm/app.c:39)
11/20 19:19:22.777: [app] INFO: PCF terminate...done (../src/pcf/app.c:39)
11/20 19:19:22.777: [app] INFO: UDR terminate...done (../src/udr/app.c:39)
11/20 19:19:22.779: [thread] DEBUG: [0x56470442aa80] worker done (../lib/core/ogs-thread.c:72)
11/20 19:19:22.779: [thread] DEBUG: [0x56470442a660] worker done (../lib/core/ogs-thread.c:72)
11/20 19:19:22.779: [thread] DEBUG: [0x56470442a660] thread destroy (../lib/core/ogs-thread.c:123)
11/20 19:19:22.779: [thread] DEBUG: [0x56470442a660] thread join (../lib/core/ogs-thread.c:132)
11/20 19:19:22.779: [thread] DEBUG: [0x56470442a660] thread done (../lib/core/ogs-thread.c:138)
11/20 19:19:22.779: [thread] DEBUG: [0x56470442a450] thread running(1) (../lib/core/ogs-thread.c:111)
11/20 19:19:22.780: [pfcp] DEBUG: [1] REMOTE Delete  peer [127.0.0.4]:8805 (../lib/pfcp/xact.c:813)
11/20 19:19:22.780: [pfcp] DEBUG: [2] REMOTE Delete  peer [127.0.0.4]:8805 (../lib/pfcp/xact.c:813)
11/20 19:19:22.780: [pfcp] DEBUG: [3] REMOTE Delete  peer [127.0.0.4]:8805 (../lib/pfcp/xact.c:813)
11/20 19:19:22.780: [pfcp] DEBUG: [4] REMOTE Delete  peer [127.0.0.4]:8805 (../lib/pfcp/xact.c:813)
11/20 19:19:22.780: [pfcp] DEBUG: [5] REMOTE Delete  peer [127.0.0.4]:8805 (../lib/pfcp/xact.c:813)
11/20 19:19:22.780: [pfcp] DEBUG: [6] REMOTE Delete  peer [127.0.0.4]:8805 (../lib/pfcp/xact.c:813)
11/20 19:19:22.780: [pfcp] DEBUG: [7] REMOTE Delete  peer [127.0.0.4]:8805 (../lib/pfcp/xact.c:813)
11/20 19:19:22.780: [pfcp] DEBUG: [8] REMOTE Delete  peer [127.0.0.4]:8805 (../lib/pfcp/xact.c:813)
11/20 19:19:22.780: [pfcp] DEBUG: [9] REMOTE Delete  peer [127.0.0.4]:8805 (../lib/pfcp/xact.c:813)
11/20 19:19:22.780: [pfcp] DEBUG: [10] REMOTE Delete  peer [127.0.0.4]:8805 (../lib/pfcp/xact.c:813)
11/20 19:19:22.780: [app] INFO: UPF terminate...done (../src/upf/app.c:39)
11/20 19:19:22.781: [thread] DEBUG: [0x56470442ac90] worker done (../lib/core/ogs-thread.c:72)
11/20 19:19:22.781: [thread] DEBUG: [0x56470442b2c0] worker done (../lib/core/ogs-thread.c:72)
11/20 19:19:22.781: [thread] DEBUG: [0x56470442a240] worker done (../lib/core/ogs-thread.c:72)
11/20 19:19:22.893: [pfcp] DEBUG: [1] REMOTE Delete  peer [127.0.0.7]:8805 (../lib/pfcp/xact.c:813)
11/20 19:19:22.894: [sbi] DEBUG: ogs_sbi_nf_instance_remove() (../lib/sbi/context.c:870)
11/20 19:19:22.894: [sbi] DEBUG: ogs_sbi_nf_instance_remove() (../lib/sbi/context.c:870)
11/20 19:19:22.894: [sbi] DEBUG: ogs_sbi_client_remove() [::1:7777] (../lib/sbi/client.c:153)
11/20 19:19:22.894: [sbi] DEBUG: [UNREF] 2 (../lib/sbi/client.c:157)
11/20 19:19:22.894: [sbi] DEBUG: ogs_sbi_nf_instance_remove() (../lib/sbi/context.c:870)
11/20 19:19:22.894: [sbi] DEBUG: ogs_sbi_nf_instance_remove() (../lib/sbi/context.c:870)
11/20 19:19:22.894: [sbi] DEBUG: ogs_sbi_client_remove() [127.0.0.5:7777] (../lib/sbi/client.c:153)
11/20 19:19:22.894: [sbi] DEBUG: [UNREF] 2 (../lib/sbi/client.c:157)
11/20 19:19:22.894: [sbi] DEBUG: ogs_sbi_client_remove() [127.0.0.5:80] (../lib/sbi/client.c:153)
11/20 19:19:22.894: [sbi] DEBUG: [UNREF] 2 (../lib/sbi/client.c:157)
11/20 19:19:22.894: [sbi] DEBUG: ogs_sbi_nf_instance_remove() (../lib/sbi/context.c:870)
11/20 19:19:22.894: [sbi] DEBUG: ogs_sbi_client_remove() [127.0.0.12:7777] (../lib/sbi/client.c:153)
11/20 19:19:22.894: [sbi] DEBUG: [UNREF] 2 (../lib/sbi/client.c:157)
11/20 19:19:22.894: [sbi] DEBUG: ogs_sbi_client_remove() [127.0.0.12:80] (../lib/sbi/client.c:153)
11/20 19:19:22.894: [sbi] DEBUG: [UNREF] 2 (../lib/sbi/client.c:157)
11/20 19:19:22.894: [sbi] DEBUG: ogs_sbi_nf_instance_remove() (../lib/sbi/context.c:870)
11/20 19:19:22.894: [sbi] DEBUG: ogs_sbi_client_remove() [127.0.0.13:7777] (../lib/sbi/client.c:153)
11/20 19:19:22.894: [sbi] DEBUG: [UNREF] 2 (../lib/sbi/client.c:157)
11/20 19:19:22.894: [sbi] DEBUG: ogs_sbi_client_remove() [127.0.0.13:80] (../lib/sbi/client.c:153)
11/20 19:19:22.894: [sbi] DEBUG: [UNREF] 2 (../lib/sbi/client.c:157)
11/20 19:19:22.894: [sbi] DEBUG: ogs_sbi_client_remove() [::1:7777] (../lib/sbi/client.c:153)
11/20 19:19:22.895: [sbi] DEBUG: ogs_sbi_client_remove() [127.0.0.5:80] (../lib/sbi/client.c:153)
11/20 19:19:22.895: [sbi] DEBUG: ogs_sbi_client_remove() [127.0.0.5:7777] (../lib/sbi/client.c:153)
11/20 19:19:22.895: [sbi] DEBUG: ogs_sbi_client_remove() [127.0.0.12:80] (../lib/sbi/client.c:153)
11/20 19:19:22.895: [sbi] DEBUG: ogs_sbi_client_remove() [127.0.0.12:7777] (../lib/sbi/client.c:153)
11/20 19:19:22.895: [sbi] DEBUG: ogs_sbi_client_remove() [127.0.0.13:80] (../lib/sbi/client.c:153)
11/20 19:19:22.895: [sbi] DEBUG: ogs_sbi_client_remove() [127.0.0.13:7777] (../lib/sbi/client.c:153)
11/20 19:19:22.896: [app] INFO: SMF terminate...done (../src/smf/app.c:39)
11/20 19:19:22.899: [thread] DEBUG: [0x56470442a450] worker done (../lib/core/ogs-thread.c:72)
11/20 19:19:22.899: [thread] DEBUG: [0x56470442a450] thread destroy (../lib/core/ogs-thread.c:123)
11/20 19:19:22.899: [thread] DEBUG: [0x56470442a450] thread join (../lib/core/ogs-thread.c:132)
11/20 19:19:22.899: [thread] DEBUG: [0x56470442a450] thread done (../lib/core/ogs-thread.c:138)
11/20 19:19:22.899: [thread] DEBUG: [0x56470442a240] thread running(0) (../lib/core/ogs-thread.c:111)
11/20 19:19:22.899: [thread] DEBUG: [0x56470442a240] thread destroy (../lib/core/ogs-thread.c:123)
11/20 19:19:22.899: [thread] DEBUG: [0x56470442a240] thread join (../lib/core/ogs-thread.c:132)
11/20 19:19:22.899: [thread] DEBUG: [0x56470442a240] thread done (../lib/core/ogs-thread.c:138)
11/20 19:19:22.899: [thread] DEBUG: [0x56470442b2c0] thread running(0) (../lib/core/ogs-thread.c:111)
11/20 19:19:22.899: [thread] DEBUG: [0x56470442b2c0] thread destroy (../lib/core/ogs-thread.c:123)
11/20 19:19:22.899: [thread] DEBUG: [0x56470442b2c0] thread join (../lib/core/ogs-thread.c:132)
11/20 19:19:22.899: [thread] DEBUG: [0x56470442b2c0] thread done (../lib/core/ogs-thread.c:138)
11/20 19:19:22.899: [thread] DEBUG: [0x56470442aea0] thread running(0) (../lib/core/ogs-thread.c:111)
11/20 19:19:22.899: [thread] DEBUG: [0x56470442aea0] thread destroy (../lib/core/ogs-thread.c:123)
11/20 19:19:22.900: [thread] DEBUG: [0x56470442aea0] thread join (../lib/core/ogs-thread.c:132)
11/20 19:19:22.900: [thread] DEBUG: [0x56470442aea0] thread done (../lib/core/ogs-thread.c:138)
11/20 19:19:22.900: [thread] DEBUG: [0x56470442b0b0] thread running(0) (../lib/core/ogs-thread.c:111)
11/20 19:19:22.900: [thread] DEBUG: [0x56470442b0b0] thread destroy (../lib/core/ogs-thread.c:123)
11/20 19:19:22.900: [thread] DEBUG: [0x56470442b0b0] thread join (../lib/core/ogs-thread.c:132)
11/20 19:19:22.900: [thread] DEBUG: [0x56470442b0b0] thread done (../lib/core/ogs-thread.c:138)
11/20 19:19:22.900: [thread] DEBUG: [0x56470442ac90] thread running(0) (../lib/core/ogs-thread.c:111)
11/20 19:19:22.900: [thread] DEBUG: [0x56470442ac90] thread destroy (../lib/core/ogs-thread.c:123)
11/20 19:19:22.900: [thread] DEBUG: [0x56470442ac90] thread join (../lib/core/ogs-thread.c:132)
11/20 19:19:22.900: [thread] DEBUG: [0x56470442ac90] thread done (../lib/core/ogs-thread.c:138)
11/20 19:19:22.900: [thread] DEBUG: [0x56470442aa80] thread running(0) (../lib/core/ogs-thread.c:111)
11/20 19:19:22.900: [thread] DEBUG: [0x56470442aa80] thread destroy (../lib/core/ogs-thread.c:123)
11/20 19:19:22.900: [thread] DEBUG: [0x56470442aa80] thread join (../lib/core/ogs-thread.c:132)
11/20 19:19:22.900: [thread] DEBUG: [0x56470442aa80] thread done (../lib/core/ogs-thread.c:138)
11/20 19:19:22.900: [thread] DEBUG: [0x56470442a870] thread running(0) (../lib/core/ogs-thread.c:111)
11/20 19:19:22.900: [thread] DEBUG: [0x56470442a870] thread destroy (../lib/core/ogs-thread.c:123)
11/20 19:19:22.900: [thread] DEBUG: [0x56470442a870] thread join (../lib/core/ogs-thread.c:132)
11/20 19:19:22.900: [thread] DEBUG: [0x56470442a870] thread done (../lib/core/ogs-thread.c:138)
11/20 19:19:22.900: [thread] DEBUG: [0x564704429f10] thread running(0) (../lib/core/ogs-thread.c:111)
11/20 19:19:22.900: [thread] DEBUG: [0x564704429f10] thread destroy (../lib/core/ogs-thread.c:123)
11/20 19:19:22.900: [thread] DEBUG: [0x564704429f10] thread join (../lib/core/ogs-thread.c:132)
11/20 19:19:22.900: [thread] DEBUG: [0x564704429f10] thread done (../lib/core/ogs-thread.c:138)
11/20 19:20:25.095: [thread] DEBUG: [0x556d0cae9f10] thread started (../lib/core/ogs-thread.c:101)
11/20 19:20:25.095: [thread] DEBUG: [0x556d0cae9f10] worker signal (../lib/core/ogs-thread.c:66)
Open5GS daemon v2.5.5

11/20 19:20:25.103: [app] INFO: Configuration: '/home/test/build/configs/sample.yaml' (../lib/app/ogs-init.c:126)
11/20 19:20:25.103: [app] INFO: File Logging: '/home/test/test.log' (../lib/app/ogs-init.c:129)
11/20 19:20:25.103: [app] INFO: LOG-LEVEL: 'debug' (../lib/app/ogs-init.c:132)
11/20 19:20:25.136: [sock] DEBUG: addr:127.0.0.10, port:7777 (../lib/core/ogs-sockaddr.c:140)
11/20 19:20:25.136: [sock] DEBUG: addr:::1, port:7777 (../lib/core/ogs-sockaddr.c:140)
11/20 19:20:25.136: [sock] DEBUG: socket create(2:1:6) (../lib/core/ogs-socket.c:92)
11/20 19:20:25.136: [sock] DEBUG: Turn on TCP_NODELAY (../lib/core/ogs-sockopt.c:139)
11/20 19:20:25.136: [sock] DEBUG: Turn on SO_REUSEADDR (../lib/core/ogs-sockopt.c:120)
11/20 19:20:25.136: [sock] DEBUG: socket bind 127.0.0.10:7777 (../lib/core/ogs-socket.c:117)
11/20 19:20:25.136: [sock] DEBUG: tcp_server() [127.0.0.10]:7777 (../lib/core/ogs-tcp.c:61)
11/20 19:20:25.136: [sbi] INFO: nghttp2_server() [127.0.0.10]:7777 (../lib/sbi/nghttp2-server.c:151)
11/20 19:20:25.136: [sock] DEBUG: socket create(10:1:6) (../lib/core/ogs-socket.c:92)
11/20 19:20:25.136: [sock] DEBUG: Turn on TCP_NODELAY (../lib/core/ogs-sockopt.c:139)
11/20 19:20:25.136: [sock] DEBUG: Turn on SO_REUSEADDR (../lib/core/ogs-sockopt.c:120)
11/20 19:20:25.136: [sock] DEBUG: socket bind ::1:7777 (../lib/core/ogs-socket.c:117)
11/20 19:20:25.136: [sock] DEBUG: tcp_server() [::1]:7777 (../lib/core/ogs-tcp.c:61)
11/20 19:20:25.136: [sbi] INFO: nghttp2_server() [::1]:7777 (../lib/sbi/nghttp2-server.c:151)
11/20 19:20:25.136: [thread] DEBUG: [0x56051c291c40] thread started (../lib/core/ogs-thread.c:101)
11/20 19:20:25.136: [app] INFO: NRF initialize...done (../src/nrf/app.c:31)
11/20 19:20:25.136: [thread] DEBUG: [0x56051c291c40] worker signal (../lib/core/ogs-thread.c:66)
11/20 19:20:25.136: [nrf] DEBUG: nrf_state_initial(): INIT (../src/nrf/nrf-sm.c:25)
11/20 19:20:25.136: [nrf] DEBUG: nrf_state_operational(): ENTRY (../src/nrf/nrf-sm.c:50)
11/20 19:20:25.146: [thread] DEBUG: [0x556d0caeb980] worker signal (../lib/core/ogs-thread.c:66)
11/20 19:20:25.147: [thread] DEBUG: [0x556d0caeb980] thread started (../lib/core/ogs-thread.c:101)
Open5GS daemon v2.5.5

11/20 19:20:25.153: [app] INFO: Configuration: '/home/test/build/configs/sample.yaml' (../lib/app/ogs-init.c:126)
11/20 19:20:25.153: [app] INFO: File Logging: '/home/test/test.log' (../lib/app/ogs-init.c:129)
11/20 19:20:25.153: [app] INFO: LOG-LEVEL: 'debug' (../lib/app/ogs-init.c:132)
11/20 19:20:25.197: [thread] DEBUG: [0x556d0caebb90] thread started (../lib/core/ogs-thread.c:101)
11/20 19:20:25.197: [thread] DEBUG: [0x556d0caebb90] worker signal (../lib/core/ogs-thread.c:66)
Open5GS daemon v2.5.5

11/20 19:20:25.217: [app] INFO: Configuration: '/home/test/build/configs/sample.yaml' (../lib/app/ogs-init.c:126)
11/20 19:20:25.217: [app] INFO: File Logging: '/home/test/test.log' (../lib/app/ogs-init.c:129)
11/20 19:20:25.217: [app] INFO: LOG-LEVEL: 'debug' (../lib/app/ogs-init.c:132)
11/20 19:20:25.247: [thread] DEBUG: [0x556d0caebda0] thread started (../lib/core/ogs-thread.c:101)
11/20 19:20:25.248: [thread] DEBUG: [0x556d0caebda0] worker signal (../lib/core/ogs-thread.c:66)
Open5GS daemon v2.5.5

11/20 19:20:25.260: [app] INFO: Configuration: '/home/test/build/configs/sample.yaml' (../lib/app/ogs-init.c:126)
11/20 19:20:25.260: [app] INFO: File Logging: '/home/test/test.log' (../lib/app/ogs-init.c:129)
11/20 19:20:25.260: [app] INFO: LOG-LEVEL: 'debug' (../lib/app/ogs-init.c:132)
11/20 19:20:25.298: [thread] DEBUG: [0x556d0caebfb0] worker signal (../lib/core/ogs-thread.c:66)
11/20 19:20:25.298: [thread] DEBUG: [0x556d0caebfb0] thread started (../lib/core/ogs-thread.c:101)
11/20 19:20:25.309: [sock] DEBUG: addr:127.0.0.5, port:7777 (../lib/core/ogs-sockaddr.c:140)
11/20 19:20:25.309: [sock] DEBUG: addr:127.0.0.10, port:7777 (../lib/core/ogs-sockaddr.c:140)
11/20 19:20:25.309: [sock] DEBUG: addr:::1, port:7777 (../lib/core/ogs-sockaddr.c:140)
11/20 19:20:25.309: [sock] DEBUG: addr:127.0.0.5, port:38412 (../lib/core/ogs-sockaddr.c:140)
11/20 19:20:25.309: [sock] DEBUG: addr:127.0.0.20, port:38412 (../lib/core/ogs-sockaddr.c:140)
11/20 19:20:25.309: [sock] DEBUG: addr:127.0.0.21, port:38412 (../lib/core/ogs-sockaddr.c:140)
11/20 19:20:25.310: [sock] DEBUG: addr:127.0.0.22, port:38412 (../lib/core/ogs-sockaddr.c:140)
11/20 19:20:25.310: [sock] DEBUG: addr:127.0.0.23, port:38412 (../lib/core/ogs-sockaddr.c:140)
11/20 19:20:25.310: [sock] DEBUG: addr:127.0.0.24, port:38412 (../lib/core/ogs-sockaddr.c:140)
11/20 19:20:25.310: [sock] DEBUG: addr:127.0.0.25, port:38412 (../lib/core/ogs-sockaddr.c:140)
11/20 19:20:25.310: [sock] DEBUG: addr:127.0.0.26, port:38412 (../lib/core/ogs-sockaddr.c:140)
11/20 19:20:25.310: [sock] DEBUG: addr:127.0.0.27, port:38412 (../lib/core/ogs-sockaddr.c:140)
11/20 19:20:25.310: [sock] DEBUG: addr:127.0.0.28, port:38412 (../lib/core/ogs-sockaddr.c:140)
Open5GS daemon v2.5.5

11/20 19:20:25.311: [app] INFO: Configuration: '/home/test/build/configs/sample.yaml' (../lib/app/ogs-init.c:126)
11/20 19:20:25.311: [app] INFO: File Logging: '/home/test/test.log' (../lib/app/ogs-init.c:129)
11/20 19:20:25.311: [app] INFO: LOG-LEVEL: 'debug' (../lib/app/ogs-init.c:132)
11/20 19:20:25.345: [sock] DEBUG: addr:127.0.0.10, port:7777 (../lib/core/ogs-sockaddr.c:140)
11/20 19:20:25.345: [sock] DEBUG: addr:::1, port:7777 (../lib/core/ogs-sockaddr.c:140)
11/20 19:20:25.345: [sock] DEBUG: addr:127.0.0.11, port:7777 (../lib/core/ogs-sockaddr.c:140)
11/20 19:20:25.345: [sbi] DEBUG: ogs_sbi_nf_state_initial(): ENTRY (../lib/sbi/nf-sm.c:66)
11/20 19:20:25.345: [sbi] DEBUG: ogs_sbi_nf_state_registered(): ENTRY (../lib/sbi/nf-sm.c:204)
11/20 19:20:25.345: [sbi] INFO: NF Service [nausf-auth] (../lib/sbi/context.c:1401)
11/20 19:20:25.345: [sbi] DEBUG: ogs_sbi_nf_state_initial(): ENTRY (../lib/sbi/nf-sm.c:66)
11/20 19:20:25.345: [sbi] DEBUG: ogs_sbi_nf_state_will_register(): ENTRY (../lib/sbi/nf-sm.c:118)
11/20 19:20:25.345: [sbi] DEBUG: [PUT] http://[::1]:7777/nnrf-nfm/v1/nf-instances/70c00fb2-694b-41ed-a1ea-09418c35a6fb (../lib/sbi/client.c:625)
11/20 19:20:25.345: [sbi] DEBUG: SENDING...[731] (../lib/sbi/client.c:401)
11/20 19:20:25.345: [sbi] DEBUG: {
	"nfInstanceId":	"70c00fb2-694b-41ed-a1ea-09418c35a6fb",
	"nfType":	"AUSF",
	"nfStatus":	"REGISTERED",
	"ipv4Addresses":	["127.0.0.11"],
	"allowedNfTypes":	["AMF", "SCP"],
	"priority":	0,
	"capacity":	100,
	"load":	0,
	"nfServiceList":	{
		"70c01df4-694b-41ed-a1ea-09418c35a6fb":	{
			"serviceInstanceId":	"70c01df4-694b-41ed-a1ea-09418c35a6fb",
			"serviceName":	"nausf-auth",
			"versions":	[{
					"apiVersionInUri":	"v1",
					"apiFullVersion":	"1.0.0"
				}],
			"scheme":	"http",
			"nfServiceStatus":	"REGISTERED",
			"ipEndPoints":	[{
					"ipv4Address":	"127.0.0.11",
					"port":	7777
				}],
			"allowedNfTypes":	["AMF"],
			"priority":	0,
			"capacity":	100,
			"load":	0
		}
	},
	"nfProfileChangesSupportInd":	true
} (../lib/sbi/client.c:403)
11/20 19:20:25.345: [sock] DEBUG: socket create(2:1:6) (../lib/core/ogs-socket.c:92)
11/20 19:20:25.345: [sock] DEBUG: Turn on TCP_NODELAY (../lib/core/ogs-sockopt.c:139)
11/20 19:20:25.345: [sock] DEBUG: Turn on SO_REUSEADDR (../lib/core/ogs-sockopt.c:120)
11/20 19:20:25.345: [sock] DEBUG: socket bind 127.0.0.11:7777 (../lib/core/ogs-socket.c:117)
11/20 19:20:25.345: [sock] DEBUG: tcp_server() [127.0.0.11]:7777 (../lib/core/ogs-tcp.c:61)
11/20 19:20:25.345: [sbi] INFO: nghttp2_server() [127.0.0.11]:7777 (../lib/sbi/nghttp2-server.c:151)
11/20 19:20:25.346: [thread] DEBUG: [0x55e0a4837420] thread started (../lib/core/ogs-thread.c:101)
11/20 19:20:25.346: [thread] DEBUG: [0x55e0a4837420] worker signal (../lib/core/ogs-thread.c:66)
11/20 19:20:25.346: [app] INFO: AUSF initialize...done (../src/ausf/app.c:31)
11/20 19:20:25.346: [ausf] DEBUG: ausf_state_initial(): INIT (../src/ausf/ausf-sm.c:25)
11/20 19:20:25.346: [ausf] DEBUG: ausf_state_operational(): ENTRY (../src/ausf/ausf-sm.c:52)
11/20 19:20:25.346: [sbi] DEBUG: MAX_CONCURRENT_STREAMS = 100 (../lib/sbi/nghttp2-server.c:747)
11/20 19:20:25.346: [sbi] DEBUG: ENABLE_PUSH = false (../lib/sbi/nghttp2-server.c:749)
11/20 19:20:25.346: [sbi] DEBUG: STREAM added [1] (../lib/sbi/nghttp2-server.c:1122)
11/20 19:20:25.346: [sbi] DEBUG: [PUT] /nnrf-nfm/v1/nf-instances/70c00fb2-694b-41ed-a1ea-09418c35a6fb (../lib/sbi/nghttp2-server.c:801)
11/20 19:20:25.346: [sbi] DEBUG: RECEIVED: 731 (../lib/sbi/nghttp2-server.c:805)
11/20 19:20:25.346: [sbi] DEBUG: {
	"nfInstanceId":	"70c00fb2-694b-41ed-a1ea-09418c35a6fb",
	"nfType":	"AUSF",
	"nfStatus":	"REGISTERED",
	"ipv4Addresses":	["127.0.0.11"],
	"allowedNfTypes":	["AMF", "SCP"],
	"priority":	0,
	"capacity":	100,
	"load":	0,
	"nfServiceList":	{
		"70c01df4-694b-41ed-a1ea-09418c35a6fb":	{
			"serviceInstanceId":	"70c01df4-694b-41ed-a1ea-09418c35a6fb",
			"serviceName":	"nausf-auth",
			"versions":	[{
					"apiVersionInUri":	"v1",
					"apiFullVersion":	"1.0.0"
				}],
			"scheme":	"http",
			"nfServiceStatus":	"REGISTERED",
			"ipEndPoints":	[{
					"ipv4Address":	"127.0.0.11",
					"port":	7777
				}],
			"allowedNfTypes":	["AMF"],
			"priority":	0,
			"capacity":	100,
			"load":	0
		}
	},
	"nfProfileChangesSupportInd":	true
} (../lib/sbi/nghttp2-server.c:806)
0000: 00000604 00000000 00000300 04e200     ...............
11/20 19:20:25.346: [nrf] DEBUG: nrf_state_operational(): OGS_EVENT_NAME_SBI_SERVER (../src/nrf/nrf-sm.c:50)
11/20 19:20:25.346: [sbi] DEBUG: ogs_sbi_nf_instance_add() (../lib/sbi/context.c:762)
11/20 19:20:25.346: [sbi] DEBUG: [REF] 1 (../lib/sbi/context.c:764)
11/20 19:20:25.346: [nrf] DEBUG: nrf_nf_state_initial(): ENTRY (../src/nrf/nf-sm.c:55)
11/20 19:20:25.346: [nrf] DEBUG: nrf_nf_state_will_register(): ENTRY (../src/nrf/nf-sm.c:93)
11/20 19:20:25.346: [nrf] DEBUG: nrf_nf_state_will_register(): OGS_EVENT_NAME_SBI_SERVER (../src/nrf/nf-sm.c:93)
11/20 19:20:25.346: [sock] DEBUG: addr:127.0.0.11, port:80 (../lib/core/ogs-sockaddr.c:140)
11/20 19:20:25.346: [sock] DEBUG: addr:127.0.0.11, port:7777 (../lib/core/ogs-sockaddr.c:140)
11/20 19:20:25.346: [sbi] DEBUG: STATUS [201] (../lib/sbi/nghttp2-server.c:357)
11/20 19:20:25.346: [sbi] DEBUG: SENDING...: 158 (../lib/sbi/nghttp2-server.c:365)
11/20 19:20:25.346: [sbi] DEBUG: {
	"nfInstanceId":	"70c00fb2-694b-41ed-a1ea-09418c35a6fb",
	"nfType":	"AUSF",
	"nfStatus":	"REGISTERED",
	"heartBeatTimer":	10,
	"nfProfileChangesInd":	true
} (../lib/sbi/nghttp2-server.c:366)
11/20 19:20:25.346: [sbi] DEBUG: STREAM closed [1] (../lib/sbi/nghttp2-server.c:852)
11/20 19:20:25.346: [nrf] DEBUG: nrf_nf_state_will_register(): EXIT (../src/nrf/nf-sm.c:93)
11/20 19:20:25.346: [nrf] DEBUG: nrf_nf_state_registered(): ENTRY (../src/nrf/nf-sm.c:183)
11/20 19:20:25.346: [nrf] INFO: [70c00fb2-694b-41ed-a1ea-09418c35a6fb] NF registered [Heartbeat:10s] (../src/nrf/nf-sm.c:191)
11/20 19:20:25.346: [sbi] DEBUG: MAX_CONCURRENT_STREAMS = 100 (../lib/sbi/nghttp2-server.c:747)
11/20 19:20:25.346: [sbi] DEBUG: ENABLE_PUSH = false (../lib/sbi/nghttp2-server.c:749)
0000: 00000004 01000000 00                  .........
0000: 00006b01 04000000 01488210 03768bd5   ..k......H...v..
0010: 596a6f16 e53b8976 d76f6196 d07abe94   Yjo..;.v.oa..z..
0020: 1054d27e ea080212 8066e081 704da98b   .T.~.....f..pM..
0030: 46ff0f0d 03313538 0f1fac62 aaac956a   F....158...b...j
0040: a5a58ee1 62a95635 4848ea21 50c3a020   ....b.V5HH.!P.. 
0050: 012c6259 c7da8d66 82591618 4a3580fb   .,bY...f.Y..J5..
0060: 41788cb6 37258f5f 8b1d75d0 620d263d   Ax..7%._..u.b.&=
0070: 4c7441ea                              LtA.
0000: 00009e00 01000000 017b0a09 226e6649   .........{.."nfI
0010: 6e737461 6e636549 64223a09 22373063   nstanceId":."70c
0020: 30306662 322d3639 34622d34 3165642d   00fb2-694b-41ed-
0030: 61316561 2d303934 31386333 35613666   a1ea-09418c35a6f
0040: 62222c0a 09226e66 54797065 223a0922   b",.."nfType":."
0050: 41555346 222c0a09 226e6653 74617475   AUSF",.."nfStatu
0060: 73223a09 22524547 49535445 52454422   s":."REGISTERED"
0070: 2c0a0922 68656172 74426561 7454696d   ,.."heartBeatTim
0080: 6572223a 0931302c 0a09226e 6650726f   er":.10,.."nfPro
0090: 66696c65 4368616e 67657349 6e64223a   fileChangesInd":
00a0: 09747275 650a7d                       .true.}
11/20 19:20:25.346: [sbi] DEBUG: [201:PUT] http://[::1]:7777/nnrf-nfm/v1/nf-instances/70c00fb2-694b-41ed-a1ea-09418c35a6fb (../lib/sbi/client.c:573)
11/20 19:20:25.346: [sbi] DEBUG: RECEIVED[158] (../lib/sbi/client.c:584)
11/20 19:20:25.346: [sbi] DEBUG: {
	"nfInstanceId":	"70c00fb2-694b-41ed-a1ea-09418c35a6fb",
	"nfType":	"AUSF",
	"nfStatus":	"REGISTERED",
	"heartBeatTimer":	10,
	"nfProfileChangesInd":	true
} (../lib/sbi/client.c:586)
11/20 19:20:25.346: [ausf] DEBUG: ausf_state_operational(): OGS_EVENT_NAME_SBI_CLIENT (../src/ausf/ausf-sm.c:52)
11/20 19:20:25.346: [sbi] DEBUG: ogs_sbi_nf_state_will_register(): OGS_EVENT_NAME_SBI_CLIENT (../lib/sbi/nf-sm.c:118)
11/20 19:20:25.346: [sbi] DEBUG: ogs_sbi_nf_state_will_register(): EXIT (../lib/sbi/nf-sm.c:118)
11/20 19:20:25.346: [sbi] DEBUG: ogs_sbi_nf_state_registered(): ENTRY (../lib/sbi/nf-sm.c:204)
11/20 19:20:25.346: [sbi] INFO: [70c00fb2-694b-41ed-a1ea-09418c35a6fb] NF registered [Heartbeat:10s] (../lib/sbi/nf-sm.c:216)
11/20 19:20:25.347: [sbi] DEBUG: [POST] http://[::1]:7777/nnrf-nfm/v1/subscriptions (../lib/sbi/client.c:625)
11/20 19:20:25.347: [sbi] DEBUG: SENDING...[263] (../lib/sbi/client.c:401)
11/20 19:20:25.347: [sbi] DEBUG: {
	"nfStatusNotificationUri":	"http://127.0.0.11:7777/nnrf-nfm/v1/nf-status-notify",
	"reqNfInstanceId":	"70c00fb2-694b-41ed-a1ea-09418c35a6fb",
	"subscrCond":	{
		"nfType":	"UDM",
		"serviceName":	"nudm-ueau"
	},
	"reqNfType":	"AUSF",
	"requesterFeatures":	"1"
} (../lib/sbi/client.c:403)
11/20 19:20:25.347: [sbi] DEBUG: STREAM added [3] (../lib/sbi/nghttp2-server.c:1122)
11/20 19:20:25.347: [sbi] DEBUG: [POST] /nnrf-nfm/v1/subscriptions (../lib/sbi/nghttp2-server.c:801)
11/20 19:20:25.347: [sbi] DEBUG: RECEIVED: 263 (../lib/sbi/nghttp2-server.c:805)
11/20 19:20:25.347: [sbi] DEBUG: {
	"nfStatusNotificationUri":	"http://127.0.0.11:7777/nnrf-nfm/v1/nf-status-notify",
	"reqNfInstanceId":	"70c00fb2-694b-41ed-a1ea-09418c35a6fb",
	"subscrCond":	{
		"nfType":	"UDM",
		"serviceName":	"nudm-ueau"
	},
	"reqNfType":	"AUSF",
	"requesterFeatures":	"1"
} (../lib/sbi/nghttp2-server.c:806)
11/20 19:20:25.347: [nrf] DEBUG: nrf_state_operational(): OGS_EVENT_NAME_SBI_SERVER (../src/nrf/nrf-sm.c:50)
11/20 19:20:25.347: [sock] DEBUG: addr:127.0.0.11, port:7777 (../lib/core/ogs-sockaddr.c:140)
11/20 19:20:25.347: [sbi] DEBUG: ogs_sbi_client_add() (../lib/sbi/client.c:112)
11/20 19:20:25.347: [sbi] DEBUG: [REF] 1 (../lib/sbi/client.c:113)
11/20 19:20:25.347: [nrf] DEBUG: [REF] 2 (../src/nrf/nnrf-handler.c:261)
11/20 19:20:25.347: [sbi] DEBUG: STATUS [201] (../lib/sbi/nghttp2-server.c:357)
11/20 19:20:25.347: [sbi] DEBUG: SENDING...: 378 (../lib/sbi/nghttp2-server.c:365)
11/20 19:20:25.347: [sbi] DEBUG: {
	"nfStatusNotificationUri":	"http://127.0.0.11:7777/nnrf-nfm/v1/nf-status-notify",
	"reqNfInstanceId":	"70c00fb2-694b-41ed-a1ea-09418c35a6fb",
	"subscrCond":	{
		"nfType":	"UDM",
		"serviceName":	"nudm-ueau"
	},
	"subscriptionId":	"70c060d4-694b-41ed-ab57-81416635edaa",
	"validityTime":	"2022-11-21T19:20:25.347369-08:00",
	"reqNfType":	"AUSF",
	"nrfSupportedFeatures":	"1"
} (../lib/sbi/nghttp2-server.c:366)
11/20 19:20:25.347: [sbi] DEBUG: STREAM closed [3] (../lib/sbi/nghttp2-server.c:852)
11/20 19:20:25.347: [sock] DEBUG: addr:127.0.0.7, port:2152 (../lib/core/ogs-sockaddr.c:140)
0000: 00002001 04000000 03c1c0bf 0f0d0333   .. ............3
0010: 37380f1f 9362aaac 956aa5a5 8ee16116   78...b...j....a.
0020: c682586a d263d48f be                  ..Xj.c...
11/20 19:20:25.347: [sock] DEBUG: addr:127.0.0.4, port:8805 (../lib/core/ogs-sockaddr.c:140)
11/20 19:20:25.347: [sock] DEBUG: addr:127.0.0.7, port:8805 (../lib/core/ogs-sockaddr.c:140)
11/20 19:20:25.347: [sbi] DEBUG: [201:POST] http://[::1]:7777/nnrf-nfm/v1/subscriptions (../lib/sbi/client.c:573)
11/20 19:20:25.347: [sbi] DEBUG: RECEIVED[378] (../lib/sbi/client.c:584)
0000: 00017a00 01000000 037b0a09 226e6653   ..z......{.."nfS
0010: 74617475 734e6f74 69666963 6174696f   tatusNotificatio
0020: 6e557269 223a0922 68747470 3a2f2f31   nUri":."http://1
0030: 32372e30 2e302e31 313a3737 37372f6e   27.0.0.11:7777/n
0040: 6e72662d 6e666d2f 76312f6e 662d7374   nrf-nfm/v1/nf-st
0050: 61747573 2d6e6f74 69667922 2c0a0922   atus-notify",.."
0060: 7265714e 66496e73 74616e63 65496422   reqNfInstanceId"
0070: 3a092237 30633030 6662322d 36393462   :."70c00fb2-694b
0080: 2d343165 642d6131 65612d30 39343138   -41ed-a1ea-09418
0090: 63333561 36666222 2c0a0922 73756273   c35a6fb",.."subs
00a0: 6372436f 6e64223a 097b0a09 09226e66   crCond":.{..."nf
00b0: 54797065 223a0922 55444d22 2c0a0909   Type":."UDM",...
00c0: 22736572 76696365 4e616d65 223a0922   "serviceName":."
00d0: 6e75646d 2d756561 75220a09 7d2c0a09   nudm-ueau"..},..
00e0: 22737562 73637269 7074696f 6e496422   "subscriptionId"
00f0: 3a092237 30633036 3064342d 36393462   :."70c060d4-694b
0100: 2d343165 642d6162 35372d38 31343136   -41ed-ab57-81416
0110: 36333565 64616122 2c0a0922 76616c69   635edaa",.."vali
0120: 64697479 54696d65 223a0922 32303232   dityTime":."2022
0130: 2d31312d 32315431 393a3230 3a32352e   -11-21T19:20:25.
0140: 33343733 36392d30 383a3030 222c0a09   347369-08:00",..
0150: 22726571 4e665479 7065223a 09224155   "reqNfType":."AU
0160: 5346222c 0a09226e 72665375 70706f72   SF",.."nrfSuppor
0170: 74656446 65617475 72657322 3a092231   tedFeatures":."1
0180: 220a7d                                ".}
11/20 19:20:25.347: [sbi] DEBUG: {
	"nfStatusNotificationUri":	"http://127.0.0.11:7777/nnrf-nfm/v1/nf-status-notify",
	"reqNfInstanceId":	"70c00fb2-694b-41ed-a1ea-09418c35a6fb",
	"subscrCond":	{
		"nfType":	"UDM",
		"serviceName":	"nudm-ueau"
	},
	"subscriptionId":	"70c060d4-694b-41ed-ab57-81416635edaa",
	"validityTime":	"2022-11-21T19:20:25.347369-08:00",
	"reqNfType":	"AUSF",
	"nrfSupportedFeatures":	"1"
} (../lib/sbi/client.c:586)
11/20 19:20:25.347: [ausf] DEBUG: ausf_state_operational(): OGS_EVENT_NAME_SBI_CLIENT (../src/ausf/ausf-sm.c:52)
11/20 19:20:25.348: [thread] DEBUG: [0x556d0caec1c0] thread started (../lib/core/ogs-thread.c:101)
11/20 19:20:25.348: [thread] DEBUG: [0x556d0caec1c0] worker signal (../lib/core/ogs-thread.c:66)
11/20 19:20:25.359: [sock] DEBUG: socket create(2:2:17) (../lib/core/ogs-socket.c:92)
11/20 19:20:25.359: [sock] DEBUG: socket bind 127.0.0.7:8805 (../lib/core/ogs-socket.c:117)
11/20 19:20:25.359: [sock] DEBUG: udp_server() [127.0.0.7]:8805 (../lib/core/ogs-udp.c:52)
11/20 19:20:25.359: [pfcp] INFO: pfcp_server() [127.0.0.7]:8805 (../lib/pfcp/path.c:31)
11/20 19:20:25.359: [upf] DEBUG: upf_pfcp_state_initial(): ENTRY (../src/upf/pfcp-sm.c:38)
11/20 19:20:25.359: [pfcp] INFO: ogs_pfcp_connect() [127.0.0.4]:8805 (../lib/pfcp/path.c:62)
11/20 19:20:25.359: [upf] DEBUG: upf_pfcp_state_will_associate(): ENTRY (../src/upf/pfcp-sm.c:79)
11/20 19:20:25.359: [pfcp] DEBUG: [1] LOCAL  Create  peer [127.0.0.4]:8805 (../lib/pfcp/xact.c:116)
11/20 19:20:25.359: [pfcp] DEBUG: Association Setup Request (../lib/pfcp/build.c:137)
11/20 19:20:25.359: [pfcp] DEBUG: [1] LOCAL  UPD TX-5  peer [127.0.0.4]:8805 (../lib/pfcp/xact.c:197)
11/20 19:20:25.359: [pfcp] DEBUG: [1] LOCAL  Commit  peer [127.0.0.4]:8805 (../lib/pfcp/xact.c:475)
11/20 19:20:25.359: [sock] DEBUG: socket create(2:2:17) (../lib/core/ogs-socket.c:92)
11/20 19:20:25.359: [sock] DEBUG: socket bind 127.0.0.7:2152 (../lib/core/ogs-socket.c:117)
11/20 19:20:25.359: [sock] DEBUG: udp_server() [127.0.0.7]:2152 (../lib/core/ogs-udp.c:52)
11/20 19:20:25.359: [gtp] INFO: gtp_server() [127.0.0.7]:2152 (../lib/gtp/path.c:31)
11/20 19:20:25.360: [thread] DEBUG: [0x5583343eca60] worker signal (../lib/core/ogs-thread.c:66)
11/20 19:20:25.360: [upf] DEBUG: upf_state_initial(): INIT (../src/upf/upf-sm.c:28)
11/20 19:20:25.360: [upf] DEBUG: upf_state_operational(): ENTRY (../src/upf/upf-sm.c:51)
Open5GS daemon v2.5.5

11/20 19:20:25.360: [app] INFO: Configuration: '/home/test/build/configs/sample.yaml' (../lib/app/ogs-init.c:126)
11/20 19:20:25.360: [app] INFO: File Logging: '/home/test/test.log' (../lib/app/ogs-init.c:129)
11/20 19:20:25.360: [app] INFO: LOG-LEVEL: 'debug' (../lib/app/ogs-init.c:132)
11/20 19:20:25.360: [thread] DEBUG: [0x5583343eca60] thread started (../lib/core/ogs-thread.c:101)
11/20 19:20:25.360: [app] INFO: UPF initialize...done (../src/upf/app.c:31)
11/20 19:20:25.398: [thread] DEBUG: [0x556d0caec3d0] thread started (../lib/core/ogs-thread.c:101)
11/20 19:20:25.398: [thread] DEBUG: [0x556d0caec3d0] worker signal (../lib/core/ogs-thread.c:66)
11/20 19:20:25.400: [sock] DEBUG: addr:127.0.0.10, port:7777 (../lib/core/ogs-sockaddr.c:140)
11/20 19:20:25.400: [sock] DEBUG: addr:::1, port:7777 (../lib/core/ogs-sockaddr.c:140)
11/20 19:20:25.400: [sock] DEBUG: addr:127.0.0.12, port:7777 (../lib/core/ogs-sockaddr.c:140)
11/20 19:20:25.400: [sbi] DEBUG: ogs_sbi_nf_state_initial(): ENTRY (../lib/sbi/nf-sm.c:66)
11/20 19:20:25.400: [sbi] DEBUG: ogs_sbi_nf_state_registered(): ENTRY (../lib/sbi/nf-sm.c:204)
11/20 19:20:25.400: [sbi] INFO: NF Service [nudm-ueau] (../lib/sbi/context.c:1401)
11/20 19:20:25.400: [sbi] INFO: NF Service [nudm-uecm] (../lib/sbi/context.c:1401)
11/20 19:20:25.400: [sbi] INFO: NF Service [nudm-sdm] (../lib/sbi/context.c:1401)
11/20 19:20:25.400: [sbi] DEBUG: ogs_sbi_nf_state_initial(): ENTRY (../lib/sbi/nf-sm.c:66)
11/20 19:20:25.400: [sbi] DEBUG: ogs_sbi_nf_state_will_register(): ENTRY (../lib/sbi/nf-sm.c:118)
11/20 19:20:25.401: [sbi] DEBUG: [PUT] http://[::1]:7777/nnrf-nfm/v1/nf-instances/70c87fb2-694b-41ed-8602-097969ae7b3b (../lib/sbi/client.c:625)
11/20 19:20:25.401: [sbi] DEBUG: SENDING...[1651] (../lib/sbi/client.c:401)
11/20 19:20:25.401: [sbi] DEBUG: {
	"nfInstanceId":	"70c87fb2-694b-41ed-8602-097969ae7b3b",
	"nfType":	"UDM",
	"nfStatus":	"REGISTERED",
	"ipv4Addresses":	["127.0.0.12"],
	"allowedNfTypes":	["AMF", "SMF", "AUSF", "SCP"],
	"priority":	0,
	"capacity":	100,
	"load":	0,
	"nfServiceList":	{
		"70c8904c-694b-41ed-8602-097969ae7b3b":	{
			"serviceInstanceId":	"70c8904c-694b-41ed-8602-097969ae7b3b",
			"serviceName":	"nudm-ueau",
			"versions":	[{
					"apiVersionInUri":	"v1",
					"apiFullVersion":	"1.0.0"
				}],
			"scheme":	"http",
			"nfServiceStatus":	"REGISTERED",
			"ipEndPoints":	[{
					"ipv4Address":	"127.0.0.12",
					"port":	7777
				}],
			"allowedNfTypes":	["AUSF"],
			"priority":	0,
			"capacity":	100,
			"load":	0
		},
		"70c890f6-694b-41ed-8602-097969ae7b3b":	{
			"serviceInstanceId":	"70c890f6-694b-41ed-8602-097969ae7b3b",
			"serviceName":	"nudm-uecm",
			"versions":	[{
					"apiVersionInUri":	"v1",
					"apiFullVersion":	"1.0.0"
				}],
			"scheme":	"http",
			"nfServiceStatus":	"REGISTERED",
			"ipEndPoints":	[{
					"ipv4Address":	"127.0.0.12",
					"port":	7777
				}],
			"allowedNfTypes":	["AMF"],
			"priority":	0,
			"capacity":	100,
			"load":	0
		},
		"70c89146-694b-41ed-8602-097969ae7b3b":	{
			"serviceInstanceId":	"70c89146-694b-41ed-8602-097969ae7b3b",
			"serviceName":	"nudm-sdm",
			"versions":	[{
					"apiVersionInUri":	"v2",
					"apiFullVersion":	"2.0.0"
				}],
			"scheme":	"http",
			"nfServiceStatus":	"REGISTERED",
			"ipEndPoints":	[{
					"ipv4Address":	"127.0.0.12",
					"port":	7777
				}],
			"allowedNfTypes":	["AMF", "SMF"],
			"priority":	0,
			"capacity":	100,
			"load":	0
		}
	},
	"nfProfileChangesSupportInd":	true
} (../lib/sbi/client.c:403)
11/20 19:20:25.401: [sock] DEBUG: socket create(2:1:6) (../lib/core/ogs-socket.c:92)
11/20 19:20:25.401: [sock] DEBUG: Turn on TCP_NODELAY (../lib/core/ogs-sockopt.c:139)
11/20 19:20:25.401: [sock] DEBUG: Turn on SO_REUSEADDR (../lib/core/ogs-sockopt.c:120)
11/20 19:20:25.401: [sock] DEBUG: socket bind 127.0.0.12:7777 (../lib/core/ogs-socket.c:117)
11/20 19:20:25.401: [sock] DEBUG: tcp_server() [127.0.0.12]:7777 (../lib/core/ogs-tcp.c:61)
11/20 19:20:25.401: [sbi] INFO: nghttp2_server() [127.0.0.12]:7777 (../lib/sbi/nghttp2-server.c:151)
11/20 19:20:25.401: [thread] DEBUG: [0x55e5afd66de0] thread started (../lib/core/ogs-thread.c:101)
11/20 19:20:25.401: [app] INFO: UDM initialize...done (../src/udm/app.c:31)
11/20 19:20:25.401: [thread] DEBUG: [0x55e5afd66de0] worker signal (../lib/core/ogs-thread.c:66)
11/20 19:20:25.401: [udm] DEBUG: udm_state_initial(): INIT (../src/udm/udm-sm.c:25)
11/20 19:20:25.401: [udm] DEBUG: udm_state_operational(): ENTRY (../src/udm/udm-sm.c:53)
11/20 19:20:25.401: [sbi] DEBUG: MAX_CONCURRENT_STREAMS = 100 (../lib/sbi/nghttp2-server.c:747)
11/20 19:20:25.401: [sbi] DEBUG: ENABLE_PUSH = false (../lib/sbi/nghttp2-server.c:749)
0000: 00000604 00000000 00000300 04e200     ...............
11/20 19:20:25.401: [sbi] DEBUG: STREAM added [1] (../lib/sbi/nghttp2-server.c:1122)
11/20 19:20:25.401: [sbi] DEBUG: MAX_CONCURRENT_STREAMS = 100 (../lib/sbi/nghttp2-server.c:747)
11/20 19:20:25.401: [sbi] DEBUG: ENABLE_PUSH = false (../lib/sbi/nghttp2-server.c:749)
11/20 19:20:25.401: [sbi] DEBUG: [PUT] /nnrf-nfm/v1/nf-instances/70c87fb2-694b-41ed-8602-097969ae7b3b (../lib/sbi/nghttp2-server.c:801)
11/20 19:20:25.401: [sbi] DEBUG: RECEIVED: 1651 (../lib/sbi/nghttp2-server.c:805)
11/20 19:20:25.401: [sbi] DEBUG: {
	"nfInstanceId":	"70c87fb2-694b-41ed-8602-097969ae7b3b",
	"nfType":	"UDM",
	"nfStatus":	"REGISTERED",
	"ipv4Addresses":	["127.0.0.12"],
	"allowedNfTypes":	["AMF", "SMF", "AUSF", "SCP"],
	"priority":	0,
	"capacity":	100,
	"load":	0,
	"nfServiceList":	{
		"70c8904c-694b-41ed-8602-097969ae7b3b":	{
			"serviceInstanceId":	"70c8904c-694b-41ed-8602-097969ae7b3b",
			"serviceName":	"nudm-ueau",
			"versions":	[{
					"apiVersionInUri":	"v1",
					"apiFullVersion":	"1.0.0"
				}],
			"scheme":	"http",
			"nfServiceStatus":	"REGISTERED",
			"ipEndPoints":	[{
					"ipv4Address":	"127.0.0.12",
					"port":	7777
				}],
			"allowedNfTypes":	["AUSF"],
			"priority":	0,
			"capacity":	100,
			"load":	0
		},
		"70c890f6-694b-41ed-8602-097969ae7b3b":	{
			"serviceInstanceId":	"70c890f6-694b-41ed-8602-097969ae7b3b",
			"serviceName":	"nudm-uecm",
			"versions":	[{
					"apiVersionInUri":	"v1",
					"apiFullVersion":	"1.0.0"
				}],
			"scheme":	"http",
			"nfServiceStatus":	"REGISTERED",
			"ipEndPoints":	[{
					"ipv4Address":	"127.0.0.12",
					"port":	7777
				}],
			"allowedNfTypes":	["AMF"],
			"priority":	0,
			"capacity":	100,
			"load":	0
		},
		"70c89146-694b-41ed-8602-097969ae7b3b":	{
			"serviceInstanceId":	"70c89146-694b-41ed-8602-097969ae7b3b",
			"serviceName":	"nudm-sdm",
			"versions":	[{
					"apiVersionInUri":	"v2",
					"apiFullVersion":	"2.0.0"
				}],
			"scheme":	"http",
			"nfServiceStatus":	"REGISTERED",
			"ipEndPoints":	[{
					"ipv4Address":	"127.0.0.12",
					"port":	7777
				}],
			"allowedNfTypes":	["AMF", "SMF"],
			"priority":	0,
			"capacity":	100,
			"load":	0
		}
	},
	"nfProfileChangesSupportInd":	true
} (../lib/sbi/nghttp2-server.c:806)
11/20 19:20:25.401: [nrf] DEBUG: nrf_state_operational(): OGS_EVENT_NAME_SBI_SERVER (../src/nrf/nrf-sm.c:50)
11/20 19:20:25.402: [sbi] DEBUG: ogs_sbi_nf_instance_add() (../lib/sbi/context.c:762)
11/20 19:20:25.402: [sbi] DEBUG: [REF] 1 (../lib/sbi/context.c:764)
11/20 19:20:25.402: [nrf] DEBUG: nrf_nf_state_initial(): ENTRY (../src/nrf/nf-sm.c:55)
11/20 19:20:25.402: [nrf] DEBUG: nrf_nf_state_will_register(): ENTRY (../src/nrf/nf-sm.c:93)
11/20 19:20:25.402: [nrf] DEBUG: nrf_nf_state_will_register(): OGS_EVENT_NAME_SBI_SERVER (../src/nrf/nf-sm.c:93)
11/20 19:20:25.402: [sock] DEBUG: addr:127.0.0.12, port:80 (../lib/core/ogs-sockaddr.c:140)
11/20 19:20:25.402: [sock] DEBUG: addr:127.0.0.12, port:7777 (../lib/core/ogs-sockaddr.c:140)
11/20 19:20:25.402: [sock] DEBUG: addr:127.0.0.12, port:7777 (../lib/core/ogs-sockaddr.c:140)
11/20 19:20:25.402: [sock] DEBUG: addr:127.0.0.12, port:7777 (../lib/core/ogs-sockaddr.c:140)
11/20 19:20:25.402: [sbi] DEBUG: STATUS [201] (../lib/sbi/nghttp2-server.c:357)
11/20 19:20:25.402: [sbi] DEBUG: SENDING...: 157 (../lib/sbi/nghttp2-server.c:365)
11/20 19:20:25.402: [sbi] DEBUG: {
	"nfInstanceId":	"70c87fb2-694b-41ed-8602-097969ae7b3b",
	"nfType":	"UDM",
	"nfStatus":	"REGISTERED",
	"heartBeatTimer":	10,
	"nfProfileChangesInd":	true
} (../lib/sbi/nghttp2-server.c:366)
11/20 19:20:25.402: [sbi] DEBUG: STREAM closed [1] (../lib/sbi/nghttp2-server.c:852)
11/20 19:20:25.402: [nrf] DEBUG: nrf_nf_state_will_register(): EXIT (../src/nrf/nf-sm.c:93)
11/20 19:20:25.402: [nrf] DEBUG: nrf_nf_state_registered(): ENTRY (../src/nrf/nf-sm.c:183)
11/20 19:20:25.402: [nrf] INFO: [70c87fb2-694b-41ed-8602-097969ae7b3b] NF registered [Heartbeat:10s] (../src/nrf/nf-sm.c:191)
11/20 19:20:25.402: [sbi] DEBUG: [POST] http://127.0.0.11:7777/nnrf-nfm/v1/nf-status-notify (../lib/sbi/client.c:625)
11/20 19:20:25.402: [sbi] DEBUG: SENDING...[950] (../lib/sbi/client.c:401)
11/20 19:20:25.402: [sbi] DEBUG: {
	"event":	"NF_REGISTERED",
	"nfInstanceUri":	"http://127.0.0.10:7777/nnrf-nfm/v1/nf-instances/70c87fb2-694b-41ed-8602-097969ae7b3b",
	"nfProfile":	{
		"nfInstanceId":	"70c87fb2-694b-41ed-8602-097969ae7b3b",
		"nfType":	"UDM",
		"nfStatus":	"REGISTERED",
		"heartBeatTimer":	10,
		"ipv4Addresses":	["127.0.0.12"],
		"allowedNfTypes":	["AMF", "SMF", "AUSF", "SCP"],
		"priority":	0,
		"capacity":	100,
		"load":	0,
		"nfServiceList":	{
			"70c8904c-694b-41ed-8602-097969ae7b3b":	{
				"serviceInstanceId":	"70c8904c-694b-41ed-8602-097969ae7b3b",
				"serviceName":	"nudm-ueau",
				"versions":	[{
						"apiVersionInUri":	"v1",
						"apiFullVersion":	"1.0.0"
					}],
				"scheme":	"http",
				"nfServiceStatus":	"REGISTERED",
				"ipEndPoints":	[{
						"ipv4Address":	"127.0.0.12",
						"port":	7777
					}],
				"allowedNfTypes":	["AUSF"],
				"priority":	0,
				"capacity":	100,
				"load":	0
			}
		},
		"nfProfileChangesSupportInd":	true
	}
} (../lib/sbi/client.c:403)
0000: 00000004 01000000 00                  .........
0000: 00006c01 04000000 01488210 03768bd5   ..l......H...v..
0010: 596a6f16 e53b8976 d76f6196 d07abe94   Yjo..;.v.oa..z..
0020: 1054d27e ea080212 8066e081 704da98b   .T.~.....f..pM..
0030: 46ff0f0d 03313537 0f1fad62 aaac956a   F....157...b...j
0040: a5a58ee1 62a95635 4848ea21 50c3a023   ....b.V5HH.!P..#
0050: cecb1896 71f6a359 a096459e 7002580f   ....q..Y..E.p.X.
0060: bafb8f8c aec6cc7f 5f8b1d75 d0620d26   ........_..u.b.&
0070: 3d4c7441 ea                           =LtA.
0000: 00009d00 01000000 017b0a09 226e6649   .........{.."nfI
0010: 6e737461 6e636549 64223a09 22373063   nstanceId":."70c
0020: 38376662 322d3639 34622d34 3165642d   87fb2-694b-41ed-
0030: 38363032 2d303937 39363961 65376233   8602-097969ae7b3
0040: 62222c0a 09226e66 54797065 223a0922   b",.."nfType":."
0050: 55444d22 2c0a0922 6e665374 61747573   UDM",.."nfStatus
0060: 223a0922 52454749 53544552 4544222c   ":."REGISTERED",
0070: 0a092268 65617274 42656174 54696d65   .."heartBeatTime
0080: 72223a09 31302c0a 09226e66 50726f66   r":.10,.."nfProf
0090: 696c6543 68616e67 6573496e 64223a09   ileChangesInd":.
00a0: 74727565 0a7d                         true.}
11/20 19:20:25.402: [sbi] DEBUG: MAX_CONCURRENT_STREAMS = 100 (../lib/sbi/nghttp2-server.c:747)
11/20 19:20:25.402: [sbi] DEBUG: [201:PUT] http://[::1]:7777/nnrf-nfm/v1/nf-instances/70c87fb2-694b-41ed-8602-097969ae7b3b (../lib/sbi/client.c:573)
11/20 19:20:25.402: [sbi] DEBUG: RECEIVED[157] (../lib/sbi/client.c:584)
11/20 19:20:25.402: [sbi] DEBUG: {
	"nfInstanceId":	"70c87fb2-694b-41ed-8602-097969ae7b3b",
	"nfType":	"UDM",
	"nfStatus":	"REGISTERED",
	"heartBeatTimer":	10,
	"nfProfileChangesInd":	true
} (../lib/sbi/client.c:586)
11/20 19:20:25.402: [sbi] DEBUG: ENABLE_PUSH = false (../lib/sbi/nghttp2-server.c:749)
11/20 19:20:25.402: [udm] DEBUG: udm_state_operational(): OGS_EVENT_NAME_SBI_CLIENT (../src/udm/udm-sm.c:53)
11/20 19:20:25.402: [sbi] DEBUG: STREAM added [1] (../lib/sbi/nghttp2-server.c:1122)
11/20 19:20:25.402: [sbi] DEBUG: ogs_sbi_nf_state_will_register(): OGS_EVENT_NAME_SBI_CLIENT (../lib/sbi/nf-sm.c:118)
11/20 19:20:25.403: [sbi] DEBUG: ogs_sbi_nf_state_will_register(): EXIT (../lib/sbi/nf-sm.c:118)
11/20 19:20:25.403: [sbi] DEBUG: ogs_sbi_nf_state_registered(): ENTRY (../lib/sbi/nf-sm.c:204)
11/20 19:20:25.403: [sbi] INFO: [70c87fb2-694b-41ed-8602-097969ae7b3b] NF registered [Heartbeat:10s] (../lib/sbi/nf-sm.c:216)
11/20 19:20:25.403: [sbi] DEBUG: [POST] /nnrf-nfm/v1/nf-status-notify (../lib/sbi/nghttp2-server.c:801)
11/20 19:20:25.403: [sbi] DEBUG: [POST] http://[::1]:7777/nnrf-nfm/v1/subscriptions (../lib/sbi/client.c:625)
11/20 19:20:25.403: [sbi] DEBUG: RECEIVED: 950 (../lib/sbi/nghttp2-server.c:805)
11/20 19:20:25.403: [sbi] DEBUG: SENDING...[232] (../lib/sbi/client.c:401)
11/20 19:20:25.403: [sbi] DEBUG: {
	"event":	"NF_REGISTERED",
	"nfInstanceUri":	"http://127.0.0.10:7777/nnrf-nfm/v1/nf-instances/70c87fb2-694b-41ed-8602-097969ae7b3b",
	"nfProfile":	{
		"nfInstanceId":	"70c87fb2-694b-41ed-8602-097969ae7b3b",
		"nfType":	"UDM",
		"nfStatus":	"REGISTERED",
		"heartBeatTimer":	10,
		"ipv4Addresses":	["127.0.0.12"],
		"allowedNfTypes":	["AMF", "SMF", "AUSF", "SCP"],
		"priority":	0,
		"capacity":	100,
		"load":	0,
		"nfServiceList":	{
			"70c8904c-694b-41ed-8602-097969ae7b3b":	{
				"serviceInstanceId":	"70c8904c-694b-41ed-8602-097969ae7b3b",
				"serviceName":	"nudm-ueau",
				"versions":	[{
						"apiVersionInUri":	"v1",
						"apiFullVersion":	"1.0.0"
					}],
				"scheme":	"http",
				"nfServiceStatus":	"REGISTERED",
				"ipEndPoints":	[{
						"ipv4Address":	"127.0.0.12",
						"port":	7777
					}],
				"allowedNfTypes":	["AUSF"],
				"priority":	0,
				"capacity":	100,
				"load":	0
			}
		},
		"nfProfileChangesSupportInd":	true
	}
} (../lib/sbi/nghttp2-server.c:806)
11/20 19:20:25.403: [sbi] DEBUG: {
	"nfStatusNotificationUri":	"http://127.0.0.12:7777/nnrf-nfm/v1/nf-status-notify",
	"reqNfInstanceId":	"70c87fb2-694b-41ed-8602-097969ae7b3b",
	"subscrCond":	{
		"nfType":	"UDR"
	},
	"reqNfType":	"UDM",
	"requesterFeatures":	"1"
} (../lib/sbi/client.c:403)
0000: 00000604 00000000 00000300 04e200     ...............
11/20 19:20:25.403: [ausf] DEBUG: ausf_state_operational(): OGS_EVENT_NAME_SBI_SERVER (../src/ausf/ausf-sm.c:52)
11/20 19:20:25.403: [sbi] DEBUG: STREAM added [3] (../lib/sbi/nghttp2-server.c:1122)
11/20 19:20:25.403: [sbi] DEBUG: [POST] /nnrf-nfm/v1/subscriptions (../lib/sbi/nghttp2-server.c:801)
11/20 19:20:25.403: [sbi] DEBUG: RECEIVED: 232 (../lib/sbi/nghttp2-server.c:805)
11/20 19:20:25.403: [sbi] DEBUG: {
	"nfStatusNotificationUri":	"http://127.0.0.12:7777/nnrf-nfm/v1/nf-status-notify",
	"reqNfInstanceId":	"70c87fb2-694b-41ed-8602-097969ae7b3b",
	"subscrCond":	{
		"nfType":	"UDR"
	},
	"reqNfType":	"UDM",
	"requesterFeatures":	"1"
} (../lib/sbi/nghttp2-server.c:806)
11/20 19:20:25.403: [nrf] DEBUG: nrf_state_operational(): OGS_EVENT_NAME_SBI_SERVER (../src/nrf/nrf-sm.c:50)
11/20 19:20:25.403: [sock] DEBUG: addr:127.0.0.12, port:7777 (../lib/core/ogs-sockaddr.c:140)
11/20 19:20:25.403: [sbi] DEBUG: ogs_sbi_client_add() (../lib/sbi/client.c:112)
11/20 19:20:25.403: [sbi] DEBUG: [REF] 1 (../lib/sbi/client.c:113)
11/20 19:20:25.403: [nrf] DEBUG: [REF] 2 (../src/nrf/nnrf-handler.c:261)
11/20 19:20:25.403: [sbi] DEBUG: STATUS [201] (../lib/sbi/nghttp2-server.c:357)
11/20 19:20:25.403: [sbi] DEBUG: SENDING...: 347 (../lib/sbi/nghttp2-server.c:365)
11/20 19:20:25.403: [sbi] DEBUG: ogs_sbi_nf_instance_add() (../lib/sbi/context.c:762)
11/20 19:20:25.403: [sbi] DEBUG: {
	"nfStatusNotificationUri":	"http://127.0.0.12:7777/nnrf-nfm/v1/nf-status-notify",
	"reqNfInstanceId":	"70c87fb2-694b-41ed-8602-097969ae7b3b",
	"subscrCond":	{
		"nfType":	"UDR"
	},
	"subscriptionId":	"70c8ef7e-694b-41ed-ab57-81416635edaa",
	"validityTime":	"2022-11-21T19:20:25.403455-08:00",
	"reqNfType":	"UDM",
	"nrfSupportedFeatures":	"1"
} (../lib/sbi/nghttp2-server.c:366)
11/20 19:20:25.403: [sbi] DEBUG: [REF] 1 (../lib/sbi/context.c:764)
11/20 19:20:25.403: [sbi] DEBUG: STREAM closed [3] (../lib/sbi/nghttp2-server.c:852)
11/20 19:20:25.403: [sbi] DEBUG: ogs_sbi_nf_state_initial(): ENTRY (../lib/sbi/nf-sm.c:66)
11/20 19:20:25.403: [sbi] DEBUG: ogs_sbi_nf_state_registered(): ENTRY (../lib/sbi/nf-sm.c:204)
0000: 00002001 04000000 03c1c0bf 0f0d0333   .. ............3
0010: 34370f1f 9362aaac 956aa5a5 8ee16116   47...b...j....a.
0020: c682586a d263d48f be                  ..Xj.c...
11/20 19:20:25.403: [sbi] INFO: [70c87fb2-694b-41ed-8602-097969ae7b3b] (NRF-notify) NF registered (../lib/sbi/nnrf-handler.c:622)
11/20 19:20:25.403: [sbi] DEBUG: [201:POST] http://[::1]:7777/nnrf-nfm/v1/subscriptions (../lib/sbi/client.c:573)
11/20 19:20:25.403: [sbi] DEBUG: RECEIVED[347] (../lib/sbi/client.c:584)
11/20 19:20:25.403: [sock] DEBUG: addr:127.0.0.12, port:80 (../lib/core/ogs-sockaddr.c:140)
11/20 19:20:25.403: [sbi] DEBUG: {
	"nfStatusNotificationUri":	"http://127.0.0.12:7777/nnrf-nfm/v1/nf-status-notify",
	"reqNfInstanceId":	"70c87fb2-694b-41ed-8602-097969ae7b3b",
	"subscrCond":	{
		"nfType":	"UDR"
	},
	"subscriptionId":	"70c8ef7e-694b-41ed-ab57-81416635edaa",
	"validityTime":	"2022-11-21T19:20:25.403455-08:00",
	"reqNfType":	"UDM",
	"nrfSupportedFeatures":	"1"
} (../lib/sbi/client.c:586)
11/20 19:20:25.403: [udm] DEBUG: udm_state_operational(): OGS_EVENT_NAME_SBI_CLIENT (../src/udm/udm-sm.c:53)
11/20 19:20:25.403: [sock] DEBUG: addr:127.0.0.12, port:7777 (../lib/core/ogs-sockaddr.c:140)
11/20 19:20:25.403: [sbi] INFO: [70c87fb2-694b-41ed-8602-097969ae7b3b] (NRF-notify) NF Profile updated (../lib/sbi/nnrf-handler.c:632)
11/20 19:20:25.403: [sbi] DEBUG: ogs_sbi_client_add() (../lib/sbi/client.c:112)
0000: 00015b00 01000000 037b0a09 226e6653   ..[......{.."nfS
0010: 74617475 734e6f74 69666963 6174696f   tatusNotificatio
0020: 6e557269 223a0922 68747470 3a2f2f31   nUri":."http://1
0030: 32372e30 2e302e31 323a3737 37372f6e   27.0.0.12:7777/n
0040: 6e72662d 6e666d2f 76312f6e 662d7374   nrf-nfm/v1/nf-st
0050: 61747573 2d6e6f74 69667922 2c0a0922   atus-notify",.."
0060: 7265714e 66496e73 74616e63 65496422   reqNfInstanceId"
0070: 3a092237 30633837 6662322d 36393462   :."70c87fb2-694b
0080: 2d343165 642d3836 30322d30 39373936   -41ed-8602-09796
0090: 39616537 62336222 2c0a0922 73756273   9ae7b3b",.."subs
00a0: 6372436f 6e64223a 097b0a09 09226e66   crCond":.{..."nf
00b0: 54797065 223a0922 55445222 0a097d2c   Type":."UDR"..},
00c0: 0a092273 75627363 72697074 696f6e49   .."subscriptionI
00d0: 64223a09 22373063 38656637 652d3639   d":."70c8ef7e-69
00e0: 34622d34 3165642d 61623537 2d383134   4b-41ed-ab57-814
00f0: 31363633 35656461 61222c0a 09227661   16635edaa",.."va
0100: 6c696469 74795469 6d65223a 09223230   lidityTime":."20
0110: 32322d31 312d3231 5431393a 32303a32   22-11-21T19:20:2
0120: 352e3430 33343535 2d30383a 3030222c   5.403455-08:00",
0130: 0a092272 65714e66 54797065 223a0922   .."reqNfType":."
0140: 55444d22 2c0a0922 6e726653 7570706f   UDM",.."nrfSuppo
0150: 72746564 46656174 75726573 223a0922   rtedFeatures":."
0160: 31220a7d                              1".}
11/20 19:20:25.403: [sbi] DEBUG: [REF] 1 (../lib/sbi/client.c:113)
11/20 19:20:25.403: [sbi] DEBUG: [REF] 2 (../lib/sbi/context.c:1570)
11/20 19:20:25.403: [sbi] DEBUG: ogs_sbi_client_add() (../lib/sbi/client.c:112)
11/20 19:20:25.403: [sbi] DEBUG: [REF] 1 (../lib/sbi/client.c:113)
11/20 19:20:25.403: [sbi] DEBUG: [REF] 2 (../lib/sbi/context.c:1482)
11/20 19:20:25.403: [sbi] DEBUG: STATUS [204] (../lib/sbi/nghttp2-server.c:357)
11/20 19:20:25.403: [sbi] DEBUG: STREAM closed [1] (../lib/sbi/nghttp2-server.c:852)
11/20 19:20:25.404: [sbi] DEBUG: MAX_CONCURRENT_STREAMS = 100 (../lib/sbi/nghttp2-server.c:747)
11/20 19:20:25.404: [sbi] DEBUG: ENABLE_PUSH = false (../lib/sbi/nghttp2-server.c:749)
0000: 00000004 01000000 00                  .........
11/20 19:20:25.404: [sbi] DEBUG: [204:POST] http://127.0.0.11:7777/nnrf-nfm/v1/nf-status-notify (../lib/sbi/client.c:573)
11/20 19:20:25.404: [sbi] DEBUG: RECEIVED[0] (../lib/sbi/client.c:584)
0000: 00002601 05000000 0189768b d5596a6f   ..&.......v..Yjo
0010: 16e53b89 76d76f61 96d07abe 941054d2   ..;.v.oa..z...T.
0020: 7eea0802 128066e0 81704da9 8b46ff     ~.....f..pM..F.
Open5GS daemon v2.5.5

11/20 19:20:25.413: [app] INFO: Configuration: '/home/test/build/configs/sample.yaml' (../lib/app/ogs-init.c:126)
11/20 19:20:25.413: [app] INFO: File Logging: '/home/test/test.log' (../lib/app/ogs-init.c:129)
11/20 19:20:25.413: [app] INFO: LOG-LEVEL: 'debug' (../lib/app/ogs-init.c:132)
11/20 19:20:25.449: [thread] DEBUG: [0x556d0caec5e0] worker signal (../lib/core/ogs-thread.c:66)
11/20 19:20:25.449: [thread] DEBUG: [0x556d0caec5e0] thread started (../lib/core/ogs-thread.c:101)
11/20 19:20:25.449: [sock] DEBUG: addr:127.0.0.10, port:7777 (../lib/core/ogs-sockaddr.c:140)
11/20 19:20:25.449: [sock] DEBUG: addr:::1, port:7777 (../lib/core/ogs-sockaddr.c:140)
11/20 19:20:25.450: [sock] DEBUG: addr:127.0.0.13, port:7777 (../lib/core/ogs-sockaddr.c:140)
11/20 19:20:25.453: [dbi] INFO: MongoDB URI: 'mongodb://localhost/open5gs' (../lib/dbi/ogs-mongoc.c:130)
11/20 19:20:25.453: [sbi] DEBUG: ogs_sbi_nf_state_initial(): ENTRY (../lib/sbi/nf-sm.c:66)
11/20 19:20:25.453: [sbi] DEBUG: ogs_sbi_nf_state_registered(): ENTRY (../lib/sbi/nf-sm.c:204)
11/20 19:20:25.453: [sbi] INFO: NF Service [npcf-am-policy-control] (../lib/sbi/context.c:1401)
11/20 19:20:25.453: [sbi] INFO: NF Service [npcf-smpolicycontrol] (../lib/sbi/context.c:1401)
11/20 19:20:25.453: [sbi] INFO: NF Service [npcf-policyauthorization] (../lib/sbi/context.c:1401)
11/20 19:20:25.453: [sbi] DEBUG: ogs_sbi_nf_state_initial(): ENTRY (../lib/sbi/nf-sm.c:66)
11/20 19:20:25.453: [sbi] DEBUG: ogs_sbi_nf_state_will_register(): ENTRY (../lib/sbi/nf-sm.c:118)
11/20 19:20:25.454: [sbi] DEBUG: [PUT] http://[::1]:7777/nnrf-nfm/v1/nf-instances/70cfafe4-694b-41ed-8faa-7d5ef2fddc03 (../lib/sbi/client.c:625)
11/20 19:20:25.454: [sbi] DEBUG: SENDING...[1645] (../lib/sbi/client.c:401)
11/20 19:20:25.454: [sbi] DEBUG: {
	"nfInstanceId":	"70cfafe4-694b-41ed-8faa-7d5ef2fddc03",
	"nfType":	"PCF",
	"nfStatus":	"REGISTERED",
	"ipv4Addresses":	["127.0.0.13"],
	"allowedNfTypes":	["AMF", "SMF", "SCP"],
	"priority":	0,
	"capacity":	100,
	"load":	0,
	"nfServiceList":	{
		"70d0a5f2-694b-41ed-8faa-7d5ef2fddc03":	{
			"serviceInstanceId":	"70d0a5f2-694b-41ed-8faa-7d5ef2fddc03",
			"serviceName":	"npcf-am-policy-control",
			"versions":	[{
					"apiVersionInUri":	"v1",
					"apiFullVersion":	"1.0.0"
				}],
			"scheme":	"http",
			"nfServiceStatus":	"REGISTERED",
			"ipEndPoints":	[{
					"ipv4Address":	"127.0.0.13",
					"port":	7777
				}],
			"allowedNfTypes":	["AMF"],
			"priority":	0,
			"capacity":	100,
			"load":	0
		},
		"70d0a6ce-694b-41ed-8faa-7d5ef2fddc03":	{
			"serviceInstanceId":	"70d0a6ce-694b-41ed-8faa-7d5ef2fddc03",
			"serviceName":	"npcf-smpolicycontrol",
			"versions":	[{
					"apiVersionInUri":	"v1",
					"apiFullVersion":	"1.0.0"
				}],
			"scheme":	"http",
			"nfServiceStatus":	"REGISTERED",
			"ipEndPoints":	[{
					"ipv4Address":	"127.0.0.13",
					"port":	7777
				}],
			"allowedNfTypes":	["SMF"],
			"priority":	0,
			"capacity":	100,
			"load":	0
		},
		"70d0a728-694b-41ed-8faa-7d5ef2fddc03":	{
			"serviceInstanceId":	"70d0a728-694b-41ed-8faa-7d5ef2fddc03",
			"serviceName":	"npcf-policyauthorization",
			"versions":	[{
					"apiVersionInUri":	"v1",
					"apiFullVersion":	"1.0.0"
				}],
			"scheme":	"http",
			"nfServiceStatus":	"REGISTERED",
			"ipEndPoints":	[{
					"ipv4Address":	"127.0.0.13",
					"port":	7777
				}],
			"priority":	0,
			"capacity":	100,
			"load":	0
		}
	},
	"nfProfileChangesSupportInd":	true
} (../lib/sbi/client.c:403)
11/20 19:20:25.454: [sock] DEBUG: socket create(2:1:6) (../lib/core/ogs-socket.c:92)
11/20 19:20:25.454: [sock] DEBUG: Turn on TCP_NODELAY (../lib/core/ogs-sockopt.c:139)
11/20 19:20:25.454: [sock] DEBUG: Turn on SO_REUSEADDR (../lib/core/ogs-sockopt.c:120)
11/20 19:20:25.454: [sock] DEBUG: socket bind 127.0.0.13:7777 (../lib/core/ogs-socket.c:117)
11/20 19:20:25.454: [sock] DEBUG: tcp_server() [127.0.0.13]:7777 (../lib/core/ogs-tcp.c:61)
11/20 19:20:25.454: [sbi] INFO: nghttp2_server() [127.0.0.13]:7777 (../lib/sbi/nghttp2-server.c:151)
11/20 19:20:25.454: [thread] DEBUG: [0x5586375dbf90] thread started (../lib/core/ogs-thread.c:101)
11/20 19:20:25.454: [app] INFO: PCF initialize...done (../src/pcf/app.c:31)
11/20 19:20:25.454: [thread] DEBUG: [0x5586375dbf90] worker signal (../lib/core/ogs-thread.c:66)
11/20 19:20:25.454: [pcf] DEBUG: pcf_state_initial(): INIT (../src/pcf/pcf-sm.c:25)
11/20 19:20:25.454: [pcf] DEBUG: pcf_state_operational(): ENTRY (../src/pcf/pcf-sm.c:58)
0000: 00000604 00000000 00000300 04e200     ...............
11/20 19:20:25.455: [sbi] DEBUG: MAX_CONCURRENT_STREAMS = 100 (../lib/sbi/nghttp2-server.c:747)
11/20 19:20:25.455: [sbi] DEBUG: ENABLE_PUSH = false (../lib/sbi/nghttp2-server.c:749)
11/20 19:20:25.455: [sbi] DEBUG: STREAM added [1] (../lib/sbi/nghttp2-server.c:1122)
11/20 19:20:25.455: [sbi] DEBUG: MAX_CONCURRENT_STREAMS = 100 (../lib/sbi/nghttp2-server.c:747)
11/20 19:20:25.455: [sbi] DEBUG: ENABLE_PUSH = false (../lib/sbi/nghttp2-server.c:749)
11/20 19:20:25.455: [sbi] DEBUG: [PUT] /nnrf-nfm/v1/nf-instances/70cfafe4-694b-41ed-8faa-7d5ef2fddc03 (../lib/sbi/nghttp2-server.c:801)
11/20 19:20:25.455: [sbi] DEBUG: RECEIVED: 1645 (../lib/sbi/nghttp2-server.c:805)
11/20 19:20:25.455: [sbi] DEBUG: {
	"nfInstanceId":	"70cfafe4-694b-41ed-8faa-7d5ef2fddc03",
	"nfType":	"PCF",
	"nfStatus":	"REGISTERED",
	"ipv4Addresses":	["127.0.0.13"],
	"allowedNfTypes":	["AMF", "SMF", "SCP"],
	"priority":	0,
	"capacity":	100,
	"load":	0,
	"nfServiceList":	{
		"70d0a5f2-694b-41ed-8faa-7d5ef2fddc03":	{
			"serviceInstanceId":	"70d0a5f2-694b-41ed-8faa-7d5ef2fddc03",
			"serviceName":	"npcf-am-policy-control",
			"versions":	[{
					"apiVersionInUri":	"v1",
					"apiFullVersion":	"1.0.0"
				}],
			"scheme":	"http",
			"nfServiceStatus":	"REGISTERED",
			"ipEndPoints":	[{
					"ipv4Address":	"127.0.0.13",
					"port":	7777
				}],
			"allowedNfTypes":	["AMF"],
			"priority":	0,
			"capacity":	100,
			"load":	0
		},
		"70d0a6ce-694b-41ed-8faa-7d5ef2fddc03":	{
			"serviceInstanceId":	"70d0a6ce-694b-41ed-8faa-7d5ef2fddc03",
			"serviceName":	"npcf-smpolicycontrol",
			"versions":	[{
					"apiVersionInUri":	"v1",
					"apiFullVersion":	"1.0.0"
				}],
			"scheme":	"http",
			"nfServiceStatus":	"REGISTERED",
			"ipEndPoints":	[{
					"ipv4Address":	"127.0.0.13",
					"port":	7777
				}],
			"allowedNfTypes":	["SMF"],
			"priority":	0,
			"capacity":	100,
			"load":	0
		},
		"70d0a728-694b-41ed-8faa-7d5ef2fddc03":	{
			"serviceInstanceId":	"70d0a728-694b-41ed-8faa-7d5ef2fddc03",
			"serviceName":	"npcf-policyauthorization",
			"versions":	[{
					"apiVersionInUri":	"v1",
					"apiFullVersion":	"1.0.0"
				}],
			"scheme":	"http",
			"nfServiceStatus":	"REGISTERED",
			"ipEndPoints":	[{
					"ipv4Address":	"127.0.0.13",
					"port":	7777
				}],
			"priority":	0,
			"capacity":	100,
			"load":	0
		}
	},
	"nfProfileChangesSupportInd":	true
} (../lib/sbi/nghttp2-server.c:806)
11/20 19:20:25.455: [nrf] DEBUG: nrf_state_operational(): OGS_EVENT_NAME_SBI_SERVER (../src/nrf/nrf-sm.c:50)
11/20 19:20:25.455: [sbi] DEBUG: ogs_sbi_nf_instance_add() (../lib/sbi/context.c:762)
11/20 19:20:25.455: [sbi] DEBUG: [REF] 1 (../lib/sbi/context.c:764)
11/20 19:20:25.455: [nrf] DEBUG: nrf_nf_state_initial(): ENTRY (../src/nrf/nf-sm.c:55)
11/20 19:20:25.455: [nrf] DEBUG: nrf_nf_state_will_register(): ENTRY (../src/nrf/nf-sm.c:93)
11/20 19:20:25.455: [nrf] DEBUG: nrf_nf_state_will_register(): OGS_EVENT_NAME_SBI_SERVER (../src/nrf/nf-sm.c:93)
11/20 19:20:25.455: [sock] DEBUG: addr:127.0.0.13, port:80 (../lib/core/ogs-sockaddr.c:140)
11/20 19:20:25.455: [sock] DEBUG: addr:127.0.0.13, port:7777 (../lib/core/ogs-sockaddr.c:140)
11/20 19:20:25.455: [sock] DEBUG: addr:127.0.0.13, port:7777 (../lib/core/ogs-sockaddr.c:140)
11/20 19:20:25.455: [sock] DEBUG: addr:127.0.0.13, port:7777 (../lib/core/ogs-sockaddr.c:140)
11/20 19:20:25.455: [sbi] DEBUG: STATUS [201] (../lib/sbi/nghttp2-server.c:357)
11/20 19:20:25.455: [sbi] DEBUG: SENDING...: 157 (../lib/sbi/nghttp2-server.c:365)
11/20 19:20:25.455: [sbi] DEBUG: {
	"nfInstanceId":	"70cfafe4-694b-41ed-8faa-7d5ef2fddc03",
	"nfType":	"PCF",
	"nfStatus":	"REGISTERED",
	"heartBeatTimer":	10,
	"nfProfileChangesInd":	true
} (../lib/sbi/nghttp2-server.c:366)
11/20 19:20:25.455: [sbi] DEBUG: STREAM closed [1] (../lib/sbi/nghttp2-server.c:852)
11/20 19:20:25.455: [nrf] DEBUG: nrf_nf_state_will_register(): EXIT (../src/nrf/nf-sm.c:93)
11/20 19:20:25.455: [nrf] DEBUG: nrf_nf_state_registered(): ENTRY (../src/nrf/nf-sm.c:183)
11/20 19:20:25.455: [nrf] INFO: [70cfafe4-694b-41ed-8faa-7d5ef2fddc03] NF registered [Heartbeat:10s] (../src/nrf/nf-sm.c:191)
0000: 00000004 01000000 00                  .........
0000: 00006c01 04000000 01488210 03768bd5   ..l......H...v..
0010: 596a6f16 e53b8976 d76f6196 d07abe94   Yjo..;.v.oa..z..
0020: 1054d27e ea080212 8066e081 704da98b   .T.~.....f..pM..
0030: 46ff0f0d 03313537 0f1fad62 aaac956a   F....157...b...j
0040: a5a58ee1 62a95635 4848ea21 50c3a024   ....b.V5HH.!P..$
0050: a394ad2c e3ed46b3 412c8b3d 28c6b3b2   ...,..F.A,.=(...
0060: 3659452c 92100cff 5f8b1d75 d0620d26   6YE,...._..u.b.&
0070: 3d4c7441 ea                           =LtA.
0000: 00009d00 01000000 017b0a09 226e6649   .........{.."nfI
0010: 6e737461 6e636549 64223a09 22373063   nstanceId":."70c
0020: 66616665 342d3639 34622d34 3165642d   fafe4-694b-41ed-
0030: 38666161 2d376435 65663266 64646330   8faa-7d5ef2fddc0
0040: 33222c0a 09226e66 54797065 223a0922   3",.."nfType":."
0050: 50434622 2c0a0922 6e665374 61747573   PCF",.."nfStatus
0060: 223a0922 52454749 53544552 4544222c   ":."REGISTERED",
0070: 0a092268 65617274 42656174 54696d65   .."heartBeatTime
0080: 72223a09 31302c0a 09226e66 50726f66   r":.10,.."nfProf
0090: 696c6543 68616e67 6573496e 64223a09   ileChangesInd":.
00a0: 74727565 0a7d                         true.}
11/20 19:20:25.455: [sbi] DEBUG: [201:PUT] http://[::1]:7777/nnrf-nfm/v1/nf-instances/70cfafe4-694b-41ed-8faa-7d5ef2fddc03 (../lib/sbi/client.c:573)
11/20 19:20:25.455: [sbi] DEBUG: RECEIVED[157] (../lib/sbi/client.c:584)
11/20 19:20:25.455: [sbi] DEBUG: {
	"nfInstanceId":	"70cfafe4-694b-41ed-8faa-7d5ef2fddc03",
	"nfType":	"PCF",
	"nfStatus":	"REGISTERED",
	"heartBeatTimer":	10,
	"nfProfileChangesInd":	true
} (../lib/sbi/client.c:586)
11/20 19:20:25.455: [pcf] DEBUG: pcf_state_operational(): OGS_EVENT_NAME_SBI_CLIENT (../src/pcf/pcf-sm.c:58)
11/20 19:20:25.455: [sbi] DEBUG: ogs_sbi_nf_state_will_register(): OGS_EVENT_NAME_SBI_CLIENT (../lib/sbi/nf-sm.c:118)
11/20 19:20:25.455: [sbi] DEBUG: ogs_sbi_nf_state_will_register(): EXIT (../lib/sbi/nf-sm.c:118)
11/20 19:20:25.455: [sbi] DEBUG: ogs_sbi_nf_state_registered(): ENTRY (../lib/sbi/nf-sm.c:204)
11/20 19:20:25.455: [sbi] INFO: [70cfafe4-694b-41ed-8faa-7d5ef2fddc03] NF registered [Heartbeat:10s] (../lib/sbi/nf-sm.c:216)
11/20 19:20:25.456: [sbi] DEBUG: [POST] http://[::1]:7777/nnrf-nfm/v1/subscriptions (../lib/sbi/client.c:625)
11/20 19:20:25.456: [sbi] DEBUG: SENDING...[268] (../lib/sbi/client.c:401)
11/20 19:20:25.456: [sbi] DEBUG: {
	"nfStatusNotificationUri":	"http://127.0.0.13:7777/nnrf-nfm/v1/nf-status-notify",
	"reqNfInstanceId":	"70cfafe4-694b-41ed-8faa-7d5ef2fddc03",
	"subscrCond":	{
		"nfType":	"BSF",
		"serviceName":	"nbsf-management"
	},
	"reqNfType":	"PCF",
	"requesterFeatures":	"1"
} (../lib/sbi/client.c:403)
11/20 19:20:25.456: [sbi] DEBUG: [POST] http://[::1]:7777/nnrf-nfm/v1/subscriptions (../lib/sbi/client.c:625)
11/20 19:20:25.456: [sbi] DEBUG: SENDING...[260] (../lib/sbi/client.c:401)
11/20 19:20:25.456: [sbi] DEBUG: {
	"nfStatusNotificationUri":	"http://127.0.0.13:7777/nnrf-nfm/v1/nf-status-notify",
	"reqNfInstanceId":	"70cfafe4-694b-41ed-8faa-7d5ef2fddc03",
	"subscrCond":	{
		"nfType":	"UDR",
		"serviceName":	"nudr-dr"
	},
	"reqNfType":	"PCF",
	"requesterFeatures":	"1"
} (../lib/sbi/client.c:403)
11/20 19:20:25.456: [sbi] DEBUG: STREAM added [3] (../lib/sbi/nghttp2-server.c:1122)
11/20 19:20:25.456: [sbi] DEBUG: [POST] /nnrf-nfm/v1/subscriptions (../lib/sbi/nghttp2-server.c:801)
11/20 19:20:25.456: [sbi] DEBUG: RECEIVED: 268 (../lib/sbi/nghttp2-server.c:805)
11/20 19:20:25.456: [sbi] DEBUG: {
	"nfStatusNotificationUri":	"http://127.0.0.13:7777/nnrf-nfm/v1/nf-status-notify",
	"reqNfInstanceId":	"70cfafe4-694b-41ed-8faa-7d5ef2fddc03",
	"subscrCond":	{
		"nfType":	"BSF",
		"serviceName":	"nbsf-management"
	},
	"reqNfType":	"PCF",
	"requesterFeatures":	"1"
} (../lib/sbi/nghttp2-server.c:806)
11/20 19:20:25.456: [nrf] DEBUG: nrf_state_operational(): OGS_EVENT_NAME_SBI_SERVER (../src/nrf/nrf-sm.c:50)
11/20 19:20:25.456: [sock] DEBUG: addr:127.0.0.13, port:7777 (../lib/core/ogs-sockaddr.c:140)
11/20 19:20:25.456: [sbi] DEBUG: ogs_sbi_client_add() (../lib/sbi/client.c:112)
11/20 19:20:25.456: [sbi] DEBUG: [REF] 1 (../lib/sbi/client.c:113)
11/20 19:20:25.456: [nrf] DEBUG: [REF] 2 (../src/nrf/nnrf-handler.c:261)
11/20 19:20:25.456: [sbi] DEBUG: STATUS [201] (../lib/sbi/nghttp2-server.c:357)
11/20 19:20:25.456: [sbi] DEBUG: SENDING...: 383 (../lib/sbi/nghttp2-server.c:365)
11/20 19:20:25.456: [sbi] DEBUG: {
	"nfStatusNotificationUri":	"http://127.0.0.13:7777/nnrf-nfm/v1/nf-status-notify",
	"reqNfInstanceId":	"70cfafe4-694b-41ed-8faa-7d5ef2fddc03",
	"subscrCond":	{
		"nfType":	"BSF",
		"serviceName":	"nbsf-management"
	},
	"subscriptionId":	"70d11262-694b-41ed-ab57-81416635edaa",
	"validityTime":	"2022-11-21T19:20:25.456750-08:00",
	"reqNfType":	"PCF",
	"nrfSupportedFeatures":	"1"
} (../lib/sbi/nghttp2-server.c:366)
11/20 19:20:25.456: [sbi] DEBUG: STREAM closed [3] (../lib/sbi/nghttp2-server.c:852)
0000: 00002001 04000000 03c1c0bf 0f0d0333   .. ............3
0010: 38330f1f 9362aaac 956aa5a5 8ee16116   83...b...j....a.
0020: c682586a d263d48f be                  ..Xj.c...
0000: 00017f00 01000000 037b0a09 226e6653   .........{.."nfS
0010: 74617475 734e6f74 69666963 6174696f   tatusNotificatio
0020: 6e557269 223a0922 68747470 3a2f2f31   nUri":."http://1
0030: 32372e30 2e302e31 333a3737 37372f6e   27.0.0.13:7777/n
0040: 6e72662d 6e666d2f 76312f6e 662d7374   nrf-nfm/v1/nf-st
0050: 61747573 2d6e6f74 69667922 2c0a0922   atus-notify",.."
0060: 7265714e 66496e73 74616e63 65496422   reqNfInstanceId"
0070: 3a092237 30636661 6665342d 36393462   :."70cfafe4-694b
0080: 2d343165 642d3866 61612d37 64356566   -41ed-8faa-7d5ef
0090: 32666464 63303322 2c0a0922 73756273   2fddc03",.."subs
00a0: 6372436f 6e64223a 097b0a09 09226e66   crCond":.{..."nf
00b0: 54797065 223a0922 42534622 2c0a0909   Type":."BSF",...
00c0: 22736572 76696365 4e616d65 223a0922   "serviceName":."
00d0: 6e627366 2d6d616e 6167656d 656e7422   nbsf-management"
00e0: 0a097d2c 0a092273 75627363 72697074   ..},.."subscript
00f0: 696f6e49 64223a09 22373064 31313236   ionId":."70d1126
0100: 322d3639 34622d34 3165642d 61623537   2-694b-41ed-ab57
0110: 2d383134 31363633 35656461 61222c0a   -81416635edaa",.
0120: 09227661 6c696469 74795469 6d65223a   ."validityTime":
0130: 09223230 32322d31 312d3231 5431393a   ."2022-11-21T19:
0140: 32303a32 352e3435 36373530 2d30383a   20:25.456750-08:
0150: 3030222c 0a092272 65714e66 54797065   00",.."reqNfType
0160: 223a0922 50434622 2c0a0922 6e726653   ":."PCF",.."nrfS
0170: 7570706f 72746564 46656174 75726573   upportedFeatures
0180: 223a0922 31220a7d                     ":."1".}
11/20 19:20:25.456: [sbi] DEBUG: MAX_CONCURRENT_STREAMS = 100 (../lib/sbi/nghttp2-server.c:747)
11/20 19:20:25.456: [sbi] DEBUG: ENABLE_PUSH = false (../lib/sbi/nghttp2-server.c:749)
0000: 00000604 00000000 00000300 04e200     ...............
11/20 19:20:25.456: [sbi] DEBUG: STREAM added [1] (../lib/sbi/nghttp2-server.c:1122)
11/20 19:20:25.456: [sbi] DEBUG: MAX_CONCURRENT_STREAMS = 100 (../lib/sbi/nghttp2-server.c:747)
11/20 19:20:25.457: [sbi] DEBUG: ENABLE_PUSH = false (../lib/sbi/nghttp2-server.c:749)
11/20 19:20:25.457: [sbi] DEBUG: [POST] /nnrf-nfm/v1/subscriptions (../lib/sbi/nghttp2-server.c:801)
11/20 19:20:25.457: [sbi] DEBUG: RECEIVED: 260 (../lib/sbi/nghttp2-server.c:805)
11/20 19:20:25.457: [sbi] DEBUG: {
	"nfStatusNotificationUri":	"http://127.0.0.13:7777/nnrf-nfm/v1/nf-status-notify",
	"reqNfInstanceId":	"70cfafe4-694b-41ed-8faa-7d5ef2fddc03",
	"subscrCond":	{
		"nfType":	"UDR",
		"serviceName":	"nudr-dr"
	},
	"reqNfType":	"PCF",
	"requesterFeatures":	"1"
} (../lib/sbi/nghttp2-server.c:806)
11/20 19:20:25.457: [nrf] DEBUG: nrf_state_operational(): OGS_EVENT_NAME_SBI_SERVER (../src/nrf/nrf-sm.c:50)
11/20 19:20:25.457: [sock] DEBUG: addr:127.0.0.13, port:7777 (../lib/core/ogs-sockaddr.c:140)
11/20 19:20:25.457: [nrf] DEBUG: [REF] 3 (../src/nrf/nnrf-handler.c:261)
11/20 19:20:25.457: [sbi] DEBUG: STATUS [201] (../lib/sbi/nghttp2-server.c:357)
11/20 19:20:25.457: [sbi] DEBUG: SENDING...: 375 (../lib/sbi/nghttp2-server.c:365)
11/20 19:20:25.457: [sbi] DEBUG: {
	"nfStatusNotificationUri":	"http://127.0.0.13:7777/nnrf-nfm/v1/nf-status-notify",
	"reqNfInstanceId":	"70cfafe4-694b-41ed-8faa-7d5ef2fddc03",
	"subscrCond":	{
		"nfType":	"UDR",
		"serviceName":	"nudr-dr"
	},
	"subscriptionId":	"70d11fb4-694b-41ed-ab57-81416635edaa",
	"validityTime":	"2022-11-21T19:20:25.457057-08:00",
	"reqNfType":	"PCF",
	"nrfSupportedFeatures":	"1"
} (../lib/sbi/nghttp2-server.c:366)
11/20 19:20:25.457: [sbi] DEBUG: STREAM closed [1] (../lib/sbi/nghttp2-server.c:852)
11/20 19:20:25.457: [sbi] DEBUG: [201:POST] http://[::1]:7777/nnrf-nfm/v1/subscriptions (../lib/sbi/client.c:573)
0000: 00000004 01000000 00                  .........
11/20 19:20:25.457: [sbi] DEBUG: RECEIVED[383] (../lib/sbi/client.c:584)
11/20 19:20:25.457: [sbi] DEBUG: {
	"nfStatusNotificationUri":	"http://127.0.0.13:7777/nnrf-nfm/v1/nf-status-notify",
	"reqNfInstanceId":	"70cfafe4-694b-41ed-8faa-7d5ef2fddc03",
	"subscrCond":	{
		"nfType":	"BSF",
		"serviceName":	"nbsf-management"
	},
	"subscriptionId":	"70d11262-694b-41ed-ab57-81416635edaa",
	"validityTime":	"2022-11-21T19:20:25.456750-08:00",
	"reqNfType":	"PCF",
	"nrfSupportedFeatures":	"1"
} (../lib/sbi/client.c:586)
0000: 00005201 04000000 01488210 03768bd5   ..R......H...v..
0010: 596a6f16 e53b8976 d76f6196 d07abe94   Yjo..;.v.oa..z..
0020: 1054d27e ea080212 8066e081 704da98b   .T.~.....f..pM..
0030: 46ff0f0d 03333735 0f1f9362 aaac956a   F....375...b...j
0040: a5a58ee1 6116c682 586ad263 d48f5f8b   ....a...Xj.c.._.
0050: 1d75d062 0d263d4c 7441ea              .u.b.&=LtA.
11/20 19:20:25.457: [pcf] DEBUG: pcf_state_operational(): OGS_EVENT_NAME_SBI_CLIENT (../src/pcf/pcf-sm.c:58)
0000: 00017700 01000000 017b0a09 226e6653   ..w......{.."nfS
0010: 74617475 734e6f74 69666963 6174696f   tatusNotificatio
0020: 6e557269 223a0922 68747470 3a2f2f31   nUri":."http://1
0030: 32372e30 2e302e31 333a3737 37372f6e   27.0.0.13:7777/n
0040: 6e72662d 6e666d2f 76312f6e 662d7374   nrf-nfm/v1/nf-st
0050: 61747573 2d6e6f74 69667922 2c0a0922   atus-notify",.."
0060: 7265714e 66496e73 74616e63 65496422   reqNfInstanceId"
0070: 3a092237 30636661 6665342d 36393462   :."70cfafe4-694b
0080: 2d343165 642d3866 61612d37 64356566   -41ed-8faa-7d5ef
0090: 32666464 63303322 2c0a0922 73756273   2fddc03",.."subs
00a0: 6372436f 6e64223a 097b0a09 09226e66   crCond":.{..."nf
00b0: 54797065 223a0922 55445222 2c0a0909   Type":."UDR",...
00c0: 22736572 76696365 4e616d65 223a0922   "serviceName":."
00d0: 6e756472 2d647222 0a097d2c 0a092273   nudr-dr"..},.."s
00e0: 75627363 72697074 696f6e49 64223a09   ubscriptionId":.
00f0: 22373064 31316662 342d3639 34622d34   "70d11fb4-694b-4
0100: 3165642d 61623537 2d383134 31363633   1ed-ab57-8141663
0110: 35656461 61222c0a 09227661 6c696469   5edaa",.."validi
0120: 74795469 6d65223a 09223230 32322d31   tyTime":."2022-1
0130: 312d3231 5431393a 32303a32 352e3435   1-21T19:20:25.45
0140: 37303537 2d30383a 3030222c 0a092272   7057-08:00",.."r
0150: 65714e66 54797065 223a0922 50434622   eqNfType":."PCF"
0160: 2c0a0922 6e726653 7570706f 72746564   ,.."nrfSupported
0170: 46656174 75726573 223a0922 31220a7d   Features":."1".}
11/20 19:20:25.457: [sbi] DEBUG: [201:POST] http://[::1]:7777/nnrf-nfm/v1/subscriptions (../lib/sbi/client.c:573)
11/20 19:20:25.457: [sbi] DEBUG: RECEIVED[375] (../lib/sbi/client.c:584)
11/20 19:20:25.457: [sbi] DEBUG: {
	"nfStatusNotificationUri":	"http://127.0.0.13:7777/nnrf-nfm/v1/nf-status-notify",
	"reqNfInstanceId":	"70cfafe4-694b-41ed-8faa-7d5ef2fddc03",
	"subscrCond":	{
		"nfType":	"UDR",
		"serviceName":	"nudr-dr"
	},
	"subscriptionId":	"70d11fb4-694b-41ed-ab57-81416635edaa",
	"validityTime":	"2022-11-21T19:20:25.457057-08:00",
	"reqNfType":	"PCF",
	"nrfSupportedFeatures":	"1"
} (../lib/sbi/client.c:586)
11/20 19:20:25.457: [pcf] DEBUG: pcf_state_operational(): OGS_EVENT_NAME_SBI_CLIENT (../src/pcf/pcf-sm.c:58)
Open5GS daemon v2.5.5

11/20 19:20:25.468: [app] INFO: Configuration: '/home/test/build/configs/sample.yaml' (../lib/app/ogs-init.c:126)
11/20 19:20:25.468: [app] INFO: File Logging: '/home/test/test.log' (../lib/app/ogs-init.c:129)
11/20 19:20:25.468: [app] INFO: LOG-LEVEL: 'debug' (../lib/app/ogs-init.c:132)
11/20 19:20:25.499: [thread] DEBUG: [0x556d0caec7f0] thread started (../lib/core/ogs-thread.c:101)
11/20 19:20:25.499: [thread] DEBUG: [0x556d0caec7f0] worker signal (../lib/core/ogs-thread.c:66)
11/20 19:20:25.508: [sock] DEBUG: addr:127.0.0.10, port:7777 (../lib/core/ogs-sockaddr.c:140)
11/20 19:20:25.508: [sock] DEBUG: addr:::1, port:7777 (../lib/core/ogs-sockaddr.c:140)
11/20 19:20:25.509: [sock] DEBUG: addr:127.0.0.14, port:7777 (../lib/core/ogs-sockaddr.c:140)
11/20 19:20:25.509: [sock] DEBUG: addr:127.0.0.10, port:7777 (../lib/core/ogs-sockaddr.c:140)
11/20 19:20:25.509: [sbi] DEBUG: ogs_sbi_nf_state_initial(): ENTRY (../lib/sbi/nf-sm.c:66)
Open5GS daemon v2.5.5

11/20 19:20:25.509: [sbi] DEBUG: ogs_sbi_nf_state_registered(): ENTRY (../lib/sbi/nf-sm.c:204)
11/20 19:20:25.509: [app] INFO: Configuration: '/home/test/build/configs/sample.yaml' (../lib/app/ogs-init.c:126)
11/20 19:20:25.509: [app] INFO: File Logging: '/home/test/test.log' (../lib/app/ogs-init.c:129)
11/20 19:20:25.509: [app] INFO: LOG-LEVEL: 'debug' (../lib/app/ogs-init.c:132)
11/20 19:20:25.509: [sbi] INFO: NF Service [nnssf-nsselection] (../lib/sbi/context.c:1401)
11/20 19:20:25.509: [sbi] DEBUG: ogs_sbi_nf_state_initial(): ENTRY (../lib/sbi/nf-sm.c:66)
11/20 19:20:25.509: [sbi] DEBUG: ogs_sbi_nf_state_will_register(): ENTRY (../lib/sbi/nf-sm.c:118)
11/20 19:20:25.509: [sbi] DEBUG: [PUT] http://[::1]:7777/nnrf-nfm/v1/nf-instances/70d904e0-694b-41ed-ae4b-791f6cb5ce89 (../lib/sbi/client.c:625)
11/20 19:20:25.509: [sbi] DEBUG: SENDING...[738] (../lib/sbi/client.c:401)
11/20 19:20:25.509: [sbi] DEBUG: {
	"nfInstanceId":	"70d904e0-694b-41ed-ae4b-791f6cb5ce89",
	"nfType":	"NSSF",
	"nfStatus":	"REGISTERED",
	"ipv4Addresses":	["127.0.0.14"],
	"allowedNfTypes":	["AMF", "SCP"],
	"priority":	0,
	"capacity":	100,
	"load":	0,
	"nfServiceList":	{
		"70d9161a-694b-41ed-ae4b-791f6cb5ce89":	{
			"serviceInstanceId":	"70d9161a-694b-41ed-ae4b-791f6cb5ce89",
			"serviceName":	"nnssf-nsselection",
			"versions":	[{
					"apiVersionInUri":	"v2",
					"apiFullVersion":	"2.0.0"
				}],
			"scheme":	"http",
			"nfServiceStatus":	"REGISTERED",
			"ipEndPoints":	[{
					"ipv4Address":	"127.0.0.14",
					"port":	7777
				}],
			"allowedNfTypes":	["AMF"],
			"priority":	0,
			"capacity":	100,
			"load":	0
		}
	},
	"nfProfileChangesSupportInd":	true
} (../lib/sbi/client.c:403)
11/20 19:20:25.509: [sock] DEBUG: socket create(2:1:6) (../lib/core/ogs-socket.c:92)
11/20 19:20:25.509: [sock] DEBUG: Turn on TCP_NODELAY (../lib/core/ogs-sockopt.c:139)
11/20 19:20:25.509: [sock] DEBUG: Turn on SO_REUSEADDR (../lib/core/ogs-sockopt.c:120)
11/20 19:20:25.509: [sock] DEBUG: socket bind 127.0.0.14:7777 (../lib/core/ogs-socket.c:117)
11/20 19:20:25.509: [sock] DEBUG: tcp_server() [127.0.0.14]:7777 (../lib/core/ogs-tcp.c:61)
11/20 19:20:25.509: [sbi] INFO: nghttp2_server() [127.0.0.14]:7777 (../lib/sbi/nghttp2-server.c:151)
11/20 19:20:25.510: [thread] DEBUG: [0x55ac153ca320] worker signal (../lib/core/ogs-thread.c:66)
11/20 19:20:25.510: [nssf] DEBUG: nssf_state_initial(): INIT (../src/nssf/nssf-sm.c:26)
11/20 19:20:25.510: [nssf] DEBUG: nssf_state_operational(): ENTRY (../src/nssf/nssf-sm.c:53)
11/20 19:20:25.510: [thread] DEBUG: [0x55ac153ca320] thread started (../lib/core/ogs-thread.c:101)
11/20 19:20:25.510: [app] INFO: NSSF initialize...done (../src/nssf/app.c:31)
11/20 19:20:25.510: [sbi] DEBUG: MAX_CONCURRENT_STREAMS = 100 (../lib/sbi/nghttp2-server.c:747)
11/20 19:20:25.510: [sbi] DEBUG: ENABLE_PUSH = false (../lib/sbi/nghttp2-server.c:749)
0000: 00000604 00000000 00000300 04e200     ...............
11/20 19:20:25.510: [sbi] DEBUG: STREAM added [1] (../lib/sbi/nghttp2-server.c:1122)
11/20 19:20:25.510: [sbi] DEBUG: [PUT] /nnrf-nfm/v1/nf-instances/70d904e0-694b-41ed-ae4b-791f6cb5ce89 (../lib/sbi/nghttp2-server.c:801)
11/20 19:20:25.510: [sbi] DEBUG: RECEIVED: 738 (../lib/sbi/nghttp2-server.c:805)
11/20 19:20:25.510: [sbi] DEBUG: {
	"nfInstanceId":	"70d904e0-694b-41ed-ae4b-791f6cb5ce89",
	"nfType":	"NSSF",
	"nfStatus":	"REGISTERED",
	"ipv4Addresses":	["127.0.0.14"],
	"allowedNfTypes":	["AMF", "SCP"],
	"priority":	0,
	"capacity":	100,
	"load":	0,
	"nfServiceList":	{
		"70d9161a-694b-41ed-ae4b-791f6cb5ce89":	{
			"serviceInstanceId":	"70d9161a-694b-41ed-ae4b-791f6cb5ce89",
			"serviceName":	"nnssf-nsselection",
			"versions":	[{
					"apiVersionInUri":	"v2",
					"apiFullVersion":	"2.0.0"
				}],
			"scheme":	"http",
			"nfServiceStatus":	"REGISTERED",
			"ipEndPoints":	[{
					"ipv4Address":	"127.0.0.14",
					"port":	7777
				}],
			"allowedNfTypes":	["AMF"],
			"priority":	0,
			"capacity":	100,
			"load":	0
		}
	},
	"nfProfileChangesSupportInd":	true
} (../lib/sbi/nghttp2-server.c:806)
11/20 19:20:25.510: [nrf] DEBUG: nrf_state_operational(): OGS_EVENT_NAME_SBI_SERVER (../src/nrf/nrf-sm.c:50)
11/20 19:20:25.510: [sbi] DEBUG: ogs_sbi_nf_instance_add() (../lib/sbi/context.c:762)
11/20 19:20:25.510: [sbi] DEBUG: [REF] 1 (../lib/sbi/context.c:764)
11/20 19:20:25.510: [nrf] DEBUG: nrf_nf_state_initial(): ENTRY (../src/nrf/nf-sm.c:55)
11/20 19:20:25.510: [nrf] DEBUG: nrf_nf_state_will_register(): ENTRY (../src/nrf/nf-sm.c:93)
11/20 19:20:25.510: [nrf] DEBUG: nrf_nf_state_will_register(): OGS_EVENT_NAME_SBI_SERVER (../src/nrf/nf-sm.c:93)
11/20 19:20:25.510: [sock] DEBUG: addr:127.0.0.14, port:80 (../lib/core/ogs-sockaddr.c:140)
11/20 19:20:25.510: [sock] DEBUG: addr:127.0.0.14, port:7777 (../lib/core/ogs-sockaddr.c:140)
11/20 19:20:25.510: [sbi] DEBUG: STATUS [201] (../lib/sbi/nghttp2-server.c:357)
11/20 19:20:25.510: [sbi] DEBUG: SENDING...: 158 (../lib/sbi/nghttp2-server.c:365)
11/20 19:20:25.510: [sbi] DEBUG: {
	"nfInstanceId":	"70d904e0-694b-41ed-ae4b-791f6cb5ce89",
	"nfType":	"NSSF",
	"nfStatus":	"REGISTERED",
	"heartBeatTimer":	10,
	"nfProfileChangesInd":	true
} (../lib/sbi/nghttp2-server.c:366)
11/20 19:20:25.510: [sbi] DEBUG: STREAM closed [1] (../lib/sbi/nghttp2-server.c:852)
11/20 19:20:25.510: [nrf] DEBUG: nrf_nf_state_will_register(): EXIT (../src/nrf/nf-sm.c:93)
11/20 19:20:25.510: [nrf] DEBUG: nrf_nf_state_registered(): ENTRY (../src/nrf/nf-sm.c:183)
11/20 19:20:25.510: [nrf] INFO: [70d904e0-694b-41ed-ae4b-791f6cb5ce89] NF registered [Heartbeat:10s] (../src/nrf/nf-sm.c:191)
11/20 19:20:25.510: [sbi] DEBUG: MAX_CONCURRENT_STREAMS = 100 (../lib/sbi/nghttp2-server.c:747)
11/20 19:20:25.510: [sbi] DEBUG: ENABLE_PUSH = false (../lib/sbi/nghttp2-server.c:749)
0000: 00000004 01000000 00                  .........
0000: 00006c01 04000000 01488210 03768bd5   ..l......H...v..
0010: 596a6f16 e53b8976 d76f6196 d07abe94   Yjo..;.v.oa..z..
0020: 1054d27e ea080212 8066e081 704da98b   .T.~.....f..pM..
0030: 46ff0f0d 03313538 0f1fad62 aaac956a   F....158...b...j
0040: a5a58ee1 62a95635 4848ea21 50c3a091   ....b.V5HH.!P...
0050: f034502c e3ed46b3 412c8b0c ad46b3af   .4P,..F.A,...F..
0060: 8657091b 642bcfff 5f8b1d75 d0620d26   .W..d+.._..u.b.&
0070: 3d4c7441 ea                           =LtA.
11/20 19:20:25.510: [sbi] DEBUG: [201:PUT] http://[::1]:7777/nnrf-nfm/v1/nf-instances/70d904e0-694b-41ed-ae4b-791f6cb5ce89 (../lib/sbi/client.c:573)
0000: 00009e00 01000000 017b0a09 226e6649   .........{.."nfI
0010: 6e737461 6e636549 64223a09 22373064   nstanceId":."70d
0020: 39303465 302d3639 34622d34 3165642d   904e0-694b-41ed-
0030: 61653462 2d373931 66366362 35636538   ae4b-791f6cb5ce8
0040: 39222c0a 09226e66 54797065 223a0922   9",.."nfType":."
0050: 4e535346 222c0a09 226e6653 74617475   NSSF",.."nfStatu
0060: 73223a09 22524547 49535445 52454422   s":."REGISTERED"
0070: 2c0a0922 68656172 74426561 7454696d   ,.."heartBeatTim
0080: 6572223a 0931302c 0a09226e 6650726f   er":.10,.."nfPro
0090: 66696c65 4368616e 67657349 6e64223a   fileChangesInd":
00a0: 09747275 650a7d                       .true.}
11/20 19:20:25.510: [sbi] DEBUG: RECEIVED[158] (../lib/sbi/client.c:584)
11/20 19:20:25.510: [sbi] DEBUG: {
	"nfInstanceId":	"70d904e0-694b-41ed-ae4b-791f6cb5ce89",
	"nfType":	"NSSF",
	"nfStatus":	"REGISTERED",
	"heartBeatTimer":	10,
	"nfProfileChangesInd":	true
} (../lib/sbi/client.c:586)
11/20 19:20:25.510: [nssf] DEBUG: nssf_state_operational(): OGS_EVENT_NAME_SBI_CLIENT (../src/nssf/nssf-sm.c:53)
11/20 19:20:25.510: [sbi] DEBUG: ogs_sbi_nf_state_will_register(): OGS_EVENT_NAME_SBI_CLIENT (../lib/sbi/nf-sm.c:118)
11/20 19:20:25.510: [sbi] DEBUG: ogs_sbi_nf_state_will_register(): EXIT (../lib/sbi/nf-sm.c:118)
11/20 19:20:25.510: [sbi] DEBUG: ogs_sbi_nf_state_registered(): ENTRY (../lib/sbi/nf-sm.c:204)
11/20 19:20:25.510: [sbi] INFO: [70d904e0-694b-41ed-ae4b-791f6cb5ce89] NF registered [Heartbeat:10s] (../lib/sbi/nf-sm.c:216)
11/20 19:20:25.513: [sock] DEBUG: addr:127.0.0.4, port:2123 (../lib/core/ogs-sockaddr.c:140)
11/20 19:20:25.513: [sock] DEBUG: addr:::1, port:2123 (../lib/core/ogs-sockaddr.c:140)
11/20 19:20:25.513: [sock] DEBUG: addr:127.0.0.4, port:2152 (../lib/core/ogs-sockaddr.c:140)
11/20 19:20:25.513: [sock] DEBUG: addr:::1, port:2152 (../lib/core/ogs-sockaddr.c:140)
11/20 19:20:25.513: [sock] DEBUG: addr:127.0.0.4, port:8805 (../lib/core/ogs-sockaddr.c:140)
11/20 19:20:25.515: [sock] DEBUG: addr:127.0.0.7, port:8805 (../lib/core/ogs-sockaddr.c:140)
11/20 19:20:25.515: [sock] DEBUG: addr:127.0.0.4, port:7777 (../lib/core/ogs-sockaddr.c:140)
11/20 19:20:25.515: [sock] DEBUG: addr:127.0.0.10, port:7777 (../lib/core/ogs-sockaddr.c:140)
11/20 19:20:25.515: [sock] DEBUG: addr:::1, port:7777 (../lib/core/ogs-sockaddr.c:140)
11/20 19:20:25.525: [diam] DEBUG: pid:Main in fd_core_initialize@core.c:188: libfdproto '1.5.0' initialized.
 ((null):0)
11/20 19:20:25.526: [diam] DEBUG: pid:Main in fd_core_initialize@core.c:223: libfdcore '1.5.0' initialized.
 ((null):0)
11/20 19:20:25.541: [sock] DEBUG: addr:127.0.0.10, port:7777 (../lib/core/ogs-sockaddr.c:140)
11/20 19:20:25.541: [sock] DEBUG: addr:::1, port:7777 (../lib/core/ogs-sockaddr.c:140)
11/20 19:20:25.541: [sock] DEBUG: addr:127.0.0.15, port:7777 (../lib/core/ogs-sockaddr.c:140)
11/20 19:20:25.541: [sbi] DEBUG: ogs_sbi_nf_state_initial(): ENTRY (../lib/sbi/nf-sm.c:66)
11/20 19:20:25.541: [sbi] DEBUG: ogs_sbi_nf_state_registered(): ENTRY (../lib/sbi/nf-sm.c:204)
11/20 19:20:25.541: [sbi] INFO: NF Service [nbsf-management] (../lib/sbi/context.c:1401)
11/20 19:20:25.541: [sbi] DEBUG: ogs_sbi_nf_state_initial(): ENTRY (../lib/sbi/nf-sm.c:66)
11/20 19:20:25.541: [sbi] DEBUG: ogs_sbi_nf_state_will_register(): ENTRY (../lib/sbi/nf-sm.c:118)
11/20 19:20:25.541: [sbi] DEBUG: [PUT] http://[::1]:7777/nnrf-nfm/v1/nf-instances/70dde79e-694b-41ed-8e27-8f2b4c705d2c (../lib/sbi/client.c:625)
11/20 19:20:25.541: [sbi] DEBUG: SENDING...[747] (../lib/sbi/client.c:401)
11/20 19:20:25.541: [sbi] DEBUG: {
	"nfInstanceId":	"70dde79e-694b-41ed-8e27-8f2b4c705d2c",
	"nfType":	"BSF",
	"nfStatus":	"REGISTERED",
	"ipv4Addresses":	["127.0.0.15"],
	"allowedNfTypes":	["PCF", "AF", "SCP"],
	"priority":	0,
	"capacity":	100,
	"load":	0,
	"nfServiceList":	{
		"70de09d6-694b-41ed-8e27-8f2b4c705d2c":	{
			"serviceInstanceId":	"70de09d6-694b-41ed-8e27-8f2b4c705d2c",
			"serviceName":	"nbsf-management",
			"versions":	[{
					"apiVersionInUri":	"v1",
					"apiFullVersion":	"1.0.0"
				}],
			"scheme":	"http",
			"nfServiceStatus":	"REGISTERED",
			"ipEndPoints":	[{
					"ipv4Address":	"127.0.0.15",
					"port":	7777
				}],
			"allowedNfTypes":	["PCF", "AF"],
			"priority":	0,
			"capacity":	100,
			"load":	0
		}
	},
	"nfProfileChangesSupportInd":	true
} (../lib/sbi/client.c:403)
11/20 19:20:25.541: [sock] DEBUG: socket create(2:1:6) (../lib/core/ogs-socket.c:92)
11/20 19:20:25.541: [sock] DEBUG: Turn on TCP_NODELAY (../lib/core/ogs-sockopt.c:139)
11/20 19:20:25.541: [sock] DEBUG: Turn on SO_REUSEADDR (../lib/core/ogs-sockopt.c:120)
11/20 19:20:25.541: [sock] DEBUG: socket bind 127.0.0.15:7777 (../lib/core/ogs-socket.c:117)
11/20 19:20:25.541: [sock] DEBUG: tcp_server() [127.0.0.15]:7777 (../lib/core/ogs-tcp.c:61)
11/20 19:20:25.541: [sbi] INFO: nghttp2_server() [127.0.0.15]:7777 (../lib/sbi/nghttp2-server.c:151)
11/20 19:20:25.542: [thread] DEBUG: [0x56365ef26780] thread started (../lib/core/ogs-thread.c:101)
11/20 19:20:25.542: [app] INFO: BSF initialize...done (../src/bsf/app.c:31)
11/20 19:20:25.542: [thread] DEBUG: [0x56365ef26780] worker signal (../lib/core/ogs-thread.c:66)
11/20 19:20:25.542: [bsf] DEBUG: bsf_state_initial(): INIT (../src/bsf/bsf-sm.c:26)
11/20 19:20:25.542: [bsf] DEBUG: bsf_state_operational(): ENTRY (../src/bsf/bsf-sm.c:55)
0000: 00000604 00000000 00000300 04e200     ...............
11/20 19:20:25.542: [sbi] DEBUG: MAX_CONCURRENT_STREAMS = 100 (../lib/sbi/nghttp2-server.c:747)
11/20 19:20:25.542: [sbi] DEBUG: ENABLE_PUSH = false (../lib/sbi/nghttp2-server.c:749)
11/20 19:20:25.542: [sbi] DEBUG: STREAM added [1] (../lib/sbi/nghttp2-server.c:1122)
11/20 19:20:25.542: [sbi] DEBUG: MAX_CONCURRENT_STREAMS = 100 (../lib/sbi/nghttp2-server.c:747)
11/20 19:20:25.542: [sbi] DEBUG: ENABLE_PUSH = false (../lib/sbi/nghttp2-server.c:749)
11/20 19:20:25.542: [sbi] DEBUG: [PUT] /nnrf-nfm/v1/nf-instances/70dde79e-694b-41ed-8e27-8f2b4c705d2c (../lib/sbi/nghttp2-server.c:801)
11/20 19:20:25.542: [sbi] DEBUG: RECEIVED: 747 (../lib/sbi/nghttp2-server.c:805)
11/20 19:20:25.542: [sbi] DEBUG: {
	"nfInstanceId":	"70dde79e-694b-41ed-8e27-8f2b4c705d2c",
	"nfType":	"BSF",
	"nfStatus":	"REGISTERED",
	"ipv4Addresses":	["127.0.0.15"],
	"allowedNfTypes":	["PCF", "AF", "SCP"],
	"priority":	0,
	"capacity":	100,
	"load":	0,
	"nfServiceList":	{
		"70de09d6-694b-41ed-8e27-8f2b4c705d2c":	{
			"serviceInstanceId":	"70de09d6-694b-41ed-8e27-8f2b4c705d2c",
			"serviceName":	"nbsf-management",
			"versions":	[{
					"apiVersionInUri":	"v1",
					"apiFullVersion":	"1.0.0"
				}],
			"scheme":	"http",
			"nfServiceStatus":	"REGISTERED",
			"ipEndPoints":	[{
					"ipv4Address":	"127.0.0.15",
					"port":	7777
				}],
			"allowedNfTypes":	["PCF", "AF"],
			"priority":	0,
			"capacity":	100,
			"load":	0
		}
	},
	"nfProfileChangesSupportInd":	true
} (../lib/sbi/nghttp2-server.c:806)
11/20 19:20:25.542: [nrf] DEBUG: nrf_state_operational(): OGS_EVENT_NAME_SBI_SERVER (../src/nrf/nrf-sm.c:50)
11/20 19:20:25.542: [sbi] DEBUG: ogs_sbi_nf_instance_add() (../lib/sbi/context.c:762)
11/20 19:20:25.542: [sbi] DEBUG: [REF] 1 (../lib/sbi/context.c:764)
11/20 19:20:25.542: [nrf] DEBUG: nrf_nf_state_initial(): ENTRY (../src/nrf/nf-sm.c:55)
11/20 19:20:25.542: [nrf] DEBUG: nrf_nf_state_will_register(): ENTRY (../src/nrf/nf-sm.c:93)
11/20 19:20:25.542: [nrf] DEBUG: nrf_nf_state_will_register(): OGS_EVENT_NAME_SBI_SERVER (../src/nrf/nf-sm.c:93)
11/20 19:20:25.542: [sock] DEBUG: addr:127.0.0.15, port:80 (../lib/core/ogs-sockaddr.c:140)
11/20 19:20:25.542: [sock] DEBUG: addr:127.0.0.15, port:7777 (../lib/core/ogs-sockaddr.c:140)
11/20 19:20:25.542: [sbi] DEBUG: STATUS [201] (../lib/sbi/nghttp2-server.c:357)
11/20 19:20:25.542: [sbi] DEBUG: SENDING...: 157 (../lib/sbi/nghttp2-server.c:365)
11/20 19:20:25.542: [sbi] DEBUG: {
	"nfInstanceId":	"70dde79e-694b-41ed-8e27-8f2b4c705d2c",
	"nfType":	"BSF",
	"nfStatus":	"REGISTERED",
	"heartBeatTimer":	10,
	"nfProfileChangesInd":	true
} (../lib/sbi/nghttp2-server.c:366)
11/20 19:20:25.542: [sbi] DEBUG: STREAM closed [1] (../lib/sbi/nghttp2-server.c:852)
11/20 19:20:25.542: [nrf] DEBUG: nrf_nf_state_will_register(): EXIT (../src/nrf/nf-sm.c:93)
11/20 19:20:25.542: [nrf] DEBUG: nrf_nf_state_registered(): ENTRY (../src/nrf/nf-sm.c:183)
11/20 19:20:25.542: [nrf] INFO: [70dde79e-694b-41ed-8e27-8f2b4c705d2c] NF registered [Heartbeat:10s] (../src/nrf/nf-sm.c:191)
11/20 19:20:25.543: [sbi] DEBUG: [POST] http://127.0.0.13:7777/nnrf-nfm/v1/nf-status-notify (../lib/sbi/client.c:625)
11/20 19:20:25.543: [sbi] DEBUG: SENDING...[952] (../lib/sbi/client.c:401)
11/20 19:20:25.543: [sbi] DEBUG: {
	"event":	"NF_REGISTERED",
	"nfInstanceUri":	"http://127.0.0.10:7777/nnrf-nfm/v1/nf-instances/70dde79e-694b-41ed-8e27-8f2b4c705d2c",
	"nfProfile":	{
		"nfInstanceId":	"70dde79e-694b-41ed-8e27-8f2b4c705d2c",
		"nfType":	"BSF",
		"nfStatus":	"REGISTERED",
		"heartBeatTimer":	10,
		"ipv4Addresses":	["127.0.0.15"],
		"allowedNfTypes":	["PCF", "AF", "SCP"],
		"priority":	0,
		"capacity":	100,
		"load":	0,
		"nfServiceList":	{
			"70de09d6-694b-41ed-8e27-8f2b4c705d2c":	{
				"serviceInstanceId":	"70de09d6-694b-41ed-8e27-8f2b4c705d2c",
				"serviceName":	"nbsf-management",
				"versions":	[{
						"apiVersionInUri":	"v1",
						"apiFullVersion":	"1.0.0"
					}],
				"scheme":	"http",
				"nfServiceStatus":	"REGISTERED",
				"ipEndPoints":	[{
						"ipv4Address":	"127.0.0.15",
						"port":	7777
					}],
				"allowedNfTypes":	["PCF", "AF"],
				"priority":	0,
				"capacity":	100,
				"load":	0
			}
		},
		"nfProfileChangesSupportInd":	true
	}
} (../lib/sbi/client.c:403)
0000: 00000004 01000000 00                  .........
11/20 19:20:25.543: [sbi] DEBUG: MAX_CONCURRENT_STREAMS = 100 (../lib/sbi/nghttp2-server.c:747)
0000: 00006c01 04000000 01488210 03768bd5   ..l......H...v..
0010: 596a6f16 e53b8976 d76f6196 d07abe94   Yjo..;.v.oa..z..
0020: 1054d27e ea080212 8066e081 704da98b   .T.~.....f..pM..
0030: 46ff0f0d 03313537 0f1fad62 aaac956a   F....157...b...j
0040: a5a58ee1 62a95635 4848ea21 50c3a092   ....b.V5HH.!P...
0050: 42baf956 71f6a359 a096459e 289d59e9   B..Vq..Y..E.(.Y.
0060: 451b4474 0dc8227f 5f8b1d75 d0620d26   E.Dt.."._..u.b.&
0070: 3d4c7441 ea                           =LtA.
11/20 19:20:25.543: [sbi] DEBUG: ENABLE_PUSH = false (../lib/sbi/nghttp2-server.c:749)
11/20 19:20:25.543: [sbi] DEBUG: STREAM added [1] (../lib/sbi/nghttp2-server.c:1122)
11/20 19:20:25.543: [sbi] DEBUG: [POST] /nnrf-nfm/v1/nf-status-notify (../lib/sbi/nghttp2-server.c:801)
11/20 19:20:25.543: [sbi] DEBUG: RECEIVED: 952 (../lib/sbi/nghttp2-server.c:805)
0000: 00009d00 01000000 017b0a09 226e6649   .........{.."nfI
0010: 6e737461 6e636549 64223a09 22373064   nstanceId":."70d
0020: 64653739 652d3639 34622d34 3165642d   de79e-694b-41ed-
0030: 38653237 2d386632 62346337 30356432   8e27-8f2b4c705d2
0040: 63222c0a 09226e66 54797065 223a0922   c",.."nfType":."
0050: 42534622 2c0a0922 6e665374 61747573   BSF",.."nfStatus
0060: 223a0922 52454749 53544552 4544222c   ":."REGISTERED",
0070: 0a092268 65617274 42656174 54696d65   .."heartBeatTime
0080: 72223a09 31302c0a 09226e66 50726f66   r":.10,.."nfProf
0090: 696c6543 68616e67 6573496e 64223a09   ileChangesInd":.
00a0: 74727565 0a7d                         true.}
11/20 19:20:25.543: [sbi] DEBUG: {
	"event":	"NF_REGISTERED",
	"nfInstanceUri":	"http://127.0.0.10:7777/nnrf-nfm/v1/nf-instances/70dde79e-694b-41ed-8e27-8f2b4c705d2c",
	"nfProfile":	{
		"nfInstanceId":	"70dde79e-694b-41ed-8e27-8f2b4c705d2c",
		"nfType":	"BSF",
		"nfStatus":	"REGISTERED",
		"heartBeatTimer":	10,
		"ipv4Addresses":	["127.0.0.15"],
		"allowedNfTypes":	["PCF", "AF", "SCP"],
		"priority":	0,
		"capacity":	100,
		"load":	0,
		"nfServiceList":	{
			"70de09d6-694b-41ed-8e27-8f2b4c705d2c":	{
				"serviceInstanceId":	"70de09d6-694b-41ed-8e27-8f2b4c705d2c",
				"serviceName":	"nbsf-management",
				"versions":	[{
						"apiVersionInUri":	"v1",
						"apiFullVersion":	"1.0.0"
					}],
				"scheme":	"http",
				"nfServiceStatus":	"REGISTERED",
				"ipEndPoints":	[{
						"ipv4Address":	"127.0.0.15",
						"port":	7777
					}],
				"allowedNfTypes":	["PCF", "AF"],
				"priority":	0,
				"capacity":	100,
				"load":	0
			}
		},
		"nfProfileChangesSupportInd":	true
	}
} (../lib/sbi/nghttp2-server.c:806)
11/20 19:20:25.543: [sbi] DEBUG: [201:PUT] http://[::1]:7777/nnrf-nfm/v1/nf-instances/70dde79e-694b-41ed-8e27-8f2b4c705d2c (../lib/sbi/client.c:573)
0000: 00000604 00000000 00000300 04e200     ...............
11/20 19:20:25.543: [sbi] DEBUG: RECEIVED[157] (../lib/sbi/client.c:584)
11/20 19:20:25.543: [sbi] DEBUG: {
	"nfInstanceId":	"70dde79e-694b-41ed-8e27-8f2b4c705d2c",
	"nfType":	"BSF",
	"nfStatus":	"REGISTERED",
	"heartBeatTimer":	10,
	"nfProfileChangesInd":	true
} (../lib/sbi/client.c:586)
11/20 19:20:25.543: [pcf] DEBUG: pcf_state_operational(): OGS_EVENT_NAME_SBI_SERVER (../src/pcf/pcf-sm.c:58)
11/20 19:20:25.543: [bsf] DEBUG: bsf_state_operational(): OGS_EVENT_NAME_SBI_CLIENT (../src/bsf/bsf-sm.c:55)
11/20 19:20:25.543: [sbi] DEBUG: ogs_sbi_nf_state_will_register(): OGS_EVENT_NAME_SBI_CLIENT (../lib/sbi/nf-sm.c:118)
11/20 19:20:25.543: [sbi] DEBUG: ogs_sbi_nf_state_will_register(): EXIT (../lib/sbi/nf-sm.c:118)
11/20 19:20:25.543: [sbi] DEBUG: ogs_sbi_nf_state_registered(): ENTRY (../lib/sbi/nf-sm.c:204)
11/20 19:20:25.543: [sbi] INFO: [70dde79e-694b-41ed-8e27-8f2b4c705d2c] NF registered [Heartbeat:10s] (../lib/sbi/nf-sm.c:216)
11/20 19:20:25.543: [sbi] DEBUG: ogs_sbi_nf_instance_add() (../lib/sbi/context.c:762)
11/20 19:20:25.543: [sbi] DEBUG: [REF] 1 (../lib/sbi/context.c:764)
11/20 19:20:25.543: [sbi] DEBUG: ogs_sbi_nf_state_initial(): ENTRY (../lib/sbi/nf-sm.c:66)
11/20 19:20:25.543: [sbi] DEBUG: ogs_sbi_nf_state_registered(): ENTRY (../lib/sbi/nf-sm.c:204)
11/20 19:20:25.543: [sbi] INFO: [70dde79e-694b-41ed-8e27-8f2b4c705d2c] (NRF-notify) NF registered (../lib/sbi/nnrf-handler.c:622)
11/20 19:20:25.543: [sock] DEBUG: addr:127.0.0.15, port:80 (../lib/core/ogs-sockaddr.c:140)
11/20 19:20:25.543: [sock] DEBUG: addr:127.0.0.15, port:7777 (../lib/core/ogs-sockaddr.c:140)
11/20 19:20:25.543: [sbi] INFO: [70dde79e-694b-41ed-8e27-8f2b4c705d2c] (NRF-notify) NF Profile updated (../lib/sbi/nnrf-handler.c:632)
11/20 19:20:25.543: [sbi] DEBUG: ogs_sbi_client_add() (../lib/sbi/client.c:112)
11/20 19:20:25.543: [sbi] DEBUG: [REF] 1 (../lib/sbi/client.c:113)
11/20 19:20:25.543: [sbi] DEBUG: [REF] 2 (../lib/sbi/context.c:1570)
11/20 19:20:25.543: [sbi] DEBUG: ogs_sbi_client_add() (../lib/sbi/client.c:112)
11/20 19:20:25.543: [sbi] DEBUG: [REF] 1 (../lib/sbi/client.c:113)
11/20 19:20:25.544: [sbi] DEBUG: [REF] 2 (../lib/sbi/context.c:1482)
11/20 19:20:25.544: [sbi] DEBUG: STATUS [204] (../lib/sbi/nghttp2-server.c:357)
11/20 19:20:25.544: [sbi] DEBUG: STREAM closed [1] (../lib/sbi/nghttp2-server.c:852)
11/20 19:20:25.544: [sbi] DEBUG: MAX_CONCURRENT_STREAMS = 100 (../lib/sbi/nghttp2-server.c:747)
11/20 19:20:25.544: [sbi] DEBUG: ENABLE_PUSH = false (../lib/sbi/nghttp2-server.c:749)
0000: 00000004 01000000 00                  .........
11/20 19:20:25.544: [sbi] DEBUG: [204:POST] http://127.0.0.13:7777/nnrf-nfm/v1/nf-status-notify (../lib/sbi/client.c:573)
11/20 19:20:25.544: [sbi] DEBUG: RECEIVED[0] (../lib/sbi/client.c:584)
0000: 00002601 05000000 0189768b d5596a6f   ..&.......v..Yjo
0010: 16e53b89 76d76f61 96d07abe 941054d2   ..;.v.oa..z...T.
0020: 7eea0802 128066e0 81704da9 8b46ff     ~.....f..pM..F.
11/20 19:20:25.549: [thread] DEBUG: [0x556d0caeca00] thread started (../lib/core/ogs-thread.c:101)
11/20 19:20:25.549: [thread] DEBUG: [0x556d0caeca00] worker signal (../lib/core/ogs-thread.c:66)
11/20 19:20:25.554: [diam] DEBUG: pid:Main in fd_ext_load@extensions.c:215: All extensions loaded.
 ((null):0)
11/20 19:20:25.554: [diam] DEBUG: pid:Main in ogs_diam_config_init@config.c:196: freeDiameter configuration:
 ((null):0)
11/20 19:20:25.554: [diam] DEBUG: pid:Main in ogs_diam_config_init@config.c:196:   Default trace level .... : +5
 ((null):0)
11/20 19:20:25.554: [diam] DEBUG: pid:Main in ogs_diam_config_init@config.c:196:   Configuration file ..... : (null)
 ((null):0)
11/20 19:20:25.554: [diam] DEBUG: pid:Main in ogs_diam_config_init@config.c:196:   Diameter Identity ...... : smf.localdomain (l:15)
 ((null):0)
11/20 19:20:25.554: [diam] DEBUG: pid:Main in ogs_diam_config_init@config.c:196:   Diameter Realm ......... : localdomain (l:11)
 ((null):0)
11/20 19:20:25.554: [diam] DEBUG: pid:Main in ogs_diam_config_init@config.c:196:   Tc Timer ............... : 30
 ((null):0)
11/20 19:20:25.555: [diam] DEBUG: pid:Main in ogs_diam_config_init@config.c:196:   Tw Timer ............... : 30
 ((null):0)
11/20 19:20:25.555: [diam] DEBUG: pid:Main in ogs_diam_config_init@config.c:196:   Local port ............. : 3868
 ((null):0)
11/20 19:20:25.555: [diam] DEBUG: pid:Main in ogs_diam_config_init@config.c:196:   Local secure port ...... : 5868
 ((null):0)
11/20 19:20:25.555: [diam] DEBUG: pid:Main in ogs_diam_config_init@config.c:196:   Number of SCTP streams . : 30
 ((null):0)
11/20 19:20:25.555: [diam] DEBUG: pid:Main in ogs_diam_config_init@config.c:196:   Number of clients thr .. : 5
 ((null):0)
11/20 19:20:25.555: [diam] DEBUG: pid:Main in ogs_diam_config_init@config.c:196:   Number of app threads .. : 4
 ((null):0)
11/20 19:20:25.555: [diam] DEBUG: pid:Main in ogs_diam_config_init@config.c:196:   Minimal processing peers : 0
 ((null):0)
11/20 19:20:25.555: [diam] DEBUG: pid:Main in ogs_diam_config_init@config.c:196:   Number of rtin threads . : 1
 ((null):0)
11/20 19:20:25.555: [diam] DEBUG: pid:Main in ogs_diam_config_init@config.c:196:   Number of rtout threads  : 1
 ((null):0)
11/20 19:20:25.555: [diam] DEBUG: pid:Main in ogs_diam_config_init@config.c:196:   Incoming queue limit     : 20
 ((null):0)
11/20 19:20:25.555: [diam] DEBUG: pid:Main in ogs_diam_config_init@config.c:196:   Outgoing queue limit     : 30
 ((null):0)
11/20 19:20:25.555: [diam] DEBUG: pid:Main in ogs_diam_config_init@config.c:196:   Local queue limit        : 25
 ((null):0)
11/20 19:20:25.555: [diam] DEBUG: pid:Main in ogs_diam_config_init@config.c:196:   Local endpoints ........ : 127.0.0.4{C----}
 ((null):0)
11/20 19:20:25.555: [diam] DEBUG: pid:Main in ogs_diam_config_init@config.c:196:   Local applications ..... : (none)
 ((null):0)
11/20 19:20:25.555: [diam] DEBUG: pid:Main in ogs_diam_config_init@config.c:196:   Flags : - IP ........... : Enabled
 ((null):0)
11/20 19:20:25.555: [diam] DEBUG: pid:Main in ogs_diam_config_init@config.c:196:           - IPv6 ......... : Enabled
 ((null):0)
11/20 19:20:25.555: [diam] DEBUG: pid:Main in ogs_diam_config_init@config.c:196:           - Relay app .... : DISABLED
 ((null):0)
11/20 19:20:25.555: [diam] DEBUG: pid:Main in ogs_diam_config_init@config.c:196:           - TCP .......... : Enabled
 ((null):0)
11/20 19:20:25.555: [diam] DEBUG: pid:Main in ogs_diam_config_init@config.c:196:           - SCTP ......... : Enabled
 ((null):0)
11/20 19:20:25.555: [diam] DEBUG: pid:Main in ogs_diam_config_init@config.c:196:           - Pref. proto .. : SCTP
 ((null):0)
11/20 19:20:25.555: [diam] DEBUG: pid:Main in ogs_diam_config_init@config.c:196:           - TLS method ... : Separate port
 ((null):0)
11/20 19:20:25.555: [diam] DEBUG: pid:Main in ogs_diam_config_init@config.c:196:           - Client bind .. : Enabled
 ((null):0)
11/20 19:20:25.555: [diam] DEBUG: pid:Main in ogs_diam_config_init@config.c:196:   TLS :   - Certificate .. : (NONE)
 ((null):0)
11/20 19:20:25.555: [diam] DEBUG: pid:Main in ogs_diam_config_init@config.c:196:           - Private key .. : (NONE)
 ((null):0)
11/20 19:20:25.555: [diam] DEBUG: pid:Main in ogs_diam_config_init@config.c:196:           - CA (trust) ... : (none) (0 certs)
 ((null):0)
11/20 19:20:25.555: [diam] DEBUG: pid:Main in ogs_diam_config_init@config.c:196:           - CRL .......... : (none)
 ((null):0)
11/20 19:20:25.555: [diam] DEBUG: pid:Main in ogs_diam_config_init@config.c:196:           - Priority ..... : (default: 'NORMAL')
 ((null):0)
11/20 19:20:25.555: [diam] DEBUG: pid:Main in ogs_diam_config_init@config.c:196:           - DH bits ...... : 1024
 ((null):0)
11/20 19:20:25.555: [diam] DEBUG: pid:Main in ogs_diam_config_init@config.c:196:   Origin-State-Id ........ : 1669000825
 ((null):0)
11/20 19:20:25.562: [diam] DEBUG: pid:Main in fd_servers_start@server.c:464: Local server address(es): 127.0.0.4{C----}
 ((null):0)
11/20 19:20:25.562: [sock] DEBUG: socket create(2:2:17) (../lib/core/ogs-socket.c:92)
11/20 19:20:25.562: [sock] DEBUG: socket bind 127.0.0.4:2123 (../lib/core/ogs-socket.c:117)
11/20 19:20:25.562: [sock] DEBUG: udp_server() [127.0.0.4]:2123 (../lib/core/ogs-udp.c:52)
11/20 19:20:25.562: [gtp] INFO: gtp_server() [127.0.0.4]:2123 (../lib/gtp/path.c:31)
11/20 19:20:25.562: [sock] DEBUG: socket create(10:2:17) (../lib/core/ogs-socket.c:92)
11/20 19:20:25.562: [sock] DEBUG: socket bind ::1:2123 (../lib/core/ogs-socket.c:117)
11/20 19:20:25.562: [sock] DEBUG: udp_server() [::1]:2123 (../lib/core/ogs-udp.c:52)
11/20 19:20:25.562: [gtp] INFO: gtp_server() [::1]:2123 (../lib/gtp/path.c:31)
11/20 19:20:25.562: [sock] DEBUG: socket create(2:2:17) (../lib/core/ogs-socket.c:92)
11/20 19:20:25.562: [sock] DEBUG: socket bind 127.0.0.4:2152 (../lib/core/ogs-socket.c:117)
11/20 19:20:25.562: [sock] DEBUG: udp_server() [127.0.0.4]:2152 (../lib/core/ogs-udp.c:52)
11/20 19:20:25.562: [gtp] INFO: gtp_server() [127.0.0.4]:2152 (../lib/gtp/path.c:31)
11/20 19:20:25.562: [sock] DEBUG: socket create(10:2:17) (../lib/core/ogs-socket.c:92)
11/20 19:20:25.562: [sock] DEBUG: socket bind ::1:2152 (../lib/core/ogs-socket.c:117)
11/20 19:20:25.562: [sock] DEBUG: udp_server() [::1]:2152 (../lib/core/ogs-udp.c:52)
11/20 19:20:25.562: [gtp] INFO: gtp_server() [::1]:2152 (../lib/gtp/path.c:31)
11/20 19:20:25.562: [sock] DEBUG: socket create(2:2:17) (../lib/core/ogs-socket.c:92)
11/20 19:20:25.562: [sock] DEBUG: socket bind 127.0.0.4:8805 (../lib/core/ogs-socket.c:117)
11/20 19:20:25.562: [sock] DEBUG: udp_server() [127.0.0.4]:8805 (../lib/core/ogs-udp.c:52)
11/20 19:20:25.562: [pfcp] INFO: pfcp_server() [127.0.0.4]:8805 (../lib/pfcp/path.c:31)
11/20 19:20:25.562: [smf] DEBUG: smf_pfcp_state_initial(): ENTRY (../src/smf/pfcp-sm.c:35)
11/20 19:20:25.562: [pfcp] INFO: ogs_pfcp_connect() [127.0.0.7]:8805 (../lib/pfcp/path.c:62)
11/20 19:20:25.562: [smf] DEBUG: smf_pfcp_state_will_associate(): ENTRY (../src/smf/pfcp-sm.c:78)
11/20 19:20:25.562: [pfcp] DEBUG: [1] LOCAL  Create  peer [127.0.0.7]:8805 (../lib/pfcp/xact.c:116)
11/20 19:20:25.562: [pfcp] DEBUG: Association Setup Request (../lib/pfcp/build.c:64)
11/20 19:20:25.562: [pfcp] DEBUG: [1] LOCAL  UPD TX-5  peer [127.0.0.7]:8805 (../lib/pfcp/xact.c:197)
11/20 19:20:25.562: [pfcp] DEBUG: [1] LOCAL  Commit  peer [127.0.0.7]:8805 (../lib/pfcp/xact.c:475)
11/20 19:20:25.562: [sbi] DEBUG: ogs_sbi_nf_state_initial(): ENTRY (../lib/sbi/nf-sm.c:66)
11/20 19:20:25.562: [sbi] DEBUG: ogs_sbi_nf_state_registered(): ENTRY (../lib/sbi/nf-sm.c:204)
11/20 19:20:25.563: [sbi] INFO: NF Service [nsmf-pdusession] (../lib/sbi/context.c:1401)
11/20 19:20:25.563: [sbi] DEBUG: ogs_sbi_nf_state_initial(): ENTRY (../lib/sbi/nf-sm.c:66)
11/20 19:20:25.563: [sbi] DEBUG: ogs_sbi_nf_state_will_register(): ENTRY (../lib/sbi/nf-sm.c:118)
11/20 19:20:25.563: [sbi] DEBUG: [PUT] http://[::1]:7777/nnrf-nfm/v1/nf-instances/70cca826-694b-41ed-8175-53a75e027b9f (../lib/sbi/client.c:625)
11/20 19:20:25.563: [upf] DEBUG: upf_state_operational(): UPF_EVT_N4_MESSAGE (../src/upf/upf-sm.c:51)
11/20 19:20:25.563: [sbi] DEBUG: SENDING...[733] (../lib/sbi/client.c:401)
11/20 19:20:25.563: [sbi] DEBUG: {
	"nfInstanceId":	"70cca826-694b-41ed-8175-53a75e027b9f",
	"nfType":	"SMF",
	"nfStatus":	"REGISTERED",
	"ipv4Addresses":	["127.0.0.4"],
	"allowedNfTypes":	["AMF", "SCP"],
	"priority":	0,
	"capacity":	100,
	"load":	0,
	"nfServiceList":	{
		"70e14a92-694b-41ed-8175-53a75e027b9f":	{
			"serviceInstanceId":	"70e14a92-694b-41ed-8175-53a75e027b9f",
			"serviceName":	"nsmf-pdusession",
			"versions":	[{
					"apiVersionInUri":	"v1",
					"apiFullVersion":	"1.0.0"
				}],
			"scheme":	"http",
			"nfServiceStatus":	"REGISTERED",
			"ipEndPoints":	[{
					"ipv4Address":	"127.0.0.4",
					"port":	7777
				}],
			"allowedNfTypes":	["AMF"],
			"priority":	0,
			"capacity":	100,
			"load":	0
		}
	},
	"nfProfileChangesSupportInd":	true
} (../lib/sbi/client.c:403)
11/20 19:20:25.563: [sock] DEBUG: socket create(2:1:6) (../lib/core/ogs-socket.c:92)
11/20 19:20:25.563: [sock] DEBUG: Turn on TCP_NODELAY (../lib/core/ogs-sockopt.c:139)
11/20 19:20:25.563: [sock] DEBUG: Turn on SO_REUSEADDR (../lib/core/ogs-sockopt.c:120)
11/20 19:20:25.563: [sock] DEBUG: socket bind 127.0.0.4:7777 (../lib/core/ogs-socket.c:117)
11/20 19:20:25.563: [sock] DEBUG: tcp_server() [127.0.0.4]:7777 (../lib/core/ogs-tcp.c:61)
11/20 19:20:25.563: [sbi] INFO: nghttp2_server() [127.0.0.4]:7777 (../lib/sbi/nghttp2-server.c:151)
11/20 19:20:25.563: [pfcp] DEBUG: [1] Cannot find xact type 5 from PFCP peer [127.0.0.4]:8805 (../lib/pfcp/xact.c:797)
11/20 19:20:25.563: [pfcp] DEBUG: [1] REMOTE Create  peer [127.0.0.4]:8805 (../lib/pfcp/xact.c:159)
11/20 19:20:25.563: [pfcp] DEBUG: [1] REMOTE Receive peer [127.0.0.4]:8805 (../lib/pfcp/xact.c:704)
11/20 19:20:25.563: [pfcp] DEBUG: [1] REMOTE UPD RX-5  peer [127.0.0.4]:8805 (../lib/pfcp/xact.c:298)
11/20 19:20:25.563: [upf] DEBUG: upf_pfcp_state_will_associate(): UPF_EVT_N4_MESSAGE (../src/upf/pfcp-sm.c:79)
11/20 19:20:25.563: [pfcp] DEBUG: Association Setup Response (../lib/pfcp/build.c:193)
11/20 19:20:25.564: [pfcp] DEBUG: [1] REMOTE UPD TX-6  peer [127.0.0.4]:8805 (../lib/pfcp/xact.c:197)
11/20 19:20:25.564: [diam] DEBUG: pid:ConnTo:pcrf.localdomain in md_hook_cb_tree@dbg_msg_dumps.c:150: CONNECT FAILED to pcrf.localdomain: All connection attempts failed, will retry later
 ((null):0)
11/20 19:20:25.564: [pfcp] DEBUG: [1] REMOTE Commit  peer [127.0.0.4]:8805 (../lib/pfcp/xact.c:475)
11/20 19:20:25.564: [upf] DEBUG: upf_pfcp_state_will_associate(): EXIT (../src/upf/pfcp-sm.c:79)
11/20 19:20:25.564: [thread] DEBUG: [0x562b084ae860] worker signal (../lib/core/ogs-thread.c:66)
11/20 19:20:25.564: [upf] DEBUG: upf_pfcp_state_associated(): ENTRY (../src/upf/pfcp-sm.c:164)
11/20 19:20:25.564: [smf] DEBUG: smf_state_initial(): INIT (../src/smf/smf-sm.c:35)
11/20 19:20:25.564: [smf] DEBUG: smf_state_operational(): ENTRY (../src/smf/smf-sm.c:83)
11/20 19:20:25.564: [upf] INFO: PFCP associated [127.0.0.4]:8805 (../src/upf/pfcp-sm.c:175)
0000: 00000604 00000000 00000300 04e200     ...............
11/20 19:20:25.564: [sbi] DEBUG: MAX_CONCURRENT_STREAMS = 100 (../lib/sbi/nghttp2-server.c:747)
11/20 19:20:25.564: [sbi] DEBUG: ENABLE_PUSH = false (../lib/sbi/nghttp2-server.c:749)
11/20 19:20:25.564: [sbi] DEBUG: STREAM added [1] (../lib/sbi/nghttp2-server.c:1122)
11/20 19:20:25.564: [sbi] DEBUG: MAX_CONCURRENT_STREAMS = 100 (../lib/sbi/nghttp2-server.c:747)
11/20 19:20:25.564: [sbi] DEBUG: ENABLE_PUSH = false (../lib/sbi/nghttp2-server.c:749)
11/20 19:20:25.564: [smf] DEBUG: smf_state_operational(): SMF_EVT_N4_MESSAGE (../src/smf/smf-sm.c:83)
11/20 19:20:25.564: [sbi] DEBUG: [PUT] /nnrf-nfm/v1/nf-instances/70cca826-694b-41ed-8175-53a75e027b9f (../lib/sbi/nghttp2-server.c:801)
11/20 19:20:25.564: [sbi] DEBUG: RECEIVED: 733 (../lib/sbi/nghttp2-server.c:805)
11/20 19:20:25.564: [sbi] DEBUG: {
	"nfInstanceId":	"70cca826-694b-41ed-8175-53a75e027b9f",
	"nfType":	"SMF",
	"nfStatus":	"REGISTERED",
	"ipv4Addresses":	["127.0.0.4"],
	"allowedNfTypes":	["AMF", "SCP"],
	"priority":	0,
	"capacity":	100,
	"load":	0,
	"nfServiceList":	{
		"70e14a92-694b-41ed-8175-53a75e027b9f":	{
			"serviceInstanceId":	"70e14a92-694b-41ed-8175-53a75e027b9f",
			"serviceName":	"nsmf-pdusession",
			"versions":	[{
					"apiVersionInUri":	"v1",
					"apiFullVersion":	"1.0.0"
				}],
			"scheme":	"http",
			"nfServiceStatus":	"REGISTERED",
			"ipEndPoints":	[{
					"ipv4Address":	"127.0.0.4",
					"port":	7777
				}],
			"allowedNfTypes":	["AMF"],
			"priority":	0,
			"capacity":	100,
			"load":	0
		}
	},
	"nfProfileChangesSupportInd":	true
} (../lib/sbi/nghttp2-server.c:806)
11/20 19:20:25.564: [nrf] DEBUG: nrf_state_operational(): OGS_EVENT_NAME_SBI_SERVER (../src/nrf/nrf-sm.c:50)
11/20 19:20:25.564: [pfcp] DEBUG: [1] LOCAL  Find    peer [127.0.0.7]:8805 (../lib/pfcp/xact.c:790)
11/20 19:20:25.564: [pfcp] DEBUG: [1] LOCAL  Receive peer [127.0.0.7]:8805 (../lib/pfcp/xact.c:704)
11/20 19:20:25.564: [sbi] DEBUG: ogs_sbi_nf_instance_add() (../lib/sbi/context.c:762)
11/20 19:20:25.564: [pfcp] DEBUG: [1] LOCAL  UPD RX-6  peer [127.0.0.7]:8805 (../lib/pfcp/xact.c:298)
11/20 19:20:25.564: [sbi] DEBUG: [REF] 1 (../lib/sbi/context.c:764)
11/20 19:20:25.564: [smf] DEBUG: smf_pfcp_state_will_associate(): SMF_EVT_N4_MESSAGE (../src/smf/pfcp-sm.c:78)
11/20 19:20:25.564: [nrf] DEBUG: nrf_nf_state_initial(): ENTRY (../src/nrf/nf-sm.c:55)
11/20 19:20:25.564: [nrf] DEBUG: nrf_nf_state_will_register(): ENTRY (../src/nrf/nf-sm.c:93)
11/20 19:20:25.564: [pfcp] DEBUG: [1] LOCAL  Commit  peer [127.0.0.7]:8805 (../lib/pfcp/xact.c:475)
11/20 19:20:25.564: [nrf] DEBUG: nrf_nf_state_will_register(): OGS_EVENT_NAME_SBI_SERVER (../src/nrf/nf-sm.c:93)
11/20 19:20:25.564: [pfcp] DEBUG: [1] LOCAL  Delete  peer [127.0.0.7]:8805 (../lib/pfcp/xact.c:813)
11/20 19:20:25.564: [sock] DEBUG: addr:127.0.0.4, port:80 (../lib/core/ogs-sockaddr.c:140)
11/20 19:20:25.564: [smf] DEBUG: smf_pfcp_state_will_associate(): EXIT (../src/smf/pfcp-sm.c:78)
11/20 19:20:25.564: [sock] DEBUG: addr:127.0.0.4, port:7777 (../lib/core/ogs-sockaddr.c:140)
11/20 19:20:25.564: [smf] DEBUG: smf_pfcp_state_associated(): ENTRY (../src/smf/pfcp-sm.c:165)
11/20 19:20:25.564: [smf] INFO: PFCP associated [127.0.0.7]:8805 (../src/smf/pfcp-sm.c:176)
11/20 19:20:25.564: [sbi] DEBUG: STATUS [201] (../lib/sbi/nghttp2-server.c:357)
11/20 19:20:25.564: [sbi] DEBUG: SENDING...: 157 (../lib/sbi/nghttp2-server.c:365)
11/20 19:20:25.564: [thread] DEBUG: [0x562b084ae860] thread started (../lib/core/ogs-thread.c:101)
11/20 19:20:25.564: [sbi] DEBUG: {
	"nfInstanceId":	"70cca826-694b-41ed-8175-53a75e027b9f",
	"nfType":	"SMF",
	"nfStatus":	"REGISTERED",
	"heartBeatTimer":	10,
	"nfProfileChangesInd":	true
} (../lib/sbi/nghttp2-server.c:366)
11/20 19:20:25.564: [app] INFO: SMF initialize...done (../src/smf/app.c:31)
11/20 19:20:25.564: [sbi] DEBUG: STREAM closed [1] (../lib/sbi/nghttp2-server.c:852)
11/20 19:20:25.564: [nrf] DEBUG: nrf_nf_state_will_register(): EXIT (../src/nrf/nf-sm.c:93)
11/20 19:20:25.564: [nrf] DEBUG: nrf_nf_state_registered(): ENTRY (../src/nrf/nf-sm.c:183)
11/20 19:20:25.564: [nrf] INFO: [70cca826-694b-41ed-8175-53a75e027b9f] NF registered [Heartbeat:10s] (../src/nrf/nf-sm.c:191)
0000: 00000004 01000000 00                  .........
0000: 00006c01 04000000 01488210 03768bd5   ..l......H...v..
0010: 596a6f16 e53b8976 d76f6196 d07abe94   Yjo..;.v.oa..z..
0020: 1054d27e ea080212 8066e081 704da98b   .T.~.....f..pM..
0030: 46ff0f0d 03313537 0f1fad62 aaac956a   F....157...b...j
0040: a5a58ee1 62a95635 4848ea21 50c3a021   ....b.V5HH.!P..!
0050: 06f09c59 c7da8d66 82591678 2eb6b36c   ...Y...f.Y.x...l
0060: 8dd6ca01 3b1bf2ff 5f8b1d75 d0620d26   ....;..._..u.b.&
0070: 3d4c7441 ea                           =LtA.
0000: 00009d00 01000000 017b0a09 226e6649   .........{.."nfI
0010: 6e737461 6e636549 64223a09 22373063   nstanceId":."70c
0020: 63613832 362d3639 34622d34 3165642d   ca826-694b-41ed-
0030: 38313735 2d353361 37356530 32376239   8175-53a75e027b9
0040: 66222c0a 09226e66 54797065 223a0922   f",.."nfType":."
0050: 534d4622 2c0a0922 6e665374 61747573   SMF",.."nfStatus
0060: 223a0922 52454749 53544552 4544222c   ":."REGISTERED",
0070: 0a092268 65617274 42656174 54696d65   .."heartBeatTime
0080: 72223a09 31302c0a 09226e66 50726f66   r":.10,.."nfProf
0090: 696c6543 68616e67 6573496e 64223a09   ileChangesInd":.
00a0: 74727565 0a7d                         true.}
11/20 19:20:25.564: [sbi] DEBUG: [201:PUT] http://[::1]:7777/nnrf-nfm/v1/nf-instances/70cca826-694b-41ed-8175-53a75e027b9f (../lib/sbi/client.c:573)
11/20 19:20:25.564: [sbi] DEBUG: RECEIVED[157] (../lib/sbi/client.c:584)
11/20 19:20:25.564: [sbi] DEBUG: {
	"nfInstanceId":	"70cca826-694b-41ed-8175-53a75e027b9f",
	"nfType":	"SMF",
	"nfStatus":	"REGISTERED",
	"heartBeatTimer":	10,
	"nfProfileChangesInd":	true
} (../lib/sbi/client.c:586)
11/20 19:20:25.564: [smf] DEBUG: smf_state_operational(): OGS_EVENT_NAME_SBI_CLIENT (../src/smf/smf-sm.c:83)
11/20 19:20:25.564: [sbi] DEBUG: ogs_sbi_nf_state_will_register(): OGS_EVENT_NAME_SBI_CLIENT (../lib/sbi/nf-sm.c:118)
11/20 19:20:25.564: [sbi] DEBUG: ogs_sbi_nf_state_will_register(): EXIT (../lib/sbi/nf-sm.c:118)
11/20 19:20:25.564: [sbi] DEBUG: ogs_sbi_nf_state_registered(): ENTRY (../lib/sbi/nf-sm.c:204)
11/20 19:20:25.564: [sbi] INFO: [70cca826-694b-41ed-8175-53a75e027b9f] NF registered [Heartbeat:10s] (../lib/sbi/nf-sm.c:216)
11/20 19:20:25.565: [sbi] DEBUG: [POST] http://[::1]:7777/nnrf-nfm/v1/subscriptions (../lib/sbi/client.c:625)
11/20 19:20:25.565: [sbi] DEBUG: SENDING...[261] (../lib/sbi/client.c:401)
11/20 19:20:25.565: [sbi] DEBUG: {
	"nfStatusNotificationUri":	"http://127.0.0.4:7777/nnrf-nfm/v1/nf-status-notify",
	"reqNfInstanceId":	"70cca826-694b-41ed-8175-53a75e027b9f",
	"subscrCond":	{
		"nfType":	"AMF",
		"serviceName":	"namf-comm"
	},
	"reqNfType":	"SMF",
	"requesterFeatures":	"1"
} (../lib/sbi/client.c:403)
11/20 19:20:25.565: [sbi] DEBUG: [POST] http://[::1]:7777/nnrf-nfm/v1/subscriptions (../lib/sbi/client.c:625)
11/20 19:20:25.565: [sbi] DEBUG: SENDING...[272] (../lib/sbi/client.c:401)
11/20 19:20:25.565: [sbi] DEBUG: {
	"nfStatusNotificationUri":	"http://127.0.0.4:7777/nnrf-nfm/v1/nf-status-notify",
	"reqNfInstanceId":	"70cca826-694b-41ed-8175-53a75e027b9f",
	"subscrCond":	{
		"nfType":	"PCF",
		"serviceName":	"npcf-smpolicycontrol"
	},
	"reqNfType":	"SMF",
	"requesterFeatures":	"1"
} (../lib/sbi/client.c:403)
11/20 19:20:25.565: [sbi] DEBUG: [POST] http://[::1]:7777/nnrf-nfm/v1/subscriptions (../lib/sbi/client.c:625)
Open5GS daemon v2.5.5

11/20 19:20:25.565: [sbi] DEBUG: SENDING...[260] (../lib/sbi/client.c:401)
11/20 19:20:25.565: [sbi] DEBUG: {
	"nfStatusNotificationUri":	"http://127.0.0.4:7777/nnrf-nfm/v1/nf-status-notify",
	"reqNfInstanceId":	"70cca826-694b-41ed-8175-53a75e027b9f",
	"subscrCond":	{
		"nfType":	"UDM",
		"serviceName":	"nudm-sdm"
	},
	"reqNfType":	"SMF",
	"requesterFeatures":	"1"
} (../lib/sbi/client.c:403)
11/20 19:20:25.565: [app] INFO: Configuration: '/home/test/build/configs/sample.yaml' (../lib/app/ogs-init.c:126)
11/20 19:20:25.565: [app] INFO: File Logging: '/home/test/test.log' (../lib/app/ogs-init.c:129)
11/20 19:20:25.565: [app] INFO: LOG-LEVEL: 'debug' (../lib/app/ogs-init.c:132)
11/20 19:20:25.565: [sbi] DEBUG: STREAM added [3] (../lib/sbi/nghttp2-server.c:1122)
11/20 19:20:25.565: [sbi] DEBUG: [POST] /nnrf-nfm/v1/subscriptions (../lib/sbi/nghttp2-server.c:801)
11/20 19:20:25.565: [sbi] DEBUG: RECEIVED: 261 (../lib/sbi/nghttp2-server.c:805)
11/20 19:20:25.565: [sbi] DEBUG: {
	"nfStatusNotificationUri":	"http://127.0.0.4:7777/nnrf-nfm/v1/nf-status-notify",
	"reqNfInstanceId":	"70cca826-694b-41ed-8175-53a75e027b9f",
	"subscrCond":	{
		"nfType":	"AMF",
		"serviceName":	"namf-comm"
	},
	"reqNfType":	"SMF",
	"requesterFeatures":	"1"
} (../lib/sbi/nghttp2-server.c:806)
11/20 19:20:25.565: [nrf] DEBUG: nrf_state_operational(): OGS_EVENT_NAME_SBI_SERVER (../src/nrf/nrf-sm.c:50)
11/20 19:20:25.565: [sock] DEBUG: addr:127.0.0.4, port:7777 (../lib/core/ogs-sockaddr.c:140)
11/20 19:20:25.565: [sbi] DEBUG: ogs_sbi_client_add() (../lib/sbi/client.c:112)
11/20 19:20:25.565: [sbi] DEBUG: [REF] 1 (../lib/sbi/client.c:113)
11/20 19:20:25.565: [nrf] DEBUG: [REF] 2 (../src/nrf/nnrf-handler.c:261)
11/20 19:20:25.565: [sbi] DEBUG: STATUS [201] (../lib/sbi/nghttp2-server.c:357)
11/20 19:20:25.565: [sbi] DEBUG: SENDING...: 376 (../lib/sbi/nghttp2-server.c:365)
11/20 19:20:25.565: [sbi] DEBUG: {
	"nfStatusNotificationUri":	"http://127.0.0.4:7777/nnrf-nfm/v1/nf-status-notify",
	"reqNfInstanceId":	"70cca826-694b-41ed-8175-53a75e027b9f",
	"subscrCond":	{
		"nfType":	"AMF",
		"serviceName":	"namf-comm"
	},
	"subscriptionId":	"70e1a780-694b-41ed-ab57-81416635edaa",
	"validityTime":	"2022-11-21T19:20:25.565430-08:00",
	"reqNfType":	"SMF",
	"nrfSupportedFeatures":	"1"
} (../lib/sbi/nghttp2-server.c:366)
11/20 19:20:25.565: [sbi] DEBUG: STREAM closed [3] (../lib/sbi/nghttp2-server.c:852)
0000: 00002001 04000000 03c1c0bf 0f0d0333   .. ............3
0010: 37360f1f 9362aaac 956aa5a5 8ee16116   76...b...j....a.
0020: c682586a d263d48f be                  ..Xj.c...
0000: 00017800 01000000 037b0a09 226e6653   ..x......{.."nfS
0010: 74617475 734e6f74 69666963 6174696f   tatusNotificatio
0020: 6e557269 223a0922 68747470 3a2f2f31   nUri":."http://1
0030: 32372e30 2e302e34 3a373737 372f6e6e   27.0.0.4:7777/nn
0040: 72662d6e 666d2f76 312f6e66 2d737461   rf-nfm/v1/nf-sta
0050: 7475732d 6e6f7469 6679222c 0a092272   tus-notify",.."r
0060: 65714e66 496e7374 616e6365 4964223a   eqNfInstanceId":
0070: 09223730 63636138 32362d36 3934622d   ."70cca826-694b-
0080: 34316564 2d383137 352d3533 61373565   41ed-8175-53a75e
0090: 30323762 3966222c 0a092273 75627363   027b9f",.."subsc
00a0: 72436f6e 64223a09 7b0a0909 226e6654   rCond":.{..."nfT
00b0: 79706522 3a092241 4d46222c 0a090922   ype":."AMF",..."
00c0: 73657276 6963654e 616d6522 3a09226e   serviceName":."n
00d0: 616d662d 636f6d6d 220a097d 2c0a0922   amf-comm"..},.."
00e0: 73756273 63726970 74696f6e 4964223a   subscriptionId":
00f0: 09223730 65316137 38302d36 3934622d   ."70e1a780-694b-
0100: 34316564 2d616235 372d3831 34313636   41ed-ab57-814166
0110: 33356564 6161222c 0a092276 616c6964   35edaa",.."valid
0120: 69747954 696d6522 3a092232 3032322d   ityTime":."2022-
0130: 31312d32 31543139 3a32303a 32352e35   11-21T19:20:25.5
0140: 36353433 302d3038 3a303022 2c0a0922   65430-08:00",.."
0150: 7265714e 66547970 65223a09 22534d46   reqNfType":."SMF
0160: 222c0a09 226e7266 53757070 6f727465   ",.."nrfSupporte
0170: 64466561 74757265 73223a09 2231220a   dFeatures":."1".
0180: 7d                                    }
11/20 19:20:25.565: [sbi] DEBUG: [201:POST] http://[::1]:7777/nnrf-nfm/v1/subscriptions (../lib/sbi/client.c:573)
11/20 19:20:25.565: [sbi] DEBUG: MAX_CONCURRENT_STREAMS = 100 (../lib/sbi/nghttp2-server.c:747)
11/20 19:20:25.565: [sbi] DEBUG: ENABLE_PUSH = false (../lib/sbi/nghttp2-server.c:749)
11/20 19:20:25.565: [sbi] DEBUG: RECEIVED[376] (../lib/sbi/client.c:584)
11/20 19:20:25.565: [sbi] DEBUG: STREAM added [1] (../lib/sbi/nghttp2-server.c:1122)
11/20 19:20:25.565: [sbi] DEBUG: {
	"nfStatusNotificationUri":	"http://127.0.0.4:7777/nnrf-nfm/v1/nf-status-notify",
	"reqNfInstanceId":	"70cca826-694b-41ed-8175-53a75e027b9f",
	"subscrCond":	{
		"nfType":	"AMF",
		"serviceName":	"namf-comm"
	},
	"subscriptionId":	"70e1a780-694b-41ed-ab57-81416635edaa",
	"validityTime":	"2022-11-21T19:20:25.565430-08:00",
	"reqNfType":	"SMF",
	"nrfSupportedFeatures":	"1"
} (../lib/sbi/client.c:586)
11/20 19:20:25.565: [smf] DEBUG: smf_state_operational(): OGS_EVENT_NAME_SBI_CLIENT (../src/smf/smf-sm.c:83)
11/20 19:20:25.565: [sbi] DEBUG: [POST] /nnrf-nfm/v1/subscriptions (../lib/sbi/nghttp2-server.c:801)
11/20 19:20:25.565: [sbi] DEBUG: RECEIVED: 272 (../lib/sbi/nghttp2-server.c:805)
11/20 19:20:25.565: [sbi] DEBUG: {
	"nfStatusNotificationUri":	"http://127.0.0.4:7777/nnrf-nfm/v1/nf-status-notify",
	"reqNfInstanceId":	"70cca826-694b-41ed-8175-53a75e027b9f",
	"subscrCond":	{
		"nfType":	"PCF",
		"serviceName":	"npcf-smpolicycontrol"
	},
	"reqNfType":	"SMF",
	"requesterFeatures":	"1"
} (../lib/sbi/nghttp2-server.c:806)
0000: 00000604 00000000 00000300 04e200     ...............
11/20 19:20:25.565: [nrf] DEBUG: nrf_state_operational(): OGS_EVENT_NAME_SBI_SERVER (../src/nrf/nrf-sm.c:50)
11/20 19:20:25.565: [sock] DEBUG: addr:127.0.0.4, port:7777 (../lib/core/ogs-sockaddr.c:140)
11/20 19:20:25.565: [nrf] DEBUG: [REF] 3 (../src/nrf/nnrf-handler.c:261)
11/20 19:20:25.565: [sbi] DEBUG: STATUS [201] (../lib/sbi/nghttp2-server.c:357)
11/20 19:20:25.565: [sbi] DEBUG: SENDING...: 387 (../lib/sbi/nghttp2-server.c:365)
11/20 19:20:25.565: [sbi] DEBUG: {
	"nfStatusNotificationUri":	"http://127.0.0.4:7777/nnrf-nfm/v1/nf-status-notify",
	"reqNfInstanceId":	"70cca826-694b-41ed-8175-53a75e027b9f",
	"subscrCond":	{
		"nfType":	"PCF",
		"serviceName":	"npcf-smpolicycontrol"
	},
	"subscriptionId":	"70e1b568-694b-41ed-ab57-81416635edaa",
	"validityTime":	"2022-11-21T19:20:25.565756-08:00",
	"reqNfType":	"SMF",
	"nrfSupportedFeatures":	"1"
} (../lib/sbi/nghttp2-server.c:366)
11/20 19:20:25.565: [sbi] DEBUG: STREAM closed [1] (../lib/sbi/nghttp2-server.c:852)
11/20 19:20:25.565: [sbi] DEBUG: MAX_CONCURRENT_STREAMS = 100 (../lib/sbi/nghttp2-server.c:747)
11/20 19:20:25.565: [sbi] DEBUG: ENABLE_PUSH = false (../lib/sbi/nghttp2-server.c:749)
0000: 00000004 01000000 00                  .........
11/20 19:20:25.565: [sbi] DEBUG: MAX_CONCURRENT_STREAMS = 100 (../lib/sbi/nghttp2-server.c:747)
11/20 19:20:25.565: [sbi] DEBUG: ENABLE_PUSH = false (../lib/sbi/nghttp2-server.c:749)
11/20 19:20:25.565: [sbi] DEBUG: STREAM added [1] (../lib/sbi/nghttp2-server.c:1122)
11/20 19:20:25.565: [sbi] DEBUG: [POST] /nnrf-nfm/v1/subscriptions (../lib/sbi/nghttp2-server.c:801)
11/20 19:20:25.565: [sbi] DEBUG: RECEIVED: 260 (../lib/sbi/nghttp2-server.c:805)
11/20 19:20:25.565: [sbi] DEBUG: {
	"nfStatusNotificationUri":	"http://127.0.0.4:7777/nnrf-nfm/v1/nf-status-notify",
	"reqNfInstanceId":	"70cca826-694b-41ed-8175-53a75e027b9f",
	"subscrCond":	{
		"nfType":	"UDM",
		"serviceName":	"nudm-sdm"
	},
	"reqNfType":	"SMF",
	"requesterFeatures":	"1"
} (../lib/sbi/nghttp2-server.c:806)
0000: 00000604 00000000 00000300 04e200     ...............
11/20 19:20:25.565: [nrf] DEBUG: nrf_state_operational(): OGS_EVENT_NAME_SBI_SERVER (../src/nrf/nrf-sm.c:50)
11/20 19:20:25.565: [sock] DEBUG: addr:127.0.0.4, port:7777 (../lib/core/ogs-sockaddr.c:140)
11/20 19:20:25.565: [nrf] DEBUG: [REF] 4 (../src/nrf/nnrf-handler.c:261)
11/20 19:20:25.565: [sbi] DEBUG: STATUS [201] (../lib/sbi/nghttp2-server.c:357)
11/20 19:20:25.566: [sbi] DEBUG: SENDING...: 375 (../lib/sbi/nghttp2-server.c:365)
11/20 19:20:25.566: [sbi] DEBUG: {
	"nfStatusNotificationUri":	"http://127.0.0.4:7777/nnrf-nfm/v1/nf-status-notify",
	"reqNfInstanceId":	"70cca826-694b-41ed-8175-53a75e027b9f",
	"subscrCond":	{
		"nfType":	"UDM",
		"serviceName":	"nudm-sdm"
	},
	"subscriptionId":	"70e1be96-694b-41ed-ab57-81416635edaa",
	"validityTime":	"2022-11-21T19:20:25.565983-08:00",
	"reqNfType":	"SMF",
	"nrfSupportedFeatures":	"1"
} (../lib/sbi/nghttp2-server.c:366)
11/20 19:20:25.566: [sbi] DEBUG: STREAM closed [1] (../lib/sbi/nghttp2-server.c:852)
0000: 00005201 04000000 01488210 03768bd5   ..R......H...v..
0010: 596a6f16 e53b8976 d76f6196 d07abe94   Yjo..;.v.oa..z..
0020: 1054d27e ea080212 8066e081 704da98b   .T.~.....f..pM..
0030: 46ff0f0d 03333837 0f1f9362 aaac956a   F....387...b...j
0040: a5a58ee1 6116c682 586ad263 d48f5f8b   ....a...Xj.c.._.
0050: 1d75d062 0d263d4c 7441ea              .u.b.&=LtA.
11/20 19:20:25.566: [sbi] DEBUG: MAX_CONCURRENT_STREAMS = 100 (../lib/sbi/nghttp2-server.c:747)
11/20 19:20:25.566: [sbi] DEBUG: ENABLE_PUSH = false (../lib/sbi/nghttp2-server.c:749)
0000: 00000004 01000000 00                  .........
11/20 19:20:25.566: [sbi] DEBUG: [201:POST] http://[::1]:7777/nnrf-nfm/v1/subscriptions (../lib/sbi/client.c:573)
11/20 19:20:25.566: [sbi] DEBUG: RECEIVED[387] (../lib/sbi/client.c:584)
11/20 19:20:25.566: [sbi] DEBUG: {
	"nfStatusNotificationUri":	"http://127.0.0.4:7777/nnrf-nfm/v1/nf-status-notify",
	"reqNfInstanceId":	"70cca826-694b-41ed-8175-53a75e027b9f",
	"subscrCond":	{
		"nfType":	"PCF",
		"serviceName":	"npcf-smpolicycontrol"
	},
	"subscriptionId":	"70e1b568-694b-41ed-ab57-81416635edaa",
	"validityTime":	"2022-11-21T19:20:25.565756-08:00",
	"reqNfType":	"SMF",
	"nrfSupportedFeatures":	"1"
} (../lib/sbi/client.c:586)
11/20 19:20:25.566: [smf] DEBUG: smf_state_operational(): OGS_EVENT_NAME_SBI_CLIENT (../src/smf/smf-sm.c:83)
0000: 00018300 01000000 017b0a09 226e6653   .........{.."nfS
0010: 74617475 734e6f74 69666963 6174696f   tatusNotificatio
0020: 6e557269 223a0922 68747470 3a2f2f31   nUri":."http://1
0030: 32372e30 2e302e34 3a373737 372f6e6e   27.0.0.4:7777/nn
0040: 72662d6e 666d2f76 312f6e66 2d737461   rf-nfm/v1/nf-sta
0050: 7475732d 6e6f7469 6679222c 0a092272   tus-notify",.."r
0060: 65714e66 496e7374 616e6365 4964223a   eqNfInstanceId":
0070: 09223730 63636138 32362d36 3934622d   ."70cca826-694b-
0080: 34316564 2d383137 352d3533 61373565   41ed-8175-53a75e
0090: 30323762 3966222c 0a092273 75627363   027b9f",.."subsc
00a0: 72436f6e 64223a09 7b0a0909 226e6654   rCond":.{..."nfT
00b0: 79706522 3a092250 4346222c 0a090922   ype":."PCF",..."
00c0: 73657276 6963654e 616d6522 3a09226e   serviceName":."n
00d0: 7063662d 736d706f 6c696379 636f6e74   pcf-smpolicycont
00e0: 726f6c22 0a097d2c 0a092273 75627363   rol"..},.."subsc
00f0: 72697074 696f6e49 64223a09 22373065   riptionId":."70e
0100: 31623536 382d3639 34622d34 3165642d   1b568-694b-41ed-
0110: 61623537 2d383134 31363633 35656461   ab57-81416635eda
0120: 61222c0a 09227661 6c696469 74795469   a",.."validityTi
0130: 6d65223a 09223230 32322d31 312d3231   me":."2022-11-21
0140: 5431393a 32303a32 352e3536 35373536   T19:20:25.565756
0150: 2d30383a 3030222c 0a092272 65714e66   -08:00",.."reqNf
0160: 54797065 223a0922 534d4622 2c0a0922   Type":."SMF",.."
0170: 6e726653 7570706f 72746564 46656174   nrfSupportedFeat
0180: 75726573 223a0922 31220a7d            ures":."1".}
0000: 00005201 04000000 01488210 03768bd5   ..R......H...v..
0010: 596a6f16 e53b8976 d76f6196 d07abe94   Yjo..;.v.oa..z..
0020: 1054d27e ea080212 8066e081 704da98b   .T.~.....f..pM..
0030: 46ff0f0d 03333735 0f1f9362 aaac956a   F....375...b...j
0040: a5a58ee1 6116c682 586ad263 d48f5f8b   ....a...Xj.c.._.
0050: 1d75d062 0d263d4c 7441ea              .u.b.&=LtA.
11/20 19:20:25.566: [sbi] DEBUG: [201:POST] http://[::1]:7777/nnrf-nfm/v1/subscriptions (../lib/sbi/client.c:573)
11/20 19:20:25.566: [sbi] DEBUG: RECEIVED[375] (../lib/sbi/client.c:584)
11/20 19:20:25.566: [sbi] DEBUG: {
	"nfStatusNotificationUri":	"http://127.0.0.4:7777/nnrf-nfm/v1/nf-status-notify",
	"reqNfInstanceId":	"70cca826-694b-41ed-8175-53a75e027b9f",
	"subscrCond":	{
		"nfType":	"UDM",
		"serviceName":	"nudm-sdm"
	},
	"subscriptionId":	"70e1be96-694b-41ed-ab57-81416635edaa",
	"validityTime":	"2022-11-21T19:20:25.565983-08:00",
	"reqNfType":	"SMF",
	"nrfSupportedFeatures":	"1"
} (../lib/sbi/client.c:586)
11/20 19:20:25.566: [smf] DEBUG: smf_state_operational(): OGS_EVENT_NAME_SBI_CLIENT (../src/smf/smf-sm.c:83)
0000: 00017700 01000000 017b0a09 226e6653   ..w......{.."nfS
0010: 74617475 734e6f74 69666963 6174696f   tatusNotificatio
0020: 6e557269 223a0922 68747470 3a2f2f31   nUri":."http://1
0030: 32372e30 2e302e34 3a373737 372f6e6e   27.0.0.4:7777/nn
0040: 72662d6e 666d2f76 312f6e66 2d737461   rf-nfm/v1/nf-sta
0050: 7475732d 6e6f7469 6679222c 0a092272   tus-notify",.."r
0060: 65714e66 496e7374 616e6365 4964223a   eqNfInstanceId":
0070: 09223730 63636138 32362d36 3934622d   ."70cca826-694b-
0080: 34316564 2d383137 352d3533 61373565   41ed-8175-53a75e
0090: 30323762 3966222c 0a092273 75627363   027b9f",.."subsc
00a0: 72436f6e 64223a09 7b0a0909 226e6654   rCond":.{..."nfT
00b0: 79706522 3a092255 444d222c 0a090922   ype":."UDM",..."
00c0: 73657276 6963654e 616d6522 3a09226e   serviceName":."n
00d0: 75646d2d 73646d22 0a097d2c 0a092273   udm-sdm"..},.."s
00e0: 75627363 72697074 696f6e49 64223a09   ubscriptionId":.
00f0: 22373065 31626539 362d3639 34622d34   "70e1be96-694b-4
0100: 3165642d 61623537 2d383134 31363633   1ed-ab57-8141663
0110: 35656461 61222c0a 09227661 6c696469   5edaa",.."validi
0120: 74795469 6d65223a 09223230 32322d31   tyTime":."2022-1
0130: 312d3231 5431393a 32303a32 352e3536   1-21T19:20:25.56
0140: 35393833 2d30383a 3030222c 0a092272   5983-08:00",.."r
0150: 65714e66 54797065 223a0922 534d4622   eqNfType":."SMF"
0160: 2c0a0922 6e726653 7570706f 72746564   ,.."nrfSupported
0170: 46656174 75726573 223a0922 31220a7d   Features":."1".}
11/20 19:20:25.603: [sock] DEBUG: addr:127.0.0.10, port:7777 (../lib/core/ogs-sockaddr.c:140)
11/20 19:20:25.603: [sock] DEBUG: addr:::1, port:7777 (../lib/core/ogs-sockaddr.c:140)
11/20 19:20:25.603: [sock] DEBUG: addr:127.0.0.20, port:7777 (../lib/core/ogs-sockaddr.c:140)
11/20 19:20:25.606: [dbi] INFO: MongoDB URI: 'mongodb://localhost/open5gs' (../lib/dbi/ogs-mongoc.c:130)
11/20 19:20:25.606: [sbi] DEBUG: ogs_sbi_nf_state_initial(): ENTRY (../lib/sbi/nf-sm.c:66)
11/20 19:20:25.606: [sbi] DEBUG: ogs_sbi_nf_state_registered(): ENTRY (../lib/sbi/nf-sm.c:204)
11/20 19:20:25.606: [sbi] INFO: NF Service [nudr-dr] (../lib/sbi/context.c:1401)
11/20 19:20:25.606: [sbi] DEBUG: ogs_sbi_nf_state_initial(): ENTRY (../lib/sbi/nf-sm.c:66)
11/20 19:20:25.606: [sbi] DEBUG: ogs_sbi_nf_state_will_register(): ENTRY (../lib/sbi/nf-sm.c:118)
11/20 19:20:25.606: [sbi] DEBUG: [PUT] http://[::1]:7777/nnrf-nfm/v1/nf-instances/70e7705c-694b-41ed-bc5b-9b040e87ce40 (../lib/sbi/client.c:625)
11/20 19:20:25.606: [sbi] DEBUG: SENDING...[741] (../lib/sbi/client.c:401)
11/20 19:20:25.606: [sbi] DEBUG: {
	"nfInstanceId":	"70e7705c-694b-41ed-bc5b-9b040e87ce40",
	"nfType":	"UDR",
	"nfStatus":	"REGISTERED",
	"ipv4Addresses":	["127.0.0.20"],
	"allowedNfTypes":	["PCF", "UDM", "SCP"],
	"priority":	0,
	"capacity":	100,
	"load":	0,
	"nfServiceList":	{
		"70e7f2de-694b-41ed-bc5b-9b040e87ce40":	{
			"serviceInstanceId":	"70e7f2de-694b-41ed-bc5b-9b040e87ce40",
			"serviceName":	"nudr-dr",
			"versions":	[{
					"apiVersionInUri":	"v1",
					"apiFullVersion":	"1.0.0"
				}],
			"scheme":	"http",
			"nfServiceStatus":	"REGISTERED",
			"ipEndPoints":	[{
					"ipv4Address":	"127.0.0.20",
					"port":	7777
				}],
			"allowedNfTypes":	["PCF", "UDM"],
			"priority":	0,
			"capacity":	100,
			"load":	0
		}
	},
	"nfProfileChangesSupportInd":	true
} (../lib/sbi/client.c:403)
11/20 19:20:25.606: [sock] DEBUG: socket create(2:1:6) (../lib/core/ogs-socket.c:92)
11/20 19:20:25.606: [sock] DEBUG: Turn on TCP_NODELAY (../lib/core/ogs-sockopt.c:139)
11/20 19:20:25.606: [sock] DEBUG: Turn on SO_REUSEADDR (../lib/core/ogs-sockopt.c:120)
11/20 19:20:25.606: [sock] DEBUG: socket bind 127.0.0.20:7777 (../lib/core/ogs-socket.c:117)
11/20 19:20:25.606: [sock] DEBUG: tcp_server() [127.0.0.20]:7777 (../lib/core/ogs-tcp.c:61)
11/20 19:20:25.606: [sbi] INFO: nghttp2_server() [127.0.0.20]:7777 (../lib/sbi/nghttp2-server.c:151)
11/20 19:20:25.607: [thread] DEBUG: [0x558190b90c30] thread started (../lib/core/ogs-thread.c:101)
11/20 19:20:25.607: [app] INFO: UDR initialize...done (../src/udr/app.c:31)
11/20 19:20:25.607: [thread] DEBUG: [0x558190b90c30] worker signal (../lib/core/ogs-thread.c:66)
11/20 19:20:25.607: [udr] DEBUG: udr_state_initial(): INIT (../src/udr/udr-sm.c:25)
11/20 19:20:25.607: [udr] DEBUG: udr_state_operational(): ENTRY (../src/udr/udr-sm.c:51)
0000: 00000604 00000000 00000300 04e200     ...............
11/20 19:20:25.608: [sbi] DEBUG: MAX_CONCURRENT_STREAMS = 100 (../lib/sbi/nghttp2-server.c:747)
11/20 19:20:25.608: [sbi] DEBUG: ENABLE_PUSH = false (../lib/sbi/nghttp2-server.c:749)
11/20 19:20:25.608: [sbi] DEBUG: STREAM added [1] (../lib/sbi/nghttp2-server.c:1122)
11/20 19:20:25.608: [sbi] DEBUG: MAX_CONCURRENT_STREAMS = 100 (../lib/sbi/nghttp2-server.c:747)
11/20 19:20:25.608: [sbi] DEBUG: ENABLE_PUSH = false (../lib/sbi/nghttp2-server.c:749)
11/20 19:20:25.608: [sbi] DEBUG: [PUT] /nnrf-nfm/v1/nf-instances/70e7705c-694b-41ed-bc5b-9b040e87ce40 (../lib/sbi/nghttp2-server.c:801)
11/20 19:20:25.608: [sbi] DEBUG: RECEIVED: 741 (../lib/sbi/nghttp2-server.c:805)
11/20 19:20:25.608: [sbi] DEBUG: {
	"nfInstanceId":	"70e7705c-694b-41ed-bc5b-9b040e87ce40",
	"nfType":	"UDR",
	"nfStatus":	"REGISTERED",
	"ipv4Addresses":	["127.0.0.20"],
	"allowedNfTypes":	["PCF", "UDM", "SCP"],
	"priority":	0,
	"capacity":	100,
	"load":	0,
	"nfServiceList":	{
		"70e7f2de-694b-41ed-bc5b-9b040e87ce40":	{
			"serviceInstanceId":	"70e7f2de-694b-41ed-bc5b-9b040e87ce40",
			"serviceName":	"nudr-dr",
			"versions":	[{
					"apiVersionInUri":	"v1",
					"apiFullVersion":	"1.0.0"
				}],
			"scheme":	"http",
			"nfServiceStatus":	"REGISTERED",
			"ipEndPoints":	[{
					"ipv4Address":	"127.0.0.20",
					"port":	7777
				}],
			"allowedNfTypes":	["PCF", "UDM"],
			"priority":	0,
			"capacity":	100,
			"load":	0
		}
	},
	"nfProfileChangesSupportInd":	true
} (../lib/sbi/nghttp2-server.c:806)
11/20 19:20:25.608: [nrf] DEBUG: nrf_state_operational(): OGS_EVENT_NAME_SBI_SERVER (../src/nrf/nrf-sm.c:50)
11/20 19:20:25.608: [sbi] DEBUG: ogs_sbi_nf_instance_add() (../lib/sbi/context.c:762)
11/20 19:20:25.608: [sbi] DEBUG: [REF] 1 (../lib/sbi/context.c:764)
11/20 19:20:25.608: [nrf] DEBUG: nrf_nf_state_initial(): ENTRY (../src/nrf/nf-sm.c:55)
11/20 19:20:25.608: [nrf] DEBUG: nrf_nf_state_will_register(): ENTRY (../src/nrf/nf-sm.c:93)
11/20 19:20:25.608: [nrf] DEBUG: nrf_nf_state_will_register(): OGS_EVENT_NAME_SBI_SERVER (../src/nrf/nf-sm.c:93)
11/20 19:20:25.608: [sock] DEBUG: addr:127.0.0.20, port:80 (../lib/core/ogs-sockaddr.c:140)
11/20 19:20:25.608: [sock] DEBUG: addr:127.0.0.20, port:7777 (../lib/core/ogs-sockaddr.c:140)
11/20 19:20:25.608: [sbi] DEBUG: STATUS [201] (../lib/sbi/nghttp2-server.c:357)
11/20 19:20:25.608: [sbi] DEBUG: SENDING...: 157 (../lib/sbi/nghttp2-server.c:365)
11/20 19:20:25.608: [sbi] DEBUG: {
	"nfInstanceId":	"70e7705c-694b-41ed-bc5b-9b040e87ce40",
	"nfType":	"UDR",
	"nfStatus":	"REGISTERED",
	"heartBeatTimer":	10,
	"nfProfileChangesInd":	true
} (../lib/sbi/nghttp2-server.c:366)
11/20 19:20:25.608: [sbi] DEBUG: STREAM closed [1] (../lib/sbi/nghttp2-server.c:852)
11/20 19:20:25.608: [nrf] DEBUG: nrf_nf_state_will_register(): EXIT (../src/nrf/nf-sm.c:93)
11/20 19:20:25.608: [nrf] DEBUG: nrf_nf_state_registered(): ENTRY (../src/nrf/nf-sm.c:183)
11/20 19:20:25.608: [nrf] INFO: [70e7705c-694b-41ed-bc5b-9b040e87ce40] NF registered [Heartbeat:10s] (../src/nrf/nf-sm.c:191)
11/20 19:20:25.608: [sbi] DEBUG: [POST] http://127.0.0.12:7777/nnrf-nfm/v1/nf-status-notify (../lib/sbi/client.c:625)
11/20 19:20:25.608: [sbi] DEBUG: SENDING...[946] (../lib/sbi/client.c:401)
11/20 19:20:25.608: [sbi] DEBUG: {
	"event":	"NF_REGISTERED",
	"nfInstanceUri":	"http://127.0.0.10:7777/nnrf-nfm/v1/nf-instances/70e7705c-694b-41ed-bc5b-9b040e87ce40",
	"nfProfile":	{
		"nfInstanceId":	"70e7705c-694b-41ed-bc5b-9b040e87ce40",
		"nfType":	"UDR",
		"nfStatus":	"REGISTERED",
		"heartBeatTimer":	10,
		"ipv4Addresses":	["127.0.0.20"],
		"allowedNfTypes":	["PCF", "UDM", "SCP"],
		"priority":	0,
		"capacity":	100,
		"load":	0,
		"nfServiceList":	{
			"70e7f2de-694b-41ed-bc5b-9b040e87ce40":	{
				"serviceInstanceId":	"70e7f2de-694b-41ed-bc5b-9b040e87ce40",
				"serviceName":	"nudr-dr",
				"versions":	[{
						"apiVersionInUri":	"v1",
						"apiFullVersion":	"1.0.0"
					}],
				"scheme":	"http",
				"nfServiceStatus":	"REGISTERED",
				"ipEndPoints":	[{
						"ipv4Address":	"127.0.0.20",
						"port":	7777
					}],
				"allowedNfTypes":	["PCF", "UDM"],
				"priority":	0,
				"capacity":	100,
				"load":	0
			}
		},
		"nfProfileChangesSupportInd":	true
	}
} (../lib/sbi/client.c:403)
11/20 19:20:25.609: [sbi] DEBUG: [POST] http://127.0.0.13:7777/nnrf-nfm/v1/nf-status-notify (../lib/sbi/client.c:625)
11/20 19:20:25.609: [sbi] DEBUG: SENDING...[946] (../lib/sbi/client.c:401)
11/20 19:20:25.609: [sbi] DEBUG: {
	"event":	"NF_REGISTERED",
	"nfInstanceUri":	"http://127.0.0.10:7777/nnrf-nfm/v1/nf-instances/70e7705c-694b-41ed-bc5b-9b040e87ce40",
	"nfProfile":	{
		"nfInstanceId":	"70e7705c-694b-41ed-bc5b-9b040e87ce40",
		"nfType":	"UDR",
		"nfStatus":	"REGISTERED",
		"heartBeatTimer":	10,
		"ipv4Addresses":	["127.0.0.20"],
		"allowedNfTypes":	["PCF", "UDM", "SCP"],
		"priority":	0,
		"capacity":	100,
		"load":	0,
		"nfServiceList":	{
			"70e7f2de-694b-41ed-bc5b-9b040e87ce40":	{
				"serviceInstanceId":	"70e7f2de-694b-41ed-bc5b-9b040e87ce40",
				"serviceName":	"nudr-dr",
				"versions":	[{
						"apiVersionInUri":	"v1",
						"apiFullVersion":	"1.0.0"
					}],
				"scheme":	"http",
				"nfServiceStatus":	"REGISTERED",
				"ipEndPoints":	[{
						"ipv4Address":	"127.0.0.20",
						"port":	7777
					}],
				"allowedNfTypes":	["PCF", "UDM"],
				"priority":	0,
				"capacity":	100,
				"load":	0
			}
		},
		"nfProfileChangesSupportInd":	true
	}
} (../lib/sbi/client.c:403)
0000: 00000004 01000000 00                  .........
11/20 19:20:25.609: [sbi] DEBUG: MAX_CONCURRENT_STREAMS = 100 (../lib/sbi/nghttp2-server.c:747)
0000: 00006b01 04000000 01488210 03768bd5   ..k......H...v..
0010: 596a6f16 e53b8976 d76f6196 d07abe94   Yjo..;.v.oa..z..
0020: 1054d27e ea080212 8066e081 704da98b   .T.~.....f..pM..
0030: 46ff0f0d 03313537 0f1fac62 aaac956a   F....157...b...j
0040: a5a58ee1 62a95635 4848ea21 50c3a02b   ....b.V5HH.!P..+
0050: ae81b22c e3ed46b3 412c8b46 46e359f8   ...,..F.A,.FF.Y.
0060: c0d00af3 a42b405f 8b1d75d0 620d263d   .....+@_..u.b.&=
0070: 4c7441ea                              LtA.
11/20 19:20:25.609: [sbi] DEBUG: ENABLE_PUSH = false (../lib/sbi/nghttp2-server.c:749)
11/20 19:20:25.609: [sbi] DEBUG: STREAM added [1] (../lib/sbi/nghttp2-server.c:1122)
11/20 19:20:25.609: [sbi] DEBUG: STREAM added [3] (../lib/sbi/nghttp2-server.c:1122)
11/20 19:20:25.609: [sbi] DEBUG: [POST] /nnrf-nfm/v1/nf-status-notify (../lib/sbi/nghttp2-server.c:801)
11/20 19:20:25.609: [sbi] DEBUG: RECEIVED: 946 (../lib/sbi/nghttp2-server.c:805)
11/20 19:20:25.609: [sbi] DEBUG: {
	"event":	"NF_REGISTERED",
	"nfInstanceUri":	"http://127.0.0.10:7777/nnrf-nfm/v1/nf-instances/70e7705c-694b-41ed-bc5b-9b040e87ce40",
	"nfProfile":	{
		"nfInstanceId":	"70e7705c-694b-41ed-bc5b-9b040e87ce40",
		"nfType":	"UDR",
		"nfStatus":	"REGISTERED",
		"heartBeatTimer":	10,
		"ipv4Addresses":	["127.0.0.20"],
		"allowedNfTypes":	["PCF", "UDM", "SCP"],
		"priority":	0,
		"capacity":	100,
		"load":	0,
		"nfServiceList":	{
			"70e7f2de-694b-41ed-bc5b-9b040e87ce40":	{
				"serviceInstanceId":	"70e7f2de-694b-41ed-bc5b-9b040e87ce40",
				"serviceName":	"nudr-dr",
				"versions":	[{
						"apiVersionInUri":	"v1",
						"apiFullVersion":	"1.0.0"
					}],
				"scheme":	"http",
				"nfServiceStatus":	"REGISTERED",
				"ipEndPoints":	[{
						"ipv4Address":	"127.0.0.20",
						"port":	7777
					}],
				"allowedNfTypes":	["PCF", "UDM"],
				"priority":	0,
				"capacity":	100,
				"load":	0
			}
		},
		"nfProfileChangesSupportInd":	true
	}
} (../lib/sbi/nghttp2-server.c:806)
11/20 19:20:25.609: [sbi] DEBUG: [POST] /nnrf-nfm/v1/nf-status-notify (../lib/sbi/nghttp2-server.c:801)
0000: 00009d00 01000000 017b0a09 226e6649   .........{.."nfI
0010: 6e737461 6e636549 64223a09 22373065   nstanceId":."70e
0020: 37373035 632d3639 34622d34 3165642d   7705c-694b-41ed-
0030: 62633562 2d396230 34306538 37636534   bc5b-9b040e87ce4
0040: 30222c0a 09226e66 54797065 223a0922   0",.."nfType":."
0050: 55445222 2c0a0922 6e665374 61747573   UDR",.."nfStatus
0060: 223a0922 52454749 53544552 4544222c   ":."REGISTERED",
0070: 0a092268 65617274 42656174 54696d65   .."heartBeatTime
0080: 72223a09 31302c0a 09226e66 50726f66   r":.10,.."nfProf
0090: 696c6543 68616e67 6573496e 64223a09   ileChangesInd":.
00a0: 74727565 0a7d                         true.}
11/20 19:20:25.609: [sbi] DEBUG: RECEIVED: 946 (../lib/sbi/nghttp2-server.c:805)
11/20 19:20:25.609: [sbi] DEBUG: {
	"event":	"NF_REGISTERED",
	"nfInstanceUri":	"http://127.0.0.10:7777/nnrf-nfm/v1/nf-instances/70e7705c-694b-41ed-bc5b-9b040e87ce40",
	"nfProfile":	{
		"nfInstanceId":	"70e7705c-694b-41ed-bc5b-9b040e87ce40",
		"nfType":	"UDR",
		"nfStatus":	"REGISTERED",
		"heartBeatTimer":	10,
		"ipv4Addresses":	["127.0.0.20"],
		"allowedNfTypes":	["PCF", "UDM", "SCP"],
		"priority":	0,
		"capacity":	100,
		"load":	0,
		"nfServiceList":	{
			"70e7f2de-694b-41ed-bc5b-9b040e87ce40":	{
				"serviceInstanceId":	"70e7f2de-694b-41ed-bc5b-9b040e87ce40",
				"serviceName":	"nudr-dr",
				"versions":	[{
						"apiVersionInUri":	"v1",
						"apiFullVersion":	"1.0.0"
					}],
				"scheme":	"http",
				"nfServiceStatus":	"REGISTERED",
				"ipEndPoints":	[{
						"ipv4Address":	"127.0.0.20",
						"port":	7777
					}],
				"allowedNfTypes":	["PCF", "UDM"],
				"priority":	0,
				"capacity":	100,
				"load":	0
			}
		},
		"nfProfileChangesSupportInd":	true
	}
} (../lib/sbi/nghttp2-server.c:806)
11/20 19:20:25.609: [pcf] DEBUG: pcf_state_operational(): OGS_EVENT_NAME_SBI_SERVER (../src/pcf/pcf-sm.c:58)
0000: 00000604 00000000 00000300 04e200     ...............
11/20 19:20:25.609: [udm] DEBUG: udm_state_operational(): OGS_EVENT_NAME_SBI_SERVER (../src/udm/udm-sm.c:53)
11/20 19:20:25.609: [sbi] DEBUG: ogs_sbi_nf_instance_add() (../lib/sbi/context.c:762)
11/20 19:20:25.609: [sbi] DEBUG: [REF] 1 (../lib/sbi/context.c:764)
11/20 19:20:25.609: [sbi] DEBUG: ogs_sbi_nf_state_initial(): ENTRY (../lib/sbi/nf-sm.c:66)
11/20 19:20:25.609: [sbi] DEBUG: ogs_sbi_nf_state_registered(): ENTRY (../lib/sbi/nf-sm.c:204)
11/20 19:20:25.609: [sbi] INFO: [70e7705c-694b-41ed-bc5b-9b040e87ce40] (NRF-notify) NF registered (../lib/sbi/nnrf-handler.c:622)
11/20 19:20:25.609: [sock] DEBUG: addr:127.0.0.20, port:80 (../lib/core/ogs-sockaddr.c:140)
11/20 19:20:25.609: [sbi] DEBUG: ogs_sbi_nf_instance_add() (../lib/sbi/context.c:762)
11/20 19:20:25.609: [sbi] DEBUG: [REF] 1 (../lib/sbi/context.c:764)
11/20 19:20:25.609: [sock] DEBUG: addr:127.0.0.20, port:7777 (../lib/core/ogs-sockaddr.c:140)
11/20 19:20:25.609: [sbi] INFO: [70e7705c-694b-41ed-bc5b-9b040e87ce40] (NRF-notify) NF Profile updated (../lib/sbi/nnrf-handler.c:632)
11/20 19:20:25.609: [sbi] DEBUG: ogs_sbi_nf_state_initial(): ENTRY (../lib/sbi/nf-sm.c:66)
11/20 19:20:25.609: [sbi] DEBUG: ogs_sbi_client_add() (../lib/sbi/client.c:112)
11/20 19:20:25.609: [sbi] DEBUG: ogs_sbi_nf_state_registered(): ENTRY (../lib/sbi/nf-sm.c:204)
11/20 19:20:25.609: [sbi] DEBUG: [REF] 1 (../lib/sbi/client.c:113)
11/20 19:20:25.609: [sbi] INFO: [70e7705c-694b-41ed-bc5b-9b040e87ce40] (NRF-notify) NF registered (../lib/sbi/nnrf-handler.c:622)
11/20 19:20:25.609: [sock] DEBUG: addr:127.0.0.20, port:80 (../lib/core/ogs-sockaddr.c:140)
11/20 19:20:25.609: [sock] DEBUG: addr:127.0.0.20, port:7777 (../lib/core/ogs-sockaddr.c:140)
11/20 19:20:25.609: [sbi] INFO: [70e7705c-694b-41ed-bc5b-9b040e87ce40] (NRF-notify) NF Profile updated (../lib/sbi/nnrf-handler.c:632)
11/20 19:20:25.609: [sbi] DEBUG: [REF] 2 (../lib/sbi/context.c:1570)
11/20 19:20:25.609: [sbi] DEBUG: ogs_sbi_client_add() (../lib/sbi/client.c:112)
11/20 19:20:25.609: [sbi] DEBUG: ogs_sbi_client_add() (../lib/sbi/client.c:112)
11/20 19:20:25.609: [sbi] DEBUG: [REF] 1 (../lib/sbi/client.c:113)
11/20 19:20:25.609: [sbi] DEBUG: [REF] 1 (../lib/sbi/client.c:113)
11/20 19:20:25.609: [sbi] DEBUG: [REF] 2 (../lib/sbi/context.c:1482)
11/20 19:20:25.609: [sbi] DEBUG: [REF] 2 (../lib/sbi/context.c:1570)
11/20 19:20:25.609: [sbi] DEBUG: STATUS [204] (../lib/sbi/nghttp2-server.c:357)
11/20 19:20:25.609: [sbi] DEBUG: ogs_sbi_client_add() (../lib/sbi/client.c:112)
11/20 19:20:25.609: [sbi] DEBUG: [REF] 1 (../lib/sbi/client.c:113)
11/20 19:20:25.609: [sbi] DEBUG: STREAM closed [3] (../lib/sbi/nghttp2-server.c:852)
11/20 19:20:25.609: [sbi] DEBUG: [REF] 2 (../lib/sbi/context.c:1482)
11/20 19:20:25.609: [sbi] DEBUG: STATUS [204] (../lib/sbi/nghttp2-server.c:357)
0000: 00000301 05000000 0389bfbe            ............
11/20 19:20:25.609: [sbi] DEBUG: STREAM closed [1] (../lib/sbi/nghttp2-server.c:852)
11/20 19:20:25.609: [sbi] DEBUG: [204:POST] http://127.0.0.13:7777/nnrf-nfm/v1/nf-status-notify (../lib/sbi/client.c:573)
11/20 19:20:25.609: [sbi] DEBUG: RECEIVED[0] (../lib/sbi/client.c:584)
11/20 19:20:25.609: [sbi] DEBUG: MAX_CONCURRENT_STREAMS = 100 (../lib/sbi/nghttp2-server.c:747)
11/20 19:20:25.609: [sbi] DEBUG: ENABLE_PUSH = false (../lib/sbi/nghttp2-server.c:749)
0000: 00000004 01000000 00                  .........
0000: 00002601 05000000 0189768b d5596a6f   ..&.......v..Yjo
0010: 16e53b89 76d76f61 96d07abe 941054d2   ..;.v.oa..z...T.
0020: 7eea0802 128066e0 81704da9 8b46ff     ~.....f..pM..F.
11/20 19:20:25.609: [sbi] DEBUG: [204:POST] http://127.0.0.12:7777/nnrf-nfm/v1/nf-status-notify (../lib/sbi/client.c:573)
11/20 19:20:25.609: [sbi] DEBUG: RECEIVED[0] (../lib/sbi/client.c:584)
11/20 19:20:25.610: [sbi] DEBUG: [201:PUT] http://[::1]:7777/nnrf-nfm/v1/nf-instances/70e7705c-694b-41ed-bc5b-9b040e87ce40 (../lib/sbi/client.c:573)
11/20 19:20:25.610: [sbi] DEBUG: RECEIVED[157] (../lib/sbi/client.c:584)
11/20 19:20:25.610: [sbi] DEBUG: {
	"nfInstanceId":	"70e7705c-694b-41ed-bc5b-9b040e87ce40",
	"nfType":	"UDR",
	"nfStatus":	"REGISTERED",
	"heartBeatTimer":	10,
	"nfProfileChangesInd":	true
} (../lib/sbi/client.c:586)
11/20 19:20:25.610: [udr] DEBUG: udr_state_operational(): OGS_EVENT_NAME_SBI_CLIENT (../src/udr/udr-sm.c:51)
11/20 19:20:25.611: [sbi] DEBUG: ogs_sbi_nf_state_will_register(): OGS_EVENT_NAME_SBI_CLIENT (../lib/sbi/nf-sm.c:118)
11/20 19:20:25.611: [sbi] DEBUG: ogs_sbi_nf_state_will_register(): EXIT (../lib/sbi/nf-sm.c:118)
11/20 19:20:25.611: [sbi] DEBUG: ogs_sbi_nf_state_registered(): ENTRY (../lib/sbi/nf-sm.c:204)
11/20 19:20:25.611: [sbi] INFO: [70e7705c-694b-41ed-bc5b-9b040e87ce40] NF registered [Heartbeat:10s] (../lib/sbi/nf-sm.c:216)
11/20 19:20:26.108: [sock] DEBUG: addr:127.0.0.2, port:2152 (../lib/core/ogs-sockaddr.c:140)
11/20 19:20:26.108: [sock] DEBUG: addr:fd69:f21d:873c:fa::2, port:2152 (../lib/core/ogs-sockaddr.c:140)
11/20 19:20:26.108: [sock] DEBUG: addr:127.0.0.3, port:2152 (../lib/core/ogs-sockaddr.c:140)
11/20 19:20:26.108: [sock] DEBUG: addr:fd69:f21d:873c:fa::3, port:2152 (../lib/core/ogs-sockaddr.c:140)
11/20 19:20:26.108: [sock] DEBUG: addr:127.0.0.2, port:36412 (../lib/core/ogs-sockaddr.c:140)
11/20 19:20:26.108: [sock] DEBUG: addr:127.0.0.5, port:38412 (../lib/core/ogs-sockaddr.c:140)
11/20 19:20:26.108: [sock] DEBUG: addr:127.0.0.20, port:38412 (../lib/core/ogs-sockaddr.c:140)
11/20 19:20:26.108: [sock] DEBUG: addr:127.0.0.21, port:38412 (../lib/core/ogs-sockaddr.c:140)
11/20 19:20:26.108: [sock] DEBUG: addr:127.0.0.22, port:38412 (../lib/core/ogs-sockaddr.c:140)
11/20 19:20:26.108: [sock] DEBUG: addr:127.0.0.23, port:38412 (../lib/core/ogs-sockaddr.c:140)
11/20 19:20:26.108: [sock] DEBUG: addr:127.0.0.24, port:38412 (../lib/core/ogs-sockaddr.c:140)
11/20 19:20:26.108: [sock] DEBUG: addr:127.0.0.25, port:38412 (../lib/core/ogs-sockaddr.c:140)
11/20 19:20:26.108: [sock] DEBUG: addr:127.0.0.26, port:38412 (../lib/core/ogs-sockaddr.c:140)
11/20 19:20:26.108: [sock] DEBUG: addr:127.0.0.27, port:38412 (../lib/core/ogs-sockaddr.c:140)
11/20 19:20:26.108: [sock] DEBUG: addr:127.0.0.28, port:38412 (../lib/core/ogs-sockaddr.c:140)
11/20 19:20:26.108: [core] WARNING: unknown key `ngap` (../tests/common/context.c:548)
11/20 19:20:26.108: [core] WARNING: unknown key `guami` (../tests/common/context.c:548)
11/20 19:20:26.108: [core] WARNING: unknown key `security` (../tests/common/context.c:548)
11/20 19:20:26.108: [core] WARNING: unknown key `network_name` (../tests/common/context.c:548)
11/20 19:20:26.108: [core] WARNING: unknown key `amf_name` (../tests/common/context.c:548)
11/20 19:20:26.108: [thread] DEBUG: [0x556d0caee530] thread started (../lib/core/ogs-thread.c:101)
11/20 19:20:26.108: [thread] DEBUG: [0x556d0caee530] worker signal (../lib/core/ogs-thread.c:66)
11/20 19:20:26.108: [thread] DEBUG: [0x556d0caee740] thread started (../lib/core/ogs-thread.c:101)
11/20 19:20:26.108: [thread] DEBUG: [0x556d0caee740] worker signal (../lib/core/ogs-thread.c:66)
11/20 19:20:26.108: [thread] DEBUG: [0x556d0caee950] thread started (../lib/core/ogs-thread.c:101)
11/20 19:20:26.108: [thread] DEBUG: [0x556d0caee950] worker signal (../lib/core/ogs-thread.c:66)
11/20 19:20:27.454: [sbi] DEBUG: ogs_sbi_nf_state_initial(): ENTRY (../lib/sbi/nf-sm.c:66)
11/20 19:20:27.454: [sbi] DEBUG: ogs_sbi_nf_state_registered(): ENTRY (../lib/sbi/nf-sm.c:204)
11/20 19:20:27.454: [sbi] INFO: NF Service [namf-comm] (../lib/sbi/context.c:1401)
11/20 19:20:27.454: [sbi] DEBUG: ogs_sbi_nf_state_initial(): ENTRY (../lib/sbi/nf-sm.c:66)
11/20 19:20:27.454: [sbi] DEBUG: ogs_sbi_nf_state_will_register(): ENTRY (../lib/sbi/nf-sm.c:118)
11/20 19:20:27.454: [sbi] DEBUG: [PUT] http://[::1]:7777/nnrf-nfm/v1/nf-instances/70ba6878-694b-41ed-97ef-3971b1032c7d (../lib/sbi/client.c:625)
11/20 19:20:27.454: [sbi] DEBUG: SENDING...[996] (../lib/sbi/client.c:401)
11/20 19:20:27.454: [sbi] DEBUG: {
	"nfInstanceId":	"70ba6878-694b-41ed-97ef-3971b1032c7d",
	"nfType":	"AMF",
	"nfStatus":	"REGISTERED",
	"ipv4Addresses":	["127.0.0.5"],
	"allowedNfTypes":	["SMF", "SCP"],
	"priority":	0,
	"capacity":	100,
	"load":	0,
	"amfInfo":	{
		"amfSetId":	"001",
		"amfRegionId":	"02",
		"guamiList":	[{
				"plmnId":	{
					"mcc":	"999",
					"mnc":	"70"
				},
				"amfId":	"020040"
			}],
		"taiList":	[{
				"plmnId":	{
					"mcc":	"999",
					"mnc":	"70"
				},
				"tac":	"000001"
			}]
	},
	"nfServiceList":	{
		"7201e1fc-694b-41ed-97ef-3971b1032c7d":	{
			"serviceInstanceId":	"7201e1fc-694b-41ed-97ef-3971b1032c7d",
			"serviceName":	"namf-comm",
			"versions":	[{
					"apiVersionInUri":	"v1",
					"apiFullVersion":	"1.0.0"
				}],
			"scheme":	"http",
			"nfServiceStatus":	"REGISTERED",
			"ipEndPoints":	[{
					"ipv4Address":	"127.0.0.5",
					"port":	7777
				}],
			"allowedNfTypes":	["SMF"],
			"priority":	0,
			"capacity":	100,
			"load":	0
		}
	},
	"nfProfileChangesSupportInd":	true
} (../lib/sbi/client.c:403)
11/20 19:20:27.454: [sock] DEBUG: socket create(2:1:6) (../lib/core/ogs-socket.c:92)
11/20 19:20:27.454: [sock] DEBUG: Turn on TCP_NODELAY (../lib/core/ogs-sockopt.c:139)
11/20 19:20:27.454: [sock] DEBUG: Turn on SO_REUSEADDR (../lib/core/ogs-sockopt.c:120)
11/20 19:20:27.454: [sock] DEBUG: socket bind 127.0.0.5:7777 (../lib/core/ogs-socket.c:117)
11/20 19:20:27.454: [sock] DEBUG: tcp_server() [127.0.0.5]:7777 (../lib/core/ogs-tcp.c:61)
11/20 19:20:27.454: [sbi] INFO: nghttp2_server() [127.0.0.5]:7777 (../lib/sbi/nghttp2-server.c:151)
11/20 19:20:27.454: [sock] DEBUG: socket create(2:1:132) (../lib/core/ogs-socket.c:92)
11/20 19:20:27.454: [sock] DEBUG: sizes of 'struct sctp_event_subscribe': compile-time 10, kernel: 13 (../lib/sctp/ogs-lksctp.c:320)
11/20 19:20:27.454: [sock] DEBUG: OLD spp_flags = 0x29 hbinter = 30000 pathmax = 5, sackdelay = 200 (../lib/sctp/ogs-lksctp.c:517)
11/20 19:20:27.454: [sock] DEBUG: sizes of 'struct sctp_paddrparams': compile-time 152, kernel: 156 (../lib/sctp/ogs-lksctp.c:447)
11/20 19:20:27.454: [sock] DEBUG: NEW spp_flags = 0x29 hbinter = 5000 pathmax = 5, sackdelay = 200 (../lib/sctp/ogs-lksctp.c:549)
11/20 19:20:27.454: [sock] DEBUG: OLD RTO (initial:3000 max:60000 min:1000) (../lib/sctp/ogs-lksctp.c:580)
11/20 19:20:27.454: [sock] DEBUG: New RTO (initial:3000 max:5000 min:1000) (../lib/sctp/ogs-lksctp.c:596)
11/20 19:20:27.454: [sock] DEBUG: Old INITMSG (numout:10 maxin:65535 maxattempt:8 maxinit_to:60000) (../lib/sctp/ogs-lksctp.c:623)
11/20 19:20:27.454: [sock] DEBUG: New INITMSG (numout:30 maxin:65535 maxattempt:4 maxinit_to:8000) (../lib/sctp/ogs-lksctp.c:641)
11/20 19:20:27.454: [sock] DEBUG: Turn on SCTP_NODELAY (../lib/sctp/ogs-lksctp.c:650)
11/20 19:20:27.454: [sock] DEBUG: Turn on SO_REUSEADDR (../lib/core/ogs-sockopt.c:120)
11/20 19:20:27.454: [sock] DEBUG: socket bind 127.0.0.5:38412 (../lib/core/ogs-socket.c:117)
11/20 19:20:27.454: [sock] DEBUG: sctp_server() [127.0.0.5]:38412 (../lib/sctp/ogs-lksctp.c:101)
11/20 19:20:27.454: [amf] INFO: ngap_server() [127.0.0.5]:38412 (../src/amf/ngap-sctp.c:62)
11/20 19:20:27.454: [sock] DEBUG: socket create(2:1:132) (../lib/core/ogs-socket.c:92)
11/20 19:20:27.454: [sock] DEBUG: OLD spp_flags = 0x29 hbinter = 30000 pathmax = 5, sackdelay = 200 (../lib/sctp/ogs-lksctp.c:517)
11/20 19:20:27.454: [sock] DEBUG: NEW spp_flags = 0x29 hbinter = 5000 pathmax = 5, sackdelay = 200 (../lib/sctp/ogs-lksctp.c:549)
11/20 19:20:27.454: [sock] DEBUG: OLD RTO (initial:3000 max:60000 min:1000) (../lib/sctp/ogs-lksctp.c:580)
11/20 19:20:27.454: [sock] DEBUG: New RTO (initial:3000 max:5000 min:1000) (../lib/sctp/ogs-lksctp.c:596)
11/20 19:20:27.454: [sock] DEBUG: Old INITMSG (numout:10 maxin:65535 maxattempt:8 maxinit_to:60000) (../lib/sctp/ogs-lksctp.c:623)
11/20 19:20:27.454: [sock] DEBUG: New INITMSG (numout:30 maxin:65535 maxattempt:4 maxinit_to:8000) (../lib/sctp/ogs-lksctp.c:641)
11/20 19:20:27.454: [sock] DEBUG: Turn on SCTP_NODELAY (../lib/sctp/ogs-lksctp.c:650)
11/20 19:20:27.454: [sock] DEBUG: Turn on SO_REUSEADDR (../lib/core/ogs-sockopt.c:120)
11/20 19:20:27.454: [sock] DEBUG: socket bind 127.0.0.20:38412 (../lib/core/ogs-socket.c:117)
11/20 19:20:27.454: [sock] DEBUG: sctp_server() [127.0.0.20]:38412 (../lib/sctp/ogs-lksctp.c:101)
11/20 19:20:27.454: [amf] INFO: ngap_server() [127.0.0.20]:38412 (../src/amf/ngap-sctp.c:62)
11/20 19:20:27.454: [sock] DEBUG: socket create(2:1:132) (../lib/core/ogs-socket.c:92)
11/20 19:20:27.454: [sock] DEBUG: OLD spp_flags = 0x29 hbinter = 30000 pathmax = 5, sackdelay = 200 (../lib/sctp/ogs-lksctp.c:517)
11/20 19:20:27.454: [sock] DEBUG: NEW spp_flags = 0x29 hbinter = 5000 pathmax = 5, sackdelay = 200 (../lib/sctp/ogs-lksctp.c:549)
11/20 19:20:27.454: [sock] DEBUG: OLD RTO (initial:3000 max:60000 min:1000) (../lib/sctp/ogs-lksctp.c:580)
11/20 19:20:27.454: [sock] DEBUG: New RTO (initial:3000 max:5000 min:1000) (../lib/sctp/ogs-lksctp.c:596)
11/20 19:20:27.454: [sock] DEBUG: Old INITMSG (numout:10 maxin:65535 maxattempt:8 maxinit_to:60000) (../lib/sctp/ogs-lksctp.c:623)
11/20 19:20:27.454: [sock] DEBUG: New INITMSG (numout:30 maxin:65535 maxattempt:4 maxinit_to:8000) (../lib/sctp/ogs-lksctp.c:641)
11/20 19:20:27.454: [sock] DEBUG: Turn on SCTP_NODELAY (../lib/sctp/ogs-lksctp.c:650)
11/20 19:20:27.454: [sock] DEBUG: Turn on SO_REUSEADDR (../lib/core/ogs-sockopt.c:120)
11/20 19:20:27.454: [sock] DEBUG: socket bind 127.0.0.21:38412 (../lib/core/ogs-socket.c:117)
11/20 19:20:27.454: [sock] DEBUG: sctp_server() [127.0.0.21]:38412 (../lib/sctp/ogs-lksctp.c:101)
11/20 19:20:27.455: [amf] INFO: ngap_server() [127.0.0.21]:38412 (../src/amf/ngap-sctp.c:62)
11/20 19:20:27.455: [sock] DEBUG: socket create(2:1:132) (../lib/core/ogs-socket.c:92)
11/20 19:20:27.455: [sock] DEBUG: OLD spp_flags = 0x29 hbinter = 30000 pathmax = 5, sackdelay = 200 (../lib/sctp/ogs-lksctp.c:517)
11/20 19:20:27.455: [sock] DEBUG: NEW spp_flags = 0x29 hbinter = 5000 pathmax = 5, sackdelay = 200 (../lib/sctp/ogs-lksctp.c:549)
11/20 19:20:27.455: [sock] DEBUG: OLD RTO (initial:3000 max:60000 min:1000) (../lib/sctp/ogs-lksctp.c:580)
11/20 19:20:27.455: [sock] DEBUG: New RTO (initial:3000 max:5000 min:1000) (../lib/sctp/ogs-lksctp.c:596)
11/20 19:20:27.455: [sock] DEBUG: Old INITMSG (numout:10 maxin:65535 maxattempt:8 maxinit_to:60000) (../lib/sctp/ogs-lksctp.c:623)
11/20 19:20:27.455: [sock] DEBUG: New INITMSG (numout:30 maxin:65535 maxattempt:4 maxinit_to:8000) (../lib/sctp/ogs-lksctp.c:641)
11/20 19:20:27.455: [sock] DEBUG: Turn on SCTP_NODELAY (../lib/sctp/ogs-lksctp.c:650)
11/20 19:20:27.455: [sock] DEBUG: Turn on SO_REUSEADDR (../lib/core/ogs-sockopt.c:120)
11/20 19:20:27.455: [sock] DEBUG: socket bind 127.0.0.22:38412 (../lib/core/ogs-socket.c:117)
11/20 19:20:27.455: [sock] DEBUG: sctp_server() [127.0.0.22]:38412 (../lib/sctp/ogs-lksctp.c:101)
11/20 19:20:27.455: [amf] INFO: ngap_server() [127.0.0.22]:38412 (../src/amf/ngap-sctp.c:62)
11/20 19:20:27.455: [sock] DEBUG: socket create(2:1:132) (../lib/core/ogs-socket.c:92)
11/20 19:20:27.455: [sock] DEBUG: OLD spp_flags = 0x29 hbinter = 30000 pathmax = 5, sackdelay = 200 (../lib/sctp/ogs-lksctp.c:517)
11/20 19:20:27.455: [sock] DEBUG: NEW spp_flags = 0x29 hbinter = 5000 pathmax = 5, sackdelay = 200 (../lib/sctp/ogs-lksctp.c:549)
11/20 19:20:27.455: [sock] DEBUG: OLD RTO (initial:3000 max:60000 min:1000) (../lib/sctp/ogs-lksctp.c:580)
11/20 19:20:27.455: [sock] DEBUG: New RTO (initial:3000 max:5000 min:1000) (../lib/sctp/ogs-lksctp.c:596)
11/20 19:20:27.455: [sock] DEBUG: Old INITMSG (numout:10 maxin:65535 maxattempt:8 maxinit_to:60000) (../lib/sctp/ogs-lksctp.c:623)
11/20 19:20:27.455: [sock] DEBUG: New INITMSG (numout:30 maxin:65535 maxattempt:4 maxinit_to:8000) (../lib/sctp/ogs-lksctp.c:641)
11/20 19:20:27.455: [sock] DEBUG: Turn on SCTP_NODELAY (../lib/sctp/ogs-lksctp.c:650)
11/20 19:20:27.455: [sock] DEBUG: Turn on SO_REUSEADDR (../lib/core/ogs-sockopt.c:120)
11/20 19:20:27.455: [sock] DEBUG: socket bind 127.0.0.23:38412 (../lib/core/ogs-socket.c:117)
11/20 19:20:27.455: [sock] DEBUG: sctp_server() [127.0.0.23]:38412 (../lib/sctp/ogs-lksctp.c:101)
11/20 19:20:27.455: [amf] INFO: ngap_server() [127.0.0.23]:38412 (../src/amf/ngap-sctp.c:62)
11/20 19:20:27.455: [sock] DEBUG: socket create(2:1:132) (../lib/core/ogs-socket.c:92)
11/20 19:20:27.455: [sock] DEBUG: OLD spp_flags = 0x29 hbinter = 30000 pathmax = 5, sackdelay = 200 (../lib/sctp/ogs-lksctp.c:517)
11/20 19:20:27.455: [sock] DEBUG: NEW spp_flags = 0x29 hbinter = 5000 pathmax = 5, sackdelay = 200 (../lib/sctp/ogs-lksctp.c:549)
11/20 19:20:27.455: [sock] DEBUG: OLD RTO (initial:3000 max:60000 min:1000) (../lib/sctp/ogs-lksctp.c:580)
11/20 19:20:27.455: [sock] DEBUG: New RTO (initial:3000 max:5000 min:1000) (../lib/sctp/ogs-lksctp.c:596)
11/20 19:20:27.455: [sock] DEBUG: Old INITMSG (numout:10 maxin:65535 maxattempt:8 maxinit_to:60000) (../lib/sctp/ogs-lksctp.c:623)
11/20 19:20:27.455: [sock] DEBUG: New INITMSG (numout:30 maxin:65535 maxattempt:4 maxinit_to:8000) (../lib/sctp/ogs-lksctp.c:641)
11/20 19:20:27.455: [sock] DEBUG: Turn on SCTP_NODELAY (../lib/sctp/ogs-lksctp.c:650)
11/20 19:20:27.455: [sock] DEBUG: Turn on SO_REUSEADDR (../lib/core/ogs-sockopt.c:120)
11/20 19:20:27.455: [sock] DEBUG: socket bind 127.0.0.24:38412 (../lib/core/ogs-socket.c:117)
11/20 19:20:27.455: [sock] DEBUG: sctp_server() [127.0.0.24]:38412 (../lib/sctp/ogs-lksctp.c:101)
11/20 19:20:27.455: [amf] INFO: ngap_server() [127.0.0.24]:38412 (../src/amf/ngap-sctp.c:62)
11/20 19:20:27.455: [sock] DEBUG: socket create(2:1:132) (../lib/core/ogs-socket.c:92)
11/20 19:20:27.455: [sock] DEBUG: OLD spp_flags = 0x29 hbinter = 30000 pathmax = 5, sackdelay = 200 (../lib/sctp/ogs-lksctp.c:517)
11/20 19:20:27.455: [sock] DEBUG: NEW spp_flags = 0x29 hbinter = 5000 pathmax = 5, sackdelay = 200 (../lib/sctp/ogs-lksctp.c:549)
11/20 19:20:27.455: [sock] DEBUG: OLD RTO (initial:3000 max:60000 min:1000) (../lib/sctp/ogs-lksctp.c:580)
11/20 19:20:27.455: [sock] DEBUG: New RTO (initial:3000 max:5000 min:1000) (../lib/sctp/ogs-lksctp.c:596)
11/20 19:20:27.455: [sock] DEBUG: Old INITMSG (numout:10 maxin:65535 maxattempt:8 maxinit_to:60000) (../lib/sctp/ogs-lksctp.c:623)
11/20 19:20:27.455: [sock] DEBUG: New INITMSG (numout:30 maxin:65535 maxattempt:4 maxinit_to:8000) (../lib/sctp/ogs-lksctp.c:641)
11/20 19:20:27.455: [sock] DEBUG: Turn on SCTP_NODELAY (../lib/sctp/ogs-lksctp.c:650)
11/20 19:20:27.455: [sock] DEBUG: Turn on SO_REUSEADDR (../lib/core/ogs-sockopt.c:120)
11/20 19:20:27.455: [sock] DEBUG: socket bind 127.0.0.25:38412 (../lib/core/ogs-socket.c:117)
11/20 19:20:27.455: [sock] DEBUG: sctp_server() [127.0.0.25]:38412 (../lib/sctp/ogs-lksctp.c:101)
11/20 19:20:27.455: [amf] INFO: ngap_server() [127.0.0.25]:38412 (../src/amf/ngap-sctp.c:62)
11/20 19:20:27.455: [sock] DEBUG: socket create(2:1:132) (../lib/core/ogs-socket.c:92)
11/20 19:20:27.455: [sock] DEBUG: OLD spp_flags = 0x29 hbinter = 30000 pathmax = 5, sackdelay = 200 (../lib/sctp/ogs-lksctp.c:517)
11/20 19:20:27.455: [sock] DEBUG: NEW spp_flags = 0x29 hbinter = 5000 pathmax = 5, sackdelay = 200 (../lib/sctp/ogs-lksctp.c:549)
11/20 19:20:27.455: [sock] DEBUG: OLD RTO (initial:3000 max:60000 min:1000) (../lib/sctp/ogs-lksctp.c:580)
11/20 19:20:27.455: [sock] DEBUG: New RTO (initial:3000 max:5000 min:1000) (../lib/sctp/ogs-lksctp.c:596)
11/20 19:20:27.455: [sock] DEBUG: Old INITMSG (numout:10 maxin:65535 maxattempt:8 maxinit_to:60000) (../lib/sctp/ogs-lksctp.c:623)
11/20 19:20:27.455: [sock] DEBUG: New INITMSG (numout:30 maxin:65535 maxattempt:4 maxinit_to:8000) (../lib/sctp/ogs-lksctp.c:641)
11/20 19:20:27.455: [sock] DEBUG: Turn on SCTP_NODELAY (../lib/sctp/ogs-lksctp.c:650)
11/20 19:20:27.455: [sock] DEBUG: Turn on SO_REUSEADDR (../lib/core/ogs-sockopt.c:120)
11/20 19:20:27.455: [sock] DEBUG: socket bind 127.0.0.26:38412 (../lib/core/ogs-socket.c:117)
11/20 19:20:27.455: [sock] DEBUG: sctp_server() [127.0.0.26]:38412 (../lib/sctp/ogs-lksctp.c:101)
11/20 19:20:27.455: [amf] INFO: ngap_server() [127.0.0.26]:38412 (../src/amf/ngap-sctp.c:62)
11/20 19:20:27.455: [sock] DEBUG: socket create(2:1:132) (../lib/core/ogs-socket.c:92)
11/20 19:20:27.455: [sock] DEBUG: OLD spp_flags = 0x29 hbinter = 30000 pathmax = 5, sackdelay = 200 (../lib/sctp/ogs-lksctp.c:517)
11/20 19:20:27.455: [sock] DEBUG: NEW spp_flags = 0x29 hbinter = 5000 pathmax = 5, sackdelay = 200 (../lib/sctp/ogs-lksctp.c:549)
11/20 19:20:27.455: [sock] DEBUG: OLD RTO (initial:3000 max:60000 min:1000) (../lib/sctp/ogs-lksctp.c:580)
11/20 19:20:27.455: [sock] DEBUG: New RTO (initial:3000 max:5000 min:1000) (../lib/sctp/ogs-lksctp.c:596)
11/20 19:20:27.455: [sock] DEBUG: Old INITMSG (numout:10 maxin:65535 maxattempt:8 maxinit_to:60000) (../lib/sctp/ogs-lksctp.c:623)
11/20 19:20:27.455: [sock] DEBUG: New INITMSG (numout:30 maxin:65535 maxattempt:4 maxinit_to:8000) (../lib/sctp/ogs-lksctp.c:641)
11/20 19:20:27.455: [sock] DEBUG: Turn on SCTP_NODELAY (../lib/sctp/ogs-lksctp.c:650)
11/20 19:20:27.455: [sock] DEBUG: Turn on SO_REUSEADDR (../lib/core/ogs-sockopt.c:120)
11/20 19:20:27.455: [sock] DEBUG: socket bind 127.0.0.27:38412 (../lib/core/ogs-socket.c:117)
11/20 19:20:27.455: [sock] DEBUG: sctp_server() [127.0.0.27]:38412 (../lib/sctp/ogs-lksctp.c:101)
11/20 19:20:27.455: [amf] INFO: ngap_server() [127.0.0.27]:38412 (../src/amf/ngap-sctp.c:62)
11/20 19:20:27.455: [sock] DEBUG: socket create(2:1:132) (../lib/core/ogs-socket.c:92)
11/20 19:20:27.455: [sock] DEBUG: OLD spp_flags = 0x29 hbinter = 30000 pathmax = 5, sackdelay = 200 (../lib/sctp/ogs-lksctp.c:517)
11/20 19:20:27.455: [sock] DEBUG: NEW spp_flags = 0x29 hbinter = 5000 pathmax = 5, sackdelay = 200 (../lib/sctp/ogs-lksctp.c:549)
11/20 19:20:27.455: [sock] DEBUG: OLD RTO (initial:3000 max:60000 min:1000) (../lib/sctp/ogs-lksctp.c:580)
11/20 19:20:27.455: [sock] DEBUG: New RTO (initial:3000 max:5000 min:1000) (../lib/sctp/ogs-lksctp.c:596)
11/20 19:20:27.455: [sock] DEBUG: Old INITMSG (numout:10 maxin:65535 maxattempt:8 maxinit_to:60000) (../lib/sctp/ogs-lksctp.c:623)
11/20 19:20:27.455: [sock] DEBUG: New INITMSG (numout:30 maxin:65535 maxattempt:4 maxinit_to:8000) (../lib/sctp/ogs-lksctp.c:641)
11/20 19:20:27.455: [sock] DEBUG: Turn on SCTP_NODELAY (../lib/sctp/ogs-lksctp.c:650)
11/20 19:20:27.455: [sock] DEBUG: Turn on SO_REUSEADDR (../lib/core/ogs-sockopt.c:120)
11/20 19:20:27.455: [sock] DEBUG: socket bind 127.0.0.28:38412 (../lib/core/ogs-socket.c:117)
11/20 19:20:27.455: [sock] DEBUG: sctp_server() [127.0.0.28]:38412 (../lib/sctp/ogs-lksctp.c:101)
11/20 19:20:27.455: [amf] INFO: ngap_server() [127.0.0.28]:38412 (../src/amf/ngap-sctp.c:62)
11/20 19:20:27.455: [thread] DEBUG: [0x55ed14f64000] thread started (../lib/core/ogs-thread.c:101)
11/20 19:20:27.455: [sctp] INFO: AMF initialize...done (../src/amf/app.c:33)
11/20 19:20:27.455: [thread] DEBUG: [0x55ed14f64000] worker signal (../lib/core/ogs-thread.c:66)
11/20 19:20:27.455: [amf] DEBUG: amf_state_initial(): INIT (../src/amf/amf-sm.c:32)
11/20 19:20:27.455: [amf] DEBUG: amf_state_operational(): ENTRY (../src/amf/amf-sm.c:78)
0000: 00000604 00000000 00000300 04e200     ...............
11/20 19:20:27.455: [sbi] DEBUG: MAX_CONCURRENT_STREAMS = 100 (../lib/sbi/nghttp2-server.c:747)
11/20 19:20:27.455: [sbi] DEBUG: ENABLE_PUSH = false (../lib/sbi/nghttp2-server.c:749)
11/20 19:20:27.455: [sbi] DEBUG: STREAM added [1] (../lib/sbi/nghttp2-server.c:1122)
11/20 19:20:27.456: [sbi] DEBUG: MAX_CONCURRENT_STREAMS = 100 (../lib/sbi/nghttp2-server.c:747)
11/20 19:20:27.456: [sbi] DEBUG: ENABLE_PUSH = false (../lib/sbi/nghttp2-server.c:749)
11/20 19:20:27.456: [sbi] DEBUG: [PUT] /nnrf-nfm/v1/nf-instances/70ba6878-694b-41ed-97ef-3971b1032c7d (../lib/sbi/nghttp2-server.c:801)
11/20 19:20:27.456: [sbi] DEBUG: RECEIVED: 996 (../lib/sbi/nghttp2-server.c:805)
11/20 19:20:27.456: [sbi] DEBUG: {
	"nfInstanceId":	"70ba6878-694b-41ed-97ef-3971b1032c7d",
	"nfType":	"AMF",
	"nfStatus":	"REGISTERED",
	"ipv4Addresses":	["127.0.0.5"],
	"allowedNfTypes":	["SMF", "SCP"],
	"priority":	0,
	"capacity":	100,
	"load":	0,
	"amfInfo":	{
		"amfSetId":	"001",
		"amfRegionId":	"02",
		"guamiList":	[{
				"plmnId":	{
					"mcc":	"999",
					"mnc":	"70"
				},
				"amfId":	"020040"
			}],
		"taiList":	[{
				"plmnId":	{
					"mcc":	"999",
					"mnc":	"70"
				},
				"tac":	"000001"
			}]
	},
	"nfServiceList":	{
		"7201e1fc-694b-41ed-97ef-3971b1032c7d":	{
			"serviceInstanceId":	"7201e1fc-694b-41ed-97ef-3971b1032c7d",
			"serviceName":	"namf-comm",
			"versions":	[{
					"apiVersionInUri":	"v1",
					"apiFullVersion":	"1.0.0"
				}],
			"scheme":	"http",
			"nfServiceStatus":	"REGISTERED",
			"ipEndPoints":	[{
					"ipv4Address":	"127.0.0.5",
					"port":	7777
				}],
			"allowedNfTypes":	["SMF"],
			"priority":	0,
			"capacity":	100,
			"load":	0
		}
	},
	"nfProfileChangesSupportInd":	true
} (../lib/sbi/nghttp2-server.c:806)
11/20 19:20:27.456: [nrf] DEBUG: nrf_state_operational(): OGS_EVENT_NAME_SBI_SERVER (../src/nrf/nrf-sm.c:50)
11/20 19:20:27.456: [sbi] DEBUG: ogs_sbi_nf_instance_add() (../lib/sbi/context.c:762)
11/20 19:20:27.456: [sbi] DEBUG: [REF] 1 (../lib/sbi/context.c:764)
11/20 19:20:27.456: [nrf] DEBUG: nrf_nf_state_initial(): ENTRY (../src/nrf/nf-sm.c:55)
11/20 19:20:27.456: [nrf] DEBUG: nrf_nf_state_will_register(): ENTRY (../src/nrf/nf-sm.c:93)
11/20 19:20:27.456: [nrf] DEBUG: nrf_nf_state_will_register(): OGS_EVENT_NAME_SBI_SERVER (../src/nrf/nf-sm.c:93)
11/20 19:20:27.456: [sock] DEBUG: addr:127.0.0.5, port:80 (../lib/core/ogs-sockaddr.c:140)
11/20 19:20:27.456: [sock] DEBUG: addr:127.0.0.5, port:7777 (../lib/core/ogs-sockaddr.c:140)
11/20 19:20:27.456: [sbi] DEBUG: STATUS [201] (../lib/sbi/nghttp2-server.c:357)
11/20 19:20:27.456: [sbi] DEBUG: SENDING...: 157 (../lib/sbi/nghttp2-server.c:365)
11/20 19:20:27.456: [sbi] DEBUG: {
	"nfInstanceId":	"70ba6878-694b-41ed-97ef-3971b1032c7d",
	"nfType":	"AMF",
	"nfStatus":	"REGISTERED",
	"heartBeatTimer":	10,
	"nfProfileChangesInd":	true
} (../lib/sbi/nghttp2-server.c:366)
11/20 19:20:27.456: [sbi] DEBUG: STREAM closed [1] (../lib/sbi/nghttp2-server.c:852)
11/20 19:20:27.456: [nrf] DEBUG: nrf_nf_state_will_register(): EXIT (../src/nrf/nf-sm.c:93)
11/20 19:20:27.456: [nrf] DEBUG: nrf_nf_state_registered(): ENTRY (../src/nrf/nf-sm.c:183)
11/20 19:20:27.456: [nrf] INFO: [70ba6878-694b-41ed-97ef-3971b1032c7d] NF registered [Heartbeat:10s] (../src/nrf/nf-sm.c:191)
11/20 19:20:27.456: [sbi] DEBUG: [POST] http://127.0.0.4:7777/nnrf-nfm/v1/nf-status-notify (../lib/sbi/client.c:625)
11/20 19:20:27.456: [sbi] DEBUG: SENDING...[932] (../lib/sbi/client.c:401)
11/20 19:20:27.456: [sbi] DEBUG: {
	"event":	"NF_REGISTERED",
	"nfInstanceUri":	"http://127.0.0.10:7777/nnrf-nfm/v1/nf-instances/70ba6878-694b-41ed-97ef-3971b1032c7d",
	"nfProfile":	{
		"nfInstanceId":	"70ba6878-694b-41ed-97ef-3971b1032c7d",
		"nfType":	"AMF",
		"nfStatus":	"REGISTERED",
		"heartBeatTimer":	10,
		"ipv4Addresses":	["127.0.0.5"],
		"allowedNfTypes":	["SMF", "SCP"],
		"priority":	0,
		"capacity":	100,
		"load":	0,
		"nfServiceList":	{
			"7201e1fc-694b-41ed-97ef-3971b1032c7d":	{
				"serviceInstanceId":	"7201e1fc-694b-41ed-97ef-3971b1032c7d",
				"serviceName":	"namf-comm",
				"versions":	[{
						"apiVersionInUri":	"v1",
						"apiFullVersion":	"1.0.0"
					}],
				"scheme":	"http",
				"nfServiceStatus":	"REGISTERED",
				"ipEndPoints":	[{
						"ipv4Address":	"127.0.0.5",
						"port":	7777
					}],
				"allowedNfTypes":	["SMF"],
				"priority":	0,
				"capacity":	100,
				"load":	0
			}
		},
		"nfProfileChangesSupportInd":	true
	}
} (../lib/sbi/client.c:403)
0000: 00000004 01000000 00                  .........
0000: 00006c01 04000000 01488210 03768bd5   ..l......H...v..
0010: 596a6f16 e53b8976 d76f6196 d07abe94   Yjo..;.v.oa..z..
0020: 1054d27e ea080212 8066e081 704ea98b   .T.~.....f..pN..
0030: 46ff0f0d 03313537 5f8b1d75 d0620d26   F....157_..u.b.&
0040: 3d4c7441 ea0f1fad 62aaac95 6aa5a58e   =LtA....b...j...
0050: e162a956 354848ea 2150c3a0 8c6e3ceb   .b.V5HH.!P...n<.
0060: cb38fb51 acd04b22 cfba5956 65f74318   .8.Q..K"..YVe.C.
0070: 40c888ec 9f                           @....
0000: 00009d00 01000000 017b0a09 226e6649   .........{.."nfI
0010: 6e737461 6e636549 64223a09 22373062   nstanceId":."70b
0020: 61363837 382d3639 34622d34 3165642d   a6878-694b-41ed-
0030: 39376566 2d333937 31623130 33326337   97ef-3971b1032c7
0040: 64222c0a 09226e66 54797065 223a0922   d",.."nfType":."
0050: 414d4622 2c0a0922 6e665374 61747573   AMF",.."nfStatus
0060: 223a0922 52454749 53544552 4544222c   ":."REGISTERED",
0070: 0a092268 65617274 42656174 54696d65   .."heartBeatTime
0080: 72223a09 31302c0a 09226e66 50726f66   r":.10,.."nfProf
0090: 696c6543 68616e67 6573496e 64223a09   ileChangesInd":.
00a0: 74727565 0a7d                         true.}
11/20 19:20:27.456: [sbi] DEBUG: [201:PUT] http://[::1]:7777/nnrf-nfm/v1/nf-instances/70ba6878-694b-41ed-97ef-3971b1032c7d (../lib/sbi/client.c:573)
11/20 19:20:27.456: [sbi] DEBUG: RECEIVED[157] (../lib/sbi/client.c:584)
11/20 19:20:27.456: [sbi] DEBUG: {
	"nfInstanceId":	"70ba6878-694b-41ed-97ef-3971b1032c7d",
	"nfType":	"AMF",
	"nfStatus":	"REGISTERED",
	"heartBeatTimer":	10,
	"nfProfileChangesInd":	true
} (../lib/sbi/client.c:586)
11/20 19:20:27.456: [amf] DEBUG: amf_state_operational(): OGS_EVENT_NAME_SBI_CLIENT (../src/amf/amf-sm.c:78)
11/20 19:20:27.456: [sbi] DEBUG: ogs_sbi_nf_state_will_register(): OGS_EVENT_NAME_SBI_CLIENT (../lib/sbi/nf-sm.c:118)
11/20 19:20:27.456: [sbi] DEBUG: ogs_sbi_nf_state_will_register(): EXIT (../lib/sbi/nf-sm.c:118)
11/20 19:20:27.456: [sbi] DEBUG: ogs_sbi_nf_state_registered(): ENTRY (../lib/sbi/nf-sm.c:204)
11/20 19:20:27.456: [sbi] INFO: [70ba6878-694b-41ed-97ef-3971b1032c7d] NF registered [Heartbeat:10s] (../lib/sbi/nf-sm.c:216)
11/20 19:20:27.456: [sbi] DEBUG: MAX_CONCURRENT_STREAMS = 100 (../lib/sbi/nghttp2-server.c:747)
11/20 19:20:27.456: [sbi] DEBUG: [POST] http://[::1]:7777/nnrf-nfm/v1/subscriptions (../lib/sbi/client.c:625)
11/20 19:20:27.456: [sbi] DEBUG: ENABLE_PUSH = false (../lib/sbi/nghttp2-server.c:749)
11/20 19:20:27.456: [sbi] DEBUG: SENDING...[263] (../lib/sbi/client.c:401)
11/20 19:20:27.456: [sbi] DEBUG: {
	"nfStatusNotificationUri":	"http://127.0.0.5:7777/nnrf-nfm/v1/nf-status-notify",
	"reqNfInstanceId":	"70ba6878-694b-41ed-97ef-3971b1032c7d",
	"subscrCond":	{
		"nfType":	"AUSF",
		"serviceName":	"nausf-auth"
	},
	"reqNfType":	"AMF",
	"requesterFeatures":	"1"
} (../lib/sbi/client.c:403)
11/20 19:20:27.456: [sbi] DEBUG: STREAM added [1] (../lib/sbi/nghttp2-server.c:1122)
11/20 19:20:27.457: [sbi] DEBUG: [POST] http://[::1]:7777/nnrf-nfm/v1/subscriptions (../lib/sbi/client.c:625)
11/20 19:20:27.457: [sbi] DEBUG: SENDING...[261] (../lib/sbi/client.c:401)
11/20 19:20:27.457: [sbi] DEBUG: {
	"nfStatusNotificationUri":	"http://127.0.0.5:7777/nnrf-nfm/v1/nf-status-notify",
	"reqNfInstanceId":	"70ba6878-694b-41ed-97ef-3971b1032c7d",
	"subscrCond":	{
		"nfType":	"UDM",
		"serviceName":	"nudm-uecm"
	},
	"reqNfType":	"AMF",
	"requesterFeatures":	"1"
} (../lib/sbi/client.c:403)
11/20 19:20:27.457: [sbi] DEBUG: [POST] http://[::1]:7777/nnrf-nfm/v1/subscriptions (../lib/sbi/client.c:625)
11/20 19:20:27.457: [sbi] DEBUG: SENDING...[260] (../lib/sbi/client.c:401)
11/20 19:20:27.457: [sbi] DEBUG: {
	"nfStatusNotificationUri":	"http://127.0.0.5:7777/nnrf-nfm/v1/nf-status-notify",
	"reqNfInstanceId":	"70ba6878-694b-41ed-97ef-3971b1032c7d",
	"subscrCond":	{
		"nfType":	"UDM",
		"serviceName":	"nudm-sdm"
	},
	"reqNfType":	"AMF",
	"requesterFeatures":	"1"
} (../lib/sbi/client.c:403)
11/20 19:20:27.457: [sbi] DEBUG: [POST] http://[::1]:7777/nnrf-nfm/v1/subscriptions (../lib/sbi/client.c:625)
11/20 19:20:27.457: [sbi] DEBUG: SENDING...[274] (../lib/sbi/client.c:401)
11/20 19:20:27.457: [sbi] DEBUG: [POST] /nnrf-nfm/v1/nf-status-notify (../lib/sbi/nghttp2-server.c:801)
11/20 19:20:27.457: [sbi] DEBUG: {
	"nfStatusNotificationUri":	"http://127.0.0.5:7777/nnrf-nfm/v1/nf-status-notify",
	"reqNfInstanceId":	"70ba6878-694b-41ed-97ef-3971b1032c7d",
	"subscrCond":	{
		"nfType":	"PCF",
		"serviceName":	"npcf-am-policy-control"
	},
	"reqNfType":	"AMF",
	"requesterFeatures":	"1"
} (../lib/sbi/client.c:403)
11/20 19:20:27.457: [sbi] DEBUG: RECEIVED: 932 (../lib/sbi/nghttp2-server.c:805)
11/20 19:20:27.457: [sbi] DEBUG: [POST] http://[::1]:7777/nnrf-nfm/v1/subscriptions (../lib/sbi/client.c:625)
11/20 19:20:27.457: [sbi] DEBUG: {
	"event":	"NF_REGISTERED",
	"nfInstanceUri":	"http://127.0.0.10:7777/nnrf-nfm/v1/nf-instances/70ba6878-694b-41ed-97ef-3971b1032c7d",
	"nfProfile":	{
		"nfInstanceId":	"70ba6878-694b-41ed-97ef-3971b1032c7d",
		"nfType":	"AMF",
		"nfStatus":	"REGISTERED",
		"heartBeatTimer":	10,
		"ipv4Addresses":	["127.0.0.5"],
		"allowedNfTypes":	["SMF", "SCP"],
		"priority":	0,
		"capacity":	100,
		"load":	0,
		"nfServiceList":	{
			"7201e1fc-694b-41ed-97ef-3971b1032c7d":	{
				"serviceInstanceId":	"7201e1fc-694b-41ed-97ef-3971b1032c7d",
				"serviceName":	"namf-comm",
				"versions":	[{
						"apiVersionInUri":	"v1",
						"apiFullVersion":	"1.0.0"
					}],
				"scheme":	"http",
				"nfServiceStatus":	"REGISTERED",
				"ipEndPoints":	[{
						"ipv4Address":	"127.0.0.5",
						"port":	7777
					}],
				"allowedNfTypes":	["SMF"],
				"priority":	0,
				"capacity":	100,
				"load":	0
			}
		},
		"nfProfileChangesSupportInd":	true
	}
} (../lib/sbi/nghttp2-server.c:806)
11/20 19:20:27.457: [sbi] DEBUG: SENDING...[267] (../lib/sbi/client.c:401)
11/20 19:20:27.457: [sbi] DEBUG: {
	"nfStatusNotificationUri":	"http://127.0.0.5:7777/nnrf-nfm/v1/nf-status-notify",
	"reqNfInstanceId":	"70ba6878-694b-41ed-97ef-3971b1032c7d",
	"subscrCond":	{
		"nfType":	"SMF",
		"serviceName":	"nsmf-pdusession"
	},
	"reqNfType":	"AMF",
	"requesterFeatures":	"1"
} (../lib/sbi/client.c:403)
11/20 19:20:27.457: [sbi] DEBUG: [POST] http://[::1]:7777/nnrf-nfm/v1/subscriptions (../lib/sbi/client.c:625)
11/20 19:20:27.457: [sbi] DEBUG: SENDING...[270] (../lib/sbi/client.c:401)
11/20 19:20:27.457: [sbi] DEBUG: {
	"nfStatusNotificationUri":	"http://127.0.0.5:7777/nnrf-nfm/v1/nf-status-notify",
	"reqNfInstanceId":	"70ba6878-694b-41ed-97ef-3971b1032c7d",
	"subscrCond":	{
		"nfType":	"NSSF",
		"serviceName":	"nnssf-nsselection"
	},
	"reqNfType":	"AMF",
	"requesterFeatures":	"1"
} (../lib/sbi/client.c:403)
0000: 00000604 00000000 00000300 04e200     ...............
11/20 19:20:27.457: [smf] DEBUG: smf_state_operational(): OGS_EVENT_NAME_SBI_SERVER (../src/smf/smf-sm.c:83)
11/20 19:20:27.457: [sbi] DEBUG: STREAM added [3] (../lib/sbi/nghttp2-server.c:1122)
11/20 19:20:27.457: [sbi] DEBUG: [POST] /nnrf-nfm/v1/subscriptions (../lib/sbi/nghttp2-server.c:801)
11/20 19:20:27.457: [sbi] DEBUG: RECEIVED: 263 (../lib/sbi/nghttp2-server.c:805)
11/20 19:20:27.457: [sbi] DEBUG: {
	"nfStatusNotificationUri":	"http://127.0.0.5:7777/nnrf-nfm/v1/nf-status-notify",
	"reqNfInstanceId":	"70ba6878-694b-41ed-97ef-3971b1032c7d",
	"subscrCond":	{
		"nfType":	"AUSF",
		"serviceName":	"nausf-auth"
	},
	"reqNfType":	"AMF",
	"requesterFeatures":	"1"
} (../lib/sbi/nghttp2-server.c:806)
11/20 19:20:27.457: [nrf] DEBUG: nrf_state_operational(): OGS_EVENT_NAME_SBI_SERVER (../src/nrf/nrf-sm.c:50)
11/20 19:20:27.457: [sock] DEBUG: addr:127.0.0.5, port:7777 (../lib/core/ogs-sockaddr.c:140)
11/20 19:20:27.457: [sbi] DEBUG: ogs_sbi_client_add() (../lib/sbi/client.c:112)
11/20 19:20:27.457: [sbi] DEBUG: [REF] 1 (../lib/sbi/client.c:113)
11/20 19:20:27.457: [nrf] DEBUG: [REF] 2 (../src/nrf/nnrf-handler.c:261)
11/20 19:20:27.457: [sbi] DEBUG: ogs_sbi_nf_instance_add() (../lib/sbi/context.c:762)
11/20 19:20:27.457: [sbi] DEBUG: STATUS [201] (../lib/sbi/nghttp2-server.c:357)
11/20 19:20:27.457: [sbi] DEBUG: SENDING...: 378 (../lib/sbi/nghttp2-server.c:365)
11/20 19:20:27.457: [sbi] DEBUG: {
	"nfStatusNotificationUri":	"http://127.0.0.5:7777/nnrf-nfm/v1/nf-status-notify",
	"reqNfInstanceId":	"70ba6878-694b-41ed-97ef-3971b1032c7d",
	"subscrCond":	{
		"nfType":	"AUSF",
		"serviceName":	"nausf-auth"
	},
	"subscriptionId":	"72025fa6-694b-41ed-ab57-81416635edaa",
	"validityTime":	"2022-11-21T19:20:27.457593-08:00",
	"reqNfType":	"AMF",
	"nrfSupportedFeatures":	"1"
} (../lib/sbi/nghttp2-server.c:366)
11/20 19:20:27.457: [sbi] DEBUG: [REF] 1 (../lib/sbi/context.c:764)
11/20 19:20:27.457: [sbi] DEBUG: STREAM closed [3] (../lib/sbi/nghttp2-server.c:852)
11/20 19:20:27.457: [sbi] DEBUG: ogs_sbi_nf_state_initial(): ENTRY (../lib/sbi/nf-sm.c:66)
0000: 00002001 04000000 03c1c0bf 0f0d0333   .. ............3
0010: 37380f1f 9362aaac 956aa5a5 8ee16116   78...b...j....a.
0020: c682586a d263d48f be                  ..Xj.c...
11/20 19:20:27.457: [sbi] DEBUG: ogs_sbi_nf_state_registered(): ENTRY (../lib/sbi/nf-sm.c:204)
11/20 19:20:27.457: [sbi] INFO: [70ba6878-694b-41ed-97ef-3971b1032c7d] (NRF-notify) NF registered (../lib/sbi/nnrf-handler.c:622)
0000: 00017a00 01000000 037b0a09 226e6653   ..z......{.."nfS
0010: 74617475 734e6f74 69666963 6174696f   tatusNotificatio
0020: 6e557269 223a0922 68747470 3a2f2f31   nUri":."http://1
0030: 32372e30 2e302e35 3a373737 372f6e6e   27.0.0.5:7777/nn
0040: 72662d6e 666d2f76 312f6e66 2d737461   rf-nfm/v1/nf-sta
0050: 7475732d 6e6f7469 6679222c 0a092272   tus-notify",.."r
0060: 65714e66 496e7374 616e6365 4964223a   eqNfInstanceId":
0070: 09223730 62613638 37382d36 3934622d   ."70ba6878-694b-
0080: 34316564 2d393765 662d3339 37316231   41ed-97ef-3971b1
0090: 30333263 3764222c 0a092273 75627363   032c7d",.."subsc
00a0: 72436f6e 64223a09 7b0a0909 226e6654   rCond":.{..."nfT
00b0: 79706522 3a092241 55534622 2c0a0909   ype":."AUSF",...
00c0: 22736572 76696365 4e616d65 223a0922   "serviceName":."
00d0: 6e617573 662d6175 7468220a 097d2c0a   nausf-auth"..},.
00e0: 09227375 62736372 69707469 6f6e4964   ."subscriptionId
00f0: 223a0922 37323032 35666136 2d363934   ":."72025fa6-694
0100: 622d3431 65642d61 6235372d 38313431   b-41ed-ab57-8141
0110: 36363335 65646161 222c0a09 2276616c   6635edaa",.."val
0120: 69646974 7954696d 65223a09 22323032   idityTime":."202
0130: 322d3131 2d323154 31393a32 303a3237   2-11-21T19:20:27
0140: 2e343537 3539332d 30383a30 30222c0a   .457593-08:00",.
0150: 09227265 714e6654 79706522 3a092241   ."reqNfType":."A
0160: 4d46222c 0a09226e 72665375 70706f72   MF",.."nrfSuppor
0170: 74656446 65617475 72657322 3a092231   tedFeatures":."1
0180: 220a7d                                ".}
11/20 19:20:27.457: [sock] DEBUG: addr:127.0.0.5, port:80 (../lib/core/ogs-sockaddr.c:140)
11/20 19:20:27.457: [sock] DEBUG: addr:127.0.0.5, port:7777 (../lib/core/ogs-sockaddr.c:140)
11/20 19:20:27.457: [sbi] INFO: [70ba6878-694b-41ed-97ef-3971b1032c7d] (NRF-notify) NF Profile updated (../lib/sbi/nnrf-handler.c:632)
11/20 19:20:27.457: [sbi] DEBUG: ogs_sbi_client_add() (../lib/sbi/client.c:112)
0000: 00000604 00000000 00000300 04e200     ...............
11/20 19:20:27.457: [sbi] DEBUG: [REF] 1 (../lib/sbi/client.c:113)
11/20 19:20:27.457: [sbi] DEBUG: MAX_CONCURRENT_STREAMS = 100 (../lib/sbi/nghttp2-server.c:747)
11/20 19:20:27.457: [sbi] DEBUG: ENABLE_PUSH = false (../lib/sbi/nghttp2-server.c:749)
11/20 19:20:27.457: [sbi] DEBUG: [REF] 2 (../lib/sbi/context.c:1570)
11/20 19:20:27.458: [sbi] DEBUG: ogs_sbi_client_add() (../lib/sbi/client.c:112)
11/20 19:20:27.458: [sbi] DEBUG: STREAM added [1] (../lib/sbi/nghttp2-server.c:1122)
11/20 19:20:27.458: [sbi] DEBUG: [REF] 1 (../lib/sbi/client.c:113)
11/20 19:20:27.458: [sbi] DEBUG: MAX_CONCURRENT_STREAMS = 100 (../lib/sbi/nghttp2-server.c:747)
11/20 19:20:27.458: [sbi] DEBUG: ENABLE_PUSH = false (../lib/sbi/nghttp2-server.c:749)
11/20 19:20:27.458: [sbi] DEBUG: [POST] /nnrf-nfm/v1/subscriptions (../lib/sbi/nghttp2-server.c:801)
11/20 19:20:27.458: [sbi] DEBUG: RECEIVED: 261 (../lib/sbi/nghttp2-server.c:805)
11/20 19:20:27.458: [sbi] DEBUG: {
	"nfStatusNotificationUri":	"http://127.0.0.5:7777/nnrf-nfm/v1/nf-status-notify",
	"reqNfInstanceId":	"70ba6878-694b-41ed-97ef-3971b1032c7d",
	"subscrCond":	{
		"nfType":	"UDM",
		"serviceName":	"nudm-uecm"
	},
	"reqNfType":	"AMF",
	"requesterFeatures":	"1"
} (../lib/sbi/nghttp2-server.c:806)
11/20 19:20:27.458: [nrf] DEBUG: nrf_state_operational(): OGS_EVENT_NAME_SBI_SERVER (../src/nrf/nrf-sm.c:50)
11/20 19:20:27.458: [sock] DEBUG: addr:127.0.0.5, port:7777 (../lib/core/ogs-sockaddr.c:140)
11/20 19:20:27.458: [sbi] DEBUG: [REF] 2 (../lib/sbi/context.c:1482)
11/20 19:20:27.458: [nrf] DEBUG: [REF] 3 (../src/nrf/nnrf-handler.c:261)
11/20 19:20:27.458: [sbi] DEBUG: STATUS [201] (../lib/sbi/nghttp2-server.c:357)
11/20 19:20:27.458: [sbi] DEBUG: SENDING...: 376 (../lib/sbi/nghttp2-server.c:365)
11/20 19:20:27.458: [sbi] DEBUG: {
	"nfStatusNotificationUri":	"http://127.0.0.5:7777/nnrf-nfm/v1/nf-status-notify",
	"reqNfInstanceId":	"70ba6878-694b-41ed-97ef-3971b1032c7d",
	"subscrCond":	{
		"nfType":	"UDM",
		"serviceName":	"nudm-uecm"
	},
	"subscriptionId":	"7202775c-694b-41ed-ab57-81416635edaa",
	"validityTime":	"2022-11-21T19:20:27.458171-08:00",
	"reqNfType":	"AMF",
	"nrfSupportedFeatures":	"1"
} (../lib/sbi/nghttp2-server.c:366)
11/20 19:20:27.458: [sbi] DEBUG: STATUS [204] (../lib/sbi/nghttp2-server.c:357)
11/20 19:20:27.458: [sbi] DEBUG: STREAM closed [1] (../lib/sbi/nghttp2-server.c:852)
0000: 00000004 01000000 00                  .........
11/20 19:20:27.458: [sbi] DEBUG: STREAM closed [1] (../lib/sbi/nghttp2-server.c:852)
0000: 00005201 04000000 01488210 03768bd5   ..R......H...v..
0010: 596a6f16 e53b8976 d76f6196 d07abe94   Yjo..;.v.oa..z..
0020: 1054d27e ea080212 8066e081 704ea98b   .T.~.....f..pN..
0030: 46ff0f0d 03333736 0f1f9362 aaac956a   F....376...b...j
0040: a5a58ee1 6116c682 586ad263 d48f5f8b   ....a...Xj.c.._.
0050: 1d75d062 0d263d4c 7441ea              .u.b.&=LtA.
0000: 00017800 01000000 017b0a09 226e6653   ..x......{.."nfS
0010: 74617475 734e6f74 69666963 6174696f   tatusNotificatio
0020: 6e557269 223a0922 68747470 3a2f2f31   nUri":."http://1
0030: 32372e30 2e302e35 3a373737 372f6e6e   27.0.0.5:7777/nn
0040: 72662d6e 666d2f76 312f6e66 2d737461   rf-nfm/v1/nf-sta
0050: 7475732d 6e6f7469 6679222c 0a092272   tus-notify",.."r
0060: 65714e66 496e7374 616e6365 4964223a   eqNfInstanceId":
0070: 09223730 62613638 37382d36 3934622d   ."70ba6878-694b-
0080: 34316564 2d393765 662d3339 37316231   41ed-97ef-3971b1
0090: 30333263 3764222c 0a092273 75627363   032c7d",.."subsc
00a0: 72436f6e 64223a09 7b0a0909 226e6654   rCond":.{..."nfT
00b0: 79706522 3a092255 444d222c 0a090922   ype":."UDM",..."
00c0: 73657276 6963654e 616d6522 3a09226e   serviceName":."n
00d0: 75646d2d 7565636d 220a097d 2c0a0922   udm-uecm"..},.."
00e0: 73756273 63726970 74696f6e 4964223a   subscriptionId":
00f0: 09223732 30323737 35632d36 3934622d   ."7202775c-694b-
0100: 34316564 2d616235 372d3831 34313636   41ed-ab57-814166
0110: 33356564 6161222c 0a092276 616c6964   35edaa",.."valid
0120: 69747954 696d6522 3a092232 3032322d   ityTime":."2022-
0130: 31312d32 31543139 3a32303a 32372e34   11-21T19:20:27.4
0140: 35383137 312d3038 3a303022 2c0a0922   58171-08:00",.."
0150: 7265714e 66547970 65223a09 22414d46   reqNfType":."AMF
0160: 222c0a09 226e7266 53757070 6f727465   ",.."nrfSupporte
0170: 64466561 74757265 73223a09 2231220a   dFeatures":."1".
0180: 7d                                    }
11/20 19:20:27.458: [sbi] DEBUG: MAX_CONCURRENT_STREAMS = 100 (../lib/sbi/nghttp2-server.c:747)
11/20 19:20:27.458: [sbi] DEBUG: ENABLE_PUSH = false (../lib/sbi/nghttp2-server.c:749)
11/20 19:20:27.458: [sbi] DEBUG: STREAM added [3] (../lib/sbi/nghttp2-server.c:1122)
0000: 00000004 01000000 00                  .........
11/20 19:20:27.458: [sbi] DEBUG: [POST] /nnrf-nfm/v1/subscriptions (../lib/sbi/nghttp2-server.c:801)
11/20 19:20:27.458: [sbi] DEBUG: RECEIVED: 260 (../lib/sbi/nghttp2-server.c:805)
11/20 19:20:27.458: [sbi] DEBUG: {
	"nfStatusNotificationUri":	"http://127.0.0.5:7777/nnrf-nfm/v1/nf-status-notify",
	"reqNfInstanceId":	"70ba6878-694b-41ed-97ef-3971b1032c7d",
	"subscrCond":	{
		"nfType":	"UDM",
		"serviceName":	"nudm-sdm"
	},
	"reqNfType":	"AMF",
	"requesterFeatures":	"1"
} (../lib/sbi/nghttp2-server.c:806)
11/20 19:20:27.458: [nrf] DEBUG: nrf_state_operational(): OGS_EVENT_NAME_SBI_SERVER (../src/nrf/nrf-sm.c:50)
11/20 19:20:27.458: [sock] DEBUG: addr:127.0.0.5, port:7777 (../lib/core/ogs-sockaddr.c:140)
11/20 19:20:27.458: [nrf] DEBUG: [REF] 4 (../src/nrf/nnrf-handler.c:261)
0000: 00002601 05000000 0189768b d5596a6f   ..&.......v..Yjo
0010: 16e53b89 76d76f61 96d07abe 941054d2   ..;.v.oa..z...T.
0020: 7eea0802 128066e0 81704ea9 8b46ff     ~.....f..pN..F.
11/20 19:20:27.458: [sbi] DEBUG: STATUS [201] (../lib/sbi/nghttp2-server.c:357)
11/20 19:20:27.458: [sbi] DEBUG: SENDING...: 375 (../lib/sbi/nghttp2-server.c:365)
11/20 19:20:27.458: [sbi] DEBUG: {
	"nfStatusNotificationUri":	"http://127.0.0.5:7777/nnrf-nfm/v1/nf-status-notify",
	"reqNfInstanceId":	"70ba6878-694b-41ed-97ef-3971b1032c7d",
	"subscrCond":	{
		"nfType":	"UDM",
		"serviceName":	"nudm-sdm"
	},
	"subscriptionId":	"720287ba-694b-41ed-ab57-81416635edaa",
	"validityTime":	"2022-11-21T19:20:27.458575-08:00",
	"reqNfType":	"AMF",
	"nrfSupportedFeatures":	"1"
} (../lib/sbi/nghttp2-server.c:366)
11/20 19:20:27.458: [sbi] DEBUG: STREAM closed [3] (../lib/sbi/nghttp2-server.c:852)
0000: 00002001 04000000 03c1c0bf 0f0d0333   .. ............3
0010: 37350f1f 9362aaac 956aa5a5 8ee16116   75...b...j....a.
0020: c682586a d263d48f be                  ..Xj.c...
11/20 19:20:27.458: [sbi] DEBUG: [204:POST] http://127.0.0.4:7777/nnrf-nfm/v1/nf-status-notify (../lib/sbi/client.c:573)
11/20 19:20:27.458: [sbi] DEBUG: RECEIVED[0] (../lib/sbi/client.c:584)
0000: 00017700 01000000 037b0a09 226e6653   ..w......{.."nfS
0010: 74617475 734e6f74 69666963 6174696f   tatusNotificatio
0020: 6e557269 223a0922 68747470 3a2f2f31   nUri":."http://1
0030: 32372e30 2e302e35 3a373737 372f6e6e   27.0.0.5:7777/nn
0040: 72662d6e 666d2f76 312f6e66 2d737461   rf-nfm/v1/nf-sta
0050: 7475732d 6e6f7469 6679222c 0a092272   tus-notify",.."r
0060: 65714e66 496e7374 616e6365 4964223a   eqNfInstanceId":
0070: 09223730 62613638 37382d36 3934622d   ."70ba6878-694b-
0080: 34316564 2d393765 662d3339 37316231   41ed-97ef-3971b1
0090: 30333263 3764222c 0a092273 75627363   032c7d",.."subsc
00a0: 72436f6e 64223a09 7b0a0909 226e6654   rCond":.{..."nfT
00b0: 79706522 3a092255 444d222c 0a090922   ype":."UDM",..."
00c0: 73657276 6963654e 616d6522 3a09226e   serviceName":."n
00d0: 75646d2d 73646d22 0a097d2c 0a092273   udm-sdm"..},.."s
00e0: 75627363 72697074 696f6e49 64223a09   ubscriptionId":.
00f0: 22373230 32383762 612d3639 34622d34   "720287ba-694b-4
0100: 3165642d 61623537 2d383134 31363633   1ed-ab57-8141663
0110: 35656461 61222c0a 09227661 6c696469   5edaa",.."validi
0120: 74795469 6d65223a 09223230 32322d31   tyTime":."2022-1
0130: 312d3231 5431393a 32303a32 372e3435   1-21T19:20:27.45
0140: 38353735 2d30383a 3030222c 0a092272   8575-08:00",.."r
0150: 65714e66 54797065 223a0922 414d4622   eqNfType":."AMF"
0160: 2c0a0922 6e726653 7570706f 72746564   ,.."nrfSupported
0170: 46656174 75726573 223a0922 31220a7d   Features":."1".}
0000: 00000604 00000000 00000300 04e200     ...............
11/20 19:20:27.458: [sbi] DEBUG: MAX_CONCURRENT_STREAMS = 100 (../lib/sbi/nghttp2-server.c:747)
11/20 19:20:27.458: [sbi] DEBUG: ENABLE_PUSH = false (../lib/sbi/nghttp2-server.c:749)
11/20 19:20:27.459: [sbi] DEBUG: STREAM added [1] (../lib/sbi/nghttp2-server.c:1122)
11/20 19:20:27.459: [sbi] DEBUG: MAX_CONCURRENT_STREAMS = 100 (../lib/sbi/nghttp2-server.c:747)
11/20 19:20:27.459: [sbi] DEBUG: ENABLE_PUSH = false (../lib/sbi/nghttp2-server.c:749)
11/20 19:20:27.459: [sbi] DEBUG: [POST] /nnrf-nfm/v1/subscriptions (../lib/sbi/nghttp2-server.c:801)
11/20 19:20:27.459: [sbi] DEBUG: RECEIVED: 274 (../lib/sbi/nghttp2-server.c:805)
11/20 19:20:27.459: [sbi] DEBUG: {
	"nfStatusNotificationUri":	"http://127.0.0.5:7777/nnrf-nfm/v1/nf-status-notify",
	"reqNfInstanceId":	"70ba6878-694b-41ed-97ef-3971b1032c7d",
	"subscrCond":	{
		"nfType":	"PCF",
		"serviceName":	"npcf-am-policy-control"
	},
	"reqNfType":	"AMF",
	"requesterFeatures":	"1"
} (../lib/sbi/nghttp2-server.c:806)
11/20 19:20:27.459: [nrf] DEBUG: nrf_state_operational(): OGS_EVENT_NAME_SBI_SERVER (../src/nrf/nrf-sm.c:50)
11/20 19:20:27.459: [sock] DEBUG: addr:127.0.0.5, port:7777 (../lib/core/ogs-sockaddr.c:140)
11/20 19:20:27.459: [nrf] DEBUG: [REF] 5 (../src/nrf/nnrf-handler.c:261)
11/20 19:20:27.459: [sbi] DEBUG: STATUS [201] (../lib/sbi/nghttp2-server.c:357)
11/20 19:20:27.459: [sbi] DEBUG: SENDING...: 389 (../lib/sbi/nghttp2-server.c:365)
11/20 19:20:27.459: [sbi] DEBUG: {
	"nfStatusNotificationUri":	"http://127.0.0.5:7777/nnrf-nfm/v1/nf-status-notify",
	"reqNfInstanceId":	"70ba6878-694b-41ed-97ef-3971b1032c7d",
	"subscrCond":	{
		"nfType":	"PCF",
		"serviceName":	"npcf-am-policy-control"
	},
	"subscriptionId":	"72029e62-694b-41ed-ab57-81416635edaa",
	"validityTime":	"2022-11-21T19:20:27.459155-08:00",
	"reqNfType":	"AMF",
	"nrfSupportedFeatures":	"1"
} (../lib/sbi/nghttp2-server.c:366)
11/20 19:20:27.459: [sbi] DEBUG: STREAM closed [1] (../lib/sbi/nghttp2-server.c:852)
0000: 00000004 01000000 00                  .........
0000: 00005201 04000000 01488210 03768bd5   ..R......H...v..
0010: 596a6f16 e53b8976 d76f6196 d07abe94   Yjo..;.v.oa..z..
0020: 1054d27e ea080212 8066e081 704ea98b   .T.~.....f..pN..
0030: 46ff0f0d 03333839 0f1f9362 aaac956a   F....389...b...j
0040: a5a58ee1 6116c682 586ad263 d48f5f8b   ....a...Xj.c.._.
0050: 1d75d062 0d263d4c 7441ea              .u.b.&=LtA.
0000: 00018500 01000000 017b0a09 226e6653   .........{.."nfS
0010: 74617475 734e6f74 69666963 6174696f   tatusNotificatio
0020: 6e557269 223a0922 68747470 3a2f2f31   nUri":."http://1
0030: 32372e30 2e302e35 3a373737 372f6e6e   27.0.0.5:7777/nn
0040: 72662d6e 666d2f76 312f6e66 2d737461   rf-nfm/v1/nf-sta
0050: 7475732d 6e6f7469 6679222c 0a092272   tus-notify",.."r
0060: 65714e66 496e7374 616e6365 4964223a   eqNfInstanceId":
0070: 09223730 62613638 37382d36 3934622d   ."70ba6878-694b-
0080: 34316564 2d393765 662d3339 37316231   41ed-97ef-3971b1
0090: 30333263 3764222c 0a092273 75627363   032c7d",.."subsc
00a0: 72436f6e 64223a09 7b0a0909 226e6654   rCond":.{..."nfT
00b0: 79706522 3a092250 4346222c 0a090922   ype":."PCF",..."
00c0: 73657276 6963654e 616d6522 3a09226e   serviceName":."n
00d0: 7063662d 616d2d70 6f6c6963 792d636f   pcf-am-policy-co
00e0: 6e74726f 6c220a09 7d2c0a09 22737562   ntrol"..},.."sub
00f0: 73637269 7074696f 6e496422 3a092237   scriptionId":."7
0100: 32303239 6536322d 36393462 2d343165   2029e62-694b-41e
0110: 642d6162 35372d38 31343136 36333565   d-ab57-81416635e
0120: 64616122 2c0a0922 76616c69 64697479   daa",.."validity
0130: 54696d65 223a0922 32303232 2d31312d   Time":."2022-11-
0140: 32315431 393a3230 3a32372e 34353931   21T19:20:27.4591
0150: 35352d30 383a3030 222c0a09 22726571   55-08:00",.."req
0160: 4e665479 7065223a 0922414d 46222c0a   NfType":."AMF",.
0170: 09226e72 66537570 706f7274 65644665   ."nrfSupportedFe
0180: 61747572 6573223a 09223122 0a7d       atures":."1".}
11/20 19:20:27.459: [sbi] DEBUG: STREAM added [3] (../lib/sbi/nghttp2-server.c:1122)
11/20 19:20:27.459: [sbi] DEBUG: [POST] /nnrf-nfm/v1/subscriptions (../lib/sbi/nghttp2-server.c:801)
11/20 19:20:27.459: [sbi] DEBUG: RECEIVED: 267 (../lib/sbi/nghttp2-server.c:805)
11/20 19:20:27.459: [sbi] DEBUG: {
	"nfStatusNotificationUri":	"http://127.0.0.5:7777/nnrf-nfm/v1/nf-status-notify",
	"reqNfInstanceId":	"70ba6878-694b-41ed-97ef-3971b1032c7d",
	"subscrCond":	{
		"nfType":	"SMF",
		"serviceName":	"nsmf-pdusession"
	},
	"reqNfType":	"AMF",
	"requesterFeatures":	"1"
} (../lib/sbi/nghttp2-server.c:806)
11/20 19:20:27.459: [nrf] DEBUG: nrf_state_operational(): OGS_EVENT_NAME_SBI_SERVER (../src/nrf/nrf-sm.c:50)
11/20 19:20:27.459: [sock] DEBUG: addr:127.0.0.5, port:7777 (../lib/core/ogs-sockaddr.c:140)
11/20 19:20:27.459: [nrf] DEBUG: [REF] 6 (../src/nrf/nnrf-handler.c:261)
11/20 19:20:27.459: [sbi] DEBUG: STATUS [201] (../lib/sbi/nghttp2-server.c:357)
11/20 19:20:27.459: [sbi] DEBUG: SENDING...: 382 (../lib/sbi/nghttp2-server.c:365)
11/20 19:20:27.459: [sbi] DEBUG: {
	"nfStatusNotificationUri":	"http://127.0.0.5:7777/nnrf-nfm/v1/nf-status-notify",
	"reqNfInstanceId":	"70ba6878-694b-41ed-97ef-3971b1032c7d",
	"subscrCond":	{
		"nfType":	"SMF",
		"serviceName":	"nsmf-pdusession"
	},
	"subscriptionId":	"7202adb2-694b-41ed-ab57-81416635edaa",
	"validityTime":	"2022-11-21T19:20:27.459541-08:00",
	"reqNfType":	"AMF",
	"nrfSupportedFeatures":	"1"
} (../lib/sbi/nghttp2-server.c:366)
11/20 19:20:27.459: [sbi] DEBUG: STREAM closed [3] (../lib/sbi/nghttp2-server.c:852)
0000: 00002001 04000000 03c1c0bf 0f0d0333   .. ............3
0010: 38320f1f 9362aaac 956aa5a5 8ee16116   82...b...j....a.
0020: c682586a d263d48f be                  ..Xj.c...
0000: 00017e00 01000000 037b0a09 226e6653   ..~......{.."nfS
0010: 74617475 734e6f74 69666963 6174696f   tatusNotificatio
0020: 6e557269 223a0922 68747470 3a2f2f31   nUri":."http://1
0030: 32372e30 2e302e35 3a373737 372f6e6e   27.0.0.5:7777/nn
0040: 72662d6e 666d2f76 312f6e66 2d737461   rf-nfm/v1/nf-sta
0050: 7475732d 6e6f7469 6679222c 0a092272   tus-notify",.."r
0060: 65714e66 496e7374 616e6365 4964223a   eqNfInstanceId":
0070: 09223730 62613638 37382d36 3934622d   ."70ba6878-694b-
0080: 34316564 2d393765 662d3339 37316231   41ed-97ef-3971b1
0090: 30333263 3764222c 0a092273 75627363   032c7d",.."subsc
00a0: 72436f6e 64223a09 7b0a0909 226e6654   rCond":.{..."nfT
00b0: 79706522 3a092253 4d46222c 0a090922   ype":."SMF",..."
00c0: 73657276 6963654e 616d6522 3a09226e   serviceName":."n
00d0: 736d662d 70647573 65737369 6f6e220a   smf-pdusession".
00e0: 097d2c0a 09227375 62736372 69707469   .},.."subscripti
00f0: 6f6e4964 223a0922 37323032 61646232   onId":."7202adb2
0100: 2d363934 622d3431 65642d61 6235372d   -694b-41ed-ab57-
0110: 38313431 36363335 65646161 222c0a09   81416635edaa",..
0120: 2276616c 69646974 7954696d 65223a09   "validityTime":.
0130: 22323032 322d3131 2d323154 31393a32   "2022-11-21T19:2
0140: 303a3237 2e343539 3534312d 30383a30   0:27.459541-08:0
0150: 30222c0a 09227265 714e6654 79706522   0",.."reqNfType"
0160: 3a092241 4d46222c 0a09226e 72665375   :."AMF",.."nrfSu
0170: 70706f72 74656446 65617475 72657322   pportedFeatures"
0180: 3a092231 220a7d                       :."1".}
0000: 00000604 00000000 00000300 04e200     ...............
11/20 19:20:27.459: [sbi] DEBUG: MAX_CONCURRENT_STREAMS = 100 (../lib/sbi/nghttp2-server.c:747)
11/20 19:20:27.459: [sbi] DEBUG: ENABLE_PUSH = false (../lib/sbi/nghttp2-server.c:749)
11/20 19:20:27.459: [sbi] DEBUG: STREAM added [1] (../lib/sbi/nghttp2-server.c:1122)
11/20 19:20:27.459: [sbi] DEBUG: MAX_CONCURRENT_STREAMS = 100 (../lib/sbi/nghttp2-server.c:747)
11/20 19:20:27.459: [sbi] DEBUG: ENABLE_PUSH = false (../lib/sbi/nghttp2-server.c:749)
11/20 19:20:27.460: [sbi] DEBUG: [POST] /nnrf-nfm/v1/subscriptions (../lib/sbi/nghttp2-server.c:801)
11/20 19:20:27.460: [sbi] DEBUG: RECEIVED: 270 (../lib/sbi/nghttp2-server.c:805)
11/20 19:20:27.460: [sbi] DEBUG: {
	"nfStatusNotificationUri":	"http://127.0.0.5:7777/nnrf-nfm/v1/nf-status-notify",
	"reqNfInstanceId":	"70ba6878-694b-41ed-97ef-3971b1032c7d",
	"subscrCond":	{
		"nfType":	"NSSF",
		"serviceName":	"nnssf-nsselection"
	},
	"reqNfType":	"AMF",
	"requesterFeatures":	"1"
} (../lib/sbi/nghttp2-server.c:806)
11/20 19:20:27.460: [nrf] DEBUG: nrf_state_operational(): OGS_EVENT_NAME_SBI_SERVER (../src/nrf/nrf-sm.c:50)
11/20 19:20:27.460: [sock] DEBUG: addr:127.0.0.5, port:7777 (../lib/core/ogs-sockaddr.c:140)
11/20 19:20:27.460: [nrf] DEBUG: [REF] 7 (../src/nrf/nnrf-handler.c:261)
11/20 19:20:27.460: [sbi] DEBUG: STATUS [201] (../lib/sbi/nghttp2-server.c:357)
11/20 19:20:27.460: [sbi] DEBUG: SENDING...: 385 (../lib/sbi/nghttp2-server.c:365)
11/20 19:20:27.460: [sbi] DEBUG: {
	"nfStatusNotificationUri":	"http://127.0.0.5:7777/nnrf-nfm/v1/nf-status-notify",
	"reqNfInstanceId":	"70ba6878-694b-41ed-97ef-3971b1032c7d",
	"subscrCond":	{
		"nfType":	"NSSF",
		"serviceName":	"nnssf-nsselection"
	},
	"subscriptionId":	"7202c266-694b-41ed-ab57-81416635edaa",
	"validityTime":	"2022-11-21T19:20:27.460078-08:00",
	"reqNfType":	"AMF",
	"nrfSupportedFeatures":	"1"
} (../lib/sbi/nghttp2-server.c:366)
11/20 19:20:27.460: [sbi] DEBUG: STREAM closed [1] (../lib/sbi/nghttp2-server.c:852)
0000: 00000004 01000000 00                  .........
0000: 00005201 04000000 01488210 03768bd5   ..R......H...v..
0010: 596a6f16 e53b8976 d76f6196 d07abe94   Yjo..;.v.oa..z..
0020: 1054d27e ea080212 8066e081 704ea98b   .T.~.....f..pN..
0030: 46ff0f0d 03333835 0f1f9362 aaac956a   F....385...b...j
0040: a5a58ee1 6116c682 586ad263 d48f5f8b   ....a...Xj.c.._.
0050: 1d75d062 0d263d4c 7441ea              .u.b.&=LtA.
0000: 00018100 01000000 017b0a09 226e6653   .........{.."nfS
0010: 74617475 734e6f74 69666963 6174696f   tatusNotificatio
0020: 6e557269 223a0922 68747470 3a2f2f31   nUri":."http://1
0030: 32372e30 2e302e35 3a373737 372f6e6e   27.0.0.5:7777/nn
0040: 72662d6e 666d2f76 312f6e66 2d737461   rf-nfm/v1/nf-sta
0050: 7475732d 6e6f7469 6679222c 0a092272   tus-notify",.."r
0060: 65714e66 496e7374 616e6365 4964223a   eqNfInstanceId":
0070: 09223730 62613638 37382d36 3934622d   ."70ba6878-694b-
0080: 34316564 2d393765 662d3339 37316231   41ed-97ef-3971b1
0090: 30333263 3764222c 0a092273 75627363   032c7d",.."subsc
00a0: 72436f6e 64223a09 7b0a0909 226e6654   rCond":.{..."nfT
00b0: 79706522 3a09224e 53534622 2c0a0909   ype":."NSSF",...
00c0: 22736572 76696365 4e616d65 223a0922   "serviceName":."
00d0: 6e6e7373 662d6e73 73656c65 6374696f   nnssf-nsselectio
00e0: 6e220a09 7d2c0a09 22737562 73637269   n"..},.."subscri
00f0: 7074696f 6e496422 3a092237 32303263   ptionId":."7202c
0100: 3236362d 36393462 2d343165 642d6162   266-694b-41ed-ab
0110: 35372d38 31343136 36333565 64616122   57-81416635edaa"
0120: 2c0a0922 76616c69 64697479 54696d65   ,.."validityTime
0130: 223a0922 32303232 2d31312d 32315431   ":."2022-11-21T1
0140: 393a3230 3a32372e 34363030 37382d30   9:20:27.460078-0
0150: 383a3030 222c0a09 22726571 4e665479   8:00",.."reqNfTy
0160: 7065223a 0922414d 46222c0a 09226e72   pe":."AMF",.."nr
0170: 66537570 706f7274 65644665 61747572   fSupportedFeatur
0180: 6573223a 09223122 0a7d                es":."1".}
11/20 19:20:27.460: [sbi] DEBUG: [201:POST] http://[::1]:7777/nnrf-nfm/v1/subscriptions (../lib/sbi/client.c:573)
11/20 19:20:27.460: [sbi] DEBUG: RECEIVED[376] (../lib/sbi/client.c:584)
11/20 19:20:27.460: [sbi] DEBUG: {
	"nfStatusNotificationUri":	"http://127.0.0.5:7777/nnrf-nfm/v1/nf-status-notify",
	"reqNfInstanceId":	"70ba6878-694b-41ed-97ef-3971b1032c7d",
	"subscrCond":	{
		"nfType":	"UDM",
		"serviceName":	"nudm-uecm"
	},
	"subscriptionId":	"7202775c-694b-41ed-ab57-81416635edaa",
	"validityTime":	"2022-11-21T19:20:27.458171-08:00",
	"reqNfType":	"AMF",
	"nrfSupportedFeatures":	"1"
} (../lib/sbi/client.c:586)
11/20 19:20:27.460: [sbi] DEBUG: [201:POST] http://[::1]:7777/nnrf-nfm/v1/subscriptions (../lib/sbi/client.c:573)
11/20 19:20:27.460: [sbi] DEBUG: RECEIVED[389] (../lib/sbi/client.c:584)
11/20 19:20:27.460: [sbi] DEBUG: {
	"nfStatusNotificationUri":	"http://127.0.0.5:7777/nnrf-nfm/v1/nf-status-notify",
	"reqNfInstanceId":	"70ba6878-694b-41ed-97ef-3971b1032c7d",
	"subscrCond":	{
		"nfType":	"PCF",
		"serviceName":	"npcf-am-policy-control"
	},
	"subscriptionId":	"72029e62-694b-41ed-ab57-81416635edaa",
	"validityTime":	"2022-11-21T19:20:27.459155-08:00",
	"reqNfType":	"AMF",
	"nrfSupportedFeatures":	"1"
} (../lib/sbi/client.c:586)
11/20 19:20:27.460: [sbi] DEBUG: [201:POST] http://[::1]:7777/nnrf-nfm/v1/subscriptions (../lib/sbi/client.c:573)
11/20 19:20:27.460: [sbi] DEBUG: RECEIVED[385] (../lib/sbi/client.c:584)
11/20 19:20:27.460: [sbi] DEBUG: {
	"nfStatusNotificationUri":	"http://127.0.0.5:7777/nnrf-nfm/v1/nf-status-notify",
	"reqNfInstanceId":	"70ba6878-694b-41ed-97ef-3971b1032c7d",
	"subscrCond":	{
		"nfType":	"NSSF",
		"serviceName":	"nnssf-nsselection"
	},
	"subscriptionId":	"7202c266-694b-41ed-ab57-81416635edaa",
	"validityTime":	"2022-11-21T19:20:27.460078-08:00",
	"reqNfType":	"AMF",
	"nrfSupportedFeatures":	"1"
} (../lib/sbi/client.c:586)
11/20 19:20:27.460: [amf] DEBUG: amf_state_operational(): OGS_EVENT_NAME_SBI_CLIENT (../src/amf/amf-sm.c:78)
11/20 19:20:27.460: [amf] DEBUG: amf_state_operational(): OGS_EVENT_NAME_SBI_CLIENT (../src/amf/amf-sm.c:78)
11/20 19:20:27.460: [amf] DEBUG: amf_state_operational(): OGS_EVENT_NAME_SBI_CLIENT (../src/amf/amf-sm.c:78)
11/20 19:20:27.460: [sbi] DEBUG: [201:POST] http://[::1]:7777/nnrf-nfm/v1/subscriptions (../lib/sbi/client.c:573)
11/20 19:20:27.460: [sbi] DEBUG: RECEIVED[378] (../lib/sbi/client.c:584)
11/20 19:20:27.460: [sbi] DEBUG: {
	"nfStatusNotificationUri":	"http://127.0.0.5:7777/nnrf-nfm/v1/nf-status-notify",
	"reqNfInstanceId":	"70ba6878-694b-41ed-97ef-3971b1032c7d",
	"subscrCond":	{
		"nfType":	"AUSF",
		"serviceName":	"nausf-auth"
	},
	"subscriptionId":	"72025fa6-694b-41ed-ab57-81416635edaa",
	"validityTime":	"2022-11-21T19:20:27.457593-08:00",
	"reqNfType":	"AMF",
	"nrfSupportedFeatures":	"1"
} (../lib/sbi/client.c:586)
11/20 19:20:27.460: [sbi] DEBUG: [201:POST] http://[::1]:7777/nnrf-nfm/v1/subscriptions (../lib/sbi/client.c:573)
11/20 19:20:27.460: [sbi] DEBUG: RECEIVED[375] (../lib/sbi/client.c:584)
11/20 19:20:27.460: [sbi] DEBUG: {
	"nfStatusNotificationUri":	"http://127.0.0.5:7777/nnrf-nfm/v1/nf-status-notify",
	"reqNfInstanceId":	"70ba6878-694b-41ed-97ef-3971b1032c7d",
	"subscrCond":	{
		"nfType":	"UDM",
		"serviceName":	"nudm-sdm"
	},
	"subscriptionId":	"720287ba-694b-41ed-ab57-81416635edaa",
	"validityTime":	"2022-11-21T19:20:27.458575-08:00",
	"reqNfType":	"AMF",
	"nrfSupportedFeatures":	"1"
} (../lib/sbi/client.c:586)
11/20 19:20:27.460: [sbi] DEBUG: [201:POST] http://[::1]:7777/nnrf-nfm/v1/subscriptions (../lib/sbi/client.c:573)
11/20 19:20:27.460: [sbi] DEBUG: RECEIVED[382] (../lib/sbi/client.c:584)
11/20 19:20:27.460: [sbi] DEBUG: {
	"nfStatusNotificationUri":	"http://127.0.0.5:7777/nnrf-nfm/v1/nf-status-notify",
	"reqNfInstanceId":	"70ba6878-694b-41ed-97ef-3971b1032c7d",
	"subscrCond":	{
		"nfType":	"SMF",
		"serviceName":	"nsmf-pdusession"
	},
	"subscriptionId":	"7202adb2-694b-41ed-ab57-81416635edaa",
	"validityTime":	"2022-11-21T19:20:27.459541-08:00",
	"reqNfType":	"AMF",
	"nrfSupportedFeatures":	"1"
} (../lib/sbi/client.c:586)
11/20 19:20:27.460: [amf] DEBUG: amf_state_operational(): OGS_EVENT_NAME_SBI_CLIENT (../src/amf/amf-sm.c:78)
11/20 19:20:27.460: [amf] DEBUG: amf_state_operational(): OGS_EVENT_NAME_SBI_CLIENT (../src/amf/amf-sm.c:78)
11/20 19:20:27.460: [amf] DEBUG: amf_state_operational(): OGS_EVENT_NAME_SBI_CLIENT (../src/amf/amf-sm.c:78)
11/20 19:20:27.862: [pfcp] DEBUG: [1] LOCAL  Response Timeout for step 1 type 5 peer [127.0.0.4]:8805 (../lib/pfcp/xact.c:596)
11/20 19:20:27.863: [smf] DEBUG: smf_state_operational(): SMF_EVT_N4_MESSAGE (../src/smf/smf-sm.c:83)
11/20 19:20:27.863: [pfcp] DEBUG: [1] Cannot find xact type 5 from PFCP peer [127.0.0.7]:8805 (../lib/pfcp/xact.c:797)
11/20 19:20:27.863: [pfcp] DEBUG: [1] REMOTE Create  peer [127.0.0.7]:8805 (../lib/pfcp/xact.c:159)
11/20 19:20:27.863: [pfcp] DEBUG: [1] REMOTE Receive peer [127.0.0.7]:8805 (../lib/pfcp/xact.c:704)
11/20 19:20:27.863: [pfcp] DEBUG: [1] REMOTE UPD RX-5  peer [127.0.0.7]:8805 (../lib/pfcp/xact.c:298)
11/20 19:20:27.863: [smf] DEBUG: smf_pfcp_state_associated(): SMF_EVT_N4_MESSAGE (../src/smf/pfcp-sm.c:165)
11/20 19:20:27.863: [smf] WARNING: PFCP[REQ] has already been associated [127.0.0.7]:8805 (../src/smf/pfcp-sm.c:219)
11/20 19:20:27.863: [pfcp] DEBUG: Association Setup Response (../lib/pfcp/build.c:97)
11/20 19:20:27.863: [pfcp] DEBUG: [1] REMOTE UPD TX-6  peer [127.0.0.7]:8805 (../lib/pfcp/xact.c:197)
11/20 19:20:27.863: [pfcp] DEBUG: [1] REMOTE Commit  peer [127.0.0.7]:8805 (../lib/pfcp/xact.c:475)
11/20 19:20:27.863: [upf] DEBUG: upf_state_operational(): UPF_EVT_N4_MESSAGE (../src/upf/upf-sm.c:51)
11/20 19:20:27.863: [pfcp] DEBUG: [1] LOCAL  Find    peer [127.0.0.4]:8805 (../lib/pfcp/xact.c:790)
11/20 19:20:27.863: [pfcp] DEBUG: [1] LOCAL  Receive peer [127.0.0.4]:8805 (../lib/pfcp/xact.c:704)
11/20 19:20:27.863: [pfcp] DEBUG: [1] LOCAL  UPD RX-6  peer [127.0.0.4]:8805 (../lib/pfcp/xact.c:298)
11/20 19:20:27.863: [upf] DEBUG: upf_pfcp_state_associated(): UPF_EVT_N4_MESSAGE (../src/upf/pfcp-sm.c:164)
11/20 19:20:27.863: [upf] WARNING: PFCP[RSP] has already been associated [127.0.0.4]:8805 (../src/upf/pfcp-sm.c:215)
11/20 19:20:27.863: [pfcp] DEBUG: [1] LOCAL  Commit  peer [127.0.0.4]:8805 (../lib/pfcp/xact.c:475)
11/20 19:20:27.863: [pfcp] DEBUG: [1] LOCAL  Delete  peer [127.0.0.4]:8805 (../lib/pfcp/xact.c:813)
11/20 19:20:30.109: [sock] DEBUG: socket create(2:1:132) (../lib/core/ogs-socket.c:92)
11/20 19:20:30.109: [sock] DEBUG: socket create(2:1:132) (../lib/core/ogs-socket.c:92)
11/20 19:20:30.109: [sock] DEBUG: socket create(2:1:132) (../lib/core/ogs-socket.c:92)
11/20 19:20:30.109: [sock] DEBUG: sizes of 'struct sctp_event_subscribe': compile-time 10, kernel: 13 (../lib/sctp/ogs-lksctp.c:320)
11/20 19:20:30.109: [sock] DEBUG: sizes of 'struct sctp_event_subscribe': compile-time 10, kernel: 13 (../lib/sctp/ogs-lksctp.c:320)
11/20 19:20:30.109: [sock] DEBUG: OLD spp_flags = 0x29 hbinter = 30000 pathmax = 5, sackdelay = 200 (../lib/sctp/ogs-lksctp.c:517)
11/20 19:20:30.109: [sock] DEBUG: sizes of 'struct sctp_paddrparams': compile-time 152, kernel: 156 (../lib/sctp/ogs-lksctp.c:447)
11/20 19:20:30.109: [sock] DEBUG: OLD spp_flags = 0x29 hbinter = 30000 pathmax = 5, sackdelay = 200 (../lib/sctp/ogs-lksctp.c:517)
11/20 19:20:30.109: [sock] DEBUG: NEW spp_flags = 0x29 hbinter = 5000 pathmax = 5, sackdelay = 200 (../lib/sctp/ogs-lksctp.c:549)
11/20 19:20:30.109: [sock] DEBUG: OLD spp_flags = 0x29 hbinter = 30000 pathmax = 5, sackdelay = 200 (../lib/sctp/ogs-lksctp.c:517)
11/20 19:20:30.109: [sock] DEBUG: OLD RTO (initial:3000 max:60000 min:1000) (../lib/sctp/ogs-lksctp.c:580)
11/20 19:20:30.109: [sock] DEBUG: NEW spp_flags = 0x29 hbinter = 5000 pathmax = 5, sackdelay = 200 (../lib/sctp/ogs-lksctp.c:549)
11/20 19:20:30.109: [sock] DEBUG: NEW spp_flags = 0x29 hbinter = 5000 pathmax = 5, sackdelay = 200 (../lib/sctp/ogs-lksctp.c:549)
11/20 19:20:30.109: [sock] DEBUG: New RTO (initial:3000 max:5000 min:1000) (../lib/sctp/ogs-lksctp.c:596)
11/20 19:20:30.109: [sock] DEBUG: OLD RTO (initial:3000 max:60000 min:1000) (../lib/sctp/ogs-lksctp.c:580)
11/20 19:20:30.109: [sock] DEBUG: Old INITMSG (numout:10 maxin:65535 maxattempt:8 maxinit_to:60000) (../lib/sctp/ogs-lksctp.c:623)
11/20 19:20:30.109: [sock] DEBUG: New RTO (initial:3000 max:5000 min:1000) (../lib/sctp/ogs-lksctp.c:596)
11/20 19:20:30.109: [sock] DEBUG: New INITMSG (numout:30 maxin:65535 maxattempt:4 maxinit_to:8000) (../lib/sctp/ogs-lksctp.c:641)
11/20 19:20:30.109: [sock] DEBUG: Turn on SCTP_NODELAY (../lib/sctp/ogs-lksctp.c:650)
11/20 19:20:30.109: [sock] DEBUG: OLD RTO (initial:3000 max:60000 min:1000) (../lib/sctp/ogs-lksctp.c:580)
11/20 19:20:30.109: [sock] DEBUG: Old INITMSG (numout:10 maxin:65535 maxattempt:8 maxinit_to:60000) (../lib/sctp/ogs-lksctp.c:623)
11/20 19:20:30.109: [sock] DEBUG: New INITMSG (numout:30 maxin:65535 maxattempt:4 maxinit_to:8000) (../lib/sctp/ogs-lksctp.c:641)
11/20 19:20:30.109: [sock] DEBUG: New RTO (initial:3000 max:5000 min:1000) (../lib/sctp/ogs-lksctp.c:596)
11/20 19:20:30.109: [sock] DEBUG: Turn on SCTP_NODELAY (../lib/sctp/ogs-lksctp.c:650)
11/20 19:20:30.109: [sock] DEBUG: Old INITMSG (numout:10 maxin:65535 maxattempt:8 maxinit_to:60000) (../lib/sctp/ogs-lksctp.c:623)
11/20 19:20:30.109: [sock] DEBUG: socket connect 127.0.0.20:38412
 (../lib/core/ogs-socket.c:142)
11/20 19:20:30.110: [sock] DEBUG: New INITMSG (numout:30 maxin:65535 maxattempt:4 maxinit_to:8000) (../lib/sctp/ogs-lksctp.c:641)
11/20 19:20:30.110: [sock] DEBUG: Turn on SCTP_NODELAY (../lib/sctp/ogs-lksctp.c:650)
11/20 19:20:30.110: [sock] DEBUG: sctp_client() [127.0.0.20]:38412 (../lib/sctp/ogs-lksctp.c:168)
11/20 19:20:30.110: [sock] DEBUG: socket connect 127.0.0.5:38412
 (../lib/core/ogs-socket.c:142)
11/20 19:20:30.110: [sock] DEBUG: sctp_client() [127.0.0.5]:38412 (../lib/sctp/ogs-lksctp.c:168)
11/20 19:20:30.110: [amf] INFO: gNB-N2 accepted[127.0.0.1]:58698 in ng-path module (../src/amf/ngap-sctp.c:114)
11/20 19:20:30.110: [amf] INFO: gNB-N2 accepted[127.0.0.1]:46485 in ng-path module (../src/amf/ngap-sctp.c:114)
11/20 19:20:30.110: [amf] DEBUG: amf_state_operational(): AMF_EVENT_NGAP_LO_ACCEPT (../src/amf/amf-sm.c:78)
11/20 19:20:30.110: [amf] INFO: gNB-N2 accepted[127.0.0.1] in master_sm module (../src/amf/amf-sm.c:665)
11/20 19:20:30.110: [sock] DEBUG: socket connect 127.0.0.21:38412
 (../lib/core/ogs-socket.c:142)
11/20 19:20:30.110: [amf] DEBUG: ngap_state_initial(): ENTRY (../src/amf/ngap-sm.c:28)
11/20 19:20:30.110: [sock] DEBUG: sctp_client() [127.0.0.21]:38412 (../lib/sctp/ogs-lksctp.c:168)
11/20 19:20:30.110: [amf] DEBUG: ngap_state_operational(): ENTRY (../src/amf/ngap-sm.c:53)
11/20 19:20:30.110: [amf] INFO: [Added] Number of gNBs is now 1 (../src/amf/context.c:974)
11/20 19:20:30.110: [amf] DEBUG: amf_state_operational(): AMF_EVENT_NGAP_LO_ACCEPT (../src/amf/amf-sm.c:78)
11/20 19:20:30.110: [amf] INFO: gNB-N2 accepted[127.0.0.1] in master_sm module (../src/amf/amf-sm.c:665)
11/20 19:20:30.110: [amf] DEBUG: ngap_state_initial(): ENTRY (../src/amf/ngap-sm.c:28)
11/20 19:20:30.110: [amf] DEBUG: ngap_state_operational(): ENTRY (../src/amf/ngap-sm.c:53)
11/20 19:20:30.110: [amf] INFO: [Added] Number of gNBs is now 2 (../src/amf/context.c:974)
11/20 19:20:30.110: [amf] INFO: gNB-N2 accepted[127.0.0.1]:47502 in ng-path module (../src/amf/ngap-sctp.c:114)
11/20 19:20:30.110: [amf] DEBUG: SCTP_ASSOC_CHANGE:[T:32769, F:0x0, S:0, I/O:30/30] (../src/amf/ngap-sctp.c:158)
11/20 19:20:30.110: [amf] DEBUG: SCTP_COMM_UP (../src/amf/ngap-sctp.c:161)
11/20 19:20:30.110: [amf] DEBUG: SCTP_ASSOC_CHANGE:[T:32769, F:0x0, S:0, I/O:30/30] (../src/amf/ngap-sctp.c:158)
11/20 19:20:30.110: [amf] DEBUG: SCTP_COMM_UP (../src/amf/ngap-sctp.c:161)
11/20 19:20:30.110: [amf] DEBUG: amf_state_operational(): AMF_EVENT_NGAP_LO_ACCEPT (../src/amf/amf-sm.c:78)
11/20 19:20:30.110: [amf] INFO: gNB-N2 accepted[127.0.0.1] in master_sm module (../src/amf/amf-sm.c:665)
11/20 19:20:30.110: [amf] DEBUG: ngap_state_initial(): ENTRY (../src/amf/ngap-sm.c:28)
11/20 19:20:30.110: [amf] DEBUG: ngap_state_operational(): ENTRY (../src/amf/ngap-sm.c:53)
11/20 19:20:30.110: [amf] INFO: [Added] Number of gNBs is now 3 (../src/amf/context.c:974)
11/20 19:20:30.110: [amf] DEBUG: amf_state_operational(): AMF_EVENT_NGAP_LO_SCTP_COMM_UP (../src/amf/amf-sm.c:78)
11/20 19:20:30.110: [amf] INFO: gNB-N2[127.0.0.1] max_num_of_ostreams : 30 (../src/amf/amf-sm.c:704)
11/20 19:20:30.110: [amf] DEBUG: amf_state_operational(): AMF_EVENT_NGAP_LO_SCTP_COMM_UP (../src/amf/amf-sm.c:78)
11/20 19:20:30.111: [amf] INFO: gNB-N2[127.0.0.1] max_num_of_ostreams : 30 (../src/amf/amf-sm.c:704)
11/20 19:20:30.111: [amf] DEBUG: SCTP_ASSOC_CHANGE:[T:32769, F:0x0, S:0, I/O:30/30] (../src/amf/ngap-sctp.c:158)
11/20 19:20:30.111: [amf] DEBUG: SCTP_COMM_UP (../src/amf/ngap-sctp.c:161)
11/20 19:20:30.111: [amf] DEBUG: amf_state_operational(): AMF_EVENT_NGAP_MESSAGE (../src/amf/amf-sm.c:78)
11/20 19:20:30.111: [amf] DEBUG: ngap_state_operational(): AMF_EVENT_NGAP_MESSAGE (../src/amf/ngap-sm.c:53)
11/20 19:20:30.111: [amf] DEBUG: NGSetupRequest (../src/amf/ngap-handler.c:128)
11/20 19:20:30.111: [amf] DEBUG:     IP[127.0.0.1] GNB_ID[0x4000] (../src/amf/ngap-handler.c:176)
11/20 19:20:30.111: [amf] DEBUG:     PagingDRX[0] (../src/amf/ngap-handler.c:179)
11/20 19:20:30.111: [amf] DEBUG:     TAC[1] (../src/amf/ngap-handler.c:202)
11/20 19:20:30.111: [amf] DEBUG:     PLMN_ID[MCC:999 MNC:70] (../src/amf/ngap-handler.c:234)
11/20 19:20:30.111: [amf] DEBUG:     S_NSSAI[SST:1 SD:0xffffff] (../src/amf/ngap-handler.c:271)
11/20 19:20:30.111: [amf] DEBUG:     TAC[1] (../src/amf/ngap-handler.c:40)
11/20 19:20:30.111: [amf] DEBUG:     PLMN_ID[MCC:999 MNC:70] (../src/amf/ngap-handler.c:45)
11/20 19:20:30.111: [amf] DEBUG:     SERVED_TAI_INDEX[0] (../src/amf/ngap-handler.c:46)
11/20 19:20:30.111: [amf] DEBUG:     PLMN_ID[MCC:999 MNC:70] (../src/amf/ngap-handler.c:72)
11/20 19:20:30.111: [amf] DEBUG:     S_NSSAI[SST:1 SD:0xffffff] (../src/amf/ngap-handler.c:76)
11/20 19:20:30.111: [amf] DEBUG: NG-Setup response (../src/amf/ngap-path.c:254)
11/20 19:20:30.111: [amf] DEBUG: NGSetupResponse (../src/amf/ngap-build.c:36)
11/20 19:20:30.111: [amf] DEBUG:     IP[127.0.0.1] RAN_ID[16384] (../src/amf/ngap-path.c:71)
11/20 19:20:30.111: [amf] DEBUG: amf_state_operational(): AMF_EVENT_NGAP_MESSAGE (../src/amf/amf-sm.c:78)
11/20 19:20:30.112: [amf] DEBUG: ngap_state_operational(): AMF_EVENT_NGAP_MESSAGE (../src/amf/ngap-sm.c:53)
11/20 19:20:30.112: [amf] DEBUG: NGSetupRequest (../src/amf/ngap-handler.c:128)
11/20 19:20:30.112: [amf] DEBUG:     IP[127.0.0.1] GNB_ID[0x4000] (../src/amf/ngap-handler.c:176)
11/20 19:20:30.112: [amf] DEBUG:     PagingDRX[0] (../src/amf/ngap-handler.c:179)
11/20 19:20:30.112: [amf] DEBUG:     TAC[1] (../src/amf/ngap-handler.c:202)
11/20 19:20:30.112: [amf] DEBUG:     PLMN_ID[MCC:999 MNC:70] (../src/amf/ngap-handler.c:234)
11/20 19:20:30.112: [amf] DEBUG:     S_NSSAI[SST:1 SD:0xffffff] (../src/amf/ngap-handler.c:271)
11/20 19:20:30.112: [amf] DEBUG:     TAC[1] (../src/amf/ngap-handler.c:40)
11/20 19:20:30.112: [amf] DEBUG:     PLMN_ID[MCC:999 MNC:70] (../src/amf/ngap-handler.c:45)
11/20 19:20:30.112: [amf] DEBUG:     SERVED_TAI_INDEX[0] (../src/amf/ngap-handler.c:46)
11/20 19:20:30.112: [amf] DEBUG:     PLMN_ID[MCC:999 MNC:70] (../src/amf/ngap-handler.c:72)
11/20 19:20:30.112: [amf] DEBUG:     S_NSSAI[SST:1 SD:0xffffff] (../src/amf/ngap-handler.c:76)
11/20 19:20:30.112: [amf] DEBUG: NG-Setup response (../src/amf/ngap-path.c:254)
11/20 19:20:30.112: [amf] DEBUG: NGSetupResponse (../src/amf/ngap-build.c:36)
11/20 19:20:30.112: [amf] DEBUG:     IP[127.0.0.1] RAN_ID[16384] (../src/amf/ngap-path.c:71)
11/20 19:20:30.112: [amf] DEBUG: amf_state_operational(): AMF_EVENT_NGAP_LO_SCTP_COMM_UP (../src/amf/amf-sm.c:78)
11/20 19:20:30.112: [amf] INFO: gNB-N2[127.0.0.1] max_num_of_ostreams : 30 (../src/amf/amf-sm.c:704)
11/20 19:20:30.112: [amf] DEBUG: amf_state_operational(): AMF_EVENT_NGAP_MESSAGE (../src/amf/amf-sm.c:78)
11/20 19:20:30.112: [amf] DEBUG: ngap_state_operational(): AMF_EVENT_NGAP_MESSAGE (../src/amf/ngap-sm.c:53)
11/20 19:20:30.112: [amf] DEBUG: NGSetupRequest (../src/amf/ngap-handler.c:128)
11/20 19:20:30.112: [amf] DEBUG:     IP[127.0.0.1] GNB_ID[0x4000] (../src/amf/ngap-handler.c:176)
11/20 19:20:30.112: [amf] DEBUG:     PagingDRX[0] (../src/amf/ngap-handler.c:179)
11/20 19:20:30.112: [amf] DEBUG:     TAC[1] (../src/amf/ngap-handler.c:202)
11/20 19:20:30.112: [amf] DEBUG:     PLMN_ID[MCC:999 MNC:70] (../src/amf/ngap-handler.c:234)
11/20 19:20:30.112: [amf] DEBUG:     S_NSSAI[SST:1 SD:0xffffff] (../src/amf/ngap-handler.c:271)
11/20 19:20:30.112: [amf] DEBUG:     TAC[1] (../src/amf/ngap-handler.c:40)
11/20 19:20:30.112: [amf] DEBUG:     PLMN_ID[MCC:999 MNC:70] (../src/amf/ngap-handler.c:45)
11/20 19:20:30.112: [amf] DEBUG:     SERVED_TAI_INDEX[0] (../src/amf/ngap-handler.c:46)
11/20 19:20:30.112: [amf] DEBUG:     PLMN_ID[MCC:999 MNC:70] (../src/amf/ngap-handler.c:72)
11/20 19:20:30.112: [amf] DEBUG:     S_NSSAI[SST:1 SD:0xffffff] (../src/amf/ngap-handler.c:76)
11/20 19:20:30.113: [amf] DEBUG: NG-Setup response (../src/amf/ngap-path.c:254)
11/20 19:20:30.113: [amf] DEBUG: NGSetupResponse (../src/amf/ngap-build.c:36)
11/20 19:20:30.113: [amf] DEBUG:     IP[127.0.0.1] RAN_ID[16384] (../src/amf/ngap-path.c:71)
11/20 19:20:30.114: [amf] DEBUG: amf_state_operational(): AMF_EVENT_NGAP_MESSAGE (../src/amf/amf-sm.c:78)
11/20 19:20:30.114: [amf] DEBUG: ngap_state_operational(): AMF_EVENT_NGAP_MESSAGE (../src/amf/ngap-sm.c:53)
11/20 19:20:30.114: [amf] INFO: InitialUEMessage (../src/amf/ngap-handler.c:361)
11/20 19:20:30.114: [amf] DEBUG:     IP[127.0.0.1] RAN_ID[16384] (../src/amf/ngap-handler.c:388)
11/20 19:20:30.114: [amf] INFO: [Added] Number of gNB-UEs is now 1 (../src/amf/context.c:2239)
11/20 19:20:30.114: [amf] INFO:     RAN_UE_NGAP_ID[1] AMF_UE_NGAP_ID[1] TAC[1] CellID[0x40001] (../src/amf/ngap-handler.c:506)
11/20 19:20:30.114: [amf] DEBUG: amf_state_operational(): AMF_EVENT_5GMM_MESSAGE (../src/amf/amf-sm.c:78)
11/20 19:20:30.114: [amf] INFO: Unknown UE by 5G-S_TMSI[AMF_ID:0x0,M_TMSI:0x0] (../src/amf/context.c:1565)
11/20 19:20:30.114: [gmm] DEBUG: gmm_state_initial(): ENTRY (../src/amf/gmm-sm.c:40)
11/20 19:20:30.114: [gmm] DEBUG: gmm_state_de_registered(): ENTRY (../src/amf/gmm-sm.c:60)
11/20 19:20:30.114: [amf] INFO: [Added] Number of AMF-UEs is now 1 (../src/amf/context.c:1341)
11/20 19:20:30.114: [gmm] DEBUG: gmm_state_de_registered(): AMF_EVENT_5GMM_MESSAGE (../src/amf/gmm-sm.c:60)
11/20 19:20:30.114: [gmm] INFO: Registration request (../src/amf/gmm-sm.c:135)
11/20 19:20:30.114: [gmm] INFO: [Unknown ID]    5G-S_GUTI[AMF_ID:0x0,M_TMSI:0x0] (../src/amf/gmm-handler.c:164)
11/20 19:20:30.114: [gmm] DEBUG:     OLD TSC[UE:0,AMF:0] KSI[UE:7,AMF:7] (../src/amf/gmm-handler.c:181)
11/20 19:20:30.114: [gmm] DEBUG:     NEW TSC[UE:0,AMF:0] KSI[UE:7,AMF:7] (../src/amf/gmm-handler.c:188)
11/20 19:20:30.114: [gmm] DEBUG:     OLD TAI[PLMN_ID:000000,TAC:0] (../src/amf/gmm-handler.c:232)
11/20 19:20:30.114: [gmm] DEBUG:     OLD NR_CGI[PLMN_ID:000000,CELL_ID:0x0] (../src/amf/gmm-handler.c:235)
11/20 19:20:30.114: [gmm] DEBUG:     TAI[PLMN_ID:99f907,TAC:1] (../src/amf/gmm-handler.c:238)
11/20 19:20:30.114: [gmm] DEBUG:     NR_CGI[PLMN_ID:99f907,CELL_ID:0x40001] (../src/amf/gmm-handler.c:241)
11/20 19:20:30.114: [gmm] DEBUG:     SERVED_TAI_INDEX[0] (../src/amf/gmm-handler.c:256)
11/20 19:20:30.114: [amf] DEBUG: Identity request (../src/amf/nas-path.c:328)
11/20 19:20:30.114: [gmm] DEBUG:     Identity Type 2 : SUCI (../src/amf/gmm-build.c:327)
11/20 19:20:30.114: [amf] DEBUG: DownlinkNASTransport (../src/amf/ngap-build.c:321)
11/20 19:20:30.114: [amf] DEBUG:     RAN_UE_NGAP_ID[1] AMF_UE_NGAP_ID[1] (../src/amf/ngap-build.c:365)
11/20 19:20:30.114: [amf] DEBUG:     IP[127.0.0.1] RAN_ID[16384] (../src/amf/ngap-path.c:71)
11/20 19:20:30.114: [core] ERROR: mongoc_collection_remove() failed (../tests/common/context.c:1236)
11/20 19:20:30.114: [amf] DEBUG: amf_state_operational(): AMF_EVENT_NGAP_MESSAGE (../src/amf/amf-sm.c:78)
11/20 19:20:30.114: [amf] DEBUG: ngap_state_operational(): AMF_EVENT_NGAP_MESSAGE (../src/amf/ngap-sm.c:53)
11/20 19:20:30.114: [amf] DEBUG: UplinkNASTransport (../src/amf/ngap-handler.c:546)
11/20 19:20:30.114: [amf] DEBUG:     IP[127.0.0.1] RAN_ID[16384] (../src/amf/ngap-handler.c:569)
11/20 19:20:30.114: [amf] DEBUG:     RAN_UE_NGAP_ID[1] AMF_UE_NGAP_ID[1] TAC[1] CellID[0x40001] (../src/amf/ngap-handler.c:650)
11/20 19:20:30.114: [amf] DEBUG: amf_state_operational(): AMF_EVENT_5GMM_MESSAGE (../src/amf/amf-sm.c:78)
11/20 19:20:30.114: [gmm] DEBUG: gmm_state_de_registered(): AMF_EVENT_5GMM_MESSAGE (../src/amf/gmm-sm.c:60)
11/20 19:20:30.114: [gmm] INFO: Identity response (../src/amf/gmm-sm.c:263)
11/20 19:20:30.114: [gmm] INFO: [suci-0-999-70-0-0-0-1000000010]    SUCI (../src/amf/gmm-handler.c:765)
11/20 19:20:30.114: [sbi] DEBUG: [REF] 2 (../lib/sbi/path.c:328)
11/20 19:20:30.114: [sbi] WARNING: Try to discover [nausf-auth] (../lib/sbi/path.c:337)
11/20 19:20:30.114: [sbi] DEBUG: [GET] http://[::1]:7777/nnrf-disc/v1/nf-instances (../lib/sbi/client.c:625)
11/20 19:20:30.114: [gmm] DEBUG: gmm_state_de_registered(): EXIT (../src/amf/gmm-sm.c:60)
11/20 19:20:30.114: [gmm] DEBUG: gmm_state_authentication(): ENTRY (../src/amf/gmm-sm.c:532)
11/20 19:20:30.115: [sbi] DEBUG: STREAM added [5] (../lib/sbi/nghttp2-server.c:1122)
11/20 19:20:30.115: [sbi] DEBUG: [GET] /nnrf-disc/v1/nf-instances (../lib/sbi/nghttp2-server.c:801)
11/20 19:20:30.115: [nrf] DEBUG: nrf_state_operational(): OGS_EVENT_NAME_SBI_SERVER (../src/nrf/nrf-sm.c:50)
11/20 19:20:30.115: [nrf] DEBUG: NF-Discover : Requester[AMF] Target[AUSF] (../src/nrf/nnrf-handler.c:450)
11/20 19:20:30.115: [nrf] DEBUG: [0] service-names[nausf-auth] (../src/nrf/nnrf-handler.c:478)
11/20 19:20:30.115: [nrf] DEBUG: [70c00fb2-694b-41ed-a1ea-09418c35a6fb:0] NF-Discovered [NF-Type:AUSF,NF-Status:REGISTERED,IPv4:1,IPv6:0] (../src/nrf/nnrf-handler.c:505)
11/20 19:20:30.115: [sbi] DEBUG: STATUS [200] (../lib/sbi/nghttp2-server.c:357)
11/20 19:20:30.115: [sbi] DEBUG: SENDING...: 863 (../lib/sbi/nghttp2-server.c:365)
11/20 19:20:30.115: [sbi] DEBUG: {
	"validityPeriod":	3600,
	"nfInstances":	[{
			"nfInstanceId":	"70c00fb2-694b-41ed-a1ea-09418c35a6fb",
			"nfType":	"AUSF",
			"nfStatus":	"REGISTERED",
			"heartBeatTimer":	10,
			"ipv4Addresses":	["127.0.0.11"],
			"allowedNfTypes":	["AMF", "SCP"],
			"priority":	0,
			"capacity":	100,
			"load":	0,
			"nfServiceList":	{
				"70c01df4-694b-41ed-a1ea-09418c35a6fb":	{
					"serviceInstanceId":	"70c01df4-694b-41ed-a1ea-09418c35a6fb",
					"serviceName":	"nausf-auth",
					"versions":	[{
							"apiVersionInUri":	"v1",
							"apiFullVersion":	"1.0.0"
						}],
					"scheme":	"http",
					"nfServiceStatus":	"REGISTERED",
					"ipEndPoints":	[{
							"ipv4Address":	"127.0.0.11",
							"port":	7777
						}],
					"allowedNfTypes":	["AMF"],
					"priority":	0,
					"capacity":	100,
					"load":	0
				}
			},
			"nfProfileChangesSupportInd":	true
		}]
} (../lib/sbi/nghttp2-server.c:366)
11/20 19:20:30.115: [sbi] DEBUG: STREAM closed [5] (../lib/sbi/nghttp2-server.c:852)
0000: 00002c01 04000000 0588c061 96d07abe   ..,........a..z.
0010: 941054d2 7eea0802 128066e0 81719029   ..T.~.....f..q.)
0020: 8b46ff0f 0d033836 335889a4 7e561cc5   .F....863X..~V..
0030: 8197000f c0                           .....
0000: 00035f00 01000000 057b0a09 2276616c   .._......{.."val
0010: 69646974 79506572 696f6422 3a093336   idityPeriod":.36
0020: 30302c0a 09226e66 496e7374 616e6365   00,.."nfInstance
0030: 73223a09 5b7b0a09 0909226e 66496e73   s":.[{...."nfIns
0040: 74616e63 65496422 3a092237 30633030   tanceId":."70c00
0050: 6662322d 36393462 2d343165 642d6131   fb2-694b-41ed-a1
0060: 65612d30 39343138 63333561 36666222   ea-09418c35a6fb"
0070: 2c0a0909 09226e66 54797065 223a0922   ,...."nfType":."
0080: 41555346 222c0a09 0909226e 66537461   AUSF",...."nfSta
0090: 74757322 3a092252 45474953 54455245   tus":."REGISTERE
00a0: 44222c0a 09090922 68656172 74426561   D",...."heartBea
00b0: 7454696d 6572223a 0931302c 0a090909   tTimer":.10,....
00c0: 22697076 34416464 72657373 6573223a   "ipv4Addresses":
00d0: 095b2231 32372e30 2e302e31 31225d2c   .["127.0.0.11"],
00e0: 0a090909 22616c6c 6f776564 4e665479   ...."allowedNfTy
00f0: 70657322 3a095b22 414d4622 2c202253   pes":.["AMF", "S
0100: 4350225d 2c0a0909 09227072 696f7269   CP"],...."priori
0110: 7479223a 09302c0a 09090922 63617061   ty":.0,...."capa
0120: 63697479 223a0931 30302c0a 09090922   city":.100,...."
0130: 6c6f6164 223a0930 2c0a0909 09226e66   load":.0,...."nf
0140: 53657276 6963654c 69737422 3a097b0a   ServiceList":.{.
0150: 09090909 22373063 30316466 342d3639   ...."70c01df4-69
0160: 34622d34 3165642d 61316561 2d303934   4b-41ed-a1ea-094
0170: 31386333 35613666 62223a09 7b0a0909   18c35a6fb":.{...
0180: 09090922 73657276 69636549 6e737461   ..."serviceInsta
0190: 6e636549 64223a09 22373063 30316466   nceId":."70c01df
01a0: 342d3639 34622d34 3165642d 61316561   4-694b-41ed-a1ea
01b0: 2d303934 31386333 35613666 62222c0a   -09418c35a6fb",.
01c0: 09090909 09227365 72766963 654e616d   ....."serviceNam
01d0: 65223a09 226e6175 73662d61 75746822   e":."nausf-auth"
01e0: 2c0a0909 09090922 76657273 696f6e73   ,......"versions
01f0: 223a095b 7b0a0909 09090909 09226170   ":.[{........"ap
0200: 69566572 73696f6e 496e5572 69223a09   iVersionInUri":.
0210: 22763122 2c0a0909 09090909 09226170   "v1",........"ap
0220: 6946756c 6c566572 73696f6e 223a0922   iFullVersion":."
0230: 312e302e 30220a09 09090909 097d5d2c   1.0.0".......}],
0240: 0a090909 09092273 6368656d 65223a09   ......"scheme":.
0250: 22687474 70222c0a 09090909 09226e66   "http",......"nf
0260: 53657276 69636553 74617475 73223a09   ServiceStatus":.
0270: 22524547 49535445 52454422 2c0a0909   "REGISTERED",...
0280: 09090922 6970456e 64506f69 6e747322   ..."ipEndPoints"
0290: 3a095b7b 0a090909 09090909 22697076   :.[{........"ipv
02a0: 34416464 72657373 223a0922 3132372e   4Address":."127.
02b0: 302e302e 3131222c 0a090909 09090909   0.0.11",........
02c0: 22706f72 74223a09 37373737 0a090909   "port":.7777....
02d0: 0909097d 5d2c0a09 09090909 22616c6c   ...}],......"all
02e0: 6f776564 4e665479 70657322 3a095b22   owedNfTypes":.["
02f0: 414d4622 5d2c0a09 09090909 22707269   AMF"],......"pri
0300: 6f726974 79223a09 302c0a09 09090909   ority":.0,......
0310: 22636170 61636974 79223a09 3130302c   "capacity":.100,
0320: 0a090909 0909226c 6f616422 3a09300a   ......"load":.0.
0330: 09090909 7d0a0909 097d2c0a 09090922   ....}....},...."
0340: 6e665072 6f66696c 65436861 6e676573   nfProfileChanges
0350: 53757070 6f727449 6e64223a 09747275   SupportInd":.tru
0360: 650a0909 7d5d0a7d                     e...}].}
11/20 19:20:30.115: [sbi] DEBUG: [200:GET] http://[::1]:7777/nnrf-disc/v1/nf-instances?requester-nf-type=AMF&service-names=nausf-auth&target-nf-type=AUSF (../lib/sbi/client.c:573)
11/20 19:20:30.115: [sbi] DEBUG: RECEIVED[863] (../lib/sbi/client.c:584)
11/20 19:20:30.115: [sbi] DEBUG: {
	"validityPeriod":	3600,
	"nfInstances":	[{
			"nfInstanceId":	"70c00fb2-694b-41ed-a1ea-09418c35a6fb",
			"nfType":	"AUSF",
			"nfStatus":	"REGISTERED",
			"heartBeatTimer":	10,
			"ipv4Addresses":	["127.0.0.11"],
			"allowedNfTypes":	["AMF", "SCP"],
			"priority":	0,
			"capacity":	100,
			"load":	0,
			"nfServiceList":	{
				"70c01df4-694b-41ed-a1ea-09418c35a6fb":	{
					"serviceInstanceId":	"70c01df4-694b-41ed-a1ea-09418c35a6fb",
					"serviceName":	"nausf-auth",
					"versions":	[{
							"apiVersionInUri":	"v1",
							"apiFullVersion":	"1.0.0"
						}],
					"scheme":	"http",
					"nfServiceStatus":	"REGISTERED",
					"ipEndPoints":	[{
							"ipv4Address":	"127.0.0.11",
							"port":	7777
						}],
					"allowedNfTypes":	["AMF"],
					"priority":	0,
					"capacity":	100,
					"load":	0
				}
			},
			"nfProfileChangesSupportInd":	true
		}]
} (../lib/sbi/client.c:586)
11/20 19:20:30.115: [amf] DEBUG: amf_state_operational(): AMF_EVENT_NGAP_MESSAGE (../src/amf/amf-sm.c:78)
11/20 19:20:30.115: [amf] DEBUG: ngap_state_operational(): AMF_EVENT_NGAP_MESSAGE (../src/amf/ngap-sm.c:53)
11/20 19:20:30.115: [amf] INFO: InitialUEMessage (../src/amf/ngap-handler.c:361)
11/20 19:20:30.115: [amf] DEBUG:     IP[127.0.0.1] RAN_ID[16384] (../src/amf/ngap-handler.c:388)
11/20 19:20:30.115: [amf] INFO: [Added] Number of gNB-UEs is now 2 (../src/amf/context.c:2239)
11/20 19:20:30.115: [amf] INFO:     RAN_UE_NGAP_ID[1] AMF_UE_NGAP_ID[2] TAC[1] CellID[0x40001] (../src/amf/ngap-handler.c:506)
11/20 19:20:30.115: [amf] DEBUG: amf_state_operational(): OGS_EVENT_NAME_SBI_CLIENT (../src/amf/amf-sm.c:78)
11/20 19:20:30.115: [sbi] DEBUG: ogs_sbi_nf_instance_add() (../lib/sbi/context.c:762)
11/20 19:20:30.115: [sbi] DEBUG: [REF] 1 (../lib/sbi/context.c:764)
11/20 19:20:30.115: [sbi] DEBUG: ogs_sbi_nf_state_initial(): ENTRY (../lib/sbi/nf-sm.c:66)
11/20 19:20:30.115: [sbi] DEBUG: ogs_sbi_nf_state_registered(): ENTRY (../lib/sbi/nf-sm.c:204)
11/20 19:20:30.115: [sbi] INFO: [70c00fb2-694b-41ed-a1ea-09418c35a6fb] (NF-discover) NF registered (../lib/sbi/nnrf-handler.c:725)
11/20 19:20:30.115: [sock] DEBUG: addr:127.0.0.11, port:80 (../lib/core/ogs-sockaddr.c:140)
11/20 19:20:30.115: [sock] DEBUG: addr:127.0.0.11, port:7777 (../lib/core/ogs-sockaddr.c:140)
11/20 19:20:30.115: [sbi] DEBUG: ogs_sbi_client_add() (../lib/sbi/client.c:112)
11/20 19:20:30.115: [sbi] DEBUG: [REF] 1 (../lib/sbi/client.c:113)
11/20 19:20:30.115: [sbi] DEBUG: [REF] 2 (../lib/sbi/context.c:1570)
11/20 19:20:30.115: [sbi] DEBUG: ogs_sbi_client_add() (../lib/sbi/client.c:112)
11/20 19:20:30.115: [sbi] DEBUG: [REF] 1 (../lib/sbi/client.c:113)
11/20 19:20:30.115: [sbi] DEBUG: [REF] 2 (../lib/sbi/context.c:1482)
11/20 19:20:30.115: [sbi] INFO: [70c00fb2-694b-41ed-a1ea-09418c35a6fb] (NF-discover) NF Profile updated (../lib/sbi/nnrf-handler.c:752)
11/20 19:20:30.115: [amf] DEBUG: [REF] 2 (../src/amf/context.c:1945)
11/20 19:20:30.115: [sbi] DEBUG: [POST] http://127.0.0.11:7777/nausf-auth/v1/ue-authentications (../lib/sbi/client.c:625)
11/20 19:20:30.115: [sbi] DEBUG: SENDING...[110] (../lib/sbi/client.c:401)
11/20 19:20:30.115: [sbi] DEBUG: {
	"supiOrSuci":	"suci-0-999-70-0-0-0-1000000010",
	"servingNetworkName":	"5G:mnc070.mcc999.3gppnetwork.org"
} (../lib/sbi/client.c:403)
11/20 19:20:30.116: [amf] DEBUG: amf_state_operational(): AMF_EVENT_5GMM_MESSAGE (../src/amf/amf-sm.c:78)
11/20 19:20:30.116: [amf] INFO: Unknown UE by 5G-S_TMSI[AMF_ID:0x0,M_TMSI:0x0] (../src/amf/context.c:1565)
11/20 19:20:30.116: [gmm] DEBUG: gmm_state_initial(): ENTRY (../src/amf/gmm-sm.c:40)
11/20 19:20:30.116: [gmm] DEBUG: gmm_state_de_registered(): ENTRY (../src/amf/gmm-sm.c:60)
11/20 19:20:30.116: [amf] INFO: [Added] Number of AMF-UEs is now 2 (../src/amf/context.c:1341)
11/20 19:20:30.116: [gmm] DEBUG: gmm_state_de_registered(): AMF_EVENT_5GMM_MESSAGE (../src/amf/gmm-sm.c:60)
11/20 19:20:30.116: [gmm] INFO: Registration request (../src/amf/gmm-sm.c:135)
11/20 19:20:30.116: [gmm] INFO: [Unknown ID]    5G-S_GUTI[AMF_ID:0x0,M_TMSI:0x0] (../src/amf/gmm-handler.c:164)
11/20 19:20:30.116: [gmm] DEBUG:     OLD TSC[UE:0,AMF:0] KSI[UE:7,AMF:7] (../src/amf/gmm-handler.c:181)
11/20 19:20:30.116: [gmm] DEBUG:     NEW TSC[UE:0,AMF:0] KSI[UE:7,AMF:7] (../src/amf/gmm-handler.c:188)
11/20 19:20:30.116: [gmm] DEBUG:     OLD TAI[PLMN_ID:000000,TAC:0] (../src/amf/gmm-handler.c:232)
11/20 19:20:30.116: [gmm] DEBUG:     OLD NR_CGI[PLMN_ID:000000,CELL_ID:0x0] (../src/amf/gmm-handler.c:235)
11/20 19:20:30.116: [gmm] DEBUG:     TAI[PLMN_ID:99f907,TAC:1] (../src/amf/gmm-handler.c:238)
11/20 19:20:30.116: [gmm] DEBUG:     NR_CGI[PLMN_ID:99f907,CELL_ID:0x40001] (../src/amf/gmm-handler.c:241)
11/20 19:20:30.116: [gmm] DEBUG:     SERVED_TAI_INDEX[0] (../src/amf/gmm-handler.c:256)
11/20 19:20:30.116: [amf] DEBUG: Identity request (../src/amf/nas-path.c:328)
11/20 19:20:30.116: [gmm] DEBUG:     Identity Type 2 : SUCI (../src/amf/gmm-build.c:327)
11/20 19:20:30.116: [amf] DEBUG: DownlinkNASTransport (../src/amf/ngap-build.c:321)
11/20 19:20:30.116: [amf] DEBUG:     RAN_UE_NGAP_ID[1] AMF_UE_NGAP_ID[2] (../src/amf/ngap-build.c:365)
11/20 19:20:30.116: [amf] DEBUG:     IP[127.0.0.1] RAN_ID[16384] (../src/amf/ngap-path.c:71)
11/20 19:20:30.116: [sbi] DEBUG: MAX_CONCURRENT_STREAMS = 100 (../lib/sbi/nghttp2-server.c:747)
11/20 19:20:30.116: [amf] DEBUG: amf_state_operational(): AMF_EVENT_NGAP_MESSAGE (../src/amf/amf-sm.c:78)
11/20 19:20:30.116: [sbi] DEBUG: ENABLE_PUSH = false (../lib/sbi/nghttp2-server.c:749)
11/20 19:20:30.116: [sbi] DEBUG: STREAM added [1] (../lib/sbi/nghttp2-server.c:1122)
11/20 19:20:30.116: [amf] DEBUG: ngap_state_operational(): AMF_EVENT_NGAP_MESSAGE (../src/amf/ngap-sm.c:53)
11/20 19:20:30.116: [amf] DEBUG: UplinkNASTransport (../src/amf/ngap-handler.c:546)
11/20 19:20:30.116: [amf] DEBUG:     IP[127.0.0.1] RAN_ID[16384] (../src/amf/ngap-handler.c:569)
11/20 19:20:30.116: [amf] DEBUG:     RAN_UE_NGAP_ID[1] AMF_UE_NGAP_ID[2] TAC[1] CellID[0x40001] (../src/amf/ngap-handler.c:650)
11/20 19:20:30.116: [amf] DEBUG: amf_state_operational(): AMF_EVENT_5GMM_MESSAGE (../src/amf/amf-sm.c:78)
11/20 19:20:30.116: [sbi] DEBUG: [POST] /nausf-auth/v1/ue-authentications (../lib/sbi/nghttp2-server.c:801)
11/20 19:20:30.116: [sbi] DEBUG: RECEIVED: 110 (../lib/sbi/nghttp2-server.c:805)
11/20 19:20:30.116: [gmm] DEBUG: gmm_state_de_registered(): AMF_EVENT_5GMM_MESSAGE (../src/amf/gmm-sm.c:60)
11/20 19:20:30.116: [sbi] DEBUG: {
	"supiOrSuci":	"suci-0-999-70-0-0-0-1000000010",
	"servingNetworkName":	"5G:mnc070.mcc999.3gppnetwork.org"
} (../lib/sbi/nghttp2-server.c:806)
11/20 19:20:30.116: [gmm] INFO: Identity response (../src/amf/gmm-sm.c:263)
11/20 19:20:30.116: [gmm] INFO: [suci-0-999-70-0-0-0-0000000010]    SUCI (../src/amf/gmm-handler.c:765)
0000: 00000604 00000000 00000300 04e200     ...............
11/20 19:20:30.116: [ausf] DEBUG: ausf_state_operational(): OGS_EVENT_NAME_SBI_SERVER (../src/ausf/ausf-sm.c:52)
11/20 19:20:30.116: [sbi] DEBUG: [REF] 3 (../lib/sbi/path.c:212)
11/20 19:20:30.116: [sbi] DEBUG: [POST] http://127.0.0.11:7777/nausf-auth/v1/ue-authentications (../lib/sbi/client.c:625)
11/20 19:20:30.116: [sbi] DEBUG: SENDING...[110] (../lib/sbi/client.c:401)
11/20 19:20:30.116: [sbi] DEBUG: {
	"supiOrSuci":	"suci-0-999-70-0-0-0-0000000010",
	"servingNetworkName":	"5G:mnc070.mcc999.3gppnetwork.org"
} (../lib/sbi/client.c:403)
11/20 19:20:30.116: [gmm] DEBUG: gmm_state_de_registered(): EXIT (../src/amf/gmm-sm.c:60)
11/20 19:20:30.116: [gmm] DEBUG: gmm_state_authentication(): ENTRY (../src/amf/gmm-sm.c:532)
11/20 19:20:30.116: [ausf] DEBUG: ausf_ue_state_initial(): ENTRY (../src/ausf/ue-sm.c:32)
11/20 19:20:30.116: [ausf] DEBUG: ausf_ue_state_operational(): ENTRY (../src/ausf/ue-sm.c:64)
11/20 19:20:30.116: [ausf] DEBUG: ausf_ue_state_operational(): OGS_EVENT_NAME_SBI_SERVER (../src/ausf/ue-sm.c:64)
11/20 19:20:30.116: [sbi] DEBUG: [REF] 2 (../lib/sbi/path.c:212)
11/20 19:20:30.116: [sbi] DEBUG: [POST] http://127.0.0.12:7777/nudm-ueau/v1/suci-0-999-70-0-0-0-1000000010/security-information/generate-auth-data (../lib/sbi/client.c:625)
11/20 19:20:30.116: [sbi] DEBUG: SENDING...[120] (../lib/sbi/client.c:401)
11/20 19:20:30.116: [sbi] DEBUG: {
	"servingNetworkName":	"5G:mnc070.mcc999.3gppnetwork.org",
	"ausfInstanceId":	"70c00fb2-694b-41ed-a1ea-09418c35a6fb"
} (../lib/sbi/client.c:403)
11/20 19:20:30.116: [sbi] DEBUG: MAX_CONCURRENT_STREAMS = 100 (../lib/sbi/nghttp2-server.c:747)
11/20 19:20:30.116: [sbi] DEBUG: ENABLE_PUSH = false (../lib/sbi/nghttp2-server.c:749)
11/20 19:20:30.116: [sbi] DEBUG: MAX_CONCURRENT_STREAMS = 100 (../lib/sbi/nghttp2-server.c:747)
11/20 19:20:30.116: [sbi] DEBUG: ENABLE_PUSH = false (../lib/sbi/nghttp2-server.c:749)
11/20 19:20:30.116: [sbi] DEBUG: STREAM added [1] (../lib/sbi/nghttp2-server.c:1122)
11/20 19:20:30.116: [sbi] DEBUG: MAX_CONCURRENT_STREAMS = 100 (../lib/sbi/nghttp2-server.c:747)
11/20 19:20:30.116: [sbi] DEBUG: ENABLE_PUSH = false (../lib/sbi/nghttp2-server.c:749)
11/20 19:20:30.116: [sbi] DEBUG: STREAM added [1] (../lib/sbi/nghttp2-server.c:1122)
11/20 19:20:30.116: [sbi] DEBUG: [POST] /nudm-ueau/v1/suci-0-999-70-0-0-0-1000000010/security-information/generate-auth-data (../lib/sbi/nghttp2-server.c:801)
11/20 19:20:30.116: [sbi] DEBUG: RECEIVED: 120 (../lib/sbi/nghttp2-server.c:805)
11/20 19:20:30.116: [sbi] DEBUG: {
	"servingNetworkName":	"5G:mnc070.mcc999.3gppnetwork.org",
	"ausfInstanceId":	"70c00fb2-694b-41ed-a1ea-09418c35a6fb"
} (../lib/sbi/nghttp2-server.c:806)
11/20 19:20:30.116: [sbi] DEBUG: [POST] /nausf-auth/v1/ue-authentications (../lib/sbi/nghttp2-server.c:801)
0000: 00000604 00000000 00000300 04e200     ...............
11/20 19:20:30.116: [sbi] DEBUG: RECEIVED: 110 (../lib/sbi/nghttp2-server.c:805)
11/20 19:20:30.116: [udm] DEBUG: udm_state_operational(): OGS_EVENT_NAME_SBI_SERVER (../src/udm/udm-sm.c:53)
11/20 19:20:30.116: [sbi] DEBUG: {
	"supiOrSuci":	"suci-0-999-70-0-0-0-0000000010",
	"servingNetworkName":	"5G:mnc070.mcc999.3gppnetwork.org"
} (../lib/sbi/nghttp2-server.c:806)
0000: 00000604 00000000 00000300 04e200     ...............
11/20 19:20:30.117: [udm] DEBUG: udm_ue_state_operational(): ENTRY (../src/udm/ue-sm.c:46)
11/20 19:20:30.117: [udm] DEBUG: udm_ue_state_operational(): OGS_EVENT_NAME_SBI_SERVER (../src/udm/ue-sm.c:46)
11/20 19:20:30.117: [ausf] DEBUG: ausf_state_operational(): OGS_EVENT_NAME_SBI_SERVER (../src/ausf/ausf-sm.c:52)
11/20 19:20:30.117: [sbi] DEBUG: [REF] 2 (../lib/sbi/path.c:212)
11/20 19:20:30.117: [ausf] DEBUG: ausf_ue_state_initial(): ENTRY (../src/ausf/ue-sm.c:32)
11/20 19:20:30.117: [ausf] DEBUG: ausf_ue_state_operational(): ENTRY (../src/ausf/ue-sm.c:64)
11/20 19:20:30.117: [sbi] DEBUG: [GET] http://127.0.0.20:7777/nudr-dr/v1/subscription-data/imsi-999701000000010/authentication-data/authentication-subscription (../lib/sbi/client.c:625)
11/20 19:20:30.117: [ausf] DEBUG: ausf_ue_state_operational(): OGS_EVENT_NAME_SBI_SERVER (../src/ausf/ue-sm.c:64)
11/20 19:20:30.117: [sbi] DEBUG: [REF] 3 (../lib/sbi/path.c:212)
11/20 19:20:30.117: [sbi] DEBUG: [POST] http://127.0.0.12:7777/nudm-ueau/v1/suci-0-999-70-0-0-0-0000000010/security-information/generate-auth-data (../lib/sbi/client.c:625)
11/20 19:20:30.117: [sbi] DEBUG: MAX_CONCURRENT_STREAMS = 100 (../lib/sbi/nghttp2-server.c:747)
11/20 19:20:30.117: [sbi] DEBUG: ENABLE_PUSH = false (../lib/sbi/nghttp2-server.c:749)
11/20 19:20:30.117: [sbi] DEBUG: SENDING...[120] (../lib/sbi/client.c:401)
11/20 19:20:30.117: [sbi] DEBUG: {
	"servingNetworkName":	"5G:mnc070.mcc999.3gppnetwork.org",
	"ausfInstanceId":	"70c00fb2-694b-41ed-a1ea-09418c35a6fb"
} (../lib/sbi/client.c:403)
11/20 19:20:30.117: [sbi] DEBUG: MAX_CONCURRENT_STREAMS = 100 (../lib/sbi/nghttp2-server.c:747)
11/20 19:20:30.117: [sbi] DEBUG: ENABLE_PUSH = false (../lib/sbi/nghttp2-server.c:749)
11/20 19:20:30.117: [sbi] DEBUG: MAX_CONCURRENT_STREAMS = 100 (../lib/sbi/nghttp2-server.c:747)
11/20 19:20:30.117: [sbi] DEBUG: ENABLE_PUSH = false (../lib/sbi/nghttp2-server.c:749)
11/20 19:20:30.117: [sbi] DEBUG: STREAM added [1] (../lib/sbi/nghttp2-server.c:1122)
11/20 19:20:30.117: [sbi] DEBUG: [POST] /nudm-ueau/v1/suci-0-999-70-0-0-0-0000000010/security-information/generate-auth-data (../lib/sbi/nghttp2-server.c:801)
11/20 19:20:30.117: [sbi] DEBUG: RECEIVED: 120 (../lib/sbi/nghttp2-server.c:805)
11/20 19:20:30.117: [sbi] DEBUG: {
	"servingNetworkName":	"5G:mnc070.mcc999.3gppnetwork.org",
	"ausfInstanceId":	"70c00fb2-694b-41ed-a1ea-09418c35a6fb"
} (../lib/sbi/nghttp2-server.c:806)
0000: 00000604 00000000 00000300 04e200     ...............
11/20 19:20:30.117: [udm] DEBUG: udm_state_operational(): OGS_EVENT_NAME_SBI_SERVER (../src/udm/udm-sm.c:53)
11/20 19:20:30.117: [udm] DEBUG: udm_ue_state_operational(): ENTRY (../src/udm/ue-sm.c:46)
11/20 19:20:30.117: [udm] DEBUG: udm_ue_state_operational(): OGS_EVENT_NAME_SBI_SERVER (../src/udm/ue-sm.c:46)
11/20 19:20:30.117: [sbi] DEBUG: [REF] 3 (../lib/sbi/path.c:212)
11/20 19:20:30.117: [sbi] DEBUG: MAX_CONCURRENT_STREAMS = 100 (../lib/sbi/nghttp2-server.c:747)
11/20 19:20:30.117: [sbi] DEBUG: [GET] http://127.0.0.20:7777/nudr-dr/v1/subscription-data/imsi-999700000000010/authentication-data/authentication-subscription (../lib/sbi/client.c:625)
11/20 19:20:30.117: [sbi] DEBUG: ENABLE_PUSH = false (../lib/sbi/nghttp2-server.c:749)
11/20 19:20:30.117: [sbi] DEBUG: STREAM added [1] (../lib/sbi/nghttp2-server.c:1122)
11/20 19:20:30.117: [sbi] DEBUG: MAX_CONCURRENT_STREAMS = 100 (../lib/sbi/nghttp2-server.c:747)
11/20 19:20:30.117: [sbi] DEBUG: ENABLE_PUSH = false (../lib/sbi/nghttp2-server.c:749)
11/20 19:20:30.117: [sbi] DEBUG: [GET] /nudr-dr/v1/subscription-data/imsi-999701000000010/authentication-data/authentication-subscription (../lib/sbi/nghttp2-server.c:801)
0000: 00000604 00000000 00000300 04e200     ...............
11/20 19:20:30.117: [udr] DEBUG: udr_state_operational(): OGS_EVENT_NAME_SBI_SERVER (../src/udr/udr-sm.c:51)
11/20 19:20:30.118: [sbi] DEBUG: STATUS [200] (../lib/sbi/nghttp2-server.c:357)
11/20 19:20:30.118: [sbi] DEBUG: SENDING...: 234 (../lib/sbi/nghttp2-server.c:365)
11/20 19:20:30.118: [sbi] DEBUG: {
	"authenticationMethod":	"5G_AKA",
	"encPermanentKey":	"465b5ce8b199b49faa5f0a2ee238a6bc",
	"sequenceNumber":	{
		"sqn":	"000000000040"
	},
	"authenticationManagementField":	"8000",
	"encOpcKey":	"e8ed289deba952e4283b54e88e6183ca"
} (../lib/sbi/nghttp2-server.c:366)
11/20 19:20:30.118: [sbi] DEBUG: STREAM closed [1] (../lib/sbi/nghttp2-server.c:852)
11/20 19:20:30.118: [sbi] DEBUG: MAX_CONCURRENT_STREAMS = 100 (../lib/sbi/nghttp2-server.c:747)
11/20 19:20:30.118: [sbi] DEBUG: ENABLE_PUSH = false (../lib/sbi/nghttp2-server.c:749)
0000: 00000004 01000000 00                  .........
0000: 00003901 04000000 0188768b d5596a6f   ..9.......v..Yjo
0010: 16e53b89 76d76f61 96d07abe 941054d2   ..;.v.oa..z...T.
0020: 7eea0802 128066e0 81719029 8b46ff0f   ~.....f..q.).F..
0030: 0d033233 345f8b1d 75d0620d 263d4c74   ..234_..u.b.&=Lt
0040: 41ea                                  A.
11/20 19:20:30.118: [sbi] DEBUG: MAX_CONCURRENT_STREAMS = 100 (../lib/sbi/nghttp2-server.c:747)
11/20 19:20:30.118: [sbi] DEBUG: ENABLE_PUSH = false (../lib/sbi/nghttp2-server.c:749)
11/20 19:20:30.118: [sbi] DEBUG: STREAM added [1] (../lib/sbi/nghttp2-server.c:1122)
11/20 19:20:30.118: [sbi] DEBUG: [GET] /nudr-dr/v1/subscription-data/imsi-999700000000010/authentication-data/authentication-subscription (../lib/sbi/nghttp2-server.c:801)
0000: 00000604 00000000 00000300 04e200     ...............
11/20 19:20:30.118: [udr] DEBUG: udr_state_operational(): OGS_EVENT_NAME_SBI_SERVER (../src/udr/udr-sm.c:51)
11/20 19:20:30.118: [dbi] INFO: [imsi-999700000000010] Cannot find IMSI in DB (../lib/dbi/subscription.c:56)
11/20 19:20:30.118: [udr] WARNING: [imsi-999700000000010] Cannot find SUPI in DB (../src/udr/nudr-handler.c:68)
11/20 19:20:30.118: [sbi] DEBUG: STATUS [404] (../lib/sbi/nghttp2-server.c:357)
11/20 19:20:30.118: [sbi] DEBUG: SENDING...: 168 (../lib/sbi/nghttp2-server.c:365)
11/20 19:20:30.118: [sbi] DEBUG: {
	"type":	"/nudr-dr/v1",
	"title":	"Cannot find SUPI Type",
	"status":	404,
	"detail":	"imsi-999700000000010",
	"instance":	"/subscription-data/imsi-999700000000010"
} (../lib/sbi/nghttp2-server.c:366)
11/20 19:20:30.118: [sbi] DEBUG: STREAM closed [1] (../lib/sbi/nghttp2-server.c:852)
11/20 19:20:30.118: [sbi] DEBUG: [200:GET] http://127.0.0.20:7777/nudr-dr/v1/subscription-data/imsi-999701000000010/authentication-data/authentication-subscription (../lib/sbi/client.c:573)
11/20 19:20:30.118: [sbi] DEBUG: RECEIVED[234] (../lib/sbi/client.c:584)
11/20 19:20:30.118: [sbi] DEBUG: {
	"authenticationMethod":	"5G_AKA",
	"encPermanentKey":	"465b5ce8b199b49faa5f0a2ee238a6bc",
	"sequenceNumber":	{
		"sqn":	"000000000040"
	},
	"authenticationManagementField":	"8000",
	"encOpcKey":	"e8ed289deba952e4283b54e88e6183ca"
} (../lib/sbi/client.c:586)
11/20 19:20:30.118: [udm] DEBUG: udm_state_operational(): OGS_EVENT_NAME_SBI_CLIENT (../src/udm/udm-sm.c:53)
0000: 0000ea00 01000000 017b0a09 22617574   .........{.."aut
0010: 68656e74 69636174 696f6e4d 6574686f   henticationMetho
0020: 64223a09 2235475f 414b4122 2c0a0922   d":."5G_AKA",.."
0030: 656e6350 65726d61 6e656e74 4b657922   encPermanentKey"
0040: 3a092234 36356235 63653862 31393962   :."465b5ce8b199b
0050: 34396661 61356630 61326565 32333861   49faa5f0a2ee238a
0060: 36626322 2c0a0922 73657175 656e6365   6bc",.."sequence
0070: 4e756d62 6572223a 097b0a09 09227371   Number":.{..."sq
0080: 6e223a09 22303030 30303030 30303034   n":."00000000004
0090: 30220a09 7d2c0a09 22617574 68656e74   0"..},.."authent
00a0: 69636174 696f6e4d 616e6167 656d656e   icationManagemen
00b0: 74466965 6c64223a 09223830 3030222c   tField":."8000",
00c0: 0a092265 6e634f70 634b6579 223a0922   .."encOpcKey":."
00d0: 65386564 32383964 65626139 35326534   e8ed289deba952e4
00e0: 32383362 35346538 38653631 38336361   283b54e88e6183ca
00f0: 220a7d                                ".}
11/20 19:20:30.118: [udm] DEBUG: udm_ue_state_operational(): OGS_EVENT_NAME_SBI_CLIENT (../src/udm/ue-sm.c:46)
11/20 19:20:30.118: [sbi] DEBUG: MAX_CONCURRENT_STREAMS = 100 (../lib/sbi/nghttp2-server.c:747)
11/20 19:20:30.118: [sbi] DEBUG: ENABLE_PUSH = false (../lib/sbi/nghttp2-server.c:749)
0000: 00000004 01000000 00                  .........
11/20 19:20:30.119: [sbi] DEBUG: STATUS [200] (../lib/sbi/nghttp2-server.c:357)
11/20 19:20:30.119: [sbi] DEBUG: SENDING...: 301 (../lib/sbi/nghttp2-server.c:365)
11/20 19:20:30.119: [sbi] DEBUG: {
	"authType":	"5G_AKA",
	"authenticationVector":	{
		"avType":	"5G_HE_AKA",
		"rand":	"444d4e3a03eb757bd7374a6712de025f",
		"autn":	"56ecf869ab9180000d130bcf4aa6f643",
		"xresStar":	"90f395105d5ed7281e0c8eef02436449",
		"kausf":	"77608682386fc003ea5cd6195abd94d4a09864fa9929e28c3bbb9c2bf84fd5b1"
	}
} (../lib/sbi/nghttp2-server.c:366)
0000: 00004001 04000000 018d768b d5596a6f   ..@.......v..Yjo
0010: 16e53b89 76d76f61 96d07abe 941054d2   ..;.v.oa..z...T.
0020: 7eea0802 128066e0 81719029 8b46ff0f   ~.....f..q.).F..
0030: 0d033136 385f921d 75d0620d 263d4c57   ..168_..u.b.&=LW
0040: 61e3a0b4 ffbe883d 5f                  a......=_
11/20 19:20:30.119: [sbi] DEBUG: STREAM closed [1] (../lib/sbi/nghttp2-server.c:852)
11/20 19:20:30.119: [sbi] DEBUG: [404:GET] http://127.0.0.20:7777/nudr-dr/v1/subscription-data/imsi-999700000000010/authentication-data/authentication-subscription (../lib/sbi/client.c:573)
11/20 19:20:30.119: [sbi] DEBUG: RECEIVED[168] (../lib/sbi/client.c:584)
11/20 19:20:30.119: [sbi] DEBUG: {
	"type":	"/nudr-dr/v1",
	"title":	"Cannot find SUPI Type",
	"status":	404,
	"detail":	"imsi-999700000000010",
	"instance":	"/subscription-data/imsi-999700000000010"
} (../lib/sbi/client.c:586)
0000: 0000a800 01000000 017b0a09 22747970   .........{.."typ
0010: 65223a09 222f6e75 64722d64 722f7631   e":."/nudr-dr/v1
0020: 222c0a09 22746974 6c65223a 09224361   ",.."title":."Ca
0030: 6e6e6f74 2066696e 64205355 50492054   nnot find SUPI T
0040: 79706522 2c0a0922 73746174 7573223a   ype",.."status":
0050: 09343034 2c0a0922 64657461 696c223a   .404,.."detail":
0060: 0922696d 73692d39 39393730 30303030   ."imsi-999700000
0070: 30303030 3130222c 0a092269 6e737461   000010",.."insta
0080: 6e636522 3a09222f 73756273 63726970   nce":."/subscrip
0090: 74696f6e 2d646174 612f696d 73692d39   tion-data/imsi-9
00a0: 39393730 30303030 30303030 3130220a   99700000000010".
00b0: 7d                                    }
0000: 00000004 01000000 00                  .........
11/20 19:20:30.119: [udm] DEBUG: udm_state_operational(): OGS_EVENT_NAME_SBI_CLIENT (../src/udm/udm-sm.c:53)
11/20 19:20:30.119: [udm] DEBUG: udm_ue_state_operational(): OGS_EVENT_NAME_SBI_CLIENT (../src/udm/ue-sm.c:46)
11/20 19:20:30.119: [udm] WARNING: [suci-0-999-70-0-0-0-0000000010] HTTP response error [404] (../src/udm/nudr-handler.c:86)
11/20 19:20:30.119: [sbi] DEBUG: STATUS [404] (../lib/sbi/nghttp2-server.c:357)
11/20 19:20:30.119: [sbi] DEBUG: SENDING...: 170 (../lib/sbi/nghttp2-server.c:365)
11/20 19:20:30.119: [sbi] DEBUG: {
	"type":	"/nudr-dr/v1",
	"title":	"[suci-0-999-70-0-0-0-0000000010] HTTP response error [404]",
	"status":	404,
	"instance":	"/subscription-data/imsi-999700000000010"
} (../lib/sbi/nghttp2-server.c:366)
11/20 19:20:30.119: [sbi] DEBUG: STREAM closed [1] (../lib/sbi/nghttp2-server.c:852)
0000: 00003801 04000000 0188768b d5596a6f   ..8.......v..Yjo
0010: 16e53b89 76d76f61 96d07abe 941054d2   ..;.v.oa..z...T.
0020: 7eea0802 128066e0 81719029 8b46ff0f   ~.....f..q.).F..
0030: 0d826401 5f8b1d75 d0620d26 3d4c7441   ..d._..u.b.&=LtA
0040: ea                                    .
0000: 00000004 01000000 00                  .........
11/20 19:20:30.119: [sbi] DEBUG: [200:POST] http://127.0.0.12:7777/nudm-ueau/v1/suci-0-999-70-0-0-0-1000000010/security-information/generate-auth-data (../lib/sbi/client.c:573)
11/20 19:20:30.119: [sbi] DEBUG: RECEIVED[301] (../lib/sbi/client.c:584)
11/20 19:20:30.119: [sbi] DEBUG: {
	"authType":	"5G_AKA",
	"authenticationVector":	{
		"avType":	"5G_HE_AKA",
		"rand":	"444d4e3a03eb757bd7374a6712de025f",
		"autn":	"56ecf869ab9180000d130bcf4aa6f643",
		"xresStar":	"90f395105d5ed7281e0c8eef02436449",
		"kausf":	"77608682386fc003ea5cd6195abd94d4a09864fa9929e28c3bbb9c2bf84fd5b1"
	}
} (../lib/sbi/client.c:586)
11/20 19:20:30.119: [ausf] DEBUG: ausf_state_operational(): OGS_EVENT_NAME_SBI_CLIENT (../src/ausf/ausf-sm.c:52)
0000: 00012d00 01000000 017b0a09 22617574   ..-......{.."aut
0010: 68547970 65223a09 2235475f 414b4122   hType":."5G_AKA"
0020: 2c0a0922 61757468 656e7469 63617469   ,.."authenticati
0030: 6f6e5665 63746f72 223a097b 0a090922   onVector":.{..."
0040: 61765479 7065223a 09223547 5f48455f   avType":."5G_HE_
0050: 414b4122 2c0a0909 2272616e 64223a09   AKA",..."rand":.
0060: 22343434 64346533 61303365 62373537   "444d4e3a03eb757
0070: 62643733 37346136 37313264 65303235   bd7374a6712de025
0080: 66222c0a 09092261 75746e22 3a092235   f",..."autn":."5
0090: 36656366 38363961 62393138 30303030   6ecf869ab9180000
00a0: 64313330 62636634 61613666 36343322   d130bcf4aa6f643"
00b0: 2c0a0909 22787265 73537461 72223a09   ,..."xresStar":.
00c0: 22393066 33393531 30356435 65643732   "90f395105d5ed72
00d0: 38316530 63386565 66303234 33363434   81e0c8eef0243644
00e0: 39222c0a 0909226b 61757366 223a0922   9",..."kausf":."
00f0: 37373630 38363832 33383666 63303033   77608682386fc003
0100: 65613563 64363139 35616264 39346434   ea5cd6195abd94d4
0110: 61303938 36346661 39393239 65323863   a09864fa9929e28c
0120: 33626262 39633262 66383466 64356231   3bbb9c2bf84fd5b1
0130: 220a097d 0a7d                         "..}.}
11/20 19:20:30.119: [ausf] DEBUG: ausf_ue_state_operational(): OGS_EVENT_NAME_SBI_CLIENT (../src/ausf/ue-sm.c:64)
0000: 00003f01 04000000 018d768b d5596a6f   ..?.......v..Yjo
0010: 16e53b89 76d76f61 96d07abe 941054d2   ..;.v.oa..z...T.
0020: 7eea0802 128066e0 81719029 8b46ff0f   ~.....f..q.).F..
0030: 0d820ba0 5f921d75 d0620d26 3d4c5761   ...._..u.b.&=LWa
0040: e3a0b4ff be883d5f                     ......=_
11/20 19:20:30.119: [sbi] DEBUG: STATUS [201] (../lib/sbi/nghttp2-server.c:357)
0000: 0000aa00 01000000 017b0a09 22747970   .........{.."typ
0010: 65223a09 222f6e75 64722d64 722f7631   e":."/nudr-dr/v1
0020: 222c0a09 22746974 6c65223a 09225b73   ",.."title":."[s
0030: 7563692d 302d3939 392d3730 2d302d30   uci-0-999-70-0-0
0040: 2d302d30 30303030 30303031 305d2048   -0-0000000010] H
0050: 54545020 72657370 6f6e7365 20657272   TTP response err
0060: 6f72205b 3430345d 222c0a09 22737461   or [404]",.."sta
0070: 74757322 3a093430 342c0a09 22696e73   tus":.404,.."ins
0080: 74616e63 65223a09 222f7375 62736372   tance":."/subscr
0090: 69707469 6f6e2d64 6174612f 696d7369   iption-data/imsi
00a0: 2d393939 37303030 30303030 30303130   -999700000000010
00b0: 220a7d                                ".}
11/20 19:20:30.119: [sbi] DEBUG: SENDING...: 314 (../lib/sbi/nghttp2-server.c:365)
11/20 19:20:30.119: [sbi] DEBUG: {
	"authType":	"5G_AKA",
	"5gAuthData":	{
		"rand":	"444d4e3a03eb757bd7374a6712de025f",
		"hxresStar":	"6201db07739db6c2cfd1122ce72cc00b",
		"autn":	"56ecf869ab9180000d130bcf4aa6f643"
	},
	"_links":	{
		"5g-aka":	{
			"href":	"http://127.0.0.11:7777/nausf-auth/v1/ue-authentications/1/5g-aka-confirmation"
		}
	}
} (../lib/sbi/nghttp2-server.c:366)
11/20 19:20:30.119: [sbi] DEBUG: STREAM closed [1] (../lib/sbi/nghttp2-server.c:852)
11/20 19:20:30.119: [sbi] DEBUG: [404:POST] http://127.0.0.12:7777/nudm-ueau/v1/suci-0-999-70-0-0-0-0000000010/security-information/generate-auth-data (../lib/sbi/client.c:573)
11/20 19:20:30.119: [sbi] DEBUG: RECEIVED[170] (../lib/sbi/client.c:584)
11/20 19:20:30.119: [sbi] DEBUG: {
	"type":	"/nudr-dr/v1",
	"title":	"[suci-0-999-70-0-0-0-0000000010] HTTP response error [404]",
	"status":	404,
	"instance":	"/subscription-data/imsi-999700000000010"
} (../lib/sbi/client.c:586)
0000: 00000004 01000000 00                  .........
11/20 19:20:30.119: [ausf] DEBUG: ausf_state_operational(): OGS_EVENT_NAME_SBI_CLIENT (../src/ausf/ausf-sm.c:52)
11/20 19:20:30.119: [ausf] DEBUG: ausf_ue_state_operational(): OGS_EVENT_NAME_SBI_CLIENT (../src/ausf/ue-sm.c:64)
11/20 19:20:30.119: [ausf] WARNING: [suci-0-999-70-0-0-0-0000000010] Cannot find SUPI [404] (../src/ausf/ue-sm.c:127)
11/20 19:20:30.119: [sbi] DEBUG: STATUS [404] (../lib/sbi/nghttp2-server.c:357)
11/20 19:20:30.119: [sbi] DEBUG: SENDING...: 96 (../lib/sbi/nghttp2-server.c:365)
11/20 19:20:30.119: [sbi] DEBUG: {
	"title":	"HTTP response error",
	"status":	404,
	"detail":	"suci-0-999-70-0-0-0-0000000010"
} (../lib/sbi/nghttp2-server.c:366)
11/20 19:20:30.119: [sbi] DEBUG: STREAM closed [1] (../lib/sbi/nghttp2-server.c:852)
0000: 00006e01 04000000 01488210 03768bd5   ..n......H...v..
0010: 596a6f16 e53b8976 d76f6196 d07abe94   Yjo..;.v.oa..z..
0020: 1054d27e ea080212 8066e081 7190298b   .T.~.....f..q.).
0030: 46ff0f0d 03333134 5f921d75 d0620d26   F....314_..u.b.&
0040: 3d4c3335 75e31d1f efa20f57 0f1fa89d   =L35u......W....
0050: 29aee30c 044eae05 c0b84371 d75d758a   )....N....Cq.]u.
0060: 876a2558 76a6763b 858b4ab0 ed4ce5a9   .j%Xv.v;..J..L..
0070: 2620d263 d48603                       & .c...
0000: 00000004 01000000 00                  .........
11/20 19:20:30.119: [sbi] DEBUG: [201:POST] http://127.0.0.11:7777/nausf-auth/v1/ue-authentications (../lib/sbi/client.c:573)
11/20 19:20:30.119: [sbi] DEBUG: RECEIVED[314] (../lib/sbi/client.c:584)
11/20 19:20:30.119: [sbi] DEBUG: {
	"authType":	"5G_AKA",
	"5gAuthData":	{
		"rand":	"444d4e3a03eb757bd7374a6712de025f",
		"hxresStar":	"6201db07739db6c2cfd1122ce72cc00b",
		"autn":	"56ecf869ab9180000d130bcf4aa6f643"
	},
	"_links":	{
		"5g-aka":	{
			"href":	"http://127.0.0.11:7777/nausf-auth/v1/ue-authentications/1/5g-aka-confirmation"
		}
	}
} (../lib/sbi/client.c:586)
0000: 00013a00 01000000 017b0a09 22617574   ..:......{.."aut
0010: 68547970 65223a09 2235475f 414b4122   hType":."5G_AKA"
0020: 2c0a0922 35674175 74684461 7461223a   ,.."5gAuthData":
0030: 097b0a09 09227261 6e64223a 09223434   .{..."rand":."44
0040: 34643465 33613033 65623735 37626437   4d4e3a03eb757bd7
0050: 33373461 36373132 64653032 3566222c   374a6712de025f",
0060: 0a090922 68787265 73537461 72223a09   ..."hxresStar":.
0070: 22363230 31646230 37373339 64623663   "6201db07739db6c
0080: 32636664 31313232 63653732 63633030   2cfd1122ce72cc00
0090: 62222c0a 09092261 75746e22 3a092235   b",..."autn":."5
00a0: 36656366 38363961 62393138 30303030   6ecf869ab9180000
00b0: 64313330 62636634 61613666 36343322   d130bcf4aa6f643"
00c0: 0a097d2c 0a09225f 6c696e6b 73223a09   ..},.."_links":.
00d0: 7b0a0909 2235672d 616b6122 3a097b0a   {..."5g-aka":.{.
00e0: 09090922 68726566 223a0922 68747470   ..."href":."http
00f0: 3a2f2f31 32372e30 2e302e31 313a3737   ://127.0.0.11:77
0100: 37372f6e 61757366 2d617574 682f7631   77/nausf-auth/v1
0110: 2f75652d 61757468 656e7469 63617469   /ue-authenticati
0120: 6f6e732f 312f3567 2d616b61 2d636f6e   ons/1/5g-aka-con
0130: 6669726d 6174696f 6e220a09 097d0a09   firmation"...}..
0140: 7d0a7d                                }.}
11/20 19:20:30.119: [amf] DEBUG: amf_state_operational(): OGS_EVENT_NAME_SBI_CLIENT (../src/amf/amf-sm.c:78)
0000: 00003f01 04000000 018d768b d5596a6f   ..?.......v..Yjo
0010: 16e53b89 76d76f61 96d07abe 941054d2   ..;.v.oa..z...T.
0020: 7eea0802 128066e0 81719029 8b46ff0f   ~.....f..q.).F..
0030: 0d023936 5f921d75 d0620d26 3d4c5761   ..96_..u.b.&=LWa
0040: e3a0b4ff be883d5f                     ......=_
11/20 19:20:30.119: [gmm] DEBUG: gmm_state_authentication(): OGS_EVENT_NAME_SBI_CLIENT (../src/amf/gmm-sm.c:532)
11/20 19:20:30.119: [amf] DEBUG: [suci-0-999-70-0-0-0-1000000010] Authentication request (../src/amf/nas-path.c:356)
0000: 00006000 01000000 017b0a09 22746974   ..`......{.."tit
0010: 6c65223a 09224854 54502072 6573706f   le":."HTTP respo
0020: 6e736520 6572726f 72222c0a 09227374   nse error",.."st
0030: 61747573 223a0934 30342c0a 09226465   atus":.404,.."de
0040: 7461696c 223a0922 73756369 2d302d39   tail":."suci-0-9
0050: 39392d37 302d302d 302d302d 30303030   99-70-0-0-0-0000
0060: 30303030 3130220a 7d                  000010".}
11/20 19:20:30.119: [amf] DEBUG: DownlinkNASTransport (../src/amf/ngap-build.c:321)
11/20 19:20:30.119: [amf] DEBUG:     RAN_UE_NGAP_ID[1] AMF_UE_NGAP_ID[1] (../src/amf/ngap-build.c:365)
11/20 19:20:30.120: [amf] DEBUG:     IP[127.0.0.1] RAN_ID[16384] (../src/amf/ngap-path.c:71)
11/20 19:20:30.120: [sbi] DEBUG: [404:POST] http://127.0.0.11:7777/nausf-auth/v1/ue-authentications (../lib/sbi/client.c:573)
11/20 19:20:30.120: [sbi] DEBUG: RECEIVED[96] (../lib/sbi/client.c:584)
11/20 19:20:30.120: [sbi] DEBUG: {
	"title":	"HTTP response error",
	"status":	404,
	"detail":	"suci-0-999-70-0-0-0-0000000010"
} (../lib/sbi/client.c:586)
11/20 19:20:30.120: [amf] DEBUG: amf_state_operational(): OGS_EVENT_NAME_SBI_CLIENT (../src/amf/amf-sm.c:78)
11/20 19:20:30.120: [gmm] DEBUG: gmm_state_authentication(): OGS_EVENT_NAME_SBI_CLIENT (../src/amf/gmm-sm.c:532)
11/20 19:20:30.120: [gmm] WARNING: [suci-0-999-70-0-0-0-0000000010] Cannot find SUCI [404] (../src/amf/gmm-sm.c:703)
11/20 19:20:30.120: [amf] WARNING: [suci-0-999-70-0-0-0-0000000010] Registration reject [11] (../src/amf/nas-path.c:163)
11/20 19:20:30.120: [amf] DEBUG: DownlinkNASTransport (../src/amf/ngap-build.c:321)
11/20 19:20:30.120: [amf] DEBUG:     RAN_UE_NGAP_ID[1] AMF_UE_NGAP_ID[2] (../src/amf/ngap-build.c:365)
11/20 19:20:30.120: [amf] DEBUG:     IP[127.0.0.1] RAN_ID[16384] (../src/amf/ngap-path.c:71)
11/20 19:20:30.120: [gmm] DEBUG: gmm_state_authentication(): EXIT (../src/amf/gmm-sm.c:532)
11/20 19:20:30.120: [gmm] DEBUG: gmm_state_exception(): ENTRY (../src/amf/gmm-sm.c:1292)
11/20 19:20:30.120: [amf] DEBUG: UEContextReleaseCommand (../src/amf/ngap-path.c:322)
11/20 19:20:30.120: [amf] DEBUG:     RAN_UE_NGAP_ID[1] AMF_UE_NGAP_ID[2] (../src/amf/ngap-path.c:324)
11/20 19:20:30.120: [amf] DEBUG:     Group[3] Cause[0] Action[3] Duration[0] (../src/amf/ngap-path.c:330)
11/20 19:20:30.120: [amf] DEBUG: UEContextReleaseCommand (../src/amf/ngap-build.c:1084)
11/20 19:20:30.120: [amf] DEBUG:     IP[127.0.0.1] RAN_ID[16384] (../src/amf/ngap-path.c:71)
11/20 19:20:30.120: [amf] DEBUG:     SUPI[(null)] (../src/amf/ngap-path.c:355)
11/20 19:20:30.120: [amf] DEBUG: amf_state_operational(): AMF_EVENT_NGAP_MESSAGE (../src/amf/amf-sm.c:78)
11/20 19:20:30.120: [amf] DEBUG: ngap_state_operational(): AMF_EVENT_NGAP_MESSAGE (../src/amf/ngap-sm.c:53)
11/20 19:20:30.120: [amf] DEBUG: UplinkNASTransport (../src/amf/ngap-handler.c:546)
11/20 19:20:30.120: [amf] DEBUG:     IP[127.0.0.1] RAN_ID[16384] (../src/amf/ngap-handler.c:569)
11/20 19:20:30.120: [amf] DEBUG:     RAN_UE_NGAP_ID[1] AMF_UE_NGAP_ID[1] TAC[1] CellID[0x40001] (../src/amf/ngap-handler.c:650)
11/20 19:20:30.120: [amf] DEBUG: amf_state_operational(): AMF_EVENT_5GMM_MESSAGE (../src/amf/amf-sm.c:78)
11/20 19:20:30.120: [gmm] DEBUG: gmm_state_authentication(): AMF_EVENT_5GMM_MESSAGE (../src/amf/gmm-sm.c:532)
11/20 19:20:30.120: [gmm] DEBUG: [suci-0-999-70-0-0-0-1000000010] Authentication response (../src/amf/gmm-handler.c:695)
11/20 19:20:30.120: [sock] DEBUG: addr:127.0.0.11, port:7777 (../lib/core/ogs-sockaddr.c:140)
11/20 19:20:30.121: [sbi] DEBUG: [PUT] http://127.0.0.11:7777/nausf-auth/v1/ue-authentications/1/5g-aka-confirmation (../lib/sbi/client.c:625)
11/20 19:20:30.121: [sbi] DEBUG: SENDING...[50] (../lib/sbi/client.c:401)
11/20 19:20:30.121: [sbi] DEBUG: {
	"resStar":	"90f395105d5ed7281e0c8eef02436449"
} (../lib/sbi/client.c:403)
11/20 19:20:30.121: [sbi] DEBUG: STREAM added [3] (../lib/sbi/nghttp2-server.c:1122)
11/20 19:20:30.121: [sbi] DEBUG: [PUT] /nausf-auth/v1/ue-authentications/1/5g-aka-confirmation (../lib/sbi/nghttp2-server.c:801)
11/20 19:20:30.121: [sbi] DEBUG: RECEIVED: 50 (../lib/sbi/nghttp2-server.c:805)
11/20 19:20:30.121: [sbi] DEBUG: {
	"resStar":	"90f395105d5ed7281e0c8eef02436449"
} (../lib/sbi/nghttp2-server.c:806)
11/20 19:20:30.121: [ausf] DEBUG: ausf_state_operational(): OGS_EVENT_NAME_SBI_SERVER (../src/ausf/ausf-sm.c:52)
11/20 19:20:30.121: [amf] DEBUG: amf_state_operational(): AMF_EVENT_NGAP_MESSAGE (../src/amf/amf-sm.c:78)
11/20 19:20:30.121: [ausf] DEBUG: ausf_ue_state_operational(): OGS_EVENT_NAME_SBI_SERVER (../src/ausf/ue-sm.c:64)
11/20 19:20:30.121: [amf] DEBUG: ngap_state_operational(): AMF_EVENT_NGAP_MESSAGE (../src/amf/ngap-sm.c:53)
11/20 19:20:30.121: [amf] DEBUG: UplinkNASTransport (../src/amf/ngap-handler.c:546)
11/20 19:20:30.121: [sbi] DEBUG: [POST] http://127.0.0.12:7777/nudm-ueau/v1/imsi-999701000000010/auth-events (../lib/sbi/client.c:625)
11/20 19:20:30.121: [amf] DEBUG:     IP[127.0.0.1] RAN_ID[16384] (../src/amf/ngap-handler.c:569)
11/20 19:20:30.121: [amf] DEBUG:     RAN_UE_NGAP_ID[1] AMF_UE_NGAP_ID[2] TAC[1] CellID[0x40001] (../src/amf/ngap-handler.c:650)
11/20 19:20:30.121: [amf] DEBUG: amf_state_operational(): AMF_EVENT_5GMM_MESSAGE (../src/amf/amf-sm.c:78)
11/20 19:20:30.121: [sbi] DEBUG: SENDING...[209] (../lib/sbi/client.c:401)
11/20 19:20:30.121: [gmm] DEBUG: gmm_state_exception(): AMF_EVENT_5GMM_MESSAGE (../src/amf/gmm-sm.c:1292)
11/20 19:20:30.121: [sbi] DEBUG: {
	"nfInstanceId":	"70c00fb2-694b-41ed-a1ea-09418c35a6fb",
	"success":	true,
	"timeStamp":	"2022-11-20T19:20:30.121205-08:00",
	"authType":	"5G_AKA",
	"servingNetworkName":	"5G:mnc070.mcc999.3gppnetwork.org"
} (../lib/sbi/client.c:403)
11/20 19:20:30.121: [gmm] ERROR: Unknown message [87] (../src/amf/gmm-sm.c:1414)
11/20 19:20:30.121: [sbi] DEBUG: STREAM added [3] (../lib/sbi/nghttp2-server.c:1122)
11/20 19:20:30.121: [sbi] DEBUG: [POST] /nudm-ueau/v1/imsi-999701000000010/auth-events (../lib/sbi/nghttp2-server.c:801)
11/20 19:20:30.121: [sbi] DEBUG: RECEIVED: 209 (../lib/sbi/nghttp2-server.c:805)
11/20 19:20:30.121: [sbi] DEBUG: {
	"nfInstanceId":	"70c00fb2-694b-41ed-a1ea-09418c35a6fb",
	"success":	true,
	"timeStamp":	"2022-11-20T19:20:30.121205-08:00",
	"authType":	"5G_AKA",
	"servingNetworkName":	"5G:mnc070.mcc999.3gppnetwork.org"
} (../lib/sbi/nghttp2-server.c:806)
11/20 19:20:30.121: [udm] DEBUG: udm_state_operational(): OGS_EVENT_NAME_SBI_SERVER (../src/udm/udm-sm.c:53)
11/20 19:20:30.121: [udm] DEBUG: udm_ue_state_operational(): OGS_EVENT_NAME_SBI_SERVER (../src/udm/ue-sm.c:46)
11/20 19:20:30.121: [sbi] DEBUG: [PUT] http://127.0.0.20:7777/nudr-dr/v1/subscription-data/imsi-999701000000010/authentication-data/authentication-status (../lib/sbi/client.c:625)
11/20 19:20:30.121: [sbi] DEBUG: SENDING...[209] (../lib/sbi/client.c:401)
11/20 19:20:30.121: [sbi] DEBUG: {
	"nfInstanceId":	"70c00fb2-694b-41ed-a1ea-09418c35a6fb",
	"success":	true,
	"timeStamp":	"2022-11-20T19:20:30.121205-08:00",
	"authType":	"5G_AKA",
	"servingNetworkName":	"5G:mnc070.mcc999.3gppnetwork.org"
} (../lib/sbi/client.c:403)
11/20 19:20:30.121: [sbi] DEBUG: STREAM added [3] (../lib/sbi/nghttp2-server.c:1122)
11/20 19:20:30.122: [sbi] DEBUG: [PUT] /nudr-dr/v1/subscription-data/imsi-999701000000010/authentication-data/authentication-status (../lib/sbi/nghttp2-server.c:801)
11/20 19:20:30.122: [sbi] DEBUG: RECEIVED: 209 (../lib/sbi/nghttp2-server.c:805)
11/20 19:20:30.122: [amf] DEBUG: amf_state_operational(): AMF_EVENT_NGAP_MESSAGE (../src/amf/amf-sm.c:78)
11/20 19:20:30.122: [sbi] DEBUG: {
	"nfInstanceId":	"70c00fb2-694b-41ed-a1ea-09418c35a6fb",
	"success":	true,
	"timeStamp":	"2022-11-20T19:20:30.121205-08:00",
	"authType":	"5G_AKA",
	"servingNetworkName":	"5G:mnc070.mcc999.3gppnetwork.org"
} (../lib/sbi/nghttp2-server.c:806)
11/20 19:20:30.122: [udr] DEBUG: udr_state_operational(): OGS_EVENT_NAME_SBI_SERVER (../src/udr/udr-sm.c:51)
11/20 19:20:30.122: [amf] DEBUG: ngap_state_operational(): AMF_EVENT_NGAP_MESSAGE (../src/amf/ngap-sm.c:53)
11/20 19:20:30.122: [amf] DEBUG: UplinkNASTransport (../src/amf/ngap-handler.c:546)
11/20 19:20:30.122: [amf] DEBUG:     IP[127.0.0.1] RAN_ID[16384] (../src/amf/ngap-handler.c:569)
11/20 19:20:30.122: [amf] DEBUG:     RAN_UE_NGAP_ID[1] AMF_UE_NGAP_ID[2] TAC[1] CellID[0x40001] (../src/amf/ngap-handler.c:650)
11/20 19:20:30.122: [amf] DEBUG: amf_state_operational(): AMF_EVENT_5GMM_MESSAGE (../src/amf/amf-sm.c:78)
11/20 19:20:30.122: [gmm] DEBUG: gmm_state_exception(): AMF_EVENT_5GMM_MESSAGE (../src/amf/gmm-sm.c:1292)
11/20 19:20:30.122: [gmm] ERROR: Unknown message [94] (../src/amf/gmm-sm.c:1414)
11/20 19:20:30.123: [sbi] DEBUG: STATUS [204] (../lib/sbi/nghttp2-server.c:357)
11/20 19:20:30.123: [sbi] DEBUG: STREAM closed [3] (../lib/sbi/nghttp2-server.c:852)
0000: 00000301 05000000 0389c0bf            ............
11/20 19:20:30.123: [sbi] DEBUG: [204:PUT] http://127.0.0.20:7777/nudr-dr/v1/subscription-data/imsi-999701000000010/authentication-data/authentication-status (../lib/sbi/client.c:573)
11/20 19:20:30.123: [sbi] DEBUG: RECEIVED[0] (../lib/sbi/client.c:584)
11/20 19:20:30.123: [udm] DEBUG: udm_state_operational(): OGS_EVENT_NAME_SBI_CLIENT (../src/udm/udm-sm.c:53)
11/20 19:20:30.123: [udm] DEBUG: udm_ue_state_operational(): OGS_EVENT_NAME_SBI_CLIENT (../src/udm/ue-sm.c:46)
11/20 19:20:30.123: [sbi] DEBUG: STATUS [201] (../lib/sbi/nghttp2-server.c:357)
11/20 19:20:30.123: [sbi] DEBUG: SENDING...: 209 (../lib/sbi/nghttp2-server.c:365)
11/20 19:20:30.123: [sbi] DEBUG: {
	"nfInstanceId":	"70c00fb2-694b-41ed-a1ea-09418c35a6fb",
	"success":	true,
	"timeStamp":	"2022-11-20T19:20:30.121205-08:00",
	"authType":	"5G_AKA",
	"servingNetworkName":	"5G:mnc070.mcc999.3gppnetwork.org"
} (../lib/sbi/nghttp2-server.c:366)
11/20 19:20:30.123: [sbi] DEBUG: STREAM closed [3] (../lib/sbi/nghttp2-server.c:852)
0000: 00004001 04000000 03488210 03c1c00f   ..@......H......
0010: 0d82101f 0f1fb19d 29aee30c 044eae05   ........)....N..
0020: c0b84571 d75d758a ad9295ad 28ed63b8   ..Eq.]u.....(.c.
0030: 58352832 cfbefba0 08000000 0008181d   X5(2............
0040: a99d62f7 2d494301 bf                  ..b.-IC..
11/20 19:20:30.123: [sbi] DEBUG: [201:POST] http://127.0.0.12:7777/nudm-ueau/v1/imsi-999701000000010/auth-events (../lib/sbi/client.c:573)
11/20 19:20:30.123: [sbi] DEBUG: RECEIVED[209] (../lib/sbi/client.c:584)
11/20 19:20:30.123: [sbi] DEBUG: {
	"nfInstanceId":	"70c00fb2-694b-41ed-a1ea-09418c35a6fb",
	"success":	true,
	"timeStamp":	"2022-11-20T19:20:30.121205-08:00",
	"authType":	"5G_AKA",
	"servingNetworkName":	"5G:mnc070.mcc999.3gppnetwork.org"
} (../lib/sbi/client.c:586)
0000: 0000d100 01000000 037b0a09 226e6649   .........{.."nfI
0010: 6e737461 6e636549 64223a09 22373063   nstanceId":."70c
0020: 30306662 322d3639 34622d34 3165642d   00fb2-694b-41ed-
0030: 61316561 2d303934 31386333 35613666   a1ea-09418c35a6f
0040: 62222c0a 09227375 63636573 73223a09   b",.."success":.
0050: 74727565 2c0a0922 74696d65 5374616d   true,.."timeStam
0060: 70223a09 22323032 322d3131 2d323054   p":."2022-11-20T
0070: 31393a32 303a3330 2e313231 3230352d   19:20:30.121205-
0080: 30383a30 30222c0a 09226175 74685479   08:00",.."authTy
0090: 7065223a 09223547 5f414b41 222c0a09   pe":."5G_AKA",..
00a0: 22736572 76696e67 4e657477 6f726b4e   "servingNetworkN
00b0: 616d6522 3a092235 473a6d6e 63303730   ame":."5G:mnc070
00c0: 2e6d6363 3939392e 33677070 6e657477   .mcc999.3gppnetw
00d0: 6f726b2e 6f726722 0a7d                ork.org".}
11/20 19:20:30.123: [ausf] DEBUG: ausf_state_operational(): OGS_EVENT_NAME_SBI_CLIENT (../src/ausf/ausf-sm.c:52)
11/20 19:20:30.123: [ausf] DEBUG: ausf_ue_state_operational(): OGS_EVENT_NAME_SBI_CLIENT (../src/ausf/ue-sm.c:64)
11/20 19:20:30.123: [sbi] DEBUG: STATUS [200] (../lib/sbi/nghttp2-server.c:357)
11/20 19:20:30.123: [sbi] DEBUG: SENDING...: 154 (../lib/sbi/nghttp2-server.c:365)
11/20 19:20:30.123: [sbi] DEBUG: {
	"authResult":	"AUTHENTICATION_SUCCESS",
	"supi":	"imsi-999701000000010",
	"kseaf":	"d40ada3e8a0a97d54c15304d51b0d387ec603824360087066b5b160a4995b148"
} (../lib/sbi/nghttp2-server.c:366)
11/20 19:20:30.123: [sbi] DEBUG: STREAM closed [3] (../lib/sbi/nghttp2-server.c:852)
0000: 00001601 04000000 0388c0bf 0f0d0331   ...............1
0010: 35345f8b 1d75d062 0d263d4c 7441ea     54_..u.b.&=LtA.
11/20 19:20:30.123: [sbi] DEBUG: [200:PUT] http://127.0.0.11:7777/nausf-auth/v1/ue-authentications/1/5g-aka-confirmation (../lib/sbi/client.c:573)
0000: 00009a00 01000000 037b0a09 22617574   .........{.."aut
0010: 68526573 756c7422 3a092241 55544845   hResult":."AUTHE
0020: 4e544943 4154494f 4e5f5355 43434553   NTICATION_SUCCES
0030: 53222c0a 09227375 7069223a 0922696d   S",.."supi":."im
0040: 73692d39 39393730 31303030 30303030   si-9997010000000
0050: 3130222c 0a09226b 73656166 223a0922   10",.."kseaf":."
0060: 64343061 64613365 38613061 39376435   d40ada3e8a0a97d5
0070: 34633135 33303464 35316230 64333837   4c15304d51b0d387
0080: 65633630 33383234 33363030 38373036   ec60382436008706
0090: 36623562 31363061 34393935 62313438   6b5b160a4995b148
00a0: 220a7d                                ".}
11/20 19:20:30.123: [sbi] DEBUG: RECEIVED[154] (../lib/sbi/client.c:584)
11/20 19:20:30.123: [sbi] DEBUG: {
	"authResult":	"AUTHENTICATION_SUCCESS",
	"supi":	"imsi-999701000000010",
	"kseaf":	"d40ada3e8a0a97d54c15304d51b0d387ec603824360087066b5b160a4995b148"
} (../lib/sbi/client.c:586)
11/20 19:20:30.123: [amf] DEBUG: amf_state_operational(): OGS_EVENT_NAME_SBI_CLIENT (../src/amf/amf-sm.c:78)
11/20 19:20:30.124: [gmm] DEBUG: gmm_state_authentication(): OGS_EVENT_NAME_SBI_CLIENT (../src/amf/gmm-sm.c:532)
11/20 19:20:30.124: [gmm] DEBUG: gmm_state_authentication(): EXIT (../src/amf/gmm-sm.c:532)
11/20 19:20:30.124: [gmm] DEBUG: gmm_state_security_mode(): ENTRY (../src/amf/gmm-sm.c:777)
11/20 19:20:30.124: [amf] DEBUG: [imsi-999701000000010] Security mode command (../src/amf/nas-path.c:402)
11/20 19:20:30.124: [gmm] DEBUG:     Replayed UE SEC[LEN:2 NEA:0xf0 NIA:0xf0 EEA:0x0 EIA:0x0 (../src/amf/gmm-build.c:442)
11/20 19:20:30.124: [gmm] DEBUG:     Selected[Integrity:0x2 Encrypt:0x0] (../src/amf/gmm-build.c:444)
11/20 19:20:30.124: [amf] DEBUG: DownlinkNASTransport (../src/amf/ngap-build.c:321)
11/20 19:20:30.124: [amf] DEBUG:     RAN_UE_NGAP_ID[1] AMF_UE_NGAP_ID[1] (../src/amf/ngap-build.c:365)
11/20 19:20:30.124: [amf] DEBUG:     IP[127.0.0.1] RAN_ID[16384] (../src/amf/ngap-path.c:71)
11/20 19:20:30.124: [amf] DEBUG: amf_state_operational(): AMF_EVENT_NGAP_MESSAGE (../src/amf/amf-sm.c:78)
11/20 19:20:30.124: [amf] DEBUG: ngap_state_operational(): AMF_EVENT_NGAP_MESSAGE (../src/amf/ngap-sm.c:53)
11/20 19:20:30.124: [amf] DEBUG: UplinkNASTransport (../src/amf/ngap-handler.c:546)
11/20 19:20:30.124: [amf] DEBUG:     IP[127.0.0.1] RAN_ID[16384] (../src/amf/ngap-handler.c:569)
11/20 19:20:30.124: [amf] DEBUG:     RAN_UE_NGAP_ID[1] AMF_UE_NGAP_ID[1] TAC[1] CellID[0x40001] (../src/amf/ngap-handler.c:650)
11/20 19:20:30.124: [amf] DEBUG: amf_state_operational(): AMF_EVENT_5GMM_MESSAGE (../src/amf/amf-sm.c:78)
11/20 19:20:30.124: [gmm] DEBUG: gmm_state_security_mode(): AMF_EVENT_5GMM_MESSAGE (../src/amf/gmm-sm.c:777)
11/20 19:20:30.124: [gmm] DEBUG: [imsi-999701000000010] Security mode complete (../src/amf/gmm-sm.c:798)
11/20 19:20:30.124: [gmm] DEBUG: Registration request in NAS message container (../src/amf/gmm-handler.c:1265)
11/20 19:20:30.124: [gmm] DEBUG:     5GMM Capability:[LPP:0, HO_ATTACH:1, S1_MODE:1] (../src/amf/gmm-handler.c:322)
11/20 19:20:30.124: [sbi] WARNING: Try to discover [nudm-uecm] (../lib/sbi/path.c:337)
11/20 19:20:30.124: [sbi] DEBUG: [GET] http://[::1]:7777/nnrf-disc/v1/nf-instances (../lib/sbi/client.c:625)
11/20 19:20:30.124: [gmm] DEBUG: gmm_state_security_mode(): EXIT (../src/amf/gmm-sm.c:777)
11/20 19:20:30.124: [gmm] DEBUG: gmm_state_initial_context_setup(): ENTRY (../src/amf/gmm-sm.c:969)
11/20 19:20:30.124: [sbi] DEBUG: STREAM added [7] (../lib/sbi/nghttp2-server.c:1122)
11/20 19:20:30.124: [sbi] DEBUG: [GET] /nnrf-disc/v1/nf-instances (../lib/sbi/nghttp2-server.c:801)
11/20 19:20:30.124: [nrf] DEBUG: nrf_state_operational(): OGS_EVENT_NAME_SBI_SERVER (../src/nrf/nrf-sm.c:50)
11/20 19:20:30.124: [nrf] DEBUG: NF-Discover : Requester[AMF] Target[UDM] (../src/nrf/nnrf-handler.c:450)
11/20 19:20:30.124: [nrf] DEBUG: [0] service-names[nudm-uecm] (../src/nrf/nnrf-handler.c:478)
11/20 19:20:30.124: [nrf] DEBUG: [70c87fb2-694b-41ed-8602-097969ae7b3b:0] NF-Discovered [NF-Type:UDM,NF-Status:REGISTERED,IPv4:1,IPv6:0] (../src/nrf/nnrf-handler.c:505)
11/20 19:20:30.124: [sbi] DEBUG: STATUS [200] (../lib/sbi/nghttp2-server.c:357)
11/20 19:20:30.124: [sbi] DEBUG: SENDING...: 876 (../lib/sbi/nghttp2-server.c:365)
11/20 19:20:30.124: [sbi] DEBUG: {
	"validityPeriod":	3600,
	"nfInstances":	[{
			"nfInstanceId":	"70c87fb2-694b-41ed-8602-097969ae7b3b",
			"nfType":	"UDM",
			"nfStatus":	"REGISTERED",
			"heartBeatTimer":	10,
			"ipv4Addresses":	["127.0.0.12"],
			"allowedNfTypes":	["AMF", "SMF", "AUSF", "SCP"],
			"priority":	0,
			"capacity":	100,
			"load":	0,
			"nfServiceList":	{
				"70c890f6-694b-41ed-8602-097969ae7b3b":	{
					"serviceInstanceId":	"70c890f6-694b-41ed-8602-097969ae7b3b",
					"serviceName":	"nudm-uecm",
					"versions":	[{
							"apiVersionInUri":	"v1",
							"apiFullVersion":	"1.0.0"
						}],
					"scheme":	"http",
					"nfServiceStatus":	"REGISTERED",
					"ipEndPoints":	[{
							"ipv4Address":	"127.0.0.12",
							"port":	7777
						}],
					"allowedNfTypes":	["AMF"],
					"priority":	0,
					"capacity":	100,
					"load":	0
				}
			},
			"nfProfileChangesSupportInd":	true
		}]
} (../lib/sbi/nghttp2-server.c:366)
11/20 19:20:30.124: [sbi] DEBUG: STREAM closed [7] (../lib/sbi/nghttp2-server.c:852)
0000: 00000b01 04000000 0788c2bf 0f0d0338   ...............8
0010: 3736bec0                              76..
0000: 00036c00 01000000 077b0a09 2276616c   ..l......{.."val
0010: 69646974 79506572 696f6422 3a093336   idityPeriod":.36
0020: 30302c0a 09226e66 496e7374 616e6365   00,.."nfInstance
0030: 73223a09 5b7b0a09 0909226e 66496e73   s":.[{...."nfIns
0040: 74616e63 65496422 3a092237 30633837   tanceId":."70c87
0050: 6662322d 36393462 2d343165 642d3836   fb2-694b-41ed-86
0060: 30322d30 39373936 39616537 62336222   02-097969ae7b3b"
0070: 2c0a0909 09226e66 54797065 223a0922   ,...."nfType":."
0080: 55444d22 2c0a0909 09226e66 53746174   UDM",...."nfStat
0090: 7573223a 09225245 47495354 45524544   us":."REGISTERED
00a0: 222c0a09 09092268 65617274 42656174   ",...."heartBeat
00b0: 54696d65 72223a09 31302c0a 09090922   Timer":.10,...."
00c0: 69707634 41646472 65737365 73223a09   ipv4Addresses":.
00d0: 5b223132 372e302e 302e3132 225d2c0a   ["127.0.0.12"],.
00e0: 09090922 616c6c6f 7765644e 66547970   ..."allowedNfTyp
00f0: 6573223a 095b2241 4d46222c 2022534d   es":.["AMF", "SM
0100: 46222c20 22415553 46222c20 22534350   F", "AUSF", "SCP
0110: 225d2c0a 09090922 7072696f 72697479   "],...."priority
0120: 223a0930 2c0a0909 09226361 70616369   ":.0,...."capaci
0130: 7479223a 09313030 2c0a0909 09226c6f   ty":.100,...."lo
0140: 6164223a 09302c0a 09090922 6e665365   ad":.0,...."nfSe
0150: 72766963 654c6973 74223a09 7b0a0909   rviceList":.{...
0160: 09092237 30633839 3066362d 36393462   .."70c890f6-694b
0170: 2d343165 642d3836 30322d30 39373936   -41ed-8602-09796
0180: 39616537 62336222 3a097b0a 09090909   9ae7b3b":.{.....
0190: 09227365 72766963 65496e73 74616e63   ."serviceInstanc
01a0: 65496422 3a092237 30633839 3066362d   eId":."70c890f6-
01b0: 36393462 2d343165 642d3836 30322d30   694b-41ed-8602-0
01c0: 39373936 39616537 62336222 2c0a0909   97969ae7b3b",...
01d0: 09090922 73657276 6963654e 616d6522   ..."serviceName"
01e0: 3a09226e 75646d2d 7565636d 222c0a09   :."nudm-uecm",..
01f0: 09090909 22766572 73696f6e 73223a09   ...."versions":.
0200: 5b7b0a09 09090909 09092261 70695665   [{........"apiVe
0210: 7273696f 6e496e55 7269223a 09227631   rsionInUri":."v1
0220: 222c0a09 09090909 09092261 70694675   ",........"apiFu
0230: 6c6c5665 7273696f 6e223a09 22312e30   llVersion":."1.0
0240: 2e30220a 09090909 09097d5d 2c0a0909   .0".......}],...
0250: 09090922 73636865 6d65223a 09226874   ..."scheme":."ht
0260: 7470222c 0a090909 0909226e 66536572   tp",......"nfSer
0270: 76696365 53746174 7573223a 09225245   viceStatus":."RE
0280: 47495354 45524544 222c0a09 09090909   GISTERED",......
0290: 22697045 6e64506f 696e7473 223a095b   "ipEndPoints":.[
02a0: 7b0a0909 09090909 09226970 76344164   {........"ipv4Ad
02b0: 64726573 73223a09 22313237 2e302e30   dress":."127.0.0
02c0: 2e313222 2c0a0909 09090909 0922706f   .12",........"po
02d0: 7274223a 09373737 370a0909 09090909   rt":.7777.......
02e0: 7d5d2c0a 09090909 0922616c 6c6f7765   }],......"allowe
02f0: 644e6654 79706573 223a095b 22414d46   dNfTypes":.["AMF
0300: 225d2c0a 09090909 09227072 696f7269   "],......"priori
0310: 7479223a 09302c0a 09090909 09226361   ty":.0,......"ca
0320: 70616369 7479223a 09313030 2c0a0909   pacity":.100,...
0330: 09090922 6c6f6164 223a0930 0a090909   ..."load":.0....
0340: 097d0a09 09097d2c 0a090909 226e6650   .}....},...."nfP
0350: 726f6669 6c654368 616e6765 73537570   rofileChangesSup
0360: 706f7274 496e6422 3a097472 75650a09   portInd":.true..
0370: 097d5d0a 7d                           .}].}
11/20 19:20:30.125: [sbi] DEBUG: [200:GET] http://[::1]:7777/nnrf-disc/v1/nf-instances?requester-nf-type=AMF&service-names=nudm-uecm&target-nf-type=UDM (../lib/sbi/client.c:573)
11/20 19:20:30.125: [sbi] DEBUG: RECEIVED[876] (../lib/sbi/client.c:584)
11/20 19:20:30.125: [sbi] DEBUG: {
	"validityPeriod":	3600,
	"nfInstances":	[{
			"nfInstanceId":	"70c87fb2-694b-41ed-8602-097969ae7b3b",
			"nfType":	"UDM",
			"nfStatus":	"REGISTERED",
			"heartBeatTimer":	10,
			"ipv4Addresses":	["127.0.0.12"],
			"allowedNfTypes":	["AMF", "SMF", "AUSF", "SCP"],
			"priority":	0,
			"capacity":	100,
			"load":	0,
			"nfServiceList":	{
				"70c890f6-694b-41ed-8602-097969ae7b3b":	{
					"serviceInstanceId":	"70c890f6-694b-41ed-8602-097969ae7b3b",
					"serviceName":	"nudm-uecm",
					"versions":	[{
							"apiVersionInUri":	"v1",
							"apiFullVersion":	"1.0.0"
						}],
					"scheme":	"http",
					"nfServiceStatus":	"REGISTERED",
					"ipEndPoints":	[{
							"ipv4Address":	"127.0.0.12",
							"port":	7777
						}],
					"allowedNfTypes":	["AMF"],
					"priority":	0,
					"capacity":	100,
					"load":	0
				}
			},
			"nfProfileChangesSupportInd":	true
		}]
} (../lib/sbi/client.c:586)
11/20 19:20:30.125: [amf] DEBUG: amf_state_operational(): OGS_EVENT_NAME_SBI_CLIENT (../src/amf/amf-sm.c:78)
11/20 19:20:30.125: [sbi] DEBUG: ogs_sbi_nf_instance_add() (../lib/sbi/context.c:762)
11/20 19:20:30.125: [sbi] DEBUG: [REF] 1 (../lib/sbi/context.c:764)
11/20 19:20:30.125: [sbi] DEBUG: ogs_sbi_nf_state_initial(): ENTRY (../lib/sbi/nf-sm.c:66)
11/20 19:20:30.125: [sbi] DEBUG: ogs_sbi_nf_state_registered(): ENTRY (../lib/sbi/nf-sm.c:204)
11/20 19:20:30.125: [sbi] INFO: [70c87fb2-694b-41ed-8602-097969ae7b3b] (NF-discover) NF registered (../lib/sbi/nnrf-handler.c:725)
11/20 19:20:30.125: [sock] DEBUG: addr:127.0.0.12, port:80 (../lib/core/ogs-sockaddr.c:140)
11/20 19:20:30.125: [sock] DEBUG: addr:127.0.0.12, port:7777 (../lib/core/ogs-sockaddr.c:140)
11/20 19:20:30.125: [sbi] DEBUG: ogs_sbi_client_add() (../lib/sbi/client.c:112)
11/20 19:20:30.125: [sbi] DEBUG: [REF] 1 (../lib/sbi/client.c:113)
11/20 19:20:30.125: [sbi] DEBUG: [REF] 2 (../lib/sbi/context.c:1570)
11/20 19:20:30.125: [sbi] DEBUG: ogs_sbi_client_add() (../lib/sbi/client.c:112)
11/20 19:20:30.125: [sbi] DEBUG: [REF] 1 (../lib/sbi/client.c:113)
11/20 19:20:30.125: [sbi] DEBUG: [REF] 2 (../lib/sbi/context.c:1482)
11/20 19:20:30.125: [sbi] INFO: [70c87fb2-694b-41ed-8602-097969ae7b3b] (NF-discover) NF Profile updated (../lib/sbi/nnrf-handler.c:752)
11/20 19:20:30.125: [amf] DEBUG: [REF] 2 (../src/amf/context.c:1945)
11/20 19:20:30.125: [sbi] DEBUG: [PUT] http://127.0.0.12:7777/nudm-uecm/v1/imsi-999701000000010/registrations/amf-3gpp-access (../lib/sbi/client.c:625)
11/20 19:20:30.125: [sbi] DEBUG: SENDING...[262] (../lib/sbi/client.c:401)
11/20 19:20:30.125: [sbi] DEBUG: {
	"amfInstanceId":	"70ba6878-694b-41ed-97ef-3971b1032c7d",
	"deregCallbackUri":	"http://127.0.0.5:7777/namf-callback/v1/imsi-999701000000010/dereg-notify",
	"guami":	{
		"plmnId":	{
			"mcc":	"999",
			"mnc":	"70"
		},
		"amfId":	"020040"
	},
	"ratType":	"NR"
} (../lib/sbi/client.c:403)
11/20 19:20:30.125: [sbi] DEBUG: MAX_CONCURRENT_STREAMS = 100 (../lib/sbi/nghttp2-server.c:747)
11/20 19:20:30.125: [sbi] DEBUG: ENABLE_PUSH = false (../lib/sbi/nghttp2-server.c:749)
0000: 00000604 00000000 00000300 04e200     ...............
11/20 19:20:30.125: [sbi] DEBUG: STREAM added [1] (../lib/sbi/nghttp2-server.c:1122)
11/20 19:20:30.125: [sbi] DEBUG: MAX_CONCURRENT_STREAMS = 100 (../lib/sbi/nghttp2-server.c:747)
11/20 19:20:30.125: [sbi] DEBUG: ENABLE_PUSH = false (../lib/sbi/nghttp2-server.c:749)
11/20 19:20:30.125: [sbi] DEBUG: [PUT] /nudm-uecm/v1/imsi-999701000000010/registrations/amf-3gpp-access (../lib/sbi/nghttp2-server.c:801)
11/20 19:20:30.125: [sbi] DEBUG: RECEIVED: 262 (../lib/sbi/nghttp2-server.c:805)
11/20 19:20:30.125: [sbi] DEBUG: {
	"amfInstanceId":	"70ba6878-694b-41ed-97ef-3971b1032c7d",
	"deregCallbackUri":	"http://127.0.0.5:7777/namf-callback/v1/imsi-999701000000010/dereg-notify",
	"guami":	{
		"plmnId":	{
			"mcc":	"999",
			"mnc":	"70"
		},
		"amfId":	"020040"
	},
	"ratType":	"NR"
} (../lib/sbi/nghttp2-server.c:806)
11/20 19:20:30.125: [udm] DEBUG: udm_state_operational(): OGS_EVENT_NAME_SBI_SERVER (../src/udm/udm-sm.c:53)
11/20 19:20:30.125: [udm] DEBUG: udm_ue_state_operational(): OGS_EVENT_NAME_SBI_SERVER (../src/udm/ue-sm.c:46)
11/20 19:20:30.125: [sbi] DEBUG: [PUT] http://127.0.0.20:7777/nudr-dr/v1/subscription-data/imsi-999701000000010/context-data/amf-3gpp-access (../lib/sbi/client.c:625)
11/20 19:20:30.125: [sbi] DEBUG: SENDING...[262] (../lib/sbi/client.c:401)
11/20 19:20:30.125: [sbi] DEBUG: {
	"amfInstanceId":	"70ba6878-694b-41ed-97ef-3971b1032c7d",
	"deregCallbackUri":	"http://127.0.0.5:7777/namf-callback/v1/imsi-999701000000010/dereg-notify",
	"guami":	{
		"plmnId":	{
			"mcc":	"999",
			"mnc":	"70"
		},
		"amfId":	"020040"
	},
	"ratType":	"NR"
} (../lib/sbi/client.c:403)
11/20 19:20:30.126: [sbi] DEBUG: STREAM added [5] (../lib/sbi/nghttp2-server.c:1122)
11/20 19:20:30.126: [sbi] DEBUG: [PUT] /nudr-dr/v1/subscription-data/imsi-999701000000010/context-data/amf-3gpp-access (../lib/sbi/nghttp2-server.c:801)
11/20 19:20:30.126: [sbi] DEBUG: RECEIVED: 262 (../lib/sbi/nghttp2-server.c:805)
11/20 19:20:30.126: [sbi] DEBUG: {
	"amfInstanceId":	"70ba6878-694b-41ed-97ef-3971b1032c7d",
	"deregCallbackUri":	"http://127.0.0.5:7777/namf-callback/v1/imsi-999701000000010/dereg-notify",
	"guami":	{
		"plmnId":	{
			"mcc":	"999",
			"mnc":	"70"
		},
		"amfId":	"020040"
	},
	"ratType":	"NR"
} (../lib/sbi/nghttp2-server.c:806)
11/20 19:20:30.126: [udr] DEBUG: udr_state_operational(): OGS_EVENT_NAME_SBI_SERVER (../src/udr/udr-sm.c:51)
11/20 19:20:30.126: [sbi] DEBUG: STATUS [204] (../lib/sbi/nghttp2-server.c:357)
11/20 19:20:30.126: [sbi] DEBUG: STREAM closed [5] (../lib/sbi/nghttp2-server.c:852)
0000: 00000301 05000000 0589c0bf            ............
11/20 19:20:30.126: [sbi] DEBUG: [204:PUT] http://127.0.0.20:7777/nudr-dr/v1/subscription-data/imsi-999701000000010/context-data/amf-3gpp-access (../lib/sbi/client.c:573)
11/20 19:20:30.126: [sbi] DEBUG: RECEIVED[0] (../lib/sbi/client.c:584)
11/20 19:20:30.126: [udm] DEBUG: udm_state_operational(): OGS_EVENT_NAME_SBI_CLIENT (../src/udm/udm-sm.c:53)
11/20 19:20:30.126: [udm] DEBUG: udm_ue_state_operational(): OGS_EVENT_NAME_SBI_CLIENT (../src/udm/ue-sm.c:46)
11/20 19:20:30.126: [sbi] DEBUG: STATUS [201] (../lib/sbi/nghttp2-server.c:357)
11/20 19:20:30.126: [sbi] DEBUG: SENDING...: 262 (../lib/sbi/nghttp2-server.c:365)
11/20 19:20:30.126: [sbi] DEBUG: {
	"amfInstanceId":	"70ba6878-694b-41ed-97ef-3971b1032c7d",
	"deregCallbackUri":	"http://127.0.0.5:7777/namf-callback/v1/imsi-999701000000010/dereg-notify",
	"guami":	{
		"plmnId":	{
			"mcc":	"999",
			"mnc":	"70"
		},
		"amfId":	"020040"
	},
	"ratType":	"NR"
} (../lib/sbi/nghttp2-server.c:366)
11/20 19:20:30.126: [sbi] DEBUG: STREAM closed [1] (../lib/sbi/nghttp2-server.c:852)
0000: 00000004 01000000 00                  .........
0000: 00007a01 04000000 01488210 03768bd5   ..z......H...v..
0010: 596a6f16 e53b8976 d76f6196 d07abe94   Yjo..;.v.oa..z..
0020: 1054d27e ea080212 8066e081 7190298b   .T.~.....f..q.).
0030: 46ff0f0d 8213820f 1fbc9d29 aee30c04   F..........)....
0040: 4eae05c0 b84571d7 5d758aad 9295ad29   N....Eq.]u.....)
0050: 2963b858 352832cf befba008 00000000   )c.X5(2.........
0060: 0818b0b3 1909b069 31ea4303 a655999a   .......i1.C..U..
0070: bad61908 54235f8b 1d75d062 0d263d4c   ....T#_..u.b.&=L
0080: 7441ea                                tA.
11/20 19:20:30.126: [sbi] DEBUG: [201:PUT] http://127.0.0.12:7777/nudm-uecm/v1/imsi-999701000000010/registrations/amf-3gpp-access (../lib/sbi/client.c:573)
11/20 19:20:30.126: [sbi] DEBUG: RECEIVED[262] (../lib/sbi/client.c:584)
11/20 19:20:30.126: [sbi] DEBUG: {
	"amfInstanceId":	"70ba6878-694b-41ed-97ef-3971b1032c7d",
	"deregCallbackUri":	"http://127.0.0.5:7777/namf-callback/v1/imsi-999701000000010/dereg-notify",
	"guami":	{
		"plmnId":	{
			"mcc":	"999",
			"mnc":	"70"
		},
		"amfId":	"020040"
	},
	"ratType":	"NR"
} (../lib/sbi/client.c:586)
0000: 00010600 01000000 017b0a09 22616d66   .........{.."amf
0010: 496e7374 616e6365 4964223a 09223730   InstanceId":."70
0020: 62613638 37382d36 3934622d 34316564   ba6878-694b-41ed
0030: 2d393765 662d3339 37316231 30333263   -97ef-3971b1032c
0040: 3764222c 0a092264 65726567 43616c6c   7d",.."deregCall
0050: 6261636b 55726922 3a092268 7474703a   backUri":."http:
0060: 2f2f3132 372e302e 302e353a 37373737   //127.0.0.5:7777
0070: 2f6e616d 662d6361 6c6c6261 636b2f76   /namf-callback/v
0080: 312f696d 73692d39 39393730 31303030   1/imsi-999701000
0090: 30303030 31302f64 65726567 2d6e6f74   000010/dereg-not
00a0: 69667922 2c0a0922 6775616d 69223a09   ify",.."guami":.
00b0: 7b0a0909 22706c6d 6e496422 3a097b0a   {..."plmnId":.{.
00c0: 09090922 6d636322 3a092239 3939222c   ..."mcc":."999",
00d0: 0a090909 226d6e63 223a0922 3730220a   ...."mnc":."70".
00e0: 09097d2c 0a090922 616d6649 64223a09   ..},..."amfId":.
00f0: 22303230 30343022 0a097d2c 0a092272   "020040"..},.."r
0100: 61745479 7065223a 09224e52 220a7d     atType":."NR".}
11/20 19:20:30.126: [amf] DEBUG: amf_state_operational(): OGS_EVENT_NAME_SBI_CLIENT (../src/amf/amf-sm.c:78)
11/20 19:20:30.126: [gmm] DEBUG: gmm_state_initial_context_setup(): OGS_EVENT_NAME_SBI_CLIENT (../src/amf/gmm-sm.c:969)
11/20 19:20:30.126: [sbi] WARNING: Try to discover [nudm-sdm] (../lib/sbi/path.c:337)
11/20 19:20:30.126: [sbi] DEBUG: [GET] http://[::1]:7777/nnrf-disc/v1/nf-instances (../lib/sbi/client.c:625)
11/20 19:20:30.126: [sbi] DEBUG: STREAM added [9] (../lib/sbi/nghttp2-server.c:1122)
11/20 19:20:30.126: [sbi] DEBUG: [GET] /nnrf-disc/v1/nf-instances (../lib/sbi/nghttp2-server.c:801)
11/20 19:20:30.126: [nrf] DEBUG: nrf_state_operational(): OGS_EVENT_NAME_SBI_SERVER (../src/nrf/nrf-sm.c:50)
11/20 19:20:30.126: [nrf] DEBUG: NF-Discover : Requester[AMF] Target[UDM] (../src/nrf/nnrf-handler.c:450)
11/20 19:20:30.127: [nrf] DEBUG: [0] service-names[nudm-sdm] (../src/nrf/nnrf-handler.c:478)
11/20 19:20:30.127: [nrf] DEBUG: [70c87fb2-694b-41ed-8602-097969ae7b3b:0] NF-Discovered [NF-Type:UDM,NF-Status:REGISTERED,IPv4:1,IPv6:0] (../src/nrf/nnrf-handler.c:505)
11/20 19:20:30.127: [sbi] DEBUG: STATUS [200] (../lib/sbi/nghttp2-server.c:357)
11/20 19:20:30.127: [sbi] DEBUG: SENDING...: 882 (../lib/sbi/nghttp2-server.c:365)
11/20 19:20:30.127: [sbi] DEBUG: {
	"validityPeriod":	3600,
	"nfInstances":	[{
			"nfInstanceId":	"70c87fb2-694b-41ed-8602-097969ae7b3b",
			"nfType":	"UDM",
			"nfStatus":	"REGISTERED",
			"heartBeatTimer":	10,
			"ipv4Addresses":	["127.0.0.12"],
			"allowedNfTypes":	["AMF", "SMF", "AUSF", "SCP"],
			"priority":	0,
			"capacity":	100,
			"load":	0,
			"nfServiceList":	{
				"70c89146-694b-41ed-8602-097969ae7b3b":	{
					"serviceInstanceId":	"70c89146-694b-41ed-8602-097969ae7b3b",
					"serviceName":	"nudm-sdm",
					"versions":	[{
							"apiVersionInUri":	"v2",
							"apiFullVersion":	"2.0.0"
						}],
					"scheme":	"http",
					"nfServiceStatus":	"REGISTERED",
					"ipEndPoints":	[{
							"ipv4Address":	"127.0.0.12",
							"port":	7777
						}],
					"allowedNfTypes":	["AMF", "SMF"],
					"priority":	0,
					"capacity":	100,
					"load":	0
				}
			},
			"nfProfileChangesSupportInd":	true
		}]
} (../lib/sbi/nghttp2-server.c:366)
11/20 19:20:30.127: [sbi] DEBUG: STREAM closed [9] (../lib/sbi/nghttp2-server.c:852)
0000: 00000b01 04000000 0988c2bf 0f0d0338   ...............8
0010: 3832c0be                              82..
0000: 00037200 01000000 097b0a09 2276616c   ..r......{.."val
0010: 69646974 79506572 696f6422 3a093336   idityPeriod":.36
0020: 30302c0a 09226e66 496e7374 616e6365   00,.."nfInstance
0030: 73223a09 5b7b0a09 0909226e 66496e73   s":.[{...."nfIns
0040: 74616e63 65496422 3a092237 30633837   tanceId":."70c87
0050: 6662322d 36393462 2d343165 642d3836   fb2-694b-41ed-86
0060: 30322d30 39373936 39616537 62336222   02-097969ae7b3b"
0070: 2c0a0909 09226e66 54797065 223a0922   ,...."nfType":."
0080: 55444d22 2c0a0909 09226e66 53746174   UDM",...."nfStat
0090: 7573223a 09225245 47495354 45524544   us":."REGISTERED
00a0: 222c0a09 09092268 65617274 42656174   ",...."heartBeat
00b0: 54696d65 72223a09 31302c0a 09090922   Timer":.10,...."
00c0: 69707634 41646472 65737365 73223a09   ipv4Addresses":.
00d0: 5b223132 372e302e 302e3132 225d2c0a   ["127.0.0.12"],.
00e0: 09090922 616c6c6f 7765644e 66547970   ..."allowedNfTyp
00f0: 6573223a 095b2241 4d46222c 2022534d   es":.["AMF", "SM
0100: 46222c20 22415553 46222c20 22534350   F", "AUSF", "SCP
0110: 225d2c0a 09090922 7072696f 72697479   "],...."priority
0120: 223a0930 2c0a0909 09226361 70616369   ":.0,...."capaci
0130: 7479223a 09313030 2c0a0909 09226c6f   ty":.100,...."lo
0140: 6164223a 09302c0a 09090922 6e665365   ad":.0,...."nfSe
0150: 72766963 654c6973 74223a09 7b0a0909   rviceList":.{...
0160: 09092237 30633839 3134362d 36393462   .."70c89146-694b
0170: 2d343165 642d3836 30322d30 39373936   -41ed-8602-09796
0180: 39616537 62336222 3a097b0a 09090909   9ae7b3b":.{.....
0190: 09227365 72766963 65496e73 74616e63   ."serviceInstanc
01a0: 65496422 3a092237 30633839 3134362d   eId":."70c89146-
01b0: 36393462 2d343165 642d3836 30322d30   694b-41ed-8602-0
01c0: 39373936 39616537 62336222 2c0a0909   97969ae7b3b",...
01d0: 09090922 73657276 6963654e 616d6522   ..."serviceName"
01e0: 3a09226e 75646d2d 73646d22 2c0a0909   :."nudm-sdm",...
01f0: 09090922 76657273 696f6e73 223a095b   ..."versions":.[
0200: 7b0a0909 09090909 09226170 69566572   {........"apiVer
0210: 73696f6e 496e5572 69223a09 22763222   sionInUri":."v2"
0220: 2c0a0909 09090909 09226170 6946756c   ,........"apiFul
0230: 6c566572 73696f6e 223a0922 322e302e   lVersion":."2.0.
0240: 30220a09 09090909 097d5d2c 0a090909   0".......}],....
0250: 09092273 6368656d 65223a09 22687474   .."scheme":."htt
0260: 70222c0a 09090909 09226e66 53657276   p",......"nfServ
0270: 69636553 74617475 73223a09 22524547   iceStatus":."REG
0280: 49535445 52454422 2c0a0909 09090922   ISTERED",......"
0290: 6970456e 64506f69 6e747322 3a095b7b   ipEndPoints":.[{
02a0: 0a090909 09090909 22697076 34416464   ........"ipv4Add
02b0: 72657373 223a0922 3132372e 302e302e   ress":."127.0.0.
02c0: 3132222c 0a090909 09090909 22706f72   12",........"por
02d0: 74223a09 37373737 0a090909 0909097d   t":.7777.......}
02e0: 5d2c0a09 09090909 22616c6c 6f776564   ],......"allowed
02f0: 4e665479 70657322 3a095b22 414d4622   NfTypes":.["AMF"
0300: 2c202253 4d46225d 2c0a0909 09090922   , "SMF"],......"
0310: 7072696f 72697479 223a0930 2c0a0909   priority":.0,...
0320: 09090922 63617061 63697479 223a0931   ..."capacity":.1
0330: 30302c0a 09090909 09226c6f 6164223a   00,......"load":
0340: 09300a09 0909097d 0a090909 7d2c0a09   .0.....}....},..
0350: 0909226e 6650726f 66696c65 4368616e   .."nfProfileChan
0360: 67657353 7570706f 7274496e 64223a09   gesSupportInd":.
0370: 74727565 0a09097d 5d0a7d              true...}].}
11/20 19:20:30.127: [sbi] DEBUG: [200:GET] http://[::1]:7777/nnrf-disc/v1/nf-instances?requester-nf-type=AMF&service-names=nudm-sdm&target-nf-type=UDM (../lib/sbi/client.c:573)
11/20 19:20:30.127: [sbi] DEBUG: RECEIVED[882] (../lib/sbi/client.c:584)
11/20 19:20:30.127: [sbi] DEBUG: {
	"validityPeriod":	3600,
	"nfInstances":	[{
			"nfInstanceId":	"70c87fb2-694b-41ed-8602-097969ae7b3b",
			"nfType":	"UDM",
			"nfStatus":	"REGISTERED",
			"heartBeatTimer":	10,
			"ipv4Addresses":	["127.0.0.12"],
			"allowedNfTypes":	["AMF", "SMF", "AUSF", "SCP"],
			"priority":	0,
			"capacity":	100,
			"load":	0,
			"nfServiceList":	{
				"70c89146-694b-41ed-8602-097969ae7b3b":	{
					"serviceInstanceId":	"70c89146-694b-41ed-8602-097969ae7b3b",
					"serviceName":	"nudm-sdm",
					"versions":	[{
							"apiVersionInUri":	"v2",
							"apiFullVersion":	"2.0.0"
						}],
					"scheme":	"http",
					"nfServiceStatus":	"REGISTERED",
					"ipEndPoints":	[{
							"ipv4Address":	"127.0.0.12",
							"port":	7777
						}],
					"allowedNfTypes":	["AMF", "SMF"],
					"priority":	0,
					"capacity":	100,
					"load":	0
				}
			},
			"nfProfileChangesSupportInd":	true
		}]
} (../lib/sbi/client.c:586)
11/20 19:20:30.127: [amf] DEBUG: amf_state_operational(): OGS_EVENT_NAME_SBI_CLIENT (../src/amf/amf-sm.c:78)
11/20 19:20:30.127: [sbi] WARNING: [70c87fb2-694b-41ed-8602-097969ae7b3b] (NF-discover) NF has already been added (../lib/sbi/nnrf-handler.c:730)
11/20 19:20:30.127: [sock] DEBUG: addr:127.0.0.12, port:80 (../lib/core/ogs-sockaddr.c:140)
11/20 19:20:30.127: [sock] DEBUG: addr:127.0.0.12, port:7777 (../lib/core/ogs-sockaddr.c:140)
11/20 19:20:30.127: [sbi] WARNING: NF EndPoint updated [127.0.0.12:80] (../lib/sbi/context.c:1570)
11/20 19:20:30.127: [sbi] DEBUG: ogs_sbi_client_remove() [127.0.0.12:80] (../lib/sbi/client.c:153)
11/20 19:20:30.127: [sbi] DEBUG: [UNREF] 2 (../lib/sbi/client.c:157)
11/20 19:20:30.127: [sbi] DEBUG: [REF] 2 (../lib/sbi/context.c:1570)
11/20 19:20:30.127: [sbi] WARNING: NF EndPoint updated [127.0.0.12:7777] (../lib/sbi/context.c:1482)
11/20 19:20:30.127: [sbi] DEBUG: ogs_sbi_client_remove() [127.0.0.12:7777] (../lib/sbi/client.c:153)
11/20 19:20:30.127: [sbi] DEBUG: [UNREF] 2 (../lib/sbi/client.c:157)
11/20 19:20:30.127: [sbi] DEBUG: [REF] 2 (../lib/sbi/context.c:1482)
11/20 19:20:30.127: [sbi] DEBUG: [REF] 3 (../lib/sbi/context.c:1482)
11/20 19:20:30.127: [sbi] INFO: [70c87fb2-694b-41ed-8602-097969ae7b3b] (NF-discover) NF Profile updated (../lib/sbi/nnrf-handler.c:752)
11/20 19:20:30.127: [amf] DEBUG: [REF] 3 (../src/amf/context.c:1945)
11/20 19:20:30.127: [sbi] DEBUG: [GET] http://127.0.0.12:7777/nudm-sdm/v2/imsi-999701000000010/am-data (../lib/sbi/client.c:625)
11/20 19:20:30.127: [sbi] DEBUG: STREAM added [3] (../lib/sbi/nghttp2-server.c:1122)
11/20 19:20:30.127: [sbi] DEBUG: [GET] /nudm-sdm/v2/imsi-999701000000010/am-data (../lib/sbi/nghttp2-server.c:801)
11/20 19:20:30.127: [udm] DEBUG: udm_state_operational(): OGS_EVENT_NAME_SBI_SERVER (../src/udm/udm-sm.c:53)
11/20 19:20:30.127: [udm] DEBUG: udm_ue_state_operational(): OGS_EVENT_NAME_SBI_SERVER (../src/udm/ue-sm.c:46)
11/20 19:20:30.127: [sbi] DEBUG: [GET] http://127.0.0.20:7777/nudr-dr/v1/subscription-data/imsi-999701000000010/99970/provisioned-data/am-data (../lib/sbi/client.c:625)
11/20 19:20:30.127: [sbi] DEBUG: STREAM added [7] (../lib/sbi/nghttp2-server.c:1122)
11/20 19:20:30.127: [sbi] DEBUG: [GET] /nudr-dr/v1/subscription-data/imsi-999701000000010/99970/provisioned-data/am-data (../lib/sbi/nghttp2-server.c:801)
11/20 19:20:30.127: [udr] DEBUG: udr_state_operational(): OGS_EVENT_NAME_SBI_SERVER (../src/udr/udr-sm.c:51)
11/20 19:20:30.128: [sbi] DEBUG: STATUS [200] (../lib/sbi/nghttp2-server.c:357)
11/20 19:20:30.128: [sbi] DEBUG: SENDING...: 207 (../lib/sbi/nghttp2-server.c:365)
11/20 19:20:30.128: [sbi] DEBUG: {
	"gpsis":	["msisdn-491725670014", "msisdn-491725670015"],
	"subscribedUeAmbr":	{
		"uplink":	"1048576 Kbps",
		"downlink":	"1048576 Kbps"
	},
	"nssai":	{
		"defaultSingleNssais":	[{
				"sst":	1
			}]
	}
} (../lib/sbi/nghttp2-server.c:366)
11/20 19:20:30.128: [sbi] DEBUG: STREAM closed [7] (../lib/sbi/nghttp2-server.c:852)
0000: 00000901 04000000 0788c0bf 0f0d8210   ................
0010: 1dbe                                  ..
11/20 19:20:30.128: [sbi] DEBUG: [200:GET] http://127.0.0.20:7777/nudr-dr/v1/subscription-data/imsi-999701000000010/99970/provisioned-data/am-data (../lib/sbi/client.c:573)
11/20 19:20:30.128: [sbi] DEBUG: RECEIVED[207] (../lib/sbi/client.c:584)
11/20 19:20:30.128: [sbi] DEBUG: {
	"gpsis":	["msisdn-491725670014", "msisdn-491725670015"],
	"subscribedUeAmbr":	{
		"uplink":	"1048576 Kbps",
		"downlink":	"1048576 Kbps"
	},
	"nssai":	{
		"defaultSingleNssais":	[{
				"sst":	1
			}]
	}
} (../lib/sbi/client.c:586)
11/20 19:20:30.128: [udm] DEBUG: udm_state_operational(): OGS_EVENT_NAME_SBI_CLIENT (../src/udm/udm-sm.c:53)
0000: 0000cf00 01000000 077b0a09 22677073   .........{.."gps
0010: 6973223a 095b226d 73697364 6e2d3439   is":.["msisdn-49
0020: 31373235 36373030 3134222c 20226d73   1725670014", "ms
0030: 6973646e 2d343931 37323536 37303031   isdn-49172567001
0040: 35225d2c 0a092273 75627363 72696265   5"],.."subscribe
0050: 64556541 6d627222 3a097b0a 09092275   dUeAmbr":.{..."u
0060: 706c696e 6b223a09 22313034 38353736   plink":."1048576
0070: 204b6270 73222c0a 09092264 6f776e6c    Kbps",..."downl
0080: 696e6b22 3a092231 30343835 3736204b   ink":."1048576 K
0090: 62707322 0a097d2c 0a09226e 73736169   bps"..},.."nssai
00a0: 223a097b 0a090922 64656661 756c7453   ":.{..."defaultS
00b0: 696e676c 654e7373 61697322 3a095b7b   ingleNssais":.[{
00c0: 0a090909 09227373 74223a09 310a0909   ....."sst":.1...
00d0: 097d5d0a 097d0a7d                     .}]..}.}
11/20 19:20:30.128: [udm] DEBUG: udm_ue_state_operational(): OGS_EVENT_NAME_SBI_CLIENT (../src/udm/ue-sm.c:46)
11/20 19:20:30.128: [sbi] DEBUG: STATUS [200] (../lib/sbi/nghttp2-server.c:357)
11/20 19:20:30.128: [sbi] DEBUG: SENDING...: 207 (../lib/sbi/nghttp2-server.c:365)
11/20 19:20:30.128: [sbi] DEBUG: {
	"gpsis":	["msisdn-491725670014", "msisdn-491725670015"],
	"subscribedUeAmbr":	{
		"uplink":	"1048576 Kbps",
		"downlink":	"1048576 Kbps"
	},
	"nssai":	{
		"defaultSingleNssais":	[{
				"sst":	1
			}]
	}
} (../lib/sbi/nghttp2-server.c:366)
11/20 19:20:30.128: [sbi] DEBUG: STREAM closed [3] (../lib/sbi/nghttp2-server.c:852)
0000: 00000901 04000000 0388c0bf 0f0d8210   ................
0010: 1dbe                                  ..
11/20 19:20:30.128: [sbi] DEBUG: [200:GET] http://127.0.0.12:7777/nudm-sdm/v2/imsi-999701000000010/am-data (../lib/sbi/client.c:573)
11/20 19:20:30.128: [sbi] DEBUG: RECEIVED[207] (../lib/sbi/client.c:584)
11/20 19:20:30.128: [sbi] DEBUG: {
	"gpsis":	["msisdn-491725670014", "msisdn-491725670015"],
	"subscribedUeAmbr":	{
		"uplink":	"1048576 Kbps",
		"downlink":	"1048576 Kbps"
	},
	"nssai":	{
		"defaultSingleNssais":	[{
				"sst":	1
			}]
	}
} (../lib/sbi/client.c:586)
0000: 0000cf00 01000000 037b0a09 22677073   .........{.."gps
0010: 6973223a 095b226d 73697364 6e2d3439   is":.["msisdn-49
0020: 31373235 36373030 3134222c 20226d73   1725670014", "ms
0030: 6973646e 2d343931 37323536 37303031   isdn-49172567001
0040: 35225d2c 0a092273 75627363 72696265   5"],.."subscribe
0050: 64556541 6d627222 3a097b0a 09092275   dUeAmbr":.{..."u
0060: 706c696e 6b223a09 22313034 38353736   plink":."1048576
0070: 204b6270 73222c0a 09092264 6f776e6c    Kbps",..."downl
0080: 696e6b22 3a092231 30343835 3736204b   ink":."1048576 K
0090: 62707322 0a097d2c 0a09226e 73736169   bps"..},.."nssai
00a0: 223a097b 0a090922 64656661 756c7453   ":.{..."defaultS
00b0: 696e676c 654e7373 61697322 3a095b7b   ingleNssais":.[{
00c0: 0a090909 09227373 74223a09 310a0909   ....."sst":.1...
00d0: 097d5d0a 097d0a7d                     .}]..}.}
11/20 19:20:30.128: [amf] DEBUG: amf_state_operational(): OGS_EVENT_NAME_SBI_CLIENT (../src/amf/amf-sm.c:78)
11/20 19:20:30.128: [gmm] DEBUG: gmm_state_initial_context_setup(): OGS_EVENT_NAME_SBI_CLIENT (../src/amf/gmm-sm.c:969)
11/20 19:20:30.128: [sbi] DEBUG: [GET] http://127.0.0.12:7777/nudm-sdm/v2/imsi-999701000000010/smf-select-data (../lib/sbi/client.c:625)
11/20 19:20:30.128: [sbi] DEBUG: STREAM added [5] (../lib/sbi/nghttp2-server.c:1122)
11/20 19:20:30.128: [sbi] DEBUG: [GET] /nudm-sdm/v2/imsi-999701000000010/smf-select-data (../lib/sbi/nghttp2-server.c:801)
11/20 19:20:30.128: [udm] DEBUG: udm_state_operational(): OGS_EVENT_NAME_SBI_SERVER (../src/udm/udm-sm.c:53)
11/20 19:20:30.128: [udm] DEBUG: udm_ue_state_operational(): OGS_EVENT_NAME_SBI_SERVER (../src/udm/ue-sm.c:46)
11/20 19:20:30.128: [sbi] DEBUG: [GET] http://127.0.0.20:7777/nudr-dr/v1/subscription-data/imsi-999701000000010/99970/provisioned-data/smf-selection-subscription-data (../lib/sbi/client.c:625)
11/20 19:20:30.129: [sbi] DEBUG: STREAM added [9] (../lib/sbi/nghttp2-server.c:1122)
11/20 19:20:30.129: [sbi] DEBUG: [GET] /nudr-dr/v1/subscription-data/imsi-999701000000010/99970/provisioned-data/smf-selection-subscription-data (../lib/sbi/nghttp2-server.c:801)
11/20 19:20:30.129: [udr] DEBUG: udr_state_operational(): OGS_EVENT_NAME_SBI_SERVER (../src/udr/udr-sm.c:51)
11/20 19:20:30.129: [sbi] DEBUG: STATUS [200] (../lib/sbi/nghttp2-server.c:357)
11/20 19:20:30.129: [sbi] DEBUG: SENDING...: 147 (../lib/sbi/nghttp2-server.c:365)
11/20 19:20:30.129: [sbi] DEBUG: {
	"subscribedSnssaiInfos":	{
		"{\n\t\"sst\":\t1\n}":	{
			"dnnInfos":	[{
					"dnn":	"internet",
					"defaultDnnIndicator":	true
				}]
		}
	}
} (../lib/sbi/nghttp2-server.c:366)
11/20 19:20:30.129: [sbi] DEBUG: STREAM closed [9] (../lib/sbi/nghttp2-server.c:852)
0000: 00000a01 04000000 0988c0bf 0f0d0331   ...............1
0010: 3437be                                47.
11/20 19:20:30.129: [sbi] DEBUG: [200:GET] http://127.0.0.20:7777/nudr-dr/v1/subscription-data/imsi-999701000000010/99970/provisioned-data/smf-selection-subscription-data (../lib/sbi/client.c:573)
11/20 19:20:30.129: [sbi] DEBUG: RECEIVED[147] (../lib/sbi/client.c:584)
11/20 19:20:30.129: [sbi] DEBUG: {
	"subscribedSnssaiInfos":	{
		"{\n\t\"sst\":\t1\n}":	{
			"dnnInfos":	[{
					"dnn":	"internet",
					"defaultDnnIndicator":	true
				}]
		}
	}
} (../lib/sbi/client.c:586)
11/20 19:20:30.129: [udm] DEBUG: udm_state_operational(): OGS_EVENT_NAME_SBI_CLIENT (../src/udm/udm-sm.c:53)
0000: 00009300 01000000 097b0a09 22737562   .........{.."sub
0010: 73637269 62656453 6e737361 69496e66   scribedSnssaiInf
0020: 6f73223a 097b0a09 09227b5c 6e5c745c   os":.{..."{\n\t\
0030: 22737374 5c223a5c 74315c6e 7d223a09   "sst\":\t1\n}":.
0040: 7b0a0909 0922646e 6e496e66 6f73223a   {...."dnnInfos":
0050: 095b7b0a 09090909 0922646e 6e223a09   .[{......"dnn":.
0060: 22696e74 65726e65 74222c0a 09090909   "internet",.....
0070: 09226465 6661756c 74446e6e 496e6469   ."defaultDnnIndi
0080: 6361746f 72223a09 74727565 0a090909   cator":.true....
0090: 097d5d0a 09097d0a 097d0a7d            .}]...}..}.}
11/20 19:20:30.129: [udm] DEBUG: udm_ue_state_operational(): OGS_EVENT_NAME_SBI_CLIENT (../src/udm/ue-sm.c:46)
11/20 19:20:30.129: [sbi] DEBUG: STATUS [200] (../lib/sbi/nghttp2-server.c:357)
11/20 19:20:30.129: [sbi] DEBUG: SENDING...: 147 (../lib/sbi/nghttp2-server.c:365)
11/20 19:20:30.129: [sbi] DEBUG: {
	"subscribedSnssaiInfos":	{
		"{\n\t\"sst\":\t1\n}":	{
			"dnnInfos":	[{
					"dnn":	"internet",
					"defaultDnnIndicator":	true
				}]
		}
	}
} (../lib/sbi/nghttp2-server.c:366)
11/20 19:20:30.129: [sbi] DEBUG: STREAM closed [5] (../lib/sbi/nghttp2-server.c:852)
0000: 00000a01 04000000 0588c0bf 0f0d0331   ...............1
0010: 3437be                                47.
11/20 19:20:30.129: [sbi] DEBUG: [200:GET] http://127.0.0.12:7777/nudm-sdm/v2/imsi-999701000000010/smf-select-data (../lib/sbi/client.c:573)
11/20 19:20:30.129: [sbi] DEBUG: RECEIVED[147] (../lib/sbi/client.c:584)
11/20 19:20:30.129: [sbi] DEBUG: {
	"subscribedSnssaiInfos":	{
		"{\n\t\"sst\":\t1\n}":	{
			"dnnInfos":	[{
					"dnn":	"internet",
					"defaultDnnIndicator":	true
				}]
		}
	}
} (../lib/sbi/client.c:586)
0000: 00009300 01000000 057b0a09 22737562   .........{.."sub
0010: 73637269 62656453 6e737361 69496e66   scribedSnssaiInf
0020: 6f73223a 097b0a09 09227b5c 6e5c745c   os":.{..."{\n\t\
0030: 22737374 5c223a5c 74315c6e 7d223a09   "sst\":\t1\n}":.
0040: 7b0a0909 0922646e 6e496e66 6f73223a   {...."dnnInfos":
0050: 095b7b0a 09090909 0922646e 6e223a09   .[{......"dnn":.
0060: 22696e74 65726e65 74222c0a 09090909   "internet",.....
0070: 09226465 6661756c 74446e6e 496e6469   ."defaultDnnIndi
0080: 6361746f 72223a09 74727565 0a090909   cator":.true....
0090: 097d5d0a 09097d0a 097d0a7d            .}]...}..}.}
11/20 19:20:30.129: [amf] DEBUG: amf_state_operational(): OGS_EVENT_NAME_SBI_CLIENT (../src/amf/amf-sm.c:78)
11/20 19:20:30.130: [gmm] DEBUG: gmm_state_initial_context_setup(): OGS_EVENT_NAME_SBI_CLIENT (../src/amf/gmm-sm.c:969)
11/20 19:20:30.130: [sbi] DEBUG: [GET] http://127.0.0.12:7777/nudm-sdm/v2/imsi-999701000000010/ue-context-in-smf-data (../lib/sbi/client.c:625)
11/20 19:20:30.130: [sbi] DEBUG: STREAM added [7] (../lib/sbi/nghttp2-server.c:1122)
11/20 19:20:30.130: [sbi] DEBUG: [GET] /nudm-sdm/v2/imsi-999701000000010/ue-context-in-smf-data (../lib/sbi/nghttp2-server.c:801)
11/20 19:20:30.130: [udm] DEBUG: udm_state_operational(): OGS_EVENT_NAME_SBI_SERVER (../src/udm/udm-sm.c:53)
11/20 19:20:30.130: [udm] DEBUG: udm_ue_state_operational(): OGS_EVENT_NAME_SBI_SERVER (../src/udm/ue-sm.c:46)
11/20 19:20:30.130: [sbi] DEBUG: STATUS [200] (../lib/sbi/nghttp2-server.c:357)
11/20 19:20:30.130: [sbi] DEBUG: SENDING...: 3 (../lib/sbi/nghttp2-server.c:365)
11/20 19:20:30.130: [sbi] DEBUG: {
} (../lib/sbi/nghttp2-server.c:366)
11/20 19:20:30.130: [sbi] DEBUG: STREAM closed [7] (../lib/sbi/nghttp2-server.c:852)
0000: 00000801 04000000 0788c0bf 0f0d0133   ...............3
0010: be                                    .
0000: 00000300 01000000 077b0a7d            .........{.}
11/20 19:20:30.130: [sbi] DEBUG: [200:GET] http://127.0.0.12:7777/nudm-sdm/v2/imsi-999701000000010/ue-context-in-smf-data (../lib/sbi/client.c:573)
11/20 19:20:30.130: [sbi] DEBUG: RECEIVED[3] (../lib/sbi/client.c:584)
11/20 19:20:30.130: [sbi] DEBUG: {
} (../lib/sbi/client.c:586)
11/20 19:20:30.130: [amf] DEBUG: amf_state_operational(): OGS_EVENT_NAME_SBI_CLIENT (../src/amf/amf-sm.c:78)
11/20 19:20:30.130: [gmm] DEBUG: gmm_state_initial_context_setup(): OGS_EVENT_NAME_SBI_CLIENT (../src/amf/gmm-sm.c:969)
11/20 19:20:30.130: [sbi] DEBUG: [POST] http://127.0.0.12:7777/nudm-sdm/v2/imsi-999701000000010/sdm-subscriptions (../lib/sbi/client.c:625)
11/20 19:20:30.130: [sbi] DEBUG: SENDING...[257] (../lib/sbi/client.c:401)
11/20 19:20:30.130: [sbi] DEBUG: {
	"nfInstanceId":	"70ba6878-694b-41ed-97ef-3971b1032c7d",
	"implicitUnsubscribe":	true,
	"callbackReference":	"http://127.0.0.5:7777/namf-callback/v1/imsi-999701000000010/sdmsubscription-notify",
	"monitoredResourceUris":	["imsi-999701000000010/am-data"]
} (../lib/sbi/client.c:403)
11/20 19:20:30.130: [sbi] DEBUG: STREAM added [9] (../lib/sbi/nghttp2-server.c:1122)
11/20 19:20:30.130: [sbi] DEBUG: [POST] /nudm-sdm/v2/imsi-999701000000010/sdm-subscriptions (../lib/sbi/nghttp2-server.c:801)
11/20 19:20:30.130: [sbi] DEBUG: RECEIVED: 257 (../lib/sbi/nghttp2-server.c:805)
11/20 19:20:30.130: [sbi] DEBUG: {
	"nfInstanceId":	"70ba6878-694b-41ed-97ef-3971b1032c7d",
	"implicitUnsubscribe":	true,
	"callbackReference":	"http://127.0.0.5:7777/namf-callback/v1/imsi-999701000000010/sdmsubscription-notify",
	"monitoredResourceUris":	["imsi-999701000000010/am-data"]
} (../lib/sbi/nghttp2-server.c:806)
11/20 19:20:30.130: [udm] DEBUG: udm_state_operational(): OGS_EVENT_NAME_SBI_SERVER (../src/udm/udm-sm.c:53)
11/20 19:20:30.130: [udm] DEBUG: udm_ue_state_operational(): OGS_EVENT_NAME_SBI_SERVER (../src/udm/ue-sm.c:46)
11/20 19:20:30.130: [sbi] DEBUG: STATUS [201] (../lib/sbi/nghttp2-server.c:357)
11/20 19:20:30.130: [sbi] DEBUG: SENDING...: 257 (../lib/sbi/nghttp2-server.c:365)
11/20 19:20:30.130: [sbi] DEBUG: {
	"nfInstanceId":	"70ba6878-694b-41ed-97ef-3971b1032c7d",
	"implicitUnsubscribe":	true,
	"callbackReference":	"http://127.0.0.5:7777/namf-callback/v1/imsi-999701000000010/sdmsubscription-notify",
	"monitoredResourceUris":	["imsi-999701000000010/am-data"]
} (../lib/sbi/nghttp2-server.c:366)
11/20 19:20:30.130: [sbi] DEBUG: STREAM closed [9] (../lib/sbi/nghttp2-server.c:852)
0000: 00004201 04000000 09c1c0bf 0f0d0332   ..B............2
0010: 35370f1f b59d29ae e30c044e ae05c0b8   57....)....N....
0020: 4571d75d 758aad92 9591252c 771306a5   Eq.]u.....%,w...
0030: 0659f7df 74010000 00000103 08929591   .Y..t...........
0040: 6c682586 ad263d48 603fbe              lh%..&=H`?.
11/20 19:20:30.130: [sbi] DEBUG: [201:POST] http://127.0.0.12:7777/nudm-sdm/v2/imsi-999701000000010/sdm-subscriptions (../lib/sbi/client.c:573)
11/20 19:20:30.130: [sbi] DEBUG: RECEIVED[257] (../lib/sbi/client.c:584)
11/20 19:20:30.130: [sbi] DEBUG: {
	"nfInstanceId":	"70ba6878-694b-41ed-97ef-3971b1032c7d",
	"implicitUnsubscribe":	true,
	"callbackReference":	"http://127.0.0.5:7777/namf-callback/v1/imsi-999701000000010/sdmsubscription-notify",
	"monitoredResourceUris":	["imsi-999701000000010/am-data"]
} (../lib/sbi/client.c:586)
11/20 19:20:30.130: [amf] DEBUG: amf_state_operational(): OGS_EVENT_NAME_SBI_CLIENT (../src/amf/amf-sm.c:78)
0000: 00010100 01000000 097b0a09 226e6649   .........{.."nfI
0010: 6e737461 6e636549 64223a09 22373062   nstanceId":."70b
0020: 61363837 382d3639 34622d34 3165642d   a6878-694b-41ed-
0030: 39376566 2d333937 31623130 33326337   97ef-3971b1032c7
0040: 64222c0a 0922696d 706c6963 6974556e   d",.."implicitUn
0050: 73756273 63726962 65223a09 74727565   subscribe":.true
0060: 2c0a0922 63616c6c 6261636b 52656665   ,.."callbackRefe
0070: 72656e63 65223a09 22687474 703a2f2f   rence":."http://
0080: 3132372e 302e302e 353a3737 37372f6e   127.0.0.5:7777/n
0090: 616d662d 63616c6c 6261636b 2f76312f   amf-callback/v1/
00a0: 696d7369 2d393939 37303130 30303030   imsi-99970100000
00b0: 30303130 2f73646d 73756273 63726970   0010/sdmsubscrip
00c0: 74696f6e 2d6e6f74 69667922 2c0a0922   tion-notify",.."
00d0: 6d6f6e69 746f7265 64526573 6f757263   monitoredResourc
00e0: 65557269 73223a09 5b22696d 73692d39   eUris":.["imsi-9
00f0: 39393730 31303030 30303030 31302f61   99701000000010/a
0100: 6d2d6461 7461225d 0a7d                m-data"].}
11/20 19:20:30.130: [gmm] DEBUG: gmm_state_initial_context_setup(): OGS_EVENT_NAME_SBI_CLIENT (../src/amf/gmm-sm.c:969)
11/20 19:20:30.131: [sbi] WARNING: Try to discover [npcf-am-policy-control] (../lib/sbi/path.c:337)
11/20 19:20:30.131: [sbi] DEBUG: [GET] http://[::1]:7777/nnrf-disc/v1/nf-instances (../lib/sbi/client.c:625)
11/20 19:20:30.131: [sbi] DEBUG: STREAM added [11] (../lib/sbi/nghttp2-server.c:1122)
11/20 19:20:30.131: [sbi] DEBUG: [GET] /nnrf-disc/v1/nf-instances (../lib/sbi/nghttp2-server.c:801)
11/20 19:20:30.131: [nrf] DEBUG: nrf_state_operational(): OGS_EVENT_NAME_SBI_SERVER (../src/nrf/nrf-sm.c:50)
11/20 19:20:30.131: [nrf] DEBUG: NF-Discover : Requester[AMF] Target[PCF] (../src/nrf/nnrf-handler.c:450)
11/20 19:20:30.131: [nrf] DEBUG: [0] service-names[npcf-am-policy-control] (../src/nrf/nnrf-handler.c:478)
11/20 19:20:30.131: [nrf] DEBUG: [70cfafe4-694b-41ed-8faa-7d5ef2fddc03:0] NF-Discovered [NF-Type:PCF,NF-Status:REGISTERED,IPv4:1,IPv6:0] (../src/nrf/nnrf-handler.c:505)
11/20 19:20:30.131: [sbi] DEBUG: STATUS [200] (../lib/sbi/nghttp2-server.c:357)
11/20 19:20:30.131: [sbi] DEBUG: SENDING...: 881 (../lib/sbi/nghttp2-server.c:365)
11/20 19:20:30.131: [sbi] DEBUG: {
	"validityPeriod":	3600,
	"nfInstances":	[{
			"nfInstanceId":	"70cfafe4-694b-41ed-8faa-7d5ef2fddc03",
			"nfType":	"PCF",
			"nfStatus":	"REGISTERED",
			"heartBeatTimer":	10,
			"ipv4Addresses":	["127.0.0.13"],
			"allowedNfTypes":	["AMF", "SMF", "SCP"],
			"priority":	0,
			"capacity":	100,
			"load":	0,
			"nfServiceList":	{
				"70d0a5f2-694b-41ed-8faa-7d5ef2fddc03":	{
					"serviceInstanceId":	"70d0a5f2-694b-41ed-8faa-7d5ef2fddc03",
					"serviceName":	"npcf-am-policy-control",
					"versions":	[{
							"apiVersionInUri":	"v1",
							"apiFullVersion":	"1.0.0"
						}],
					"scheme":	"http",
					"nfServiceStatus":	"REGISTERED",
					"ipEndPoints":	[{
							"ipv4Address":	"127.0.0.13",
							"port":	7777
						}],
					"allowedNfTypes":	["AMF"],
					"priority":	0,
					"capacity":	100,
					"load":	0
				}
			},
			"nfProfileChangesSupportInd":	true
		}]
} (../lib/sbi/nghttp2-server.c:366)
11/20 19:20:30.131: [sbi] DEBUG: STREAM closed [11] (../lib/sbi/nghttp2-server.c:852)
0000: 00000b01 04000000 0b88c2bf 0f0d0338   ...............8
0010: 3831bec0                              81..
0000: 00037100 01000000 0b7b0a09 2276616c   ..q......{.."val
0010: 69646974 79506572 696f6422 3a093336   idityPeriod":.36
0020: 30302c0a 09226e66 496e7374 616e6365   00,.."nfInstance
0030: 73223a09 5b7b0a09 0909226e 66496e73   s":.[{...."nfIns
0040: 74616e63 65496422 3a092237 30636661   tanceId":."70cfa
0050: 6665342d 36393462 2d343165 642d3866   fe4-694b-41ed-8f
0060: 61612d37 64356566 32666464 63303322   aa-7d5ef2fddc03"
0070: 2c0a0909 09226e66 54797065 223a0922   ,...."nfType":."
0080: 50434622 2c0a0909 09226e66 53746174   PCF",...."nfStat
0090: 7573223a 09225245 47495354 45524544   us":."REGISTERED
00a0: 222c0a09 09092268 65617274 42656174   ",...."heartBeat
00b0: 54696d65 72223a09 31302c0a 09090922   Timer":.10,...."
00c0: 69707634 41646472 65737365 73223a09   ipv4Addresses":.
00d0: 5b223132 372e302e 302e3133 225d2c0a   ["127.0.0.13"],.
00e0: 09090922 616c6c6f 7765644e 66547970   ..."allowedNfTyp
00f0: 6573223a 095b2241 4d46222c 2022534d   es":.["AMF", "SM
0100: 46222c20 22534350 225d2c0a 09090922   F", "SCP"],...."
0110: 7072696f 72697479 223a0930 2c0a0909   priority":.0,...
0120: 09226361 70616369 7479223a 09313030   ."capacity":.100
0130: 2c0a0909 09226c6f 6164223a 09302c0a   ,...."load":.0,.
0140: 09090922 6e665365 72766963 654c6973   ..."nfServiceLis
0150: 74223a09 7b0a0909 09092237 30643061   t":.{....."70d0a
0160: 3566322d 36393462 2d343165 642d3866   5f2-694b-41ed-8f
0170: 61612d37 64356566 32666464 63303322   aa-7d5ef2fddc03"
0180: 3a097b0a 09090909 09227365 72766963   :.{......"servic
0190: 65496e73 74616e63 65496422 3a092237   eInstanceId":."7
01a0: 30643061 3566322d 36393462 2d343165   0d0a5f2-694b-41e
01b0: 642d3866 61612d37 64356566 32666464   d-8faa-7d5ef2fdd
01c0: 63303322 2c0a0909 09090922 73657276   c03",......"serv
01d0: 6963654e 616d6522 3a09226e 7063662d   iceName":."npcf-
01e0: 616d2d70 6f6c6963 792d636f 6e74726f   am-policy-contro
01f0: 6c222c0a 09090909 09227665 7273696f   l",......"versio
0200: 6e73223a 095b7b0a 09090909 09090922   ns":.[{........"
0210: 61706956 65727369 6f6e496e 55726922   apiVersionInUri"
0220: 3a092276 31222c0a 09090909 09090922   :."v1",........"
0230: 61706946 756c6c56 65727369 6f6e223a   apiFullVersion":
0240: 0922312e 302e3022 0a090909 0909097d   ."1.0.0".......}
0250: 5d2c0a09 09090909 22736368 656d6522   ],......"scheme"
0260: 3a092268 74747022 2c0a0909 09090922   :."http",......"
0270: 6e665365 72766963 65537461 74757322   nfServiceStatus"
0280: 3a092252 45474953 54455245 44222c0a   :."REGISTERED",.
0290: 09090909 09226970 456e6450 6f696e74   ....."ipEndPoint
02a0: 73223a09 5b7b0a09 09090909 09092269   s":.[{........"i
02b0: 70763441 64647265 7373223a 09223132   pv4Address":."12
02c0: 372e302e 302e3133 222c0a09 09090909   7.0.0.13",......
02d0: 09092270 6f727422 3a093737 37370a09   .."port":.7777..
02e0: 09090909 097d5d2c 0a090909 09092261   .....}],......"a
02f0: 6c6c6f77 65644e66 54797065 73223a09   llowedNfTypes":.
0300: 5b22414d 46225d2c 0a090909 09092270   ["AMF"],......"p
0310: 72696f72 69747922 3a09302c 0a090909   riority":.0,....
0320: 09092263 61706163 69747922 3a093130   .."capacity":.10
0330: 302c0a09 09090909 226c6f61 64223a09   0,......"load":.
0340: 300a0909 09097d0a 0909097d 2c0a0909   0.....}....},...
0350: 09226e66 50726f66 696c6543 68616e67   ."nfProfileChang
0360: 65735375 70706f72 74496e64 223a0974   esSupportInd":.t
0370: 7275650a 09097d5d 0a7d                rue...}].}
11/20 19:20:30.131: [sbi] DEBUG: [200:GET] http://[::1]:7777/nnrf-disc/v1/nf-instances?requester-nf-type=AMF&service-names=npcf-am-policy-control&target-nf-type=PCF (../lib/sbi/client.c:573)
11/20 19:20:30.131: [sbi] DEBUG: RECEIVED[881] (../lib/sbi/client.c:584)
11/20 19:20:30.131: [sbi] DEBUG: {
	"validityPeriod":	3600,
	"nfInstances":	[{
			"nfInstanceId":	"70cfafe4-694b-41ed-8faa-7d5ef2fddc03",
			"nfType":	"PCF",
			"nfStatus":	"REGISTERED",
			"heartBeatTimer":	10,
			"ipv4Addresses":	["127.0.0.13"],
			"allowedNfTypes":	["AMF", "SMF", "SCP"],
			"priority":	0,
			"capacity":	100,
			"load":	0,
			"nfServiceList":	{
				"70d0a5f2-694b-41ed-8faa-7d5ef2fddc03":	{
					"serviceInstanceId":	"70d0a5f2-694b-41ed-8faa-7d5ef2fddc03",
					"serviceName":	"npcf-am-policy-control",
					"versions":	[{
							"apiVersionInUri":	"v1",
							"apiFullVersion":	"1.0.0"
						}],
					"scheme":	"http",
					"nfServiceStatus":	"REGISTERED",
					"ipEndPoints":	[{
							"ipv4Address":	"127.0.0.13",
							"port":	7777
						}],
					"allowedNfTypes":	["AMF"],
					"priority":	0,
					"capacity":	100,
					"load":	0
				}
			},
			"nfProfileChangesSupportInd":	true
		}]
} (../lib/sbi/client.c:586)
11/20 19:20:30.131: [amf] DEBUG: amf_state_operational(): OGS_EVENT_NAME_SBI_CLIENT (../src/amf/amf-sm.c:78)
11/20 19:20:30.131: [sbi] DEBUG: ogs_sbi_nf_instance_add() (../lib/sbi/context.c:762)
11/20 19:20:30.131: [sbi] DEBUG: [REF] 1 (../lib/sbi/context.c:764)
11/20 19:20:30.131: [sbi] DEBUG: ogs_sbi_nf_state_initial(): ENTRY (../lib/sbi/nf-sm.c:66)
11/20 19:20:30.131: [sbi] DEBUG: ogs_sbi_nf_state_registered(): ENTRY (../lib/sbi/nf-sm.c:204)
11/20 19:20:30.131: [sbi] INFO: [70cfafe4-694b-41ed-8faa-7d5ef2fddc03] (NF-discover) NF registered (../lib/sbi/nnrf-handler.c:725)
11/20 19:20:30.131: [sock] DEBUG: addr:127.0.0.13, port:80 (../lib/core/ogs-sockaddr.c:140)
11/20 19:20:30.131: [sock] DEBUG: addr:127.0.0.13, port:7777 (../lib/core/ogs-sockaddr.c:140)
11/20 19:20:30.131: [sbi] DEBUG: ogs_sbi_client_add() (../lib/sbi/client.c:112)
11/20 19:20:30.131: [sbi] DEBUG: [REF] 1 (../lib/sbi/client.c:113)
11/20 19:20:30.131: [sbi] DEBUG: [REF] 2 (../lib/sbi/context.c:1570)
11/20 19:20:30.131: [sbi] DEBUG: ogs_sbi_client_add() (../lib/sbi/client.c:112)
11/20 19:20:30.131: [sbi] DEBUG: [REF] 1 (../lib/sbi/client.c:113)
11/20 19:20:30.131: [sbi] DEBUG: [REF] 2 (../lib/sbi/context.c:1482)
11/20 19:20:30.131: [sbi] INFO: [70cfafe4-694b-41ed-8faa-7d5ef2fddc03] (NF-discover) NF Profile updated (../lib/sbi/nnrf-handler.c:752)
11/20 19:20:30.131: [amf] DEBUG: [REF] 2 (../src/amf/context.c:1945)
11/20 19:20:30.131: [sbi] DEBUG: [POST] http://127.0.0.13:7777/npcf-am-policy-control/v1/policies (../lib/sbi/client.c:625)
11/20 19:20:30.131: [sbi] DEBUG: SENDING...[876] (../lib/sbi/client.c:401)
11/20 19:20:30.131: [sbi] DEBUG: {
	"notificationUri":	"http://127.0.0.5:7777/namf-callback/v1/imsi-999701000000010/am-policy-notify",
	"supi":	"imsi-999701000000010",
	"gpsi":	"msisdn-491725670014",
	"accessType":	"3GPP_ACCESS",
	"pei":	"imeisv-8665070400405301",
	"userLoc":	{
		"nrLocation":	{
			"tai":	{
				"plmnId":	{
					"mcc":	"999",
					"mnc":	"70"
				},
				"tac":	"000001"
			},
			"ncgi":	{
				"plmnId":	{
					"mcc":	"999",
					"mnc":	"70"
				},
				"nrCellId":	"000040001"
			},
			"ueLocationTimestamp":	"2022-11-21T03:20:30.114482Z"
		}
	},
	"timeZone":	"-08:00",
	"servingPlmn":	{
		"mcc":	"999",
		"mnc":	"70"
	},
	"ratType":	"NR",
	"ueAmbr":	{
		"uplink":	"1048576 Kbps",
		"downlink":	"1048576 Kbps"
	},
	"allowedSnssais":	[{
			"sst":	1
		}],
	"guami":	{
		"plmnId":	{
			"mcc":	"999",
			"mnc":	"70"
		},
		"amfId":	"020040"
	},
	"serviceName":	"namf-callback",
	"suppFeat":	"4"
} (../lib/sbi/client.c:403)
11/20 19:20:30.131: [sbi] DEBUG: MAX_CONCURRENT_STREAMS = 100 (../lib/sbi/nghttp2-server.c:747)
11/20 19:20:30.131: [sbi] DEBUG: ENABLE_PUSH = false (../lib/sbi/nghttp2-server.c:749)
11/20 19:20:30.131: [sbi] DEBUG: STREAM added [1] (../lib/sbi/nghttp2-server.c:1122)
11/20 19:20:30.131: [sbi] DEBUG: [POST] /npcf-am-policy-control/v1/policies (../lib/sbi/nghttp2-server.c:801)
11/20 19:20:30.131: [sbi] DEBUG: RECEIVED: 876 (../lib/sbi/nghttp2-server.c:805)
11/20 19:20:30.131: [sbi] DEBUG: {
	"notificationUri":	"http://127.0.0.5:7777/namf-callback/v1/imsi-999701000000010/am-policy-notify",
	"supi":	"imsi-999701000000010",
	"gpsi":	"msisdn-491725670014",
	"accessType":	"3GPP_ACCESS",
	"pei":	"imeisv-8665070400405301",
	"userLoc":	{
		"nrLocation":	{
			"tai":	{
				"plmnId":	{
					"mcc":	"999",
					"mnc":	"70"
				},
				"tac":	"000001"
			},
			"ncgi":	{
				"plmnId":	{
					"mcc":	"999",
					"mnc":	"70"
				},
				"nrCellId":	"000040001"
			},
			"ueLocationTimestamp":	"2022-11-21T03:20:30.114482Z"
		}
	},
	"timeZone":	"-08:00",
	"servingPlmn":	{
		"mcc":	"999",
		"mnc":	"70"
	},
	"ratType":	"NR",
	"ueAmbr":	{
		"uplink":	"1048576 Kbps",
		"downlink":	"1048576 Kbps"
	},
	"allowedSnssais":	[{
			"sst":	1
		}],
	"guami":	{
		"plmnId":	{
			"mcc":	"999",
			"mnc":	"70"
		},
		"amfId":	"020040"
	},
	"serviceName":	"namf-callback",
	"suppFeat":	"4"
} (../lib/sbi/nghttp2-server.c:806)
0000: 00000604 00000000 00000300 04e200     ...............
11/20 19:20:30.132: [pcf] DEBUG: pcf_state_operational(): OGS_EVENT_NAME_SBI_SERVER (../src/pcf/pcf-sm.c:58)
11/20 19:20:30.132: [pcf] DEBUG: pcf_am_state_operational(): ENTRY (../src/pcf/am-sm.c:48)
11/20 19:20:30.132: [pcf] DEBUG: pcf_am_state_operational(): OGS_EVENT_NAME_SBI_SERVER (../src/pcf/am-sm.c:48)
11/20 19:20:30.132: [sock] DEBUG: addr:127.0.0.5, port:7777 (../lib/core/ogs-sockaddr.c:140)
11/20 19:20:30.132: [sbi] DEBUG: ogs_sbi_client_add() (../lib/sbi/client.c:112)
11/20 19:20:30.132: [sbi] DEBUG: [REF] 1 (../lib/sbi/client.c:113)
11/20 19:20:30.132: [pcf] DEBUG: [REF] 2 (../src/pcf/npcf-handler.c:93)
11/20 19:20:30.132: [dbi] DEBUG: SUPI type: imsi, SUPI id: 999701000000010, imeisv: 8665070400405301 (../lib/dbi/subscription.c:169)
11/20 19:20:30.132: [sbi] DEBUG: [REF] 2 (../lib/sbi/path.c:212)
11/20 19:20:30.132: [sbi] DEBUG: [GET] http://127.0.0.20:7777/nudr-dr/v1/policy-data/ues/imsi-999701000000010/am-data (../lib/sbi/client.c:625)
11/20 19:20:30.132: [sbi] DEBUG: MAX_CONCURRENT_STREAMS = 100 (../lib/sbi/nghttp2-server.c:747)
11/20 19:20:30.132: [sbi] DEBUG: ENABLE_PUSH = false (../lib/sbi/nghttp2-server.c:749)
11/20 19:20:30.133: [sbi] DEBUG: MAX_CONCURRENT_STREAMS = 100 (../lib/sbi/nghttp2-server.c:747)
11/20 19:20:30.133: [sbi] DEBUG: ENABLE_PUSH = false (../lib/sbi/nghttp2-server.c:749)
11/20 19:20:30.133: [sbi] DEBUG: STREAM added [1] (../lib/sbi/nghttp2-server.c:1122)
11/20 19:20:30.133: [sbi] DEBUG: [GET] /nudr-dr/v1/policy-data/ues/imsi-999701000000010/am-data (../lib/sbi/nghttp2-server.c:801)
0000: 00000604 00000000 00000300 04e200     ...............
11/20 19:20:30.133: [udr] DEBUG: udr_state_operational(): OGS_EVENT_NAME_SBI_SERVER (../src/udr/udr-sm.c:51)
11/20 19:20:30.133: [sbi] DEBUG: STATUS [200] (../lib/sbi/nghttp2-server.c:357)
11/20 19:20:30.133: [sbi] DEBUG: SENDING...: 3 (../lib/sbi/nghttp2-server.c:365)
11/20 19:20:30.133: [sbi] DEBUG: {
} (../lib/sbi/nghttp2-server.c:366)
11/20 19:20:30.133: [sbi] DEBUG: STREAM closed [1] (../lib/sbi/nghttp2-server.c:852)
11/20 19:20:30.133: [sbi] DEBUG: MAX_CONCURRENT_STREAMS = 100 (../lib/sbi/nghttp2-server.c:747)
11/20 19:20:30.133: [sbi] DEBUG: ENABLE_PUSH = false (../lib/sbi/nghttp2-server.c:749)
0000: 00000004 01000000 00                  .........
0000: 00003701 04000000 0188768b d5596a6f   ..7.......v..Yjo
0010: 16e53b89 76d76f61 96d07abe 941054d2   ..;.v.oa..z...T.
0020: 7eea0802 128066e0 81719029 8b46ff0f   ~.....f..q.).F..
0030: 0d01335f 8b1d75d0 620d263d 4c7441ea   ..3_..u.b.&=LtA.
0000: 00000300 01000000 017b0a7d            .........{.}
11/20 19:20:30.133: [sbi] DEBUG: [200:GET] http://127.0.0.20:7777/nudr-dr/v1/policy-data/ues/imsi-999701000000010/am-data (../lib/sbi/client.c:573)
11/20 19:20:30.133: [sbi] DEBUG: RECEIVED[3] (../lib/sbi/client.c:584)
11/20 19:20:30.133: [sbi] DEBUG: {
} (../lib/sbi/client.c:586)
11/20 19:20:30.133: [pcf] DEBUG: pcf_state_operational(): OGS_EVENT_NAME_SBI_CLIENT (../src/pcf/pcf-sm.c:58)
11/20 19:20:30.133: [pcf] DEBUG: pcf_am_state_operational(): OGS_EVENT_NAME_SBI_CLIENT (../src/pcf/am-sm.c:48)
11/20 19:20:30.134: [sbi] DEBUG: STATUS [201] (../lib/sbi/nghttp2-server.c:357)
11/20 19:20:30.134: [sbi] DEBUG: SENDING...: 1031 (../lib/sbi/nghttp2-server.c:365)
11/20 19:20:30.134: [sbi] DEBUG: {
	"request":	{
		"notificationUri":	"http://127.0.0.5:7777/namf-callback/v1/imsi-999701000000010/am-policy-notify",
		"supi":	"imsi-999701000000010",
		"gpsi":	"msisdn-491725670014",
		"accessType":	"3GPP_ACCESS",
		"pei":	"imeisv-8665070400405301",
		"userLoc":	{
			"nrLocation":	{
				"tai":	{
					"plmnId":	{
						"mcc":	"999",
						"mnc":	"70"
					},
					"tac":	"000001"
				},
				"ncgi":	{
					"plmnId":	{
						"mcc":	"999",
						"mnc":	"70"
					},
					"nrCellId":	"000040001"
				},
				"ueLocationTimestamp":	"2022-11-21T03:20:30.114482Z"
			}
		},
		"timeZone":	"-08:00",
		"servingPlmn":	{
			"mcc":	"999",
			"mnc":	"70"
		},
		"ratType":	"NR",
		"ueAmbr":	{
			"uplink":	"1048576 Kbps",
			"downlink":	"1048576 Kbps"
		},
		"allowedSnssais":	[{
				"sst":	1
			}],
		"guami":	{
			"plmnId":	{
				"mcc":	"999",
				"mnc":	"70"
			},
			"amfId":	"020040"
		},
		"serviceName":	"namf-callback",
		"suppFeat":	"4"
	},
	"ueAmbr":	{
		"uplink":	"1048576 Kbps",
		"downlink":	"1048576 Kbps"
	},
	"suppFeat":	"4"
} (../lib/sbi/nghttp2-server.c:366)
11/20 19:20:30.134: [sbi] DEBUG: STREAM closed [1] (../lib/sbi/nghttp2-server.c:852)
0000: 00000004 01000000 00                  .........
0000: 00006901 04000000 01488210 03768bd5   ..i......H...v..
0010: 596a6f16 e53b8976 d76f6196 d07abe94   Yjo..;.v.oa..z..
0020: 1054d27e ea080212 8066e081 7190298b   .T.~.....f..q.).
0030: 46ff0f0d 8308190f 0f1faa9d 29aee30c   F...........)...
0040: 044eae05 c0b859b8 ebaebac5 55925587   .N....Y.....U.U.
0050: 4ad59e83 13d2c43d 49b0f431 dc2c567a   J......=I..1.,Vz
0060: 0c43150c 075f8b1d 75d0620d 263d4c74   .C..._..u.b.&=Lt
0070: 41ea                                  A.
11/20 19:20:30.134: [sbi] DEBUG: [201:POST] http://127.0.0.13:7777/npcf-am-policy-control/v1/policies (../lib/sbi/client.c:573)
11/20 19:20:30.134: [sbi] DEBUG: RECEIVED[1031] (../lib/sbi/client.c:584)
11/20 19:20:30.134: [sbi] DEBUG: {
	"request":	{
		"notificationUri":	"http://127.0.0.5:7777/namf-callback/v1/imsi-999701000000010/am-policy-notify",
		"supi":	"imsi-999701000000010",
		"gpsi":	"msisdn-491725670014",
		"accessType":	"3GPP_ACCESS",
		"pei":	"imeisv-8665070400405301",
		"userLoc":	{
			"nrLocation":	{
				"tai":	{
					"plmnId":	{
						"mcc":	"999",
						"mnc":	"70"
					},
					"tac":	"000001"
				},
				"ncgi":	{
					"plmnId":	{
						"mcc":	"999",
						"mnc":	"70"
					},
					"nrCellId":	"000040001"
				},
				"ueLocationTimestamp":	"2022-11-21T03:20:30.114482Z"
			}
		},
		"timeZone":	"-08:00",
		"servingPlmn":	{
			"mcc":	"999",
			"mnc":	"70"
		},
		"ratType":	"NR",
		"ueAmbr":	{
			"uplink":	"1048576 Kbps",
			"downlink":	"1048576 Kbps"
		},
		"allowedSnssais":	[{
				"sst":	1
			}],
		"guami":	{
			"plmnId":	{
				"mcc":	"999",
				"mnc":	"70"
			},
			"amfId":	"020040"
		},
		"serviceName":	"namf-callback",
		"suppFeat":	"4"
	},
	"ueAmbr":	{
		"uplink":	"1048576 Kbps",
		"downlink":	"1048576 Kbps"
	},
	"suppFeat":	"4"
} (../lib/sbi/client.c:586)
11/20 19:20:30.134: [amf] DEBUG: amf_state_operational(): OGS_EVENT_NAME_SBI_CLIENT (../src/amf/amf-sm.c:78)
11/20 19:20:30.134: [gmm] DEBUG: gmm_state_initial_context_setup(): OGS_EVENT_NAME_SBI_CLIENT (../src/amf/gmm-sm.c:969)
11/20 19:20:30.134: [amf] DEBUG: [imsi-999701000000010] Registration accept (../src/amf/nas-path.c:85)
11/20 19:20:30.134: [gmm] DEBUG: [imsi-999701000000010]    5G-S_GUTI[AMF_ID:0x20040,M_TMSI:0xef001859] (../src/amf/gmm-build.c:77)
11/20 19:20:30.134: [gmm] DEBUG: [imsi-999701000000010]    TAI[PLMN_ID:99f907,TAC:1] (../src/amf/gmm-build.c:90)
11/20 19:20:30.134: [gmm] DEBUG: [imsi-999701000000010]    NR_CGI[PLMN_ID:99f907,CELL_ID:0x40001] (../src/amf/gmm-build.c:93)
11/20 19:20:30.134: [gmm] DEBUG: [imsi-999701000000010]    SERVED_TAI_INDEX[0] (../src/amf/gmm-build.c:96)
11/20 19:20:30.134: [amf] DEBUG: InitialContextSetupRequest(UE) (../src/amf/ngap-build.c:477)
11/20 19:20:30.134: [amf] DEBUG:     RAN_UE_NGAP_ID[1] AMF_UE_NGAP_ID[1] (../src/amf/ngap-build.c:627)
11/20 19:20:30.134: [amf] DEBUG:     IP[127.0.0.1] RAN_ID[16384] (../src/amf/ngap-path.c:71)
0000: 00040700 01000000 017b0a09 22726571   .........{.."req
0010: 75657374 223a097b 0a090922 6e6f7469   uest":.{..."noti
0020: 66696361 74696f6e 55726922 3a092268   ficationUri":."h
0030: 7474703a 2f2f3132 372e302e 302e353a   ttp://127.0.0.5:
0040: 37373737 2f6e616d 662d6361 6c6c6261   7777/namf-callba
0050: 636b2f76 312f696d 73692d39 39393730   ck/v1/imsi-99970
0060: 31303030 30303030 31302f61 6d2d706f   1000000010/am-po
0070: 6c696379 2d6e6f74 69667922 2c0a0909   licy-notify",...
0080: 22737570 69223a09 22696d73 692d3939   "supi":."imsi-99
0090: 39373031 30303030 30303031 30222c0a   9701000000010",.
00a0: 09092267 70736922 3a09226d 73697364   .."gpsi":."msisd
00b0: 6e2d3439 31373235 36373030 3134222c   n-491725670014",
00c0: 0a090922 61636365 73735479 7065223a   ..."accessType":
00d0: 09223347 50505f41 43434553 53222c0a   ."3GPP_ACCESS",.
00e0: 09092270 6569223a 0922696d 65697376   .."pei":."imeisv
00f0: 2d383636 35303730 34303034 30353330   -866507040040530
0100: 31222c0a 09092275 7365724c 6f63223a   1",..."userLoc":
0110: 097b0a09 0909226e 724c6f63 6174696f   .{...."nrLocatio
0120: 6e223a09 7b0a0909 09092274 6169223a   n":.{....."tai":
0130: 097b0a09 09090909 22706c6d 6e496422   .{......"plmnId"
0140: 3a097b0a 09090909 0909226d 6363223a   :.{......."mcc":
0150: 09223939 39222c0a 09090909 0909226d   ."999",......."m
0160: 6e63223a 09223730 220a0909 0909097d   nc":."70"......}
0170: 2c0a0909 09090922 74616322 3a092230   ,......"tac":."0
0180: 30303030 31220a09 0909097d 2c0a0909   00001".....},...
0190: 0909226e 63676922 3a097b0a 09090909   .."ncgi":.{.....
01a0: 0922706c 6d6e4964 223a097b 0a090909   ."plmnId":.{....
01b0: 09090922 6d636322 3a092239 3939222c   ..."mcc":."999",
01c0: 0a090909 09090922 6d6e6322 3a092237   ......."mnc":."7
01d0: 30220a09 09090909 7d2c0a09 09090909   0"......},......
01e0: 226e7243 656c6c49 64223a09 22303030   "nrCellId":."000
01f0: 30343030 3031220a 09090909 7d2c0a09   040001".....},..
0200: 09090922 75654c6f 63617469 6f6e5469   ..."ueLocationTi
0210: 6d657374 616d7022 3a092232 3032322d   mestamp":."2022-
0220: 31312d32 31543033 3a32303a 33302e31   11-21T03:20:30.1
0230: 31343438 325a220a 0909097d 0a09097d   14482Z"....}...}
0240: 2c0a0909 2274696d 655a6f6e 65223a09   ,..."timeZone":.
0250: 222d3038 3a303022 2c0a0909 22736572   "-08:00",..."ser
0260: 76696e67 506c6d6e 223a097b 0a090909   vingPlmn":.{....
0270: 226d6363 223a0922 39393922 2c0a0909   "mcc":."999",...
0280: 09226d6e 63223a09 22373022 0a09097d   ."mnc":."70"...}
0290: 2c0a0909 22726174 54797065 223a0922   ,..."ratType":."
02a0: 4e52222c 0a090922 7565416d 6272223a   NR",..."ueAmbr":
02b0: 097b0a09 09092275 706c696e 6b223a09   .{...."uplink":.
02c0: 22313034 38353736 204b6270 73222c0a   "1048576 Kbps",.
02d0: 09090922 646f776e 6c696e6b 223a0922   ..."downlink":."
02e0: 31303438 35373620 4b627073 220a0909   1048576 Kbps"...
02f0: 7d2c0a09 0922616c 6c6f7765 64536e73   },..."allowedSns
0300: 73616973 223a095b 7b0a0909 09092273   sais":.[{....."s
0310: 7374223a 09310a09 09097d5d 2c0a0909   st":.1....}],...
0320: 22677561 6d69223a 097b0a09 09092270   "guami":.{...."p
0330: 6c6d6e49 64223a09 7b0a0909 0909226d   lmnId":.{....."m
0340: 6363223a 09223939 39222c0a 09090909   cc":."999",.....
0350: 226d6e63 223a0922 3730220a 0909097d   "mnc":."70"....}
0360: 2c0a0909 0922616d 66496422 3a092230   ,...."amfId":."0
0370: 32303034 30220a09 097d2c0a 09092273   20040"...},..."s
0380: 65727669 63654e61 6d65223a 09226e61   erviceName":."na
0390: 6d662d63 616c6c62 61636b22 2c0a0909   mf-callback",...
03a0: 22737570 70466561 74223a09 2234220a   "suppFeat":."4".
03b0: 097d2c0a 09227565 416d6272 223a097b   .},.."ueAmbr":.{
03c0: 0a090922 75706c69 6e6b223a 09223130   ..."uplink":."10
03d0: 34383537 36204b62 7073222c 0a090922   48576 Kbps",..."
03e0: 646f776e 6c696e6b 223a0922 31303438   downlink":."1048
03f0: 35373620 4b627073 220a097d 2c0a0922   576 Kbps"..},.."
0400: 73757070 46656174 223a0922 34220a7d   suppFeat":."4".}
11/20 19:20:30.134: [amf] DEBUG: amf_state_operational(): AMF_EVENT_NGAP_MESSAGE (../src/amf/amf-sm.c:78)
11/20 19:20:30.134: [amf] DEBUG: ngap_state_operational(): AMF_EVENT_NGAP_MESSAGE (../src/amf/ngap-sm.c:53)
11/20 19:20:30.134: [amf] DEBUG: UERadioCapabilityInfoIndication (../src/amf/ngap-handler.c:687)
11/20 19:20:30.134: [amf] DEBUG:     IP[127.0.0.1] RAN_ID[16384] (../src/amf/ngap-handler.c:708)
11/20 19:20:30.134: [amf] DEBUG:     RAN_UE_NGAP_ID[1] AMF_UE_NGAP_ID[1] (../src/amf/ngap-handler.c:740)
11/20 19:20:30.135: [amf] DEBUG: amf_state_operational(): AMF_EVENT_NGAP_MESSAGE (../src/amf/amf-sm.c:78)
11/20 19:20:30.135: [amf] DEBUG: ngap_state_operational(): AMF_EVENT_NGAP_MESSAGE (../src/amf/ngap-sm.c:53)
11/20 19:20:30.135: [amf] DEBUG: InitialContextSetupResponse (../src/amf/ngap-handler.c:788)
11/20 19:20:30.135: [amf] DEBUG:     IP[127.0.0.1] RAN_ID[16384] (../src/amf/ngap-handler.c:809)
11/20 19:20:30.135: [amf] DEBUG:     RAN_UE_NGAP_ID[1] AMF_UE_NGAP_ID[1] (../src/amf/ngap-handler.c:841)
11/20 19:20:30.135: [amf] DEBUG: amf_state_operational(): AMF_EVENT_NGAP_MESSAGE (../src/amf/amf-sm.c:78)
11/20 19:20:30.135: [amf] DEBUG: ngap_state_operational(): AMF_EVENT_NGAP_MESSAGE (../src/amf/ngap-sm.c:53)
11/20 19:20:30.135: [amf] DEBUG: UplinkNASTransport (../src/amf/ngap-handler.c:546)
11/20 19:20:30.135: [amf] DEBUG:     IP[127.0.0.1] RAN_ID[16384] (../src/amf/ngap-handler.c:569)
11/20 19:20:30.135: [amf] DEBUG:     RAN_UE_NGAP_ID[1] AMF_UE_NGAP_ID[1] TAC[1] CellID[0x40001] (../src/amf/ngap-handler.c:650)
11/20 19:20:30.135: [amf] DEBUG: amf_state_operational(): AMF_EVENT_5GMM_MESSAGE (../src/amf/amf-sm.c:78)
11/20 19:20:30.135: [gmm] DEBUG: gmm_state_initial_context_setup(): AMF_EVENT_5GMM_MESSAGE (../src/amf/gmm-sm.c:969)
11/20 19:20:30.135: [gmm] INFO: [imsi-999701000000010] Registration complete (../src/amf/gmm-sm.c:1134)
11/20 19:20:30.135: [amf] INFO: [imsi-999701000000010] Configuration update command (../src/amf/nas-path.c:431)
11/20 19:20:30.135: [gmm] INFO:     UTC [2022-11-21T03:20:30] Timezone[0]/DST[0] (../src/amf/gmm-build.c:540)
11/20 19:20:30.135: [gmm] INFO:     LOCAL [2022-11-20T19:20:30] Timezone[-28800]/DST[0] (../src/amf/gmm-build.c:545)
11/20 19:20:30.135: [gmm] DEBUG:     Timezone:0x2b (../src/amf/gmm-build.c:555)
11/20 19:20:30.135: [amf] DEBUG: DownlinkNASTransport (../src/amf/ngap-build.c:321)
11/20 19:20:30.135: [amf] DEBUG:     RAN_UE_NGAP_ID[1] AMF_UE_NGAP_ID[1] (../src/amf/ngap-build.c:365)
11/20 19:20:30.135: [amf] DEBUG:     IP[127.0.0.1] RAN_ID[16384] (../src/amf/ngap-path.c:71)
11/20 19:20:30.135: [gmm] DEBUG: gmm_state_initial_context_setup(): EXIT (../src/amf/gmm-sm.c:969)
11/20 19:20:30.135: [gmm] DEBUG: gmm_state_registered(): ENTRY (../src/amf/gmm-sm.c:86)
11/20 19:20:30.135: [amf] DEBUG: amf_state_operational(): AMF_EVENT_NGAP_MESSAGE (../src/amf/amf-sm.c:78)
11/20 19:20:30.136: [amf] DEBUG: ngap_state_operational(): AMF_EVENT_NGAP_MESSAGE (../src/amf/ngap-sm.c:53)
11/20 19:20:30.136: [amf] DEBUG: UplinkNASTransport (../src/amf/ngap-handler.c:546)
11/20 19:20:30.136: [amf] DEBUG:     IP[127.0.0.1] RAN_ID[16384] (../src/amf/ngap-handler.c:569)
11/20 19:20:30.136: [amf] DEBUG:     RAN_UE_NGAP_ID[1] AMF_UE_NGAP_ID[1] TAC[1] CellID[0x40001] (../src/amf/ngap-handler.c:650)
11/20 19:20:30.136: [amf] DEBUG: amf_state_operational(): AMF_EVENT_5GMM_MESSAGE (../src/amf/amf-sm.c:78)
11/20 19:20:30.136: [gmm] DEBUG: gmm_state_registered(): AMF_EVENT_5GMM_MESSAGE (../src/amf/gmm-sm.c:86)
11/20 19:20:30.136: [amf] INFO: [Added] Number of AMF-Sessions is now 1 (../src/amf/context.c:2253)
11/20 19:20:30.136: [gmm] INFO: UE SUPI[imsi-999701000000010] DNN[internet] S_NSSAI[SST:1 SD:0xffffff] (../src/amf/gmm-handler.c:1063)
11/20 19:20:30.136: [sbi] DEBUG: [REF] 3 (../lib/sbi/path.c:328)
11/20 19:20:30.136: [sbi] WARNING: Try to discover [nnssf-nsselection] (../lib/sbi/path.c:337)
11/20 19:20:30.136: [sbi] DEBUG: [GET] http://[::1]:7777/nnrf-disc/v1/nf-instances (../lib/sbi/client.c:625)
11/20 19:20:30.136: [sbi] DEBUG: STREAM added [13] (../lib/sbi/nghttp2-server.c:1122)
11/20 19:20:30.136: [sbi] DEBUG: [GET] /nnrf-disc/v1/nf-instances (../lib/sbi/nghttp2-server.c:801)
11/20 19:20:30.136: [nrf] DEBUG: nrf_state_operational(): OGS_EVENT_NAME_SBI_SERVER (../src/nrf/nrf-sm.c:50)
11/20 19:20:30.136: [nrf] DEBUG: NF-Discover : Requester[AMF] Target[NSSF] (../src/nrf/nnrf-handler.c:450)
11/20 19:20:30.136: [nrf] DEBUG: [0] service-names[nnssf-nsselection] (../src/nrf/nnrf-handler.c:478)
11/20 19:20:30.136: [nrf] DEBUG: [70d904e0-694b-41ed-ae4b-791f6cb5ce89:0] NF-Discovered [NF-Type:NSSF,NF-Status:REGISTERED,IPv4:1,IPv6:0] (../src/nrf/nnrf-handler.c:505)
11/20 19:20:30.136: [sbi] DEBUG: STATUS [200] (../lib/sbi/nghttp2-server.c:357)
11/20 19:20:30.136: [sbi] DEBUG: SENDING...: 870 (../lib/sbi/nghttp2-server.c:365)
11/20 19:20:30.136: [sbi] DEBUG: {
	"validityPeriod":	3600,
	"nfInstances":	[{
			"nfInstanceId":	"70d904e0-694b-41ed-ae4b-791f6cb5ce89",
			"nfType":	"NSSF",
			"nfStatus":	"REGISTERED",
			"heartBeatTimer":	10,
			"ipv4Addresses":	["127.0.0.14"],
			"allowedNfTypes":	["AMF", "SCP"],
			"priority":	0,
			"capacity":	100,
			"load":	0,
			"nfServiceList":	{
				"70d9161a-694b-41ed-ae4b-791f6cb5ce89":	{
					"serviceInstanceId":	"70d9161a-694b-41ed-ae4b-791f6cb5ce89",
					"serviceName":	"nnssf-nsselection",
					"versions":	[{
							"apiVersionInUri":	"v2",
							"apiFullVersion":	"2.0.0"
						}],
					"scheme":	"http",
					"nfServiceStatus":	"REGISTERED",
					"ipEndPoints":	[{
							"ipv4Address":	"127.0.0.14",
							"port":	7777
						}],
					"allowedNfTypes":	["AMF"],
					"priority":	0,
					"capacity":	100,
					"load":	0
				}
			},
			"nfProfileChangesSupportInd":	true
		}]
} (../lib/sbi/nghttp2-server.c:366)
11/20 19:20:30.136: [sbi] DEBUG: STREAM closed [13] (../lib/sbi/nghttp2-server.c:852)
0000: 00000b01 04000000 0d88c2bf 0f0d0338   ...............8
0010: 3730bec0                              70..
0000: 00036600 01000000 0d7b0a09 2276616c   ..f......{.."val
0010: 69646974 79506572 696f6422 3a093336   idityPeriod":.36
0020: 30302c0a 09226e66 496e7374 616e6365   00,.."nfInstance
0030: 73223a09 5b7b0a09 0909226e 66496e73   s":.[{...."nfIns
0040: 74616e63 65496422 3a092237 30643930   tanceId":."70d90
0050: 3465302d 36393462 2d343165 642d6165   4e0-694b-41ed-ae
0060: 34622d37 39316636 63623563 65383922   4b-791f6cb5ce89"
0070: 2c0a0909 09226e66 54797065 223a0922   ,...."nfType":."
0080: 4e535346 222c0a09 0909226e 66537461   NSSF",...."nfSta
0090: 74757322 3a092252 45474953 54455245   tus":."REGISTERE
00a0: 44222c0a 09090922 68656172 74426561   D",...."heartBea
00b0: 7454696d 6572223a 0931302c 0a090909   tTimer":.10,....
00c0: 22697076 34416464 72657373 6573223a   "ipv4Addresses":
00d0: 095b2231 32372e30 2e302e31 34225d2c   .["127.0.0.14"],
00e0: 0a090909 22616c6c 6f776564 4e665479   ...."allowedNfTy
00f0: 70657322 3a095b22 414d4622 2c202253   pes":.["AMF", "S
0100: 4350225d 2c0a0909 09227072 696f7269   CP"],...."priori
0110: 7479223a 09302c0a 09090922 63617061   ty":.0,...."capa
0120: 63697479 223a0931 30302c0a 09090922   city":.100,...."
0130: 6c6f6164 223a0930 2c0a0909 09226e66   load":.0,...."nf
0140: 53657276 6963654c 69737422 3a097b0a   ServiceList":.{.
0150: 09090909 22373064 39313631 612d3639   ...."70d9161a-69
0160: 34622d34 3165642d 61653462 2d373931   4b-41ed-ae4b-791
0170: 66366362 35636538 39223a09 7b0a0909   f6cb5ce89":.{...
0180: 09090922 73657276 69636549 6e737461   ..."serviceInsta
0190: 6e636549 64223a09 22373064 39313631   nceId":."70d9161
01a0: 612d3639 34622d34 3165642d 61653462   a-694b-41ed-ae4b
01b0: 2d373931 66366362 35636538 39222c0a   -791f6cb5ce89",.
01c0: 09090909 09227365 72766963 654e616d   ....."serviceNam
01d0: 65223a09 226e6e73 73662d6e 7373656c   e":."nnssf-nssel
01e0: 65637469 6f6e222c 0a090909 09092276   ection",......"v
01f0: 65727369 6f6e7322 3a095b7b 0a090909   ersions":.[{....
0200: 09090909 22617069 56657273 696f6e49   ...."apiVersionI
0210: 6e557269 223a0922 7632222c 0a090909   nUri":."v2",....
0220: 09090909 22617069 46756c6c 56657273   ...."apiFullVers
0230: 696f6e22 3a092232 2e302e30 220a0909   ion":."2.0.0"...
0240: 09090909 7d5d2c0a 09090909 09227363   ....}],......"sc
0250: 68656d65 223a0922 68747470 222c0a09   heme":."http",..
0260: 09090909 226e6653 65727669 63655374   ...."nfServiceSt
0270: 61747573 223a0922 52454749 53544552   atus":."REGISTER
0280: 4544222c 0a090909 09092269 70456e64   ED",......"ipEnd
0290: 506f696e 7473223a 095b7b0a 09090909   Points":.[{.....
02a0: 09090922 69707634 41646472 65737322   ..."ipv4Address"
02b0: 3a092231 32372e30 2e302e31 34222c0a   :."127.0.0.14",.
02c0: 09090909 09090922 706f7274 223a0937   ......."port":.7
02d0: 3737370a 09090909 09097d5d 2c0a0909   777.......}],...
02e0: 09090922 616c6c6f 7765644e 66547970   ..."allowedNfTyp
02f0: 6573223a 095b2241 4d46225d 2c0a0909   es":.["AMF"],...
0300: 09090922 7072696f 72697479 223a0930   ..."priority":.0
0310: 2c0a0909 09090922 63617061 63697479   ,......"capacity
0320: 223a0931 30302c0a 09090909 09226c6f   ":.100,......"lo
0330: 6164223a 09300a09 0909097d 0a090909   ad":.0.....}....
0340: 7d2c0a09 0909226e 6650726f 66696c65   },...."nfProfile
0350: 4368616e 67657353 7570706f 7274496e   ChangesSupportIn
0360: 64223a09 74727565 0a09097d 5d0a7d     d":.true...}].}
11/20 19:20:30.136: [sbi] DEBUG: [200:GET] http://[::1]:7777/nnrf-disc/v1/nf-instances?requester-nf-type=AMF&service-names=nnssf-nsselection&target-nf-type=NSSF (../lib/sbi/client.c:573)
11/20 19:20:30.136: [sbi] DEBUG: RECEIVED[870] (../lib/sbi/client.c:584)
11/20 19:20:30.136: [sbi] DEBUG: {
	"validityPeriod":	3600,
	"nfInstances":	[{
			"nfInstanceId":	"70d904e0-694b-41ed-ae4b-791f6cb5ce89",
			"nfType":	"NSSF",
			"nfStatus":	"REGISTERED",
			"heartBeatTimer":	10,
			"ipv4Addresses":	["127.0.0.14"],
			"allowedNfTypes":	["AMF", "SCP"],
			"priority":	0,
			"capacity":	100,
			"load":	0,
			"nfServiceList":	{
				"70d9161a-694b-41ed-ae4b-791f6cb5ce89":	{
					"serviceInstanceId":	"70d9161a-694b-41ed-ae4b-791f6cb5ce89",
					"serviceName":	"nnssf-nsselection",
					"versions":	[{
							"apiVersionInUri":	"v2",
							"apiFullVersion":	"2.0.0"
						}],
					"scheme":	"http",
					"nfServiceStatus":	"REGISTERED",
					"ipEndPoints":	[{
							"ipv4Address":	"127.0.0.14",
							"port":	7777
						}],
					"allowedNfTypes":	["AMF"],
					"priority":	0,
					"capacity":	100,
					"load":	0
				}
			},
			"nfProfileChangesSupportInd":	true
		}]
} (../lib/sbi/client.c:586)
11/20 19:20:30.136: [amf] DEBUG: amf_state_operational(): OGS_EVENT_NAME_SBI_CLIENT (../src/amf/amf-sm.c:78)
11/20 19:20:30.136: [sbi] DEBUG: ogs_sbi_nf_instance_add() (../lib/sbi/context.c:762)
11/20 19:20:30.136: [sbi] DEBUG: [REF] 1 (../lib/sbi/context.c:764)
11/20 19:20:30.136: [sbi] DEBUG: ogs_sbi_nf_state_initial(): ENTRY (../lib/sbi/nf-sm.c:66)
11/20 19:20:30.136: [sbi] DEBUG: ogs_sbi_nf_state_registered(): ENTRY (../lib/sbi/nf-sm.c:204)
11/20 19:20:30.136: [sbi] INFO: [70d904e0-694b-41ed-ae4b-791f6cb5ce89] (NF-discover) NF registered (../lib/sbi/nnrf-handler.c:725)
11/20 19:20:30.136: [sock] DEBUG: addr:127.0.0.14, port:80 (../lib/core/ogs-sockaddr.c:140)
11/20 19:20:30.136: [sock] DEBUG: addr:127.0.0.14, port:7777 (../lib/core/ogs-sockaddr.c:140)
11/20 19:20:30.136: [sbi] DEBUG: ogs_sbi_client_add() (../lib/sbi/client.c:112)
11/20 19:20:30.136: [sbi] DEBUG: [REF] 1 (../lib/sbi/client.c:113)
11/20 19:20:30.136: [sbi] DEBUG: [REF] 2 (../lib/sbi/context.c:1570)
11/20 19:20:30.136: [sbi] DEBUG: ogs_sbi_client_add() (../lib/sbi/client.c:112)
11/20 19:20:30.136: [sbi] DEBUG: [REF] 1 (../lib/sbi/client.c:113)
11/20 19:20:30.136: [sbi] DEBUG: [REF] 2 (../lib/sbi/context.c:1482)
11/20 19:20:30.136: [sbi] INFO: [70d904e0-694b-41ed-ae4b-791f6cb5ce89] (NF-discover) NF Profile updated (../lib/sbi/nnrf-handler.c:752)
11/20 19:20:30.136: [amf] DEBUG: [REF] 2 (../src/amf/context.c:1967)
11/20 19:20:30.136: [sbi] DEBUG: [GET] http://127.0.0.14:7777/nnssf-nsselection/v2/network-slice-information (../lib/sbi/client.c:625)
11/20 19:20:30.137: [sbi] DEBUG: MAX_CONCURRENT_STREAMS = 100 (../lib/sbi/nghttp2-server.c:747)
11/20 19:20:30.137: [sbi] DEBUG: ENABLE_PUSH = false (../lib/sbi/nghttp2-server.c:749)
11/20 19:20:30.137: [sbi] DEBUG: STREAM added [1] (../lib/sbi/nghttp2-server.c:1122)
11/20 19:20:30.137: [sbi] DEBUG: [GET] /nnssf-nsselection/v2/network-slice-information (../lib/sbi/nghttp2-server.c:801)
0000: 00000604 00000000 00000300 04e200     ...............
11/20 19:20:30.137: [nssf] DEBUG: nssf_state_operational(): OGS_EVENT_NAME_SBI_SERVER (../src/nssf/nssf-sm.c:53)
11/20 19:20:30.137: [sbi] DEBUG: STATUS [200] (../lib/sbi/nghttp2-server.c:357)
11/20 19:20:30.137: [sbi] DEBUG: SENDING...: 105 (../lib/sbi/nghttp2-server.c:365)
11/20 19:20:30.137: [sbi] DEBUG: {
	"nsiInformation":	{
		"nrfId":	"http://127.0.0.10:7777/nnrf-disc/v1/nf-instances",
		"nsiId":	"1"
	}
} (../lib/sbi/nghttp2-server.c:366)
11/20 19:20:30.137: [sbi] DEBUG: STREAM closed [1] (../lib/sbi/nghttp2-server.c:852)
11/20 19:20:30.137: [sbi] DEBUG: MAX_CONCURRENT_STREAMS = 100 (../lib/sbi/nghttp2-server.c:747)
11/20 19:20:30.137: [sbi] DEBUG: ENABLE_PUSH = false (../lib/sbi/nghttp2-server.c:749)
0000: 00000004 01000000 00                  .........
0000: 00003801 04000000 0188768b d5596a6f   ..8.......v..Yjo
0010: 16e53b89 76d76f61 96d07abe 941054d2   ..;.v.oa..z...T.
0020: 7eea0802 128066e0 81719029 8b46ff0f   ~.....f..q.).F..
0030: 0d82081b 5f8b1d75 d0620d26 3d4c7441   ...._..u.b.&=LtA
0040: ea                                    .
11/20 19:20:30.137: [sbi] DEBUG: [200:GET] http://127.0.0.14:7777/nnssf-nsselection/v2/network-slice-information?nf-id=70ba6878-694b-41ed-97ef-3971b1032c7d&nf-type=AMF&slice-info-request-for-pdu-session=%7B%0A%09%22sNssai%22%3A%09%7B%0A%09%09%22sst%22%3A%091%0A%09%7D%2C%0A%09%22roamingIndication%22%3A%09%22NON_ROAMING%22%0A%7D (../lib/sbi/client.c:573)
11/20 19:20:30.137: [sbi] DEBUG: RECEIVED[105] (../lib/sbi/client.c:584)
11/20 19:20:30.137: [sbi] DEBUG: {
	"nsiInformation":	{
		"nrfId":	"http://127.0.0.10:7777/nnrf-disc/v1/nf-instances",
		"nsiId":	"1"
	}
} (../lib/sbi/client.c:586)
0000: 00006900 01000000 017b0a09 226e7369   ..i......{.."nsi
0010: 496e666f 726d6174 696f6e22 3a097b0a   Information":.{.
0020: 0909226e 72664964 223a0922 68747470   .."nrfId":."http
0030: 3a2f2f31 32372e30 2e302e31 303a3737   ://127.0.0.10:77
0040: 37372f6e 6e72662d 64697363 2f76312f   77/nnrf-disc/v1/
0050: 6e662d69 6e737461 6e636573 222c0a09   nf-instances",..
0060: 09226e73 69496422 3a092231 220a097d   ."nsiId":."1"..}
0070: 0a7d                                  .}
11/20 19:20:30.137: [amf] DEBUG: amf_state_operational(): OGS_EVENT_NAME_SBI_CLIENT (../src/amf/amf-sm.c:78)
11/20 19:20:30.137: [sock] DEBUG: addr:127.0.0.10, port:7777 (../lib/core/ogs-sockaddr.c:140)
11/20 19:20:30.137: [sbi] DEBUG: ogs_sbi_client_add() (../lib/sbi/client.c:112)
11/20 19:20:30.137: [sbi] DEBUG: [REF] 1 (../lib/sbi/client.c:113)
11/20 19:20:30.137: [amf] DEBUG: [REF] 2 (../src/amf/nnssf-handler.c:110)
11/20 19:20:30.137: [amf] WARNING: Try to discover [nsmf-pdusession] (../src/amf/sbi-path.c:291)
11/20 19:20:30.137: [sbi] DEBUG: [GET] http://127.0.0.10:7777/nnrf-disc/v1/nf-instances (../lib/sbi/client.c:625)
0000: 00000604 00000000 00000300 04e200     ...............
11/20 19:20:30.137: [sbi] DEBUG: MAX_CONCURRENT_STREAMS = 100 (../lib/sbi/nghttp2-server.c:747)
11/20 19:20:30.137: [sbi] DEBUG: ENABLE_PUSH = false (../lib/sbi/nghttp2-server.c:749)
11/20 19:20:30.137: [sbi] DEBUG: STREAM added [1] (../lib/sbi/nghttp2-server.c:1122)
11/20 19:20:30.137: [sbi] DEBUG: [GET] /nnrf-disc/v1/nf-instances (../lib/sbi/nghttp2-server.c:801)
11/20 19:20:30.137: [nrf] DEBUG: nrf_state_operational(): OGS_EVENT_NAME_SBI_SERVER (../src/nrf/nrf-sm.c:50)
11/20 19:20:30.137: [nrf] DEBUG: NF-Discover : Requester[AMF] Target[SMF] (../src/nrf/nnrf-handler.c:450)
11/20 19:20:30.137: [nrf] DEBUG: [0] service-names[nsmf-pdusession] (../src/nrf/nnrf-handler.c:478)
11/20 19:20:30.137: [nrf] DEBUG: [70cca826-694b-41ed-8175-53a75e027b9f:0] NF-Discovered [NF-Type:SMF,NF-Status:REGISTERED,IPv4:1,IPv6:0] (../src/nrf/nnrf-handler.c:505)
11/20 19:20:30.137: [sbi] DEBUG: STATUS [200] (../lib/sbi/nghttp2-server.c:357)
11/20 19:20:30.137: [sbi] DEBUG: SENDING...: 865 (../lib/sbi/nghttp2-server.c:365)
11/20 19:20:30.137: [sbi] DEBUG: {
	"validityPeriod":	3600,
	"nfInstances":	[{
			"nfInstanceId":	"70cca826-694b-41ed-8175-53a75e027b9f",
			"nfType":	"SMF",
			"nfStatus":	"REGISTERED",
			"heartBeatTimer":	10,
			"ipv4Addresses":	["127.0.0.4"],
			"allowedNfTypes":	["AMF", "SCP"],
			"priority":	0,
			"capacity":	100,
			"load":	0,
			"nfServiceList":	{
				"70e14a92-694b-41ed-8175-53a75e027b9f":	{
					"serviceInstanceId":	"70e14a92-694b-41ed-8175-53a75e027b9f",
					"serviceName":	"nsmf-pdusession",
					"versions":	[{
							"apiVersionInUri":	"v1",
							"apiFullVersion":	"1.0.0"
						}],
					"scheme":	"http",
					"nfServiceStatus":	"REGISTERED",
					"ipEndPoints":	[{
							"ipv4Address":	"127.0.0.4",
							"port":	7777
						}],
					"allowedNfTypes":	["AMF"],
					"priority":	0,
					"capacity":	100,
					"load":	0
				}
			},
			"nfProfileChangesSupportInd":	true
		}]
} (../lib/sbi/nghttp2-server.c:366)
11/20 19:20:30.137: [sbi] DEBUG: STREAM closed [1] (../lib/sbi/nghttp2-server.c:852)
0000: 00000004 01000000 00                  .........
0000: 00004401 04000000 0188768b d5596a6f   ..D.......v..Yjo
0010: 16e53b89 76d76f61 96d07abe 941054d2   ..;.v.oa..z...T.
0020: 7eea0802 128066e0 81719029 8b46ff0f   ~.....f..q.).F..
0030: 0d033836 355889a4 7e561cc5 8197000f   ..865X..~V......
0040: 5f8b1d75 d0620d26 3d4c7441 ea         _..u.b.&=LtA.
0000: 00036100 01000000 017b0a09 2276616c   ..a......{.."val
0010: 69646974 79506572 696f6422 3a093336   idityPeriod":.36
0020: 30302c0a 09226e66 496e7374 616e6365   00,.."nfInstance
0030: 73223a09 5b7b0a09 0909226e 66496e73   s":.[{...."nfIns
0040: 74616e63 65496422 3a092237 30636361   tanceId":."70cca
0050: 3832362d 36393462 2d343165 642d3831   826-694b-41ed-81
0060: 37352d35 33613735 65303237 62396622   75-53a75e027b9f"
0070: 2c0a0909 09226e66 54797065 223a0922   ,...."nfType":."
0080: 534d4622 2c0a0909 09226e66 53746174   SMF",...."nfStat
0090: 7573223a 09225245 47495354 45524544   us":."REGISTERED
00a0: 222c0a09 09092268 65617274 42656174   ",...."heartBeat
00b0: 54696d65 72223a09 31302c0a 09090922   Timer":.10,...."
00c0: 69707634 41646472 65737365 73223a09   ipv4Addresses":.
00d0: 5b223132 372e302e 302e3422 5d2c0a09   ["127.0.0.4"],..
00e0: 09092261 6c6c6f77 65644e66 54797065   .."allowedNfType
00f0: 73223a09 5b22414d 46222c20 22534350   s":.["AMF", "SCP
0100: 225d2c0a 09090922 7072696f 72697479   "],...."priority
0110: 223a0930 2c0a0909 09226361 70616369   ":.0,...."capaci
0120: 7479223a 09313030 2c0a0909 09226c6f   ty":.100,...."lo
0130: 6164223a 09302c0a 09090922 6e665365   ad":.0,...."nfSe
0140: 72766963 654c6973 74223a09 7b0a0909   rviceList":.{...
0150: 09092237 30653134 6139322d 36393462   .."70e14a92-694b
0160: 2d343165 642d3831 37352d35 33613735   -41ed-8175-53a75
0170: 65303237 62396622 3a097b0a 09090909   e027b9f":.{.....
0180: 09227365 72766963 65496e73 74616e63   ."serviceInstanc
0190: 65496422 3a092237 30653134 6139322d   eId":."70e14a92-
01a0: 36393462 2d343165 642d3831 37352d35   694b-41ed-8175-5
01b0: 33613735 65303237 62396622 2c0a0909   3a75e027b9f",...
01c0: 09090922 73657276 6963654e 616d6522   ..."serviceName"
01d0: 3a09226e 736d662d 70647573 65737369   :."nsmf-pdusessi
01e0: 6f6e222c 0a090909 09092276 65727369   on",......"versi
01f0: 6f6e7322 3a095b7b 0a090909 09090909   ons":.[{........
0200: 22617069 56657273 696f6e49 6e557269   "apiVersionInUri
0210: 223a0922 7631222c 0a090909 09090909   ":."v1",........
0220: 22617069 46756c6c 56657273 696f6e22   "apiFullVersion"
0230: 3a092231 2e302e30 220a0909 09090909   :."1.0.0".......
0240: 7d5d2c0a 09090909 09227363 68656d65   }],......"scheme
0250: 223a0922 68747470 222c0a09 09090909   ":."http",......
0260: 226e6653 65727669 63655374 61747573   "nfServiceStatus
0270: 223a0922 52454749 53544552 4544222c   ":."REGISTERED",
0280: 0a090909 09092269 70456e64 506f696e   ......"ipEndPoin
0290: 7473223a 095b7b0a 09090909 09090922   ts":.[{........"
02a0: 69707634 41646472 65737322 3a092231   ipv4Address":."1
02b0: 32372e30 2e302e34 222c0a09 09090909   27.0.0.4",......
02c0: 09092270 6f727422 3a093737 37370a09   .."port":.7777..
02d0: 09090909 097d5d2c 0a090909 09092261   .....}],......"a
02e0: 6c6c6f77 65644e66 54797065 73223a09   llowedNfTypes":.
02f0: 5b22414d 46225d2c 0a090909 09092270   ["AMF"],......"p
0300: 72696f72 69747922 3a09302c 0a090909   riority":.0,....
0310: 09092263 61706163 69747922 3a093130   .."capacity":.10
0320: 302c0a09 09090909 226c6f61 64223a09   0,......"load":.
0330: 300a0909 09097d0a 0909097d 2c0a0909   0.....}....},...
0340: 09226e66 50726f66 696c6543 68616e67   ."nfProfileChang
0350: 65735375 70706f72 74496e64 223a0974   esSupportInd":.t
0360: 7275650a 09097d5d 0a7d                rue...}].}
11/20 19:20:30.138: [sbi] DEBUG: MAX_CONCURRENT_STREAMS = 100 (../lib/sbi/nghttp2-server.c:747)
11/20 19:20:30.138: [sbi] DEBUG: ENABLE_PUSH = false (../lib/sbi/nghttp2-server.c:749)
11/20 19:20:30.138: [sbi] DEBUG: [200:GET] http://127.0.0.10:7777/nnrf-disc/v1/nf-instances?target-nf-type=SMF&requester-nf-type=AMF&service-names=nsmf-pdusession (../lib/sbi/client.c:573)
11/20 19:20:30.138: [sbi] DEBUG: RECEIVED[865] (../lib/sbi/client.c:584)
11/20 19:20:30.138: [sbi] DEBUG: {
	"validityPeriod":	3600,
	"nfInstances":	[{
			"nfInstanceId":	"70cca826-694b-41ed-8175-53a75e027b9f",
			"nfType":	"SMF",
			"nfStatus":	"REGISTERED",
			"heartBeatTimer":	10,
			"ipv4Addresses":	["127.0.0.4"],
			"allowedNfTypes":	["AMF", "SCP"],
			"priority":	0,
			"capacity":	100,
			"load":	0,
			"nfServiceList":	{
				"70e14a92-694b-41ed-8175-53a75e027b9f":	{
					"serviceInstanceId":	"70e14a92-694b-41ed-8175-53a75e027b9f",
					"serviceName":	"nsmf-pdusession",
					"versions":	[{
							"apiVersionInUri":	"v1",
							"apiFullVersion":	"1.0.0"
						}],
					"scheme":	"http",
					"nfServiceStatus":	"REGISTERED",
					"ipEndPoints":	[{
							"ipv4Address":	"127.0.0.4",
							"port":	7777
						}],
					"allowedNfTypes":	["AMF"],
					"priority":	0,
					"capacity":	100,
					"load":	0
				}
			},
			"nfProfileChangesSupportInd":	true
		}]
} (../lib/sbi/client.c:586)
11/20 19:20:30.138: [sbi] DEBUG: ogs_sbi_nf_instance_add() (../lib/sbi/context.c:762)
11/20 19:20:30.138: [sbi] DEBUG: [REF] 1 (../lib/sbi/context.c:764)
11/20 19:20:30.138: [sbi] DEBUG: ogs_sbi_nf_state_initial(): ENTRY (../lib/sbi/nf-sm.c:66)
11/20 19:20:30.138: [sbi] DEBUG: ogs_sbi_nf_state_registered(): ENTRY (../lib/sbi/nf-sm.c:204)
11/20 19:20:30.138: [sbi] INFO: [70cca826-694b-41ed-8175-53a75e027b9f] (NF-discover) NF registered (../lib/sbi/nnrf-handler.c:725)
11/20 19:20:30.138: [sock] DEBUG: addr:127.0.0.4, port:80 (../lib/core/ogs-sockaddr.c:140)
11/20 19:20:30.138: [sock] DEBUG: addr:127.0.0.4, port:7777 (../lib/core/ogs-sockaddr.c:140)
11/20 19:20:30.138: [sbi] DEBUG: ogs_sbi_client_add() (../lib/sbi/client.c:112)
11/20 19:20:30.138: [sbi] DEBUG: [REF] 1 (../lib/sbi/client.c:113)
11/20 19:20:30.138: [sbi] DEBUG: [REF] 2 (../lib/sbi/context.c:1570)
11/20 19:20:30.138: [sbi] DEBUG: ogs_sbi_client_add() (../lib/sbi/client.c:112)
11/20 19:20:30.138: [sbi] DEBUG: [REF] 1 (../lib/sbi/client.c:113)
11/20 19:20:30.138: [sbi] DEBUG: [REF] 2 (../lib/sbi/context.c:1482)
11/20 19:20:30.138: [sbi] INFO: [70cca826-694b-41ed-8175-53a75e027b9f] (NF-discover) NF Profile updated (../lib/sbi/nnrf-handler.c:752)
11/20 19:20:30.138: [amf] DEBUG: [REF] 2 (../src/amf/context.c:1967)
11/20 19:20:30.138: [sbi] DEBUG: [POST] http://127.0.0.4:7777/nsmf-pdusession/v1/sm-contexts (../lib/sbi/client.c:625)
11/20 19:20:30.138: [sbi] DEBUG: SENDING...[1181] (../lib/sbi/client.c:401)
11/20 19:20:30.138: [sbi] DEBUG: --=-dXXMuSiUI44nrIz3KfcQhA==
Content-Type: application/json

{
	"supi":	"imsi-999701000000010",
	"pei":	"imeisv-8665070400405301",
	"gpsi":	"msisdn-491725670014",
	"pduSessionId":	5,
	"dnn":	"internet",
	"sNssai":	{
		"sst":	1
	},
	"servingNfId":	"70ba6878-694b-41ed-97ef-3971b1032c7d",
	"guami":	{
		"plmnId":	{
			"mcc":	"999",
			"mnc":	"70"
		},
		"amfId":	"020040"
	},
	"servingNetwork":	{
		"mcc":	"999",
		"mnc":	"70"
	},
	"n1SmMsg":	{
		"contentId":	"5gnas-sm"
	},
	"anType":	"3GPP_ACCESS",
	"ratType":	"NR",
	"ueLocation":	{
		"nrLocation":	{
			"tai":	{
				"plmnId":	{
					"mcc":	"999",
					"mnc":	"70"
				},
				"tac":	"000001"
			},
			"ncgi":	{
				"plmnId":	{
					"mcc":	"999",
					"mnc":	"70"
				},
				"nrCellId":	"000040001"
			},
			"ueLocationTimestamp":	"2022-11-21T03:20:30.114482Z"
		}
	},
	"ueTimeZone":	"-08:00",
	"smContextStatusUri":	"http://127.0.0.5:7777/namf-callback/v1/imsi-999701000000010/sm-context-status/5",
	"pcfId":	"70cfafe4-694b-41ed-8faa-7d5ef2fddc03"
}
--=-dXXMuSiUI44nrIz3KfcQhA==
Content-Id: 5gnas-sm
Content-Type: application/vnd.3gpp.5gnas

.Áÿÿ“¡{ (../lib/sbi/client.c:403)
11/20 19:20:30.138: [sbi] DEBUG: MAX_CONCURRENT_STREAMS = 100 (../lib/sbi/nghttp2-server.c:747)
11/20 19:20:30.138: [sbi] DEBUG: ENABLE_PUSH = false (../lib/sbi/nghttp2-server.c:749)
11/20 19:20:30.138: [sbi] DEBUG: STREAM added [1] (../lib/sbi/nghttp2-server.c:1122)
11/20 19:20:30.138: [sbi] DEBUG: [POST] /nsmf-pdusession/v1/sm-contexts (../lib/sbi/nghttp2-server.c:801)
11/20 19:20:30.138: [sbi] DEBUG: RECEIVED: 1181 (../lib/sbi/nghttp2-server.c:805)
11/20 19:20:30.138: [sbi] DEBUG: --=-dXXMuSiUI44nrIz3KfcQhA==
Content-Type: application/json

{
	"supi":	"imsi-999701000000010",
	"pei":	"imeisv-8665070400405301",
	"gpsi":	"msisdn-491725670014",
	"pduSessionId":	5,
	"dnn":	"internet",
	"sNssai":	{
		"sst":	1
	},
	"servingNfId":	"70ba6878-694b-41ed-97ef-3971b1032c7d",
	"guami":	{
		"plmnId":	{
			"mcc":	"999",
			"mnc":	"70"
		},
		"amfId":	"020040"
	},
	"servingNetwork":	{
		"mcc":	"999",
		"mnc":	"70"
	},
	"n1SmMsg":	{
		"contentId":	"5gnas-sm"
	},
	"anType":	"3GPP_ACCESS",
	"ratType":	"NR",
	"ueLocation":	{
		"nrLocation":	{
			"tai":	{
				"plmnId":	{
					"mcc":	"999",
					"mnc":	"70"
				},
				"tac":	"000001"
			},
			"ncgi":	{
				"plmnId":	{
					"mcc":	"999",
					"mnc":	"70"
				},
				"nrCellId":	"000040001"
			},
			"ueLocationTimestamp":	"2022-11-21T03:20:30.114482Z"
		}
	},
	"ueTimeZone":	"-08:00",
	"smContextStatusUri":	"http://127.0.0.5:7777/namf-callback/v1/imsi-999701000000010/sm-context-status/5",
	"pcfId":	"70cfafe4-694b-41ed-8faa-7d5ef2fddc03"
}
--=-dXXMuSiUI44nrIz3KfcQhA==
Content-Id: 5gnas-sm
Content-Type: application/vnd.3gpp.5gnas

.Áÿÿ“¡{ (../lib/sbi/nghttp2-server.c:806)
0000: 00000604 00000000 00000300 04e200     ...............
11/20 19:20:30.138: [smf] DEBUG: smf_state_operational(): OGS_EVENT_NAME_SBI_SERVER (../src/smf/smf-sm.c:83)
11/20 19:20:30.139: [smf] INFO: [Added] Number of SMF-UEs is now 1 (../src/smf/context.c:1010)
11/20 19:20:30.139: [smf] DEBUG: smf_gsm_state_initial(): ENTRY (../src/smf/gsm-sm.c:233)
11/20 19:20:30.139: [smf] INFO: [Added] Number of SMF-Sessions is now 1 (../src/smf/context.c:3086)
11/20 19:20:30.139: [smf] DEBUG: smf_gsm_state_initial(): OGS_EVENT_NAME_SBI_SERVER (../src/smf/gsm-sm.c:233)
11/20 19:20:30.139: [sock] DEBUG: addr:127.0.0.5, port:7777 (../lib/core/ogs-sockaddr.c:140)
11/20 19:20:30.139: [smf] DEBUG: [REF] 3 (../src/smf/nsmf-handler.c:192)
11/20 19:20:30.139: [smf] DEBUG: smf_state_operational(): SMF_EVT_5GSM_MESSAGE (../src/smf/smf-sm.c:83)
11/20 19:20:30.139: [smf] DEBUG: smf_gsm_state_initial(): SMF_EVT_5GSM_MESSAGE (../src/smf/gsm-sm.c:233)
11/20 19:20:30.139: [sbi] DEBUG: [REF] 2 (../lib/sbi/path.c:328)
11/20 19:20:30.139: [sbi] WARNING: Try to discover [nudm-sdm] (../lib/sbi/path.c:337)
11/20 19:20:30.139: [sbi] DEBUG: [GET] http://[::1]:7777/nnrf-disc/v1/nf-instances (../lib/sbi/client.c:625)
11/20 19:20:30.139: [smf] DEBUG: smf_gsm_state_initial(): EXIT (../src/smf/gsm-sm.c:233)
11/20 19:20:30.139: [smf] DEBUG: smf_gsm_state_wait_5gc_sm_policy_association(): ENTRY (../src/smf/gsm-sm.c:480)
11/20 19:20:30.139: [sbi] DEBUG: MAX_CONCURRENT_STREAMS = 100 (../lib/sbi/nghttp2-server.c:747)
11/20 19:20:30.139: [sbi] DEBUG: ENABLE_PUSH = false (../lib/sbi/nghttp2-server.c:749)
11/20 19:20:30.139: [sbi] DEBUG: STREAM added [5] (../lib/sbi/nghttp2-server.c:1122)
11/20 19:20:30.139: [sbi] DEBUG: [GET] /nnrf-disc/v1/nf-instances (../lib/sbi/nghttp2-server.c:801)
11/20 19:20:30.139: [nrf] DEBUG: nrf_state_operational(): OGS_EVENT_NAME_SBI_SERVER (../src/nrf/nrf-sm.c:50)
11/20 19:20:30.139: [nrf] DEBUG: NF-Discover : Requester[SMF] Target[UDM] (../src/nrf/nnrf-handler.c:450)
11/20 19:20:30.139: [nrf] DEBUG: [0] service-names[nudm-sdm] (../src/nrf/nnrf-handler.c:478)
11/20 19:20:30.139: [nrf] DEBUG: [70c87fb2-694b-41ed-8602-097969ae7b3b:0] NF-Discovered [NF-Type:UDM,NF-Status:REGISTERED,IPv4:1,IPv6:0] (../src/nrf/nnrf-handler.c:505)
11/20 19:20:30.139: [sbi] DEBUG: STATUS [200] (../lib/sbi/nghttp2-server.c:357)
11/20 19:20:30.139: [sbi] DEBUG: SENDING...: 882 (../lib/sbi/nghttp2-server.c:365)
11/20 19:20:30.139: [sbi] DEBUG: {
	"validityPeriod":	3600,
	"nfInstances":	[{
			"nfInstanceId":	"70c87fb2-694b-41ed-8602-097969ae7b3b",
			"nfType":	"UDM",
			"nfStatus":	"REGISTERED",
			"heartBeatTimer":	10,
			"ipv4Addresses":	["127.0.0.12"],
			"allowedNfTypes":	["AMF", "SMF", "AUSF", "SCP"],
			"priority":	0,
			"capacity":	100,
			"load":	0,
			"nfServiceList":	{
				"70c89146-694b-41ed-8602-097969ae7b3b":	{
					"serviceInstanceId":	"70c89146-694b-41ed-8602-097969ae7b3b",
					"serviceName":	"nudm-sdm",
					"versions":	[{
							"apiVersionInUri":	"v2",
							"apiFullVersion":	"2.0.0"
						}],
					"scheme":	"http",
					"nfServiceStatus":	"REGISTERED",
					"ipEndPoints":	[{
							"ipv4Address":	"127.0.0.12",
							"port":	7777
						}],
					"allowedNfTypes":	["AMF", "SMF"],
					"priority":	0,
					"capacity":	100,
					"load":	0
				}
			},
			"nfProfileChangesSupportInd":	true
		}]
} (../lib/sbi/nghttp2-server.c:366)
11/20 19:20:30.139: [sbi] DEBUG: STREAM closed [5] (../lib/sbi/nghttp2-server.c:852)
0000: 00002c01 04000000 0588c061 96d07abe   ..,........a..z.
0010: 941054d2 7eea0802 128066e0 81719029   ..T.~.....f..q.)
0020: 8b46ff0f 0d033838 32bf5889 a47e561c   .F....882.X..~V.
0030: c5819700 0f                           .....
11/20 19:20:30.140: [sbi] DEBUG: [200:GET] http://[::1]:7777/nnrf-disc/v1/nf-instances?requester-nf-type=SMF&service-names=nudm-sdm&target-nf-type=UDM (../lib/sbi/client.c:573)
11/20 19:20:30.140: [sbi] DEBUG: RECEIVED[882] (../lib/sbi/client.c:584)
11/20 19:20:30.140: [sbi] DEBUG: {
	"validityPeriod":	3600,
	"nfInstances":	[{
			"nfInstanceId":	"70c87fb2-694b-41ed-8602-097969ae7b3b",
			"nfType":	"UDM",
			"nfStatus":	"REGISTERED",
			"heartBeatTimer":	10,
			"ipv4Addresses":	["127.0.0.12"],
			"allowedNfTypes":	["AMF", "SMF", "AUSF", "SCP"],
			"priority":	0,
			"capacity":	100,
			"load":	0,
			"nfServiceList":	{
				"70c89146-694b-41ed-8602-097969ae7b3b":	{
					"serviceInstanceId":	"70c89146-694b-41ed-8602-097969ae7b3b",
					"serviceName":	"nudm-sdm",
					"versions":	[{
							"apiVersionInUri":	"v2",
							"apiFullVersion":	"2.0.0"
						}],
					"scheme":	"http",
					"nfServiceStatus":	"REGISTERED",
					"ipEndPoints":	[{
							"ipv4Address":	"127.0.0.12",
							"port":	7777
						}],
					"allowedNfTypes":	["AMF", "SMF"],
					"priority":	0,
					"capacity":	100,
					"load":	0
				}
			},
			"nfProfileChangesSupportInd":	true
		}]
} (../lib/sbi/client.c:586)
11/20 19:20:30.140: [smf] DEBUG: smf_state_operational(): OGS_EVENT_NAME_SBI_CLIENT (../src/smf/smf-sm.c:83)
0000: 00037200 01000000 057b0a09 2276616c   ..r......{.."val
0010: 69646974 79506572 696f6422 3a093336   idityPeriod":.36
0020: 30302c0a 09226e66 496e7374 616e6365   00,.."nfInstance
0030: 73223a09 5b7b0a09 0909226e 66496e73   s":.[{...."nfIns
0040: 74616e63 65496422 3a092237 30633837   tanceId":."70c87
0050: 6662322d 36393462 2d343165 642d3836   fb2-694b-41ed-86
0060: 30322d30 39373936 39616537 62336222   02-097969ae7b3b"
0070: 2c0a0909 09226e66 54797065 223a0922   ,...."nfType":."
0080: 55444d22 2c0a0909 09226e66 53746174   UDM",...."nfStat
0090: 7573223a 09225245 47495354 45524544   us":."REGISTERED
00a0: 222c0a09 09092268 65617274 42656174   ",...."heartBeat
00b0: 54696d65 72223a09 31302c0a 09090922   Timer":.10,...."
00c0: 69707634 41646472 65737365 73223a09   ipv4Addresses":.
00d0: 5b223132 372e302e 302e3132 225d2c0a   ["127.0.0.12"],.
00e0: 09090922 616c6c6f 7765644e 66547970   ..."allowedNfTyp
00f0: 6573223a 095b2241 4d46222c 2022534d   es":.["AMF", "SM
0100: 46222c20 22415553 46222c20 22534350   F", "AUSF", "SCP
0110: 225d2c0a 09090922 7072696f 72697479   "],...."priority
0120: 223a0930 2c0a0909 09226361 70616369   ":.0,...."capaci
0130: 7479223a 09313030 2c0a0909 09226c6f   ty":.100,...."lo
0140: 6164223a 09302c0a 09090922 6e665365   ad":.0,...."nfSe
0150: 72766963 654c6973 74223a09 7b0a0909   rviceList":.{...
0160: 09092237 30633839 3134362d 36393462   .."70c89146-694b
0170: 2d343165 642d3836 30322d30 39373936   -41ed-8602-09796
0180: 39616537 62336222 3a097b0a 09090909   9ae7b3b":.{.....
0190: 09227365 72766963 65496e73 74616e63   ."serviceInstanc
01a0: 65496422 3a092237 30633839 3134362d   eId":."70c89146-
01b0: 36393462 2d343165 642d3836 30322d30   694b-41ed-8602-0
01c0: 39373936 39616537 62336222 2c0a0909   97969ae7b3b",...
01d0: 09090922 73657276 6963654e 616d6522   ..."serviceName"
01e0: 3a09226e 75646d2d 73646d22 2c0a0909   :."nudm-sdm",...
01f0: 09090922 76657273 696f6e73 223a095b   ..."versions":.[
0200: 7b0a0909 09090909 09226170 69566572   {........"apiVer
0210: 73696f6e 496e5572 69223a09 22763222   sionInUri":."v2"
0220: 2c0a0909 09090909 09226170 6946756c   ,........"apiFul
0230: 6c566572 73696f6e 223a0922 322e302e   lVersion":."2.0.
0240: 30220a09 09090909 097d5d2c 0a090909   0".......}],....
0250: 09092273 6368656d 65223a09 22687474   .."scheme":."htt
0260: 70222c0a 09090909 09226e66 53657276   p",......"nfServ
0270: 69636553 74617475 73223a09 22524547   iceStatus":."REG
0280: 49535445 52454422 2c0a0909 09090922   ISTERED",......"
0290: 6970456e 64506f69 6e747322 3a095b7b   ipEndPoints":.[{
02a0: 0a090909 09090909 22697076 34416464   ........"ipv4Add
02b0: 72657373 223a0922 3132372e 302e302e   ress":."127.0.0.
02c0: 3132222c 0a090909 09090909 22706f72   12",........"por
02d0: 74223a09 37373737 0a090909 0909097d   t":.7777.......}
02e0: 5d2c0a09 09090909 22616c6c 6f776564   ],......"allowed
02f0: 4e665479 70657322 3a095b22 414d4622   NfTypes":.["AMF"
0300: 2c202253 4d46225d 2c0a0909 09090922   , "SMF"],......"
0310: 7072696f 72697479 223a0930 2c0a0909   priority":.0,...
0320: 09090922 63617061 63697479 223a0931   ..."capacity":.1
0330: 30302c0a 09090909 09226c6f 6164223a   00,......"load":
0340: 09300a09 0909097d 0a090909 7d2c0a09   .0.....}....},..
0350: 0909226e 6650726f 66696c65 4368616e   .."nfProfileChan
0360: 67657353 7570706f 7274496e 64223a09   gesSupportInd":.
0370: 74727565 0a09097d 5d0a7d              true...}].}
11/20 19:20:30.140: [sbi] DEBUG: ogs_sbi_nf_instance_add() (../lib/sbi/context.c:762)
11/20 19:20:30.140: [sbi] DEBUG: [REF] 1 (../lib/sbi/context.c:764)
11/20 19:20:30.140: [sbi] DEBUG: ogs_sbi_nf_state_initial(): ENTRY (../lib/sbi/nf-sm.c:66)
11/20 19:20:30.140: [sbi] DEBUG: ogs_sbi_nf_state_registered(): ENTRY (../lib/sbi/nf-sm.c:204)
11/20 19:20:30.140: [sbi] INFO: [70c87fb2-694b-41ed-8602-097969ae7b3b] (NF-discover) NF registered (../lib/sbi/nnrf-handler.c:725)
11/20 19:20:30.140: [sock] DEBUG: addr:127.0.0.12, port:80 (../lib/core/ogs-sockaddr.c:140)
11/20 19:20:30.140: [sock] DEBUG: addr:127.0.0.12, port:7777 (../lib/core/ogs-sockaddr.c:140)
11/20 19:20:30.140: [sbi] DEBUG: ogs_sbi_client_add() (../lib/sbi/client.c:112)
11/20 19:20:30.140: [sbi] DEBUG: [REF] 1 (../lib/sbi/client.c:113)
11/20 19:20:30.140: [sbi] DEBUG: [REF] 2 (../lib/sbi/context.c:1570)
11/20 19:20:30.140: [sbi] DEBUG: ogs_sbi_client_add() (../lib/sbi/client.c:112)
11/20 19:20:30.140: [sbi] DEBUG: [REF] 1 (../lib/sbi/client.c:113)
11/20 19:20:30.140: [sbi] DEBUG: [REF] 2 (../lib/sbi/context.c:1482)
11/20 19:20:30.140: [sbi] INFO: [70c87fb2-694b-41ed-8602-097969ae7b3b] (NF-discover) NF Profile updated (../lib/sbi/nnrf-handler.c:752)
11/20 19:20:30.140: [smf] DEBUG: [REF] 2 (../src/smf/nnrf-handler.c:66)
11/20 19:20:30.140: [sbi] DEBUG: [GET] http://127.0.0.12:7777/nudm-sdm/v2/imsi-999701000000010/sm-data (../lib/sbi/client.c:625)
0000: 00000604 00000000 00000300 04e200     ...............
11/20 19:20:30.140: [sbi] DEBUG: MAX_CONCURRENT_STREAMS = 100 (../lib/sbi/nghttp2-server.c:747)
11/20 19:20:30.140: [sbi] DEBUG: ENABLE_PUSH = false (../lib/sbi/nghttp2-server.c:749)
11/20 19:20:30.140: [sbi] DEBUG: STREAM added [1] (../lib/sbi/nghttp2-server.c:1122)
11/20 19:20:30.140: [sbi] DEBUG: [GET] /nudm-sdm/v2/imsi-999701000000010/sm-data (../lib/sbi/nghttp2-server.c:801)
11/20 19:20:30.140: [sbi] DEBUG: MAX_CONCURRENT_STREAMS = 100 (../lib/sbi/nghttp2-server.c:747)
11/20 19:20:30.140: [sbi] DEBUG: ENABLE_PUSH = false (../lib/sbi/nghttp2-server.c:749)
11/20 19:20:30.140: [udm] DEBUG: udm_state_operational(): OGS_EVENT_NAME_SBI_SERVER (../src/udm/udm-sm.c:53)
11/20 19:20:30.140: [udm] DEBUG: udm_ue_state_operational(): OGS_EVENT_NAME_SBI_SERVER (../src/udm/ue-sm.c:46)
11/20 19:20:30.140: [sbi] DEBUG: [GET] http://127.0.0.20:7777/nudr-dr/v1/subscription-data/imsi-999701000000010/99970/provisioned-data/sm-data (../lib/sbi/client.c:625)
11/20 19:20:30.140: [sbi] DEBUG: STREAM added [11] (../lib/sbi/nghttp2-server.c:1122)
11/20 19:20:30.140: [sbi] DEBUG: [GET] /nudr-dr/v1/subscription-data/imsi-999701000000010/99970/provisioned-data/sm-data (../lib/sbi/nghttp2-server.c:801)
11/20 19:20:30.141: [udr] DEBUG: udr_state_operational(): OGS_EVENT_NAME_SBI_SERVER (../src/udr/udr-sm.c:51)
11/20 19:20:30.141: [sbi] DEBUG: STATUS [200] (../lib/sbi/nghttp2-server.c:357)
11/20 19:20:30.141: [sbi] DEBUG: SENDING...: 626 (../lib/sbi/nghttp2-server.c:365)
11/20 19:20:30.141: [sbi] DEBUG: [{
		"singleNssai":	{
			"sst":	1
		},
		"dnnConfigurations":	{
			"internet":	{
				"pduSessionTypes":	{
					"defaultSessionType":	"IPV4V6",
					"allowedSessionTypes":	["IPV4", "IPV6", "IPV4V6"]
				},
				"sscModes":	{
					"defaultSscMode":	"SSC_MODE_1",
					"allowedSscModes":	["SSC_MODE_1", "SSC_MODE_2", "SSC_MODE_3"]
				},
				"5gQosProfile":	{
					"5qi":	9,
					"arp":	{
						"priorityLevel":	8,
						"preemptCap":	"NOT_PREEMPT",
						"preemptVuln":	"NOT_PREEMPTABLE"
					},
					"priorityLevel":	8
				},
				"sessionAmbr":	{
					"uplink":	"1048576 Kbps",
					"downlink":	"1048576 Kbps"
				}
			}
		}
	}] (../lib/sbi/nghttp2-server.c:366)
11/20 19:20:30.141: [sbi] DEBUG: STREAM closed [11] (../lib/sbi/nghttp2-server.c:852)
0000: 00000a01 04000000 0b88c0bf 0f0d0336   ...............6
0010: 3236be                                26.
11/20 19:20:30.141: [sbi] DEBUG: [200:GET] http://127.0.0.20:7777/nudr-dr/v1/subscription-data/imsi-999701000000010/99970/provisioned-data/sm-data?single-nssai=%7B%0A%09%22sst%22%3A%091%0A%7D&dnn=internet (../lib/sbi/client.c:573)
11/20 19:20:30.141: [sbi] DEBUG: RECEIVED[626] (../lib/sbi/client.c:584)
11/20 19:20:30.141: [sbi] DEBUG: [{
		"singleNssai":	{
			"sst":	1
		},
		"dnnConfigurations":	{
			"internet":	{
				"pduSessionTypes":	{
					"defaultSessionType":	"IPV4V6",
					"allowedSessionTypes":	["IPV4", "IPV6", "IPV4V6"]
				},
				"sscModes":	{
					"defaultSscMode":	"SSC_MODE_1",
					"allowedSscModes":	["SSC_MODE_1", "SSC_MODE_2", "SSC_MODE_3"]
				},
				"5gQosProfile":	{
					"5qi":	9,
					"arp":	{
						"priorityLevel":	8,
						"preemptCap":	"NOT_PREEMPT",
						"preemptVuln":	"NOT_PREEMPTABLE"
					},
					"priorityLevel":	8
				},
				"sessionAmbr":	{
					"uplink":	"1048576 Kbps",
					"downlink":	"1048576 Kbps"
				}
			}
		}
	}] (../lib/sbi/client.c:586)
11/20 19:20:30.141: [udm] DEBUG: udm_state_operational(): OGS_EVENT_NAME_SBI_CLIENT (../src/udm/udm-sm.c:53)
11/20 19:20:30.141: [udm] DEBUG: udm_ue_state_operational(): OGS_EVENT_NAME_SBI_CLIENT (../src/udm/ue-sm.c:46)
0000: 00027200 01000000 0b5b7b0a 09092273   ..r......[{..."s
0010: 696e676c 654e7373 6169223a 097b0a09   ingleNssai":.{..
0020: 09092273 7374223a 09310a09 097d2c0a   .."sst":.1...},.
0030: 09092264 6e6e436f 6e666967 75726174   .."dnnConfigurat
0040: 696f6e73 223a097b 0a090909 22696e74   ions":.{...."int
0050: 65726e65 74223a09 7b0a0909 09092270   ernet":.{....."p
0060: 64755365 7373696f 6e547970 6573223a   duSessionTypes":
0070: 097b0a09 09090909 22646566 61756c74   .{......"default
0080: 53657373 696f6e54 79706522 3a092249   SessionType":."I
0090: 50563456 36222c0a 09090909 0922616c   PV4V6",......"al
00a0: 6c6f7765 64536573 73696f6e 54797065   lowedSessionType
00b0: 73223a09 5b224950 5634222c 20224950   s":.["IPV4", "IP
00c0: 5636222c 20224950 56345636 225d0a09   V6", "IPV4V6"]..
00d0: 0909097d 2c0a0909 09092273 73634d6f   ...},....."sscMo
00e0: 64657322 3a097b0a 09090909 09226465   des":.{......"de
00f0: 6661756c 74537363 4d6f6465 223a0922   faultSscMode":."
0100: 5353435f 4d4f4445 5f31222c 0a090909   SSC_MODE_1",....
0110: 09092261 6c6c6f77 65645373 634d6f64   .."allowedSscMod
0120: 6573223a 095b2253 53435f4d 4f44455f   es":.["SSC_MODE_
0130: 31222c20 22535343 5f4d4f44 455f3222   1", "SSC_MODE_2"
0140: 2c202253 53435f4d 4f44455f 33225d0a   , "SSC_MODE_3"].
0150: 09090909 7d2c0a09 09090922 3567516f   ....},....."5gQo
0160: 7350726f 66696c65 223a097b 0a090909   sProfile":.{....
0170: 09092235 7169223a 09392c0a 09090909   .."5qi":.9,.....
0180: 09226172 70223a09 7b0a0909 09090909   ."arp":.{.......
0190: 22707269 6f726974 794c6576 656c223a   "priorityLevel":
01a0: 09382c0a 09090909 09092270 7265656d   .8,......."preem
01b0: 70744361 70223a09 224e4f54 5f505245   ptCap":."NOT_PRE
01c0: 454d5054 222c0a09 09090909 09227072   EMPT",......."pr
01d0: 65656d70 7456756c 6e223a09 224e4f54   eemptVuln":."NOT
01e0: 5f505245 454d5054 41424c45 220a0909   _PREEMPTABLE"...
01f0: 0909097d 2c0a0909 09090922 7072696f   ...},......"prio
0200: 72697479 4c657665 6c223a09 380a0909   rityLevel":.8...
0210: 09097d2c 0a090909 09227365 7373696f   ..},....."sessio
0220: 6e416d62 72223a09 7b0a0909 09090922   nAmbr":.{......"
0230: 75706c69 6e6b223a 09223130 34383537   uplink":."104857
0240: 36204b62 7073222c 0a090909 09092264   6 Kbps",......"d
0250: 6f776e6c 696e6b22 3a092231 30343835   ownlink":."10485
0260: 3736204b 62707322 0a090909 097d0a09   76 Kbps".....}..
0270: 09097d0a 09097d0a 097d5d              ..}...}..}]
11/20 19:20:30.141: [sbi] DEBUG: STATUS [200] (../lib/sbi/nghttp2-server.c:357)
11/20 19:20:30.141: [sbi] DEBUG: SENDING...: 626 (../lib/sbi/nghttp2-server.c:365)
11/20 19:20:30.141: [sbi] DEBUG: [{
		"singleNssai":	{
			"sst":	1
		},
		"dnnConfigurations":	{
			"internet":	{
				"pduSessionTypes":	{
					"defaultSessionType":	"IPV4V6",
					"allowedSessionTypes":	["IPV4", "IPV6", "IPV4V6"]
				},
				"sscModes":	{
					"defaultSscMode":	"SSC_MODE_1",
					"allowedSscModes":	["SSC_MODE_1", "SSC_MODE_2", "SSC_MODE_3"]
				},
				"5gQosProfile":	{
					"5qi":	9,
					"arp":	{
						"priorityLevel":	8,
						"preemptCap":	"NOT_PREEMPT",
						"preemptVuln":	"NOT_PREEMPTABLE"
					},
					"priorityLevel":	8
				},
				"sessionAmbr":	{
					"uplink":	"1048576 Kbps",
					"downlink":	"1048576 Kbps"
				}
			}
		}
	}] (../lib/sbi/nghttp2-server.c:366)
11/20 19:20:30.141: [sbi] DEBUG: STREAM closed [1] (../lib/sbi/nghttp2-server.c:852)
0000: 00000004 01000000 00                  .........
0000: 00003901 04000000 0188768b d5596a6f   ..9.......v..Yjo
0010: 16e53b89 76d76f61 96d07abe 941054d2   ..;.v.oa..z...T.
0020: 7eea0802 128066e0 81719029 8b46ff0f   ~.....f..q.).F..
0030: 0d033632 365f8b1d 75d0620d 263d4c74   ..626_..u.b.&=Lt
0040: 41ea                                  A.
11/20 19:20:30.141: [sbi] DEBUG: [200:GET] http://127.0.0.12:7777/nudm-sdm/v2/imsi-999701000000010/sm-data?single-nssai=%7B%0A%09%22sst%22%3A%091%0A%7D&dnn=internet (../lib/sbi/client.c:573)
11/20 19:20:30.141: [sbi] DEBUG: RECEIVED[626] (../lib/sbi/client.c:584)
11/20 19:20:30.141: [sbi] DEBUG: [{
		"singleNssai":	{
			"sst":	1
		},
		"dnnConfigurations":	{
			"internet":	{
				"pduSessionTypes":	{
					"defaultSessionType":	"IPV4V6",
					"allowedSessionTypes":	["IPV4", "IPV6", "IPV4V6"]
				},
				"sscModes":	{
					"defaultSscMode":	"SSC_MODE_1",
					"allowedSscModes":	["SSC_MODE_1", "SSC_MODE_2", "SSC_MODE_3"]
				},
				"5gQosProfile":	{
					"5qi":	9,
					"arp":	{
						"priorityLevel":	8,
						"preemptCap":	"NOT_PREEMPT",
						"preemptVuln":	"NOT_PREEMPTABLE"
					},
					"priorityLevel":	8
				},
				"sessionAmbr":	{
					"uplink":	"1048576 Kbps",
					"downlink":	"1048576 Kbps"
				}
			}
		}
	}] (../lib/sbi/client.c:586)
11/20 19:20:30.141: [smf] DEBUG: smf_state_operational(): OGS_EVENT_NAME_SBI_CLIENT (../src/smf/smf-sm.c:83)
0000: 00027200 01000000 015b7b0a 09092273   ..r......[{..."s
0010: 696e676c 654e7373 6169223a 097b0a09   ingleNssai":.{..
0020: 09092273 7374223a 09310a09 097d2c0a   .."sst":.1...},.
0030: 09092264 6e6e436f 6e666967 75726174   .."dnnConfigurat
0040: 696f6e73 223a097b 0a090909 22696e74   ions":.{...."int
0050: 65726e65 74223a09 7b0a0909 09092270   ernet":.{....."p
0060: 64755365 7373696f 6e547970 6573223a   duSessionTypes":
0070: 097b0a09 09090909 22646566 61756c74   .{......"default
0080: 53657373 696f6e54 79706522 3a092249   SessionType":."I
0090: 50563456 36222c0a 09090909 0922616c   PV4V6",......"al
00a0: 6c6f7765 64536573 73696f6e 54797065   lowedSessionType
00b0: 73223a09 5b224950 5634222c 20224950   s":.["IPV4", "IP
00c0: 5636222c 20224950 56345636 225d0a09   V6", "IPV4V6"]..
00d0: 0909097d 2c0a0909 09092273 73634d6f   ...},....."sscMo
00e0: 64657322 3a097b0a 09090909 09226465   des":.{......"de
00f0: 6661756c 74537363 4d6f6465 223a0922   faultSscMode":."
0100: 5353435f 4d4f4445 5f31222c 0a090909   SSC_MODE_1",....
0110: 09092261 6c6c6f77 65645373 634d6f64   .."allowedSscMod
0120: 6573223a 095b2253 53435f4d 4f44455f   es":.["SSC_MODE_
0130: 31222c20 22535343 5f4d4f44 455f3222   1", "SSC_MODE_2"
0140: 2c202253 53435f4d 4f44455f 33225d0a   , "SSC_MODE_3"].
0150: 09090909 7d2c0a09 09090922 3567516f   ....},....."5gQo
0160: 7350726f 66696c65 223a097b 0a090909   sProfile":.{....
0170: 09092235 7169223a 09392c0a 09090909   .."5qi":.9,.....
0180: 09226172 70223a09 7b0a0909 09090909   ."arp":.{.......
0190: 22707269 6f726974 794c6576 656c223a   "priorityLevel":
01a0: 09382c0a 09090909 09092270 7265656d   .8,......."preem
01b0: 70744361 70223a09 224e4f54 5f505245   ptCap":."NOT_PRE
01c0: 454d5054 222c0a09 09090909 09227072   EMPT",......."pr
01d0: 65656d70 7456756c 6e223a09 224e4f54   eemptVuln":."NOT
01e0: 5f505245 454d5054 41424c45 220a0909   _PREEMPTABLE"...
01f0: 0909097d 2c0a0909 09090922 7072696f   ...},......"prio
0200: 72697479 4c657665 6c223a09 380a0909   rityLevel":.8...
0210: 09097d2c 0a090909 09227365 7373696f   ..},....."sessio
0220: 6e416d62 72223a09 7b0a0909 09090922   nAmbr":.{......"
0230: 75706c69 6e6b223a 09223130 34383537   uplink":."104857
0240: 36204b62 7073222c 0a090909 09092264   6 Kbps",......"d
0250: 6f776e6c 696e6b22 3a092231 30343835   ownlink":."10485
0260: 3736204b 62707322 0a090909 097d0a09   76 Kbps".....}..
0270: 09097d0a 09097d0a 097d5d              ..}...}..}]
11/20 19:20:30.141: [smf] DEBUG: smf_gsm_state_wait_5gc_sm_policy_association(): OGS_EVENT_NAME_SBI_CLIENT (../src/smf/gsm-sm.c:480)
11/20 19:20:30.141: [sbi] DEBUG: STATUS [201] (../lib/sbi/nghttp2-server.c:357)
11/20 19:20:30.142: [sbi] DEBUG: SENDING...: 3 (../lib/sbi/nghttp2-server.c:365)
11/20 19:20:30.142: [sbi] DEBUG: {
} (../lib/sbi/nghttp2-server.c:366)
11/20 19:20:30.142: [sbi] DEBUG: STREAM closed [1] (../lib/sbi/nghttp2-server.c:852)
11/20 19:20:30.142: [sbi] WARNING: Try to discover [npcf-smpolicycontrol] (../lib/sbi/path.c:337)
11/20 19:20:30.142: [sbi] DEBUG: [GET] http://[::1]:7777/nnrf-disc/v1/nf-instances (../lib/sbi/client.c:625)
0000: 00000004 01000000 00                  .........
11/20 19:20:30.142: [sbi] DEBUG: STREAM added [7] (../lib/sbi/nghttp2-server.c:1122)
11/20 19:20:30.142: [sbi] DEBUG: [GET] /nnrf-disc/v1/nf-instances (../lib/sbi/nghttp2-server.c:801)
11/20 19:20:30.142: [nrf] DEBUG: nrf_state_operational(): OGS_EVENT_NAME_SBI_SERVER (../src/nrf/nrf-sm.c:50)
11/20 19:20:30.142: [nrf] DEBUG: NF-Discover : Requester[SMF] Target[PCF] (../src/nrf/nnrf-handler.c:450)
0000: 00006401 04000000 01488210 03768bd5   ..d......H...v..
0010: 596a6f16 e53b8976 d76f6196 d07abe94   Yjo..;.v.oa..z..
0020: 1054d27e ea080212 8066e081 7190298b   .T.~.....f..q.).
0030: 46ff0f0d 01330f1f a79d29ae e30c044e   F....3....)....N
0040: ae05c0bb 571d75d7 58a914ca b5725a82   ....W.u.X....rZ.
0050: a1063d4c 770b08a5 621ea497 ca50c07f   ..=Lw...b....P..
0060: 5f8b1d75 d0620d26 3d4c7441 ea         _..u.b.&=LtA.
11/20 19:20:30.142: [nrf] DEBUG: [0] service-names[npcf-smpolicycontrol] (../src/nrf/nnrf-handler.c:478)
11/20 19:20:30.142: [nrf] DEBUG: [70cfafe4-694b-41ed-8faa-7d5ef2fddc03:0] NF-Discovered [NF-Type:PCF,NF-Status:REGISTERED,IPv4:1,IPv6:0] (../src/nrf/nnrf-handler.c:505)
0000: 00000300 01000000 017b0a7d            .........{.}
11/20 19:20:30.142: [sbi] DEBUG: STATUS [200] (../lib/sbi/nghttp2-server.c:357)
11/20 19:20:30.142: [sbi] DEBUG: SENDING...: 879 (../lib/sbi/nghttp2-server.c:365)
11/20 19:20:30.142: [sbi] DEBUG: {
	"validityPeriod":	3600,
	"nfInstances":	[{
			"nfInstanceId":	"70cfafe4-694b-41ed-8faa-7d5ef2fddc03",
			"nfType":	"PCF",
			"nfStatus":	"REGISTERED",
			"heartBeatTimer":	10,
			"ipv4Addresses":	["127.0.0.13"],
			"allowedNfTypes":	["AMF", "SMF", "SCP"],
			"priority":	0,
			"capacity":	100,
			"load":	0,
			"nfServiceList":	{
				"70d0a6ce-694b-41ed-8faa-7d5ef2fddc03":	{
					"serviceInstanceId":	"70d0a6ce-694b-41ed-8faa-7d5ef2fddc03",
					"serviceName":	"npcf-smpolicycontrol",
					"versions":	[{
							"apiVersionInUri":	"v1",
							"apiFullVersion":	"1.0.0"
						}],
					"scheme":	"http",
					"nfServiceStatus":	"REGISTERED",
					"ipEndPoints":	[{
							"ipv4Address":	"127.0.0.13",
							"port":	7777
						}],
					"allowedNfTypes":	["SMF"],
					"priority":	0,
					"capacity":	100,
					"load":	0
				}
			},
			"nfProfileChangesSupportInd":	true
		}]
} (../lib/sbi/nghttp2-server.c:366)
11/20 19:20:30.142: [sbi] DEBUG: STREAM closed [7] (../lib/sbi/nghttp2-server.c:852)
0000: 00000b01 04000000 0788c2bf 0f0d0338   ...............8
0010: 3739bec0                              79..
11/20 19:20:30.142: [sbi] DEBUG: [200:GET] http://[::1]:7777/nnrf-disc/v1/nf-instances?target-nf-type=PCF&requester-nf-type=SMF&service-names=npcf-smpolicycontrol (../lib/sbi/client.c:573)
11/20 19:20:30.142: [sbi] DEBUG: RECEIVED[879] (../lib/sbi/client.c:584)
11/20 19:20:30.142: [sbi] DEBUG: {
	"validityPeriod":	3600,
	"nfInstances":	[{
			"nfInstanceId":	"70cfafe4-694b-41ed-8faa-7d5ef2fddc03",
			"nfType":	"PCF",
			"nfStatus":	"REGISTERED",
			"heartBeatTimer":	10,
			"ipv4Addresses":	["127.0.0.13"],
			"allowedNfTypes":	["AMF", "SMF", "SCP"],
			"priority":	0,
			"capacity":	100,
			"load":	0,
			"nfServiceList":	{
				"70d0a6ce-694b-41ed-8faa-7d5ef2fddc03":	{
					"serviceInstanceId":	"70d0a6ce-694b-41ed-8faa-7d5ef2fddc03",
					"serviceName":	"npcf-smpolicycontrol",
					"versions":	[{
							"apiVersionInUri":	"v1",
							"apiFullVersion":	"1.0.0"
						}],
					"scheme":	"http",
					"nfServiceStatus":	"REGISTERED",
					"ipEndPoints":	[{
							"ipv4Address":	"127.0.0.13",
							"port":	7777
						}],
					"allowedNfTypes":	["SMF"],
					"priority":	0,
					"capacity":	100,
					"load":	0
				}
			},
			"nfProfileChangesSupportInd":	true
		}]
} (../lib/sbi/client.c:586)
11/20 19:20:30.142: [smf] DEBUG: smf_state_operational(): OGS_EVENT_NAME_SBI_CLIENT (../src/smf/smf-sm.c:83)
11/20 19:20:30.142: [sbi] DEBUG: ogs_sbi_nf_instance_add() (../lib/sbi/context.c:762)
11/20 19:20:30.142: [sbi] DEBUG: [REF] 1 (../lib/sbi/context.c:764)
11/20 19:20:30.142: [sbi] DEBUG: ogs_sbi_nf_state_initial(): ENTRY (../lib/sbi/nf-sm.c:66)
11/20 19:20:30.142: [sbi] DEBUG: ogs_sbi_nf_state_registered(): ENTRY (../lib/sbi/nf-sm.c:204)
11/20 19:20:30.142: [sbi] INFO: [70cfafe4-694b-41ed-8faa-7d5ef2fddc03] (NF-discover) NF registered (../lib/sbi/nnrf-handler.c:725)
11/20 19:20:30.142: [sock] DEBUG: addr:127.0.0.13, port:80 (../lib/core/ogs-sockaddr.c:140)
11/20 19:20:30.142: [sock] DEBUG: addr:127.0.0.13, port:7777 (../lib/core/ogs-sockaddr.c:140)
11/20 19:20:30.142: [sbi] DEBUG: ogs_sbi_client_add() (../lib/sbi/client.c:112)
0000: 00036f00 01000000 077b0a09 2276616c   ..o......{.."val
0010: 69646974 79506572 696f6422 3a093336   idityPeriod":.36
0020: 30302c0a 09226e66 496e7374 616e6365   00,.."nfInstance
0030: 73223a09 5b7b0a09 0909226e 66496e73   s":.[{...."nfIns
0040: 74616e63 65496422 3a092237 30636661   tanceId":."70cfa
0050: 6665342d 36393462 2d343165 642d3866   fe4-694b-41ed-8f
0060: 61612d37 64356566 32666464 63303322   aa-7d5ef2fddc03"
0070: 2c0a0909 09226e66 54797065 223a0922   ,...."nfType":."
0080: 50434622 2c0a0909 09226e66 53746174   PCF",...."nfStat
0090: 7573223a 09225245 47495354 45524544   us":."REGISTERED
00a0: 222c0a09 09092268 65617274 42656174   ",...."heartBeat
00b0: 54696d65 72223a09 31302c0a 09090922   Timer":.10,...."
00c0: 69707634 41646472 65737365 73223a09   ipv4Addresses":.
00d0: 5b223132 372e302e 302e3133 225d2c0a   ["127.0.0.13"],.
00e0: 09090922 616c6c6f 7765644e 66547970   ..."allowedNfTyp
00f0: 6573223a 095b2241 4d46222c 2022534d   es":.["AMF", "SM
0100: 46222c20 22534350 225d2c0a 09090922   F", "SCP"],...."
0110: 7072696f 72697479 223a0930 2c0a0909   priority":.0,...
0120: 09226361 70616369 7479223a 09313030   ."capacity":.100
0130: 2c0a0909 09226c6f 6164223a 09302c0a   ,...."load":.0,.
0140: 09090922 6e665365 72766963 654c6973   ..."nfServiceLis
0150: 74223a09 7b0a0909 09092237 30643061   t":.{....."70d0a
0160: 3663652d 36393462 2d343165 642d3866   6ce-694b-41ed-8f
0170: 61612d37 64356566 32666464 63303322   aa-7d5ef2fddc03"
0180: 3a097b0a 09090909 09227365 72766963   :.{......"servic
0190: 65496e73 74616e63 65496422 3a092237   eInstanceId":."7
01a0: 30643061 3663652d 36393462 2d343165   0d0a6ce-694b-41e
01b0: 642d3866 61612d37 64356566 32666464   d-8faa-7d5ef2fdd
01c0: 63303322 2c0a0909 09090922 73657276   c03",......"serv
01d0: 6963654e 616d6522 3a09226e 7063662d   iceName":."npcf-
01e0: 736d706f 6c696379 636f6e74 726f6c22   smpolicycontrol"
01f0: 2c0a0909 09090922 76657273 696f6e73   ,......"versions
0200: 223a095b 7b0a0909 09090909 09226170   ":.[{........"ap
0210: 69566572 73696f6e 496e5572 69223a09   iVersionInUri":.
0220: 22763122 2c0a0909 09090909 09226170   "v1",........"ap
0230: 6946756c 6c566572 73696f6e 223a0922   iFullVersion":."
0240: 312e302e 30220a09 09090909 097d5d2c   1.0.0".......}],
0250: 0a090909 09092273 6368656d 65223a09   ......"scheme":.
0260: 22687474 70222c0a 09090909 09226e66   "http",......"nf
0270: 53657276 69636553 74617475 73223a09   ServiceStatus":.
0280: 22524547 49535445 52454422 2c0a0909   "REGISTERED",...
0290: 09090922 6970456e 64506f69 6e747322   ..."ipEndPoints"
02a0: 3a095b7b 0a090909 09090909 22697076   :.[{........"ipv
02b0: 34416464 72657373 223a0922 3132372e   4Address":."127.
02c0: 302e302e 3133222c 0a090909 09090909   0.0.13",........
02d0: 22706f72 74223a09 37373737 0a090909   "port":.7777....
02e0: 0909097d 5d2c0a09 09090909 22616c6c   ...}],......"all
02f0: 6f776564 4e665479 70657322 3a095b22   owedNfTypes":.["
0300: 534d4622 5d2c0a09 09090909 22707269   SMF"],......"pri
0310: 6f726974 79223a09 302c0a09 09090909   ority":.0,......
0320: 22636170 61636974 79223a09 3130302c   "capacity":.100,
0330: 0a090909 0909226c 6f616422 3a09300a   ......"load":.0.
0340: 09090909 7d0a0909 097d2c0a 09090922   ....}....},...."
0350: 6e665072 6f66696c 65436861 6e676573   nfProfileChanges
0360: 53757070 6f727449 6e64223a 09747275   SupportInd":.tru
0370: 650a0909 7d5d0a7d                     e...}].}
11/20 19:20:30.142: [sbi] DEBUG: [REF] 1 (../lib/sbi/client.c:113)
11/20 19:20:30.142: [sbi] DEBUG: [REF] 2 (../lib/sbi/context.c:1570)
11/20 19:20:30.142: [sbi] DEBUG: ogs_sbi_client_add() (../lib/sbi/client.c:112)
11/20 19:20:30.142: [sbi] DEBUG: [REF] 1 (../lib/sbi/client.c:113)
11/20 19:20:30.142: [sbi] DEBUG: [REF] 2 (../lib/sbi/context.c:1482)
11/20 19:20:30.142: [sbi] INFO: [70cfafe4-694b-41ed-8faa-7d5ef2fddc03] (NF-discover) NF Profile updated (../lib/sbi/nnrf-handler.c:752)
11/20 19:20:30.142: [smf] DEBUG: [REF] 2 (../src/smf/nnrf-handler.c:66)
11/20 19:20:30.142: [sbi] DEBUG: [POST] http://127.0.0.13:7777/npcf-smpolicycontrol/v1/sm-policies (../lib/sbi/client.c:625)
11/20 19:20:30.142: [sbi] DEBUG: SENDING...[558] (../lib/sbi/client.c:401)
11/20 19:20:30.142: [sbi] DEBUG: {
	"supi":	"imsi-999701000000010",
	"pduSessionId":	5,
	"pduSessionType":	"IPV4V6",
	"dnn":	"internet",
	"notificationUri":	"http://127.0.0.4:7777/nsmf-callback/v1/sm-policy-notify/1",
	"ipv4Address":	"10.45.0.2",
	"ipv6AddressPrefix":	"2001:db8:cafe:1::2/128",
	"subsSessAmbr":	{
		"uplink":	"1048576 Kbps",
		"downlink":	"1048576 Kbps"
	},
	"subsDefQos":	{
		"5qi":	9,
		"arp":	{
			"priorityLevel":	8,
			"preemptCap":	"NOT_PREEMPT",
			"preemptVuln":	"NOT_PREEMPTABLE"
		},
		"priorityLevel":	8
	},
	"sliceInfo":	{
		"sst":	1
	},
	"suppFeat":	"4000000"
} (../lib/sbi/client.c:403)
11/20 19:20:30.142: [sbi] DEBUG: [201:POST] http://127.0.0.4:7777/nsmf-pdusession/v1/sm-contexts (../lib/sbi/client.c:573)
11/20 19:20:30.142: [sbi] DEBUG: RECEIVED[3] (../lib/sbi/client.c:584)
11/20 19:20:30.142: [sbi] DEBUG: {
} (../lib/sbi/client.c:586)
11/20 19:20:30.142: [amf] DEBUG: amf_state_operational(): OGS_EVENT_NAME_SBI_CLIENT (../src/amf/amf-sm.c:78)
0000: 00000604 00000000 00000300 04e200     ...............
11/20 19:20:30.143: [sbi] DEBUG: MAX_CONCURRENT_STREAMS = 100 (../lib/sbi/nghttp2-server.c:747)
11/20 19:20:30.143: [sbi] DEBUG: ENABLE_PUSH = false (../lib/sbi/nghttp2-server.c:749)
11/20 19:20:30.143: [sbi] DEBUG: STREAM added [1] (../lib/sbi/nghttp2-server.c:1122)
11/20 19:20:30.143: [sbi] DEBUG: MAX_CONCURRENT_STREAMS = 100 (../lib/sbi/nghttp2-server.c:747)
11/20 19:20:30.143: [sbi] DEBUG: ENABLE_PUSH = false (../lib/sbi/nghttp2-server.c:749)
11/20 19:20:30.143: [sbi] DEBUG: [POST] /npcf-smpolicycontrol/v1/sm-policies (../lib/sbi/nghttp2-server.c:801)
11/20 19:20:30.143: [sbi] DEBUG: RECEIVED: 558 (../lib/sbi/nghttp2-server.c:805)
11/20 19:20:30.143: [sbi] DEBUG: {
	"supi":	"imsi-999701000000010",
	"pduSessionId":	5,
	"pduSessionType":	"IPV4V6",
	"dnn":	"internet",
	"notificationUri":	"http://127.0.0.4:7777/nsmf-callback/v1/sm-policy-notify/1",
	"ipv4Address":	"10.45.0.2",
	"ipv6AddressPrefix":	"2001:db8:cafe:1::2/128",
	"subsSessAmbr":	{
		"uplink":	"1048576 Kbps",
		"downlink":	"1048576 Kbps"
	},
	"subsDefQos":	{
		"5qi":	9,
		"arp":	{
			"priorityLevel":	8,
			"preemptCap":	"NOT_PREEMPT",
			"preemptVuln":	"NOT_PREEMPTABLE"
		},
		"priorityLevel":	8
	},
	"sliceInfo":	{
		"sst":	1
	},
	"suppFeat":	"4000000"
} (../lib/sbi/nghttp2-server.c:806)
11/20 19:20:30.143: [pcf] DEBUG: pcf_state_operational(): OGS_EVENT_NAME_SBI_SERVER (../src/pcf/pcf-sm.c:58)
11/20 19:20:30.143: [pcf] DEBUG: pcf_sm_state_operational(): ENTRY (../src/pcf/sm-sm.c:50)
11/20 19:20:30.143: [pcf] DEBUG: [imsi-999701000000010:5] PCF session added (../src/pcf/pcf-sm.c:195)
11/20 19:20:30.143: [pcf] DEBUG: pcf_sm_state_operational(): OGS_EVENT_NAME_SBI_SERVER (../src/pcf/sm-sm.c:50)
11/20 19:20:30.143: [sock] DEBUG: addr:127.0.0.4, port:7777 (../lib/core/ogs-sockaddr.c:140)
11/20 19:20:30.143: [sbi] DEBUG: ogs_sbi_client_add() (../lib/sbi/client.c:112)
11/20 19:20:30.143: [sbi] DEBUG: [REF] 1 (../lib/sbi/client.c:113)
11/20 19:20:30.143: [pcf] DEBUG: [REF] 2 (../src/pcf/npcf-handler.c:275)
11/20 19:20:30.143: [sbi] DEBUG: [REF] 3 (../lib/sbi/path.c:212)
11/20 19:20:30.143: [sbi] DEBUG: [GET] http://127.0.0.20:7777/nudr-dr/v1/policy-data/ues/imsi-999701000000010/sm-data (../lib/sbi/client.c:625)
11/20 19:20:30.143: [sbi] DEBUG: STREAM added [3] (../lib/sbi/nghttp2-server.c:1122)
11/20 19:20:30.143: [sbi] DEBUG: [GET] /nudr-dr/v1/policy-data/ues/imsi-999701000000010/sm-data (../lib/sbi/nghttp2-server.c:801)
11/20 19:20:30.143: [udr] DEBUG: udr_state_operational(): OGS_EVENT_NAME_SBI_SERVER (../src/udr/udr-sm.c:51)
11/20 19:20:30.144: [sbi] DEBUG: STATUS [200] (../lib/sbi/nghttp2-server.c:357)
11/20 19:20:30.144: [sbi] DEBUG: SENDING...: 172 (../lib/sbi/nghttp2-server.c:365)
11/20 19:20:30.144: [sbi] DEBUG: {
	"smPolicySnssaiData":	{
		"{\n\t\"sst\":\t1\n}":	{
			"snssai":	{
				"sst":	1
			},
			"smPolicyDnnData":	{
				"internet":	{
					"dnn":	"internet"
				}
			}
		}
	}
} (../lib/sbi/nghttp2-server.c:366)
11/20 19:20:30.144: [sbi] DEBUG: STREAM closed [3] (../lib/sbi/nghttp2-server.c:852)
0000: 00000901 04000000 0388c0bf 0f0d820b   ................
0010: a2be                                  ..
11/20 19:20:30.144: [sbi] DEBUG: [200:GET] http://127.0.0.20:7777/nudr-dr/v1/policy-data/ues/imsi-999701000000010/sm-data?dnn=internet&snssai=%7B%0A%09%22sst%22%3A%091%0A%7D (../lib/sbi/client.c:573)
11/20 19:20:30.144: [sbi] DEBUG: RECEIVED[172] (../lib/sbi/client.c:584)
11/20 19:20:30.144: [sbi] DEBUG: {
	"smPolicySnssaiData":	{
		"{\n\t\"sst\":\t1\n}":	{
			"snssai":	{
				"sst":	1
			},
			"smPolicyDnnData":	{
				"internet":	{
					"dnn":	"internet"
				}
			}
		}
	}
} (../lib/sbi/client.c:586)
11/20 19:20:30.144: [pcf] DEBUG: pcf_state_operational(): OGS_EVENT_NAME_SBI_CLIENT (../src/pcf/pcf-sm.c:58)
11/20 19:20:30.144: [pcf] DEBUG: pcf_sm_state_operational(): OGS_EVENT_NAME_SBI_CLIENT (../src/pcf/sm-sm.c:50)
0000: 0000ac00 01000000 037b0a09 22736d50   .........{.."smP
0010: 6f6c6963 79536e73 73616944 61746122   olicySnssaiData"
0020: 3a097b0a 0909227b 5c6e5c74 5c227373   :.{..."{\n\t\"ss
0030: 745c223a 5c74315c 6e7d223a 097b0a09   t\":\t1\n}":.{..
0040: 09092273 6e737361 69223a09 7b0a0909   .."snssai":.{...
0050: 09092273 7374223a 09310a09 09097d2c   .."sst":.1....},
0060: 0a090909 22736d50 6f6c6963 79446e6e   ...."smPolicyDnn
0070: 44617461 223a097b 0a090909 0922696e   Data":.{....."in
0080: 7465726e 6574223a 097b0a09 09090909   ternet":.{......
0090: 22646e6e 223a0922 696e7465 726e6574   "dnn":."internet
00a0: 220a0909 09097d0a 0909097d 0a09097d   ".....}....}...}
00b0: 0a097d0a 7d                           ..}.}
11/20 19:20:30.144: [pcf] DEBUG: [REF] 2 (../src/pcf/nudr-handler.c:211)
11/20 19:20:30.144: [sbi] DEBUG: [REF] 2 (../lib/sbi/path.c:212)
11/20 19:20:30.144: [sbi] DEBUG: [POST] http://127.0.0.15:7777/nbsf-management/v1/pcfBindings (../lib/sbi/client.c:625)
11/20 19:20:30.144: [sbi] DEBUG: SENDING...[276] (../lib/sbi/client.c:401)
11/20 19:20:30.144: [sbi] DEBUG: {
	"supi":	"imsi-999701000000010",
	"gpsi":	"msisdn-491725670014",
	"ipv4Addr":	"10.45.0.2",
	"ipv6Prefix":	"2001:db8:cafe:1::2/128",
	"dnn":	"internet",
	"pcfIpEndPoints":	[{
			"ipv4Address":	"127.0.0.13",
			"port":	7777
		}],
	"snssai":	{
		"sst":	1
	},
	"suppFeat":	"2"
} (../lib/sbi/client.c:403)
11/20 19:20:30.144: [sbi] DEBUG: MAX_CONCURRENT_STREAMS = 100 (../lib/sbi/nghttp2-server.c:747)
11/20 19:20:30.144: [sbi] DEBUG: ENABLE_PUSH = false (../lib/sbi/nghttp2-server.c:749)
11/20 19:20:30.144: [sbi] DEBUG: STREAM added [1] (../lib/sbi/nghttp2-server.c:1122)
0000: 00000604 00000000 00000300 04e200     ...............
11/20 19:20:30.145: [sbi] DEBUG: [POST] /nbsf-management/v1/pcfBindings (../lib/sbi/nghttp2-server.c:801)
11/20 19:20:30.145: [sbi] DEBUG: RECEIVED: 276 (../lib/sbi/nghttp2-server.c:805)
11/20 19:20:30.145: [sbi] DEBUG: {
	"supi":	"imsi-999701000000010",
	"gpsi":	"msisdn-491725670014",
	"ipv4Addr":	"10.45.0.2",
	"ipv6Prefix":	"2001:db8:cafe:1::2/128",
	"dnn":	"internet",
	"pcfIpEndPoints":	[{
			"ipv4Address":	"127.0.0.13",
			"port":	7777
		}],
	"snssai":	{
		"sst":	1
	},
	"suppFeat":	"2"
} (../lib/sbi/nghttp2-server.c:806)
11/20 19:20:30.145: [sbi] DEBUG: MAX_CONCURRENT_STREAMS = 100 (../lib/sbi/nghttp2-server.c:747)
11/20 19:20:30.145: [sbi] DEBUG: ENABLE_PUSH = false (../lib/sbi/nghttp2-server.c:749)
11/20 19:20:30.145: [bsf] DEBUG: bsf_state_operational(): OGS_EVENT_NAME_SBI_SERVER (../src/bsf/bsf-sm.c:55)
11/20 19:20:30.145: [sbi] DEBUG: STATUS [201] (../lib/sbi/nghttp2-server.c:357)
11/20 19:20:30.145: [sbi] DEBUG: SENDING...: 276 (../lib/sbi/nghttp2-server.c:365)
11/20 19:20:30.145: [sbi] DEBUG: {
	"supi":	"imsi-999701000000010",
	"gpsi":	"msisdn-491725670014",
	"ipv4Addr":	"10.45.0.2",
	"ipv6Prefix":	"2001:db8:cafe:1::2/128",
	"dnn":	"internet",
	"pcfIpEndPoints":	[{
			"ipv4Address":	"127.0.0.13",
			"port":	7777
		}],
	"snssai":	{
		"sst":	1
	},
	"suppFeat":	"2"
} (../lib/sbi/nghttp2-server.c:366)
11/20 19:20:30.145: [sbi] DEBUG: STREAM closed [1] (../lib/sbi/nghttp2-server.c:852)
0000: 00000004 01000000 00                  .........
0000: 00006701 04000000 01488210 03768bd5   ..g......H...v..
0010: 596a6f16 e53b8976 d76f6196 d07abe94   Yjo..;.v.oa..z..
0020: 1054d27e ea080212 8066e081 7190298b   .T.~.....f..q.).
0030: 46ff0f0d 03323736 5f8b1d75 d0620d26   F....276_..u.b.&
0040: 3d4c7441 ea0f1fa8 9d29aee3 0c044eae   =LtA.....)....N.
0050: 05c0b85b b8ebaeba c551a255 a91d4398   ...[.....Q.U..C.
0060: b496a4b1 dc2c5649 6e9aa90d 54c8603f   .....,VIn...T.`?
11/20 19:20:30.145: [sbi] DEBUG: [201:POST] http://127.0.0.15:7777/nbsf-management/v1/pcfBindings (../lib/sbi/client.c:573)
11/20 19:20:30.145: [sbi] DEBUG: RECEIVED[276] (../lib/sbi/client.c:584)
11/20 19:20:30.145: [sbi] DEBUG: {
	"supi":	"imsi-999701000000010",
	"gpsi":	"msisdn-491725670014",
	"ipv4Addr":	"10.45.0.2",
	"ipv6Prefix":	"2001:db8:cafe:1::2/128",
	"dnn":	"internet",
	"pcfIpEndPoints":	[{
			"ipv4Address":	"127.0.0.13",
			"port":	7777
		}],
	"snssai":	{
		"sst":	1
	},
	"suppFeat":	"2"
} (../lib/sbi/client.c:586)
11/20 19:20:30.145: [pcf] DEBUG: pcf_state_operational(): OGS_EVENT_NAME_SBI_CLIENT (../src/pcf/pcf-sm.c:58)
0000: 00011400 01000000 017b0a09 22737570   .........{.."sup
0010: 69223a09 22696d73 692d3939 39373031   i":."imsi-999701
0020: 30303030 30303031 30222c0a 09226770   000000010",.."gp
0030: 7369223a 09226d73 6973646e 2d343931   si":."msisdn-491
0040: 37323536 37303031 34222c0a 09226970   725670014",.."ip
0050: 76344164 6472223a 09223130 2e34352e   v4Addr":."10.45.
0060: 302e3222 2c0a0922 69707636 50726566   0.2",.."ipv6Pref
0070: 6978223a 09223230 30313a64 62383a63   ix":."2001:db8:c
0080: 6166653a 313a3a32 2f313238 222c0a09   afe:1::2/128",..
0090: 22646e6e 223a0922 696e7465 726e6574   "dnn":."internet
00a0: 222c0a09 22706366 4970456e 64506f69   ",.."pcfIpEndPoi
00b0: 6e747322 3a095b7b 0a090909 22697076   nts":.[{...."ipv
00c0: 34416464 72657373 223a0922 3132372e   4Address":."127.
00d0: 302e302e 3133222c 0a090909 22706f72   0.0.13",...."por
00e0: 74223a09 37373737 0a09097d 5d2c0a09   t":.7777...}],..
00f0: 22736e73 73616922 3a097b0a 09092273   "snssai":.{..."s
0100: 7374223a 09310a09 7d2c0a09 22737570   st":.1..},.."sup
0110: 70466561 74223a09 2232220a 7d         pFeat":."2".}
11/20 19:20:30.145: [pcf] DEBUG: pcf_sm_state_operational(): OGS_EVENT_NAME_SBI_CLIENT (../src/pcf/sm-sm.c:50)
11/20 19:20:30.145: [sbi] DEBUG: STATUS [201] (../lib/sbi/nghttp2-server.c:357)
11/20 19:20:30.145: [sbi] DEBUG: SENDING...: 347 (../lib/sbi/nghttp2-server.c:365)
11/20 19:20:30.145: [sbi] DEBUG: {
	"sessRules":	{
		"1":	{
			"authSessAmbr":	{
				"uplink":	"1048576 Kbps",
				"downlink":	"1048576 Kbps"
			},
			"authDefQos":	{
				"5qi":	9,
				"arp":	{
					"priorityLevel":	8,
					"preemptCap":	"NOT_PREEMPT",
					"preemptVuln":	"NOT_PREEMPTABLE"
				},
				"priorityLevel":	8
			},
			"sessRuleId":	"1"
		}
	},
	"suppFeat":	"4000000"
} (../lib/sbi/nghttp2-server.c:366)
11/20 19:20:30.145: [sbi] DEBUG: STREAM closed [1] (../lib/sbi/nghttp2-server.c:852)
0000: 00000004 01000000 00                  .........
0000: 00006801 04000000 01488210 03768bd5   ..h......H...v..
0010: 596a6f16 e53b8976 d76f6196 d07abe94   Yjo..;.v.oa..z..
0020: 1054d27e ea080212 8066e081 7190298b   .T.~.....f..q.).
0030: 46ff0f0d 03333437 0f1fa99d 29aee30c   F....347....)...
0040: 044eae05 c0b859b8 ebaebac5 55925591   .N....Y.....U.U.
0050: 4d67a0c4 f443d49b 0f431dc2 c567a0c4   Mg...C...C...g..
0060: 3150c07f 5f8b1d75 d0620d26 3d4c7441   1P.._..u.b.&=LtA
0070: ea                                    .
11/20 19:20:30.145: [sbi] DEBUG: [201:POST] http://127.0.0.13:7777/npcf-smpolicycontrol/v1/sm-policies (../lib/sbi/client.c:573)
11/20 19:20:30.145: [sbi] DEBUG: RECEIVED[347] (../lib/sbi/client.c:584)
11/20 19:20:30.145: [sbi] DEBUG: {
	"sessRules":	{
		"1":	{
			"authSessAmbr":	{
				"uplink":	"1048576 Kbps",
				"downlink":	"1048576 Kbps"
			},
			"authDefQos":	{
				"5qi":	9,
				"arp":	{
					"priorityLevel":	8,
					"preemptCap":	"NOT_PREEMPT",
					"preemptVuln":	"NOT_PREEMPTABLE"
				},
				"priorityLevel":	8
			},
			"sessRuleId":	"1"
		}
	},
	"suppFeat":	"4000000"
} (../lib/sbi/client.c:586)
11/20 19:20:30.145: [smf] DEBUG: smf_state_operational(): OGS_EVENT_NAME_SBI_CLIENT (../src/smf/smf-sm.c:83)
0000: 00015b00 01000000 017b0a09 22736573   ..[......{.."ses
0010: 7352756c 6573223a 097b0a09 09223122   sRules":.{..."1"
0020: 3a097b0a 09090922 61757468 53657373   :.{...."authSess
0030: 416d6272 223a097b 0a090909 09227570   Ambr":.{....."up
0040: 6c696e6b 223a0922 31303438 35373620   link":."1048576 
0050: 4b627073 222c0a09 09090922 646f776e   Kbps",....."down
0060: 6c696e6b 223a0922 31303438 35373620   link":."1048576 
0070: 4b627073 220a0909 097d2c0a 09090922   Kbps"....},...."
0080: 61757468 44656651 6f73223a 097b0a09   authDefQos":.{..
0090: 09090922 35716922 3a09392c 0a090909   ..."5qi":.9,....
00a0: 09226172 70223a09 7b0a0909 09090922   ."arp":.{......"
00b0: 7072696f 72697479 4c657665 6c223a09   priorityLevel":.
00c0: 382c0a09 09090909 22707265 656d7074   8,......"preempt
00d0: 43617022 3a09224e 4f545f50 5245454d   Cap":."NOT_PREEM
00e0: 5054222c 0a090909 09092270 7265656d   PT",......"preem
00f0: 70745675 6c6e223a 09224e4f 545f5052   ptVuln":."NOT_PR
0100: 45454d50 5441424c 45220a09 0909097d   EEMPTABLE".....}
0110: 2c0a0909 09092270 72696f72 6974794c   ,....."priorityL
0120: 6576656c 223a0938 0a090909 7d2c0a09   evel":.8....},..
0130: 09092273 65737352 756c6549 64223a09   .."sessRuleId":.
0140: 2231220a 09097d0a 097d2c0a 09227375   "1"...}..},.."su
0150: 70704665 6174223a 09223430 30303030   ppFeat":."400000
0160: 30220a7d                              0".}
11/20 19:20:30.146: [smf] DEBUG: smf_gsm_state_wait_5gc_sm_policy_association(): OGS_EVENT_NAME_SBI_CLIENT (../src/smf/gsm-sm.c:480)
11/20 19:20:30.146: [smf] DEBUG: UE using UPF on IP[127.0.0.7] (../src/smf/context.c:1179)
11/20 19:20:30.146: [smf] INFO: UE SUPI[imsi-999701000000010] DNN[internet] IPv4[10.45.0.2] IPv6[2001:db8:cafe:1::2] (../src/smf/npcf-handler.c:498)
11/20 19:20:30.146: [pfcp] DEBUG: [2] LOCAL  Create  peer [127.0.0.7]:8805 (../lib/pfcp/xact.c:116)
11/20 19:20:30.146: [smf] DEBUG: Session Establishment Request (../src/smf/n4-build.c:40)
11/20 19:20:30.146: [pfcp] DEBUG: [2] LOCAL  UPD TX-50  peer [127.0.0.7]:8805 (../lib/pfcp/xact.c:197)
11/20 19:20:30.146: [pfcp] DEBUG: [2] LOCAL  Commit  peer [127.0.0.7]:8805 (../lib/pfcp/xact.c:475)
11/20 19:20:30.146: [smf] DEBUG: smf_gsm_state_wait_5gc_sm_policy_association(): EXIT (../src/smf/gsm-sm.c:480)
11/20 19:20:30.146: [smf] DEBUG: smf_gsm_state_wait_pfcp_establishment(): ENTRY (../src/smf/gsm-sm.c:646)
11/20 19:20:30.146: [upf] DEBUG: upf_state_operational(): UPF_EVT_N4_MESSAGE (../src/upf/upf-sm.c:51)
11/20 19:20:30.146: [pfcp] DEBUG: [2] Cannot find xact type 50 from PFCP peer [127.0.0.4]:8805 (../lib/pfcp/xact.c:797)
11/20 19:20:30.146: [pfcp] DEBUG: [2] REMOTE Create  peer [127.0.0.4]:8805 (../lib/pfcp/xact.c:159)
11/20 19:20:30.146: [pfcp] DEBUG: [2] REMOTE Receive peer [127.0.0.4]:8805 (../lib/pfcp/xact.c:704)
11/20 19:20:30.146: [pfcp] DEBUG: [2] REMOTE UPD RX-50  peer [127.0.0.4]:8805 (../lib/pfcp/xact.c:298)
11/20 19:20:30.146: [upf] DEBUG: upf_pfcp_state_associated(): UPF_EVT_N4_MESSAGE (../src/upf/pfcp-sm.c:164)
11/20 19:20:30.146: [upf] INFO: [Added] Number of UPF-Sessions is now 1 (../src/upf/context.c:179)
11/20 19:20:30.146: [upf] DEBUG: Session Establishment Request (../src/upf/n4-handler.c:61)
11/20 19:20:30.146: [gtp] INFO: gtp_connect() [127.0.0.4]:2152 (../lib/gtp/path.c:61)
11/20 19:20:30.146: [upf] INFO: UE F-SEID[UP:0x1 CP:0x1] APN[internet] PDN-Type[3] IPv4[10.45.0.2] IPv6[2001:db8:cafe:1::2] (../src/upf/context.c:402)
11/20 19:20:30.146: [upf] INFO: UE F-SEID[UP:0x1 CP:0x1] APN[internet] PDN-Type[3] IPv4[10.45.0.2] IPv6[2001:db8:cafe:1::2] (../src/upf/context.c:402)
11/20 19:20:30.146: [upf] DEBUG: Session Establishment Response (../src/upf/n4-build.c:36)
11/20 19:20:30.146: [pfcp] DEBUG: [2] REMOTE UPD TX-51  peer [127.0.0.4]:8805 (../lib/pfcp/xact.c:197)
11/20 19:20:30.146: [pfcp] DEBUG: [2] REMOTE Commit  peer [127.0.0.4]:8805 (../lib/pfcp/xact.c:475)
11/20 19:20:30.146: [smf] DEBUG: smf_state_operational(): SMF_EVT_N4_MESSAGE (../src/smf/smf-sm.c:83)
11/20 19:20:30.146: [pfcp] DEBUG: [2] LOCAL  Find    peer [127.0.0.7]:8805 (../lib/pfcp/xact.c:790)
11/20 19:20:30.146: [pfcp] DEBUG: [2] LOCAL  Receive peer [127.0.0.7]:8805 (../lib/pfcp/xact.c:704)
11/20 19:20:30.146: [pfcp] DEBUG: [2] LOCAL  UPD RX-51  peer [127.0.0.7]:8805 (../lib/pfcp/xact.c:298)
11/20 19:20:30.146: [smf] DEBUG: smf_pfcp_state_associated(): SMF_EVT_N4_MESSAGE (../src/smf/pfcp-sm.c:165)
11/20 19:20:30.146: [smf] DEBUG: smf_gsm_state_wait_pfcp_establishment(): SMF_EVT_N4_MESSAGE (../src/smf/gsm-sm.c:646)
11/20 19:20:30.146: [smf] DEBUG: Session Establishment Response [5gc] (../src/smf/n4-handler.c:165)
11/20 19:20:30.146: [pfcp] DEBUG: [2] LOCAL  Commit  peer [127.0.0.7]:8805 (../lib/pfcp/xact.c:475)
11/20 19:20:30.146: [pfcp] DEBUG: [2] LOCAL  Delete  peer [127.0.0.7]:8805 (../lib/pfcp/xact.c:813)
11/20 19:20:30.146: [gtp] INFO: gtp_connect() [127.0.0.7]:2152 (../lib/gtp/path.c:61)
11/20 19:20:30.146: [smf] WARNING: Unknown PCO ID:(0x2) (../src/smf/context.c:3012)
11/20 19:20:30.147: [smf] DEBUG: PDUSessionResourceSetupRequestTransfer (../src/smf/ngap-build.c:48)
11/20 19:20:30.147: [core] DEBUG:     IPv4[127.0.0.7] (../lib/asn1c/util/conv.c:202)
11/20 19:20:30.147: [sbi] DEBUG: [REF] 2 (../lib/sbi/path.c:212)
11/20 19:20:30.147: [sbi] DEBUG: [POST] http://127.0.0.5:7777/namf-comm/v1/ue-contexts/imsi-999701000000010/n1-n2-messages (../lib/sbi/client.c:625)
11/20 19:20:30.147: [sbi] DEBUG: SENDING...[788] (../lib/sbi/client.c:401)
11/20 19:20:30.147: [sbi] DEBUG: --=-4TuwmfAgECRSzKZ0OdECbA==
Content-Type: application/json

{
	"n1MessageContainer":	{
		"n1MessageClass":	"SM",
		"n1MessageContent":	{
			"contentId":	"5gnas-sm"
		}
	},
	"n2InfoContainer":	{
		"n2InformationClass":	"SM",
		"smInfo":	{
			"pduSessionId":	5,
			"n2InfoContent":	{
				"ngapIeType":	"PDU_RES_SETUP_REQ",
				"ngapData":	{
					"contentId":	"ngap-sm"
				}
			}
		}
	},
	"pduSessionId":	5
}
--=-4TuwmfAgECRSzKZ0OdECbA==
Content-Id: 5gnas-sm
Content-Type: application/vnd.3gpp.5gnas

.Â (../lib/sbi/client.c:403)
11/20 19:20:30.147: [smf] DEBUG: smf_gsm_state_wait_pfcp_establishment(): EXIT (../src/smf/gsm-sm.c:646)
11/20 19:20:30.147: [smf] DEBUG: smf_gsm_state_operational(): ENTRY (../src/smf/gsm-sm.c:755)
11/20 19:20:30.147: [sbi] DEBUG: MAX_CONCURRENT_STREAMS = 100 (../lib/sbi/nghttp2-server.c:747)
11/20 19:20:30.147: [sbi] DEBUG: ENABLE_PUSH = false (../lib/sbi/nghttp2-server.c:749)
0000: 00000604 00000000 00000300 04e200     ...............
11/20 19:20:30.147: [sbi] DEBUG: STREAM added [1] (../lib/sbi/nghttp2-server.c:1122)
11/20 19:20:30.147: [sbi] DEBUG: [POST] /namf-comm/v1/ue-contexts/imsi-999701000000010/n1-n2-messages (../lib/sbi/nghttp2-server.c:801)
11/20 19:20:30.147: [sbi] DEBUG: RECEIVED: 788 (../lib/sbi/nghttp2-server.c:805)
11/20 19:20:30.147: [sbi] DEBUG: --=-4TuwmfAgECRSzKZ0OdECbA==
Content-Type: application/json

{
	"n1MessageContainer":	{
		"n1MessageClass":	"SM",
		"n1MessageContent":	{
			"contentId":	"5gnas-sm"
		}
	},
	"n2InfoContainer":	{
		"n2InformationClass":	"SM",
		"smInfo":	{
			"pduSessionId":	5,
			"n2InfoContent":	{
				"ngapIeType":	"PDU_RES_SETUP_REQ",
				"ngapData":	{
					"contentId":	"ngap-sm"
				}
			}
		}
	},
	"pduSessionId":	5
}
--=-4TuwmfAgECRSzKZ0OdECbA==
Content-Id: 5gnas-sm
Content-Type: application/vnd.3gpp.5gnas

.Â (../lib/sbi/nghttp2-server.c:806)
11/20 19:20:30.147: [sbi] DEBUG: MAX_CONCURRENT_STREAMS = 100 (../lib/sbi/nghttp2-server.c:747)
11/20 19:20:30.147: [sbi] DEBUG: ENABLE_PUSH = false (../lib/sbi/nghttp2-server.c:749)
11/20 19:20:30.147: [amf] DEBUG: amf_state_operational(): OGS_EVENT_NAME_SBI_SERVER (../src/amf/amf-sm.c:78)
11/20 19:20:30.147: [amf] DEBUG: PDUSessionResourceSetupRequest(Session) (../src/amf/ngap-build.c:1329)
11/20 19:20:30.147: [amf] DEBUG:     RAN_UE_NGAP_ID[1] AMF_UE_NGAP_ID[1] (../src/amf/ngap-build.c:1375)
11/20 19:20:30.147: [amf] DEBUG:     IP[127.0.0.1] RAN_ID[16384] (../src/amf/ngap-path.c:71)
11/20 19:20:30.147: [sbi] DEBUG: STATUS [200] (../lib/sbi/nghttp2-server.c:357)
11/20 19:20:30.147: [sbi] DEBUG: SENDING...: 40 (../lib/sbi/nghttp2-server.c:365)
11/20 19:20:30.147: [sbi] DEBUG: {
	"cause":	"N1_N2_TRANSFER_INITIATED"
} (../lib/sbi/nghttp2-server.c:366)
11/20 19:20:30.147: [sbi] DEBUG: STREAM closed [1] (../lib/sbi/nghttp2-server.c:852)
0000: 00000004 01000000 00                  .........
0000: 00003801 04000000 0188768b d5596a6f   ..8.......v..Yjo
0010: 16e53b89 76d76f61 96d07abe 941054d2   ..;.v.oa..z...T.
0020: 7eea0802 128066e0 81719029 8b46ff0f   ~.....f..q.).F..
0030: 0d023430 5f8b1d75 d0620d26 3d4c7441   ..40_..u.b.&=LtA
0040: ea                                    .
0000: 00002800 01000000 017b0a09 22636175   ..(......{.."cau
0010: 7365223a 09224e31 5f4e325f 5452414e   se":."N1_N2_TRAN
0020: 53464552 5f494e49 54494154 4544220a   SFER_INITIATED".
0030: 7d                                    }
11/20 19:20:30.147: [sbi] DEBUG: [200:POST] http://127.0.0.5:7777/namf-comm/v1/ue-contexts/imsi-999701000000010/n1-n2-messages (../lib/sbi/client.c:573)
11/20 19:20:30.147: [sbi] DEBUG: RECEIVED[40] (../lib/sbi/client.c:584)
11/20 19:20:30.147: [sbi] DEBUG: {
	"cause":	"N1_N2_TRANSFER_INITIATED"
} (../lib/sbi/client.c:586)
11/20 19:20:30.147: [smf] DEBUG: smf_state_operational(): OGS_EVENT_NAME_SBI_CLIENT (../src/smf/smf-sm.c:83)
11/20 19:20:30.147: [smf] DEBUG: smf_gsm_state_operational(): OGS_EVENT_NAME_SBI_CLIENT (../src/smf/gsm-sm.c:755)
11/20 19:20:30.147: [core] DEBUG:     IPv4[127.0.0.7] (../lib/asn1c/util/conv.c:169)
11/20 19:20:30.148: [core] DEBUG:     IPv4[127.0.0.2] IPv6[fd69:f21d:873c:fa::2] (../lib/asn1c/util/conv.c:197)
11/20 19:20:30.148: [amf] DEBUG: amf_state_operational(): AMF_EVENT_NGAP_MESSAGE (../src/amf/amf-sm.c:78)
11/20 19:20:30.148: [amf] DEBUG: ngap_state_operational(): AMF_EVENT_NGAP_MESSAGE (../src/amf/ngap-sm.c:53)
11/20 19:20:30.148: [amf] DEBUG: PDUSessionResourceSetupResponse (../src/amf/ngap-handler.c:1515)
11/20 19:20:30.148: [amf] DEBUG:     IP[127.0.0.1] RAN_ID[16384] (../src/amf/ngap-handler.c:1541)
11/20 19:20:30.148: [amf] DEBUG:     RAN_UE_NGAP_ID[1] AMF_UE_NGAP_ID[1] (../src/amf/ngap-handler.c:1573)
11/20 19:20:30.148: [sbi] DEBUG: [POST] http://127.0.0.4:7777/nsmf-pdusession/v1/sm-contexts/1/modify (../lib/sbi/client.c:625)
11/20 19:20:30.148: [sbi] DEBUG: SENDING...[307] (../lib/sbi/client.c:401)
11/20 19:20:30.148: [sbi] DEBUG: --=-GPqHIHbuAf2FyGtuIvcIgQ==
Content-Type: application/json

{
	"n2SmInfo":	{
		"contentId":	"ngap-sm"
	},
	"n2SmInfoType":	"PDU_RES_SETUP_RSP"
}
--=-GPqHIHbuAf2FyGtuIvcIgQ==
Content-Id: ngap-sm
Content-Type: application/vnd.3gpp.ngap

 (../lib/sbi/client.c:403)
11/20 19:20:30.148: [amf] DEBUG: amf_state_operational(): AMF_EVENT_NGAP_MESSAGE (../src/amf/amf-sm.c:78)
11/20 19:20:30.148: [sbi] DEBUG: STREAM added [3] (../lib/sbi/nghttp2-server.c:1122)
11/20 19:20:30.148: [amf] DEBUG: ngap_state_operational(): AMF_EVENT_NGAP_MESSAGE (../src/amf/ngap-sm.c:53)
11/20 19:20:30.148: [amf] DEBUG: UplinkNASTransport (../src/amf/ngap-handler.c:546)
11/20 19:20:30.148: [sbi] DEBUG: [POST] /nsmf-pdusession/v1/sm-contexts/1/modify (../lib/sbi/nghttp2-server.c:801)
11/20 19:20:30.148: [amf] DEBUG:     IP[127.0.0.1] RAN_ID[16384] (../src/amf/ngap-handler.c:569)
11/20 19:20:30.148: [sbi] DEBUG: RECEIVED: 307 (../lib/sbi/nghttp2-server.c:805)
11/20 19:20:30.148: [amf] DEBUG:     RAN_UE_NGAP_ID[1] AMF_UE_NGAP_ID[1] TAC[1] CellID[0x40001] (../src/amf/ngap-handler.c:650)
11/20 19:20:30.148: [sbi] DEBUG: --=-GPqHIHbuAf2FyGtuIvcIgQ==
Content-Type: application/json

{
	"n2SmInfo":	{
		"contentId":	"ngap-sm"
	},
	"n2SmInfoType":	"PDU_RES_SETUP_RSP"
}
--=-GPqHIHbuAf2FyGtuIvcIgQ==
Content-Id: ngap-sm
Content-Type: application/vnd.3gpp.ngap

 (../lib/sbi/nghttp2-server.c:806)
11/20 19:20:30.148: [amf] DEBUG: amf_state_operational(): AMF_EVENT_5GMM_MESSAGE (../src/amf/amf-sm.c:78)
11/20 19:20:30.148: [smf] DEBUG: smf_state_operational(): OGS_EVENT_NAME_SBI_SERVER (../src/smf/smf-sm.c:83)
11/20 19:20:30.148: [gmm] DEBUG: gmm_state_registered(): AMF_EVENT_5GMM_MESSAGE (../src/amf/gmm-sm.c:86)
11/20 19:20:30.148: [smf] DEBUG: smf_gsm_state_operational(): OGS_EVENT_NAME_SBI_SERVER (../src/smf/gsm-sm.c:755)
11/20 19:20:30.148: [sbi] DEBUG: [POST] http://127.0.0.4:7777/nsmf-pdusession/v1/sm-contexts/1/modify (../lib/sbi/client.c:625)
11/20 19:20:30.148: [smf] DEBUG: smf_state_operational(): SMF_EVT_NGAP_MESSAGE (../src/smf/smf-sm.c:83)
11/20 19:20:30.148: [sbi] DEBUG: SENDING...[246] (../lib/sbi/client.c:401)
11/20 19:20:30.148: [smf] DEBUG: smf_gsm_state_operational(): SMF_EVT_NGAP_MESSAGE (../src/smf/gsm-sm.c:755)
11/20 19:20:30.148: [sbi] DEBUG: --=-tgV5s0aeqlPp5Q7mh8Zy+A==
Content-Type: application/json

{
	"n1SmMsg":	{
		"contentId":	"5gnas-sm"
	}
}
--=-tgV5s0aeqlPp5Q7mh8Zy+A==
Content-Id: 5gnas-sm
Content-Type: application/vnd.3gpp.5gnas

.Ñ
--=-tgV5s0aeqlPp5Q7mh8Zy+A==--
 (../lib/sbi/client.c:403)
11/20 19:20:30.148: [smf] DEBUG: PDUSessionResourceSetupResponseTransfer (../src/smf/ngap-handler.c:52)
11/20 19:20:30.148: [core] DEBUG:     IPv4[127.0.0.2] IPv6[fd69:f21d:873c:fa::2] (../lib/asn1c/util/conv.c:165)
11/20 19:20:30.148: [pfcp] DEBUG: [3] LOCAL  Create  peer [127.0.0.7]:8805 (../lib/pfcp/xact.c:116)
11/20 19:20:30.148: [smf] DEBUG: Session Modification Request (../src/smf/n4-build.c:132)
11/20 19:20:30.148: [pfcp] DEBUG: [3] LOCAL  UPD TX-52  peer [127.0.0.7]:8805 (../lib/pfcp/xact.c:197)
11/20 19:20:30.148: [pfcp] DEBUG: [3] LOCAL  Commit  peer [127.0.0.7]:8805 (../lib/pfcp/xact.c:475)
11/20 19:20:30.148: [sbi] DEBUG: MAX_CONCURRENT_STREAMS = 100 (../lib/sbi/nghttp2-server.c:747)
11/20 19:20:30.148: [upf] DEBUG: upf_state_operational(): UPF_EVT_N4_MESSAGE (../src/upf/upf-sm.c:51)
11/20 19:20:30.148: [sbi] DEBUG: ENABLE_PUSH = false (../lib/sbi/nghttp2-server.c:749)
11/20 19:20:30.148: [sbi] DEBUG: STREAM added [1] (../lib/sbi/nghttp2-server.c:1122)
11/20 19:20:30.148: [sbi] DEBUG: [POST] /nsmf-pdusession/v1/sm-contexts/1/modify (../lib/sbi/nghttp2-server.c:801)
11/20 19:20:30.148: [sbi] DEBUG: RECEIVED: 246 (../lib/sbi/nghttp2-server.c:805)
11/20 19:20:30.148: [sbi] DEBUG: --=-tgV5s0aeqlPp5Q7mh8Zy+A==
Content-Type: application/json

{
	"n1SmMsg":	{
		"contentId":	"5gnas-sm"
	}
}
--=-tgV5s0aeqlPp5Q7mh8Zy+A==
Content-Id: 5gnas-sm
Content-Type: application/vnd.3gpp.5gnas

.Ñ
--=-tgV5s0aeqlPp5Q7mh8Zy+A==--
 (../lib/sbi/nghttp2-server.c:806)
11/20 19:20:30.148: [pfcp] DEBUG: [3] Cannot find xact type 52 from PFCP peer [127.0.0.4]:8805 (../lib/pfcp/xact.c:797)
11/20 19:20:30.148: [pfcp] DEBUG: [3] REMOTE Create  peer [127.0.0.4]:8805 (../lib/pfcp/xact.c:159)
0000: 00000604 00000000 00000300 04e200     ...............
11/20 19:20:30.148: [smf] DEBUG: smf_state_operational(): OGS_EVENT_NAME_SBI_SERVER (../src/smf/smf-sm.c:83)
11/20 19:20:30.148: [pfcp] DEBUG: [3] REMOTE Receive peer [127.0.0.4]:8805 (../lib/pfcp/xact.c:704)
11/20 19:20:30.148: [pfcp] DEBUG: [3] REMOTE UPD RX-52  peer [127.0.0.4]:8805 (../lib/pfcp/xact.c:298)
11/20 19:20:30.148: [upf] DEBUG: upf_pfcp_state_associated(): UPF_EVT_N4_MESSAGE (../src/upf/pfcp-sm.c:164)
11/20 19:20:30.148: [smf] DEBUG: smf_gsm_state_operational(): OGS_EVENT_NAME_SBI_SERVER (../src/smf/gsm-sm.c:755)
11/20 19:20:30.148: [upf] DEBUG: Session Modification Request (../src/upf/n4-handler.c:226)
11/20 19:20:30.148: [smf] DEBUG: smf_state_operational(): SMF_EVT_5GSM_MESSAGE (../src/smf/smf-sm.c:83)
11/20 19:20:30.148: [smf] DEBUG: smf_gsm_state_operational(): SMF_EVT_5GSM_MESSAGE (../src/smf/gsm-sm.c:755)
11/20 19:20:30.148: [gtp] INFO: gtp_connect() [127.0.0.2]:2152 (../lib/gtp/path.c:61)
11/20 19:20:30.148: [upf] DEBUG: Session Modification Response (../src/upf/n4-build.c:89)
11/20 19:20:30.148: [pfcp] DEBUG: [3] REMOTE UPD TX-53  peer [127.0.0.4]:8805 (../lib/pfcp/xact.c:197)
11/20 19:20:30.148: [sbi] DEBUG: [POST] http://127.0.0.13:7777/npcf-smpolicycontrol/v1/sm-policies/1/delete (../lib/sbi/client.c:625)
11/20 19:20:30.148: [pfcp] DEBUG: [3] REMOTE Commit  peer [127.0.0.4]:8805 (../lib/pfcp/xact.c:475)
11/20 19:20:30.148: [sbi] DEBUG: SENDING...[179] (../lib/sbi/client.c:401)
11/20 19:20:30.148: [sbi] DEBUG: {
	"servingNetwork":	{
		"mcc":	"999",
		"mnc":	"70"
	},
	"ranNasRelCauses":	[{
			"ngApCause":	{
				"group":	3,
				"value":	0
			},
			"5gMmCause":	0,
			"5gSmCause":	36
		}]
} (../lib/sbi/client.c:403)
11/20 19:20:30.148: [sbi] DEBUG: MAX_CONCURRENT_STREAMS = 100 (../lib/sbi/nghttp2-server.c:747)
11/20 19:20:30.148: [sbi] DEBUG: ENABLE_PUSH = false (../lib/sbi/nghttp2-server.c:749)
11/20 19:20:30.148: [smf] DEBUG: smf_state_operational(): SMF_EVT_N4_MESSAGE (../src/smf/smf-sm.c:83)
11/20 19:20:30.148: [sbi] DEBUG: STREAM added [3] (../lib/sbi/nghttp2-server.c:1122)
11/20 19:20:30.148: [pfcp] DEBUG: [3] LOCAL  Find    peer [127.0.0.7]:8805 (../lib/pfcp/xact.c:790)
11/20 19:20:30.148: [pfcp] DEBUG: [3] LOCAL  Receive peer [127.0.0.7]:8805 (../lib/pfcp/xact.c:704)
11/20 19:20:30.148: [pfcp] DEBUG: [3] LOCAL  UPD RX-53  peer [127.0.0.7]:8805 (../lib/pfcp/xact.c:298)
11/20 19:20:30.148: [smf] DEBUG: smf_pfcp_state_associated(): SMF_EVT_N4_MESSAGE (../src/smf/pfcp-sm.c:165)
11/20 19:20:30.148: [sbi] DEBUG: [POST] /npcf-smpolicycontrol/v1/sm-policies/1/delete (../lib/sbi/nghttp2-server.c:801)
11/20 19:20:30.148: [smf] DEBUG: Session Modification Response [5gc] (../src/smf/n4-handler.c:255)
11/20 19:20:30.148: [sbi] DEBUG: RECEIVED: 179 (../lib/sbi/nghttp2-server.c:805)
11/20 19:20:30.148: [pfcp] DEBUG: [3] LOCAL  Commit  peer [127.0.0.7]:8805 (../lib/pfcp/xact.c:475)
11/20 19:20:30.148: [sbi] DEBUG: {
	"servingNetwork":	{
		"mcc":	"999",
		"mnc":	"70"
	},
	"ranNasRelCauses":	[{
			"ngApCause":	{
				"group":	3,
				"value":	0
			},
			"5gMmCause":	0,
			"5gSmCause":	36
		}]
} (../lib/sbi/nghttp2-server.c:806)
11/20 19:20:30.148: [pfcp] DEBUG: [3] LOCAL  Delete  peer [127.0.0.7]:8805 (../lib/pfcp/xact.c:813)
11/20 19:20:30.148: [pcf] DEBUG: pcf_state_operational(): OGS_EVENT_NAME_SBI_SERVER (../src/pcf/pcf-sm.c:58)
11/20 19:20:30.148: [sbi] DEBUG: STATUS [204] (../lib/sbi/nghttp2-server.c:357)
11/20 19:20:30.148: [sbi] DEBUG: STREAM closed [3] (../lib/sbi/nghttp2-server.c:852)
11/20 19:20:30.148: [pcf] DEBUG: pcf_sm_state_operational(): OGS_EVENT_NAME_SBI_SERVER (../src/pcf/sm-sm.c:50)
0000: 00000301 05000000 0389c0bf            ............
11/20 19:20:30.149: [sbi] DEBUG: [DELETE] http://127.0.0.15:7777/nbsf-management/v1/pcfBindings/1 (../lib/sbi/client.c:625)
11/20 19:20:30.149: [sbi] DEBUG: [204:POST] http://127.0.0.4:7777/nsmf-pdusession/v1/sm-contexts/1/modify (../lib/sbi/client.c:573)
11/20 19:20:30.149: [sbi] DEBUG: RECEIVED[0] (../lib/sbi/client.c:584)
11/20 19:20:30.149: [amf] DEBUG: amf_state_operational(): OGS_EVENT_NAME_SBI_CLIENT (../src/amf/amf-sm.c:78)
11/20 19:20:30.149: [sbi] DEBUG: STREAM added [3] (../lib/sbi/nghttp2-server.c:1122)
11/20 19:20:30.149: [sbi] DEBUG: [DELETE] /nbsf-management/v1/pcfBindings/1 (../lib/sbi/nghttp2-server.c:801)
11/20 19:20:30.149: [bsf] DEBUG: bsf_state_operational(): OGS_EVENT_NAME_SBI_SERVER (../src/bsf/bsf-sm.c:55)
11/20 19:20:30.149: [sbi] DEBUG: STATUS [204] (../lib/sbi/nghttp2-server.c:357)
11/20 19:20:30.149: [sbi] DEBUG: STREAM closed [3] (../lib/sbi/nghttp2-server.c:852)
0000: 00000301 05000000 0389c0bf            ............
11/20 19:20:30.149: [sbi] DEBUG: [204:DELETE] http://127.0.0.15:7777/nbsf-management/v1/pcfBindings/1 (../lib/sbi/client.c:573)
11/20 19:20:30.149: [sbi] DEBUG: RECEIVED[0] (../lib/sbi/client.c:584)
11/20 19:20:30.149: [pcf] DEBUG: pcf_state_operational(): OGS_EVENT_NAME_SBI_CLIENT (../src/pcf/pcf-sm.c:58)
11/20 19:20:30.149: [pcf] DEBUG: pcf_sm_state_operational(): OGS_EVENT_NAME_SBI_CLIENT (../src/pcf/sm-sm.c:50)
11/20 19:20:30.149: [sbi] DEBUG: STATUS [204] (../lib/sbi/nghttp2-server.c:357)
11/20 19:20:30.149: [sbi] DEBUG: STREAM closed [3] (../lib/sbi/nghttp2-server.c:852)
11/20 19:20:30.149: [pcf] DEBUG: pcf_sm_state_operational(): EXIT (../src/pcf/sm-sm.c:50)
11/20 19:20:30.149: [pcf] DEBUG: pcf_sm_state_deleted(): ENTRY (../src/pcf/sm-sm.c:290)
11/20 19:20:30.149: [pcf] DEBUG: [imsi-999701000000010:5] PCF session removed (../src/pcf/pcf-sm.c:532)
11/20 19:20:30.149: [pcf] DEBUG: pcf_sm_state_deleted(): EXIT (../src/pcf/sm-sm.c:290)
11/20 19:20:30.149: [sbi] DEBUG: ogs_sbi_nf_instance_remove() (../lib/sbi/context.c:870)
11/20 19:20:30.149: [sbi] DEBUG: [UNREF] 2 (../lib/sbi/context.c:873)
11/20 19:20:30.149: [sbi] DEBUG: ogs_sbi_nf_instance_remove() (../lib/sbi/context.c:870)
11/20 19:20:30.149: [sbi] DEBUG: [UNREF] 3 (../lib/sbi/context.c:873)
11/20 19:20:30.149: [sbi] DEBUG: ogs_sbi_nf_instance_remove() (../lib/sbi/context.c:870)
11/20 19:20:30.149: [sbi] DEBUG: [UNREF] 2 (../lib/sbi/context.c:873)
11/20 19:20:30.149: [sbi] DEBUG: ogs_sbi_client_remove() [127.0.0.4:7777] (../lib/sbi/client.c:153)
11/20 19:20:30.149: [sbi] DEBUG: [UNREF] 2 (../lib/sbi/client.c:157)
0000: 00000301 05000000 0389c0bf            ............
11/20 19:20:30.149: [sbi] DEBUG: [204:POST] http://127.0.0.13:7777/npcf-smpolicycontrol/v1/sm-policies/1/delete (../lib/sbi/client.c:573)
11/20 19:20:30.149: [sbi] DEBUG: RECEIVED[0] (../lib/sbi/client.c:584)
11/20 19:20:30.149: [smf] DEBUG: smf_state_operational(): OGS_EVENT_NAME_SBI_CLIENT (../src/smf/smf-sm.c:83)
11/20 19:20:30.149: [smf] DEBUG: smf_gsm_state_operational(): OGS_EVENT_NAME_SBI_CLIENT (../src/smf/gsm-sm.c:755)
11/20 19:20:30.149: [smf] DEBUG: smf_gsm_state_operational(): EXIT (../src/smf/gsm-sm.c:755)
11/20 19:20:30.149: [smf] DEBUG: smf_gsm_state_wait_pfcp_deletion(): ENTRY (../src/smf/gsm-sm.c:1159)
11/20 19:20:30.149: [pfcp] DEBUG: [4] LOCAL  Create  peer [127.0.0.7]:8805 (../lib/pfcp/xact.c:116)
11/20 19:20:30.149: [smf] DEBUG: Session Deletion Request (../src/smf/n4-build.c:460)
11/20 19:20:30.149: [pfcp] DEBUG: [4] LOCAL  UPD TX-54  peer [127.0.0.7]:8805 (../lib/pfcp/xact.c:197)
11/20 19:20:30.149: [pfcp] DEBUG: [4] LOCAL  Commit  peer [127.0.0.7]:8805 (../lib/pfcp/xact.c:475)
11/20 19:20:30.149: [upf] DEBUG: upf_state_operational(): UPF_EVT_N4_MESSAGE (../src/upf/upf-sm.c:51)
11/20 19:20:30.149: [pfcp] DEBUG: [4] Cannot find xact type 54 from PFCP peer [127.0.0.4]:8805 (../lib/pfcp/xact.c:797)
11/20 19:20:30.149: [pfcp] DEBUG: [4] REMOTE Create  peer [127.0.0.4]:8805 (../lib/pfcp/xact.c:159)
11/20 19:20:30.149: [pfcp] DEBUG: [4] REMOTE Receive peer [127.0.0.4]:8805 (../lib/pfcp/xact.c:704)
11/20 19:20:30.149: [pfcp] DEBUG: [4] REMOTE UPD RX-54  peer [127.0.0.4]:8805 (../lib/pfcp/xact.c:298)
11/20 19:20:30.149: [upf] DEBUG: upf_pfcp_state_associated(): UPF_EVT_N4_MESSAGE (../src/upf/pfcp-sm.c:164)
11/20 19:20:30.149: [upf] DEBUG: Session Deletion Request (../src/upf/n4-handler.c:461)
11/20 19:20:30.149: [upf] DEBUG: Session Deletion Response (../src/upf/n4-build.c:121)
11/20 19:20:30.149: [pfcp] DEBUG: PFCP session deletion response (../lib/pfcp/build.c:942)
11/20 19:20:30.149: [pfcp] DEBUG: [4] REMOTE UPD TX-55  peer [127.0.0.4]:8805 (../lib/pfcp/xact.c:197)
11/20 19:20:30.149: [pfcp] DEBUG: [4] REMOTE Commit  peer [127.0.0.4]:8805 (../lib/pfcp/xact.c:475)
11/20 19:20:30.150: [smf] DEBUG: smf_state_operational(): SMF_EVT_N4_MESSAGE (../src/smf/smf-sm.c:83)
11/20 19:20:30.150: [upf] INFO: [Removed] Number of UPF-sessions is now 0 (../src/upf/context.c:213)
11/20 19:20:30.150: [pfcp] DEBUG: [4] LOCAL  Find    peer [127.0.0.7]:8805 (../lib/pfcp/xact.c:790)
11/20 19:20:30.150: [pfcp] DEBUG: [4] LOCAL  Receive peer [127.0.0.7]:8805 (../lib/pfcp/xact.c:704)
11/20 19:20:30.150: [pfcp] DEBUG: [4] LOCAL  UPD RX-55  peer [127.0.0.7]:8805 (../lib/pfcp/xact.c:298)
11/20 19:20:30.150: [smf] DEBUG: smf_pfcp_state_associated(): SMF_EVT_N4_MESSAGE (../src/smf/pfcp-sm.c:165)
11/20 19:20:30.150: [smf] DEBUG: smf_gsm_state_wait_pfcp_deletion(): SMF_EVT_N4_MESSAGE (../src/smf/gsm-sm.c:1159)
11/20 19:20:30.150: [pfcp] DEBUG: [4] LOCAL  Commit  peer [127.0.0.7]:8805 (../lib/pfcp/xact.c:475)
11/20 19:20:30.150: [pfcp] DEBUG: [4] LOCAL  Delete  peer [127.0.0.7]:8805 (../lib/pfcp/xact.c:813)
11/20 19:20:30.150: [smf] DEBUG: Session Deletion Response [5gc] (../src/smf/n4-handler.c:660)
11/20 19:20:30.150: [smf] DEBUG: PDUSessionResourceReleaseCommandTransfer (../src/smf/ngap-build.c:438)
11/20 19:20:30.150: [smf] DEBUG:     Group[3] Cause[0] (../src/smf/ngap-build.c:442)
11/20 19:20:30.150: [sbi] DEBUG: STATUS [200] (../lib/sbi/nghttp2-server.c:357)
11/20 19:20:30.150: [sbi] DEBUG: SENDING...: 424 (../lib/sbi/nghttp2-server.c:365)
11/20 19:20:30.150: [sbi] DEBUG: --=-0BiSv1R3zeFrypzex261kg==
Content-Type: application/json

{
	"n1SmMsg":	{
		"contentId":	"5gnas-sm"
	},
	"n2SmInfo":	{
		"contentId":	"ngap-sm"
	},
	"n2SmInfoType":	"PDU_RES_REL_CMD"
}
--=-0BiSv1R3zeFrypzex261kg==
Content-Id: 5gnas-sm
Content-Type: application/vnd.3gpp.5gnas

.Ó$
--=-0BiSv1R3zeFrypzex261kg==
Content-Id: ngap-sm
Content-Type: application/vnd.3gpp.ngap


--=-0BiSv1R3zeFrypzex261kg==--
 (../lib/sbi/nghttp2-server.c:366)
11/20 19:20:30.150: [sbi] DEBUG: STREAM closed [1] (../lib/sbi/nghttp2-server.c:852)
11/20 19:20:30.150: [smf] DEBUG: smf_gsm_state_wait_pfcp_deletion(): EXIT (../src/smf/gsm-sm.c:1159)
11/20 19:20:30.150: [smf] DEBUG: smf_gsm_state_wait_5gc_n1_n2_release(): ENTRY (../src/smf/gsm-sm.c:1412)
0000: 00000004 01000000 00                  .........
0000: 00005901 04000000 0188768b d5596a6f   ..Y.......v..Yjo
0010: 16e53b89 76d76f61 96d07abe 941054d2   ..;.v.oa..z...T.
0020: 7eea0802 128066e0 81719029 8b46ff0f   ~.....f..q.).F..
0030: 0d033432 345faba6 da126ac7 6258b0b4   ..424_....j.bX..
0040: 0d2593ed 48cf6d52 0ecf507f 302c0ba6   .%..H.mR..P.0,..
0050: dddc3b59 f65c367a afd97c89 c0f59a08   ..;Y.\6z..|.....
0060: 3f9f                                  ?.
11/20 19:20:30.150: [sbi] DEBUG: [200:POST] http://127.0.0.4:7777/nsmf-pdusession/v1/sm-contexts/1/modify (../lib/sbi/client.c:573)
11/20 19:20:30.150: [sbi] DEBUG: RECEIVED[424] (../lib/sbi/client.c:584)
11/20 19:20:30.150: [sbi] DEBUG: --=-0BiSv1R3zeFrypzex261kg==
Content-Type: application/json

{
	"n1SmMsg":	{
		"contentId":	"5gnas-sm"
	},
	"n2SmInfo":	{
		"contentId":	"ngap-sm"
	},
	"n2SmInfoType":	"PDU_RES_REL_CMD"
}
--=-0BiSv1R3zeFrypzex261kg==
Content-Id: 5gnas-sm
Content-Type: application/vnd.3gpp.5gnas

.Ó$
--=-0BiSv1R3zeFrypzex261kg==
Content-Id: ngap-sm
Content-Type: application/vnd.3gpp.ngap


--=-0BiSv1R3zeFrypzex261kg==--
 (../lib/sbi/client.c:586)
11/20 19:20:30.150: [amf] DEBUG: amf_state_operational(): OGS_EVENT_NAME_SBI_CLIENT (../src/amf/amf-sm.c:78)
11/20 19:20:30.150: [amf] DEBUG: PDUSessionResourceReleaseCommand (../src/amf/ngap-build.c:1570)
11/20 19:20:30.150: [amf] DEBUG:     RAN_UE_NGAP_ID[1] AMF_UE_NGAP_ID[1] (../src/amf/ngap-build.c:1607)
0000: 0001a800 01000000 012d2d3d 2d304269   .........--=-0Bi
0010: 53763152 337a6546 7279707a 65783236   Sv1R3zeFrypzex26
0020: 316b673d 3d0d0a43 6f6e7465 6e742d54   1kg==..Content-T
0030: 7970653a 20617070 6c696361 74696f6e   ype: application
0040: 2f6a736f 6e0d0a0d 0a7b0a09 226e3153   /json....{.."n1S
0050: 6d4d7367 223a097b 0a090922 636f6e74   mMsg":.{..."cont
0060: 656e7449 64223a09 2235676e 61732d73   entId":."5gnas-s
0070: 6d220a09 7d2c0a09 226e3253 6d496e66   m"..},.."n2SmInf
0080: 6f223a09 7b0a0909 22636f6e 74656e74   o":.{..."content
0090: 4964223a 09226e67 61702d73 6d220a09   Id":."ngap-sm"..
00a0: 7d2c0a09 226e3253 6d496e66 6f547970   },.."n2SmInfoTyp
00b0: 65223a09 22504455 5f524553 5f52454c   e":."PDU_RES_REL
00c0: 5f434d44 220a7d0d 0a2d2d3d 2d304269   _CMD".}..--=-0Bi
00d0: 53763152 337a6546 7279707a 65783236   Sv1R3zeFrypzex26
00e0: 316b673d 3d0d0a43 6f6e7465 6e742d49   1kg==..Content-I
00f0: 643a2035 676e6173 2d736d0d 0a436f6e   d: 5gnas-sm..Con
0100: 74656e74 2d547970 653a2061 70706c69   tent-Type: appli
0110: 63617469 6f6e2f76 6e642e33 6770702e   cation/vnd.3gpp.
0120: 35676e61 730d0a0d 0a2e0501 d3240d0a   5gnas........$..
0130: 2d2d3d2d 30426953 76315233 7a654672   --=-0BiSv1R3zeFr
0140: 79707a65 78323631 6b673d3d 0d0a436f   ypzex261kg==..Co
0150: 6e74656e 742d4964 3a206e67 61702d73   ntent-Id: ngap-s
0160: 6d0d0a43 6f6e7465 6e742d54 7970653a   m..Content-Type:
0170: 20617070 6c696361 74696f6e 2f766e64    application/vnd
0180: 2e336770 702e6e67 61700d0a 0d0a100d   .3gpp.ngap......
0190: 0a2d2d3d 2d304269 53763152 337a6546   .--=-0BiSv1R3zeF
01a0: 7279707a 65783236 316b673d 3d2d2d0d   rypzex261kg==--.
01b0: 0a                                    .
11/20 19:20:30.150: [amf] DEBUG:     IP[127.0.0.1] RAN_ID[16384] (../src/amf/ngap-path.c:71)
11/20 19:20:30.150: [amf] DEBUG: amf_state_operational(): AMF_EVENT_NGAP_MESSAGE (../src/amf/amf-sm.c:78)
11/20 19:20:30.150: [amf] DEBUG: ngap_state_operational(): AMF_EVENT_NGAP_MESSAGE (../src/amf/ngap-sm.c:53)
11/20 19:20:30.150: [amf] DEBUG: PDUSessionResourceReleaseResponse (../src/amf/ngap-handler.c:1995)
11/20 19:20:30.150: [amf] DEBUG:     IP[127.0.0.1] RAN_ID[16384] (../src/amf/ngap-handler.c:2017)
11/20 19:20:30.150: [amf] DEBUG:     RAN_UE_NGAP_ID[1] AMF_UE_NGAP_ID[1] (../src/amf/ngap-handler.c:2049)
11/20 19:20:30.150: [sbi] DEBUG: [POST] http://127.0.0.4:7777/nsmf-pdusession/v1/sm-contexts/1/modify (../lib/sbi/client.c:625)
11/20 19:20:30.150: [sbi] DEBUG: SENDING...[277] (../lib/sbi/client.c:401)
11/20 19:20:30.150: [sbi] DEBUG: --=-47UHdWXDbeGLM0z4+qWz4w==
Content-Type: application/json

{
	"n2SmInfo":	{
		"contentId":	"ngap-sm"
	},
	"n2SmInfoType":	"PDU_RES_REL_RSP"
}
--=-47UHdWXDbeGLM0z4+qWz4w==
Content-Id: ngap-sm
Content-Type: application/vnd.3gpp.ngap

 (../lib/sbi/client.c:403)
11/20 19:20:30.150: [sbi] DEBUG: STREAM added [5] (../lib/sbi/nghttp2-server.c:1122)
11/20 19:20:30.150: [amf] DEBUG: amf_state_operational(): AMF_EVENT_NGAP_MESSAGE (../src/amf/amf-sm.c:78)
11/20 19:20:30.150: [amf] DEBUG: ngap_state_operational(): AMF_EVENT_NGAP_MESSAGE (../src/amf/ngap-sm.c:53)
11/20 19:20:30.150: [amf] DEBUG: UplinkNASTransport (../src/amf/ngap-handler.c:546)
11/20 19:20:30.150: [sbi] DEBUG: [POST] /nsmf-pdusession/v1/sm-contexts/1/modify (../lib/sbi/nghttp2-server.c:801)
11/20 19:20:30.150: [amf] DEBUG:     IP[127.0.0.1] RAN_ID[16384] (../src/amf/ngap-handler.c:569)
11/20 19:20:30.150: [sbi] DEBUG: RECEIVED: 277 (../lib/sbi/nghttp2-server.c:805)
11/20 19:20:30.150: [amf] DEBUG:     RAN_UE_NGAP_ID[1] AMF_UE_NGAP_ID[1] TAC[1] CellID[0x40001] (../src/amf/ngap-handler.c:650)
11/20 19:20:30.150: [sbi] DEBUG: --=-47UHdWXDbeGLM0z4+qWz4w==
Content-Type: application/json

{
	"n2SmInfo":	{
		"contentId":	"ngap-sm"
	},
	"n2SmInfoType":	"PDU_RES_REL_RSP"
}
--=-47UHdWXDbeGLM0z4+qWz4w==
Content-Id: ngap-sm
Content-Type: application/vnd.3gpp.ngap

 (../lib/sbi/nghttp2-server.c:806)
11/20 19:20:30.150: [smf] DEBUG: smf_state_operational(): OGS_EVENT_NAME_SBI_SERVER (../src/smf/smf-sm.c:83)
11/20 19:20:30.150: [amf] DEBUG: amf_state_operational(): AMF_EVENT_5GMM_MESSAGE (../src/amf/amf-sm.c:78)
11/20 19:20:30.150: [gmm] DEBUG: gmm_state_registered(): AMF_EVENT_5GMM_MESSAGE (../src/amf/gmm-sm.c:86)
11/20 19:20:30.150: [smf] DEBUG: smf_gsm_state_wait_5gc_n1_n2_release(): OGS_EVENT_NAME_SBI_SERVER (../src/smf/gsm-sm.c:1412)
11/20 19:20:30.150: [smf] DEBUG: smf_state_operational(): SMF_EVT_NGAP_MESSAGE (../src/smf/smf-sm.c:83)
11/20 19:20:30.150: [smf] DEBUG: smf_gsm_state_wait_5gc_n1_n2_release(): SMF_EVT_NGAP_MESSAGE (../src/smf/gsm-sm.c:1412)
11/20 19:20:30.150: [sbi] DEBUG: STATUS [204] (../lib/sbi/nghttp2-server.c:357)
11/20 19:20:30.150: [sbi] DEBUG: [POST] http://127.0.0.4:7777/nsmf-pdusession/v1/sm-contexts/1/modify (../lib/sbi/client.c:625)
11/20 19:20:30.150: [sbi] DEBUG: STREAM closed [5] (../lib/sbi/nghttp2-server.c:852)
11/20 19:20:30.150: [sbi] DEBUG: SENDING...[573] (../lib/sbi/client.c:401)
11/20 19:20:30.151: [sbi] DEBUG: --=-B7Aiy3U7U21tYTnchQg8FA==
Content-Type: application/json

{
	"ueLocation":	{
		"nrLocation":	{
			"tai":	{
				"plmnId":	{
					"mcc":	"999",
					"mnc":	"70"
				},
				"tac":	"000001"
			},
			"ncgi":	{
				"plmnId":	{
					"mcc":	"999",
					"mnc":	"70"
				},
				"nrCellId":	"000040001"
			},
			"ueLocationTimestamp":	"2022-11-21T03:20:30.114482Z"
		}
	},
	"ueTimeZone":	"-08:00",
	"n1SmMsg":	{
		"contentId":	"5gnas-sm"
	}
}
--=-B7Aiy3U7U21tYTnchQg8FA==
Content-Id: 5gnas-sm
Content-Type: application/vnd.3gpp.5gnas

.Ô
--=-B7Aiy3U7U21tYTnchQg8FA==--
 (../lib/sbi/client.c:403)
0000: 00000301 05000000 0589c0bf            ............
11/20 19:20:30.151: [sbi] DEBUG: [204:POST] http://127.0.0.4:7777/nsmf-pdusession/v1/sm-contexts/1/modify (../lib/sbi/client.c:573)
11/20 19:20:30.151: [sbi] DEBUG: STREAM added [7] (../lib/sbi/nghttp2-server.c:1122)
11/20 19:20:30.151: [sbi] DEBUG: RECEIVED[0] (../lib/sbi/client.c:584)
11/20 19:20:30.151: [amf] DEBUG: amf_state_operational(): AMF_EVENT_NGAP_MESSAGE (../src/amf/amf-sm.c:78)
11/20 19:20:30.151: [sbi] DEBUG: [POST] /nsmf-pdusession/v1/sm-contexts/1/modify (../lib/sbi/nghttp2-server.c:801)
11/20 19:20:30.151: [sbi] DEBUG: RECEIVED: 573 (../lib/sbi/nghttp2-server.c:805)
11/20 19:20:30.151: [sbi] DEBUG: --=-B7Aiy3U7U21tYTnchQg8FA==
Content-Type: application/json

{
	"ueLocation":	{
		"nrLocation":	{
			"tai":	{
				"plmnId":	{
					"mcc":	"999",
					"mnc":	"70"
				},
				"tac":	"000001"
			},
			"ncgi":	{
				"plmnId":	{
					"mcc":	"999",
					"mnc":	"70"
				},
				"nrCellId":	"000040001"
			},
			"ueLocationTimestamp":	"2022-11-21T03:20:30.114482Z"
		}
	},
	"ueTimeZone":	"-08:00",
	"n1SmMsg":	{
		"contentId":	"5gnas-sm"
	}
}
--=-B7Aiy3U7U21tYTnchQg8FA==
Content-Id: 5gnas-sm
Content-Type: application/vnd.3gpp.5gnas

.Ô
--=-B7Aiy3U7U21tYTnchQg8FA==--
 (../lib/sbi/nghttp2-server.c:806)
11/20 19:20:30.151: [amf] DEBUG: ngap_state_operational(): AMF_EVENT_NGAP_MESSAGE (../src/amf/ngap-sm.c:53)
11/20 19:20:30.151: [amf] DEBUG: UplinkNASTransport (../src/amf/ngap-handler.c:546)
11/20 19:20:30.151: [smf] DEBUG: smf_state_operational(): OGS_EVENT_NAME_SBI_SERVER (../src/smf/smf-sm.c:83)
11/20 19:20:30.151: [amf] DEBUG:     IP[127.0.0.1] RAN_ID[16384] (../src/amf/ngap-handler.c:569)
11/20 19:20:30.151: [amf] DEBUG:     RAN_UE_NGAP_ID[1] AMF_UE_NGAP_ID[1] TAC[1] CellID[0x40001] (../src/amf/ngap-handler.c:650)
11/20 19:20:30.151: [amf] DEBUG: amf_state_operational(): OGS_EVENT_NAME_SBI_CLIENT (../src/amf/amf-sm.c:78)
11/20 19:20:30.151: [amf] DEBUG: [imsi-999701000000010:5] Receive Update SM context(N2-RELEASED) (../src/amf/nsmf-handler.c:542)
11/20 19:20:30.151: [amf] DEBUG: amf_state_operational(): AMF_EVENT_5GMM_MESSAGE (../src/amf/amf-sm.c:78)
11/20 19:20:30.151: [smf] DEBUG: smf_gsm_state_wait_5gc_n1_n2_release(): OGS_EVENT_NAME_SBI_SERVER (../src/smf/gsm-sm.c:1412)
11/20 19:20:30.151: [gmm] DEBUG: gmm_state_registered(): AMF_EVENT_5GMM_MESSAGE (../src/amf/gmm-sm.c:86)
11/20 19:20:30.151: [gmm] INFO: [imsi-999701000000010] Deregistration request (../src/amf/gmm-sm.c:297)
11/20 19:20:30.151: [smf] DEBUG:     TAI[PLMN_ID:99f907,TAC:1] (../src/smf/nsmf-handler.c:275)
11/20 19:20:30.151: [gmm] DEBUG:     OLD TSC[UE:0,AMF:0] KSI[UE:0,AMF:0] (../src/amf/gmm-handler.c:658)
11/20 19:20:30.151: [smf] DEBUG:     NR_CGI[PLMN_ID:99f907,CELL_ID:0x40001] (../src/smf/nsmf-handler.c:278)
11/20 19:20:30.151: [gmm] DEBUG:     NEW TSC[UE:0,AMF:0] KSI[UE:0,AMF:0] (../src/amf/gmm-handler.c:665)
11/20 19:20:30.151: [gmm] DEBUG:     Switch-Off (../src/amf/gmm-handler.c:668)
11/20 19:20:30.151: [smf] DEBUG: smf_state_operational(): SMF_EVT_5GSM_MESSAGE (../src/smf/smf-sm.c:83)
11/20 19:20:30.151: [gmm] INFO: [suci-0-999-70-0-0-0-1000000010]    SUCI (../src/amf/gmm-handler.c:670)
11/20 19:20:30.151: [smf] DEBUG: smf_gsm_state_wait_5gc_n1_n2_release(): SMF_EVT_5GSM_MESSAGE (../src/smf/gsm-sm.c:1412)
11/20 19:20:30.151: [gmm] DEBUG: gmm_state_registered(): EXIT (../src/amf/gmm-sm.c:86)
11/20 19:20:30.151: [sbi] DEBUG: STATUS [204] (../lib/sbi/nghttp2-server.c:357)
11/20 19:20:30.151: [gmm] DEBUG: gmm_state_de_registered(): ENTRY (../src/amf/gmm-sm.c:60)
11/20 19:20:30.151: [sbi] DEBUG: STREAM closed [7] (../lib/sbi/nghttp2-server.c:852)
11/20 19:20:30.151: [sbi] DEBUG: [POST] http://127.0.0.5:7777/namf-callback/v1/imsi-999701000000010/sm-context-status/5 (../lib/sbi/client.c:625)
11/20 19:20:30.151: [sbi] DEBUG: SENDING...[54] (../lib/sbi/client.c:401)
11/20 19:20:30.151: [sbi] DEBUG: {
	"statusInfo":	{
		"resourceStatus":	"RELEASED"
	}
} (../lib/sbi/client.c:403)
11/20 19:20:30.151: [smf] DEBUG: smf_gsm_state_wait_5gc_n1_n2_release(): EXIT (../src/smf/gsm-sm.c:1412)
11/20 19:20:30.151: [smf] DEBUG: smf_gsm_state_session_will_release(): ENTRY (../src/smf/gsm-sm.c:1581)
11/20 19:20:30.151: [smf] INFO: Removed Session: UE IMSI:[imsi-999701000000010] DNN:[internet:5] IPv4:[10.45.0.2] IPv6:[2001:db8:cafe:1::2] (../src/smf/context.c:1711)
11/20 19:20:30.151: [smf] DEBUG: smf_gsm_state_session_will_release(): EXIT (../src/smf/gsm-sm.c:1581)
11/20 19:20:30.151: [sbi] DEBUG: ogs_sbi_client_remove() [127.0.0.5:7777] (../lib/sbi/client.c:153)
11/20 19:20:30.151: [sbi] DEBUG: [UNREF] 3 (../lib/sbi/client.c:157)
11/20 19:20:30.151: [sbi] DEBUG: ogs_sbi_nf_instance_remove() (../lib/sbi/context.c:870)
11/20 19:20:30.151: [sbi] DEBUG: [UNREF] 2 (../lib/sbi/context.c:873)
11/20 19:20:30.151: [sbi] DEBUG: ogs_sbi_nf_instance_remove() (../lib/sbi/context.c:870)
11/20 19:20:30.151: [sbi] DEBUG: [UNREF] 2 (../lib/sbi/context.c:873)
11/20 19:20:30.151: [sbi] DEBUG: ogs_sbi_nf_instance_remove() (../lib/sbi/context.c:870)
11/20 19:20:30.151: [sbi] DEBUG: [UNREF] 2 (../lib/sbi/context.c:873)
11/20 19:20:30.151: [sbi] DEBUG: ogs_sbi_nf_instance_remove() (../lib/sbi/context.c:870)
11/20 19:20:30.151: [sbi] DEBUG: [UNREF] 2 (../lib/sbi/context.c:873)
11/20 19:20:30.151: [smf] INFO: [Removed] Number of SMF-Sessions is now 0 (../src/smf/context.c:3093)
11/20 19:20:30.151: [smf] INFO: [Removed] Number of SMF-UEs is now 0 (../src/smf/context.c:1069)
0000: 00000301 05000000 0789c0bf            ............
11/20 19:20:30.151: [sbi] DEBUG: [204:POST] http://127.0.0.4:7777/nsmf-pdusession/v1/sm-contexts/1/modify (../lib/sbi/client.c:573)
11/20 19:20:30.151: [sbi] DEBUG: RECEIVED[0] (../lib/sbi/client.c:584)
11/20 19:20:30.151: [amf] DEBUG: amf_state_operational(): OGS_EVENT_NAME_SBI_CLIENT (../src/amf/amf-sm.c:78)
11/20 19:20:30.151: [amf] DEBUG: [imsi-999701000000010:5] Receive Update SM context(N1-RELEASED) (../src/amf/nsmf-handler.c:554)
11/20 19:20:30.151: [sbi] DEBUG: STREAM added [3] (../lib/sbi/nghttp2-server.c:1122)
11/20 19:20:30.151: [sbi] DEBUG: [POST] /namf-callback/v1/imsi-999701000000010/sm-context-status/5 (../lib/sbi/nghttp2-server.c:801)
11/20 19:20:30.151: [sbi] DEBUG: RECEIVED: 54 (../lib/sbi/nghttp2-server.c:805)
11/20 19:20:30.151: [sbi] DEBUG: {
	"statusInfo":	{
		"resourceStatus":	"RELEASED"
	}
} (../lib/sbi/nghttp2-server.c:806)
11/20 19:20:30.151: [amf] DEBUG: amf_state_operational(): OGS_EVENT_NAME_SBI_SERVER (../src/amf/amf-sm.c:78)
11/20 19:20:30.151: [amf] DEBUG: [imsi-999701000000010:5] SM context remove (../src/amf/namf-handler.c:497)
11/20 19:20:30.151: [sbi] DEBUG: ogs_sbi_nf_instance_remove() (../lib/sbi/context.c:870)
11/20 19:20:30.151: [sbi] DEBUG: [UNREF] 2 (../lib/sbi/context.c:873)
11/20 19:20:30.151: [sbi] DEBUG: ogs_sbi_nf_instance_remove() (../lib/sbi/context.c:870)
11/20 19:20:30.151: [sbi] DEBUG: [UNREF] 2 (../lib/sbi/context.c:873)
11/20 19:20:30.151: [sbi] DEBUG: ogs_sbi_nf_instance_remove() (../lib/sbi/context.c:870)
11/20 19:20:30.151: [sbi] DEBUG: [UNREF] 3 (../lib/sbi/context.c:873)
11/20 19:20:30.151: [sbi] DEBUG: ogs_sbi_client_remove() [127.0.0.10:7777] (../lib/sbi/client.c:153)
11/20 19:20:30.151: [sbi] DEBUG: [UNREF] 2 (../lib/sbi/client.c:157)
11/20 19:20:30.151: [amf] INFO: [Removed] Number of AMF-Sessions is now 0 (../src/amf/context.c:2260)
11/20 19:20:30.151: [sbi] DEBUG: [DELETE] http://127.0.0.13:7777/npcf-am-policy-control/v1/policies/1 (../lib/sbi/client.c:625)
11/20 19:20:30.151: [sbi] DEBUG: STATUS [204] (../lib/sbi/nghttp2-server.c:357)
11/20 19:20:30.151: [sbi] DEBUG: STREAM closed [3] (../lib/sbi/nghttp2-server.c:852)
0000: 00000301 05000000 0389c0bf            ............
11/20 19:20:30.151: [sbi] DEBUG: [204:POST] http://127.0.0.5:7777/namf-callback/v1/imsi-999701000000010/sm-context-status/5 (../lib/sbi/client.c:573)
11/20 19:20:30.151: [sbi] DEBUG: RECEIVED[0] (../lib/sbi/client.c:584)
11/20 19:20:30.151: [sbi] DEBUG: STREAM added [3] (../lib/sbi/nghttp2-server.c:1122)
11/20 19:20:30.151: [sbi] DEBUG: [DELETE] /npcf-am-policy-control/v1/policies/1 (../lib/sbi/nghttp2-server.c:801)
11/20 19:20:30.151: [pcf] DEBUG: pcf_state_operational(): OGS_EVENT_NAME_SBI_SERVER (../src/pcf/pcf-sm.c:58)
11/20 19:20:30.151: [pcf] DEBUG: pcf_am_state_operational(): OGS_EVENT_NAME_SBI_SERVER (../src/pcf/am-sm.c:48)
11/20 19:20:30.151: [sbi] DEBUG: STATUS [204] (../lib/sbi/nghttp2-server.c:357)
11/20 19:20:30.151: [sbi] DEBUG: STREAM closed [3] (../lib/sbi/nghttp2-server.c:852)
11/20 19:20:30.151: [pcf] DEBUG: pcf_am_state_operational(): EXIT (../src/pcf/am-sm.c:48)
11/20 19:20:30.151: [pcf] DEBUG: pcf_am_state_deleted(): ENTRY (../src/pcf/am-sm.c:159)
11/20 19:20:30.151: [pcf] DEBUG: [imsi-999701000000010] PCF-AM removed (../src/pcf/pcf-sm.c:169)
11/20 19:20:30.151: [pcf] DEBUG: pcf_am_state_deleted(): EXIT (../src/pcf/am-sm.c:159)
11/20 19:20:30.151: [sbi] DEBUG: ogs_sbi_nf_instance_remove() (../lib/sbi/context.c:870)
11/20 19:20:30.151: [sbi] DEBUG: [UNREF] 2 (../lib/sbi/context.c:873)
11/20 19:20:30.151: [sbi] DEBUG: ogs_sbi_client_remove() [127.0.0.5:7777] (../lib/sbi/client.c:153)
11/20 19:20:30.151: [sbi] DEBUG: [UNREF] 2 (../lib/sbi/client.c:157)
0000: 00000301 05000000 0389c0bf            ............
11/20 19:20:30.151: [sbi] DEBUG: [204:DELETE] http://127.0.0.13:7777/npcf-am-policy-control/v1/policies/1 (../lib/sbi/client.c:573)
11/20 19:20:30.151: [sbi] DEBUG: RECEIVED[0] (../lib/sbi/client.c:584)
11/20 19:20:30.151: [amf] DEBUG: amf_state_operational(): OGS_EVENT_NAME_SBI_CLIENT (../src/amf/amf-sm.c:78)
11/20 19:20:30.152: [gmm] DEBUG: gmm_state_de_registered(): OGS_EVENT_NAME_SBI_CLIENT (../src/amf/gmm-sm.c:60)
11/20 19:20:30.152: [amf] DEBUG: [imsi-999701000000010] De-registration accept (../src/amf/nas-path.c:268)
11/20 19:20:30.152: [amf] DEBUG: UEContextReleaseCommand (../src/amf/ngap-path.c:322)
11/20 19:20:30.152: [amf] DEBUG:     RAN_UE_NGAP_ID[1] AMF_UE_NGAP_ID[1] (../src/amf/ngap-path.c:324)
11/20 19:20:30.152: [amf] DEBUG:     Group[3] Cause[2] Action[2] Duration[0] (../src/amf/ngap-path.c:330)
11/20 19:20:30.152: [amf] DEBUG: UEContextReleaseCommand (../src/amf/ngap-build.c:1084)
11/20 19:20:30.152: [amf] DEBUG:     IP[127.0.0.1] RAN_ID[16384] (../src/amf/ngap-path.c:71)
11/20 19:20:30.152: [amf] DEBUG: amf_state_operational(): AMF_EVENT_NGAP_MESSAGE (../src/amf/amf-sm.c:78)
11/20 19:20:30.152: [amf] DEBUG: ngap_state_operational(): AMF_EVENT_NGAP_MESSAGE (../src/amf/ngap-sm.c:53)
11/20 19:20:30.152: [amf] DEBUG: UEContextReleaseComplete (../src/amf/ngap-handler.c:1348)
11/20 19:20:30.152: [amf] DEBUG:     IP[127.0.0.1] RAN_ID[16384] (../src/amf/ngap-handler.c:1365)
11/20 19:20:30.152: [amf] INFO: UE Context Release [Action:2] (../src/amf/ngap-handler.c:1412)
11/20 19:20:30.152: [amf] INFO:     RAN_UE_NGAP_ID[1] AMF_UE_NGAP_ID[1] (../src/amf/ngap-handler.c:1414)
11/20 19:20:30.152: [amf] INFO:     SUCI[suci-0-999-70-0-0-0-1000000010] (../src/amf/ngap-handler.c:1416)
11/20 19:20:30.152: [amf] DEBUG:     Action: NG normal release (../src/amf/ngap-handler.c:1435)
11/20 19:20:30.152: [amf] INFO: [Removed] Number of gNB-UEs is now 1 (../src/amf/context.c:2246)
11/20 19:20:30.453: [thread] DEBUG: [0x556d0caee740] worker done (../lib/core/ogs-thread.c:72)
11/20 19:20:30.453: [amf] DEBUG: SCTP_SHUTDOWN_EVENT:[T:32773, F:0x0, L:12] (../src/amf/ngap-sctp.c:191)
11/20 19:20:30.453: [amf] DEBUG: amf_state_operational(): AMF_EVENT_NGAP_LO_CONNREFUSED (../src/amf/amf-sm.c:78)
11/20 19:20:30.453: [amf] INFO: gNB-N2[127.0.0.1] connection refused!!! (../src/amf/amf-sm.c:716)
11/20 19:20:30.453: [amf] DEBUG: ngap_state_operational(): EXIT (../src/amf/ngap-sm.c:53)
11/20 19:20:30.453: [amf] DEBUG: ngap_state_final(): EXIT (../src/amf/ngap-sm.c:37)
11/20 19:20:30.453: [amf] INFO: [Removed] Number of gNBs is now 2 (../src/amf/context.c:1001)
11/20 19:20:33.067: [pfcp] DEBUG: [1] REMOTE Holding Timeout for step 2 type 6 peer [127.0.0.4]:8805 (../lib/pfcp/xact.c:647)
11/20 19:20:33.067: [pfcp] DEBUG: [1] REMOTE Delete Transaction for step 2 type 6 peer [127.0.0.4]:8805 (../lib/pfcp/xact.c:660)
11/20 19:20:33.067: [pfcp] DEBUG: [1] REMOTE Delete  peer [127.0.0.4]:8805 (../lib/pfcp/xact.c:813)
11/20 19:20:35.353: [ausf] DEBUG: ausf_state_operational(): OGS_EVENT_NAME_SBI_TIMER (../src/ausf/ausf-sm.c:52)
11/20 19:20:35.353: [sbi] DEBUG: ogs_sbi_nf_state_registered(): OGS_EVENT_NAME_SBI_TIMER (../lib/sbi/nf-sm.c:204)
11/20 19:20:35.353: [sbi] DEBUG: [PATCH] http://[::1]:7777/nnrf-nfm/v1/nf-instances/70c00fb2-694b-41ed-a1ea-09418c35a6fb (../lib/sbi/client.c:625)
11/20 19:20:35.353: [sbi] DEBUG: SENDING...[72] (../lib/sbi/client.c:401)
11/20 19:20:35.353: [sbi] DEBUG: [{
		"op":	"replace",
		"path":	"/nfStatus",
		"value":	"REGISTERED"
	}] (../lib/sbi/client.c:403)
11/20 19:20:35.354: [sbi] DEBUG: STREAM added [5] (../lib/sbi/nghttp2-server.c:1122)
11/20 19:20:35.354: [sbi] DEBUG: [PATCH] /nnrf-nfm/v1/nf-instances/70c00fb2-694b-41ed-a1ea-09418c35a6fb (../lib/sbi/nghttp2-server.c:801)
11/20 19:20:35.354: [sbi] DEBUG: RECEIVED: 72 (../lib/sbi/nghttp2-server.c:805)
11/20 19:20:35.354: [sbi] DEBUG: [{
		"op":	"replace",
		"path":	"/nfStatus",
		"value":	"REGISTERED"
	}] (../lib/sbi/nghttp2-server.c:806)
11/20 19:20:35.354: [nrf] DEBUG: nrf_state_operational(): OGS_EVENT_NAME_SBI_SERVER (../src/nrf/nrf-sm.c:50)
11/20 19:20:35.354: [nrf] DEBUG: nrf_nf_state_registered(): OGS_EVENT_NAME_SBI_SERVER (../src/nrf/nf-sm.c:183)
11/20 19:20:35.354: [sbi] DEBUG: STATUS [204] (../lib/sbi/nghttp2-server.c:357)
11/20 19:20:35.354: [sbi] DEBUG: STREAM closed [5] (../lib/sbi/nghttp2-server.c:852)
0000: 00001a01 05000000 0589c061 96d07abe   ...........a..z.
0010: 941054d2 7eea0802 128066e0 817196d4   ..T.~.....f..q..
0020: c5a37f                                ...
11/20 19:20:35.354: [sbi] DEBUG: [204:PATCH] http://[::1]:7777/nnrf-nfm/v1/nf-instances/70c00fb2-694b-41ed-a1ea-09418c35a6fb (../lib/sbi/client.c:573)
11/20 19:20:35.354: [sbi] DEBUG: RECEIVED[0] (../lib/sbi/client.c:584)
11/20 19:20:35.354: [ausf] DEBUG: ausf_state_operational(): OGS_EVENT_NAME_SBI_CLIENT (../src/ausf/ausf-sm.c:52)
11/20 19:20:35.354: [sbi] DEBUG: ogs_sbi_nf_state_registered(): OGS_EVENT_NAME_SBI_CLIENT (../lib/sbi/nf-sm.c:204)
11/20 19:20:35.369: [pfcp] DEBUG: [1] REMOTE Holding Timeout for step 2 type 6 peer [127.0.0.7]:8805 (../lib/pfcp/xact.c:647)
11/20 19:20:35.369: [pfcp] DEBUG: [1] REMOTE Delete Transaction for step 2 type 6 peer [127.0.0.7]:8805 (../lib/pfcp/xact.c:660)
11/20 19:20:35.369: [pfcp] DEBUG: [1] REMOTE Delete  peer [127.0.0.7]:8805 (../lib/pfcp/xact.c:813)
11/20 19:20:35.409: [udm] DEBUG: udm_state_operational(): OGS_EVENT_NAME_SBI_TIMER (../src/udm/udm-sm.c:53)
11/20 19:20:35.409: [sbi] DEBUG: ogs_sbi_nf_state_registered(): OGS_EVENT_NAME_SBI_TIMER (../lib/sbi/nf-sm.c:204)
11/20 19:20:35.409: [sbi] DEBUG: [PATCH] http://[::1]:7777/nnrf-nfm/v1/nf-instances/70c87fb2-694b-41ed-8602-097969ae7b3b (../lib/sbi/client.c:625)
11/20 19:20:35.409: [sbi] DEBUG: SENDING...[72] (../lib/sbi/client.c:401)
11/20 19:20:35.409: [sbi] DEBUG: [{
		"op":	"replace",
		"path":	"/nfStatus",
		"value":	"REGISTERED"
	}] (../lib/sbi/client.c:403)
11/20 19:20:35.409: [sbi] DEBUG: STREAM added [5] (../lib/sbi/nghttp2-server.c:1122)
11/20 19:20:35.409: [sbi] DEBUG: [PATCH] /nnrf-nfm/v1/nf-instances/70c87fb2-694b-41ed-8602-097969ae7b3b (../lib/sbi/nghttp2-server.c:801)
11/20 19:20:35.409: [sbi] DEBUG: RECEIVED: 72 (../lib/sbi/nghttp2-server.c:805)
11/20 19:20:35.409: [sbi] DEBUG: [{
		"op":	"replace",
		"path":	"/nfStatus",
		"value":	"REGISTERED"
	}] (../lib/sbi/nghttp2-server.c:806)
11/20 19:20:35.409: [nrf] DEBUG: nrf_state_operational(): OGS_EVENT_NAME_SBI_SERVER (../src/nrf/nrf-sm.c:50)
11/20 19:20:35.409: [nrf] DEBUG: nrf_nf_state_registered(): OGS_EVENT_NAME_SBI_SERVER (../src/nrf/nf-sm.c:183)
11/20 19:20:35.409: [sbi] DEBUG: STATUS [204] (../lib/sbi/nghttp2-server.c:357)
11/20 19:20:35.409: [sbi] DEBUG: STREAM closed [5] (../lib/sbi/nghttp2-server.c:852)
0000: 00001a01 05000000 0589c061 96d07abe   ...........a..z.
0010: 941054d2 7eea0802 128066e0 817196d4   ..T.~.....f..q..
0020: c5a37f                                ...
11/20 19:20:35.409: [sbi] DEBUG: [204:PATCH] http://[::1]:7777/nnrf-nfm/v1/nf-instances/70c87fb2-694b-41ed-8602-097969ae7b3b (../lib/sbi/client.c:573)
11/20 19:20:35.410: [sbi] DEBUG: RECEIVED[0] (../lib/sbi/client.c:584)
11/20 19:20:35.410: [udm] DEBUG: udm_state_operational(): OGS_EVENT_NAME_SBI_CLIENT (../src/udm/udm-sm.c:53)
11/20 19:20:35.410: [sbi] DEBUG: ogs_sbi_nf_state_registered(): OGS_EVENT_NAME_SBI_CLIENT (../lib/sbi/nf-sm.c:204)
11/20 19:20:35.461: [pcf] DEBUG: pcf_state_operational(): OGS_EVENT_NAME_SBI_TIMER (../src/pcf/pcf-sm.c:58)
11/20 19:20:35.461: [sbi] DEBUG: ogs_sbi_nf_state_registered(): OGS_EVENT_NAME_SBI_TIMER (../lib/sbi/nf-sm.c:204)
11/20 19:20:35.461: [sbi] DEBUG: [PATCH] http://[::1]:7777/nnrf-nfm/v1/nf-instances/70cfafe4-694b-41ed-8faa-7d5ef2fddc03 (../lib/sbi/client.c:625)
11/20 19:20:35.461: [sbi] DEBUG: SENDING...[72] (../lib/sbi/client.c:401)
11/20 19:20:35.461: [sbi] DEBUG: [{
		"op":	"replace",
		"path":	"/nfStatus",
		"value":	"REGISTERED"
	}] (../lib/sbi/client.c:403)
11/20 19:20:35.461: [sbi] DEBUG: STREAM added [5] (../lib/sbi/nghttp2-server.c:1122)
11/20 19:20:35.462: [sbi] DEBUG: [PATCH] /nnrf-nfm/v1/nf-instances/70cfafe4-694b-41ed-8faa-7d5ef2fddc03 (../lib/sbi/nghttp2-server.c:801)
11/20 19:20:35.462: [sbi] DEBUG: RECEIVED: 72 (../lib/sbi/nghttp2-server.c:805)
11/20 19:20:35.462: [sbi] DEBUG: [{
		"op":	"replace",
		"path":	"/nfStatus",
		"value":	"REGISTERED"
	}] (../lib/sbi/nghttp2-server.c:806)
11/20 19:20:35.462: [nrf] DEBUG: nrf_state_operational(): OGS_EVENT_NAME_SBI_SERVER (../src/nrf/nrf-sm.c:50)
11/20 19:20:35.462: [nrf] DEBUG: nrf_nf_state_registered(): OGS_EVENT_NAME_SBI_SERVER (../src/nrf/nf-sm.c:183)
11/20 19:20:35.462: [sbi] DEBUG: STATUS [204] (../lib/sbi/nghttp2-server.c:357)
11/20 19:20:35.462: [sbi] DEBUG: STREAM closed [5] (../lib/sbi/nghttp2-server.c:852)
0000: 00001a01 05000000 0589c061 96d07abe   ...........a..z.
0010: 941054d2 7eea0802 128066e0 817196d4   ..T.~.....f..q..
0020: c5a37f                                ...
11/20 19:20:35.462: [sbi] DEBUG: [204:PATCH] http://[::1]:7777/nnrf-nfm/v1/nf-instances/70cfafe4-694b-41ed-8faa-7d5ef2fddc03 (../lib/sbi/client.c:573)
11/20 19:20:35.462: [sbi] DEBUG: RECEIVED[0] (../lib/sbi/client.c:584)
11/20 19:20:35.462: [pcf] DEBUG: pcf_state_operational(): OGS_EVENT_NAME_SBI_CLIENT (../src/pcf/pcf-sm.c:58)
11/20 19:20:35.462: [sbi] DEBUG: ogs_sbi_nf_state_registered(): OGS_EVENT_NAME_SBI_CLIENT (../lib/sbi/nf-sm.c:204)
11/20 19:20:35.517: [nssf] DEBUG: nssf_state_operational(): OGS_EVENT_NAME_SBI_TIMER (../src/nssf/nssf-sm.c:53)
11/20 19:20:35.517: [sbi] DEBUG: ogs_sbi_nf_state_registered(): OGS_EVENT_NAME_SBI_TIMER (../lib/sbi/nf-sm.c:204)
11/20 19:20:35.517: [sbi] DEBUG: [PATCH] http://[::1]:7777/nnrf-nfm/v1/nf-instances/70d904e0-694b-41ed-ae4b-791f6cb5ce89 (../lib/sbi/client.c:625)
11/20 19:20:35.517: [sbi] DEBUG: SENDING...[72] (../lib/sbi/client.c:401)
11/20 19:20:35.517: [sbi] DEBUG: [{
		"op":	"replace",
		"path":	"/nfStatus",
		"value":	"REGISTERED"
	}] (../lib/sbi/client.c:403)
11/20 19:20:35.517: [sbi] DEBUG: STREAM added [3] (../lib/sbi/nghttp2-server.c:1122)
11/20 19:20:35.517: [sbi] DEBUG: [PATCH] /nnrf-nfm/v1/nf-instances/70d904e0-694b-41ed-ae4b-791f6cb5ce89 (../lib/sbi/nghttp2-server.c:801)
11/20 19:20:35.517: [sbi] DEBUG: RECEIVED: 72 (../lib/sbi/nghttp2-server.c:805)
11/20 19:20:35.517: [sbi] DEBUG: [{
		"op":	"replace",
		"path":	"/nfStatus",
		"value":	"REGISTERED"
	}] (../lib/sbi/nghttp2-server.c:806)
11/20 19:20:35.517: [nrf] DEBUG: nrf_state_operational(): OGS_EVENT_NAME_SBI_SERVER (../src/nrf/nrf-sm.c:50)
11/20 19:20:35.517: [nrf] DEBUG: nrf_nf_state_registered(): OGS_EVENT_NAME_SBI_SERVER (../src/nrf/nf-sm.c:183)
11/20 19:20:35.517: [sbi] DEBUG: STATUS [204] (../lib/sbi/nghttp2-server.c:357)
11/20 19:20:35.517: [sbi] DEBUG: STREAM closed [3] (../lib/sbi/nghttp2-server.c:852)
0000: 00001a01 05000000 0389c061 96d07abe   ...........a..z.
0010: 941054d2 7eea0802 128066e0 817196d4   ..T.~.....f..q..
0020: c5a37f                                ...
11/20 19:20:35.517: [sbi] DEBUG: [204:PATCH] http://[::1]:7777/nnrf-nfm/v1/nf-instances/70d904e0-694b-41ed-ae4b-791f6cb5ce89 (../lib/sbi/client.c:573)
11/20 19:20:35.517: [sbi] DEBUG: RECEIVED[0] (../lib/sbi/client.c:584)
11/20 19:20:35.517: [nssf] DEBUG: nssf_state_operational(): OGS_EVENT_NAME_SBI_CLIENT (../src/nssf/nssf-sm.c:53)
11/20 19:20:35.518: [sbi] DEBUG: ogs_sbi_nf_state_registered(): OGS_EVENT_NAME_SBI_CLIENT (../lib/sbi/nf-sm.c:204)
11/20 19:20:35.550: [bsf] DEBUG: bsf_state_operational(): OGS_EVENT_NAME_SBI_TIMER (../src/bsf/bsf-sm.c:55)
11/20 19:20:35.550: [sbi] DEBUG: ogs_sbi_nf_state_registered(): OGS_EVENT_NAME_SBI_TIMER (../lib/sbi/nf-sm.c:204)
11/20 19:20:35.550: [sbi] DEBUG: [PATCH] http://[::1]:7777/nnrf-nfm/v1/nf-instances/70dde79e-694b-41ed-8e27-8f2b4c705d2c (../lib/sbi/client.c:625)
11/20 19:20:35.550: [sbi] DEBUG: SENDING...[72] (../lib/sbi/client.c:401)
11/20 19:20:35.550: [sbi] DEBUG: [{
		"op":	"replace",
		"path":	"/nfStatus",
		"value":	"REGISTERED"
	}] (../lib/sbi/client.c:403)
11/20 19:20:35.550: [sbi] DEBUG: STREAM added [3] (../lib/sbi/nghttp2-server.c:1122)
11/20 19:20:35.550: [sbi] DEBUG: [PATCH] /nnrf-nfm/v1/nf-instances/70dde79e-694b-41ed-8e27-8f2b4c705d2c (../lib/sbi/nghttp2-server.c:801)
11/20 19:20:35.550: [sbi] DEBUG: RECEIVED: 72 (../lib/sbi/nghttp2-server.c:805)
11/20 19:20:35.550: [sbi] DEBUG: [{
		"op":	"replace",
		"path":	"/nfStatus",
		"value":	"REGISTERED"
	}] (../lib/sbi/nghttp2-server.c:806)
11/20 19:20:35.550: [nrf] DEBUG: nrf_state_operational(): OGS_EVENT_NAME_SBI_SERVER (../src/nrf/nrf-sm.c:50)
11/20 19:20:35.551: [nrf] DEBUG: nrf_nf_state_registered(): OGS_EVENT_NAME_SBI_SERVER (../src/nrf/nf-sm.c:183)
11/20 19:20:35.551: [sbi] DEBUG: STATUS [204] (../lib/sbi/nghttp2-server.c:357)
11/20 19:20:35.551: [sbi] DEBUG: STREAM closed [3] (../lib/sbi/nghttp2-server.c:852)
0000: 00001a01 05000000 0389c061 96d07abe   ...........a..z.
0010: 941054d2 7eea0802 128066e0 817196d4   ..T.~.....f..q..
0020: c5a37f                                ...
11/20 19:20:35.551: [sbi] DEBUG: [204:PATCH] http://[::1]:7777/nnrf-nfm/v1/nf-instances/70dde79e-694b-41ed-8e27-8f2b4c705d2c (../lib/sbi/client.c:573)
11/20 19:20:35.551: [sbi] DEBUG: RECEIVED[0] (../lib/sbi/client.c:584)
11/20 19:20:35.551: [bsf] DEBUG: bsf_state_operational(): OGS_EVENT_NAME_SBI_CLIENT (../src/bsf/bsf-sm.c:55)
11/20 19:20:35.551: [sbi] DEBUG: ogs_sbi_nf_state_registered(): OGS_EVENT_NAME_SBI_CLIENT (../lib/sbi/nf-sm.c:204)
11/20 19:20:35.565: [smf] DEBUG: smf_state_operational(): OGS_EVENT_NAME_SBI_TIMER (../src/smf/smf-sm.c:83)
11/20 19:20:35.565: [sbi] DEBUG: ogs_sbi_nf_state_registered(): OGS_EVENT_NAME_SBI_TIMER (../lib/sbi/nf-sm.c:204)
11/20 19:20:35.565: [sbi] DEBUG: [PATCH] http://[::1]:7777/nnrf-nfm/v1/nf-instances/70cca826-694b-41ed-8175-53a75e027b9f (../lib/sbi/client.c:625)
11/20 19:20:35.565: [sbi] DEBUG: SENDING...[72] (../lib/sbi/client.c:401)
11/20 19:20:35.565: [sbi] DEBUG: [{
		"op":	"replace",
		"path":	"/nfStatus",
		"value":	"REGISTERED"
	}] (../lib/sbi/client.c:403)
11/20 19:20:35.565: [sbi] DEBUG: STREAM added [9] (../lib/sbi/nghttp2-server.c:1122)
11/20 19:20:35.565: [sbi] DEBUG: [PATCH] /nnrf-nfm/v1/nf-instances/70cca826-694b-41ed-8175-53a75e027b9f (../lib/sbi/nghttp2-server.c:801)
11/20 19:20:35.565: [sbi] DEBUG: RECEIVED: 72 (../lib/sbi/nghttp2-server.c:805)
11/20 19:20:35.565: [sbi] DEBUG: [{
		"op":	"replace",
		"path":	"/nfStatus",
		"value":	"REGISTERED"
	}] (../lib/sbi/nghttp2-server.c:806)
11/20 19:20:35.565: [nrf] DEBUG: nrf_state_operational(): OGS_EVENT_NAME_SBI_SERVER (../src/nrf/nrf-sm.c:50)
11/20 19:20:35.565: [nrf] DEBUG: nrf_nf_state_registered(): OGS_EVENT_NAME_SBI_SERVER (../src/nrf/nf-sm.c:183)
11/20 19:20:35.565: [sbi] DEBUG: STATUS [204] (../lib/sbi/nghttp2-server.c:357)
11/20 19:20:35.565: [sbi] DEBUG: STREAM closed [9] (../lib/sbi/nghttp2-server.c:852)
11/20 19:20:35.566: [sbi] DEBUG: [204:PATCH] http://[::1]:7777/nnrf-nfm/v1/nf-instances/70cca826-694b-41ed-8175-53a75e027b9f (../lib/sbi/client.c:573)
11/20 19:20:35.566: [sbi] DEBUG: RECEIVED[0] (../lib/sbi/client.c:584)
0000: 00001a01 05000000 0989c261 96d07abe   ...........a..z.
0010: 941054d2 7eea0802 128066e0 817196d4   ..T.~.....f..q..
0020: c5a37f                                ...
11/20 19:20:35.566: [smf] DEBUG: smf_state_operational(): OGS_EVENT_NAME_SBI_CLIENT (../src/smf/smf-sm.c:83)
11/20 19:20:35.566: [sbi] DEBUG: ogs_sbi_nf_state_registered(): OGS_EVENT_NAME_SBI_CLIENT (../lib/sbi/nf-sm.c:204)
11/20 19:20:35.617: [udr] DEBUG: udr_state_operational(): OGS_EVENT_NAME_SBI_TIMER (../src/udr/udr-sm.c:51)
11/20 19:20:35.617: [sbi] DEBUG: ogs_sbi_nf_state_registered(): OGS_EVENT_NAME_SBI_TIMER (../lib/sbi/nf-sm.c:204)
11/20 19:20:35.617: [sbi] DEBUG: [PATCH] http://[::1]:7777/nnrf-nfm/v1/nf-instances/70e7705c-694b-41ed-bc5b-9b040e87ce40 (../lib/sbi/client.c:625)
11/20 19:20:35.617: [sbi] DEBUG: SENDING...[72] (../lib/sbi/client.c:401)
11/20 19:20:35.617: [sbi] DEBUG: [{
		"op":	"replace",
		"path":	"/nfStatus",
		"value":	"REGISTERED"
	}] (../lib/sbi/client.c:403)
11/20 19:20:35.618: [sbi] DEBUG: STREAM added [3] (../lib/sbi/nghttp2-server.c:1122)
11/20 19:20:35.618: [sbi] DEBUG: [PATCH] /nnrf-nfm/v1/nf-instances/70e7705c-694b-41ed-bc5b-9b040e87ce40 (../lib/sbi/nghttp2-server.c:801)
11/20 19:20:35.618: [sbi] DEBUG: RECEIVED: 72 (../lib/sbi/nghttp2-server.c:805)
11/20 19:20:35.618: [sbi] DEBUG: [{
		"op":	"replace",
		"path":	"/nfStatus",
		"value":	"REGISTERED"
	}] (../lib/sbi/nghttp2-server.c:806)
11/20 19:20:35.618: [nrf] DEBUG: nrf_state_operational(): OGS_EVENT_NAME_SBI_SERVER (../src/nrf/nrf-sm.c:50)
11/20 19:20:35.618: [nrf] DEBUG: nrf_nf_state_registered(): OGS_EVENT_NAME_SBI_SERVER (../src/nrf/nf-sm.c:183)
11/20 19:20:35.618: [sbi] DEBUG: STATUS [204] (../lib/sbi/nghttp2-server.c:357)
11/20 19:20:35.618: [sbi] DEBUG: STREAM closed [3] (../lib/sbi/nghttp2-server.c:852)
0000: 00001a01 05000000 0389c061 96d07abe   ...........a..z.
0010: 941054d2 7eea0802 128066e0 817196d4   ..T.~.....f..q..
0020: c5a37f                                ...
11/20 19:20:35.618: [sbi] DEBUG: [204:PATCH] http://[::1]:7777/nnrf-nfm/v1/nf-instances/70e7705c-694b-41ed-bc5b-9b040e87ce40 (../lib/sbi/client.c:573)
11/20 19:20:35.618: [sbi] DEBUG: RECEIVED[0] (../lib/sbi/client.c:584)
11/20 19:20:35.618: [udr] DEBUG: udr_state_operational(): OGS_EVENT_NAME_SBI_CLIENT (../src/udr/udr-sm.c:51)
11/20 19:20:35.618: [sbi] DEBUG: ogs_sbi_nf_state_registered(): OGS_EVENT_NAME_SBI_CLIENT (../lib/sbi/nf-sm.c:204)
11/20 19:20:36.566: [smf] DEBUG: smf_state_operational(): SMF_EVT_N4_TIMER (../src/smf/smf-sm.c:83)
11/20 19:20:36.566: [smf] DEBUG: smf_pfcp_state_associated(): SMF_EVT_N4_TIMER (../src/smf/pfcp-sm.c:165)
11/20 19:20:36.566: [pfcp] DEBUG: [5] LOCAL  Create  peer [127.0.0.7]:8805 (../lib/pfcp/xact.c:116)
11/20 19:20:36.566: [pfcp] DEBUG: Heartbeat Request (../lib/pfcp/build.c:27)
11/20 19:20:36.566: [pfcp] DEBUG: [5] LOCAL  UPD TX-1  peer [127.0.0.7]:8805 (../lib/pfcp/xact.c:197)
11/20 19:20:36.566: [pfcp] DEBUG: [5] LOCAL  Commit  peer [127.0.0.7]:8805 (../lib/pfcp/xact.c:475)
11/20 19:20:36.566: [upf] DEBUG: upf_state_operational(): UPF_EVT_N4_MESSAGE (../src/upf/upf-sm.c:51)
11/20 19:20:36.566: [pfcp] DEBUG: [5] Cannot find xact type 1 from PFCP peer [127.0.0.4]:8805 (../lib/pfcp/xact.c:797)
11/20 19:20:36.566: [pfcp] DEBUG: [5] REMOTE Create  peer [127.0.0.4]:8805 (../lib/pfcp/xact.c:159)
11/20 19:20:36.566: [pfcp] DEBUG: [5] REMOTE Receive peer [127.0.0.4]:8805 (../lib/pfcp/xact.c:704)
11/20 19:20:36.566: [pfcp] DEBUG: [5] REMOTE UPD RX-1  peer [127.0.0.4]:8805 (../lib/pfcp/xact.c:298)
11/20 19:20:36.566: [upf] DEBUG: upf_pfcp_state_associated(): UPF_EVT_N4_MESSAGE (../src/upf/pfcp-sm.c:164)
11/20 19:20:36.566: [pfcp] DEBUG: Heartbeat Response (../lib/pfcp/build.c:44)
11/20 19:20:36.566: [pfcp] DEBUG: [5] REMOTE UPD TX-2  peer [127.0.0.4]:8805 (../lib/pfcp/xact.c:197)
11/20 19:20:36.566: [pfcp] DEBUG: [5] REMOTE Commit  peer [127.0.0.4]:8805 (../lib/pfcp/xact.c:475)
11/20 19:20:36.566: [smf] DEBUG: smf_state_operational(): SMF_EVT_N4_MESSAGE (../src/smf/smf-sm.c:83)
11/20 19:20:36.567: [pfcp] DEBUG: [5] LOCAL  Find    peer [127.0.0.7]:8805 (../lib/pfcp/xact.c:790)
11/20 19:20:36.567: [pfcp] DEBUG: [5] LOCAL  Receive peer [127.0.0.7]:8805 (../lib/pfcp/xact.c:704)
11/20 19:20:36.567: [pfcp] DEBUG: [5] LOCAL  UPD RX-2  peer [127.0.0.7]:8805 (../lib/pfcp/xact.c:298)
11/20 19:20:36.567: [smf] DEBUG: smf_pfcp_state_associated(): SMF_EVT_N4_MESSAGE (../src/smf/pfcp-sm.c:165)
11/20 19:20:36.567: [upf] DEBUG: upf_state_operational(): UPF_EVT_N4_TIMER (../src/upf/upf-sm.c:51)
11/20 19:20:36.567: [pfcp] DEBUG: [5] LOCAL  Commit  peer [127.0.0.7]:8805 (../lib/pfcp/xact.c:475)
11/20 19:20:36.567: [pfcp] DEBUG: [5] LOCAL  Delete  peer [127.0.0.7]:8805 (../lib/pfcp/xact.c:813)
11/20 19:20:36.567: [upf] DEBUG: upf_pfcp_state_associated(): UPF_EVT_N4_TIMER (../src/upf/pfcp-sm.c:164)
11/20 19:20:36.567: [pfcp] DEBUG: [2] LOCAL  Create  peer [127.0.0.4]:8805 (../lib/pfcp/xact.c:116)
11/20 19:20:36.567: [pfcp] DEBUG: Heartbeat Request (../lib/pfcp/build.c:27)
11/20 19:20:36.567: [pfcp] DEBUG: [2] LOCAL  UPD TX-1  peer [127.0.0.4]:8805 (../lib/pfcp/xact.c:197)
11/20 19:20:36.567: [pfcp] DEBUG: [2] LOCAL  Commit  peer [127.0.0.4]:8805 (../lib/pfcp/xact.c:475)
11/20 19:20:36.567: [smf] DEBUG: smf_state_operational(): SMF_EVT_N4_MESSAGE (../src/smf/smf-sm.c:83)
11/20 19:20:36.567: [pfcp] DEBUG: [2] Cannot find xact type 1 from PFCP peer [127.0.0.7]:8805 (../lib/pfcp/xact.c:797)
11/20 19:20:36.567: [pfcp] DEBUG: [2] REMOTE Create  peer [127.0.0.7]:8805 (../lib/pfcp/xact.c:159)
11/20 19:20:36.567: [pfcp] DEBUG: [2] REMOTE Receive peer [127.0.0.7]:8805 (../lib/pfcp/xact.c:704)
11/20 19:20:36.567: [pfcp] DEBUG: [2] REMOTE UPD RX-1  peer [127.0.0.7]:8805 (../lib/pfcp/xact.c:298)
11/20 19:20:36.567: [smf] DEBUG: smf_pfcp_state_associated(): SMF_EVT_N4_MESSAGE (../src/smf/pfcp-sm.c:165)
11/20 19:20:36.567: [pfcp] DEBUG: Heartbeat Response (../lib/pfcp/build.c:44)
11/20 19:20:36.567: [pfcp] DEBUG: [2] REMOTE UPD TX-2  peer [127.0.0.7]:8805 (../lib/pfcp/xact.c:197)
11/20 19:20:36.567: [pfcp] DEBUG: [2] REMOTE Commit  peer [127.0.0.7]:8805 (../lib/pfcp/xact.c:475)
11/20 19:20:36.567: [upf] DEBUG: upf_state_operational(): UPF_EVT_N4_MESSAGE (../src/upf/upf-sm.c:51)
11/20 19:20:36.567: [pfcp] DEBUG: [2] LOCAL  Find    peer [127.0.0.4]:8805 (../lib/pfcp/xact.c:790)
11/20 19:20:36.567: [pfcp] DEBUG: [2] LOCAL  Receive peer [127.0.0.4]:8805 (../lib/pfcp/xact.c:704)
11/20 19:20:36.567: [pfcp] DEBUG: [2] LOCAL  UPD RX-2  peer [127.0.0.4]:8805 (../lib/pfcp/xact.c:298)
11/20 19:20:36.567: [upf] DEBUG: upf_pfcp_state_associated(): UPF_EVT_N4_MESSAGE (../src/upf/pfcp-sm.c:164)
11/20 19:20:36.567: [pfcp] DEBUG: [2] LOCAL  Commit  peer [127.0.0.4]:8805 (../lib/pfcp/xact.c:475)
11/20 19:20:36.567: [pfcp] DEBUG: [2] LOCAL  Delete  peer [127.0.0.4]:8805 (../lib/pfcp/xact.c:813)
11/20 19:20:37.464: [amf] DEBUG: amf_state_operational(): OGS_EVENT_NAME_SBI_TIMER (../src/amf/amf-sm.c:78)
11/20 19:20:37.464: [sbi] DEBUG: ogs_sbi_nf_state_registered(): OGS_EVENT_NAME_SBI_TIMER (../lib/sbi/nf-sm.c:204)
11/20 19:20:37.464: [sbi] DEBUG: [PATCH] http://[::1]:7777/nnrf-nfm/v1/nf-instances/70ba6878-694b-41ed-97ef-3971b1032c7d (../lib/sbi/client.c:625)
11/20 19:20:37.464: [sbi] DEBUG: SENDING...[72] (../lib/sbi/client.c:401)
11/20 19:20:37.465: [sbi] DEBUG: [{
		"op":	"replace",
		"path":	"/nfStatus",
		"value":	"REGISTERED"
	}] (../lib/sbi/client.c:403)
11/20 19:20:37.465: [sbi] DEBUG: STREAM added [15] (../lib/sbi/nghttp2-server.c:1122)
11/20 19:20:37.465: [sbi] DEBUG: [PATCH] /nnrf-nfm/v1/nf-instances/70ba6878-694b-41ed-97ef-3971b1032c7d (../lib/sbi/nghttp2-server.c:801)
11/20 19:20:37.465: [sbi] DEBUG: RECEIVED: 72 (../lib/sbi/nghttp2-server.c:805)
11/20 19:20:37.465: [sbi] DEBUG: [{
		"op":	"replace",
		"path":	"/nfStatus",
		"value":	"REGISTERED"
	}] (../lib/sbi/nghttp2-server.c:806)
11/20 19:20:37.465: [nrf] DEBUG: nrf_state_operational(): OGS_EVENT_NAME_SBI_SERVER (../src/nrf/nrf-sm.c:50)
11/20 19:20:37.465: [nrf] DEBUG: nrf_nf_state_registered(): OGS_EVENT_NAME_SBI_SERVER (../src/nrf/nf-sm.c:183)
11/20 19:20:37.465: [sbi] DEBUG: STATUS [204] (../lib/sbi/nghttp2-server.c:357)
11/20 19:20:37.465: [sbi] DEBUG: STREAM closed [15] (../lib/sbi/nghttp2-server.c:852)
0000: 00001a01 05000000 0f89c261 96d07abe   ...........a..z.
0010: 941054d2 7eea0802 128066e0 81719754   ..T.~.....f..q.T
0020: c5a37f                                ...
11/20 19:20:37.466: [sbi] DEBUG: [204:PATCH] http://[::1]:7777/nnrf-nfm/v1/nf-instances/70ba6878-694b-41ed-97ef-3971b1032c7d (../lib/sbi/client.c:573)
11/20 19:20:37.466: [sbi] DEBUG: RECEIVED[0] (../lib/sbi/client.c:584)
11/20 19:20:37.466: [amf] DEBUG: amf_state_operational(): OGS_EVENT_NAME_SBI_CLIENT (../src/amf/amf-sm.c:78)
11/20 19:20:37.466: [sbi] DEBUG: ogs_sbi_nf_state_registered(): OGS_EVENT_NAME_SBI_CLIENT (../lib/sbi/nf-sm.c:204)
11/20 19:20:37.647: [pfcp] DEBUG: [2] REMOTE Holding Timeout for step 2 type 51 peer [127.0.0.4]:8805 (../lib/pfcp/xact.c:647)
11/20 19:20:37.647: [pfcp] DEBUG: [2] REMOTE Delete Transaction for step 2 type 51 peer [127.0.0.4]:8805 (../lib/pfcp/xact.c:660)
11/20 19:20:37.647: [pfcp] DEBUG: [2] REMOTE Delete  peer [127.0.0.4]:8805 (../lib/pfcp/xact.c:813)
11/20 19:20:37.649: [pfcp] DEBUG: [3] REMOTE Holding Timeout for step 2 type 53 peer [127.0.0.4]:8805 (../lib/pfcp/xact.c:647)
11/20 19:20:37.649: [pfcp] DEBUG: [3] REMOTE Delete Transaction for step 2 type 53 peer [127.0.0.4]:8805 (../lib/pfcp/xact.c:660)
11/20 19:20:37.649: [pfcp] DEBUG: [3] REMOTE Delete  peer [127.0.0.4]:8805 (../lib/pfcp/xact.c:813)
11/20 19:20:37.650: [pfcp] DEBUG: [4] REMOTE Holding Timeout for step 2 type 55 peer [127.0.0.4]:8805 (../lib/pfcp/xact.c:647)
11/20 19:20:37.650: [pfcp] DEBUG: [4] REMOTE Delete Transaction for step 2 type 55 peer [127.0.0.4]:8805 (../lib/pfcp/xact.c:660)
11/20 19:20:37.650: [pfcp] DEBUG: [4] REMOTE Delete  peer [127.0.0.4]:8805 (../lib/pfcp/xact.c:813)
11/20 19:20:44.073: [pfcp] DEBUG: [5] REMOTE Holding Timeout for step 2 type 2 peer [127.0.0.4]:8805 (../lib/pfcp/xact.c:647)
11/20 19:20:44.073: [pfcp] DEBUG: [5] REMOTE Delete Transaction for step 2 type 2 peer [127.0.0.4]:8805 (../lib/pfcp/xact.c:660)
11/20 19:20:44.073: [pfcp] DEBUG: [5] REMOTE Delete  peer [127.0.0.4]:8805 (../lib/pfcp/xact.c:813)
11/20 19:20:44.075: [pfcp] DEBUG: [2] REMOTE Holding Timeout for step 2 type 2 peer [127.0.0.7]:8805 (../lib/pfcp/xact.c:647)
11/20 19:20:44.075: [pfcp] DEBUG: [2] REMOTE Delete Transaction for step 2 type 2 peer [127.0.0.7]:8805 (../lib/pfcp/xact.c:660)
11/20 19:20:44.075: [pfcp] DEBUG: [2] REMOTE Delete  peer [127.0.0.7]:8805 (../lib/pfcp/xact.c:813)
11/20 19:20:45.363: [ausf] DEBUG: ausf_state_operational(): OGS_EVENT_NAME_SBI_TIMER (../src/ausf/ausf-sm.c:52)
11/20 19:20:45.363: [sbi] DEBUG: ogs_sbi_nf_state_registered(): OGS_EVENT_NAME_SBI_TIMER (../lib/sbi/nf-sm.c:204)
11/20 19:20:45.363: [sbi] DEBUG: [PATCH] http://[::1]:7777/nnrf-nfm/v1/nf-instances/70c00fb2-694b-41ed-a1ea-09418c35a6fb (../lib/sbi/client.c:625)
11/20 19:20:45.363: [sbi] DEBUG: SENDING...[72] (../lib/sbi/client.c:401)
11/20 19:20:45.364: [sbi] DEBUG: [{
		"op":	"replace",
		"path":	"/nfStatus",
		"value":	"REGISTERED"
	}] (../lib/sbi/client.c:403)
11/20 19:20:45.364: [sbi] DEBUG: STREAM added [7] (../lib/sbi/nghttp2-server.c:1122)
11/20 19:20:45.364: [sbi] DEBUG: [PATCH] /nnrf-nfm/v1/nf-instances/70c00fb2-694b-41ed-a1ea-09418c35a6fb (../lib/sbi/nghttp2-server.c:801)
11/20 19:20:45.364: [sbi] DEBUG: RECEIVED: 72 (../lib/sbi/nghttp2-server.c:805)
11/20 19:20:45.364: [sbi] DEBUG: [{
		"op":	"replace",
		"path":	"/nfStatus",
		"value":	"REGISTERED"
	}] (../lib/sbi/nghttp2-server.c:806)
11/20 19:20:45.364: [nrf] DEBUG: nrf_state_operational(): OGS_EVENT_NAME_SBI_SERVER (../src/nrf/nrf-sm.c:50)
11/20 19:20:45.364: [nrf] DEBUG: nrf_nf_state_registered(): OGS_EVENT_NAME_SBI_SERVER (../src/nrf/nf-sm.c:183)
11/20 19:20:45.364: [sbi] DEBUG: STATUS [204] (../lib/sbi/nghttp2-server.c:357)
11/20 19:20:45.364: [sbi] DEBUG: STREAM closed [7] (../lib/sbi/nghttp2-server.c:852)
11/20 19:20:45.364: [sbi] DEBUG: [204:PATCH] http://[::1]:7777/nnrf-nfm/v1/nf-instances/70c00fb2-694b-41ed-a1ea-09418c35a6fb (../lib/sbi/client.c:573)
11/20 19:20:45.364: [sbi] DEBUG: RECEIVED[0] (../lib/sbi/client.c:584)
0000: 00001a01 05000000 0789c161 96d07abe   ...........a..z.
0010: 941054d2 7eea0802 128066e0 8171a6d4   ..T.~.....f..q..
0020: c5a37f                                ...
11/20 19:20:45.364: [ausf] DEBUG: ausf_state_operational(): OGS_EVENT_NAME_SBI_CLIENT (../src/ausf/ausf-sm.c:52)
11/20 19:20:45.364: [sbi] DEBUG: ogs_sbi_nf_state_registered(): OGS_EVENT_NAME_SBI_CLIENT (../lib/sbi/nf-sm.c:204)
11/20 19:20:45.420: [udm] DEBUG: udm_state_operational(): OGS_EVENT_NAME_SBI_TIMER (../src/udm/udm-sm.c:53)
11/20 19:20:45.420: [sbi] DEBUG: ogs_sbi_nf_state_registered(): OGS_EVENT_NAME_SBI_TIMER (../lib/sbi/nf-sm.c:204)
11/20 19:20:45.420: [sbi] DEBUG: [PATCH] http://[::1]:7777/nnrf-nfm/v1/nf-instances/70c87fb2-694b-41ed-8602-097969ae7b3b (../lib/sbi/client.c:625)
11/20 19:20:45.420: [sbi] DEBUG: SENDING...[72] (../lib/sbi/client.c:401)
11/20 19:20:45.420: [sbi] DEBUG: [{
		"op":	"replace",
		"path":	"/nfStatus",
		"value":	"REGISTERED"
	}] (../lib/sbi/client.c:403)
11/20 19:20:45.420: [sbi] DEBUG: STREAM added [7] (../lib/sbi/nghttp2-server.c:1122)
11/20 19:20:45.420: [sbi] DEBUG: [PATCH] /nnrf-nfm/v1/nf-instances/70c87fb2-694b-41ed-8602-097969ae7b3b (../lib/sbi/nghttp2-server.c:801)
11/20 19:20:45.420: [sbi] DEBUG: RECEIVED: 72 (../lib/sbi/nghttp2-server.c:805)
11/20 19:20:45.420: [sbi] DEBUG: [{
		"op":	"replace",
		"path":	"/nfStatus",
		"value":	"REGISTERED"
	}] (../lib/sbi/nghttp2-server.c:806)
11/20 19:20:45.420: [nrf] DEBUG: nrf_state_operational(): OGS_EVENT_NAME_SBI_SERVER (../src/nrf/nrf-sm.c:50)
11/20 19:20:45.420: [nrf] DEBUG: nrf_nf_state_registered(): OGS_EVENT_NAME_SBI_SERVER (../src/nrf/nf-sm.c:183)
11/20 19:20:45.420: [sbi] DEBUG: STATUS [204] (../lib/sbi/nghttp2-server.c:357)
11/20 19:20:45.420: [sbi] DEBUG: STREAM closed [7] (../lib/sbi/nghttp2-server.c:852)
0000: 00001a01 05000000 0789c161 96d07abe   ...........a..z.
0010: 941054d2 7eea0802 128066e0 8171a6d4   ..T.~.....f..q..
0020: c5a37f                                ...
11/20 19:20:45.420: [sbi] DEBUG: [204:PATCH] http://[::1]:7777/nnrf-nfm/v1/nf-instances/70c87fb2-694b-41ed-8602-097969ae7b3b (../lib/sbi/client.c:573)
11/20 19:20:45.420: [sbi] DEBUG: RECEIVED[0] (../lib/sbi/client.c:584)
11/20 19:20:45.420: [udm] DEBUG: udm_state_operational(): OGS_EVENT_NAME_SBI_CLIENT (../src/udm/udm-sm.c:53)
11/20 19:20:45.420: [sbi] DEBUG: ogs_sbi_nf_state_registered(): OGS_EVENT_NAME_SBI_CLIENT (../lib/sbi/nf-sm.c:204)
11/20 19:20:45.467: [pcf] DEBUG: pcf_state_operational(): OGS_EVENT_NAME_SBI_TIMER (../src/pcf/pcf-sm.c:58)
11/20 19:20:45.467: [sbi] DEBUG: ogs_sbi_nf_state_registered(): OGS_EVENT_NAME_SBI_TIMER (../lib/sbi/nf-sm.c:204)
11/20 19:20:45.467: [sbi] DEBUG: [PATCH] http://[::1]:7777/nnrf-nfm/v1/nf-instances/70cfafe4-694b-41ed-8faa-7d5ef2fddc03 (../lib/sbi/client.c:625)
11/20 19:20:45.467: [sbi] DEBUG: SENDING...[72] (../lib/sbi/client.c:401)
11/20 19:20:45.467: [sbi] DEBUG: [{
		"op":	"replace",
		"path":	"/nfStatus",
		"value":	"REGISTERED"
	}] (../lib/sbi/client.c:403)
11/20 19:20:45.467: [sbi] DEBUG: STREAM added [7] (../lib/sbi/nghttp2-server.c:1122)
11/20 19:20:45.467: [sbi] DEBUG: [PATCH] /nnrf-nfm/v1/nf-instances/70cfafe4-694b-41ed-8faa-7d5ef2fddc03 (../lib/sbi/nghttp2-server.c:801)
11/20 19:20:45.467: [sbi] DEBUG: RECEIVED: 72 (../lib/sbi/nghttp2-server.c:805)
11/20 19:20:45.467: [sbi] DEBUG: [{
		"op":	"replace",
		"path":	"/nfStatus",
		"value":	"REGISTERED"
	}] (../lib/sbi/nghttp2-server.c:806)
11/20 19:20:45.467: [nrf] DEBUG: nrf_state_operational(): OGS_EVENT_NAME_SBI_SERVER (../src/nrf/nrf-sm.c:50)
11/20 19:20:45.467: [nrf] DEBUG: nrf_nf_state_registered(): OGS_EVENT_NAME_SBI_SERVER (../src/nrf/nf-sm.c:183)
11/20 19:20:45.467: [sbi] DEBUG: STATUS [204] (../lib/sbi/nghttp2-server.c:357)
11/20 19:20:45.467: [sbi] DEBUG: STREAM closed [7] (../lib/sbi/nghttp2-server.c:852)
0000: 00001a01 05000000 0789c161 96d07abe   ...........a..z.
0010: 941054d2 7eea0802 128066e0 8171a6d4   ..T.~.....f..q..
0020: c5a37f                                ...
11/20 19:20:45.467: [sbi] DEBUG: [204:PATCH] http://[::1]:7777/nnrf-nfm/v1/nf-instances/70cfafe4-694b-41ed-8faa-7d5ef2fddc03 (../lib/sbi/client.c:573)
11/20 19:20:45.468: [sbi] DEBUG: RECEIVED[0] (../lib/sbi/client.c:584)
11/20 19:20:45.468: [pcf] DEBUG: pcf_state_operational(): OGS_EVENT_NAME_SBI_CLIENT (../src/pcf/pcf-sm.c:58)
11/20 19:20:45.468: [sbi] DEBUG: ogs_sbi_nf_state_registered(): OGS_EVENT_NAME_SBI_CLIENT (../lib/sbi/nf-sm.c:204)
11/20 19:20:45.528: [nssf] DEBUG: nssf_state_operational(): OGS_EVENT_NAME_SBI_TIMER (../src/nssf/nssf-sm.c:53)
11/20 19:20:45.528: [sbi] DEBUG: ogs_sbi_nf_state_registered(): OGS_EVENT_NAME_SBI_TIMER (../lib/sbi/nf-sm.c:204)
11/20 19:20:45.528: [sbi] DEBUG: [PATCH] http://[::1]:7777/nnrf-nfm/v1/nf-instances/70d904e0-694b-41ed-ae4b-791f6cb5ce89 (../lib/sbi/client.c:625)
11/20 19:20:45.528: [sbi] DEBUG: SENDING...[72] (../lib/sbi/client.c:401)
11/20 19:20:45.528: [sbi] DEBUG: [{
		"op":	"replace",
		"path":	"/nfStatus",
		"value":	"REGISTERED"
	}] (../lib/sbi/client.c:403)
11/20 19:20:45.528: [sbi] DEBUG: STREAM added [5] (../lib/sbi/nghttp2-server.c:1122)
11/20 19:20:45.528: [sbi] DEBUG: [PATCH] /nnrf-nfm/v1/nf-instances/70d904e0-694b-41ed-ae4b-791f6cb5ce89 (../lib/sbi/nghttp2-server.c:801)
11/20 19:20:45.528: [sbi] DEBUG: RECEIVED: 72 (../lib/sbi/nghttp2-server.c:805)
11/20 19:20:45.528: [sbi] DEBUG: [{
		"op":	"replace",
		"path":	"/nfStatus",
		"value":	"REGISTERED"
	}] (../lib/sbi/nghttp2-server.c:806)
11/20 19:20:45.528: [nrf] DEBUG: nrf_state_operational(): OGS_EVENT_NAME_SBI_SERVER (../src/nrf/nrf-sm.c:50)
11/20 19:20:45.528: [nrf] DEBUG: nrf_nf_state_registered(): OGS_EVENT_NAME_SBI_SERVER (../src/nrf/nf-sm.c:183)
11/20 19:20:45.528: [sbi] DEBUG: STATUS [204] (../lib/sbi/nghttp2-server.c:357)
11/20 19:20:45.528: [sbi] DEBUG: STREAM closed [5] (../lib/sbi/nghttp2-server.c:852)
0000: 00001a01 05000000 0589c161 96d07abe   ...........a..z.
0010: 941054d2 7eea0802 128066e0 8171a6d4   ..T.~.....f..q..
0020: c5a37f                                ...
11/20 19:20:45.529: [sbi] DEBUG: [204:PATCH] http://[::1]:7777/nnrf-nfm/v1/nf-instances/70d904e0-694b-41ed-ae4b-791f6cb5ce89 (../lib/sbi/client.c:573)
11/20 19:20:45.529: [sbi] DEBUG: RECEIVED[0] (../lib/sbi/client.c:584)
11/20 19:20:45.529: [nssf] DEBUG: nssf_state_operational(): OGS_EVENT_NAME_SBI_CLIENT (../src/nssf/nssf-sm.c:53)
11/20 19:20:45.529: [sbi] DEBUG: ogs_sbi_nf_state_registered(): OGS_EVENT_NAME_SBI_CLIENT (../lib/sbi/nf-sm.c:204)
11/20 19:20:45.560: [bsf] DEBUG: bsf_state_operational(): OGS_EVENT_NAME_SBI_TIMER (../src/bsf/bsf-sm.c:55)
11/20 19:20:45.560: [sbi] DEBUG: ogs_sbi_nf_state_registered(): OGS_EVENT_NAME_SBI_TIMER (../lib/sbi/nf-sm.c:204)
11/20 19:20:45.560: [sbi] DEBUG: [PATCH] http://[::1]:7777/nnrf-nfm/v1/nf-instances/70dde79e-694b-41ed-8e27-8f2b4c705d2c (../lib/sbi/client.c:625)
11/20 19:20:45.560: [sbi] DEBUG: SENDING...[72] (../lib/sbi/client.c:401)
11/20 19:20:45.560: [sbi] DEBUG: [{
		"op":	"replace",
		"path":	"/nfStatus",
		"value":	"REGISTERED"
	}] (../lib/sbi/client.c:403)
11/20 19:20:45.560: [sbi] DEBUG: STREAM added [5] (../lib/sbi/nghttp2-server.c:1122)
11/20 19:20:45.561: [sbi] DEBUG: [PATCH] /nnrf-nfm/v1/nf-instances/70dde79e-694b-41ed-8e27-8f2b4c705d2c (../lib/sbi/nghttp2-server.c:801)
11/20 19:20:45.561: [sbi] DEBUG: RECEIVED: 72 (../lib/sbi/nghttp2-server.c:805)
11/20 19:20:45.561: [sbi] DEBUG: [{
		"op":	"replace",
		"path":	"/nfStatus",
		"value":	"REGISTERED"
	}] (../lib/sbi/nghttp2-server.c:806)
11/20 19:20:45.561: [nrf] DEBUG: nrf_state_operational(): OGS_EVENT_NAME_SBI_SERVER (../src/nrf/nrf-sm.c:50)
11/20 19:20:45.561: [nrf] DEBUG: nrf_nf_state_registered(): OGS_EVENT_NAME_SBI_SERVER (../src/nrf/nf-sm.c:183)
11/20 19:20:45.561: [sbi] DEBUG: STATUS [204] (../lib/sbi/nghttp2-server.c:357)
11/20 19:20:45.561: [sbi] DEBUG: STREAM closed [5] (../lib/sbi/nghttp2-server.c:852)
0000: 00001a01 05000000 0589c161 96d07abe   ...........a..z.
0010: 941054d2 7eea0802 128066e0 8171a6d4   ..T.~.....f..q..
0020: c5a37f                                ...
11/20 19:20:45.561: [sbi] DEBUG: [204:PATCH] http://[::1]:7777/nnrf-nfm/v1/nf-instances/70dde79e-694b-41ed-8e27-8f2b4c705d2c (../lib/sbi/client.c:573)
11/20 19:20:45.561: [sbi] DEBUG: RECEIVED[0] (../lib/sbi/client.c:584)
11/20 19:20:45.561: [bsf] DEBUG: bsf_state_operational(): OGS_EVENT_NAME_SBI_CLIENT (../src/bsf/bsf-sm.c:55)
11/20 19:20:45.561: [sbi] DEBUG: ogs_sbi_nf_state_registered(): OGS_EVENT_NAME_SBI_CLIENT (../lib/sbi/nf-sm.c:204)
11/20 19:20:45.567: [smf] DEBUG: smf_state_operational(): OGS_EVENT_NAME_SBI_TIMER (../src/smf/smf-sm.c:83)
11/20 19:20:45.567: [sbi] DEBUG: ogs_sbi_nf_state_registered(): OGS_EVENT_NAME_SBI_TIMER (../lib/sbi/nf-sm.c:204)
11/20 19:20:45.568: [sbi] DEBUG: [PATCH] http://[::1]:7777/nnrf-nfm/v1/nf-instances/70cca826-694b-41ed-8175-53a75e027b9f (../lib/sbi/client.c:625)
11/20 19:20:45.568: [sbi] DEBUG: SENDING...[72] (../lib/sbi/client.c:401)
11/20 19:20:45.568: [sbi] DEBUG: [{
		"op":	"replace",
		"path":	"/nfStatus",
		"value":	"REGISTERED"
	}] (../lib/sbi/client.c:403)
11/20 19:20:45.568: [sbi] DEBUG: STREAM added [11] (../lib/sbi/nghttp2-server.c:1122)
11/20 19:20:45.568: [sbi] DEBUG: [PATCH] /nnrf-nfm/v1/nf-instances/70cca826-694b-41ed-8175-53a75e027b9f (../lib/sbi/nghttp2-server.c:801)
11/20 19:20:45.568: [sbi] DEBUG: RECEIVED: 72 (../lib/sbi/nghttp2-server.c:805)
11/20 19:20:45.568: [sbi] DEBUG: [{
		"op":	"replace",
		"path":	"/nfStatus",
		"value":	"REGISTERED"
	}] (../lib/sbi/nghttp2-server.c:806)
11/20 19:20:45.568: [nrf] DEBUG: nrf_state_operational(): OGS_EVENT_NAME_SBI_SERVER (../src/nrf/nrf-sm.c:50)
11/20 19:20:45.568: [nrf] DEBUG: nrf_nf_state_registered(): OGS_EVENT_NAME_SBI_SERVER (../src/nrf/nf-sm.c:183)
11/20 19:20:45.568: [sbi] DEBUG: STATUS [204] (../lib/sbi/nghttp2-server.c:357)
11/20 19:20:45.568: [sbi] DEBUG: STREAM closed [11] (../lib/sbi/nghttp2-server.c:852)
0000: 00001a01 05000000 0b89c361 96d07abe   ...........a..z.
0010: 941054d2 7eea0802 128066e0 8171a6d4   ..T.~.....f..q..
0020: c5a37f                                ...
11/20 19:20:45.569: [sbi] DEBUG: [204:PATCH] http://[::1]:7777/nnrf-nfm/v1/nf-instances/70cca826-694b-41ed-8175-53a75e027b9f (../lib/sbi/client.c:573)
11/20 19:20:45.569: [sbi] DEBUG: RECEIVED[0] (../lib/sbi/client.c:584)
11/20 19:20:45.569: [smf] DEBUG: smf_state_operational(): OGS_EVENT_NAME_SBI_CLIENT (../src/smf/smf-sm.c:83)
11/20 19:20:45.569: [sbi] DEBUG: ogs_sbi_nf_state_registered(): OGS_EVENT_NAME_SBI_CLIENT (../lib/sbi/nf-sm.c:204)
11/20 19:20:45.627: [udr] DEBUG: udr_state_operational(): OGS_EVENT_NAME_SBI_TIMER (../src/udr/udr-sm.c:51)
11/20 19:20:45.627: [sbi] DEBUG: ogs_sbi_nf_state_registered(): OGS_EVENT_NAME_SBI_TIMER (../lib/sbi/nf-sm.c:204)
11/20 19:20:45.628: [sbi] DEBUG: [PATCH] http://[::1]:7777/nnrf-nfm/v1/nf-instances/70e7705c-694b-41ed-bc5b-9b040e87ce40 (../lib/sbi/client.c:625)
11/20 19:20:45.628: [sbi] DEBUG: SENDING...[72] (../lib/sbi/client.c:401)
11/20 19:20:45.628: [sbi] DEBUG: [{
		"op":	"replace",
		"path":	"/nfStatus",
		"value":	"REGISTERED"
	}] (../lib/sbi/client.c:403)
11/20 19:20:45.628: [sbi] DEBUG: STREAM added [5] (../lib/sbi/nghttp2-server.c:1122)
11/20 19:20:45.628: [sbi] DEBUG: [PATCH] /nnrf-nfm/v1/nf-instances/70e7705c-694b-41ed-bc5b-9b040e87ce40 (../lib/sbi/nghttp2-server.c:801)
11/20 19:20:45.628: [sbi] DEBUG: RECEIVED: 72 (../lib/sbi/nghttp2-server.c:805)
11/20 19:20:45.628: [sbi] DEBUG: [{
		"op":	"replace",
		"path":	"/nfStatus",
		"value":	"REGISTERED"
	}] (../lib/sbi/nghttp2-server.c:806)
11/20 19:20:45.628: [nrf] DEBUG: nrf_state_operational(): OGS_EVENT_NAME_SBI_SERVER (../src/nrf/nrf-sm.c:50)
11/20 19:20:45.628: [nrf] DEBUG: nrf_nf_state_registered(): OGS_EVENT_NAME_SBI_SERVER (../src/nrf/nf-sm.c:183)
11/20 19:20:45.628: [sbi] DEBUG: STATUS [204] (../lib/sbi/nghttp2-server.c:357)
11/20 19:20:45.628: [sbi] DEBUG: STREAM closed [5] (../lib/sbi/nghttp2-server.c:852)
11/20 19:20:45.628: [sbi] DEBUG: [204:PATCH] http://[::1]:7777/nnrf-nfm/v1/nf-instances/70e7705c-694b-41ed-bc5b-9b040e87ce40 (../lib/sbi/client.c:573)
11/20 19:20:45.628: [sbi] DEBUG: RECEIVED[0] (../lib/sbi/client.c:584)
11/20 19:20:45.628: [udr] DEBUG: udr_state_operational(): OGS_EVENT_NAME_SBI_CLIENT (../src/udr/udr-sm.c:51)
11/20 19:20:45.628: [sbi] DEBUG: ogs_sbi_nf_state_registered(): OGS_EVENT_NAME_SBI_CLIENT (../lib/sbi/nf-sm.c:204)
0000: 00001a01 05000000 0589c161 96d07abe   ...........a..z.
0010: 941054d2 7eea0802 128066e0 8171a6d4   ..T.~.....f..q..
0020: c5a37f                                ...
11/20 19:20:47.475: [amf] DEBUG: amf_state_operational(): OGS_EVENT_NAME_SBI_TIMER (../src/amf/amf-sm.c:78)
11/20 19:20:47.475: [sbi] DEBUG: ogs_sbi_nf_state_registered(): OGS_EVENT_NAME_SBI_TIMER (../lib/sbi/nf-sm.c:204)
11/20 19:20:47.475: [sbi] DEBUG: [PATCH] http://[::1]:7777/nnrf-nfm/v1/nf-instances/70ba6878-694b-41ed-97ef-3971b1032c7d (../lib/sbi/client.c:625)
11/20 19:20:47.475: [sbi] DEBUG: SENDING...[72] (../lib/sbi/client.c:401)
11/20 19:20:47.475: [sbi] DEBUG: [{
		"op":	"replace",
		"path":	"/nfStatus",
		"value":	"REGISTERED"
	}] (../lib/sbi/client.c:403)
11/20 19:20:47.475: [sbi] DEBUG: STREAM added [17] (../lib/sbi/nghttp2-server.c:1122)
11/20 19:20:47.475: [sbi] DEBUG: [PATCH] /nnrf-nfm/v1/nf-instances/70ba6878-694b-41ed-97ef-3971b1032c7d (../lib/sbi/nghttp2-server.c:801)
11/20 19:20:47.475: [sbi] DEBUG: RECEIVED: 72 (../lib/sbi/nghttp2-server.c:805)
11/20 19:20:47.475: [sbi] DEBUG: [{
		"op":	"replace",
		"path":	"/nfStatus",
		"value":	"REGISTERED"
	}] (../lib/sbi/nghttp2-server.c:806)
11/20 19:20:47.475: [nrf] DEBUG: nrf_state_operational(): OGS_EVENT_NAME_SBI_SERVER (../src/nrf/nrf-sm.c:50)
11/20 19:20:47.475: [nrf] DEBUG: nrf_nf_state_registered(): OGS_EVENT_NAME_SBI_SERVER (../src/nrf/nf-sm.c:183)
11/20 19:20:47.475: [sbi] DEBUG: STATUS [204] (../lib/sbi/nghttp2-server.c:357)
11/20 19:20:47.475: [sbi] DEBUG: STREAM closed [17] (../lib/sbi/nghttp2-server.c:852)
0000: 00001a01 05000000 1189c361 96d07abe   ...........a..z.
0010: 941054d2 7eea0802 128066e0 8171a754   ..T.~.....f..q.T
0020: c5a37f                                ...
11/20 19:20:47.475: [sbi] DEBUG: [204:PATCH] http://[::1]:7777/nnrf-nfm/v1/nf-instances/70ba6878-694b-41ed-97ef-3971b1032c7d (../lib/sbi/client.c:573)
11/20 19:20:47.475: [sbi] DEBUG: RECEIVED[0] (../lib/sbi/client.c:584)
11/20 19:20:47.475: [amf] DEBUG: amf_state_operational(): OGS_EVENT_NAME_SBI_CLIENT (../src/amf/amf-sm.c:78)
11/20 19:20:47.475: [sbi] DEBUG: ogs_sbi_nf_state_registered(): OGS_EVENT_NAME_SBI_CLIENT (../lib/sbi/nf-sm.c:204)
11/20 19:20:47.569: [smf] DEBUG: smf_state_operational(): SMF_EVT_N4_TIMER (../src/smf/smf-sm.c:83)
11/20 19:20:47.569: [smf] DEBUG: smf_pfcp_state_associated(): SMF_EVT_N4_TIMER (../src/smf/pfcp-sm.c:165)
11/20 19:20:47.569: [pfcp] DEBUG: [6] LOCAL  Create  peer [127.0.0.7]:8805 (../lib/pfcp/xact.c:116)
11/20 19:20:47.569: [pfcp] DEBUG: Heartbeat Request (../lib/pfcp/build.c:27)
11/20 19:20:47.569: [pfcp] DEBUG: [6] LOCAL  UPD TX-1  peer [127.0.0.7]:8805 (../lib/pfcp/xact.c:197)
11/20 19:20:47.569: [pfcp] DEBUG: [6] LOCAL  Commit  peer [127.0.0.7]:8805 (../lib/pfcp/xact.c:475)
11/20 19:20:47.569: [upf] DEBUG: upf_state_operational(): UPF_EVT_N4_MESSAGE (../src/upf/upf-sm.c:51)
11/20 19:20:47.569: [pfcp] DEBUG: [6] Cannot find xact type 1 from PFCP peer [127.0.0.4]:8805 (../lib/pfcp/xact.c:797)
11/20 19:20:47.569: [pfcp] DEBUG: [6] REMOTE Create  peer [127.0.0.4]:8805 (../lib/pfcp/xact.c:159)
11/20 19:20:47.569: [pfcp] DEBUG: [6] REMOTE Receive peer [127.0.0.4]:8805 (../lib/pfcp/xact.c:704)
11/20 19:20:47.569: [pfcp] DEBUG: [6] REMOTE UPD RX-1  peer [127.0.0.4]:8805 (../lib/pfcp/xact.c:298)
11/20 19:20:47.569: [upf] DEBUG: upf_pfcp_state_associated(): UPF_EVT_N4_MESSAGE (../src/upf/pfcp-sm.c:164)
11/20 19:20:47.569: [pfcp] DEBUG: Heartbeat Response (../lib/pfcp/build.c:44)
11/20 19:20:47.569: [pfcp] DEBUG: [6] REMOTE UPD TX-2  peer [127.0.0.4]:8805 (../lib/pfcp/xact.c:197)
11/20 19:20:47.569: [pfcp] DEBUG: [6] REMOTE Commit  peer [127.0.0.4]:8805 (../lib/pfcp/xact.c:475)
11/20 19:20:47.569: [upf] DEBUG: upf_state_operational(): UPF_EVT_N4_TIMER (../src/upf/upf-sm.c:51)
11/20 19:20:47.569: [upf] DEBUG: upf_pfcp_state_associated(): UPF_EVT_N4_TIMER (../src/upf/pfcp-sm.c:164)
11/20 19:20:47.569: [pfcp] DEBUG: [3] LOCAL  Create  peer [127.0.0.4]:8805 (../lib/pfcp/xact.c:116)
11/20 19:20:47.569: [pfcp] DEBUG: Heartbeat Request (../lib/pfcp/build.c:27)
11/20 19:20:47.569: [smf] DEBUG: smf_state_operational(): SMF_EVT_N4_MESSAGE (../src/smf/smf-sm.c:83)
11/20 19:20:47.569: [pfcp] DEBUG: [3] LOCAL  UPD TX-1  peer [127.0.0.4]:8805 (../lib/pfcp/xact.c:197)
11/20 19:20:47.569: [pfcp] DEBUG: [3] LOCAL  Commit  peer [127.0.0.4]:8805 (../lib/pfcp/xact.c:475)
11/20 19:20:47.569: [pfcp] DEBUG: [6] LOCAL  Find    peer [127.0.0.7]:8805 (../lib/pfcp/xact.c:790)
11/20 19:20:47.569: [pfcp] DEBUG: [6] LOCAL  Receive peer [127.0.0.7]:8805 (../lib/pfcp/xact.c:704)
11/20 19:20:47.569: [pfcp] DEBUG: [6] LOCAL  UPD RX-2  peer [127.0.0.7]:8805 (../lib/pfcp/xact.c:298)
11/20 19:20:47.569: [smf] DEBUG: smf_pfcp_state_associated(): SMF_EVT_N4_MESSAGE (../src/smf/pfcp-sm.c:165)
11/20 19:20:47.569: [pfcp] DEBUG: [6] LOCAL  Commit  peer [127.0.0.7]:8805 (../lib/pfcp/xact.c:475)
11/20 19:20:47.569: [pfcp] DEBUG: [6] LOCAL  Delete  peer [127.0.0.7]:8805 (../lib/pfcp/xact.c:813)
11/20 19:20:47.569: [smf] DEBUG: smf_state_operational(): SMF_EVT_N4_MESSAGE (../src/smf/smf-sm.c:83)
11/20 19:20:47.569: [pfcp] DEBUG: [3] Cannot find xact type 1 from PFCP peer [127.0.0.7]:8805 (../lib/pfcp/xact.c:797)
11/20 19:20:47.569: [pfcp] DEBUG: [3] REMOTE Create  peer [127.0.0.7]:8805 (../lib/pfcp/xact.c:159)
11/20 19:20:47.569: [pfcp] DEBUG: [3] REMOTE Receive peer [127.0.0.7]:8805 (../lib/pfcp/xact.c:704)
11/20 19:20:47.569: [pfcp] DEBUG: [3] REMOTE UPD RX-1  peer [127.0.0.7]:8805 (../lib/pfcp/xact.c:298)
11/20 19:20:47.569: [smf] DEBUG: smf_pfcp_state_associated(): SMF_EVT_N4_MESSAGE (../src/smf/pfcp-sm.c:165)
11/20 19:20:47.569: [pfcp] DEBUG: Heartbeat Response (../lib/pfcp/build.c:44)
11/20 19:20:47.569: [pfcp] DEBUG: [3] REMOTE UPD TX-2  peer [127.0.0.7]:8805 (../lib/pfcp/xact.c:197)
11/20 19:20:47.569: [pfcp] DEBUG: [3] REMOTE Commit  peer [127.0.0.7]:8805 (../lib/pfcp/xact.c:475)
11/20 19:20:47.569: [upf] DEBUG: upf_state_operational(): UPF_EVT_N4_MESSAGE (../src/upf/upf-sm.c:51)
11/20 19:20:47.569: [pfcp] DEBUG: [3] LOCAL  Find    peer [127.0.0.4]:8805 (../lib/pfcp/xact.c:790)
11/20 19:20:47.569: [pfcp] DEBUG: [3] LOCAL  Receive peer [127.0.0.4]:8805 (../lib/pfcp/xact.c:704)
11/20 19:20:47.569: [pfcp] DEBUG: [3] LOCAL  UPD RX-2  peer [127.0.0.4]:8805 (../lib/pfcp/xact.c:298)
11/20 19:20:47.569: [upf] DEBUG: upf_pfcp_state_associated(): UPF_EVT_N4_MESSAGE (../src/upf/pfcp-sm.c:164)
11/20 19:20:47.569: [pfcp] DEBUG: [3] LOCAL  Commit  peer [127.0.0.4]:8805 (../lib/pfcp/xact.c:475)
11/20 19:20:47.569: [pfcp] DEBUG: [3] LOCAL  Delete  peer [127.0.0.4]:8805 (../lib/pfcp/xact.c:813)
11/20 19:20:55.073: [pfcp] DEBUG: [6] REMOTE Holding Timeout for step 2 type 2 peer [127.0.0.4]:8805 (../lib/pfcp/xact.c:647)
11/20 19:20:55.073: [pfcp] DEBUG: [6] REMOTE Delete Transaction for step 2 type 2 peer [127.0.0.4]:8805 (../lib/pfcp/xact.c:660)
11/20 19:20:55.073: [pfcp] DEBUG: [6] REMOTE Delete  peer [127.0.0.4]:8805 (../lib/pfcp/xact.c:813)
11/20 19:20:55.077: [pfcp] DEBUG: [3] REMOTE Holding Timeout for step 2 type 2 peer [127.0.0.7]:8805 (../lib/pfcp/xact.c:647)
11/20 19:20:55.077: [pfcp] DEBUG: [3] REMOTE Delete Transaction for step 2 type 2 peer [127.0.0.7]:8805 (../lib/pfcp/xact.c:660)
11/20 19:20:55.077: [pfcp] DEBUG: [3] REMOTE Delete  peer [127.0.0.7]:8805 (../lib/pfcp/xact.c:813)
11/20 19:20:55.374: [ausf] DEBUG: ausf_state_operational(): OGS_EVENT_NAME_SBI_TIMER (../src/ausf/ausf-sm.c:52)
11/20 19:20:55.374: [sbi] DEBUG: ogs_sbi_nf_state_registered(): OGS_EVENT_NAME_SBI_TIMER (../lib/sbi/nf-sm.c:204)
11/20 19:20:55.374: [sbi] DEBUG: [PATCH] http://[::1]:7777/nnrf-nfm/v1/nf-instances/70c00fb2-694b-41ed-a1ea-09418c35a6fb (../lib/sbi/client.c:625)
11/20 19:20:55.374: [sbi] DEBUG: SENDING...[72] (../lib/sbi/client.c:401)
11/20 19:20:55.374: [sbi] DEBUG: [{
		"op":	"replace",
		"path":	"/nfStatus",
		"value":	"REGISTERED"
	}] (../lib/sbi/client.c:403)
11/20 19:20:55.374: [sbi] DEBUG: STREAM added [9] (../lib/sbi/nghttp2-server.c:1122)
11/20 19:20:55.374: [sbi] DEBUG: [PATCH] /nnrf-nfm/v1/nf-instances/70c00fb2-694b-41ed-a1ea-09418c35a6fb (../lib/sbi/nghttp2-server.c:801)
11/20 19:20:55.374: [sbi] DEBUG: RECEIVED: 72 (../lib/sbi/nghttp2-server.c:805)
11/20 19:20:55.374: [sbi] DEBUG: [{
		"op":	"replace",
		"path":	"/nfStatus",
		"value":	"REGISTERED"
	}] (../lib/sbi/nghttp2-server.c:806)
11/20 19:20:55.374: [nrf] DEBUG: nrf_state_operational(): OGS_EVENT_NAME_SBI_SERVER (../src/nrf/nrf-sm.c:50)
11/20 19:20:55.374: [nrf] DEBUG: nrf_nf_state_registered(): OGS_EVENT_NAME_SBI_SERVER (../src/nrf/nf-sm.c:183)
11/20 19:20:55.374: [sbi] DEBUG: STATUS [204] (../lib/sbi/nghttp2-server.c:357)
11/20 19:20:55.374: [sbi] DEBUG: STREAM closed [9] (../lib/sbi/nghttp2-server.c:852)
0000: 00001a01 05000000 0989c261 96d07abe   ...........a..z.
0010: 941054d2 7eea0802 128066e0 8171b6d4   ..T.~.....f..q..
0020: c5a37f                                ...
11/20 19:20:55.374: [sbi] DEBUG: [204:PATCH] http://[::1]:7777/nnrf-nfm/v1/nf-instances/70c00fb2-694b-41ed-a1ea-09418c35a6fb (../lib/sbi/client.c:573)
11/20 19:20:55.374: [sbi] DEBUG: RECEIVED[0] (../lib/sbi/client.c:584)
11/20 19:20:55.374: [ausf] DEBUG: ausf_state_operational(): OGS_EVENT_NAME_SBI_CLIENT (../src/ausf/ausf-sm.c:52)
11/20 19:20:55.374: [sbi] DEBUG: ogs_sbi_nf_state_registered(): OGS_EVENT_NAME_SBI_CLIENT (../lib/sbi/nf-sm.c:204)
11/20 19:20:55.430: [udm] DEBUG: udm_state_operational(): OGS_EVENT_NAME_SBI_TIMER (../src/udm/udm-sm.c:53)
11/20 19:20:55.430: [sbi] DEBUG: ogs_sbi_nf_state_registered(): OGS_EVENT_NAME_SBI_TIMER (../lib/sbi/nf-sm.c:204)
11/20 19:20:55.430: [sbi] DEBUG: [PATCH] http://[::1]:7777/nnrf-nfm/v1/nf-instances/70c87fb2-694b-41ed-8602-097969ae7b3b (../lib/sbi/client.c:625)
11/20 19:20:55.430: [sbi] DEBUG: SENDING...[72] (../lib/sbi/client.c:401)
11/20 19:20:55.430: [sbi] DEBUG: [{
		"op":	"replace",
		"path":	"/nfStatus",
		"value":	"REGISTERED"
	}] (../lib/sbi/client.c:403)
11/20 19:20:55.431: [sbi] DEBUG: STREAM added [9] (../lib/sbi/nghttp2-server.c:1122)
11/20 19:20:55.431: [sbi] DEBUG: [PATCH] /nnrf-nfm/v1/nf-instances/70c87fb2-694b-41ed-8602-097969ae7b3b (../lib/sbi/nghttp2-server.c:801)
11/20 19:20:55.431: [sbi] DEBUG: RECEIVED: 72 (../lib/sbi/nghttp2-server.c:805)
11/20 19:20:55.431: [sbi] DEBUG: [{
		"op":	"replace",
		"path":	"/nfStatus",
		"value":	"REGISTERED"
	}] (../lib/sbi/nghttp2-server.c:806)
11/20 19:20:55.431: [nrf] DEBUG: nrf_state_operational(): OGS_EVENT_NAME_SBI_SERVER (../src/nrf/nrf-sm.c:50)
11/20 19:20:55.431: [nrf] DEBUG: nrf_nf_state_registered(): OGS_EVENT_NAME_SBI_SERVER (../src/nrf/nf-sm.c:183)
11/20 19:20:55.431: [sbi] DEBUG: STATUS [204] (../lib/sbi/nghttp2-server.c:357)
11/20 19:20:55.431: [sbi] DEBUG: STREAM closed [9] (../lib/sbi/nghttp2-server.c:852)
11/20 19:20:55.431: [sbi] DEBUG: [204:PATCH] http://[::1]:7777/nnrf-nfm/v1/nf-instances/70c87fb2-694b-41ed-8602-097969ae7b3b (../lib/sbi/client.c:573)
11/20 19:20:55.431: [sbi] DEBUG: RECEIVED[0] (../lib/sbi/client.c:584)
11/20 19:20:55.431: [udm] DEBUG: udm_state_operational(): OGS_EVENT_NAME_SBI_CLIENT (../src/udm/udm-sm.c:53)
11/20 19:20:55.431: [sbi] DEBUG: ogs_sbi_nf_state_registered(): OGS_EVENT_NAME_SBI_CLIENT (../lib/sbi/nf-sm.c:204)
0000: 00001a01 05000000 0989c261 96d07abe   ...........a..z.
0010: 941054d2 7eea0802 128066e0 8171b6d4   ..T.~.....f..q..
0020: c5a37f                                ...
11/20 19:20:55.471: [pcf] DEBUG: pcf_state_operational(): OGS_EVENT_NAME_SBI_TIMER (../src/pcf/pcf-sm.c:58)
11/20 19:20:55.471: [sbi] DEBUG: ogs_sbi_nf_state_registered(): OGS_EVENT_NAME_SBI_TIMER (../lib/sbi/nf-sm.c:204)
11/20 19:20:55.471: [sbi] DEBUG: [PATCH] http://[::1]:7777/nnrf-nfm/v1/nf-instances/70cfafe4-694b-41ed-8faa-7d5ef2fddc03 (../lib/sbi/client.c:625)
11/20 19:20:55.471: [sbi] DEBUG: SENDING...[72] (../lib/sbi/client.c:401)
11/20 19:20:55.471: [sbi] DEBUG: [{
		"op":	"replace",
		"path":	"/nfStatus",
		"value":	"REGISTERED"
	}] (../lib/sbi/client.c:403)
11/20 19:20:55.471: [sbi] DEBUG: STREAM added [9] (../lib/sbi/nghttp2-server.c:1122)
11/20 19:20:55.471: [sbi] DEBUG: [PATCH] /nnrf-nfm/v1/nf-instances/70cfafe4-694b-41ed-8faa-7d5ef2fddc03 (../lib/sbi/nghttp2-server.c:801)
11/20 19:20:55.471: [sbi] DEBUG: RECEIVED: 72 (../lib/sbi/nghttp2-server.c:805)
11/20 19:20:55.471: [sbi] DEBUG: [{
		"op":	"replace",
		"path":	"/nfStatus",
		"value":	"REGISTERED"
	}] (../lib/sbi/nghttp2-server.c:806)
11/20 19:20:55.471: [nrf] DEBUG: nrf_state_operational(): OGS_EVENT_NAME_SBI_SERVER (../src/nrf/nrf-sm.c:50)
11/20 19:20:55.471: [nrf] DEBUG: nrf_nf_state_registered(): OGS_EVENT_NAME_SBI_SERVER (../src/nrf/nf-sm.c:183)
11/20 19:20:55.471: [sbi] DEBUG: STATUS [204] (../lib/sbi/nghttp2-server.c:357)
11/20 19:20:55.471: [sbi] DEBUG: STREAM closed [9] (../lib/sbi/nghttp2-server.c:852)
11/20 19:20:55.472: [sbi] DEBUG: [204:PATCH] http://[::1]:7777/nnrf-nfm/v1/nf-instances/70cfafe4-694b-41ed-8faa-7d5ef2fddc03 (../lib/sbi/client.c:573)
11/20 19:20:55.472: [sbi] DEBUG: RECEIVED[0] (../lib/sbi/client.c:584)
0000: 00001a01 05000000 0989c261 96d07abe   ...........a..z.
0010: 941054d2 7eea0802 128066e0 8171b6d4   ..T.~.....f..q..
0020: c5a37f                                ...
11/20 19:20:55.472: [pcf] DEBUG: pcf_state_operational(): OGS_EVENT_NAME_SBI_CLIENT (../src/pcf/pcf-sm.c:58)
11/20 19:20:55.472: [sbi] DEBUG: ogs_sbi_nf_state_registered(): OGS_EVENT_NAME_SBI_CLIENT (../lib/sbi/nf-sm.c:204)
11/20 19:20:55.539: [nssf] DEBUG: nssf_state_operational(): OGS_EVENT_NAME_SBI_TIMER (../src/nssf/nssf-sm.c:53)
11/20 19:20:55.539: [sbi] DEBUG: ogs_sbi_nf_state_registered(): OGS_EVENT_NAME_SBI_TIMER (../lib/sbi/nf-sm.c:204)
11/20 19:20:55.539: [sbi] DEBUG: [PATCH] http://[::1]:7777/nnrf-nfm/v1/nf-instances/70d904e0-694b-41ed-ae4b-791f6cb5ce89 (../lib/sbi/client.c:625)
11/20 19:20:55.539: [sbi] DEBUG: SENDING...[72] (../lib/sbi/client.c:401)
11/20 19:20:55.539: [sbi] DEBUG: [{
		"op":	"replace",
		"path":	"/nfStatus",
		"value":	"REGISTERED"
	}] (../lib/sbi/client.c:403)
11/20 19:20:55.539: [sbi] DEBUG: STREAM added [7] (../lib/sbi/nghttp2-server.c:1122)
11/20 19:20:55.539: [sbi] DEBUG: [PATCH] /nnrf-nfm/v1/nf-instances/70d904e0-694b-41ed-ae4b-791f6cb5ce89 (../lib/sbi/nghttp2-server.c:801)
11/20 19:20:55.539: [sbi] DEBUG: RECEIVED: 72 (../lib/sbi/nghttp2-server.c:805)
11/20 19:20:55.539: [sbi] DEBUG: [{
		"op":	"replace",
		"path":	"/nfStatus",
		"value":	"REGISTERED"
	}] (../lib/sbi/nghttp2-server.c:806)
11/20 19:20:55.539: [nrf] DEBUG: nrf_state_operational(): OGS_EVENT_NAME_SBI_SERVER (../src/nrf/nrf-sm.c:50)
11/20 19:20:55.539: [nrf] DEBUG: nrf_nf_state_registered(): OGS_EVENT_NAME_SBI_SERVER (../src/nrf/nf-sm.c:183)
11/20 19:20:55.539: [sbi] DEBUG: STATUS [204] (../lib/sbi/nghttp2-server.c:357)
11/20 19:20:55.539: [sbi] DEBUG: STREAM closed [7] (../lib/sbi/nghttp2-server.c:852)
11/20 19:20:55.540: [sbi] DEBUG: [204:PATCH] http://[::1]:7777/nnrf-nfm/v1/nf-instances/70d904e0-694b-41ed-ae4b-791f6cb5ce89 (../lib/sbi/client.c:573)
11/20 19:20:55.540: [sbi] DEBUG: RECEIVED[0] (../lib/sbi/client.c:584)
0000: 00001a01 05000000 0789c261 96d07abe   ...........a..z.
0010: 941054d2 7eea0802 128066e0 8171b6d4   ..T.~.....f..q..
0020: c5a37f                                ...
11/20 19:20:55.540: [nssf] DEBUG: nssf_state_operational(): OGS_EVENT_NAME_SBI_CLIENT (../src/nssf/nssf-sm.c:53)
11/20 19:20:55.540: [sbi] DEBUG: ogs_sbi_nf_state_registered(): OGS_EVENT_NAME_SBI_CLIENT (../lib/sbi/nf-sm.c:204)
11/20 19:20:55.568: [smf] DEBUG: smf_state_operational(): OGS_EVENT_NAME_SBI_TIMER (../src/smf/smf-sm.c:83)
11/20 19:20:55.568: [sbi] DEBUG: ogs_sbi_nf_state_registered(): OGS_EVENT_NAME_SBI_TIMER (../lib/sbi/nf-sm.c:204)
11/20 19:20:55.569: [sbi] DEBUG: [PATCH] http://[::1]:7777/nnrf-nfm/v1/nf-instances/70cca826-694b-41ed-8175-53a75e027b9f (../lib/sbi/client.c:625)
11/20 19:20:55.569: [sbi] DEBUG: SENDING...[72] (../lib/sbi/client.c:401)
11/20 19:20:55.569: [sbi] DEBUG: [{
		"op":	"replace",
		"path":	"/nfStatus",
		"value":	"REGISTERED"
	}] (../lib/sbi/client.c:403)
11/20 19:20:55.569: [sbi] DEBUG: STREAM added [13] (../lib/sbi/nghttp2-server.c:1122)
11/20 19:20:55.569: [sbi] DEBUG: [PATCH] /nnrf-nfm/v1/nf-instances/70cca826-694b-41ed-8175-53a75e027b9f (../lib/sbi/nghttp2-server.c:801)
11/20 19:20:55.569: [sbi] DEBUG: RECEIVED: 72 (../lib/sbi/nghttp2-server.c:805)
11/20 19:20:55.569: [sbi] DEBUG: [{
		"op":	"replace",
		"path":	"/nfStatus",
		"value":	"REGISTERED"
	}] (../lib/sbi/nghttp2-server.c:806)
11/20 19:20:55.569: [nrf] DEBUG: nrf_state_operational(): OGS_EVENT_NAME_SBI_SERVER (../src/nrf/nrf-sm.c:50)
11/20 19:20:55.569: [nrf] DEBUG: nrf_nf_state_registered(): OGS_EVENT_NAME_SBI_SERVER (../src/nrf/nf-sm.c:183)
11/20 19:20:55.569: [sbi] DEBUG: STATUS [204] (../lib/sbi/nghttp2-server.c:357)
11/20 19:20:55.569: [sbi] DEBUG: STREAM closed [13] (../lib/sbi/nghttp2-server.c:852)
11/20 19:20:55.569: [sbi] DEBUG: [204:PATCH] http://[::1]:7777/nnrf-nfm/v1/nf-instances/70cca826-694b-41ed-8175-53a75e027b9f (../lib/sbi/client.c:573)
0000: 00001a01 05000000 0d89c461 96d07abe   ...........a..z.
0010: 941054d2 7eea0802 128066e0 8171b6d4   ..T.~.....f..q..
0020: c5a37f                                ...
11/20 19:20:55.569: [sbi] DEBUG: RECEIVED[0] (../lib/sbi/client.c:584)
11/20 19:20:55.569: [smf] DEBUG: smf_state_operational(): OGS_EVENT_NAME_SBI_CLIENT (../src/smf/smf-sm.c:83)
11/20 19:20:55.569: [sbi] DEBUG: ogs_sbi_nf_state_registered(): OGS_EVENT_NAME_SBI_CLIENT (../lib/sbi/nf-sm.c:204)
11/20 19:20:55.571: [bsf] DEBUG: bsf_state_operational(): OGS_EVENT_NAME_SBI_TIMER (../src/bsf/bsf-sm.c:55)
11/20 19:20:55.571: [sbi] DEBUG: ogs_sbi_nf_state_registered(): OGS_EVENT_NAME_SBI_TIMER (../lib/sbi/nf-sm.c:204)
11/20 19:20:55.571: [sbi] DEBUG: [PATCH] http://[::1]:7777/nnrf-nfm/v1/nf-instances/70dde79e-694b-41ed-8e27-8f2b4c705d2c (../lib/sbi/client.c:625)
11/20 19:20:55.571: [sbi] DEBUG: SENDING...[72] (../lib/sbi/client.c:401)
11/20 19:20:55.571: [sbi] DEBUG: [{
		"op":	"replace",
		"path":	"/nfStatus",
		"value":	"REGISTERED"
	}] (../lib/sbi/client.c:403)
11/20 19:20:55.571: [sbi] DEBUG: STREAM added [7] (../lib/sbi/nghttp2-server.c:1122)
11/20 19:20:55.572: [sbi] DEBUG: [PATCH] /nnrf-nfm/v1/nf-instances/70dde79e-694b-41ed-8e27-8f2b4c705d2c (../lib/sbi/nghttp2-server.c:801)
11/20 19:20:55.572: [sbi] DEBUG: RECEIVED: 72 (../lib/sbi/nghttp2-server.c:805)
11/20 19:20:55.572: [sbi] DEBUG: [{
		"op":	"replace",
		"path":	"/nfStatus",
		"value":	"REGISTERED"
	}] (../lib/sbi/nghttp2-server.c:806)
11/20 19:20:55.572: [nrf] DEBUG: nrf_state_operational(): OGS_EVENT_NAME_SBI_SERVER (../src/nrf/nrf-sm.c:50)
11/20 19:20:55.572: [nrf] DEBUG: nrf_nf_state_registered(): OGS_EVENT_NAME_SBI_SERVER (../src/nrf/nf-sm.c:183)
11/20 19:20:55.572: [sbi] DEBUG: STATUS [204] (../lib/sbi/nghttp2-server.c:357)
11/20 19:20:55.572: [sbi] DEBUG: STREAM closed [7] (../lib/sbi/nghttp2-server.c:852)
0000: 00001a01 05000000 0789c261 96d07abe   ...........a..z.
0010: 941054d2 7eea0802 128066e0 8171b6d4   ..T.~.....f..q..
0020: c5a37f                                ...
11/20 19:20:55.572: [sbi] DEBUG: [204:PATCH] http://[::1]:7777/nnrf-nfm/v1/nf-instances/70dde79e-694b-41ed-8e27-8f2b4c705d2c (../lib/sbi/client.c:573)
11/20 19:20:55.572: [sbi] DEBUG: RECEIVED[0] (../lib/sbi/client.c:584)
11/20 19:20:55.572: [bsf] DEBUG: bsf_state_operational(): OGS_EVENT_NAME_SBI_CLIENT (../src/bsf/bsf-sm.c:55)
11/20 19:20:55.572: [sbi] DEBUG: ogs_sbi_nf_state_registered(): OGS_EVENT_NAME_SBI_CLIENT (../lib/sbi/nf-sm.c:204)
11/20 19:20:55.638: [udr] DEBUG: udr_state_operational(): OGS_EVENT_NAME_SBI_TIMER (../src/udr/udr-sm.c:51)
11/20 19:20:55.638: [sbi] DEBUG: ogs_sbi_nf_state_registered(): OGS_EVENT_NAME_SBI_TIMER (../lib/sbi/nf-sm.c:204)
11/20 19:20:55.638: [sbi] DEBUG: [PATCH] http://[::1]:7777/nnrf-nfm/v1/nf-instances/70e7705c-694b-41ed-bc5b-9b040e87ce40 (../lib/sbi/client.c:625)
11/20 19:20:55.638: [sbi] DEBUG: SENDING...[72] (../lib/sbi/client.c:401)
11/20 19:20:55.638: [sbi] DEBUG: [{
		"op":	"replace",
		"path":	"/nfStatus",
		"value":	"REGISTERED"
	}] (../lib/sbi/client.c:403)
11/20 19:20:55.639: [sbi] DEBUG: STREAM added [7] (../lib/sbi/nghttp2-server.c:1122)
11/20 19:20:55.639: [sbi] DEBUG: [PATCH] /nnrf-nfm/v1/nf-instances/70e7705c-694b-41ed-bc5b-9b040e87ce40 (../lib/sbi/nghttp2-server.c:801)
11/20 19:20:55.639: [sbi] DEBUG: RECEIVED: 72 (../lib/sbi/nghttp2-server.c:805)
11/20 19:20:55.639: [sbi] DEBUG: [{
		"op":	"replace",
		"path":	"/nfStatus",
		"value":	"REGISTERED"
	}] (../lib/sbi/nghttp2-server.c:806)
11/20 19:20:55.639: [nrf] DEBUG: nrf_state_operational(): OGS_EVENT_NAME_SBI_SERVER (../src/nrf/nrf-sm.c:50)
11/20 19:20:55.639: [nrf] DEBUG: nrf_nf_state_registered(): OGS_EVENT_NAME_SBI_SERVER (../src/nrf/nf-sm.c:183)
11/20 19:20:55.639: [sbi] DEBUG: STATUS [204] (../lib/sbi/nghttp2-server.c:357)
11/20 19:20:55.639: [sbi] DEBUG: STREAM closed [7] (../lib/sbi/nghttp2-server.c:852)
11/20 19:20:55.639: [sbi] DEBUG: [204:PATCH] http://[::1]:7777/nnrf-nfm/v1/nf-instances/70e7705c-694b-41ed-bc5b-9b040e87ce40 (../lib/sbi/client.c:573)
11/20 19:20:55.639: [sbi] DEBUG: RECEIVED[0] (../lib/sbi/client.c:584)
0000: 00001a01 05000000 0789c261 96d07abe   ...........a..z.
0010: 941054d2 7eea0802 128066e0 8171b6d4   ..T.~.....f..q..
0020: c5a37f                                ...
11/20 19:20:55.639: [udr] DEBUG: udr_state_operational(): OGS_EVENT_NAME_SBI_CLIENT (../src/udr/udr-sm.c:51)
11/20 19:20:55.640: [sbi] DEBUG: ogs_sbi_nf_state_registered(): OGS_EVENT_NAME_SBI_CLIENT (../lib/sbi/nf-sm.c:204)
11/20 19:20:56.246: [diam] DEBUG: pid:ConnTo:pcrf.localdomain in md_hook_cb_tree@dbg_msg_dumps.c:150: CONNECT FAILED to pcrf.localdomain: All connection attempts failed, will retry later
 ((null):0)
11/20 19:20:57.486: [amf] DEBUG: amf_state_operational(): OGS_EVENT_NAME_SBI_TIMER (../src/amf/amf-sm.c:78)
11/20 19:20:57.486: [sbi] DEBUG: ogs_sbi_nf_state_registered(): OGS_EVENT_NAME_SBI_TIMER (../lib/sbi/nf-sm.c:204)
11/20 19:20:57.486: [sbi] DEBUG: [PATCH] http://[::1]:7777/nnrf-nfm/v1/nf-instances/70ba6878-694b-41ed-97ef-3971b1032c7d (../lib/sbi/client.c:625)
11/20 19:20:57.486: [sbi] DEBUG: SENDING...[72] (../lib/sbi/client.c:401)
11/20 19:20:57.486: [sbi] DEBUG: [{
		"op":	"replace",
		"path":	"/nfStatus",
		"value":	"REGISTERED"
	}] (../lib/sbi/client.c:403)
11/20 19:20:57.486: [sbi] DEBUG: STREAM added [19] (../lib/sbi/nghttp2-server.c:1122)
11/20 19:20:57.486: [sbi] DEBUG: [PATCH] /nnrf-nfm/v1/nf-instances/70ba6878-694b-41ed-97ef-3971b1032c7d (../lib/sbi/nghttp2-server.c:801)
11/20 19:20:57.486: [sbi] DEBUG: RECEIVED: 72 (../lib/sbi/nghttp2-server.c:805)
11/20 19:20:57.486: [sbi] DEBUG: [{
		"op":	"replace",
		"path":	"/nfStatus",
		"value":	"REGISTERED"
	}] (../lib/sbi/nghttp2-server.c:806)
11/20 19:20:57.486: [nrf] DEBUG: nrf_state_operational(): OGS_EVENT_NAME_SBI_SERVER (../src/nrf/nrf-sm.c:50)
11/20 19:20:57.486: [nrf] DEBUG: nrf_nf_state_registered(): OGS_EVENT_NAME_SBI_SERVER (../src/nrf/nf-sm.c:183)
11/20 19:20:57.486: [sbi] DEBUG: STATUS [204] (../lib/sbi/nghttp2-server.c:357)
11/20 19:20:57.486: [sbi] DEBUG: STREAM closed [19] (../lib/sbi/nghttp2-server.c:852)
0000: 00001a01 05000000 1389c461 96d07abe   ...........a..z.
0010: 941054d2 7eea0802 128066e0 8171b754   ..T.~.....f..q.T
0020: c5a37f                                ...
11/20 19:20:57.487: [sbi] DEBUG: [204:PATCH] http://[::1]:7777/nnrf-nfm/v1/nf-instances/70ba6878-694b-41ed-97ef-3971b1032c7d (../lib/sbi/client.c:573)
11/20 19:20:57.487: [sbi] DEBUG: RECEIVED[0] (../lib/sbi/client.c:584)
11/20 19:20:57.487: [amf] DEBUG: amf_state_operational(): OGS_EVENT_NAME_SBI_CLIENT (../src/amf/amf-sm.c:78)
11/20 19:20:57.487: [sbi] DEBUG: ogs_sbi_nf_state_registered(): OGS_EVENT_NAME_SBI_CLIENT (../lib/sbi/nf-sm.c:204)
11/20 19:20:58.572: [smf] DEBUG: smf_state_operational(): SMF_EVT_N4_TIMER (../src/smf/smf-sm.c:83)
11/20 19:20:58.572: [smf] DEBUG: smf_pfcp_state_associated(): SMF_EVT_N4_TIMER (../src/smf/pfcp-sm.c:165)
11/20 19:20:58.572: [pfcp] DEBUG: [7] LOCAL  Create  peer [127.0.0.7]:8805 (../lib/pfcp/xact.c:116)
11/20 19:20:58.572: [pfcp] DEBUG: Heartbeat Request (../lib/pfcp/build.c:27)
11/20 19:20:58.573: [pfcp] DEBUG: [7] LOCAL  UPD TX-1  peer [127.0.0.7]:8805 (../lib/pfcp/xact.c:197)
11/20 19:20:58.573: [pfcp] DEBUG: [7] LOCAL  Commit  peer [127.0.0.7]:8805 (../lib/pfcp/xact.c:475)
11/20 19:20:58.573: [upf] DEBUG: upf_state_operational(): UPF_EVT_N4_MESSAGE (../src/upf/upf-sm.c:51)
11/20 19:20:58.573: [pfcp] DEBUG: [7] Cannot find xact type 1 from PFCP peer [127.0.0.4]:8805 (../lib/pfcp/xact.c:797)
11/20 19:20:58.573: [pfcp] DEBUG: [7] REMOTE Create  peer [127.0.0.4]:8805 (../lib/pfcp/xact.c:159)
11/20 19:20:58.573: [pfcp] DEBUG: [7] REMOTE Receive peer [127.0.0.4]:8805 (../lib/pfcp/xact.c:704)
11/20 19:20:58.573: [pfcp] DEBUG: [7] REMOTE UPD RX-1  peer [127.0.0.4]:8805 (../lib/pfcp/xact.c:298)
11/20 19:20:58.573: [upf] DEBUG: upf_pfcp_state_associated(): UPF_EVT_N4_MESSAGE (../src/upf/pfcp-sm.c:164)
11/20 19:20:58.573: [pfcp] DEBUG: Heartbeat Response (../lib/pfcp/build.c:44)
11/20 19:20:58.573: [pfcp] DEBUG: [7] REMOTE UPD TX-2  peer [127.0.0.4]:8805 (../lib/pfcp/xact.c:197)
11/20 19:20:58.573: [pfcp] DEBUG: [7] REMOTE Commit  peer [127.0.0.4]:8805 (../lib/pfcp/xact.c:475)
11/20 19:20:58.573: [upf] DEBUG: upf_state_operational(): UPF_EVT_N4_TIMER (../src/upf/upf-sm.c:51)
11/20 19:20:58.573: [upf] DEBUG: upf_pfcp_state_associated(): UPF_EVT_N4_TIMER (../src/upf/pfcp-sm.c:164)
11/20 19:20:58.573: [pfcp] DEBUG: [4] LOCAL  Create  peer [127.0.0.4]:8805 (../lib/pfcp/xact.c:116)
11/20 19:20:58.573: [pfcp] DEBUG: Heartbeat Request (../lib/pfcp/build.c:27)
11/20 19:20:58.573: [pfcp] DEBUG: [4] LOCAL  UPD TX-1  peer [127.0.0.4]:8805 (../lib/pfcp/xact.c:197)
11/20 19:20:58.573: [pfcp] DEBUG: [4] LOCAL  Commit  peer [127.0.0.4]:8805 (../lib/pfcp/xact.c:475)
11/20 19:20:58.573: [smf] DEBUG: smf_state_operational(): SMF_EVT_N4_MESSAGE (../src/smf/smf-sm.c:83)
11/20 19:20:58.573: [pfcp] DEBUG: [7] LOCAL  Find    peer [127.0.0.7]:8805 (../lib/pfcp/xact.c:790)
11/20 19:20:58.573: [pfcp] DEBUG: [7] LOCAL  Receive peer [127.0.0.7]:8805 (../lib/pfcp/xact.c:704)
11/20 19:20:58.573: [pfcp] DEBUG: [7] LOCAL  UPD RX-2  peer [127.0.0.7]:8805 (../lib/pfcp/xact.c:298)
11/20 19:20:58.573: [smf] DEBUG: smf_pfcp_state_associated(): SMF_EVT_N4_MESSAGE (../src/smf/pfcp-sm.c:165)
11/20 19:20:58.573: [pfcp] DEBUG: [7] LOCAL  Commit  peer [127.0.0.7]:8805 (../lib/pfcp/xact.c:475)
11/20 19:20:58.573: [pfcp] DEBUG: [7] LOCAL  Delete  peer [127.0.0.7]:8805 (../lib/pfcp/xact.c:813)
11/20 19:20:58.573: [smf] DEBUG: smf_state_operational(): SMF_EVT_N4_MESSAGE (../src/smf/smf-sm.c:83)
11/20 19:20:58.573: [pfcp] DEBUG: [4] Cannot find xact type 1 from PFCP peer [127.0.0.7]:8805 (../lib/pfcp/xact.c:797)
11/20 19:20:58.573: [pfcp] DEBUG: [4] REMOTE Create  peer [127.0.0.7]:8805 (../lib/pfcp/xact.c:159)
11/20 19:20:58.573: [pfcp] DEBUG: [4] REMOTE Receive peer [127.0.0.7]:8805 (../lib/pfcp/xact.c:704)
11/20 19:20:58.573: [pfcp] DEBUG: [4] REMOTE UPD RX-1  peer [127.0.0.7]:8805 (../lib/pfcp/xact.c:298)
11/20 19:20:58.573: [smf] DEBUG: smf_pfcp_state_associated(): SMF_EVT_N4_MESSAGE (../src/smf/pfcp-sm.c:165)
11/20 19:20:58.573: [pfcp] DEBUG: Heartbeat Response (../lib/pfcp/build.c:44)
11/20 19:20:58.573: [pfcp] DEBUG: [4] REMOTE UPD TX-2  peer [127.0.0.7]:8805 (../lib/pfcp/xact.c:197)
11/20 19:20:58.573: [pfcp] DEBUG: [4] REMOTE Commit  peer [127.0.0.7]:8805 (../lib/pfcp/xact.c:475)
11/20 19:20:58.573: [upf] DEBUG: upf_state_operational(): UPF_EVT_N4_MESSAGE (../src/upf/upf-sm.c:51)
11/20 19:20:58.573: [pfcp] DEBUG: [4] LOCAL  Find    peer [127.0.0.4]:8805 (../lib/pfcp/xact.c:790)
11/20 19:20:58.573: [pfcp] DEBUG: [4] LOCAL  Receive peer [127.0.0.4]:8805 (../lib/pfcp/xact.c:704)
11/20 19:20:58.573: [pfcp] DEBUG: [4] LOCAL  UPD RX-2  peer [127.0.0.4]:8805 (../lib/pfcp/xact.c:298)
11/20 19:20:58.573: [upf] DEBUG: upf_pfcp_state_associated(): UPF_EVT_N4_MESSAGE (../src/upf/pfcp-sm.c:164)
11/20 19:20:58.573: [pfcp] DEBUG: [4] LOCAL  Commit  peer [127.0.0.4]:8805 (../lib/pfcp/xact.c:475)
11/20 19:20:58.573: [pfcp] DEBUG: [4] LOCAL  Delete  peer [127.0.0.4]:8805 (../lib/pfcp/xact.c:813)
11/20 19:20:58.745: [app] INFO: SIGINT received (../src/main.c:54)
11/20 19:20:58.745: [app] INFO: Open5GS daemon terminating... (../src/main.c:226)
11/20 19:20:58.745: [sbi] DEBUG: ogs_sbi_nf_state_registered(): EXIT (../lib/sbi/nf-sm.c:204)
11/20 19:20:58.745: [sbi] DEBUG: ogs_sbi_nf_state_final(): EXIT (../lib/sbi/nf-sm.c:99)
11/20 19:20:58.745: [sbi] DEBUG: ogs_sbi_nf_state_registered(): EXIT (../lib/sbi/nf-sm.c:204)
11/20 19:20:58.745: [sbi] INFO: [70e7705c-694b-41ed-bc5b-9b040e87ce40] NF de-registered (../lib/sbi/nf-sm.c:238)
11/20 19:20:58.745: [app] INFO: SIGINT received (../src/main.c:54)
11/20 19:20:58.745: [app] INFO: SIGINT received (../src/main.c:54)
11/20 19:20:58.745: [app] INFO: Open5GS daemon terminating... (../src/main.c:226)
11/20 19:20:58.745: [sbi] DEBUG: [DELETE] http://[::1]:7777/nnrf-nfm/v1/nf-instances/70e7705c-694b-41ed-bc5b-9b040e87ce40 (../lib/sbi/client.c:625)
11/20 19:20:58.745: [app] INFO: SIGINT received (../src/main.c:54)
11/20 19:20:58.745: [app] INFO: Open5GS daemon terminating... (../src/main.c:226)
11/20 19:20:58.745: [sbi] DEBUG: ogs_sbi_nf_state_registered(): EXIT (../lib/sbi/nf-sm.c:204)
11/20 19:20:58.745: [app] INFO: SIGINT received (../src/main.c:54)
11/20 19:20:58.745: [sbi] DEBUG: ogs_sbi_nf_state_final(): EXIT (../lib/sbi/nf-sm.c:99)
11/20 19:20:58.745: [event] DEBUG: interrupt all (../lib/core/ogs-queue.c:277)
11/20 19:20:58.745: [sbi] DEBUG: ogs_sbi_nf_state_final(): EXIT (../lib/sbi/nf-sm.c:99)
11/20 19:20:58.745: [sbi] DEBUG: ogs_sbi_nf_state_registered(): EXIT (../lib/sbi/nf-sm.c:204)
11/20 19:20:58.745: [app] INFO: Open5GS daemon terminating... (../src/main.c:226)
11/20 19:20:58.745: [event] DEBUG: interrupt all (../lib/core/ogs-queue.c:277)
11/20 19:20:58.745: [sbi] INFO: [70cfafe4-694b-41ed-8faa-7d5ef2fddc03] NF de-registered (../lib/sbi/nf-sm.c:238)
11/20 19:20:58.745: [thread] DEBUG: [0x5583343eca60] thread running(1) (../lib/core/ogs-thread.c:111)
11/20 19:20:58.745: [sbi] DEBUG: ogs_sbi_nf_state_registered(): EXIT (../lib/sbi/nf-sm.c:204)
11/20 19:20:58.745: [thread] DEBUG: [0x558190b90c30] thread running(1) (../lib/core/ogs-thread.c:111)
11/20 19:20:58.745: [sbi] DEBUG: ogs_sbi_nf_state_final(): EXIT (../lib/sbi/nf-sm.c:99)
11/20 19:20:58.745: [sbi] DEBUG: ogs_sbi_nf_state_registered(): EXIT (../lib/sbi/nf-sm.c:204)
11/20 19:20:58.745: [sbi] DEBUG: [DELETE] http://[::1]:7777/nnrf-nfm/v1/nf-instances/70cfafe4-694b-41ed-8faa-7d5ef2fddc03 (../lib/sbi/client.c:625)
11/20 19:20:58.745: [sbi] INFO: [70cca826-694b-41ed-8175-53a75e027b9f] NF de-registered (../lib/sbi/nf-sm.c:238)
11/20 19:20:58.745: [sbi] DEBUG: [DELETE] http://[::1]:7777/nnrf-nfm/v1/nf-instances/70cca826-694b-41ed-8175-53a75e027b9f (../lib/sbi/client.c:625)
11/20 19:20:58.745: [sbi] DEBUG: ogs_sbi_nf_state_final(): EXIT (../lib/sbi/nf-sm.c:99)
11/20 19:20:58.745: [app] INFO: SIGINT received (../src/main.c:54)
11/20 19:20:58.745: [app] INFO: SIGINT received (../src/main.c:54)
11/20 19:20:58.745: [sbi] DEBUG: ogs_sbi_nf_state_registered(): EXIT (../lib/sbi/nf-sm.c:204)
11/20 19:20:58.745: [upf] DEBUG: upf_state_operational(): EXIT (../src/upf/upf-sm.c:51)
11/20 19:20:58.745: [app] INFO: Open5GS daemon terminating... (../src/main.c:226)
11/20 19:20:58.745: [sbi] DEBUG: ogs_sbi_nf_state_final(): EXIT (../lib/sbi/nf-sm.c:99)
11/20 19:20:58.745: [sbi] DEBUG: ogs_sbi_nf_state_final(): EXIT (../lib/sbi/nf-sm.c:99)
11/20 19:20:58.745: [upf] DEBUG: upf_state_final(): INIT (../src/upf/upf-sm.c:37)
11/20 19:20:58.745: [app] INFO: Open5GS daemon terminating... (../src/main.c:226)
11/20 19:20:58.745: [sbi] DEBUG: ogs_sbi_nf_state_registered(): EXIT (../lib/sbi/nf-sm.c:204)
11/20 19:20:58.745: [thread] DEBUG: [0x5583343eca60] worker done (../lib/core/ogs-thread.c:72)
11/20 19:20:58.745: [sbi] DEBUG: ogs_sbi_nf_state_final(): EXIT (../lib/sbi/nf-sm.c:99)
11/20 19:20:58.745: [sbi] DEBUG: ogs_sbi_nf_state_registered(): EXIT (../lib/sbi/nf-sm.c:204)
11/20 19:20:58.745: [sbi] DEBUG: ogs_sbi_nf_state_registered(): EXIT (../lib/sbi/nf-sm.c:204)
11/20 19:20:58.745: [sbi] DEBUG: ogs_sbi_nf_state_final(): EXIT (../lib/sbi/nf-sm.c:99)
11/20 19:20:58.745: [event] DEBUG: interrupt all (../lib/core/ogs-queue.c:277)
11/20 19:20:58.745: [app] INFO: SIGINT received (../src/main.c:54)
11/20 19:20:58.745: [sbi] DEBUG: ogs_sbi_nf_state_registered(): EXIT (../lib/sbi/nf-sm.c:204)
11/20 19:20:58.745: [sbi] DEBUG: ogs_sbi_nf_state_registered(): EXIT (../lib/sbi/nf-sm.c:204)
11/20 19:20:58.745: [app] INFO: Open5GS daemon terminating... (../src/main.c:226)
11/20 19:20:58.745: [sbi] DEBUG: ogs_sbi_nf_state_final(): EXIT (../lib/sbi/nf-sm.c:99)
11/20 19:20:58.745: [sbi] DEBUG: ogs_sbi_nf_state_final(): EXIT (../lib/sbi/nf-sm.c:99)
11/20 19:20:58.745: [sbi] DEBUG: ogs_sbi_nf_state_final(): EXIT (../lib/sbi/nf-sm.c:99)
11/20 19:20:58.745: [sbi] DEBUG: ogs_sbi_nf_state_registered(): EXIT (../lib/sbi/nf-sm.c:204)
11/20 19:20:58.745: [app] INFO: SIGINT received (../src/main.c:54)
11/20 19:20:58.745: [sbi] DEBUG: ogs_sbi_nf_state_registered(): EXIT (../lib/sbi/nf-sm.c:204)
11/20 19:20:58.745: [thread] DEBUG: [0x56051c291c40] thread running(1) (../lib/core/ogs-thread.c:111)
11/20 19:20:58.745: [sbi] DEBUG: ogs_sbi_nf_state_final(): EXIT (../lib/sbi/nf-sm.c:99)
11/20 19:20:58.745: [event] DEBUG: interrupt all (../lib/core/ogs-queue.c:277)
11/20 19:20:58.745: [event] DEBUG: interrupt all (../lib/core/ogs-queue.c:277)
11/20 19:20:58.745: [app] INFO: Open5GS daemon terminating... (../src/main.c:226)
11/20 19:20:58.745: [sbi] DEBUG: ogs_sbi_nf_state_registered(): EXIT (../lib/sbi/nf-sm.c:204)
11/20 19:20:58.745: [app] INFO: Open5GS daemon terminating... (../src/main.c:226)
11/20 19:20:58.745: [sbi] INFO: [70c87fb2-694b-41ed-8602-097969ae7b3b] NF de-registered (../lib/sbi/nf-sm.c:238)
11/20 19:20:58.745: [sbi] INFO: [70dde79e-694b-41ed-8e27-8f2b4c705d2c] NF de-registered (../lib/sbi/nf-sm.c:238)
11/20 19:20:58.745: [thread] DEBUG: [0x5586375dbf90] thread running(1) (../lib/core/ogs-thread.c:111)
11/20 19:20:58.745: [sbi] DEBUG: ogs_sbi_nf_state_registered(): EXIT (../lib/sbi/nf-sm.c:204)
11/20 19:20:58.745: [sbi] DEBUG: ogs_sbi_nf_state_registered(): EXIT (../lib/sbi/nf-sm.c:204)
11/20 19:20:58.745: [thread] DEBUG: [0x562b084ae860] thread running(1) (../lib/core/ogs-thread.c:111)
11/20 19:20:58.745: [sbi] DEBUG: ogs_sbi_nf_state_final(): EXIT (../lib/sbi/nf-sm.c:99)
11/20 19:20:58.745: [sbi] DEBUG: ogs_sbi_nf_state_final(): EXIT (../lib/sbi/nf-sm.c:99)
11/20 19:20:58.745: [sbi] DEBUG: [DELETE] http://[::1]:7777/nnrf-nfm/v1/nf-instances/70dde79e-694b-41ed-8e27-8f2b4c705d2c (../lib/sbi/client.c:625)
11/20 19:20:58.745: [sbi] DEBUG: ogs_sbi_nf_state_registered(): EXIT (../lib/sbi/nf-sm.c:204)
11/20 19:20:58.745: [sbi] DEBUG: ogs_sbi_nf_state_registered(): EXIT (../lib/sbi/nf-sm.c:204)
11/20 19:20:58.745: [sbi] INFO: [70d904e0-694b-41ed-ae4b-791f6cb5ce89] NF de-registered (../lib/sbi/nf-sm.c:238)
11/20 19:20:58.745: [sbi] INFO: [70c00fb2-694b-41ed-a1ea-09418c35a6fb] NF de-registered (../lib/sbi/nf-sm.c:238)
11/20 19:20:58.746: [sbi] DEBUG: ogs_sbi_nf_state_final(): EXIT (../lib/sbi/nf-sm.c:99)
11/20 19:20:58.746: [event] DEBUG: interrupt all (../lib/core/ogs-queue.c:277)
11/20 19:20:58.746: [sbi] DEBUG: [DELETE] http://[::1]:7777/nnrf-nfm/v1/nf-instances/70d904e0-694b-41ed-ae4b-791f6cb5ce89 (../lib/sbi/client.c:625)
11/20 19:20:58.746: [thread] DEBUG: [0x56365ef26780] thread running(1) (../lib/core/ogs-thread.c:111)
11/20 19:20:58.746: [sbi] DEBUG: [DELETE] http://[::1]:7777/nnrf-nfm/v1/nf-instances/70c00fb2-694b-41ed-a1ea-09418c35a6fb (../lib/sbi/client.c:625)
11/20 19:20:58.746: [sbi] DEBUG: [DELETE] http://[::1]:7777/nnrf-nfm/v1/nf-instances/70c87fb2-694b-41ed-8602-097969ae7b3b (../lib/sbi/client.c:625)
11/20 19:20:58.746: [sbi] DEBUG: ogs_sbi_nf_state_final(): EXIT (../lib/sbi/nf-sm.c:99)
11/20 19:20:58.746: [event] DEBUG: interrupt all (../lib/core/ogs-queue.c:277)
11/20 19:20:58.746: [app] INFO: SIGINT received (../src/main.c:54)
11/20 19:20:58.746: [thread] DEBUG: [0x55ac153ca320] thread running(1) (../lib/core/ogs-thread.c:111)
11/20 19:20:58.746: [sbi] DEBUG: ogs_sbi_nf_state_final(): EXIT (../lib/sbi/nf-sm.c:99)
11/20 19:20:58.746: [sbi] DEBUG: ogs_sbi_nf_state_registered(): EXIT (../lib/sbi/nf-sm.c:204)
11/20 19:20:58.746: [app] INFO: Open5GS daemon terminating... (../src/main.c:226)
11/20 19:20:58.746: [sbi] DEBUG: ogs_sbi_nf_state_final(): EXIT (../lib/sbi/nf-sm.c:99)
11/20 19:20:58.746: [event] DEBUG: interrupt all (../lib/core/ogs-queue.c:277)
11/20 19:20:58.746: [sbi] DEBUG: ogs_sbi_nf_state_final(): EXIT (../lib/sbi/nf-sm.c:99)
11/20 19:20:58.746: [smf] DEBUG: smf_state_operational(): EXIT (../src/smf/smf-sm.c:83)
11/20 19:20:58.746: [sbi] DEBUG: ogs_sbi_nf_state_registered(): EXIT (../lib/sbi/nf-sm.c:204)
11/20 19:20:58.746: [thread] DEBUG: [0x55e0a4837420] thread running(1) (../lib/core/ogs-thread.c:111)
11/20 19:20:58.746: [sbi] DEBUG: ogs_sbi_nf_state_registered(): EXIT (../lib/sbi/nf-sm.c:204)
11/20 19:20:58.746: [smf] DEBUG: smf_state_final(): INIT (../src/smf/smf-sm.c:44)
11/20 19:20:58.746: [sbi] DEBUG: ogs_sbi_nf_state_final(): EXIT (../lib/sbi/nf-sm.c:99)
11/20 19:20:58.746: [thread] DEBUG: [0x562b084ae860] worker done (../lib/core/ogs-thread.c:72)
11/20 19:20:58.746: [sbi] DEBUG: ogs_sbi_nf_state_final(): EXIT (../lib/sbi/nf-sm.c:99)
11/20 19:20:58.746: [bsf] DEBUG: bsf_state_operational(): EXIT (../src/bsf/bsf-sm.c:55)
11/20 19:20:58.746: [sbi] DEBUG: ogs_sbi_nf_state_registered(): EXIT (../lib/sbi/nf-sm.c:204)
11/20 19:20:58.746: [bsf] DEBUG: bsf_state_final(): INIT (../src/bsf/bsf-sm.c:35)
11/20 19:20:58.746: [event] DEBUG: interrupt all (../lib/core/ogs-queue.c:277)
11/20 19:20:58.746: [udr] DEBUG: udr_state_operational(): EXIT (../src/udr/udr-sm.c:51)
11/20 19:20:58.746: [thread] DEBUG: [0x56365ef26780] worker done (../lib/core/ogs-thread.c:72)
11/20 19:20:58.746: [sbi] INFO: [70ba6878-694b-41ed-97ef-3971b1032c7d] NF de-registered (../lib/sbi/nf-sm.c:238)
11/20 19:20:58.746: [udr] DEBUG: udr_state_final(): INIT (../src/udr/udr-sm.c:34)
11/20 19:20:58.746: [thread] DEBUG: [0x558190b90c30] worker done (../lib/core/ogs-thread.c:72)
11/20 19:20:58.746: [thread] DEBUG: [0x55e5afd66de0] thread running(1) (../lib/core/ogs-thread.c:111)
11/20 19:20:58.746: [sbi] DEBUG: [DELETE] http://[::1]:7777/nnrf-nfm/v1/nf-instances/70ba6878-694b-41ed-97ef-3971b1032c7d (../lib/sbi/client.c:625)
11/20 19:20:58.746: [pcf] DEBUG: pcf_state_operational(): EXIT (../src/pcf/pcf-sm.c:58)
11/20 19:20:58.746: [pcf] DEBUG: pcf_state_final(): INIT (../src/pcf/pcf-sm.c:34)
11/20 19:20:58.746: [sbi] DEBUG: ogs_sbi_nf_state_final(): EXIT (../lib/sbi/nf-sm.c:99)
11/20 19:20:58.746: [udm] DEBUG: udm_state_operational(): EXIT (../src/udm/udm-sm.c:53)
11/20 19:20:58.746: [thread] DEBUG: [0x5586375dbf90] worker done (../lib/core/ogs-thread.c:72)
11/20 19:20:58.746: [udm] DEBUG: udm_state_final(): INIT (../src/udm/udm-sm.c:34)
11/20 19:20:58.746: [sbi] DEBUG: ogs_sbi_nf_state_registered(): EXIT (../lib/sbi/nf-sm.c:204)
11/20 19:20:58.746: [sbi] DEBUG: ogs_sbi_nf_state_final(): EXIT (../lib/sbi/nf-sm.c:99)
11/20 19:20:58.746: [thread] DEBUG: [0x55e5afd66de0] worker done (../lib/core/ogs-thread.c:72)
11/20 19:20:58.746: [sbi] DEBUG: ogs_sbi_nf_state_registered(): EXIT (../lib/sbi/nf-sm.c:204)
11/20 19:20:58.746: [sbi] DEBUG: ogs_sbi_nf_state_final(): EXIT (../lib/sbi/nf-sm.c:99)
11/20 19:20:58.746: [sbi] DEBUG: ogs_sbi_nf_state_registered(): EXIT (../lib/sbi/nf-sm.c:204)
11/20 19:20:58.746: [sbi] DEBUG: ogs_sbi_nf_state_final(): EXIT (../lib/sbi/nf-sm.c:99)
11/20 19:20:58.746: [sbi] DEBUG: ogs_sbi_nf_state_registered(): EXIT (../lib/sbi/nf-sm.c:204)
11/20 19:20:58.746: [sbi] DEBUG: ogs_sbi_nf_state_final(): EXIT (../lib/sbi/nf-sm.c:99)
11/20 19:20:58.746: [sbi] DEBUG: ogs_sbi_nf_state_registered(): EXIT (../lib/sbi/nf-sm.c:204)
11/20 19:20:58.746: [sbi] DEBUG: ogs_sbi_nf_state_final(): EXIT (../lib/sbi/nf-sm.c:99)
11/20 19:20:58.746: [event] DEBUG: interrupt all (../lib/core/ogs-queue.c:277)
11/20 19:20:58.746: [thread] DEBUG: [0x55ed14f64000] thread running(1) (../lib/core/ogs-thread.c:111)
11/20 19:20:58.746: [sbi] DEBUG: STREAM added [15] (../lib/sbi/nghttp2-server.c:1122)
11/20 19:20:58.746: [sbi] DEBUG: [DELETE] /nnrf-nfm/v1/nf-instances/70cca826-694b-41ed-8175-53a75e027b9f (../lib/sbi/nghttp2-server.c:801)
11/20 19:20:58.746: [sbi] ERROR: ogs_queue_push() failed:-4 (../lib/sbi/path.c:43)
11/20 19:20:58.746: [sbi] WARNING: server callback error (../lib/sbi/nghttp2-server.c:815)
11/20 19:20:58.746: [amf] DEBUG: amf_state_operational(): EXIT (../src/amf/amf-sm.c:78)
11/20 19:20:58.746: [amf] DEBUG: amf_state_final(): INIT (../src/amf/amf-sm.c:41)
11/20 19:20:58.746: [thread] DEBUG: [0x55ed14f64000] worker done (../lib/core/ogs-thread.c:72)
11/20 19:20:58.746: [sbi] DEBUG: STATUS [500] (../lib/sbi/nghttp2-server.c:357)
11/20 19:20:58.746: [sbi] DEBUG: SENDING...: 53 (../lib/sbi/nghttp2-server.c:365)
11/20 19:20:58.746: [sbi] DEBUG: {
	"title":	"server callback error",
	"status":	500
} (../lib/sbi/nghttp2-server.c:366)
11/20 19:20:58.746: [sbi] WARNING: nghttp2_session_get_stream_remote_close() failed (../lib/sbi/nghttp2-server.c:280)
11/20 19:20:58.746: [sbi] DEBUG: STREAM closed [15] (../lib/sbi/nghttp2-server.c:852)
11/20 19:20:58.746: [ausf] DEBUG: ausf_state_operational(): EXIT (../src/ausf/ausf-sm.c:52)
11/20 19:20:58.746: [ausf] DEBUG: ausf_state_final(): INIT (../src/ausf/ausf-sm.c:34)
11/20 19:20:58.746: [thread] DEBUG: [0x55e0a4837420] worker done (../lib/core/ogs-thread.c:72)
11/20 19:20:58.746: [thread] DEBUG: [0x5583343eca60] thread destroy (../lib/core/ogs-thread.c:123)
11/20 19:20:58.746: [thread] DEBUG: [0x5583343eca60] thread join (../lib/core/ogs-thread.c:132)
11/20 19:20:58.746: [thread] DEBUG: [0x5583343eca60] thread done (../lib/core/ogs-thread.c:138)
11/20 19:20:58.746: [upf] DEBUG: upf_pfcp_state_associated(): EXIT (../src/upf/pfcp-sm.c:164)
11/20 19:20:58.746: [upf] INFO: PFCP de-associated [127.0.0.4]:8805 (../src/upf/pfcp-sm.c:182)
11/20 19:20:58.746: [upf] DEBUG: upf_pfcp_state_final(): EXIT (../src/upf/pfcp-sm.c:60)
11/20 19:20:58.746: [thread] DEBUG: [0x558190b90c30] thread destroy (../lib/core/ogs-thread.c:123)
11/20 19:20:58.746: [thread] DEBUG: [0x558190b90c30] thread join (../lib/core/ogs-thread.c:132)
11/20 19:20:58.746: [thread] DEBUG: [0x558190b90c30] thread done (../lib/core/ogs-thread.c:138)
11/20 19:20:58.746: [sbi] DEBUG: ogs_sbi_client_handler() failed [-4] (../lib/sbi/path.c:61)
11/20 19:20:58.747: [thread] DEBUG: [0x562b084ae860] thread destroy (../lib/core/ogs-thread.c:123)
11/20 19:20:58.747: [thread] DEBUG: [0x5586375dbf90] thread destroy (../lib/core/ogs-thread.c:123)
11/20 19:20:58.747: [thread] DEBUG: [0x5586375dbf90] thread join (../lib/core/ogs-thread.c:132)
11/20 19:20:58.747: [thread] DEBUG: [0x562b084ae860] thread join (../lib/core/ogs-thread.c:132)
11/20 19:20:58.747: [thread] DEBUG: [0x5586375dbf90] thread done (../lib/core/ogs-thread.c:138)
11/20 19:20:58.747: [thread] DEBUG: [0x562b084ae860] thread done (../lib/core/ogs-thread.c:138)
11/20 19:20:58.747: [sbi] DEBUG: ogs_sbi_client_handler() failed [-4] (../lib/sbi/path.c:61)
11/20 19:20:58.747: [smf] DEBUG: smf_pfcp_state_associated(): EXIT (../src/smf/pfcp-sm.c:165)
11/20 19:20:58.747: [smf] INFO: PFCP de-associated [127.0.0.7]:8805 (../src/smf/pfcp-sm.c:183)
11/20 19:20:58.747: [smf] DEBUG: smf_pfcp_state_final(): EXIT (../src/smf/pfcp-sm.c:57)
11/20 19:20:58.747: [sbi] DEBUG: ogs_sbi_client_handler() failed [-4] (../lib/sbi/path.c:61)
11/20 19:20:58.747: [nssf] DEBUG: nssf_state_operational(): EXIT (../src/nssf/nssf-sm.c:53)
11/20 19:20:58.747: [nssf] DEBUG: nssf_state_final(): INIT (../src/nssf/nssf-sm.c:35)
11/20 19:20:58.747: [thread] DEBUG: [0x55ac153ca320] worker done (../lib/core/ogs-thread.c:72)
11/20 19:20:58.747: [thread] DEBUG: [0x55e0a4837420] thread destroy (../lib/core/ogs-thread.c:123)
11/20 19:20:58.747: [thread] DEBUG: [0x55e0a4837420] thread join (../lib/core/ogs-thread.c:132)
11/20 19:20:58.747: [thread] DEBUG: [0x55e0a4837420] thread done (../lib/core/ogs-thread.c:138)
11/20 19:20:58.747: [sbi] DEBUG: ogs_sbi_client_handler() failed [-4] (../lib/sbi/path.c:61)
11/20 19:20:58.747: [thread] DEBUG: [0x55e5afd66de0] thread destroy (../lib/core/ogs-thread.c:123)
11/20 19:20:58.747: [thread] DEBUG: [0x55e5afd66de0] thread join (../lib/core/ogs-thread.c:132)
11/20 19:20:58.747: [thread] DEBUG: [0x55e5afd66de0] thread done (../lib/core/ogs-thread.c:138)
11/20 19:20:58.747: [sbi] DEBUG: ogs_sbi_client_handler() failed [-4] (../lib/sbi/path.c:61)
11/20 19:20:58.747: [ausf] DEBUG: ausf_ue_state_operational(): EXIT (../src/ausf/ue-sm.c:64)
11/20 19:20:58.747: [ausf] DEBUG: ausf_ue_state_final(): EXIT (../src/ausf/ue-sm.c:47)
11/20 19:20:58.747: [sbi] DEBUG: ogs_sbi_nf_instance_remove() (../lib/sbi/context.c:870)
11/20 19:20:58.747: [sbi] DEBUG: [UNREF] 3 (../lib/sbi/context.c:873)
11/20 19:20:58.747: [ausf] DEBUG: ausf_ue_state_operational(): EXIT (../src/ausf/ue-sm.c:64)
11/20 19:20:58.747: [ausf] DEBUG: ausf_ue_state_final(): EXIT (../src/ausf/ue-sm.c:47)
11/20 19:20:58.747: [sbi] DEBUG: ogs_sbi_nf_instance_remove() (../lib/sbi/context.c:870)
11/20 19:20:58.747: [sbi] DEBUG: [UNREF] 2 (../lib/sbi/context.c:873)
11/20 19:20:58.747: [thread] DEBUG: [0x55ed14f64000] thread destroy (../lib/core/ogs-thread.c:123)
11/20 19:20:58.747: [thread] DEBUG: [0x55ed14f64000] thread join (../lib/core/ogs-thread.c:132)
11/20 19:20:58.747: [thread] DEBUG: [0x55ed14f64000] thread done (../lib/core/ogs-thread.c:138)
11/20 19:20:58.747: [udm] DEBUG: udm_ue_state_operational(): EXIT (../src/udm/ue-sm.c:46)
11/20 19:20:58.747: [sbi] DEBUG: ogs_sbi_nf_instance_remove() (../lib/sbi/context.c:870)
11/20 19:20:58.747: [sbi] DEBUG: [UNREF] 3 (../lib/sbi/context.c:873)
11/20 19:20:58.747: [sbi] DEBUG: ogs_sbi_client_handler() failed [-4] (../lib/sbi/path.c:61)
11/20 19:20:58.747: [udm] DEBUG: udm_ue_state_operational(): EXIT (../src/udm/ue-sm.c:46)
11/20 19:20:58.747: [sbi] DEBUG: ogs_sbi_nf_instance_remove() (../lib/sbi/context.c:870)
11/20 19:20:58.747: [amf] DEBUG: ngap_state_operational(): EXIT (../src/amf/ngap-sm.c:53)
11/20 19:20:58.747: [sbi] DEBUG: [UNREF] 2 (../lib/sbi/context.c:873)
11/20 19:20:58.747: [amf] DEBUG: ngap_state_final(): EXIT (../src/amf/ngap-sm.c:37)
11/20 19:20:58.747: [diam] DEBUG: pid:Main in fd_core_shutdown@core.c:331: Initiating freeDiameter shutdown sequence (3)
 ((null):0)
11/20 19:20:58.747: [amf] INFO: [Removed] Number of gNBs is now 1 (../src/amf/context.c:1001)
11/20 19:20:58.747: [amf] DEBUG: ngap_state_operational(): EXIT (../src/amf/ngap-sm.c:53)
11/20 19:20:58.747: [amf] DEBUG: ngap_state_final(): EXIT (../src/amf/ngap-sm.c:37)
11/20 19:20:58.747: [diam] DEBUG: pid:fD Core Runner in core_shutdown@core.c:99: freediameterd framework is stopping...
 ((null):0)
11/20 19:20:58.747: [amf] INFO: [Removed] Number of gNBs is now 0 (../src/amf/context.c:1001)
11/20 19:20:58.747: [gmm] DEBUG: gmm_state_de_registered(): EXIT (../src/amf/gmm-sm.c:60)
11/20 19:20:58.747: [gmm] DEBUG: gmm_state_final(): EXIT (../src/amf/gmm-sm.c:49)
11/20 19:20:58.747: [sbi] DEBUG: ogs_sbi_nf_instance_remove() (../lib/sbi/context.c:870)
11/20 19:20:58.747: [sbi] DEBUG: [UNREF] 3 (../lib/sbi/context.c:873)
11/20 19:20:58.747: [sbi] DEBUG: ogs_sbi_nf_instance_remove() (../lib/sbi/context.c:870)
11/20 19:20:58.747: [sbi] DEBUG: [UNREF] 2 (../lib/sbi/context.c:873)
11/20 19:20:58.747: [sbi] DEBUG: ogs_sbi_nf_instance_remove() (../lib/sbi/context.c:870)
11/20 19:20:58.747: [sbi] DEBUG: [UNREF] 3 (../lib/sbi/context.c:873)
11/20 19:20:58.747: [sbi] DEBUG: ogs_sbi_nf_instance_remove() (../lib/sbi/context.c:870)
11/20 19:20:58.747: [sbi] DEBUG: [UNREF] 2 (../lib/sbi/context.c:873)
11/20 19:20:58.747: [sbi] DEBUG: ogs_sbi_nf_instance_remove() (../lib/sbi/context.c:870)
11/20 19:20:58.747: [sbi] DEBUG: [UNREF] 2 (../lib/sbi/context.c:873)
11/20 19:20:58.747: [amf] INFO: [Removed] Number of AMF-UEs is now 1 (../src/amf/context.c:1427)
11/20 19:20:58.747: [amf] INFO: [Removed] Number of gNB-UEs is now 0 (../src/amf/context.c:2246)
11/20 19:20:58.747: [gmm] DEBUG: gmm_state_exception(): EXIT (../src/amf/gmm-sm.c:1292)
11/20 19:20:58.747: [gmm] DEBUG: gmm_state_final(): EXIT (../src/amf/gmm-sm.c:49)
11/20 19:20:58.747: [thread] DEBUG: [0x56365ef26780] thread destroy (../lib/core/ogs-thread.c:123)
11/20 19:20:58.747: [sbi] DEBUG: ogs_sbi_nf_instance_remove() (../lib/sbi/context.c:870)
11/20 19:20:58.747: [sbi] DEBUG: [UNREF] 2 (../lib/sbi/context.c:873)
11/20 19:20:58.747: [thread] DEBUG: [0x56365ef26780] thread join (../lib/core/ogs-thread.c:132)
11/20 19:20:58.747: [amf] INFO: [Removed] Number of AMF-UEs is now 0 (../src/amf/context.c:1427)
11/20 19:20:58.747: [thread] DEBUG: [0x56365ef26780] thread done (../lib/core/ogs-thread.c:138)
11/20 19:20:58.747: [sbi] DEBUG: ogs_sbi_client_handler() failed [-4] (../lib/sbi/path.c:61)
11/20 19:20:58.748: [sbi] DEBUG: ogs_sbi_nf_instance_remove() (../lib/sbi/context.c:870)
11/20 19:20:58.748: [sbi] DEBUG: ogs_sbi_nf_instance_remove() (../lib/sbi/context.c:870)
11/20 19:20:58.748: [sbi] DEBUG: ogs_sbi_client_remove() [::1:7777] (../lib/sbi/client.c:153)
11/20 19:20:58.748: [sbi] DEBUG: [UNREF] 2 (../lib/sbi/client.c:157)
11/20 19:20:58.748: [sbi] DEBUG: ogs_sbi_nf_instance_remove() (../lib/sbi/context.c:870)
11/20 19:20:58.748: [sbi] DEBUG: ogs_sbi_nf_instance_remove() (../lib/sbi/context.c:870)
11/20 19:20:58.748: [sbi] DEBUG: ogs_sbi_client_remove() [127.0.0.12:7777] (../lib/sbi/client.c:153)
11/20 19:20:58.748: [sbi] DEBUG: [UNREF] 2 (../lib/sbi/client.c:157)
11/20 19:20:58.748: [sbi] DEBUG: ogs_sbi_client_remove() [127.0.0.12:80] (../lib/sbi/client.c:153)
11/20 19:20:58.748: [sbi] DEBUG: [UNREF] 2 (../lib/sbi/client.c:157)
11/20 19:20:58.748: [sbi] DEBUG: ogs_sbi_client_remove() [::1:7777] (../lib/sbi/client.c:153)
11/20 19:20:58.748: [sbi] DEBUG: ogs_sbi_client_remove() [127.0.0.12:80] (../lib/sbi/client.c:153)
11/20 19:20:58.748: [sbi] DEBUG: ogs_sbi_client_remove() [127.0.0.12:7777] (../lib/sbi/client.c:153)
11/20 19:20:58.748: [sbi] DEBUG: ogs_sbi_nf_instance_remove() (../lib/sbi/context.c:870)
11/20 19:20:58.748: [sbi] DEBUG: ogs_sbi_nf_instance_remove() (../lib/sbi/context.c:870)
11/20 19:20:58.748: [sbi] DEBUG: ogs_sbi_client_remove() [::1:7777] (../lib/sbi/client.c:153)
11/20 19:20:58.748: [sbi] DEBUG: [UNREF] 2 (../lib/sbi/client.c:157)
11/20 19:20:58.748: [sbi] DEBUG: ogs_sbi_nf_instance_remove() (../lib/sbi/context.c:870)
11/20 19:20:58.748: [sbi] DEBUG: ogs_sbi_client_remove() [::1:7777] (../lib/sbi/client.c:153)
11/20 19:20:58.749: [sbi] DEBUG: ogs_sbi_nf_instance_remove() (../lib/sbi/context.c:870)
11/20 19:20:58.749: [sbi] DEBUG: ogs_sbi_nf_instance_remove() (../lib/sbi/context.c:870)
11/20 19:20:58.749: [sbi] DEBUG: ogs_sbi_client_remove() [::1:7777] (../lib/sbi/client.c:153)
11/20 19:20:58.749: [sbi] DEBUG: [UNREF] 2 (../lib/sbi/client.c:157)
11/20 19:20:58.749: [sbi] DEBUG: ogs_sbi_nf_instance_remove() (../lib/sbi/context.c:870)
11/20 19:20:58.749: [sbi] DEBUG: ogs_sbi_nf_instance_remove() (../lib/sbi/context.c:870)
11/20 19:20:58.749: [sbi] DEBUG: ogs_sbi_client_remove() [127.0.0.11:7777] (../lib/sbi/client.c:153)
11/20 19:20:58.749: [sbi] DEBUG: [UNREF] 2 (../lib/sbi/client.c:157)
11/20 19:20:58.749: [sbi] DEBUG: ogs_sbi_client_remove() [127.0.0.11:80] (../lib/sbi/client.c:153)
11/20 19:20:58.749: [sbi] DEBUG: [UNREF] 2 (../lib/sbi/client.c:157)
11/20 19:20:58.749: [sbi] DEBUG: ogs_sbi_nf_instance_remove() (../lib/sbi/context.c:870)
11/20 19:20:58.749: [sbi] DEBUG: ogs_sbi_client_remove() [127.0.0.12:7777] (../lib/sbi/client.c:153)
11/20 19:20:58.749: [sbi] DEBUG: [UNREF] 3 (../lib/sbi/client.c:157)
11/20 19:20:58.749: [sbi] DEBUG: ogs_sbi_client_remove() [127.0.0.12:7777] (../lib/sbi/client.c:153)
11/20 19:20:58.749: [sbi] DEBUG: [UNREF] 2 (../lib/sbi/client.c:157)
11/20 19:20:58.749: [sbi] DEBUG: ogs_sbi_client_remove() [127.0.0.12:80] (../lib/sbi/client.c:153)
11/20 19:20:58.749: [sbi] DEBUG: [UNREF] 2 (../lib/sbi/client.c:157)
11/20 19:20:58.749: [sbi] DEBUG: ogs_sbi_nf_instance_remove() (../lib/sbi/context.c:870)
11/20 19:20:58.749: [sbi] DEBUG: ogs_sbi_client_remove() [127.0.0.13:7777] (../lib/sbi/client.c:153)
11/20 19:20:58.749: [sbi] DEBUG: [UNREF] 2 (../lib/sbi/client.c:157)
11/20 19:20:58.749: [sbi] DEBUG: ogs_sbi_client_remove() [127.0.0.13:80] (../lib/sbi/client.c:153)
11/20 19:20:58.749: [sbi] DEBUG: [UNREF] 2 (../lib/sbi/client.c:157)
11/20 19:20:58.749: [sbi] DEBUG: ogs_sbi_nf_instance_remove() (../lib/sbi/context.c:870)
11/20 19:20:58.749: [sbi] DEBUG: ogs_sbi_client_remove() [127.0.0.14:7777] (../lib/sbi/client.c:153)
11/20 19:20:58.749: [sbi] DEBUG: [UNREF] 2 (../lib/sbi/client.c:157)
11/20 19:20:58.749: [sbi] DEBUG: ogs_sbi_client_remove() [127.0.0.14:80] (../lib/sbi/client.c:153)
11/20 19:20:58.749: [sbi] DEBUG: [UNREF] 2 (../lib/sbi/client.c:157)
11/20 19:20:58.749: [sbi] DEBUG: ogs_sbi_nf_instance_remove() (../lib/sbi/context.c:870)
11/20 19:20:58.749: [sbi] DEBUG: ogs_sbi_client_remove() [127.0.0.4:7777] (../lib/sbi/client.c:153)
11/20 19:20:58.749: [sbi] DEBUG: [UNREF] 2 (../lib/sbi/client.c:157)
11/20 19:20:58.749: [sbi] DEBUG: ogs_sbi_client_remove() [127.0.0.4:80] (../lib/sbi/client.c:153)
11/20 19:20:58.749: [sbi] DEBUG: [UNREF] 2 (../lib/sbi/client.c:157)
11/20 19:20:58.749: [sbi] DEBUG: ogs_sbi_client_remove() [::1:7777] (../lib/sbi/client.c:153)
11/20 19:20:58.749: [sbi] DEBUG: ogs_sbi_client_remove() [127.0.0.11:80] (../lib/sbi/client.c:153)
11/20 19:20:58.749: [sbi] DEBUG: ogs_sbi_client_remove() [127.0.0.11:7777] (../lib/sbi/client.c:153)
11/20 19:20:58.749: [sbi] DEBUG: ogs_sbi_client_remove() [127.0.0.12:80] (../lib/sbi/client.c:153)
11/20 19:20:58.749: [sbi] DEBUG: ogs_sbi_client_remove() [127.0.0.12:7777] (../lib/sbi/client.c:153)
11/20 19:20:58.749: [sbi] DEBUG: ogs_sbi_client_remove() [127.0.0.13:80] (../lib/sbi/client.c:153)
11/20 19:20:58.749: [sbi] DEBUG: ogs_sbi_client_remove() [127.0.0.13:7777] (../lib/sbi/client.c:153)
11/20 19:20:58.749: [sbi] DEBUG: ogs_sbi_client_remove() [127.0.0.14:80] (../lib/sbi/client.c:153)
11/20 19:20:58.749: [sbi] DEBUG: ogs_sbi_client_remove() [127.0.0.14:7777] (../lib/sbi/client.c:153)
11/20 19:20:58.749: [sbi] DEBUG: ogs_sbi_client_remove() [127.0.0.10:7777] (../lib/sbi/client.c:153)
11/20 19:20:58.749: [sbi] DEBUG: ogs_sbi_client_remove() [127.0.0.4:80] (../lib/sbi/client.c:153)
11/20 19:20:58.749: [sbi] DEBUG: ogs_sbi_client_remove() [127.0.0.4:7777] (../lib/sbi/client.c:153)
11/20 19:20:58.750: [diam] DEBUG: pid:PSM/pcrf.localdomain in p_psm_th@p_psm.c:894: pcrf.localdomain: Going to ZOMBIE state (no more activity) after abnormal shutdown
 ((null):0)
11/20 19:20:58.750: [sbi] DEBUG: ogs_sbi_nf_instance_remove() (../lib/sbi/context.c:870)
11/20 19:20:58.750: [sbi] DEBUG: ogs_sbi_nf_instance_remove() (../lib/sbi/context.c:870)
11/20 19:20:58.750: [sbi] DEBUG: ogs_sbi_client_remove() [::1:7777] (../lib/sbi/client.c:153)
11/20 19:20:58.750: [sbi] DEBUG: [UNREF] 2 (../lib/sbi/client.c:157)
11/20 19:20:58.750: [sbi] DEBUG: ogs_sbi_nf_instance_remove() (../lib/sbi/context.c:870)
11/20 19:20:58.750: [sbi] DEBUG: ogs_sbi_nf_instance_remove() (../lib/sbi/context.c:870)
11/20 19:20:58.750: [sbi] DEBUG: ogs_sbi_client_remove() [127.0.0.20:7777] (../lib/sbi/client.c:153)
11/20 19:20:58.750: [sbi] DEBUG: [UNREF] 2 (../lib/sbi/client.c:157)
11/20 19:20:58.750: [sbi] DEBUG: ogs_sbi_client_remove() [127.0.0.20:80] (../lib/sbi/client.c:153)
11/20 19:20:58.750: [sbi] DEBUG: [UNREF] 2 (../lib/sbi/client.c:157)
11/20 19:20:58.750: [app] INFO: BSF terminate...done (../src/bsf/app.c:39)
11/20 19:20:58.750: [sbi] DEBUG: ogs_sbi_client_remove() [::1:7777] (../lib/sbi/client.c:153)
11/20 19:20:58.750: [app] INFO: AUSF terminate...done (../src/ausf/app.c:39)
11/20 19:20:58.751: [sbi] DEBUG: ogs_sbi_client_remove() [127.0.0.20:80] (../lib/sbi/client.c:153)
11/20 19:20:58.751: [sbi] DEBUG: ogs_sbi_client_remove() [127.0.0.20:7777] (../lib/sbi/client.c:153)
11/20 19:20:58.752: [sctp] INFO: AMF terminate...done (../src/amf/app.c:42)
11/20 19:20:58.753: [thread] DEBUG: [0x55ac153ca320] thread destroy (../lib/core/ogs-thread.c:123)
11/20 19:20:58.753: [thread] DEBUG: [0x55ac153ca320] thread join (../lib/core/ogs-thread.c:132)
11/20 19:20:58.753: [thread] DEBUG: [0x55ac153ca320] thread done (../lib/core/ogs-thread.c:138)
11/20 19:20:58.753: [sbi] DEBUG: ogs_sbi_client_handler() failed [-4] (../lib/sbi/path.c:61)
11/20 19:20:58.753: [sbi] DEBUG: ogs_sbi_nf_instance_remove() (../lib/sbi/context.c:870)
11/20 19:20:58.753: [sbi] DEBUG: ogs_sbi_nf_instance_remove() (../lib/sbi/context.c:870)
11/20 19:20:58.753: [sbi] DEBUG: ogs_sbi_client_remove() [::1:7777] (../lib/sbi/client.c:153)
11/20 19:20:58.753: [sbi] DEBUG: [UNREF] 2 (../lib/sbi/client.c:157)
11/20 19:20:58.753: [sbi] DEBUG: ogs_sbi_nf_instance_remove() (../lib/sbi/context.c:870)
11/20 19:20:58.754: [sbi] DEBUG: ogs_sbi_client_remove() [::1:7777] (../lib/sbi/client.c:153)
11/20 19:20:58.754: [sbi] DEBUG: ogs_sbi_nf_instance_remove() (../lib/sbi/context.c:870)
11/20 19:20:58.754: [sbi] DEBUG: ogs_sbi_nf_instance_remove() (../lib/sbi/context.c:870)
11/20 19:20:58.754: [sbi] DEBUG: ogs_sbi_client_remove() [::1:7777] (../lib/sbi/client.c:153)
11/20 19:20:58.754: [sbi] DEBUG: [UNREF] 2 (../lib/sbi/client.c:157)
11/20 19:20:58.754: [sbi] DEBUG: ogs_sbi_nf_instance_remove() (../lib/sbi/context.c:870)
11/20 19:20:58.754: [sbi] DEBUG: ogs_sbi_nf_instance_remove() (../lib/sbi/context.c:870)
11/20 19:20:58.754: [sbi] DEBUG: ogs_sbi_client_remove() [127.0.0.15:7777] (../lib/sbi/client.c:153)
11/20 19:20:58.754: [sbi] DEBUG: [UNREF] 2 (../lib/sbi/client.c:157)
11/20 19:20:58.754: [sbi] DEBUG: ogs_sbi_client_remove() [127.0.0.15:80] (../lib/sbi/client.c:153)
11/20 19:20:58.754: [sbi] DEBUG: [UNREF] 2 (../lib/sbi/client.c:157)
11/20 19:20:58.754: [sbi] DEBUG: ogs_sbi_nf_instance_remove() (../lib/sbi/context.c:870)
11/20 19:20:58.754: [sbi] DEBUG: ogs_sbi_client_remove() [127.0.0.20:7777] (../lib/sbi/client.c:153)
11/20 19:20:58.754: [sbi] DEBUG: [UNREF] 2 (../lib/sbi/client.c:157)
11/20 19:20:58.754: [sbi] DEBUG: ogs_sbi_client_remove() [127.0.0.20:80] (../lib/sbi/client.c:153)
11/20 19:20:58.754: [sbi] DEBUG: [UNREF] 2 (../lib/sbi/client.c:157)
11/20 19:20:58.754: [sbi] DEBUG: ogs_sbi_client_remove() [::1:7777] (../lib/sbi/client.c:153)
11/20 19:20:58.754: [sbi] DEBUG: ogs_sbi_client_remove() [127.0.0.15:80] (../lib/sbi/client.c:153)
11/20 19:20:58.754: [sbi] DEBUG: ogs_sbi_client_remove() [127.0.0.15:7777] (../lib/sbi/client.c:153)
11/20 19:20:58.754: [sbi] DEBUG: ogs_sbi_client_remove() [127.0.0.20:80] (../lib/sbi/client.c:153)
11/20 19:20:58.754: [sbi] DEBUG: ogs_sbi_client_remove() [127.0.0.20:7777] (../lib/sbi/client.c:153)
11/20 19:20:58.754: [sbi] DEBUG: ogs_sbi_client_remove() [127.0.0.5:7777] (../lib/sbi/client.c:153)
11/20 19:20:58.754: [sbi] DEBUG: ogs_sbi_client_remove() [127.0.0.4:7777] (../lib/sbi/client.c:153)
11/20 19:20:58.755: [app] INFO: UDM terminate...done (../src/udm/app.c:39)
11/20 19:20:58.756: [app] INFO: PCF terminate...done (../src/pcf/app.c:39)
11/20 19:20:58.771: [pfcp] DEBUG: [7] REMOTE Delete  peer [127.0.0.4]:8805 (../lib/pfcp/xact.c:813)
11/20 19:20:58.771: [app] INFO: UPF terminate...done (../src/upf/app.c:39)
11/20 21:53:50.539: [sock] ERROR: socket bind(2) [127.0.0.10]:7777 failed (98:Address already in use) (../lib/core/ogs-socket.c:111)
11/20 21:53:50.539: [sock] ERROR: tcp_server() [127.0.0.10]:7777 failed (98:Address already in use) (../lib/core/ogs-tcp.c:74)
11/20 21:53:50.539: [sbi] ERROR: Cannot start SBI server (../lib/sbi/nghttp2-server.c:132)
11/20 21:53:50.539: [app] ERROR: Failed to intialize NRF (../src/nrf/app.c:28)
11/20 21:53:50.539: [app] FATAL: Open5GS initialization failed. Aborted (../src/main.c:219)
11/20 21:53:50.542: [core] FATAL: child_main: Assertion `out_return_code == 0' failed. (../tests/common/application.c:106)
11/20 21:53:50.542: [core] FATAL: backtrace() returned 5 addresses (../lib/core/ogs-abort.c:37)
./build/tests/registration/registration(+0x519b1) [0x55deecae09b1]
/home/test/build/tests/registration/../../lib/core/libogscore.so.2(+0x106f3) [0x7f32c3abe6f3]
/lib/x86_64-linux-gnu/libpthread.so.0(+0x76db) [0x7f32c13016db]
/lib/x86_64-linux-gnu/libc.so.6(clone+0x3f) [0x7f32c102a61f]
11/20 21:54:05.930: [sbi] ERROR: SBI running [1] (../lib/sbi/context.c:1629)
11/20 21:54:05.930: [sbi] ERROR: SBI running [1] (../lib/sbi/context.c:1629)
11/20 21:54:05.937: [amf] ERROR: UE(amf_ue) Context has already been removed (../src/amf/amf-sm.c:388)
11/20 21:54:05.938: [amf] ERROR: UE(amf_ue) Context has already been removed (../src/amf/amf-sm.c:388)
11/20 21:54:05.939: [udm] ERROR: [suci-0-999-70-0-0-0-0010902010] No success (../src/udm/nudm-handler.c:201)
11/20 21:54:05.940: [ausf] ERROR: [suci-0-999-70-0-0-0-0010902010] HTTP response error [400] (../src/ausf/ue-sm.c:130)
11/20 21:54:05.940: [gmm] ERROR: [suci-0-999-70-0-0-0-0010902010] HTTP response error [400] (../src/amf/gmm-sm.c:706)
11/20 21:54:05.941: [gmm] ERROR: Unknown message [94] (../src/amf/gmm-sm.c:1414)
11/20 21:54:05.941: [gmm] ERROR: Unknown message [67] (../src/amf/gmm-sm.c:1414)
11/20 21:54:29.560: [sbi] ERROR: 1 in '&nf_instance_pool[64]' were not released. (../lib/sbi/context.c:93)
11/20 21:54:29.560: [sbi] ERROR: 1 in '&nf_service_pool[1024]' were not released. (../lib/sbi/context.c:94)
11/20 21:54:29.560: [sbi] ERROR: 2 in '&client_pool[64]' were not released. (../lib/sbi/client.c:94)
11/20 21:54:29.564: [event] ERROR: 2 in '&manager->pool[320000]' were not released. (../lib/core/ogs-timer.c:69)
11/20 21:54:56.441: [sbi] ERROR: SBI running [1] (../lib/sbi/context.c:1629)
11/20 21:54:56.446: [amf] ERROR: UE(amf_ue) Context has already been removed (../src/amf/amf-sm.c:388)
11/20 21:55:06.885: [sbi] ERROR: ogs_queue_push() failed:-4 (../lib/sbi/path.c:43)
11/20 21:55:06.889: [sbi] ERROR: 1 in '&nf_instance_pool[64]' were not released. (../lib/sbi/context.c:93)
11/20 21:55:06.889: [sbi] ERROR: 1 in '&nf_service_pool[1024]' were not released. (../lib/sbi/context.c:94)
11/20 21:55:06.890: [sbi] ERROR: 2 in '&client_pool[64]' were not released. (../lib/sbi/client.c:94)
11/20 21:55:06.893: [event] ERROR: 2 in '&manager->pool[320000]' were not released. (../lib/core/ogs-timer.c:69)
11/20 21:57:40.591: [sbi] ERROR: ogs_queue_push() failed:-4 (../lib/sbi/path.c:43)
11/20 21:57:48.107: [sbi] ERROR: ogs_queue_push() failed:-4 (../lib/sbi/path.c:43)
11/20 22:00:59.268: [sbi] ERROR: SBI running [1] (../lib/sbi/context.c:1629)
11/20 22:00:59.273: [amf] ERROR: UE(amf_ue) Context has already been removed (../src/amf/amf-sm.c:388)
11/20 22:02:11.484: [sbi] ERROR: ogs_queue_push() failed:-4 (../lib/sbi/path.c:43)
11/20 22:02:11.486: [sbi] ERROR: 1 in '&nf_instance_pool[64]' were not released. (../lib/sbi/context.c:93)
11/20 22:02:11.486: [sbi] ERROR: 1 in '&nf_service_pool[1024]' were not released. (../lib/sbi/context.c:94)
11/20 22:02:11.486: [sbi] ERROR: 2 in '&client_pool[64]' were not released. (../lib/sbi/client.c:94)
11/20 22:02:11.489: [event] ERROR: 2 in '&manager->pool[320000]' were not released. (../lib/core/ogs-timer.c:69)
11/20 23:26:52.138: [sock] ERROR: socket bind(2) [127.0.0.10]:7777 failed (98:Address already in use) (../lib/core/ogs-socket.c:111)
11/20 23:26:52.138: [sock] ERROR: tcp_server() [127.0.0.10]:7777 failed (98:Address already in use) (../lib/core/ogs-tcp.c:74)
11/20 23:26:52.138: [sbi] ERROR: Cannot start SBI server (../lib/sbi/nghttp2-server.c:132)
11/20 23:26:52.138: [app] ERROR: Failed to intialize NRF (../src/nrf/app.c:28)
11/20 23:26:52.138: [app] FATAL: Open5GS initialization failed. Aborted (../src/main.c:219)
11/20 23:26:52.141: [core] FATAL: child_main: Assertion `out_return_code == 0' failed. (../tests/common/application.c:106)
11/20 23:26:52.141: [core] FATAL: backtrace() returned 5 addresses (../lib/core/ogs-abort.c:37)
./build/tests/registration/registration(+0x519e9) [0x5564de8919e9]
/home/test/build/tests/registration/../../lib/core/libogscore.so.2(+0x106f3) [0x7fc07b8536f3]
/lib/x86_64-linux-gnu/libpthread.so.0(+0x76db) [0x7fc0790966db]
/lib/x86_64-linux-gnu/libc.so.6(clone+0x3f) [0x7fc078dbf61f]
11/20 23:42:02.593: [sock] ERROR: socket bind(2) [127.0.0.10]:7777 failed (98:Address already in use) (../lib/core/ogs-socket.c:111)
11/20 23:42:02.593: [sock] ERROR: tcp_server() [127.0.0.10]:7777 failed (98:Address already in use) (../lib/core/ogs-tcp.c:74)
11/20 23:42:02.593: [sbi] ERROR: Cannot start SBI server (../lib/sbi/nghttp2-server.c:132)
11/20 23:42:02.593: [app] ERROR: Failed to intialize NRF (../src/nrf/app.c:28)
11/20 23:42:02.593: [app] FATAL: Open5GS initialization failed. Aborted (../src/main.c:219)
11/20 23:42:02.597: [core] FATAL: child_main: Assertion `out_return_code == 0' failed. (../tests/common/application.c:106)
11/20 23:42:02.597: [core] FATAL: backtrace() returned 5 addresses (../lib/core/ogs-abort.c:37)
./build/tests/registration/registration(+0x5198d) [0x563861d0698d]
/home/test/build/tests/registration/../../lib/core/libogscore.so.2(+0x106f3) [0x7f5ee239f6f3]
/lib/x86_64-linux-gnu/libpthread.so.0(+0x76db) [0x7f5edfbe26db]
/lib/x86_64-linux-gnu/libc.so.6(clone+0x3f) [0x7f5edf90b61f]
11/20 23:53:52.965: [sbi] ERROR: ogs_queue_push() failed:-4 (../lib/sbi/path.c:43)
11/20 23:55:49.680: [sbi] ERROR: ogs_queue_push() failed:-4 (../lib/sbi/path.c:43)
11/21 00:01:13.277: [gmm] ERROR: No Security Context (../src/amf/gmm-sm.c:354)
11/21 00:01:15.272: [gmm] ERROR: Unknown message [103] (../src/amf/gmm-sm.c:1414)
11/21 00:01:25.947: [amf] ERROR: [5:0] Cannot receive SBI message (../src/amf/amf-sm.c:629)
11/21 00:01:25.947: [amf] ERROR: nas_5gs_send_to_downlink_nas_transport: Expectation `rv == OGS_OK' failed. (../src/amf/nas-path.c:66)
11/21 00:01:25.947: [amf] ERROR: nas_5gs_send_dl_nas_transport: Expectation `rv == OGS_OK' failed. (../src/amf/nas-path.c:621)
11/21 00:01:25.947: [amf] ERROR: nas_5gs_send_back_gsm_message: Expectation `rv == OGS_OK' failed. (../src/amf/nas-path.c:670)
11/21 00:01:25.947: [amf] ERROR: amf_state_operational: Expectation `OGS_OK == nas_5gs_send_back_gsm_message(sess, OGS_5GMM_CAUSE_PAYLOAD_WAS_NOT_FORWARDED, AMF_NAS_BACKOFF_TIME)' failed. (../src/amf/amf-sm.c:634)
11/21 00:01:25.947: [amf] ERROR: [5:0] Cannot receive SBI message (../src/amf/amf-sm.c:629)
11/21 00:01:25.947: [amf] ERROR: nas_5gs_send_to_downlink_nas_transport: Expectation `rv == OGS_OK' failed. (../src/amf/nas-path.c:66)
11/21 00:01:25.947: [amf] ERROR: nas_5gs_send_dl_nas_transport: Expectation `rv == OGS_OK' failed. (../src/amf/nas-path.c:621)
11/21 00:01:25.947: [amf] ERROR: nas_5gs_send_back_gsm_message: Expectation `rv == OGS_OK' failed. (../src/amf/nas-path.c:670)
11/21 00:01:25.947: [amf] ERROR: amf_state_operational: Expectation `OGS_OK == nas_5gs_send_back_gsm_message(sess, OGS_5GMM_CAUSE_PAYLOAD_WAS_NOT_FORWARDED, AMF_NAS_BACKOFF_TIME)' failed. (../src/amf/amf-sm.c:634)
11/21 00:01:25.947: [amf] ERROR: [5:0] Cannot receive SBI message (../src/amf/amf-sm.c:629)
11/21 00:01:25.947: [amf] ERROR: nas_5gs_send_to_downlink_nas_transport: Expectation `rv == OGS_OK' failed. (../src/amf/nas-path.c:66)
11/21 00:01:25.947: [amf] ERROR: nas_5gs_send_dl_nas_transport: Expectation `rv == OGS_OK' failed. (../src/amf/nas-path.c:621)
11/21 00:01:25.947: [amf] ERROR: nas_5gs_send_back_gsm_message: Expectation `rv == OGS_OK' failed. (../src/amf/nas-path.c:670)
11/21 00:01:25.947: [amf] ERROR: amf_state_operational: Expectation `OGS_OK == nas_5gs_send_back_gsm_message(sess, OGS_5GMM_CAUSE_PAYLOAD_WAS_NOT_FORWARDED, AMF_NAS_BACKOFF_TIME)' failed. (../src/amf/amf-sm.c:634)
11/21 00:01:25.947: [amf] ERROR: [5:0] Cannot receive SBI message (../src/amf/amf-sm.c:629)
11/21 00:01:25.947: [amf] ERROR: nas_5gs_send_to_downlink_nas_transport: Expectation `rv == OGS_OK' failed. (../src/amf/nas-path.c:66)
11/21 00:01:25.947: [amf] ERROR: nas_5gs_send_dl_nas_transport: Expectation `rv == OGS_OK' failed. (../src/amf/nas-path.c:621)
11/21 00:01:25.947: [amf] ERROR: nas_5gs_send_back_gsm_message: Expectation `rv == OGS_OK' failed. (../src/amf/nas-path.c:670)
11/21 00:01:25.947: [amf] ERROR: amf_state_operational: Expectation `OGS_OK == nas_5gs_send_back_gsm_message(sess, OGS_5GMM_CAUSE_PAYLOAD_WAS_NOT_FORWARDED, AMF_NAS_BACKOFF_TIME)' failed. (../src/amf/amf-sm.c:634)
11/21 00:01:25.947: [amf] ERROR: [5:0] Cannot receive SBI message (../src/amf/amf-sm.c:629)
11/21 00:01:25.947: [amf] ERROR: nas_5gs_send_to_downlink_nas_transport: Expectation `rv == OGS_OK' failed. (../src/amf/nas-path.c:66)
11/21 00:01:25.947: [amf] ERROR: nas_5gs_send_dl_nas_transport: Expectation `rv == OGS_OK' failed. (../src/amf/nas-path.c:621)
11/21 00:01:25.947: [amf] ERROR: nas_5gs_send_back_gsm_message: Expectation `rv == OGS_OK' failed. (../src/amf/nas-path.c:670)
11/21 00:01:25.947: [amf] ERROR: amf_state_operational: Expectation `OGS_OK == nas_5gs_send_back_gsm_message(sess, OGS_5GMM_CAUSE_PAYLOAD_WAS_NOT_FORWARDED, AMF_NAS_BACKOFF_TIME)' failed. (../src/amf/amf-sm.c:634)
11/21 00:01:25.947: [amf] ERROR: [5:0] Cannot receive SBI message (../src/amf/amf-sm.c:629)
11/21 00:01:25.947: [amf] ERROR: nas_5gs_send_to_downlink_nas_transport: Expectation `rv == OGS_OK' failed. (../src/amf/nas-path.c:66)
11/21 00:01:25.947: [amf] ERROR: nas_5gs_send_dl_nas_transport: Expectation `rv == OGS_OK' failed. (../src/amf/nas-path.c:621)
11/21 00:01:25.947: [amf] ERROR: nas_5gs_send_back_gsm_message: Expectation `rv == OGS_OK' failed. (../src/amf/nas-path.c:670)
11/21 00:01:25.947: [amf] ERROR: amf_state_operational: Expectation `OGS_OK == nas_5gs_send_back_gsm_message(sess, OGS_5GMM_CAUSE_PAYLOAD_WAS_NOT_FORWARDED, AMF_NAS_BACKOFF_TIME)' failed. (../src/amf/amf-sm.c:634)
11/21 00:01:25.947: [amf] ERROR: [5:0] Cannot receive SBI message (../src/amf/amf-sm.c:629)
11/21 00:01:25.947: [amf] ERROR: nas_5gs_send_to_downlink_nas_transport: Expectation `rv == OGS_OK' failed. (../src/amf/nas-path.c:66)
11/21 00:01:25.947: [amf] ERROR: nas_5gs_send_dl_nas_transport: Expectation `rv == OGS_OK' failed. (../src/amf/nas-path.c:621)
11/21 00:01:25.947: [amf] ERROR: nas_5gs_send_back_gsm_message: Expectation `rv == OGS_OK' failed. (../src/amf/nas-path.c:670)
11/21 00:01:25.947: [amf] ERROR: amf_state_operational: Expectation `OGS_OK == nas_5gs_send_back_gsm_message(sess, OGS_5GMM_CAUSE_PAYLOAD_WAS_NOT_FORWARDED, AMF_NAS_BACKOFF_TIME)' failed. (../src/amf/amf-sm.c:634)
11/21 00:01:25.948: [amf] ERROR: [5:0] Cannot receive SBI message (../src/amf/amf-sm.c:629)
11/21 00:01:25.948: [amf] ERROR: nas_5gs_send_to_downlink_nas_transport: Expectation `rv == OGS_OK' failed. (../src/amf/nas-path.c:66)
11/21 00:01:25.948: [amf] ERROR: nas_5gs_send_dl_nas_transport: Expectation `rv == OGS_OK' failed. (../src/amf/nas-path.c:621)
11/21 00:01:25.948: [amf] ERROR: nas_5gs_send_back_gsm_message: Expectation `rv == OGS_OK' failed. (../src/amf/nas-path.c:670)
11/21 00:01:25.948: [amf] ERROR: amf_state_operational: Expectation `OGS_OK == nas_5gs_send_back_gsm_message(sess, OGS_5GMM_CAUSE_PAYLOAD_WAS_NOT_FORWARDED, AMF_NAS_BACKOFF_TIME)' failed. (../src/amf/amf-sm.c:634)
11/21 00:01:25.948: [amf] ERROR: [5:0] Cannot receive SBI message (../src/amf/amf-sm.c:629)
11/21 00:01:25.948: [amf] ERROR: nas_5gs_send_to_downlink_nas_transport: Expectation `rv == OGS_OK' failed. (../src/amf/nas-path.c:66)
11/21 00:01:25.948: [amf] ERROR: nas_5gs_send_dl_nas_transport: Expectation `rv == OGS_OK' failed. (../src/amf/nas-path.c:621)
11/21 00:01:25.948: [amf] ERROR: nas_5gs_send_back_gsm_message: Expectation `rv == OGS_OK' failed. (../src/amf/nas-path.c:670)
11/21 00:01:25.948: [amf] ERROR: amf_state_operational: Expectation `OGS_OK == nas_5gs_send_back_gsm_message(sess, OGS_5GMM_CAUSE_PAYLOAD_WAS_NOT_FORWARDED, AMF_NAS_BACKOFF_TIME)' failed. (../src/amf/amf-sm.c:634)
11/21 00:01:25.948: [amf] ERROR: [5:0] Cannot receive SBI message (../src/amf/amf-sm.c:629)
11/21 00:01:25.948: [amf] ERROR: nas_5gs_send_to_downlink_nas_transport: Expectation `rv == OGS_OK' failed. (../src/amf/nas-path.c:66)
11/21 00:01:25.948: [amf] ERROR: nas_5gs_send_dl_nas_transport: Expectation `rv == OGS_OK' failed. (../src/amf/nas-path.c:621)
11/21 00:01:25.948: [amf] ERROR: nas_5gs_send_back_gsm_message: Expectation `rv == OGS_OK' failed. (../src/amf/nas-path.c:670)
11/21 00:01:25.948: [amf] ERROR: amf_state_operational: Expectation `OGS_OK == nas_5gs_send_back_gsm_message(sess, OGS_5GMM_CAUSE_PAYLOAD_WAS_NOT_FORWARDED, AMF_NAS_BACKOFF_TIME)' failed. (../src/amf/amf-sm.c:634)
11/21 00:01:25.948: [amf] ERROR: [5:0] Cannot receive SBI message (../src/amf/amf-sm.c:629)
11/21 00:01:25.948: [amf] ERROR: nas_5gs_send_to_downlink_nas_transport: Expectation `rv == OGS_OK' failed. (../src/amf/nas-path.c:66)
11/21 00:01:25.948: [amf] ERROR: nas_5gs_send_dl_nas_transport: Expectation `rv == OGS_OK' failed. (../src/amf/nas-path.c:621)
11/21 00:01:25.948: [amf] ERROR: nas_5gs_send_back_gsm_message: Expectation `rv == OGS_OK' failed. (../src/amf/nas-path.c:670)
11/21 00:01:25.948: [amf] ERROR: amf_state_operational: Expectation `OGS_OK == nas_5gs_send_back_gsm_message(sess, OGS_5GMM_CAUSE_PAYLOAD_WAS_NOT_FORWARDED, AMF_NAS_BACKOFF_TIME)' failed. (../src/amf/amf-sm.c:634)
11/21 00:01:25.948: [amf] ERROR: [5:0] Cannot receive SBI message (../src/amf/amf-sm.c:629)
11/21 00:01:25.948: [amf] ERROR: nas_5gs_send_to_downlink_nas_transport: Expectation `rv == OGS_OK' failed. (../src/amf/nas-path.c:66)
11/21 00:01:25.948: [amf] ERROR: nas_5gs_send_dl_nas_transport: Expectation `rv == OGS_OK' failed. (../src/amf/nas-path.c:621)
11/21 00:01:25.948: [amf] ERROR: nas_5gs_send_back_gsm_message: Expectation `rv == OGS_OK' failed. (../src/amf/nas-path.c:670)
11/21 00:01:25.948: [amf] ERROR: amf_state_operational: Expectation `OGS_OK == nas_5gs_send_back_gsm_message(sess, OGS_5GMM_CAUSE_PAYLOAD_WAS_NOT_FORWARDED, AMF_NAS_BACKOFF_TIME)' failed. (../src/amf/amf-sm.c:634)
11/21 00:01:25.948: [amf] ERROR: [5:0] Cannot receive SBI message (../src/amf/amf-sm.c:629)
11/21 00:01:25.948: [amf] ERROR: nas_5gs_send_to_downlink_nas_transport: Expectation `rv == OGS_OK' failed. (../src/amf/nas-path.c:66)
11/21 00:01:25.948: [amf] ERROR: nas_5gs_send_dl_nas_transport: Expectation `rv == OGS_OK' failed. (../src/amf/nas-path.c:621)
11/21 00:01:25.948: [amf] ERROR: nas_5gs_send_back_gsm_message: Expectation `rv == OGS_OK' failed. (../src/amf/nas-path.c:670)
11/21 00:01:25.948: [amf] ERROR: amf_state_operational: Expectation `OGS_OK == nas_5gs_send_back_gsm_message(sess, OGS_5GMM_CAUSE_PAYLOAD_WAS_NOT_FORWARDED, AMF_NAS_BACKOFF_TIME)' failed. (../src/amf/amf-sm.c:634)
11/21 00:01:25.948: [amf] ERROR: [5:0] Cannot receive SBI message (../src/amf/amf-sm.c:629)
11/21 00:01:25.948: [amf] ERROR: nas_5gs_send_to_downlink_nas_transport: Expectation `rv == OGS_OK' failed. (../src/amf/nas-path.c:66)
11/21 00:01:25.948: [amf] ERROR: nas_5gs_send_dl_nas_transport: Expectation `rv == OGS_OK' failed. (../src/amf/nas-path.c:621)
11/21 00:01:25.948: [amf] ERROR: nas_5gs_send_back_gsm_message: Expectation `rv == OGS_OK' failed. (../src/amf/nas-path.c:670)
11/21 00:01:25.948: [amf] ERROR: amf_state_operational: Expectation `OGS_OK == nas_5gs_send_back_gsm_message(sess, OGS_5GMM_CAUSE_PAYLOAD_WAS_NOT_FORWARDED, AMF_NAS_BACKOFF_TIME)' failed. (../src/amf/amf-sm.c:634)
11/21 00:01:25.948: [amf] ERROR: [5:0] Cannot receive SBI message (../src/amf/amf-sm.c:629)
11/21 00:01:25.948: [amf] ERROR: nas_5gs_send_to_downlink_nas_transport: Expectation `rv == OGS_OK' failed. (../src/amf/nas-path.c:66)
11/21 00:01:25.948: [amf] ERROR: nas_5gs_send_dl_nas_transport: Expectation `rv == OGS_OK' failed. (../src/amf/nas-path.c:621)
11/21 00:01:25.948: [amf] ERROR: nas_5gs_send_back_gsm_message: Expectation `rv == OGS_OK' failed. (../src/amf/nas-path.c:670)
11/21 00:01:25.948: [amf] ERROR: amf_state_operational: Expectation `OGS_OK == nas_5gs_send_back_gsm_message(sess, OGS_5GMM_CAUSE_PAYLOAD_WAS_NOT_FORWARDED, AMF_NAS_BACKOFF_TIME)' failed. (../src/amf/amf-sm.c:634)
11/21 00:01:25.948: [amf] ERROR: [5:0] Cannot receive SBI message (../src/amf/amf-sm.c:629)
11/21 00:01:25.948: [amf] ERROR: nas_5gs_send_to_downlink_nas_transport: Expectation `rv == OGS_OK' failed. (../src/amf/nas-path.c:66)
11/21 00:01:25.948: [amf] ERROR: nas_5gs_send_dl_nas_transport: Expectation `rv == OGS_OK' failed. (../src/amf/nas-path.c:621)
11/21 00:01:25.948: [amf] ERROR: nas_5gs_send_back_gsm_message: Expectation `rv == OGS_OK' failed. (../src/amf/nas-path.c:670)
11/21 00:01:25.948: [amf] ERROR: amf_state_operational: Expectation `OGS_OK == nas_5gs_send_back_gsm_message(sess, OGS_5GMM_CAUSE_PAYLOAD_WAS_NOT_FORWARDED, AMF_NAS_BACKOFF_TIME)' failed. (../src/amf/amf-sm.c:634)
11/21 00:01:25.948: [amf] ERROR: [5:0] Cannot receive SBI message (../src/amf/amf-sm.c:629)
11/21 00:01:25.948: [amf] ERROR: nas_5gs_send_to_downlink_nas_transport: Expectation `rv == OGS_OK' failed. (../src/amf/nas-path.c:66)
11/21 00:01:25.948: [amf] ERROR: nas_5gs_send_dl_nas_transport: Expectation `rv == OGS_OK' failed. (../src/amf/nas-path.c:621)
11/21 00:01:25.948: [amf] ERROR: nas_5gs_send_back_gsm_message: Expectation `rv == OGS_OK' failed. (../src/amf/nas-path.c:670)
11/21 00:01:25.948: [amf] ERROR: amf_state_operational: Expectation `OGS_OK == nas_5gs_send_back_gsm_message(sess, OGS_5GMM_CAUSE_PAYLOAD_WAS_NOT_FORWARDED, AMF_NAS_BACKOFF_TIME)' failed. (../src/amf/amf-sm.c:634)
11/21 00:01:25.948: [amf] ERROR: [5:0] Cannot receive SBI message (../src/amf/amf-sm.c:629)
11/21 00:01:25.948: [amf] ERROR: nas_5gs_send_to_downlink_nas_transport: Expectation `rv == OGS_OK' failed. (../src/amf/nas-path.c:66)
11/21 00:01:25.948: [amf] ERROR: nas_5gs_send_dl_nas_transport: Expectation `rv == OGS_OK' failed. (../src/amf/nas-path.c:621)
11/21 00:01:25.948: [amf] ERROR: nas_5gs_send_back_gsm_message: Expectation `rv == OGS_OK' failed. (../src/amf/nas-path.c:670)
11/21 00:01:25.948: [amf] ERROR: amf_state_operational: Expectation `OGS_OK == nas_5gs_send_back_gsm_message(sess, OGS_5GMM_CAUSE_PAYLOAD_WAS_NOT_FORWARDED, AMF_NAS_BACKOFF_TIME)' failed. (../src/amf/amf-sm.c:634)
11/21 00:01:25.948: [amf] ERROR: [5:0] Cannot receive SBI message (../src/amf/amf-sm.c:629)
11/21 00:01:25.948: [amf] ERROR: nas_5gs_send_to_downlink_nas_transport: Expectation `rv == OGS_OK' failed. (../src/amf/nas-path.c:66)
11/21 00:01:25.948: [amf] ERROR: nas_5gs_send_dl_nas_transport: Expectation `rv == OGS_OK' failed. (../src/amf/nas-path.c:621)
11/21 00:01:25.948: [amf] ERROR: nas_5gs_send_back_gsm_message: Expectation `rv == OGS_OK' failed. (../src/amf/nas-path.c:670)
11/21 00:01:25.948: [amf] ERROR: amf_state_operational: Expectation `OGS_OK == nas_5gs_send_back_gsm_message(sess, OGS_5GMM_CAUSE_PAYLOAD_WAS_NOT_FORWARDED, AMF_NAS_BACKOFF_TIME)' failed. (../src/amf/amf-sm.c:634)
11/21 00:01:25.948: [amf] ERROR: [5:0] Cannot receive SBI message (../src/amf/amf-sm.c:629)
11/21 00:01:25.949: [amf] ERROR: nas_5gs_send_to_downlink_nas_transport: Expectation `rv == OGS_OK' failed. (../src/amf/nas-path.c:66)
11/21 00:01:25.949: [amf] ERROR: nas_5gs_send_dl_nas_transport: Expectation `rv == OGS_OK' failed. (../src/amf/nas-path.c:621)
11/21 00:01:25.949: [amf] ERROR: nas_5gs_send_back_gsm_message: Expectation `rv == OGS_OK' failed. (../src/amf/nas-path.c:670)
11/21 00:01:25.949: [amf] ERROR: amf_state_operational: Expectation `OGS_OK == nas_5gs_send_back_gsm_message(sess, OGS_5GMM_CAUSE_PAYLOAD_WAS_NOT_FORWARDED, AMF_NAS_BACKOFF_TIME)' failed. (../src/amf/amf-sm.c:634)
11/21 00:01:25.949: [amf] ERROR: [5:0] Cannot receive SBI message (../src/amf/amf-sm.c:629)
11/21 00:01:25.949: [amf] ERROR: nas_5gs_send_to_downlink_nas_transport: Expectation `rv == OGS_OK' failed. (../src/amf/nas-path.c:66)
11/21 00:01:25.949: [amf] ERROR: nas_5gs_send_dl_nas_transport: Expectation `rv == OGS_OK' failed. (../src/amf/nas-path.c:621)
11/21 00:01:25.949: [amf] ERROR: nas_5gs_send_back_gsm_message: Expectation `rv == OGS_OK' failed. (../src/amf/nas-path.c:670)
11/21 00:01:25.949: [amf] ERROR: amf_state_operational: Expectation `OGS_OK == nas_5gs_send_back_gsm_message(sess, OGS_5GMM_CAUSE_PAYLOAD_WAS_NOT_FORWARDED, AMF_NAS_BACKOFF_TIME)' failed. (../src/amf/amf-sm.c:634)
11/21 00:01:25.949: [amf] ERROR: [5:0] Cannot receive SBI message (../src/amf/amf-sm.c:629)
11/21 00:01:25.949: [amf] ERROR: nas_5gs_send_to_downlink_nas_transport: Expectation `rv == OGS_OK' failed. (../src/amf/nas-path.c:66)
11/21 00:01:25.949: [amf] ERROR: nas_5gs_send_dl_nas_transport: Expectation `rv == OGS_OK' failed. (../src/amf/nas-path.c:621)
11/21 00:01:25.949: [amf] ERROR: nas_5gs_send_back_gsm_message: Expectation `rv == OGS_OK' failed. (../src/amf/nas-path.c:670)
11/21 00:01:25.949: [amf] ERROR: amf_state_operational: Expectation `OGS_OK == nas_5gs_send_back_gsm_message(sess, OGS_5GMM_CAUSE_PAYLOAD_WAS_NOT_FORWARDED, AMF_NAS_BACKOFF_TIME)' failed. (../src/amf/amf-sm.c:634)
11/21 00:01:25.949: [amf] ERROR: [5:0] Cannot receive SBI message (../src/amf/amf-sm.c:629)
11/21 00:01:25.949: [amf] ERROR: nas_5gs_send_to_downlink_nas_transport: Expectation `rv == OGS_OK' failed. (../src/amf/nas-path.c:66)
11/21 00:01:25.949: [amf] ERROR: nas_5gs_send_dl_nas_transport: Expectation `rv == OGS_OK' failed. (../src/amf/nas-path.c:621)
11/21 00:01:25.949: [amf] ERROR: nas_5gs_send_back_gsm_message: Expectation `rv == OGS_OK' failed. (../src/amf/nas-path.c:670)
11/21 00:01:25.949: [amf] ERROR: amf_state_operational: Expectation `OGS_OK == nas_5gs_send_back_gsm_message(sess, OGS_5GMM_CAUSE_PAYLOAD_WAS_NOT_FORWARDED, AMF_NAS_BACKOFF_TIME)' failed. (../src/amf/amf-sm.c:634)
11/21 00:01:25.949: [amf] ERROR: [5:0] Cannot receive SBI message (../src/amf/amf-sm.c:629)
11/21 00:01:25.949: [amf] ERROR: nas_5gs_send_to_downlink_nas_transport: Expectation `rv == OGS_OK' failed. (../src/amf/nas-path.c:66)
11/21 00:01:25.949: [amf] ERROR: nas_5gs_send_dl_nas_transport: Expectation `rv == OGS_OK' failed. (../src/amf/nas-path.c:621)
11/21 00:01:25.949: [amf] ERROR: nas_5gs_send_back_gsm_message: Expectation `rv == OGS_OK' failed. (../src/amf/nas-path.c:670)
11/21 00:01:25.949: [amf] ERROR: amf_state_operational: Expectation `OGS_OK == nas_5gs_send_back_gsm_message(sess, OGS_5GMM_CAUSE_PAYLOAD_WAS_NOT_FORWARDED, AMF_NAS_BACKOFF_TIME)' failed. (../src/amf/amf-sm.c:634)
11/21 00:01:25.949: [amf] ERROR: [5:0] Cannot receive SBI message (../src/amf/amf-sm.c:629)
11/21 00:01:25.949: [amf] ERROR: nas_5gs_send_to_downlink_nas_transport: Expectation `rv == OGS_OK' failed. (../src/amf/nas-path.c:66)
11/21 00:01:25.949: [amf] ERROR: nas_5gs_send_dl_nas_transport: Expectation `rv == OGS_OK' failed. (../src/amf/nas-path.c:621)
11/21 00:01:25.949: [amf] ERROR: nas_5gs_send_back_gsm_message: Expectation `rv == OGS_OK' failed. (../src/amf/nas-path.c:670)
11/21 00:01:25.949: [amf] ERROR: amf_state_operational: Expectation `OGS_OK == nas_5gs_send_back_gsm_message(sess, OGS_5GMM_CAUSE_PAYLOAD_WAS_NOT_FORWARDED, AMF_NAS_BACKOFF_TIME)' failed. (../src/amf/amf-sm.c:634)
11/21 00:01:25.949: [amf] ERROR: [5:0] Cannot receive SBI message (../src/amf/amf-sm.c:629)
11/21 00:01:25.949: [amf] ERROR: nas_5gs_send_to_downlink_nas_transport: Expectation `rv == OGS_OK' failed. (../src/amf/nas-path.c:66)
11/21 00:01:25.949: [amf] ERROR: nas_5gs_send_dl_nas_transport: Expectation `rv == OGS_OK' failed. (../src/amf/nas-path.c:621)
11/21 00:01:25.949: [amf] ERROR: nas_5gs_send_back_gsm_message: Expectation `rv == OGS_OK' failed. (../src/amf/nas-path.c:670)
11/21 00:01:25.949: [amf] ERROR: amf_state_operational: Expectation `OGS_OK == nas_5gs_send_back_gsm_message(sess, OGS_5GMM_CAUSE_PAYLOAD_WAS_NOT_FORWARDED, AMF_NAS_BACKOFF_TIME)' failed. (../src/amf/amf-sm.c:634)
11/21 00:01:25.949: [amf] ERROR: [5:0] Cannot receive SBI message (../src/amf/amf-sm.c:629)
11/21 00:01:25.949: [amf] ERROR: nas_5gs_send_to_downlink_nas_transport: Expectation `rv == OGS_OK' failed. (../src/amf/nas-path.c:66)
11/21 00:01:25.949: [amf] ERROR: nas_5gs_send_dl_nas_transport: Expectation `rv == OGS_OK' failed. (../src/amf/nas-path.c:621)
11/21 00:01:25.949: [amf] ERROR: nas_5gs_send_back_gsm_message: Expectation `rv == OGS_OK' failed. (../src/amf/nas-path.c:670)
11/21 00:01:25.949: [amf] ERROR: amf_state_operational: Expectation `OGS_OK == nas_5gs_send_back_gsm_message(sess, OGS_5GMM_CAUSE_PAYLOAD_WAS_NOT_FORWARDED, AMF_NAS_BACKOFF_TIME)' failed. (../src/amf/amf-sm.c:634)
